[04/24 17:42:07] [INFO   ] org.mutationtesting.major.plugin.MajorPluginTaskListener.<init>:
    Created MajorPluginTaskListener with options: [mml:../../major/mml/all.mml.bin]
[04/24 17:42:07] [INFO   ] org.mutationtesting.major.mutation.Mutator.initOperatorSymbols:
    Initializing operator symbols for opcode mapping
[04/24 17:42:07] [INFO   ] org.mutationtesting.major.mutation.Mutator.mutateTree:
    Mutating tree: Env[AttrContext[Scope[super, this]],outer=Env[AttrContext[Scope[g0001_0100.s0064_minimum_path_sum.Solution]]]]
[04/24 17:42:07] [INFO   ] org.mutationtesting.major.mutation.Mutator.visitClassDef:
    CLASS: g0001_0100.s0064_minimum_path_sum.Solution
[04/24 17:42:07] [INFO   ] org.mutationtesting.major.mutation.Mutator.visitMethodDef:
    METHOD: <init>([])null
[04/24 17:42:07] [INFO   ] org.mutationtesting.major.mutation.Mutator.visitMethodDef:
    METHOD: minPathSum([int[][] grid])int
[04/24 17:42:07] [INFO   ] org.mutationtesting.major.mutation.Mutator.nextMutant:
    Creating mutant 1
[04/24 17:42:07] [INFO   ] org.mutationtesting.major.mutation.Mutator.logMutant:
    Logging mutant 1: Solution.minPathSum(line 10, col 25)
            mutation operator group:   ROR
            mutation operator:         ==(int,int) |==> <=(int,int)
            original:                  grid.length == 1 
            mutant:                    grid.length <= 1
[04/24 17:42:07] [INFO   ] org.mutationtesting.major.mutation.Mutator.nextMutant:
    Creating mutant 2
[04/24 17:42:07] [INFO   ] org.mutationtesting.major.mutation.Mutator.logMutant:
    Logging mutant 2: Solution.minPathSum(line 10, col 25)
            mutation operator group:   ROR
            mutation operator:         ==(int,int) |==> >=(int,int)
            original:                  grid.length == 1 
            mutant:                    grid.length >= 1
[04/24 17:42:07] [INFO   ] org.mutationtesting.major.mutation.Mutator.nextMutant:
    Creating mutant 3
[04/24 17:42:07] [INFO   ] org.mutationtesting.major.mutation.Mutator.logMutant:
    Logging mutant 3: Solution.minPathSum(line 10, col 25)
            mutation operator group:   ROR
            mutation operator:         ==(int,int) |==> FALSE(int,int)
            original:                  grid.length == 1 
            mutant:                    false
[04/24 17:42:07] [INFO   ] org.mutationtesting.major.mutation.Mutator.nextMutant:
    Creating mutant 4
[04/24 17:42:07] [INFO   ] org.mutationtesting.major.mutation.Mutator.logMutant:
    Logging mutant 4: Solution.minPathSum(line 10, col 48)
            mutation operator group:   ROR
            mutation operator:         ==(int,int) |==> <=(int,int)
            original:                  grid[0].length == 1 
            mutant:                    grid[0].length <= 1
[04/24 17:42:07] [INFO   ] org.mutationtesting.major.mutation.Mutator.nextMutant:
    Creating mutant 5
[04/24 17:42:07] [INFO   ] org.mutationtesting.major.mutation.Mutator.logMutant:
    Logging mutant 5: Solution.minPathSum(line 10, col 48)
            mutation operator group:   ROR
            mutation operator:         ==(int,int) |==> >=(int,int)
            original:                  grid[0].length == 1 
            mutant:                    grid[0].length >= 1
[04/24 17:42:07] [INFO   ] org.mutationtesting.major.mutation.Mutator.nextMutant:
    Creating mutant 6
[04/24 17:42:07] [INFO   ] org.mutationtesting.major.mutation.Mutator.logMutant:
    Logging mutant 6: Solution.minPathSum(line 10, col 48)
            mutation operator group:   ROR
            mutation operator:         ==(int,int) |==> FALSE(int,int)
            original:                  grid[0].length == 1 
            mutant:                    false
[04/24 17:42:07] [INFO   ] org.mutationtesting.major.mutation.Mutator.nextMutant:
    Creating mutant 7
[04/24 17:42:07] [INFO   ] org.mutationtesting.major.mutation.Mutator.logMutant:
    Logging mutant 7: Solution.minPathSum(line 10, col 30)
            mutation operator group:   COR
            mutation operator:         &&(boolean,boolean) |==> ==(boolean,boolean)
            original:                  grid.length == 1 && grid[0].length == 1 
            mutant:                    grid.length == 1 == (grid[0].length == 1)
[04/24 17:42:07] [INFO   ] org.mutationtesting.major.mutation.Mutator.nextMutant:
    Creating mutant 8
[04/24 17:42:07] [INFO   ] org.mutationtesting.major.mutation.Mutator.logMutant:
    Logging mutant 8: Solution.minPathSum(line 10, col 30)
            mutation operator group:   COR
            mutation operator:         &&(boolean,boolean) |==> FALSE(boolean,boolean)
            original:                  grid.length == 1 && grid[0].length == 1 
            mutant:                    false
[04/24 17:42:07] [INFO   ] org.mutationtesting.major.mutation.Mutator.nextMutant:
    Creating mutant 9
[04/24 17:42:07] [INFO   ] org.mutationtesting.major.mutation.Mutator.logMutant:
    Logging mutant 9: Solution.minPathSum(line 10, col 25)
            mutation operator group:   COR
            mutation operator:         &&(boolean,boolean) |==> LHS(boolean,boolean)
            original:                  grid.length == 1 && grid[0].length == 1 
            mutant:                    grid.length == 1
[04/24 17:42:07] [INFO   ] org.mutationtesting.major.mutation.Mutator.nextMutant:
    Creating mutant 10
[04/24 17:42:07] [INFO   ] org.mutationtesting.major.mutation.Mutator.logMutant:
    Logging mutant 10: Solution.minPathSum(line 10, col 48)
            mutation operator group:   COR
            mutation operator:         &&(boolean,boolean) |==> RHS(boolean,boolean)
            original:                  grid.length == 1 && grid[0].length == 1 
            mutant:                    grid[0].length == 1
[04/24 17:42:07] [INFO   ] org.mutationtesting.major.mutation.Mutator.nextMutant:
    Creating mutant 11
[04/24 17:42:07] [INFO   ] org.mutationtesting.major.mutation.Mutator.logMutantSTD:
    Logging mutantSTD 11: (STD) return grid[0][0]; -> <NO-OP>
[04/24 17:42:07] [INFO   ] org.mutationtesting.major.mutation.Mutator.nextMutant:
    Creating mutant 12
[04/24 17:42:07] [INFO   ] org.mutationtesting.major.mutation.Mutator.logMutant:
    Logging mutant 12: Solution.minPathSum(line 15, col 34)
            mutation operator group:   AOR
            mutation operator:         -(int,int) |==> %(int,int)
            original:                  grid.length - 1 
            mutant:                    grid.length % 1
[04/24 17:42:07] [INFO   ] org.mutationtesting.major.mutation.Mutator.nextMutant:
    Creating mutant 13
[04/24 17:42:07] [INFO   ] org.mutationtesting.major.mutation.Mutator.logMutant:
    Logging mutant 13: Solution.minPathSum(line 15, col 34)
            mutation operator group:   AOR
            mutation operator:         -(int,int) |==> *(int,int)
            original:                  grid.length - 1 
            mutant:                    grid.length * 1
[04/24 17:42:07] [INFO   ] org.mutationtesting.major.mutation.Mutator.nextMutant:
    Creating mutant 14
[04/24 17:42:07] [INFO   ] org.mutationtesting.major.mutation.Mutator.logMutant:
    Logging mutant 14: Solution.minPathSum(line 15, col 34)
            mutation operator group:   AOR
            mutation operator:         -(int,int) |==> +(int,int)
            original:                  grid.length - 1 
            mutant:                    grid.length + 1
[04/24 17:42:07] [INFO   ] org.mutationtesting.major.mutation.Mutator.nextMutant:
    Creating mutant 15
[04/24 17:42:07] [INFO   ] org.mutationtesting.major.mutation.Mutator.logMutant:
    Logging mutant 15: Solution.minPathSum(line 15, col 34)
            mutation operator group:   AOR
            mutation operator:         -(int,int) |==> /(int,int)
            original:                  grid.length - 1 
            mutant:                    grid.length / 1
[04/24 17:42:07] [INFO   ] org.mutationtesting.major.mutation.Mutator.nextMutant:
    Creating mutant 16
[04/24 17:42:07] [INFO   ] org.mutationtesting.major.mutation.Mutator.logMutant:
    Logging mutant 16: Solution.minPathSum(line 15, col 41)
            mutation operator group:   ROR
            mutation operator:         >=(int,int) |==> ==(int,int)
            original:                  r >= 0 
            mutant:                    r == 0
[04/24 17:42:07] [INFO   ] org.mutationtesting.major.mutation.Mutator.nextMutant:
    Creating mutant 17
[04/24 17:42:07] [INFO   ] org.mutationtesting.major.mutation.Mutator.logMutant:
    Logging mutant 17: Solution.minPathSum(line 15, col 41)
            mutation operator group:   ROR
            mutation operator:         >=(int,int) |==> >(int,int)
            original:                  r >= 0 
            mutant:                    r > 0
[04/24 17:42:07] [INFO   ] org.mutationtesting.major.mutation.Mutator.nextMutant:
    Creating mutant 18
[04/24 17:42:07] [INFO   ] org.mutationtesting.major.mutation.Mutator.logMutant:
    Logging mutant 18: Solution.minPathSum(line 15, col 41)
            mutation operator group:   ROR
            mutation operator:         >=(int,int) |==> TRUE(int,int)
            original:                  r >= 0 
            mutant:                    true
[04/24 17:42:07] [INFO   ] org.mutationtesting.major.mutation.Mutator.nextMutant:
    Creating mutant 19
[04/24 17:42:07] [INFO   ] org.mutationtesting.major.mutation.Mutator.logMutant:
    Logging mutant 19: Solution.minPathSum(line 16, col 34)
            mutation operator group:   AOR
            mutation operator:         -(int,int) |==> %(int,int)
            original:                  grid[0].length - 1 
            mutant:                    grid[0].length % 1
[04/24 17:42:07] [INFO   ] org.mutationtesting.major.mutation.Mutator.nextMutant:
    Creating mutant 20
[04/24 17:42:07] [INFO   ] org.mutationtesting.major.mutation.Mutator.logMutant:
    Logging mutant 20: Solution.minPathSum(line 16, col 34)
            mutation operator group:   AOR
            mutation operator:         -(int,int) |==> *(int,int)
            original:                  grid[0].length - 1 
            mutant:                    grid[0].length * 1
[04/24 17:42:07] [INFO   ] org.mutationtesting.major.mutation.Mutator.nextMutant:
    Creating mutant 21
[04/24 17:42:07] [INFO   ] org.mutationtesting.major.mutation.Mutator.logMutant:
    Logging mutant 21: Solution.minPathSum(line 16, col 34)
            mutation operator group:   AOR
            mutation operator:         -(int,int) |==> +(int,int)
            original:                  grid[0].length - 1 
            mutant:                    grid[0].length + 1
[04/24 17:42:07] [INFO   ] org.mutationtesting.major.mutation.Mutator.nextMutant:
    Creating mutant 22
[04/24 17:42:07] [INFO   ] org.mutationtesting.major.mutation.Mutator.logMutant:
    Logging mutant 22: Solution.minPathSum(line 16, col 34)
            mutation operator group:   AOR
            mutation operator:         -(int,int) |==> /(int,int)
            original:                  grid[0].length - 1 
            mutant:                    grid[0].length / 1
[04/24 17:42:07] [INFO   ] org.mutationtesting.major.mutation.Mutator.nextMutant:
    Creating mutant 23
[04/24 17:42:07] [INFO   ] org.mutationtesting.major.mutation.Mutator.logMutant:
    Logging mutant 23: Solution.minPathSum(line 16, col 64)
            mutation operator group:   AOR
            mutation operator:         -(int,int) |==> %(int,int)
            original:                  grid[0].length - 1 
            mutant:                    grid[0].length % 1
[04/24 17:42:07] [INFO   ] org.mutationtesting.major.mutation.Mutator.nextMutant:
    Creating mutant 24
[04/24 17:42:07] [INFO   ] org.mutationtesting.major.mutation.Mutator.logMutant:
    Logging mutant 24: Solution.minPathSum(line 16, col 64)
            mutation operator group:   AOR
            mutation operator:         -(int,int) |==> *(int,int)
            original:                  grid[0].length - 1 
            mutant:                    grid[0].length * 1
[04/24 17:42:07] [INFO   ] org.mutationtesting.major.mutation.Mutator.nextMutant:
    Creating mutant 25
[04/24 17:42:07] [INFO   ] org.mutationtesting.major.mutation.Mutator.logMutant:
    Logging mutant 25: Solution.minPathSum(line 16, col 64)
            mutation operator group:   AOR
            mutation operator:         -(int,int) |==> +(int,int)
            original:                  grid[0].length - 1 
            mutant:                    grid[0].length + 1
[04/24 17:42:07] [INFO   ] org.mutationtesting.major.mutation.Mutator.nextMutant:
    Creating mutant 26
[04/24 17:42:07] [INFO   ] org.mutationtesting.major.mutation.Mutator.logMutant:
    Logging mutant 26: Solution.minPathSum(line 16, col 64)
            mutation operator group:   AOR
            mutation operator:         -(int,int) |==> /(int,int)
            original:                  grid[0].length - 1 
            mutant:                    grid[0].length / 1
[04/24 17:42:07] [INFO   ] org.mutationtesting.major.mutation.Mutator.nextMutant:
    Creating mutant 27
[04/24 17:42:07] [INFO   ] org.mutationtesting.major.mutation.Mutator.logMutant:
    Logging mutant 27: Solution.minPathSum(line 16, col 69)
            mutation operator group:   AOR
            mutation operator:         +(int,int) |==> %(int,int)
            original:                  grid[r][grid[0].length - 1] + s 
            mutant:                    grid[r][grid[0].length - 1] % s
[04/24 17:42:07] [INFO   ] org.mutationtesting.major.mutation.Mutator.nextMutant:
    Creating mutant 28
[04/24 17:42:07] [INFO   ] org.mutationtesting.major.mutation.Mutator.logMutant:
    Logging mutant 28: Solution.minPathSum(line 16, col 69)
            mutation operator group:   AOR
            mutation operator:         +(int,int) |==> *(int,int)
            original:                  grid[r][grid[0].length - 1] + s 
            mutant:                    grid[r][grid[0].length - 1] * s
[04/24 17:42:07] [INFO   ] org.mutationtesting.major.mutation.Mutator.nextMutant:
    Creating mutant 29
[04/24 17:42:07] [INFO   ] org.mutationtesting.major.mutation.Mutator.logMutant:
    Logging mutant 29: Solution.minPathSum(line 16, col 69)
            mutation operator group:   AOR
            mutation operator:         +(int,int) |==> -(int,int)
            original:                  grid[r][grid[0].length - 1] + s 
            mutant:                    grid[r][grid[0].length - 1] - s
[04/24 17:42:07] [INFO   ] org.mutationtesting.major.mutation.Mutator.nextMutant:
    Creating mutant 30
[04/24 17:42:07] [INFO   ] org.mutationtesting.major.mutation.Mutator.logMutant:
    Logging mutant 30: Solution.minPathSum(line 16, col 69)
            mutation operator group:   AOR
            mutation operator:         +(int,int) |==> /(int,int)
            original:                  grid[r][grid[0].length - 1] + s 
            mutant:                    grid[r][grid[0].length - 1] / s
[04/24 17:42:07] [INFO   ] org.mutationtesting.major.mutation.Mutator.nextMutant:
    Creating mutant 31
[04/24 17:42:07] [INFO   ] org.mutationtesting.major.mutation.Mutator.logMutantSTD:
    Logging mutantSTD 31: (STD) dm[r][grid[0].length - 1] = grid[r][grid[0].length - 1] + s; -> <NO-OP>
[04/24 17:42:07] [INFO   ] org.mutationtesting.major.mutation.Mutator.nextMutant:
    Creating mutant 32
[04/24 17:42:07] [INFO   ] org.mutationtesting.major.mutation.Mutator.logMutant:
    Logging mutant 32: Solution.minPathSum(line 17, col 41)
            mutation operator group:   AOR
            mutation operator:         -(int,int) |==> %(int,int)
            original:                  grid[0].length - 1 
            mutant:                    grid[0].length % 1
[04/24 17:42:07] [INFO   ] org.mutationtesting.major.mutation.Mutator.nextMutant:
    Creating mutant 33
[04/24 17:42:07] [INFO   ] org.mutationtesting.major.mutation.Mutator.logMutant:
    Logging mutant 33: Solution.minPathSum(line 17, col 41)
            mutation operator group:   AOR
            mutation operator:         -(int,int) |==> *(int,int)
            original:                  grid[0].length - 1 
            mutant:                    grid[0].length * 1
[04/24 17:42:07] [INFO   ] org.mutationtesting.major.mutation.Mutator.nextMutant:
    Creating mutant 34
[04/24 17:42:07] [INFO   ] org.mutationtesting.major.mutation.Mutator.logMutant:
    Logging mutant 34: Solution.minPathSum(line 17, col 41)
            mutation operator group:   AOR
            mutation operator:         -(int,int) |==> +(int,int)
            original:                  grid[0].length - 1 
            mutant:                    grid[0].length + 1
[04/24 17:42:07] [INFO   ] org.mutationtesting.major.mutation.Mutator.nextMutant:
    Creating mutant 35
[04/24 17:42:07] [INFO   ] org.mutationtesting.major.mutation.Mutator.logMutant:
    Logging mutant 35: Solution.minPathSum(line 17, col 41)
            mutation operator group:   AOR
            mutation operator:         -(int,int) |==> /(int,int)
            original:                  grid[0].length - 1 
            mutant:                    grid[0].length / 1
[04/24 17:42:07] [INFO   ] org.mutationtesting.major.mutation.Mutator.nextMutant:
    Creating mutant 36
[04/24 17:42:07] [INFO   ] org.mutationtesting.major.mutation.Mutator.logMutantSTD:
    Logging mutantSTD 36: (STD) s += grid[r][grid[0].length - 1]; -> <NO-OP>
[04/24 17:42:07] [INFO   ] org.mutationtesting.major.mutation.Mutator.nextMutant:
    Creating mutant 37
[04/24 17:42:07] [INFO   ] org.mutationtesting.major.mutation.Mutator.logMutantSTD:
    Logging mutantSTD 37: (STD) s = 0; -> <NO-OP>
[04/24 17:42:07] [INFO   ] org.mutationtesting.major.mutation.Mutator.nextMutant:
    Creating mutant 38
[04/24 17:42:07] [INFO   ] org.mutationtesting.major.mutation.Mutator.logMutant:
    Logging mutant 38: Solution.minPathSum(line 20, col 37)
            mutation operator group:   AOR
            mutation operator:         -(int,int) |==> %(int,int)
            original:                  grid[0].length - 1 
            mutant:                    grid[0].length % 1
[04/24 17:42:07] [INFO   ] org.mutationtesting.major.mutation.Mutator.nextMutant:
    Creating mutant 39
[04/24 17:42:07] [INFO   ] org.mutationtesting.major.mutation.Mutator.logMutant:
    Logging mutant 39: Solution.minPathSum(line 20, col 37)
            mutation operator group:   AOR
            mutation operator:         -(int,int) |==> *(int,int)
            original:                  grid[0].length - 1 
            mutant:                    grid[0].length * 1
[04/24 17:42:07] [INFO   ] org.mutationtesting.major.mutation.Mutator.nextMutant:
    Creating mutant 40
[04/24 17:42:07] [INFO   ] org.mutationtesting.major.mutation.Mutator.logMutant:
    Logging mutant 40: Solution.minPathSum(line 20, col 37)
            mutation operator group:   AOR
            mutation operator:         -(int,int) |==> +(int,int)
            original:                  grid[0].length - 1 
            mutant:                    grid[0].length + 1
[04/24 17:42:07] [INFO   ] org.mutationtesting.major.mutation.Mutator.nextMutant:
    Creating mutant 41
[04/24 17:42:07] [INFO   ] org.mutationtesting.major.mutation.Mutator.logMutant:
    Logging mutant 41: Solution.minPathSum(line 20, col 37)
            mutation operator group:   AOR
            mutation operator:         -(int,int) |==> /(int,int)
            original:                  grid[0].length - 1 
            mutant:                    grid[0].length / 1
[04/24 17:42:07] [INFO   ] org.mutationtesting.major.mutation.Mutator.nextMutant:
    Creating mutant 42
[04/24 17:42:07] [INFO   ] org.mutationtesting.major.mutation.Mutator.logMutant:
    Logging mutant 42: Solution.minPathSum(line 20, col 44)
            mutation operator group:   ROR
            mutation operator:         >=(int,int) |==> ==(int,int)
            original:                  c >= 0 
            mutant:                    c == 0
[04/24 17:42:07] [INFO   ] org.mutationtesting.major.mutation.Mutator.nextMutant:
    Creating mutant 43
[04/24 17:42:07] [INFO   ] org.mutationtesting.major.mutation.Mutator.logMutant:
    Logging mutant 43: Solution.minPathSum(line 20, col 44)
            mutation operator group:   ROR
            mutation operator:         >=(int,int) |==> >(int,int)
            original:                  c >= 0 
            mutant:                    c > 0
[04/24 17:42:07] [INFO   ] org.mutationtesting.major.mutation.Mutator.nextMutant:
    Creating mutant 44
[04/24 17:42:07] [INFO   ] org.mutationtesting.major.mutation.Mutator.logMutant:
    Logging mutant 44: Solution.minPathSum(line 20, col 44)
            mutation operator group:   ROR
            mutation operator:         >=(int,int) |==> TRUE(int,int)
            original:                  c >= 0 
            mutant:                    true
[04/24 17:42:07] [INFO   ] org.mutationtesting.major.mutation.Mutator.nextMutant:
    Creating mutant 45
[04/24 17:42:07] [INFO   ] org.mutationtesting.major.mutation.Mutator.logMutant:
    Logging mutant 45: Solution.minPathSum(line 21, col 28)
            mutation operator group:   AOR
            mutation operator:         -(int,int) |==> %(int,int)
            original:                  grid.length - 1 
            mutant:                    grid.length % 1
[04/24 17:42:07] [INFO   ] org.mutationtesting.major.mutation.Mutator.nextMutant:
    Creating mutant 46
[04/24 17:42:07] [INFO   ] org.mutationtesting.major.mutation.Mutator.logMutant:
    Logging mutant 46: Solution.minPathSum(line 21, col 28)
            mutation operator group:   AOR
            mutation operator:         -(int,int) |==> *(int,int)
            original:                  grid.length - 1 
            mutant:                    grid.length * 1
[04/24 17:42:07] [INFO   ] org.mutationtesting.major.mutation.Mutator.nextMutant:
    Creating mutant 47
[04/24 17:42:07] [INFO   ] org.mutationtesting.major.mutation.Mutator.logMutant:
    Logging mutant 47: Solution.minPathSum(line 21, col 28)
            mutation operator group:   AOR
            mutation operator:         -(int,int) |==> +(int,int)
            original:                  grid.length - 1 
            mutant:                    grid.length + 1
[04/24 17:42:07] [INFO   ] org.mutationtesting.major.mutation.Mutator.nextMutant:
    Creating mutant 48
[04/24 17:42:07] [INFO   ] org.mutationtesting.major.mutation.Mutator.logMutant:
    Logging mutant 48: Solution.minPathSum(line 21, col 28)
            mutation operator group:   AOR
            mutation operator:         -(int,int) |==> /(int,int)
            original:                  grid.length - 1 
            mutant:                    grid.length / 1
[04/24 17:42:07] [INFO   ] org.mutationtesting.major.mutation.Mutator.nextMutant:
    Creating mutant 49
[04/24 17:42:07] [INFO   ] org.mutationtesting.major.mutation.Mutator.logMutant:
    Logging mutant 49: Solution.minPathSum(line 21, col 55)
            mutation operator group:   AOR
            mutation operator:         -(int,int) |==> %(int,int)
            original:                  grid.length - 1 
            mutant:                    grid.length % 1
[04/24 17:42:07] [INFO   ] org.mutationtesting.major.mutation.Mutator.nextMutant:
    Creating mutant 50
[04/24 17:42:07] [INFO   ] org.mutationtesting.major.mutation.Mutator.logMutant:
    Logging mutant 50: Solution.minPathSum(line 21, col 55)
            mutation operator group:   AOR
            mutation operator:         -(int,int) |==> *(int,int)
            original:                  grid.length - 1 
            mutant:                    grid.length * 1
[04/24 17:42:07] [INFO   ] org.mutationtesting.major.mutation.Mutator.nextMutant:
    Creating mutant 51
[04/24 17:42:07] [INFO   ] org.mutationtesting.major.mutation.Mutator.logMutant:
    Logging mutant 51: Solution.minPathSum(line 21, col 55)
            mutation operator group:   AOR
            mutation operator:         -(int,int) |==> +(int,int)
            original:                  grid.length - 1 
            mutant:                    grid.length + 1
[04/24 17:42:07] [INFO   ] org.mutationtesting.major.mutation.Mutator.nextMutant:
    Creating mutant 52
[04/24 17:42:07] [INFO   ] org.mutationtesting.major.mutation.Mutator.logMutant:
    Logging mutant 52: Solution.minPathSum(line 21, col 55)
            mutation operator group:   AOR
            mutation operator:         -(int,int) |==> /(int,int)
            original:                  grid.length - 1 
            mutant:                    grid.length / 1
[04/24 17:42:07] [INFO   ] org.mutationtesting.major.mutation.Mutator.nextMutant:
    Creating mutant 53
[04/24 17:42:07] [INFO   ] org.mutationtesting.major.mutation.Mutator.logMutant:
    Logging mutant 53: Solution.minPathSum(line 21, col 63)
            mutation operator group:   AOR
            mutation operator:         +(int,int) |==> %(int,int)
            original:                  grid[grid.length - 1][c] + s 
            mutant:                    grid[grid.length - 1][c] % s
[04/24 17:42:07] [INFO   ] org.mutationtesting.major.mutation.Mutator.nextMutant:
    Creating mutant 54
[04/24 17:42:07] [INFO   ] org.mutationtesting.major.mutation.Mutator.logMutant:
    Logging mutant 54: Solution.minPathSum(line 21, col 63)
            mutation operator group:   AOR
            mutation operator:         +(int,int) |==> *(int,int)
            original:                  grid[grid.length - 1][c] + s 
            mutant:                    grid[grid.length - 1][c] * s
[04/24 17:42:07] [INFO   ] org.mutationtesting.major.mutation.Mutator.nextMutant:
    Creating mutant 55
[04/24 17:42:07] [INFO   ] org.mutationtesting.major.mutation.Mutator.logMutant:
    Logging mutant 55: Solution.minPathSum(line 21, col 63)
            mutation operator group:   AOR
            mutation operator:         +(int,int) |==> -(int,int)
            original:                  grid[grid.length - 1][c] + s 
            mutant:                    grid[grid.length - 1][c] - s
[04/24 17:42:07] [INFO   ] org.mutationtesting.major.mutation.Mutator.nextMutant:
    Creating mutant 56
[04/24 17:42:07] [INFO   ] org.mutationtesting.major.mutation.Mutator.logMutant:
    Logging mutant 56: Solution.minPathSum(line 21, col 63)
            mutation operator group:   AOR
            mutation operator:         +(int,int) |==> /(int,int)
            original:                  grid[grid.length - 1][c] + s 
            mutant:                    grid[grid.length - 1][c] / s
[04/24 17:42:07] [INFO   ] org.mutationtesting.major.mutation.Mutator.nextMutant:
    Creating mutant 57
[04/24 17:42:07] [INFO   ] org.mutationtesting.major.mutation.Mutator.logMutantSTD:
    Logging mutantSTD 57: (STD) dm[grid.length - 1][c] = grid[grid.length - 1][c] + s; -> <NO-OP>
[04/24 17:42:07] [INFO   ] org.mutationtesting.major.mutation.Mutator.nextMutant:
    Creating mutant 58
[04/24 17:42:07] [INFO   ] org.mutationtesting.major.mutation.Mutator.logMutant:
    Logging mutant 58: Solution.minPathSum(line 22, col 35)
            mutation operator group:   AOR
            mutation operator:         -(int,int) |==> %(int,int)
            original:                  grid.length - 1 
            mutant:                    grid.length % 1
[04/24 17:42:07] [INFO   ] org.mutationtesting.major.mutation.Mutator.nextMutant:
    Creating mutant 59
[04/24 17:42:07] [INFO   ] org.mutationtesting.major.mutation.Mutator.logMutant:
    Logging mutant 59: Solution.minPathSum(line 22, col 35)
            mutation operator group:   AOR
            mutation operator:         -(int,int) |==> *(int,int)
            original:                  grid.length - 1 
            mutant:                    grid.length * 1
[04/24 17:42:07] [INFO   ] org.mutationtesting.major.mutation.Mutator.nextMutant:
    Creating mutant 60
[04/24 17:42:07] [INFO   ] org.mutationtesting.major.mutation.Mutator.logMutant:
    Logging mutant 60: Solution.minPathSum(line 22, col 35)
            mutation operator group:   AOR
            mutation operator:         -(int,int) |==> +(int,int)
            original:                  grid.length - 1 
            mutant:                    grid.length + 1
[04/24 17:42:07] [INFO   ] org.mutationtesting.major.mutation.Mutator.nextMutant:
    Creating mutant 61
[04/24 17:42:07] [INFO   ] org.mutationtesting.major.mutation.Mutator.logMutant:
    Logging mutant 61: Solution.minPathSum(line 22, col 35)
            mutation operator group:   AOR
            mutation operator:         -(int,int) |==> /(int,int)
            original:                  grid.length - 1 
            mutant:                    grid.length / 1
[04/24 17:42:07] [INFO   ] org.mutationtesting.major.mutation.Mutator.nextMutant:
    Creating mutant 62
[04/24 17:42:07] [INFO   ] org.mutationtesting.major.mutation.Mutator.logMutantSTD:
    Logging mutantSTD 62: (STD) s += grid[grid.length - 1][c]; -> <NO-OP>
[04/24 17:42:07] [INFO   ] org.mutationtesting.major.mutation.Mutator.visitMethodDef:
    METHOD: recur([int[][] grid, int[][] dm, int r, int c])int
[04/24 17:42:07] [INFO   ] org.mutationtesting.major.mutation.Mutator.nextMutant:
    Creating mutant 63
[04/24 17:42:07] [INFO   ] org.mutationtesting.major.mutation.Mutator.logMutant:
    Logging mutant 63: Solution.recur(line 28, col 22)
            mutation operator group:   ROR
            mutation operator:         ==(int,int) |==> <=(int,int)
            original:                  dm[r][c] == 0 
            mutant:                    dm[r][c] <= 0
[04/24 17:42:07] [INFO   ] org.mutationtesting.major.mutation.Mutator.nextMutant:
    Creating mutant 64
[04/24 17:42:07] [INFO   ] org.mutationtesting.major.mutation.Mutator.logMutant:
    Logging mutant 64: Solution.recur(line 28, col 22)
            mutation operator group:   ROR
            mutation operator:         ==(int,int) |==> >=(int,int)
            original:                  dm[r][c] == 0 
            mutant:                    dm[r][c] >= 0
[04/24 17:42:07] [INFO   ] org.mutationtesting.major.mutation.Mutator.nextMutant:
    Creating mutant 65
[04/24 17:42:07] [INFO   ] org.mutationtesting.major.mutation.Mutator.logMutant:
    Logging mutant 65: Solution.recur(line 28, col 22)
            mutation operator group:   ROR
            mutation operator:         ==(int,int) |==> FALSE(int,int)
            original:                  dm[r][c] == 0 
            mutant:                    false
[04/24 17:42:07] [INFO   ] org.mutationtesting.major.mutation.Mutator.nextMutant:
    Creating mutant 66
[04/24 17:42:07] [INFO   ] org.mutationtesting.major.mutation.Mutator.logMutant:
    Logging mutant 66: Solution.recur(line 28, col 47)
            mutation operator group:   AOR
            mutation operator:         -(int,int) |==> %(int,int)
            original:                  grid.length - 1 
            mutant:                    grid.length % 1
[04/24 17:42:07] [INFO   ] org.mutationtesting.major.mutation.Mutator.nextMutant:
    Creating mutant 67
[04/24 17:42:07] [INFO   ] org.mutationtesting.major.mutation.Mutator.logMutant:
    Logging mutant 67: Solution.recur(line 28, col 47)
            mutation operator group:   AOR
            mutation operator:         -(int,int) |==> *(int,int)
            original:                  grid.length - 1 
            mutant:                    grid.length * 1
[04/24 17:42:07] [INFO   ] org.mutationtesting.major.mutation.Mutator.nextMutant:
    Creating mutant 68
[04/24 17:42:07] [INFO   ] org.mutationtesting.major.mutation.Mutator.logMutant:
    Logging mutant 68: Solution.recur(line 28, col 47)
            mutation operator group:   AOR
            mutation operator:         -(int,int) |==> +(int,int)
            original:                  grid.length - 1 
            mutant:                    grid.length + 1
[04/24 17:42:07] [INFO   ] org.mutationtesting.major.mutation.Mutator.nextMutant:
    Creating mutant 69
[04/24 17:42:07] [INFO   ] org.mutationtesting.major.mutation.Mutator.logMutant:
    Logging mutant 69: Solution.recur(line 28, col 47)
            mutation operator group:   AOR
            mutation operator:         -(int,int) |==> /(int,int)
            original:                  grid.length - 1 
            mutant:                    grid.length / 1
[04/24 17:42:07] [INFO   ] org.mutationtesting.major.mutation.Mutator.nextMutant:
    Creating mutant 70
[04/24 17:42:07] [INFO   ] org.mutationtesting.major.mutation.Mutator.logMutant:
    Logging mutant 70: Solution.recur(line 28, col 32)
            mutation operator group:   ROR
            mutation operator:         !=(int,int) |==> <(int,int)
            original:                  r != grid.length - 1 
            mutant:                    r < grid.length - 1
[04/24 17:42:07] [INFO   ] org.mutationtesting.major.mutation.Mutator.nextMutant:
    Creating mutant 71
[04/24 17:42:07] [INFO   ] org.mutationtesting.major.mutation.Mutator.logMutant:
    Logging mutant 71: Solution.recur(line 28, col 32)
            mutation operator group:   ROR
            mutation operator:         !=(int,int) |==> >(int,int)
            original:                  r != grid.length - 1 
            mutant:                    r > grid.length - 1
[04/24 17:42:07] [INFO   ] org.mutationtesting.major.mutation.Mutator.nextMutant:
    Creating mutant 72
[04/24 17:42:07] [INFO   ] org.mutationtesting.major.mutation.Mutator.logMutant:
    Logging mutant 72: Solution.recur(line 28, col 32)
            mutation operator group:   ROR
            mutation operator:         !=(int,int) |==> TRUE(int,int)
            original:                  r != grid.length - 1 
            mutant:                    true
[04/24 17:42:07] [INFO   ] org.mutationtesting.major.mutation.Mutator.nextMutant:
    Creating mutant 73
[04/24 17:42:07] [INFO   ] org.mutationtesting.major.mutation.Mutator.logMutant:
    Logging mutant 73: Solution.recur(line 28, col 27)
            mutation operator group:   COR
            mutation operator:         &&(boolean,boolean) |==> ==(boolean,boolean)
            original:                  dm[r][c] == 0 && r != grid.length - 1 
            mutant:                    dm[r][c] == 0 == (r != grid.length - 1)
[04/24 17:42:07] [INFO   ] org.mutationtesting.major.mutation.Mutator.nextMutant:
    Creating mutant 74
[04/24 17:42:07] [INFO   ] org.mutationtesting.major.mutation.Mutator.logMutant:
    Logging mutant 74: Solution.recur(line 28, col 27)
            mutation operator group:   COR
            mutation operator:         &&(boolean,boolean) |==> FALSE(boolean,boolean)
            original:                  dm[r][c] == 0 && r != grid.length - 1 
            mutant:                    false
[04/24 17:42:07] [INFO   ] org.mutationtesting.major.mutation.Mutator.nextMutant:
    Creating mutant 75
[04/24 17:42:07] [INFO   ] org.mutationtesting.major.mutation.Mutator.logMutant:
    Logging mutant 75: Solution.recur(line 28, col 22)
            mutation operator group:   COR
            mutation operator:         &&(boolean,boolean) |==> LHS(boolean,boolean)
            original:                  dm[r][c] == 0 && r != grid.length - 1 
            mutant:                    dm[r][c] == 0
[04/24 17:42:07] [INFO   ] org.mutationtesting.major.mutation.Mutator.nextMutant:
    Creating mutant 76
[04/24 17:42:07] [INFO   ] org.mutationtesting.major.mutation.Mutator.logMutant:
    Logging mutant 76: Solution.recur(line 28, col 32)
            mutation operator group:   COR
            mutation operator:         &&(boolean,boolean) |==> RHS(boolean,boolean)
            original:                  dm[r][c] == 0 && r != grid.length - 1 
            mutant:                    r != grid.length - 1
[04/24 17:42:07] [INFO   ] org.mutationtesting.major.mutation.Mutator.nextMutant:
    Creating mutant 77
[04/24 17:42:07] [INFO   ] org.mutationtesting.major.mutation.Mutator.logMutant:
    Logging mutant 77: Solution.recur(line 28, col 74)
            mutation operator group:   AOR
            mutation operator:         -(int,int) |==> %(int,int)
            original:                  grid[0].length - 1 
            mutant:                    grid[0].length % 1
[04/24 17:42:07] [INFO   ] org.mutationtesting.major.mutation.Mutator.nextMutant:
    Creating mutant 78
[04/24 17:42:07] [INFO   ] org.mutationtesting.major.mutation.Mutator.logMutant:
    Logging mutant 78: Solution.recur(line 28, col 74)
            mutation operator group:   AOR
            mutation operator:         -(int,int) |==> *(int,int)
            original:                  grid[0].length - 1 
            mutant:                    grid[0].length * 1
[04/24 17:42:07] [INFO   ] org.mutationtesting.major.mutation.Mutator.nextMutant:
    Creating mutant 79
[04/24 17:42:07] [INFO   ] org.mutationtesting.major.mutation.Mutator.logMutant:
    Logging mutant 79: Solution.recur(line 28, col 74)
            mutation operator group:   AOR
            mutation operator:         -(int,int) |==> +(int,int)
            original:                  grid[0].length - 1 
            mutant:                    grid[0].length + 1
[04/24 17:42:07] [INFO   ] org.mutationtesting.major.mutation.Mutator.nextMutant:
    Creating mutant 80
[04/24 17:42:07] [INFO   ] org.mutationtesting.major.mutation.Mutator.logMutant:
    Logging mutant 80: Solution.recur(line 28, col 74)
            mutation operator group:   AOR
            mutation operator:         -(int,int) |==> /(int,int)
            original:                  grid[0].length - 1 
            mutant:                    grid[0].length / 1
[04/24 17:42:07] [INFO   ] org.mutationtesting.major.mutation.Mutator.nextMutant:
    Creating mutant 81
[04/24 17:42:07] [INFO   ] org.mutationtesting.major.mutation.Mutator.logMutant:
    Logging mutant 81: Solution.recur(line 28, col 56)
            mutation operator group:   ROR
            mutation operator:         !=(int,int) |==> <(int,int)
            original:                  c != grid[0].length - 1 
            mutant:                    c < grid[0].length - 1
[04/24 17:42:07] [INFO   ] org.mutationtesting.major.mutation.Mutator.nextMutant:
    Creating mutant 82
[04/24 17:42:07] [INFO   ] org.mutationtesting.major.mutation.Mutator.logMutant:
    Logging mutant 82: Solution.recur(line 28, col 56)
            mutation operator group:   ROR
            mutation operator:         !=(int,int) |==> >(int,int)
            original:                  c != grid[0].length - 1 
            mutant:                    c > grid[0].length - 1
[04/24 17:42:07] [INFO   ] org.mutationtesting.major.mutation.Mutator.nextMutant:
    Creating mutant 83
[04/24 17:42:07] [INFO   ] org.mutationtesting.major.mutation.Mutator.logMutant:
    Logging mutant 83: Solution.recur(line 28, col 56)
            mutation operator group:   ROR
            mutation operator:         !=(int,int) |==> TRUE(int,int)
            original:                  c != grid[0].length - 1 
            mutant:                    true
[04/24 17:42:07] [INFO   ] org.mutationtesting.major.mutation.Mutator.nextMutant:
    Creating mutant 84
[04/24 17:42:07] [INFO   ] org.mutationtesting.major.mutation.Mutator.logMutant:
    Logging mutant 84: Solution.recur(line 28, col 51)
            mutation operator group:   COR
            mutation operator:         &&(boolean,boolean) |==> ==(boolean,boolean)
            original:                  dm[r][c] == 0 && r != grid.length - 1 && c != grid[0].length - 1 
            mutant:                    (dm[r][c] == 0 && r != grid.length - 1) == (c != grid[0].length - 1)
[04/24 17:42:07] [INFO   ] org.mutationtesting.major.mutation.Mutator.nextMutant:
    Creating mutant 85
[04/24 17:42:07] [INFO   ] org.mutationtesting.major.mutation.Mutator.logMutant:
    Logging mutant 85: Solution.recur(line 28, col 51)
            mutation operator group:   COR
            mutation operator:         &&(boolean,boolean) |==> FALSE(boolean,boolean)
            original:                  dm[r][c] == 0 && r != grid.length - 1 && c != grid[0].length - 1 
            mutant:                    false
[04/24 17:42:07] [INFO   ] org.mutationtesting.major.mutation.Mutator.nextMutant:
    Creating mutant 86
[04/24 17:42:07] [INFO   ] org.mutationtesting.major.mutation.Mutator.logMutant:
    Logging mutant 86: Solution.recur(line 28, col 27)
            mutation operator group:   COR
            mutation operator:         &&(boolean,boolean) |==> LHS(boolean,boolean)
            original:                  dm[r][c] == 0 && r != grid.length - 1 && c != grid[0].length - 1 
            mutant:                    dm[r][c] == 0 && r != grid.length - 1
[04/24 17:42:07] [INFO   ] org.mutationtesting.major.mutation.Mutator.nextMutant:
    Creating mutant 87
[04/24 17:42:07] [INFO   ] org.mutationtesting.major.mutation.Mutator.logMutant:
    Logging mutant 87: Solution.recur(line 28, col 56)
            mutation operator group:   COR
            mutation operator:         &&(boolean,boolean) |==> RHS(boolean,boolean)
            original:                  dm[r][c] == 0 && r != grid.length - 1 && c != grid[0].length - 1 
            mutant:                    c != grid[0].length - 1
[04/24 17:42:07] [INFO   ] org.mutationtesting.major.mutation.Mutator.nextMutant:
    Creating mutant 88
[04/24 17:42:07] [INFO   ] org.mutationtesting.major.mutation.Mutator.logMutant:
    Logging mutant 88: Solution.recur(line 29, col 64)
            mutation operator group:   AOR
            mutation operator:         +(int,int) |==> %(int,int)
            original:                  r + 1 
            mutant:                    r % 1
[04/24 17:42:07] [INFO   ] org.mutationtesting.major.mutation.Mutator.nextMutant:
    Creating mutant 89
[04/24 17:42:07] [INFO   ] org.mutationtesting.major.mutation.Mutator.logMutant:
    Logging mutant 89: Solution.recur(line 29, col 64)
            mutation operator group:   AOR
            mutation operator:         +(int,int) |==> *(int,int)
            original:                  r + 1 
            mutant:                    r * 1
[04/24 17:42:07] [INFO   ] org.mutationtesting.major.mutation.Mutator.nextMutant:
    Creating mutant 90
[04/24 17:42:07] [INFO   ] org.mutationtesting.major.mutation.Mutator.logMutant:
    Logging mutant 90: Solution.recur(line 29, col 64)
            mutation operator group:   AOR
            mutation operator:         +(int,int) |==> -(int,int)
            original:                  r + 1 
            mutant:                    r - 1
[04/24 17:42:07] [INFO   ] org.mutationtesting.major.mutation.Mutator.nextMutant:
    Creating mutant 91
[04/24 17:42:07] [INFO   ] org.mutationtesting.major.mutation.Mutator.logMutant:
    Logging mutant 91: Solution.recur(line 29, col 64)
            mutation operator group:   AOR
            mutation operator:         +(int,int) |==> /(int,int)
            original:                  r + 1 
            mutant:                    r / 1
[04/24 17:42:07] [INFO   ] org.mutationtesting.major.mutation.Mutator.nextMutant:
    Creating mutant 92
[04/24 17:42:07] [INFO   ] org.mutationtesting.major.mutation.Mutator.logMutant:
    Logging mutant 92: Solution.recur(line 29, col 94)
            mutation operator group:   AOR
            mutation operator:         +(int,int) |==> %(int,int)
            original:                  c + 1 
            mutant:                    c % 1
[04/24 17:42:07] [INFO   ] org.mutationtesting.major.mutation.Mutator.nextMutant:
    Creating mutant 93
[04/24 17:42:07] [INFO   ] org.mutationtesting.major.mutation.Mutator.logMutant:
    Logging mutant 93: Solution.recur(line 29, col 94)
            mutation operator group:   AOR
            mutation operator:         +(int,int) |==> *(int,int)
            original:                  c + 1 
            mutant:                    c * 1
[04/24 17:42:07] [INFO   ] org.mutationtesting.major.mutation.Mutator.nextMutant:
    Creating mutant 94
[04/24 17:42:07] [INFO   ] org.mutationtesting.major.mutation.Mutator.logMutant:
    Logging mutant 94: Solution.recur(line 29, col 94)
            mutation operator group:   AOR
            mutation operator:         +(int,int) |==> -(int,int)
            original:                  c + 1 
            mutant:                    c - 1
[04/24 17:42:07] [INFO   ] org.mutationtesting.major.mutation.Mutator.nextMutant:
    Creating mutant 95
[04/24 17:42:07] [INFO   ] org.mutationtesting.major.mutation.Mutator.logMutant:
    Logging mutant 95: Solution.recur(line 29, col 94)
            mutation operator group:   AOR
            mutation operator:         +(int,int) |==> /(int,int)
            original:                  c + 1 
            mutant:                    c / 1
[04/24 17:42:07] [INFO   ] org.mutationtesting.major.mutation.Mutator.nextMutant:
    Creating mutant 96
[04/24 17:42:07] [INFO   ] org.mutationtesting.major.mutation.Mutator.logMutant:
    Logging mutant 96: Solution.recur(line 29, col 35)
            mutation operator group:   AOR
            mutation operator:         +(int,int) |==> %(int,int)
            original:                  grid[r][c] + Math.min(recur(grid, dm, r + 1, c), recur(grid, dm, r, c + 1)) 
            mutant:                    grid[r][c] % Math.min(recur(grid, dm, r + 1, c), recur(grid, dm, r, c + 1))
[04/24 17:42:07] [INFO   ] org.mutationtesting.major.mutation.Mutator.nextMutant:
    Creating mutant 97
[04/24 17:42:07] [INFO   ] org.mutationtesting.major.mutation.Mutator.logMutant:
    Logging mutant 97: Solution.recur(line 29, col 35)
            mutation operator group:   AOR
            mutation operator:         +(int,int) |==> *(int,int)
            original:                  grid[r][c] + Math.min(recur(grid, dm, r + 1, c), recur(grid, dm, r, c + 1)) 
            mutant:                    grid[r][c] * Math.min(recur(grid, dm, r + 1, c), recur(grid, dm, r, c + 1))
[04/24 17:42:07] [INFO   ] org.mutationtesting.major.mutation.Mutator.nextMutant:
    Creating mutant 98
[04/24 17:42:07] [INFO   ] org.mutationtesting.major.mutation.Mutator.logMutant:
    Logging mutant 98: Solution.recur(line 29, col 35)
            mutation operator group:   AOR
            mutation operator:         +(int,int) |==> -(int,int)
            original:                  grid[r][c] + Math.min(recur(grid, dm, r + 1, c), recur(grid, dm, r, c + 1)) 
            mutant:                    grid[r][c] - Math.min(recur(grid, dm, r + 1, c), recur(grid, dm, r, c + 1))
[04/24 17:42:07] [INFO   ] org.mutationtesting.major.mutation.Mutator.nextMutant:
    Creating mutant 99
[04/24 17:42:07] [INFO   ] org.mutationtesting.major.mutation.Mutator.logMutant:
    Logging mutant 99: Solution.recur(line 29, col 35)
            mutation operator group:   AOR
            mutation operator:         +(int,int) |==> /(int,int)
            original:                  grid[r][c] + Math.min(recur(grid, dm, r + 1, c), recur(grid, dm, r, c + 1)) 
            mutant:                    grid[r][c] / Math.min(recur(grid, dm, r + 1, c), recur(grid, dm, r, c + 1))
[04/24 17:42:07] [INFO   ] org.mutationtesting.major.mutation.Mutator.nextMutant:
    Creating mutant 100
[04/24 17:42:07] [INFO   ] org.mutationtesting.major.mutation.Mutator.logMutantSTD:
    Logging mutantSTD 100: (STD) dm[r][c] = grid[r][c] + Math.min(recur(grid, dm, r + 1, c), recur(grid, dm, r, c + 1)); -> <NO-OP>
[04/24 17:42:07] [INFO   ] org.mutationtesting.major.plugin.MajorPluginTaskListener.mutate:
    Generated 100 mutants (113 ms)
