1:ROR:==(int,int):<=(int,int):g0001_0100.s0064_minimum_path_sum.Solution@minPathSum(int[][]):10:grid.length == 1 |==> grid.length <= 1
2:ROR:==(int,int):>=(int,int):g0001_0100.s0064_minimum_path_sum.Solution@minPathSum(int[][]):10:grid.length == 1 |==> grid.length >= 1
3:ROR:==(int,int):FALSE(int,int):g0001_0100.s0064_minimum_path_sum.Solution@minPathSum(int[][]):10:grid.length == 1 |==> false
4:ROR:==(int,int):<=(int,int):g0001_0100.s0064_minimum_path_sum.Solution@minPathSum(int[][]):10:grid[0].length == 1 |==> grid[0].length <= 1
5:ROR:==(int,int):>=(int,int):g0001_0100.s0064_minimum_path_sum.Solution@minPathSum(int[][]):10:grid[0].length == 1 |==> grid[0].length >= 1
6:ROR:==(int,int):FALSE(int,int):g0001_0100.s0064_minimum_path_sum.Solution@minPathSum(int[][]):10:grid[0].length == 1 |==> false
7:COR:&&(boolean,boolean):==(boolean,boolean):g0001_0100.s0064_minimum_path_sum.Solution@minPathSum(int[][]):10:grid.length == 1 && grid[0].length == 1 |==> grid.length == 1 == (grid[0].length == 1)
8:COR:&&(boolean,boolean):FALSE(boolean,boolean):g0001_0100.s0064_minimum_path_sum.Solution@minPathSum(int[][]):10:grid.length == 1 && grid[0].length == 1 |==> false
9:COR:&&(boolean,boolean):LHS(boolean,boolean):g0001_0100.s0064_minimum_path_sum.Solution@minPathSum(int[][]):10:grid.length == 1 && grid[0].length == 1 |==> grid.length == 1
10:COR:&&(boolean,boolean):RHS(boolean,boolean):g0001_0100.s0064_minimum_path_sum.Solution@minPathSum(int[][]):10:grid.length == 1 && grid[0].length == 1 |==> grid[0].length == 1
11:STD:<RETURN>:<NO-OP>:g0001_0100.s0064_minimum_path_sum.Solution@minPathSum(int[][]):11:return grid[0][0]; |==> <NO-OP>
12:AOR:-(int,int):%(int,int):g0001_0100.s0064_minimum_path_sum.Solution@minPathSum(int[][]):15:grid.length - 1 |==> grid.length % 1
13:AOR:-(int,int):*(int,int):g0001_0100.s0064_minimum_path_sum.Solution@minPathSum(int[][]):15:grid.length - 1 |==> grid.length * 1
14:AOR:-(int,int):+(int,int):g0001_0100.s0064_minimum_path_sum.Solution@minPathSum(int[][]):15:grid.length - 1 |==> grid.length + 1
15:AOR:-(int,int):/(int,int):g0001_0100.s0064_minimum_path_sum.Solution@minPathSum(int[][]):15:grid.length - 1 |==> grid.length / 1
16:ROR:>=(int,int):==(int,int):g0001_0100.s0064_minimum_path_sum.Solution@minPathSum(int[][]):15:r >= 0 |==> r == 0
17:ROR:>=(int,int):>(int,int):g0001_0100.s0064_minimum_path_sum.Solution@minPathSum(int[][]):15:r >= 0 |==> r > 0
18:ROR:>=(int,int):TRUE(int,int):g0001_0100.s0064_minimum_path_sum.Solution@minPathSum(int[][]):15:r >= 0 |==> true
19:AOR:-(int,int):%(int,int):g0001_0100.s0064_minimum_path_sum.Solution@minPathSum(int[][]):16:grid[0].length - 1 |==> grid[0].length % 1
20:AOR:-(int,int):*(int,int):g0001_0100.s0064_minimum_path_sum.Solution@minPathSum(int[][]):16:grid[0].length - 1 |==> grid[0].length * 1
21:AOR:-(int,int):+(int,int):g0001_0100.s0064_minimum_path_sum.Solution@minPathSum(int[][]):16:grid[0].length - 1 |==> grid[0].length + 1
22:AOR:-(int,int):/(int,int):g0001_0100.s0064_minimum_path_sum.Solution@minPathSum(int[][]):16:grid[0].length - 1 |==> grid[0].length / 1
23:AOR:-(int,int):%(int,int):g0001_0100.s0064_minimum_path_sum.Solution@minPathSum(int[][]):16:grid[0].length - 1 |==> grid[0].length % 1
24:AOR:-(int,int):*(int,int):g0001_0100.s0064_minimum_path_sum.Solution@minPathSum(int[][]):16:grid[0].length - 1 |==> grid[0].length * 1
25:AOR:-(int,int):+(int,int):g0001_0100.s0064_minimum_path_sum.Solution@minPathSum(int[][]):16:grid[0].length - 1 |==> grid[0].length + 1
26:AOR:-(int,int):/(int,int):g0001_0100.s0064_minimum_path_sum.Solution@minPathSum(int[][]):16:grid[0].length - 1 |==> grid[0].length / 1
27:AOR:+(int,int):%(int,int):g0001_0100.s0064_minimum_path_sum.Solution@minPathSum(int[][]):16:grid[r][grid[0].length - 1] + s |==> grid[r][grid[0].length - 1] % s
28:AOR:+(int,int):*(int,int):g0001_0100.s0064_minimum_path_sum.Solution@minPathSum(int[][]):16:grid[r][grid[0].length - 1] + s |==> grid[r][grid[0].length - 1] * s
29:AOR:+(int,int):-(int,int):g0001_0100.s0064_minimum_path_sum.Solution@minPathSum(int[][]):16:grid[r][grid[0].length - 1] + s |==> grid[r][grid[0].length - 1] - s
30:AOR:+(int,int):/(int,int):g0001_0100.s0064_minimum_path_sum.Solution@minPathSum(int[][]):16:grid[r][grid[0].length - 1] + s |==> grid[r][grid[0].length - 1] / s
31:STD:<ASSIGN>:<NO-OP>:g0001_0100.s0064_minimum_path_sum.Solution@minPathSum(int[][]):16:dm[r][grid[0].length - 1] = grid[r][grid[0].length - 1] + s; |==> <NO-OP>
32:AOR:-(int,int):%(int,int):g0001_0100.s0064_minimum_path_sum.Solution@minPathSum(int[][]):17:grid[0].length - 1 |==> grid[0].length % 1
33:AOR:-(int,int):*(int,int):g0001_0100.s0064_minimum_path_sum.Solution@minPathSum(int[][]):17:grid[0].length - 1 |==> grid[0].length * 1
34:AOR:-(int,int):+(int,int):g0001_0100.s0064_minimum_path_sum.Solution@minPathSum(int[][]):17:grid[0].length - 1 |==> grid[0].length + 1
35:AOR:-(int,int):/(int,int):g0001_0100.s0064_minimum_path_sum.Solution@minPathSum(int[][]):17:grid[0].length - 1 |==> grid[0].length / 1
36:STD:<ASSIGN>:<NO-OP>:g0001_0100.s0064_minimum_path_sum.Solution@minPathSum(int[][]):17:s += grid[r][grid[0].length - 1]; |==> <NO-OP>
37:STD:<ASSIGN>:<NO-OP>:g0001_0100.s0064_minimum_path_sum.Solution@minPathSum(int[][]):19:s = 0; |==> <NO-OP>
38:AOR:-(int,int):%(int,int):g0001_0100.s0064_minimum_path_sum.Solution@minPathSum(int[][]):20:grid[0].length - 1 |==> grid[0].length % 1
39:AOR:-(int,int):*(int,int):g0001_0100.s0064_minimum_path_sum.Solution@minPathSum(int[][]):20:grid[0].length - 1 |==> grid[0].length * 1
40:AOR:-(int,int):+(int,int):g0001_0100.s0064_minimum_path_sum.Solution@minPathSum(int[][]):20:grid[0].length - 1 |==> grid[0].length + 1
41:AOR:-(int,int):/(int,int):g0001_0100.s0064_minimum_path_sum.Solution@minPathSum(int[][]):20:grid[0].length - 1 |==> grid[0].length / 1
42:ROR:>=(int,int):==(int,int):g0001_0100.s0064_minimum_path_sum.Solution@minPathSum(int[][]):20:c >= 0 |==> c == 0
43:ROR:>=(int,int):>(int,int):g0001_0100.s0064_minimum_path_sum.Solution@minPathSum(int[][]):20:c >= 0 |==> c > 0
44:ROR:>=(int,int):TRUE(int,int):g0001_0100.s0064_minimum_path_sum.Solution@minPathSum(int[][]):20:c >= 0 |==> true
45:AOR:-(int,int):%(int,int):g0001_0100.s0064_minimum_path_sum.Solution@minPathSum(int[][]):21:grid.length - 1 |==> grid.length % 1
46:AOR:-(int,int):*(int,int):g0001_0100.s0064_minimum_path_sum.Solution@minPathSum(int[][]):21:grid.length - 1 |==> grid.length * 1
47:AOR:-(int,int):+(int,int):g0001_0100.s0064_minimum_path_sum.Solution@minPathSum(int[][]):21:grid.length - 1 |==> grid.length + 1
48:AOR:-(int,int):/(int,int):g0001_0100.s0064_minimum_path_sum.Solution@minPathSum(int[][]):21:grid.length - 1 |==> grid.length / 1
49:AOR:-(int,int):%(int,int):g0001_0100.s0064_minimum_path_sum.Solution@minPathSum(int[][]):21:grid.length - 1 |==> grid.length % 1
50:AOR:-(int,int):*(int,int):g0001_0100.s0064_minimum_path_sum.Solution@minPathSum(int[][]):21:grid.length - 1 |==> grid.length * 1
51:AOR:-(int,int):+(int,int):g0001_0100.s0064_minimum_path_sum.Solution@minPathSum(int[][]):21:grid.length - 1 |==> grid.length + 1
52:AOR:-(int,int):/(int,int):g0001_0100.s0064_minimum_path_sum.Solution@minPathSum(int[][]):21:grid.length - 1 |==> grid.length / 1
53:AOR:+(int,int):%(int,int):g0001_0100.s0064_minimum_path_sum.Solution@minPathSum(int[][]):21:grid[grid.length - 1][c] + s |==> grid[grid.length - 1][c] % s
54:AOR:+(int,int):*(int,int):g0001_0100.s0064_minimum_path_sum.Solution@minPathSum(int[][]):21:grid[grid.length - 1][c] + s |==> grid[grid.length - 1][c] * s
55:AOR:+(int,int):-(int,int):g0001_0100.s0064_minimum_path_sum.Solution@minPathSum(int[][]):21:grid[grid.length - 1][c] + s |==> grid[grid.length - 1][c] - s
56:AOR:+(int,int):/(int,int):g0001_0100.s0064_minimum_path_sum.Solution@minPathSum(int[][]):21:grid[grid.length - 1][c] + s |==> grid[grid.length - 1][c] / s
57:STD:<ASSIGN>:<NO-OP>:g0001_0100.s0064_minimum_path_sum.Solution@minPathSum(int[][]):21:dm[grid.length - 1][c] = grid[grid.length - 1][c] + s; |==> <NO-OP>
58:AOR:-(int,int):%(int,int):g0001_0100.s0064_minimum_path_sum.Solution@minPathSum(int[][]):22:grid.length - 1 |==> grid.length % 1
59:AOR:-(int,int):*(int,int):g0001_0100.s0064_minimum_path_sum.Solution@minPathSum(int[][]):22:grid.length - 1 |==> grid.length * 1
60:AOR:-(int,int):+(int,int):g0001_0100.s0064_minimum_path_sum.Solution@minPathSum(int[][]):22:grid.length - 1 |==> grid.length + 1
61:AOR:-(int,int):/(int,int):g0001_0100.s0064_minimum_path_sum.Solution@minPathSum(int[][]):22:grid.length - 1 |==> grid.length / 1
62:STD:<ASSIGN>:<NO-OP>:g0001_0100.s0064_minimum_path_sum.Solution@minPathSum(int[][]):22:s += grid[grid.length - 1][c]; |==> <NO-OP>
63:ROR:==(int,int):<=(int,int):g0001_0100.s0064_minimum_path_sum.Solution@recur(int[][],int[][],int,int):28:dm[r][c] == 0 |==> dm[r][c] <= 0
64:ROR:==(int,int):>=(int,int):g0001_0100.s0064_minimum_path_sum.Solution@recur(int[][],int[][],int,int):28:dm[r][c] == 0 |==> dm[r][c] >= 0
65:ROR:==(int,int):FALSE(int,int):g0001_0100.s0064_minimum_path_sum.Solution@recur(int[][],int[][],int,int):28:dm[r][c] == 0 |==> false
66:AOR:-(int,int):%(int,int):g0001_0100.s0064_minimum_path_sum.Solution@recur(int[][],int[][],int,int):28:grid.length - 1 |==> grid.length % 1
67:AOR:-(int,int):*(int,int):g0001_0100.s0064_minimum_path_sum.Solution@recur(int[][],int[][],int,int):28:grid.length - 1 |==> grid.length * 1
68:AOR:-(int,int):+(int,int):g0001_0100.s0064_minimum_path_sum.Solution@recur(int[][],int[][],int,int):28:grid.length - 1 |==> grid.length + 1
69:AOR:-(int,int):/(int,int):g0001_0100.s0064_minimum_path_sum.Solution@recur(int[][],int[][],int,int):28:grid.length - 1 |==> grid.length / 1
70:ROR:!=(int,int):<(int,int):g0001_0100.s0064_minimum_path_sum.Solution@recur(int[][],int[][],int,int):28:r != grid.length - 1 |==> r < grid.length - 1
71:ROR:!=(int,int):>(int,int):g0001_0100.s0064_minimum_path_sum.Solution@recur(int[][],int[][],int,int):28:r != grid.length - 1 |==> r > grid.length - 1
72:ROR:!=(int,int):TRUE(int,int):g0001_0100.s0064_minimum_path_sum.Solution@recur(int[][],int[][],int,int):28:r != grid.length - 1 |==> true
73:COR:&&(boolean,boolean):==(boolean,boolean):g0001_0100.s0064_minimum_path_sum.Solution@recur(int[][],int[][],int,int):28:dm[r][c] == 0 && r != grid.length - 1 |==> dm[r][c] == 0 == (r != grid.length - 1)
74:COR:&&(boolean,boolean):FALSE(boolean,boolean):g0001_0100.s0064_minimum_path_sum.Solution@recur(int[][],int[][],int,int):28:dm[r][c] == 0 && r != grid.length - 1 |==> false
75:COR:&&(boolean,boolean):LHS(boolean,boolean):g0001_0100.s0064_minimum_path_sum.Solution@recur(int[][],int[][],int,int):28:dm[r][c] == 0 && r != grid.length - 1 |==> dm[r][c] == 0
76:COR:&&(boolean,boolean):RHS(boolean,boolean):g0001_0100.s0064_minimum_path_sum.Solution@recur(int[][],int[][],int,int):28:dm[r][c] == 0 && r != grid.length - 1 |==> r != grid.length - 1
77:AOR:-(int,int):%(int,int):g0001_0100.s0064_minimum_path_sum.Solution@recur(int[][],int[][],int,int):28:grid[0].length - 1 |==> grid[0].length % 1
78:AOR:-(int,int):*(int,int):g0001_0100.s0064_minimum_path_sum.Solution@recur(int[][],int[][],int,int):28:grid[0].length - 1 |==> grid[0].length * 1
79:AOR:-(int,int):+(int,int):g0001_0100.s0064_minimum_path_sum.Solution@recur(int[][],int[][],int,int):28:grid[0].length - 1 |==> grid[0].length + 1
80:AOR:-(int,int):/(int,int):g0001_0100.s0064_minimum_path_sum.Solution@recur(int[][],int[][],int,int):28:grid[0].length - 1 |==> grid[0].length / 1
81:ROR:!=(int,int):<(int,int):g0001_0100.s0064_minimum_path_sum.Solution@recur(int[][],int[][],int,int):28:c != grid[0].length - 1 |==> c < grid[0].length - 1
82:ROR:!=(int,int):>(int,int):g0001_0100.s0064_minimum_path_sum.Solution@recur(int[][],int[][],int,int):28:c != grid[0].length - 1 |==> c > grid[0].length - 1
83:ROR:!=(int,int):TRUE(int,int):g0001_0100.s0064_minimum_path_sum.Solution@recur(int[][],int[][],int,int):28:c != grid[0].length - 1 |==> true
84:COR:&&(boolean,boolean):==(boolean,boolean):g0001_0100.s0064_minimum_path_sum.Solution@recur(int[][],int[][],int,int):28:dm[r][c] == 0 && r != grid.length - 1 && c != grid[0].length - 1 |==> (dm[r][c] == 0 && r != grid.length - 1) == (c != grid[0].length - 1)
85:COR:&&(boolean,boolean):FALSE(boolean,boolean):g0001_0100.s0064_minimum_path_sum.Solution@recur(int[][],int[][],int,int):28:dm[r][c] == 0 && r != grid.length - 1 && c != grid[0].length - 1 |==> false
86:COR:&&(boolean,boolean):LHS(boolean,boolean):g0001_0100.s0064_minimum_path_sum.Solution@recur(int[][],int[][],int,int):28:dm[r][c] == 0 && r != grid.length - 1 && c != grid[0].length - 1 |==> dm[r][c] == 0 && r != grid.length - 1
87:COR:&&(boolean,boolean):RHS(boolean,boolean):g0001_0100.s0064_minimum_path_sum.Solution@recur(int[][],int[][],int,int):28:dm[r][c] == 0 && r != grid.length - 1 && c != grid[0].length - 1 |==> c != grid[0].length - 1
88:AOR:+(int,int):%(int,int):g0001_0100.s0064_minimum_path_sum.Solution@recur(int[][],int[][],int,int):29:r + 1 |==> r % 1
89:AOR:+(int,int):*(int,int):g0001_0100.s0064_minimum_path_sum.Solution@recur(int[][],int[][],int,int):29:r + 1 |==> r * 1
90:AOR:+(int,int):-(int,int):g0001_0100.s0064_minimum_path_sum.Solution@recur(int[][],int[][],int,int):29:r + 1 |==> r - 1
91:AOR:+(int,int):/(int,int):g0001_0100.s0064_minimum_path_sum.Solution@recur(int[][],int[][],int,int):29:r + 1 |==> r / 1
92:AOR:+(int,int):%(int,int):g0001_0100.s0064_minimum_path_sum.Solution@recur(int[][],int[][],int,int):29:c + 1 |==> c % 1
93:AOR:+(int,int):*(int,int):g0001_0100.s0064_minimum_path_sum.Solution@recur(int[][],int[][],int,int):29:c + 1 |==> c * 1
94:AOR:+(int,int):-(int,int):g0001_0100.s0064_minimum_path_sum.Solution@recur(int[][],int[][],int,int):29:c + 1 |==> c - 1
95:AOR:+(int,int):/(int,int):g0001_0100.s0064_minimum_path_sum.Solution@recur(int[][],int[][],int,int):29:c + 1 |==> c / 1
96:AOR:+(int,int):%(int,int):g0001_0100.s0064_minimum_path_sum.Solution@recur(int[][],int[][],int,int):29:grid[r][c] + Math.min(recur(grid, dm, r + 1, c), recur(grid, dm, r, c + 1)) |==> grid[r][c] % Math.min(recur(grid, dm, r + 1, c), recur(grid, dm, r, c + 1))
97:AOR:+(int,int):*(int,int):g0001_0100.s0064_minimum_path_sum.Solution@recur(int[][],int[][],int,int):29:grid[r][c] + Math.min(recur(grid, dm, r + 1, c), recur(grid, dm, r, c + 1)) |==> grid[r][c] * Math.min(recur(grid, dm, r + 1, c), recur(grid, dm, r, c + 1))
98:AOR:+(int,int):-(int,int):g0001_0100.s0064_minimum_path_sum.Solution@recur(int[][],int[][],int,int):29:grid[r][c] + Math.min(recur(grid, dm, r + 1, c), recur(grid, dm, r, c + 1)) |==> grid[r][c] - Math.min(recur(grid, dm, r + 1, c), recur(grid, dm, r, c + 1))
99:AOR:+(int,int):/(int,int):g0001_0100.s0064_minimum_path_sum.Solution@recur(int[][],int[][],int,int):29:grid[r][c] + Math.min(recur(grid, dm, r + 1, c), recur(grid, dm, r, c + 1)) |==> grid[r][c] / Math.min(recur(grid, dm, r + 1, c), recur(grid, dm, r, c + 1))
100:STD:<ASSIGN>:<NO-OP>:g0001_0100.s0064_minimum_path_sum.Solution@recur(int[][],int[][],int,int):29:dm[r][c] = grid[r][c] + Math.min(recur(grid, dm, r + 1, c), recur(grid, dm, r, c + 1)); |==> <NO-OP>
