[04/24 17:41:38] [INFO   ] org.mutationtesting.major.plugin.MajorPluginTaskListener.<init>:
    Created MajorPluginTaskListener with options: [mml:../../major/mml/all.mml.bin]
[04/24 17:41:38] [INFO   ] org.mutationtesting.major.mutation.Mutator.initOperatorSymbols:
    Initializing operator symbols for opcode mapping
[04/24 17:41:38] [INFO   ] org.mutationtesting.major.mutation.Mutator.mutateTree:
    Mutating tree: Env[AttrContext[Scope[super, this]],outer=Env[AttrContext[Scope[g0001_0100.s0011_container_with_most_water.Solution]]]]
[04/24 17:41:38] [INFO   ] org.mutationtesting.major.mutation.Mutator.visitClassDef:
    CLASS: g0001_0100.s0011_container_with_most_water.Solution
[04/24 17:41:38] [INFO   ] org.mutationtesting.major.mutation.Mutator.visitMethodDef:
    METHOD: <init>([])null
[04/24 17:41:38] [INFO   ] org.mutationtesting.major.mutation.Mutator.visitMethodDef:
    METHOD: maxArea([int[] height])int
[04/24 17:41:38] [INFO   ] org.mutationtesting.major.mutation.Mutator.nextMutant:
    Creating mutant 1
[04/24 17:41:38] [INFO   ] org.mutationtesting.major.mutation.Mutator.logMutant:
    Logging mutant 1: Solution.maxArea(line 15, col 35)
            mutation operator group:   AOR
            mutation operator:         -(int,int) |==> %(int,int)
            original:                  height.length - 1 
            mutant:                    height.length % 1
[04/24 17:41:38] [INFO   ] org.mutationtesting.major.mutation.Mutator.nextMutant:
    Creating mutant 2
[04/24 17:41:38] [INFO   ] org.mutationtesting.major.mutation.Mutator.logMutant:
    Logging mutant 2: Solution.maxArea(line 15, col 35)
            mutation operator group:   AOR
            mutation operator:         -(int,int) |==> *(int,int)
            original:                  height.length - 1 
            mutant:                    height.length * 1
[04/24 17:41:38] [INFO   ] org.mutationtesting.major.mutation.Mutator.nextMutant:
    Creating mutant 3
[04/24 17:41:38] [INFO   ] org.mutationtesting.major.mutation.Mutator.logMutant:
    Logging mutant 3: Solution.maxArea(line 15, col 35)
            mutation operator group:   AOR
            mutation operator:         -(int,int) |==> +(int,int)
            original:                  height.length - 1 
            mutant:                    height.length + 1
[04/24 17:41:38] [INFO   ] org.mutationtesting.major.mutation.Mutator.nextMutant:
    Creating mutant 4
[04/24 17:41:38] [INFO   ] org.mutationtesting.major.mutation.Mutator.logMutant:
    Logging mutant 4: Solution.maxArea(line 15, col 35)
            mutation operator group:   AOR
            mutation operator:         -(int,int) |==> /(int,int)
            original:                  height.length - 1 
            mutant:                    height.length / 1
[04/24 17:41:38] [INFO   ] org.mutationtesting.major.mutation.Mutator.nextMutant:
    Creating mutant 5
[04/24 17:41:38] [INFO   ] org.mutationtesting.major.mutation.Mutator.logMutant:
    Logging mutant 5: Solution.maxArea(line 16, col 21)
            mutation operator group:   ROR
            mutation operator:         <(int,int) |==> !=(int,int)
            original:                  left < right 
            mutant:                    left != right
[04/24 17:41:38] [INFO   ] org.mutationtesting.major.mutation.Mutator.nextMutant:
    Creating mutant 6
[04/24 17:41:38] [INFO   ] org.mutationtesting.major.mutation.Mutator.logMutant:
    Logging mutant 6: Solution.maxArea(line 16, col 21)
            mutation operator group:   ROR
            mutation operator:         <(int,int) |==> <=(int,int)
            original:                  left < right 
            mutant:                    left <= right
[04/24 17:41:38] [INFO   ] org.mutationtesting.major.mutation.Mutator.nextMutant:
    Creating mutant 7
[04/24 17:41:38] [INFO   ] org.mutationtesting.major.mutation.Mutator.logMutant:
    Logging mutant 7: Solution.maxArea(line 16, col 21)
            mutation operator group:   ROR
            mutation operator:         <(int,int) |==> FALSE(int,int)
            original:                  left < right 
            mutant:                    false
[04/24 17:41:38] [INFO   ] org.mutationtesting.major.mutation.Mutator.nextMutant:
    Creating mutant 8
[04/24 17:41:38] [INFO   ] org.mutationtesting.major.mutation.Mutator.logMutant:
    Logging mutant 8: Solution.maxArea(line 17, col 30)
            mutation operator group:   ROR
            mutation operator:         <(int,int) |==> !=(int,int)
            original:                  height[left] < height[right] 
            mutant:                    height[left] != height[right]
[04/24 17:41:38] [INFO   ] org.mutationtesting.major.mutation.Mutator.nextMutant:
    Creating mutant 9
[04/24 17:41:38] [INFO   ] org.mutationtesting.major.mutation.Mutator.logMutant:
    Logging mutant 9: Solution.maxArea(line 17, col 30)
            mutation operator group:   ROR
            mutation operator:         <(int,int) |==> <=(int,int)
            original:                  height[left] < height[right] 
            mutant:                    height[left] <= height[right]
[04/24 17:41:38] [INFO   ] org.mutationtesting.major.mutation.Mutator.nextMutant:
    Creating mutant 10
[04/24 17:41:38] [INFO   ] org.mutationtesting.major.mutation.Mutator.logMutant:
    Logging mutant 10: Solution.maxArea(line 17, col 30)
            mutation operator group:   ROR
            mutation operator:         <(int,int) |==> FALSE(int,int)
            original:                  height[left] < height[right] 
            mutant:                    false
[04/24 17:41:38] [INFO   ] org.mutationtesting.major.mutation.Mutator.nextMutant:
    Creating mutant 11
[04/24 17:41:38] [INFO   ] org.mutationtesting.major.mutation.Mutator.logMutant:
    Logging mutant 11: Solution.maxArea(line 18, col 67)
            mutation operator group:   AOR
            mutation operator:         -(int,int) |==> %(int,int)
            original:                  right - left 
            mutant:                    right % left
[04/24 17:41:38] [INFO   ] org.mutationtesting.major.mutation.Mutator.nextMutant:
    Creating mutant 12
[04/24 17:41:38] [INFO   ] org.mutationtesting.major.mutation.Mutator.logMutant:
    Logging mutant 12: Solution.maxArea(line 18, col 67)
            mutation operator group:   AOR
            mutation operator:         -(int,int) |==> *(int,int)
            original:                  right - left 
            mutant:                    right * left
[04/24 17:41:38] [INFO   ] org.mutationtesting.major.mutation.Mutator.nextMutant:
    Creating mutant 13
[04/24 17:41:38] [INFO   ] org.mutationtesting.major.mutation.Mutator.logMutant:
    Logging mutant 13: Solution.maxArea(line 18, col 67)
            mutation operator group:   AOR
            mutation operator:         -(int,int) |==> +(int,int)
            original:                  right - left 
            mutant:                    right + left
[04/24 17:41:38] [INFO   ] org.mutationtesting.major.mutation.Mutator.nextMutant:
    Creating mutant 14
[04/24 17:41:38] [INFO   ] org.mutationtesting.major.mutation.Mutator.logMutant:
    Logging mutant 14: Solution.maxArea(line 18, col 67)
            mutation operator group:   AOR
            mutation operator:         -(int,int) |==> /(int,int)
            original:                  right - left 
            mutant:                    right / left
[04/24 17:41:38] [INFO   ] org.mutationtesting.major.mutation.Mutator.nextMutant:
    Creating mutant 15
[04/24 17:41:38] [INFO   ] org.mutationtesting.major.mutation.Mutator.logMutant:
    Logging mutant 15: Solution.maxArea(line 18, col 58)
            mutation operator group:   AOR
            mutation operator:         *(int,int) |==> %(int,int)
            original:                  height[left] * (right - left) 
            mutant:                    height[left] % (right - left)
[04/24 17:41:38] [INFO   ] org.mutationtesting.major.mutation.Mutator.nextMutant:
    Creating mutant 16
[04/24 17:41:38] [INFO   ] org.mutationtesting.major.mutation.Mutator.logMutant:
    Logging mutant 16: Solution.maxArea(line 18, col 58)
            mutation operator group:   AOR
            mutation operator:         *(int,int) |==> +(int,int)
            original:                  height[left] * (right - left) 
            mutant:                    height[left] + (right - left)
[04/24 17:41:38] [INFO   ] org.mutationtesting.major.mutation.Mutator.nextMutant:
    Creating mutant 17
[04/24 17:41:38] [INFO   ] org.mutationtesting.major.mutation.Mutator.logMutant:
    Logging mutant 17: Solution.maxArea(line 18, col 58)
            mutation operator group:   AOR
            mutation operator:         *(int,int) |==> -(int,int)
            original:                  height[left] * (right - left) 
            mutant:                    height[left] - (right - left)
[04/24 17:41:38] [INFO   ] org.mutationtesting.major.mutation.Mutator.nextMutant:
    Creating mutant 18
[04/24 17:41:38] [INFO   ] org.mutationtesting.major.mutation.Mutator.logMutant:
    Logging mutant 18: Solution.maxArea(line 18, col 58)
            mutation operator group:   AOR
            mutation operator:         *(int,int) |==> /(int,int)
            original:                  height[left] * (right - left) 
            mutant:                    height[left] / (right - left)
[04/24 17:41:38] [INFO   ] org.mutationtesting.major.mutation.Mutator.nextMutant:
    Creating mutant 19
[04/24 17:41:38] [INFO   ] org.mutationtesting.major.mutation.Mutator.logMutantSTD:
    Logging mutantSTD 19: (STD) maxArea = Math.max(maxArea, height[left] * (right - left)); -> <NO-OP>
[04/24 17:41:38] [INFO   ] org.mutationtesting.major.mutation.Mutator.nextMutant:
    Creating mutant 20
[04/24 17:41:38] [INFO   ] org.mutationtesting.major.mutation.Mutator.logMutantSTD:
    Logging mutantSTD 20: (STD) left++; -> <NO-OP>
[04/24 17:41:38] [INFO   ] org.mutationtesting.major.mutation.Mutator.nextMutant:
    Creating mutant 21
[04/24 17:41:38] [INFO   ] org.mutationtesting.major.mutation.Mutator.logMutant:
    Logging mutant 21: Solution.maxArea(line 21, col 68)
            mutation operator group:   AOR
            mutation operator:         -(int,int) |==> %(int,int)
            original:                  right - left 
            mutant:                    right % left
[04/24 17:41:38] [INFO   ] org.mutationtesting.major.mutation.Mutator.nextMutant:
    Creating mutant 22
[04/24 17:41:38] [INFO   ] org.mutationtesting.major.mutation.Mutator.logMutant:
    Logging mutant 22: Solution.maxArea(line 21, col 68)
            mutation operator group:   AOR
            mutation operator:         -(int,int) |==> *(int,int)
            original:                  right - left 
            mutant:                    right * left
[04/24 17:41:38] [INFO   ] org.mutationtesting.major.mutation.Mutator.nextMutant:
    Creating mutant 23
[04/24 17:41:38] [INFO   ] org.mutationtesting.major.mutation.Mutator.logMutant:
    Logging mutant 23: Solution.maxArea(line 21, col 68)
            mutation operator group:   AOR
            mutation operator:         -(int,int) |==> +(int,int)
            original:                  right - left 
            mutant:                    right + left
[04/24 17:41:38] [INFO   ] org.mutationtesting.major.mutation.Mutator.nextMutant:
    Creating mutant 24
[04/24 17:41:38] [INFO   ] org.mutationtesting.major.mutation.Mutator.logMutant:
    Logging mutant 24: Solution.maxArea(line 21, col 68)
            mutation operator group:   AOR
            mutation operator:         -(int,int) |==> /(int,int)
            original:                  right - left 
            mutant:                    right / left
[04/24 17:41:38] [INFO   ] org.mutationtesting.major.mutation.Mutator.nextMutant:
    Creating mutant 25
[04/24 17:41:38] [INFO   ] org.mutationtesting.major.mutation.Mutator.logMutant:
    Logging mutant 25: Solution.maxArea(line 21, col 59)
            mutation operator group:   AOR
            mutation operator:         *(int,int) |==> %(int,int)
            original:                  height[right] * (right - left) 
            mutant:                    height[right] % (right - left)
[04/24 17:41:38] [INFO   ] org.mutationtesting.major.mutation.Mutator.nextMutant:
    Creating mutant 26
[04/24 17:41:38] [INFO   ] org.mutationtesting.major.mutation.Mutator.logMutant:
    Logging mutant 26: Solution.maxArea(line 21, col 59)
            mutation operator group:   AOR
            mutation operator:         *(int,int) |==> +(int,int)
            original:                  height[right] * (right - left) 
            mutant:                    height[right] + (right - left)
[04/24 17:41:38] [INFO   ] org.mutationtesting.major.mutation.Mutator.nextMutant:
    Creating mutant 27
[04/24 17:41:38] [INFO   ] org.mutationtesting.major.mutation.Mutator.logMutant:
    Logging mutant 27: Solution.maxArea(line 21, col 59)
            mutation operator group:   AOR
            mutation operator:         *(int,int) |==> -(int,int)
            original:                  height[right] * (right - left) 
            mutant:                    height[right] - (right - left)
[04/24 17:41:38] [INFO   ] org.mutationtesting.major.mutation.Mutator.nextMutant:
    Creating mutant 28
[04/24 17:41:38] [INFO   ] org.mutationtesting.major.mutation.Mutator.logMutant:
    Logging mutant 28: Solution.maxArea(line 21, col 59)
            mutation operator group:   AOR
            mutation operator:         *(int,int) |==> /(int,int)
            original:                  height[right] * (right - left) 
            mutant:                    height[right] / (right - left)
[04/24 17:41:38] [INFO   ] org.mutationtesting.major.mutation.Mutator.nextMutant:
    Creating mutant 29
[04/24 17:41:38] [INFO   ] org.mutationtesting.major.mutation.Mutator.logMutantSTD:
    Logging mutantSTD 29: (STD) maxArea = Math.max(maxArea, height[right] * (right - left)); -> <NO-OP>
[04/24 17:41:38] [INFO   ] org.mutationtesting.major.mutation.Mutator.nextMutant:
    Creating mutant 30
[04/24 17:41:38] [INFO   ] org.mutationtesting.major.mutation.Mutator.logMutantSTD:
    Logging mutantSTD 30: (STD) right--; -> <NO-OP>
[04/24 17:41:38] [INFO   ] org.mutationtesting.major.plugin.MajorPluginTaskListener.mutate:
    Generated 30 mutants (46 ms)
