1:AOR:+(int,int):%(int,int):g0001_0100.s0068_text_justification.Solution@fullJustify(java.lang.String[],int):14:words.length + 1 |==> words.length % 1
2:AOR:+(int,int):*(int,int):g0001_0100.s0068_text_justification.Solution@fullJustify(java.lang.String[],int):14:words.length + 1 |==> words.length * 1
3:AOR:+(int,int):-(int,int):g0001_0100.s0068_text_justification.Solution@fullJustify(java.lang.String[],int):14:words.length + 1 |==> words.length - 1
4:AOR:+(int,int):/(int,int):g0001_0100.s0068_text_justification.Solution@fullJustify(java.lang.String[],int):14:words.length + 1 |==> words.length / 1
5:AOR:/(int,int):%(int,int):g0001_0100.s0068_text_justification.Solution@fullJustify(java.lang.String[],int):14:maxWidth / 7 |==> maxWidth % 7
6:AOR:/(int,int):*(int,int):g0001_0100.s0068_text_justification.Solution@fullJustify(java.lang.String[],int):14:maxWidth / 7 |==> maxWidth * 7
7:AOR:/(int,int):+(int,int):g0001_0100.s0068_text_justification.Solution@fullJustify(java.lang.String[],int):14:maxWidth / 7 |==> maxWidth + 7
8:AOR:/(int,int):-(int,int):g0001_0100.s0068_text_justification.Solution@fullJustify(java.lang.String[],int):14:maxWidth / 7 |==> maxWidth - 7
9:AOR:+(int,int):%(int,int):g0001_0100.s0068_text_justification.Solution@fullJustify(java.lang.String[],int):14:1 + maxWidth / 7 |==> 1 % (maxWidth / 7)
10:AOR:+(int,int):*(int,int):g0001_0100.s0068_text_justification.Solution@fullJustify(java.lang.String[],int):14:1 + maxWidth / 7 |==> 1 * (maxWidth / 7)
11:AOR:+(int,int):-(int,int):g0001_0100.s0068_text_justification.Solution@fullJustify(java.lang.String[],int):14:1 + maxWidth / 7 |==> 1 - maxWidth / 7
12:AOR:+(int,int):/(int,int):g0001_0100.s0068_text_justification.Solution@fullJustify(java.lang.String[],int):14:1 + maxWidth / 7 |==> 1 / (maxWidth / 7)
13:AOR:/(int,int):%(int,int):g0001_0100.s0068_text_justification.Solution@fullJustify(java.lang.String[],int):14:(words.length + 1) / (1 + maxWidth / 7) |==> (words.length + 1) % (1 + maxWidth / 7)
14:AOR:/(int,int):*(int,int):g0001_0100.s0068_text_justification.Solution@fullJustify(java.lang.String[],int):14:(words.length + 1) / (1 + maxWidth / 7) |==> (words.length + 1) * (1 + maxWidth / 7)
15:AOR:/(int,int):+(int,int):g0001_0100.s0068_text_justification.Solution@fullJustify(java.lang.String[],int):14:(words.length + 1) / (1 + maxWidth / 7) |==> (words.length + 1) + (1 + maxWidth / 7)
16:AOR:/(int,int):-(int,int):g0001_0100.s0068_text_justification.Solution@fullJustify(java.lang.String[],int):14:(words.length + 1) / (1 + maxWidth / 7) |==> (words.length + 1) - (1 + maxWidth / 7)
17:AOR:-(int,int):%(int,int):g0001_0100.s0068_text_justification.Solution@fullJustify(java.lang.String[],int):22:words.length - 1 |==> words.length % 1
18:AOR:-(int,int):*(int,int):g0001_0100.s0068_text_justification.Solution@fullJustify(java.lang.String[],int):22:words.length - 1 |==> words.length * 1
19:AOR:-(int,int):+(int,int):g0001_0100.s0068_text_justification.Solution@fullJustify(java.lang.String[],int):22:words.length - 1 |==> words.length + 1
20:AOR:-(int,int):/(int,int):g0001_0100.s0068_text_justification.Solution@fullJustify(java.lang.String[],int):22:words.length - 1 |==> words.length / 1
21:ROR:<(int,int):!=(int,int):g0001_0100.s0068_text_justification.Solution@fullJustify(java.lang.String[],int):22:i < words.length - 1 |==> i != words.length - 1
22:ROR:<(int,int):<=(int,int):g0001_0100.s0068_text_justification.Solution@fullJustify(java.lang.String[],int):22:i < words.length - 1 |==> i <= words.length - 1
23:ROR:<(int,int):FALSE(int,int):g0001_0100.s0068_text_justification.Solution@fullJustify(java.lang.String[],int):22:i < words.length - 1 |==> false
24:STD:<ASSIGN>:<NO-OP>:g0001_0100.s0068_text_justification.Solution@fullJustify(java.lang.String[],int):23:lineTotal += words[i].length(); |==> <NO-OP>
25:STD:<INC>:<NO-OP>:g0001_0100.s0068_text_justification.Solution@fullJustify(java.lang.String[],int):25:numWordsOnLine++; |==> <NO-OP>
26:AOR:+(int,int):%(int,int):g0001_0100.s0068_text_justification.Solution@fullJustify(java.lang.String[],int):27:lineTotal + numWordsOnLine |==> lineTotal % numWordsOnLine
27:AOR:+(int,int):*(int,int):g0001_0100.s0068_text_justification.Solution@fullJustify(java.lang.String[],int):27:lineTotal + numWordsOnLine |==> lineTotal * numWordsOnLine
28:AOR:+(int,int):-(int,int):g0001_0100.s0068_text_justification.Solution@fullJustify(java.lang.String[],int):27:lineTotal + numWordsOnLine |==> lineTotal - numWordsOnLine
29:AOR:+(int,int):/(int,int):g0001_0100.s0068_text_justification.Solution@fullJustify(java.lang.String[],int):27:lineTotal + numWordsOnLine |==> lineTotal / numWordsOnLine
30:AOR:+(int,int):%(int,int):g0001_0100.s0068_text_justification.Solution@fullJustify(java.lang.String[],int):27:i + 1 |==> i % 1
31:AOR:+(int,int):*(int,int):g0001_0100.s0068_text_justification.Solution@fullJustify(java.lang.String[],int):27:i + 1 |==> i * 1
32:AOR:+(int,int):-(int,int):g0001_0100.s0068_text_justification.Solution@fullJustify(java.lang.String[],int):27:i + 1 |==> i - 1
33:AOR:+(int,int):/(int,int):g0001_0100.s0068_text_justification.Solution@fullJustify(java.lang.String[],int):27:i + 1 |==> i / 1
34:AOR:+(int,int):%(int,int):g0001_0100.s0068_text_justification.Solution@fullJustify(java.lang.String[],int):27:lineTotal + numWordsOnLine + words[i + 1].length() |==> (lineTotal + numWordsOnLine) % words[i + 1].length()
35:AOR:+(int,int):*(int,int):g0001_0100.s0068_text_justification.Solution@fullJustify(java.lang.String[],int):27:lineTotal + numWordsOnLine + words[i + 1].length() |==> (lineTotal + numWordsOnLine) * words[i + 1].length()
36:AOR:+(int,int):-(int,int):g0001_0100.s0068_text_justification.Solution@fullJustify(java.lang.String[],int):27:lineTotal + numWordsOnLine + words[i + 1].length() |==> lineTotal + numWordsOnLine - words[i + 1].length()
37:AOR:+(int,int):/(int,int):g0001_0100.s0068_text_justification.Solution@fullJustify(java.lang.String[],int):27:lineTotal + numWordsOnLine + words[i + 1].length() |==> (lineTotal + numWordsOnLine) / words[i + 1].length()
38:ROR:>(int,int):!=(int,int):g0001_0100.s0068_text_justification.Solution@fullJustify(java.lang.String[],int):27:lineTotal + numWordsOnLine + words[i + 1].length() > maxWidth |==> lineTotal + numWordsOnLine + words[i + 1].length() != maxWidth
39:ROR:>(int,int):>=(int,int):g0001_0100.s0068_text_justification.Solution@fullJustify(java.lang.String[],int):27:lineTotal + numWordsOnLine + words[i + 1].length() > maxWidth |==> lineTotal + numWordsOnLine + words[i + 1].length() >= maxWidth
40:ROR:>(int,int):FALSE(int,int):g0001_0100.s0068_text_justification.Solution@fullJustify(java.lang.String[],int):27:lineTotal + numWordsOnLine + words[i + 1].length() > maxWidth |==> false
41:ROR:==(int,int):<=(int,int):g0001_0100.s0068_text_justification.Solution@fullJustify(java.lang.String[],int):29:numWordsOnLine == 1 |==> numWordsOnLine <= 1
42:ROR:==(int,int):>=(int,int):g0001_0100.s0068_text_justification.Solution@fullJustify(java.lang.String[],int):29:numWordsOnLine == 1 |==> numWordsOnLine >= 1
43:ROR:==(int,int):FALSE(int,int):g0001_0100.s0068_text_justification.Solution@fullJustify(java.lang.String[],int):29:numWordsOnLine == 1 |==> false
44:STD:<CALL>:<NO-OP>:g0001_0100.s0068_text_justification.Solution@fullJustify(java.lang.String[],int):31:sb.append(words[i]); |==> <NO-OP>
45:ROR:<(int,int):!=(int,int):g0001_0100.s0068_text_justification.Solution@fullJustify(java.lang.String[],int):33:lineTotal++ < maxWidth |==> lineTotal++ != maxWidth
46:ROR:<(int,int):<=(int,int):g0001_0100.s0068_text_justification.Solution@fullJustify(java.lang.String[],int):33:lineTotal++ < maxWidth |==> lineTotal++ <= maxWidth
47:ROR:<(int,int):FALSE(int,int):g0001_0100.s0068_text_justification.Solution@fullJustify(java.lang.String[],int):33:lineTotal++ < maxWidth |==> false
48:STD:<CALL>:<NO-OP>:g0001_0100.s0068_text_justification.Solution@fullJustify(java.lang.String[],int):34:sb.append(' '); |==> <NO-OP>
49:AOR:-(int,int):%(int,int):g0001_0100.s0068_text_justification.Solution@fullJustify(java.lang.String[],int):38:maxWidth - lineTotal |==> maxWidth % lineTotal
50:AOR:-(int,int):*(int,int):g0001_0100.s0068_text_justification.Solution@fullJustify(java.lang.String[],int):38:maxWidth - lineTotal |==> maxWidth * lineTotal
51:AOR:-(int,int):+(int,int):g0001_0100.s0068_text_justification.Solution@fullJustify(java.lang.String[],int):38:maxWidth - lineTotal |==> maxWidth + lineTotal
52:AOR:-(int,int):/(int,int):g0001_0100.s0068_text_justification.Solution@fullJustify(java.lang.String[],int):38:maxWidth - lineTotal |==> maxWidth / lineTotal
53:AOR:-(int,int):%(int,int):g0001_0100.s0068_text_justification.Solution@fullJustify(java.lang.String[],int):38:numWordsOnLine - 1 |==> numWordsOnLine % 1
54:AOR:-(int,int):*(int,int):g0001_0100.s0068_text_justification.Solution@fullJustify(java.lang.String[],int):38:numWordsOnLine - 1 |==> numWordsOnLine * 1
55:AOR:-(int,int):+(int,int):g0001_0100.s0068_text_justification.Solution@fullJustify(java.lang.String[],int):38:numWordsOnLine - 1 |==> numWordsOnLine + 1
56:AOR:-(int,int):/(int,int):g0001_0100.s0068_text_justification.Solution@fullJustify(java.lang.String[],int):38:numWordsOnLine - 1 |==> numWordsOnLine / 1
57:AOR:%(int,int):*(int,int):g0001_0100.s0068_text_justification.Solution@fullJustify(java.lang.String[],int):38:(maxWidth - lineTotal) % (numWordsOnLine - 1) |==> (maxWidth - lineTotal) * (numWordsOnLine - 1)
58:AOR:%(int,int):+(int,int):g0001_0100.s0068_text_justification.Solution@fullJustify(java.lang.String[],int):38:(maxWidth - lineTotal) % (numWordsOnLine - 1) |==> (maxWidth - lineTotal) + (numWordsOnLine - 1)
59:AOR:%(int,int):-(int,int):g0001_0100.s0068_text_justification.Solution@fullJustify(java.lang.String[],int):38:(maxWidth - lineTotal) % (numWordsOnLine - 1) |==> (maxWidth - lineTotal) - (numWordsOnLine - 1)
60:AOR:%(int,int):/(int,int):g0001_0100.s0068_text_justification.Solution@fullJustify(java.lang.String[],int):38:(maxWidth - lineTotal) % (numWordsOnLine - 1) |==> (maxWidth - lineTotal) / (numWordsOnLine - 1)
61:AOR:+(int,int):%(int,int):g0001_0100.s0068_text_justification.Solution@fullJustify(java.lang.String[],int):41:startWord + numWordsOnLine |==> startWord % numWordsOnLine
62:AOR:+(int,int):*(int,int):g0001_0100.s0068_text_justification.Solution@fullJustify(java.lang.String[],int):41:startWord + numWordsOnLine |==> startWord * numWordsOnLine
63:AOR:+(int,int):-(int,int):g0001_0100.s0068_text_justification.Solution@fullJustify(java.lang.String[],int):41:startWord + numWordsOnLine |==> startWord - numWordsOnLine
64:AOR:+(int,int):/(int,int):g0001_0100.s0068_text_justification.Solution@fullJustify(java.lang.String[],int):41:startWord + numWordsOnLine |==> startWord / numWordsOnLine
65:AOR:-(int,int):%(int,int):g0001_0100.s0068_text_justification.Solution@fullJustify(java.lang.String[],int):41:startWord + numWordsOnLine - 1 |==> (startWord + numWordsOnLine) % 1
66:AOR:-(int,int):*(int,int):g0001_0100.s0068_text_justification.Solution@fullJustify(java.lang.String[],int):41:startWord + numWordsOnLine - 1 |==> (startWord + numWordsOnLine) * 1
67:AOR:-(int,int):+(int,int):g0001_0100.s0068_text_justification.Solution@fullJustify(java.lang.String[],int):41:startWord + numWordsOnLine - 1 |==> startWord + numWordsOnLine + 1
68:AOR:-(int,int):/(int,int):g0001_0100.s0068_text_justification.Solution@fullJustify(java.lang.String[],int):41:startWord + numWordsOnLine - 1 |==> (startWord + numWordsOnLine) / 1
69:ROR:<(int,int):!=(int,int):g0001_0100.s0068_text_justification.Solution@fullJustify(java.lang.String[],int):41:j < (startWord + numWordsOnLine - 1) |==> j != (startWord + numWordsOnLine - 1)
70:ROR:<(int,int):<=(int,int):g0001_0100.s0068_text_justification.Solution@fullJustify(java.lang.String[],int):41:j < (startWord + numWordsOnLine - 1) |==> j <= (startWord + numWordsOnLine - 1)
71:ROR:<(int,int):FALSE(int,int):g0001_0100.s0068_text_justification.Solution@fullJustify(java.lang.String[],int):41:j < (startWord + numWordsOnLine - 1) |==> false
72:STD:<CALL>:<NO-OP>:g0001_0100.s0068_text_justification.Solution@fullJustify(java.lang.String[],int):43:sb.append(words[j]); |==> <NO-OP>
73:ROR:>(int,int):!=(int,int):g0001_0100.s0068_text_justification.Solution@fullJustify(java.lang.String[],int):44:extraSp-- > 0 |==> extraSp-- != 0
74:ROR:>(int,int):>=(int,int):g0001_0100.s0068_text_justification.Solution@fullJustify(java.lang.String[],int):44:extraSp-- > 0 |==> extraSp-- >= 0
75:ROR:>(int,int):FALSE(int,int):g0001_0100.s0068_text_justification.Solution@fullJustify(java.lang.String[],int):44:extraSp-- > 0 |==> false
76:STD:<CALL>:<NO-OP>:g0001_0100.s0068_text_justification.Solution@fullJustify(java.lang.String[],int):46:sb.append(' '); |==> <NO-OP>
77:AOR:-(int,int):%(int,int):g0001_0100.s0068_text_justification.Solution@fullJustify(java.lang.String[],int):49:maxWidth - lineTotal |==> maxWidth % lineTotal
78:AOR:-(int,int):*(int,int):g0001_0100.s0068_text_justification.Solution@fullJustify(java.lang.String[],int):49:maxWidth - lineTotal |==> maxWidth * lineTotal
79:AOR:-(int,int):+(int,int):g0001_0100.s0068_text_justification.Solution@fullJustify(java.lang.String[],int):49:maxWidth - lineTotal |==> maxWidth + lineTotal
80:AOR:-(int,int):/(int,int):g0001_0100.s0068_text_justification.Solution@fullJustify(java.lang.String[],int):49:maxWidth - lineTotal |==> maxWidth / lineTotal
81:AOR:-(int,int):%(int,int):g0001_0100.s0068_text_justification.Solution@fullJustify(java.lang.String[],int):49:numWordsOnLine - 1 |==> numWordsOnLine % 1
82:AOR:-(int,int):*(int,int):g0001_0100.s0068_text_justification.Solution@fullJustify(java.lang.String[],int):49:numWordsOnLine - 1 |==> numWordsOnLine * 1
83:AOR:-(int,int):+(int,int):g0001_0100.s0068_text_justification.Solution@fullJustify(java.lang.String[],int):49:numWordsOnLine - 1 |==> numWordsOnLine + 1
84:AOR:-(int,int):/(int,int):g0001_0100.s0068_text_justification.Solution@fullJustify(java.lang.String[],int):49:numWordsOnLine - 1 |==> numWordsOnLine / 1
85:AOR:/(int,int):%(int,int):g0001_0100.s0068_text_justification.Solution@fullJustify(java.lang.String[],int):49:(maxWidth - lineTotal) / (numWordsOnLine - 1) |==> (maxWidth - lineTotal) % (numWordsOnLine - 1)
86:AOR:/(int,int):*(int,int):g0001_0100.s0068_text_justification.Solution@fullJustify(java.lang.String[],int):49:(maxWidth - lineTotal) / (numWordsOnLine - 1) |==> (maxWidth - lineTotal) * (numWordsOnLine - 1)
87:AOR:/(int,int):+(int,int):g0001_0100.s0068_text_justification.Solution@fullJustify(java.lang.String[],int):49:(maxWidth - lineTotal) / (numWordsOnLine - 1) |==> (maxWidth - lineTotal) + (numWordsOnLine - 1)
88:AOR:/(int,int):-(int,int):g0001_0100.s0068_text_justification.Solution@fullJustify(java.lang.String[],int):49:(maxWidth - lineTotal) / (numWordsOnLine - 1) |==> (maxWidth - lineTotal) - (numWordsOnLine - 1)
89:ROR:<(int,int):!=(int,int):g0001_0100.s0068_text_justification.Solution@fullJustify(java.lang.String[],int):49:k < (maxWidth - lineTotal) / (numWordsOnLine - 1) |==> k != (maxWidth - lineTotal) / (numWordsOnLine - 1)
90:ROR:<(int,int):<=(int,int):g0001_0100.s0068_text_justification.Solution@fullJustify(java.lang.String[],int):49:k < (maxWidth - lineTotal) / (numWordsOnLine - 1) |==> k <= (maxWidth - lineTotal) / (numWordsOnLine - 1)
91:ROR:<(int,int):FALSE(int,int):g0001_0100.s0068_text_justification.Solution@fullJustify(java.lang.String[],int):49:k < (maxWidth - lineTotal) / (numWordsOnLine - 1) |==> false
92:STD:<CALL>:<NO-OP>:g0001_0100.s0068_text_justification.Solution@fullJustify(java.lang.String[],int):50:sb.append(' '); |==> <NO-OP>
93:AOR:+(int,int):%(int,int):g0001_0100.s0068_text_justification.Solution@fullJustify(java.lang.String[],int):54:startWord + numWordsOnLine |==> startWord % numWordsOnLine
94:AOR:+(int,int):*(int,int):g0001_0100.s0068_text_justification.Solution@fullJustify(java.lang.String[],int):54:startWord + numWordsOnLine |==> startWord * numWordsOnLine
95:AOR:+(int,int):-(int,int):g0001_0100.s0068_text_justification.Solution@fullJustify(java.lang.String[],int):54:startWord + numWordsOnLine |==> startWord - numWordsOnLine
96:AOR:+(int,int):/(int,int):g0001_0100.s0068_text_justification.Solution@fullJustify(java.lang.String[],int):54:startWord + numWordsOnLine |==> startWord / numWordsOnLine
97:AOR:-(int,int):%(int,int):g0001_0100.s0068_text_justification.Solution@fullJustify(java.lang.String[],int):54:startWord + numWordsOnLine - 1 |==> (startWord + numWordsOnLine) % 1
98:AOR:-(int,int):*(int,int):g0001_0100.s0068_text_justification.Solution@fullJustify(java.lang.String[],int):54:startWord + numWordsOnLine - 1 |==> (startWord + numWordsOnLine) * 1
99:AOR:-(int,int):+(int,int):g0001_0100.s0068_text_justification.Solution@fullJustify(java.lang.String[],int):54:startWord + numWordsOnLine - 1 |==> startWord + numWordsOnLine + 1
100:AOR:-(int,int):/(int,int):g0001_0100.s0068_text_justification.Solution@fullJustify(java.lang.String[],int):54:startWord + numWordsOnLine - 1 |==> (startWord + numWordsOnLine) / 1
101:STD:<CALL>:<NO-OP>:g0001_0100.s0068_text_justification.Solution@fullJustify(java.lang.String[],int):54:sb.append(words[startWord + numWordsOnLine - 1]); |==> <NO-OP>
102:STD:<CALL>:<NO-OP>:g0001_0100.s0068_text_justification.Solution@fullJustify(java.lang.String[],int):57:output.add(sb.toString()); |==> <NO-OP>
103:AOR:+(int,int):%(int,int):g0001_0100.s0068_text_justification.Solution@fullJustify(java.lang.String[],int):60:i + 1 |==> i % 1
104:AOR:+(int,int):*(int,int):g0001_0100.s0068_text_justification.Solution@fullJustify(java.lang.String[],int):60:i + 1 |==> i * 1
105:AOR:+(int,int):-(int,int):g0001_0100.s0068_text_justification.Solution@fullJustify(java.lang.String[],int):60:i + 1 |==> i - 1
106:AOR:+(int,int):/(int,int):g0001_0100.s0068_text_justification.Solution@fullJustify(java.lang.String[],int):60:i + 1 |==> i / 1
107:STD:<ASSIGN>:<NO-OP>:g0001_0100.s0068_text_justification.Solution@fullJustify(java.lang.String[],int):60:startWord = i + 1; |==> <NO-OP>
108:STD:<ASSIGN>:<NO-OP>:g0001_0100.s0068_text_justification.Solution@fullJustify(java.lang.String[],int):62:numWordsOnLine = lineTotal = 0; |==> <NO-OP>
109:STD:<ASSIGN>:<NO-OP>:g0001_0100.s0068_text_justification.Solution@fullJustify(java.lang.String[],int):64:sb = new StringBuilder(maxWidth); |==> <NO-OP>
110:STD:<ASSIGN>:<NO-OP>:g0001_0100.s0068_text_justification.Solution@fullJustify(java.lang.String[],int):68:lineTotal = 0; |==> <NO-OP>
111:ROR:<(int,int):!=(int,int):g0001_0100.s0068_text_justification.Solution@fullJustify(java.lang.String[],int):69:i < words.length |==> i != words.length
112:ROR:<(int,int):<=(int,int):g0001_0100.s0068_text_justification.Solution@fullJustify(java.lang.String[],int):69:i < words.length |==> i <= words.length
113:ROR:<(int,int):FALSE(int,int):g0001_0100.s0068_text_justification.Solution@fullJustify(java.lang.String[],int):69:i < words.length |==> false
114:STD:<ASSIGN>:<NO-OP>:g0001_0100.s0068_text_justification.Solution@fullJustify(java.lang.String[],int):70:lineTotal += words[i].length(); |==> <NO-OP>
115:STD:<CALL>:<NO-OP>:g0001_0100.s0068_text_justification.Solution@fullJustify(java.lang.String[],int):71:sb.append(words[i]); |==> <NO-OP>
116:ROR:<(int,int):!=(int,int):g0001_0100.s0068_text_justification.Solution@fullJustify(java.lang.String[],int):72:lineTotal++ < maxWidth |==> lineTotal++ != maxWidth
117:ROR:<(int,int):<=(int,int):g0001_0100.s0068_text_justification.Solution@fullJustify(java.lang.String[],int):72:lineTotal++ < maxWidth |==> lineTotal++ <= maxWidth
118:ROR:<(int,int):FALSE(int,int):g0001_0100.s0068_text_justification.Solution@fullJustify(java.lang.String[],int):72:lineTotal++ < maxWidth |==> false
119:STD:<CALL>:<NO-OP>:g0001_0100.s0068_text_justification.Solution@fullJustify(java.lang.String[],int):73:sb.append(' '); |==> <NO-OP>
120:ROR:<(int,int):!=(int,int):g0001_0100.s0068_text_justification.Solution@fullJustify(java.lang.String[],int):77:lineTotal++ < maxWidth |==> lineTotal++ != maxWidth
121:ROR:<(int,int):<=(int,int):g0001_0100.s0068_text_justification.Solution@fullJustify(java.lang.String[],int):77:lineTotal++ < maxWidth |==> lineTotal++ <= maxWidth
122:ROR:<(int,int):FALSE(int,int):g0001_0100.s0068_text_justification.Solution@fullJustify(java.lang.String[],int):77:lineTotal++ < maxWidth |==> false
123:STD:<CALL>:<NO-OP>:g0001_0100.s0068_text_justification.Solution@fullJustify(java.lang.String[],int):78:sb.append(' '); |==> <NO-OP>
124:STD:<CALL>:<NO-OP>:g0001_0100.s0068_text_justification.Solution@fullJustify(java.lang.String[],int):81:output.add(sb.toString()); |==> <NO-OP>
