ERROR:root:Failed to parse \F x.(F(x) & (_ = {NNP})(x)). Error: The function '(_ = {NNP})' is not a Lambda Expression, an Application Expression, or a functional predicate, so it may not take arguments.
\F x.(F(x) & (_ = {NNP})(x))
                       ^
ERROR:root:An error occurred: The function '(_ = {NNP})' is not a Lambda Expression, an Application Expression, or a functional predicate, so it may not take arguments.
\F x.(F(x) & (_ = {NNP})(x))
                       ^
Sentence: < code > 1 < = g [ i ] , s [ j ] < = 2 < sup > 31 < /sup > - 1 < /code >
Tree XML:
<sentence>
  <tokens>
    <token start="0" span="1" pos="JJ" chunk="I-NP" entity="O" cat="N/N" id="t0_0" surf="&lt;" base="&lt;"/>
    <token start="1" span="1" pos="NN" chunk="I-NP" entity="O" cat="N" id="t0_1" surf="code" base="code"/>
    <token start="2" span="1" pos="VBD" chunk="I-VP" entity="O" cat="(S[dcl]\NP)/NP" id="t0_2" surf="&gt;" base="&gt;"/>
    <token start="3" span="1" pos="CD" chunk="I-NP" entity="O" cat="N/N" id="t0_3" surf="1" base="1"/>
    <token start="4" span="1" pos="NNP" chunk="I-NP" entity="O" cat="N/N" id="t0_4" surf="&lt;" base="&lt;"/>
    <token start="5" span="1" pos="NNP" chunk="I-NP" entity="O" cat="N/N" id="t0_5" surf="=" base="="/>
    <token start="6" span="1" pos="NNP" chunk="I-NP" entity="O" cat="N/N" id="t0_6" surf="g" base="g"/>
    <token start="7" span="1" pos="NNP" chunk="I-NP" entity="O" cat="N/N" id="t0_7" surf="[" base="["/>
    <token start="8" span="1" pos="NNP" chunk="I-NP" entity="O" cat="N/N" id="t0_8" surf="i" base="i"/>
    <token start="9" span="1" pos="NNP" chunk="I-NP" entity="O" cat="N" id="t0_9" surf="]" base="]"/>
    <token start="10" span="1" pos="," chunk="O" entity="O" cat="," id="t0_10" surf="," base=","/>
    <token start="11" span="1" pos="VBZ" chunk="I-VP" entity="O" cat="(S[dcl]\S[dcl])/NP" id="t0_11" surf="s" base="s"/>
    <token start="12" span="1" pos="NNP" chunk="I-NP" entity="O" cat="N/N" id="t0_12" surf="[" base="["/>
    <token start="13" span="1" pos="NNP" chunk="I-NP" entity="O" cat="N/N" id="t0_13" surf="j" base="j"/>
    <token start="14" span="1" pos="NNP" chunk="I-NP" entity="O" cat="N/N" id="t0_14" surf="]" base="]"/>
    <token start="15" span="1" pos="NNP" chunk="I-NP" entity="O" cat="N" id="t0_15" surf="&lt;" base="&lt;"/>
    <token start="16" span="1" pos="VBD" chunk="I-VP" entity="O" cat="(S[dcl]\NP)/NP" id="t0_16" surf="=" base="="/>
    <token start="17" span="1" pos="CD" chunk="I-NP" entity="I-TIM" cat="(N/N)/(N/N)" id="t0_17" surf="2" base="2"/>
    <token start="18" span="1" pos="CD" chunk="I-NP" entity="I-TIM" cat="N/N" id="t0_18" surf="&lt;" base="&lt;"/>
    <token start="19" span="1" pos="NN" chunk="I-NP" entity="I-TIM" cat="N/N" id="t0_19" surf="sup" base="sup"/>
    <token start="20" span="1" pos="NNP" chunk="B-NP" entity="I-TIM" cat="N/N" id="t0_20" surf="&gt;" base="&gt;"/>
    <token start="21" span="1" pos="CD" chunk="I-NP" entity="I-TIM" cat="N/N" id="t0_21" surf="31" base="31"/>
    <token start="22" span="1" pos="NN" chunk="I-NP" entity="I-TIM" cat="N/N" id="t0_22" surf="&lt;" base="&lt;"/>
    <token start="23" span="1" pos="NN" chunk="I-NP" entity="I-TIM" cat="N/N" id="t0_23" surf="/sup" base="/sup"/>
    <token start="24" span="1" pos="SYM" chunk="B-NP" entity="I-TIM" cat="N" id="t0_24" surf="&gt;" base="&gt;"/>
    <token start="25" span="1" pos=":" chunk="O" entity="I-TIM" cat="(NP\NP)/NP" id="t0_25" surf="-" base="-"/>
    <token start="26" span="1" pos="CD" chunk="I-NP" entity="I-TIM" cat="N/N" id="t0_26" surf="1" base="1"/>
    <token start="27" span="1" pos="JJ" chunk="I-NP" entity="I-TIM" cat="N/N" id="t0_27" surf="&lt;" base="&lt;"/>
    <token start="28" span="1" pos="NN" chunk="I-NP" entity="I-TIM" cat="N/N" id="t0_28" surf="/code" base="/code"/>
    <token start="29" span="1" pos="NN" chunk="I-NP" entity="I-TIM" cat="N" id="t0_29" surf="&gt;" base="&gt;"/>
  </tokens>
  <ccg root="s0_sp0" id="s0_ccg0">
    <span root="true" id="s0_sp0" child="s0_sp1 s0_sp22" category="S[dcl=true]" rule="ba"/>
    <span id="s0_sp1" child="s0_sp2 s0_sp6" category="S[dcl=true]" rule="ba"/>
    <span id="s0_sp2" child="s0_sp3" category="NP" rule="lex"/>
    <span id="s0_sp3" child="s0_sp4 s0_sp5" category="N" rule="fa"/>
    <span start="0" span="1" pos="JJ" chunk="I-NP" entity="O" id="s0_sp4" surf="&lt;" base="&lt;" terminal="t0_0" category="N/N"/>
    <span start="1" span="1" pos="NN" chunk="I-NP" entity="O" id="s0_sp5" surf="code" base="code" terminal="t0_1" category="N"/>
    <span id="s0_sp6" child="s0_sp7 s0_sp8" category="S[dcl=true]\NP" rule="fa"/>
    <span start="2" span="1" pos="VBD" chunk="I-VP" entity="O" id="s0_sp7" surf="&gt;" base="&gt;" terminal="t0_2" category="(S[dcl=true]\NP)/NP"/>
    <span id="s0_sp8" child="s0_sp9" category="NP" rule="lex"/>
    <span id="s0_sp9" child="s0_sp10 s0_sp11" category="N" rule="fa"/>
    <span start="3" span="1" pos="CD" chunk="I-NP" entity="O" id="s0_sp10" surf="1" base="1" terminal="t0_3" category="N/N"/>
    <span id="s0_sp11" child="s0_sp12 s0_sp13" category="N" rule="fa"/>
    <span start="4" span="1" pos="NNP" chunk="I-NP" entity="O" id="s0_sp12" surf="&lt;" base="&lt;" terminal="t0_4" category="N/N"/>
    <span id="s0_sp13" child="s0_sp14 s0_sp15" category="N" rule="fa"/>
    <span start="5" span="1" pos="NNP" chunk="I-NP" entity="O" id="s0_sp14" surf="=" base="=" terminal="t0_5" category="N/N"/>
    <span id="s0_sp15" child="s0_sp16 s0_sp17" category="N" rule="fa"/>
    <span start="6" span="1" pos="NNP" chunk="I-NP" entity="O" id="s0_sp16" surf="g" base="g" terminal="t0_6" category="N/N"/>
    <span id="s0_sp17" child="s0_sp18 s0_sp19" category="N" rule="fa"/>
    <span start="7" span="1" pos="NNP" chunk="I-NP" entity="O" id="s0_sp18" surf="[" base="[" terminal="t0_7" category="N/N"/>
    <span id="s0_sp19" child="s0_sp20 s0_sp21" category="N" rule="fa"/>
    <span start="8" span="1" pos="NNP" chunk="I-NP" entity="O" id="s0_sp20" surf="i" base="i" terminal="t0_8" category="N/N"/>
    <span start="9" span="1" pos="NNP" chunk="I-NP" entity="O" id="s0_sp21" surf="]" base="]" terminal="t0_9" category="N"/>
    <span id="s0_sp22" child="s0_sp23 s0_sp24" category="S[dcl=true]\S[dcl=true]" rule="lp"/>
    <span start="10" span="1" pos="," chunk="O" entity="O" id="s0_sp23" surf="," base="," terminal="t0_10" category="=true,"/>
    <span id="s0_sp24" child="s0_sp25 s0_sp26" category="S[dcl=true]\S[dcl=true]" rule="fa"/>
    <span start="11" span="1" pos="VBZ" chunk="I-VP" entity="O" id="s0_sp25" surf="s" base="s" terminal="t0_11" category="(S[dcl=true]\S[dcl=true])/NP"/>
    <span id="s0_sp26" child="s0_sp27 s0_sp35" category="NP" rule="ba"/>
    <span id="s0_sp27" child="s0_sp28" category="NP" rule="lex"/>
    <span id="s0_sp28" child="s0_sp29 s0_sp30" category="N" rule="fa"/>
    <span start="12" span="1" pos="NNP" chunk="I-NP" entity="O" id="s0_sp29" surf="[" base="[" terminal="t0_12" category="N/N"/>
    <span id="s0_sp30" child="s0_sp31 s0_sp32" category="N" rule="fa"/>
    <span start="13" span="1" pos="NNP" chunk="I-NP" entity="O" id="s0_sp31" surf="j" base="j" terminal="t0_13" category="N/N"/>
    <span id="s0_sp32" child="s0_sp33 s0_sp34" category="N" rule="fa"/>
    <span start="14" span="1" pos="NNP" chunk="I-NP" entity="O" id="s0_sp33" surf="]" base="]" terminal="t0_14" category="N/N"/>
    <span start="15" span="1" pos="NNP" chunk="I-NP" entity="O" id="s0_sp34" surf="&lt;" base="&lt;" terminal="t0_15" category="N"/>
    <span id="s0_sp35" child="s0_sp36" category="NP\NP" rule="lex"/>
    <span id="s0_sp36" child="s0_sp37 s0_sp38" category="S[dcl=true]\NP" rule="fa"/>
    <span start="16" span="1" pos="VBD" chunk="I-VP" entity="O" id="s0_sp37" surf="=" base="=" terminal="t0_16" category="(S[dcl=true]\NP)/NP"/>
    <span id="s0_sp38" child="s0_sp39 s0_sp55" category="NP" rule="ba"/>
    <span id="s0_sp39" child="s0_sp40" category="NP" rule="lex"/>
    <span id="s0_sp40" child="s0_sp41 s0_sp44" category="N" rule="fa"/>
    <span id="s0_sp41" child="s0_sp42 s0_sp43" category="N/N" rule="fa"/>
    <span start="17" span="1" pos="CD" chunk="I-NP" entity="I-TIM" id="s0_sp42" surf="2" base="2" terminal="t0_17" category="(N/N)/(N/N)"/>
    <span start="18" span="1" pos="CD" chunk="I-NP" entity="I-TIM" id="s0_sp43" surf="&lt;" base="&lt;" terminal="t0_18" category="N/N"/>
    <span id="s0_sp44" child="s0_sp45 s0_sp46" category="N" rule="fa"/>
    <span start="19" span="1" pos="NN" chunk="I-NP" entity="I-TIM" id="s0_sp45" surf="sup" base="sup" terminal="t0_19" category="N/N"/>
    <span id="s0_sp46" child="s0_sp47 s0_sp48" category="N" rule="fa"/>
    <span start="20" span="1" pos="NNP" chunk="B-NP" entity="I-TIM" id="s0_sp47" surf="&gt;" base="&gt;" terminal="t0_20" category="N/N"/>
    <span id="s0_sp48" child="s0_sp49 s0_sp50" category="N" rule="fa"/>
    <span start="21" span="1" pos="CD" chunk="I-NP" entity="I-TIM" id="s0_sp49" surf="31" base="31" terminal="t0_21" category="N/N"/>
    <span id="s0_sp50" child="s0_sp51 s0_sp52" category="N" rule="fa"/>
    <span start="22" span="1" pos="NN" chunk="I-NP" entity="I-TIM" id="s0_sp51" surf="&lt;" base="&lt;" terminal="t0_22" category="N/N"/>
    <span id="s0_sp52" child="s0_sp53 s0_sp54" category="N" rule="fa"/>
    <span start="23" span="1" pos="NN" chunk="I-NP" entity="I-TIM" id="s0_sp53" surf="/sup" base="/sup" terminal="t0_23" category="N/N"/>
    <span start="24" span="1" pos="SYM" chunk="B-NP" entity="I-TIM" id="s0_sp54" surf="&gt;" base="&gt;" terminal="t0_24" category="N"/>
    <span id="s0_sp55" child="s0_sp56 s0_sp57" category="NP\NP" rule="fa"/>
    <span start="25" span="1" pos=":" chunk="O" entity="I-TIM" id="s0_sp56" surf="-" base="-" terminal="t0_25" category="(NP\NP)/NP"/>
    <span id="s0_sp57" child="s0_sp58" category="NP" rule="lex"/>
    <span id="s0_sp58" child="s0_sp59 s0_sp60" category="N" rule="fa"/>
    <span start="26" span="1" pos="CD" chunk="I-NP" entity="I-TIM" id="s0_sp59" surf="1" base="1" terminal="t0_26" category="N/N"/>
    <span id="s0_sp60" child="s0_sp61 s0_sp62" category="N" rule="fa"/>
    <span start="27" span="1" pos="JJ" chunk="I-NP" entity="I-TIM" id="s0_sp61" surf="&lt;" base="&lt;" terminal="t0_27" category="N/N"/>
    <span id="s0_sp62" child="s0_sp63 s0_sp64" category="N" rule="fa"/>
    <span start="28" span="1" pos="NN" chunk="I-NP" entity="I-TIM" id="s0_sp63" surf="/code" base="/code" terminal="t0_28" category="N/N"/>
    <span start="29" span="1" pos="NN" chunk="I-NP" entity="I-TIM" id="s0_sp64" surf="&gt;" base="&gt;" terminal="t0_29" category="N"/>
  </ccg>
</sentence>

