1:STD:<CALL>:<NO-OP>:g0001_0100.s0018_4sum.Solution@fourSum(int[],int):16:Arrays.sort(nums); |==> <NO-OP>
2:AOR:-(int,int):%(int,int):g0001_0100.s0018_4sum.Solution@fourSum(int[],int):18:n - 3 |==> n % 3
3:AOR:-(int,int):*(int,int):g0001_0100.s0018_4sum.Solution@fourSum(int[],int):18:n - 3 |==> n * 3
4:AOR:-(int,int):+(int,int):g0001_0100.s0018_4sum.Solution@fourSum(int[],int):18:n - 3 |==> n + 3
5:AOR:-(int,int):/(int,int):g0001_0100.s0018_4sum.Solution@fourSum(int[],int):18:n - 3 |==> n / 3
6:ROR:<(int,int):!=(int,int):g0001_0100.s0018_4sum.Solution@fourSum(int[],int):18:i < n - 3 |==> i != n - 3
7:ROR:<(int,int):<=(int,int):g0001_0100.s0018_4sum.Solution@fourSum(int[],int):18:i < n - 3 |==> i <= n - 3
8:ROR:<(int,int):FALSE(int,int):g0001_0100.s0018_4sum.Solution@fourSum(int[],int):18:i < n - 3 |==> false
9:ROR:>(int,int):!=(int,int):g0001_0100.s0018_4sum.Solution@fourSum(int[],int):19:i > 0 |==> i != 0
10:ROR:>(int,int):>=(int,int):g0001_0100.s0018_4sum.Solution@fourSum(int[],int):19:i > 0 |==> i >= 0
11:ROR:>(int,int):FALSE(int,int):g0001_0100.s0018_4sum.Solution@fourSum(int[],int):19:i > 0 |==> false
12:AOR:-(int,int):%(int,int):g0001_0100.s0018_4sum.Solution@fourSum(int[],int):19:i - 1 |==> i % 1
13:AOR:-(int,int):*(int,int):g0001_0100.s0018_4sum.Solution@fourSum(int[],int):19:i - 1 |==> i * 1
14:AOR:-(int,int):+(int,int):g0001_0100.s0018_4sum.Solution@fourSum(int[],int):19:i - 1 |==> i + 1
15:AOR:-(int,int):/(int,int):g0001_0100.s0018_4sum.Solution@fourSum(int[],int):19:i - 1 |==> i / 1
16:ROR:==(int,int):<=(int,int):g0001_0100.s0018_4sum.Solution@fourSum(int[],int):19:nums[i] == nums[i - 1] |==> nums[i] <= nums[i - 1]
17:ROR:==(int,int):>=(int,int):g0001_0100.s0018_4sum.Solution@fourSum(int[],int):19:nums[i] == nums[i - 1] |==> nums[i] >= nums[i - 1]
18:ROR:==(int,int):FALSE(int,int):g0001_0100.s0018_4sum.Solution@fourSum(int[],int):19:nums[i] == nums[i - 1] |==> false
19:COR:&&(boolean,boolean):==(boolean,boolean):g0001_0100.s0018_4sum.Solution@fourSum(int[],int):19:i > 0 && nums[i] == nums[i - 1] |==> i > 0 == (nums[i] == nums[i - 1])
20:COR:&&(boolean,boolean):FALSE(boolean,boolean):g0001_0100.s0018_4sum.Solution@fourSum(int[],int):19:i > 0 && nums[i] == nums[i - 1] |==> false
21:COR:&&(boolean,boolean):LHS(boolean,boolean):g0001_0100.s0018_4sum.Solution@fourSum(int[],int):19:i > 0 && nums[i] == nums[i - 1] |==> i > 0
22:COR:&&(boolean,boolean):RHS(boolean,boolean):g0001_0100.s0018_4sum.Solution@fourSum(int[],int):19:i > 0 && nums[i] == nums[i - 1] |==> nums[i] == nums[i - 1]
23:STD:<CONT>:<NO-OP>:g0001_0100.s0018_4sum.Solution@fourSum(int[],int):20:continue; |==> <NO-OP>
24:AOR:+(int,int):%(int,int):g0001_0100.s0018_4sum.Solution@fourSum(int[],int):22:i + 1 |==> i % 1
25:AOR:+(int,int):*(int,int):g0001_0100.s0018_4sum.Solution@fourSum(int[],int):22:i + 1 |==> i * 1
26:AOR:+(int,int):-(int,int):g0001_0100.s0018_4sum.Solution@fourSum(int[],int):22:i + 1 |==> i - 1
27:AOR:+(int,int):/(int,int):g0001_0100.s0018_4sum.Solution@fourSum(int[],int):22:i + 1 |==> i / 1
28:AOR:+(long,long):%(long,long):g0001_0100.s0018_4sum.Solution@fourSum(int[],int):22:(long)nums[i] + nums[i + 1] |==> (long)nums[i] % nums[i + 1]
29:AOR:+(long,long):*(long,long):g0001_0100.s0018_4sum.Solution@fourSum(int[],int):22:(long)nums[i] + nums[i + 1] |==> (long)nums[i] * nums[i + 1]
30:AOR:+(long,long):-(long,long):g0001_0100.s0018_4sum.Solution@fourSum(int[],int):22:(long)nums[i] + nums[i + 1] |==> (long)nums[i] - nums[i + 1]
31:AOR:+(long,long):/(long,long):g0001_0100.s0018_4sum.Solution@fourSum(int[],int):22:(long)nums[i] + nums[i + 1] |==> (long)nums[i] / nums[i + 1]
32:AOR:+(int,int):%(int,int):g0001_0100.s0018_4sum.Solution@fourSum(int[],int):22:i + 2 |==> i % 2
33:AOR:+(int,int):*(int,int):g0001_0100.s0018_4sum.Solution@fourSum(int[],int):22:i + 2 |==> i * 2
34:AOR:+(int,int):-(int,int):g0001_0100.s0018_4sum.Solution@fourSum(int[],int):22:i + 2 |==> i - 2
35:AOR:+(int,int):/(int,int):g0001_0100.s0018_4sum.Solution@fourSum(int[],int):22:i + 2 |==> i / 2
36:AOR:+(long,long):%(long,long):g0001_0100.s0018_4sum.Solution@fourSum(int[],int):22:(long)nums[i] + nums[i + 1] + nums[i + 2] |==> ((long)nums[i] + nums[i + 1]) % nums[i + 2]
37:AOR:+(long,long):*(long,long):g0001_0100.s0018_4sum.Solution@fourSum(int[],int):22:(long)nums[i] + nums[i + 1] + nums[i + 2] |==> ((long)nums[i] + nums[i + 1]) * nums[i + 2]
38:AOR:+(long,long):-(long,long):g0001_0100.s0018_4sum.Solution@fourSum(int[],int):22:(long)nums[i] + nums[i + 1] + nums[i + 2] |==> (long)nums[i] + nums[i + 1] - nums[i + 2]
39:AOR:+(long,long):/(long,long):g0001_0100.s0018_4sum.Solution@fourSum(int[],int):22:(long)nums[i] + nums[i + 1] + nums[i + 2] |==> ((long)nums[i] + nums[i + 1]) / nums[i + 2]
40:AOR:+(int,int):%(int,int):g0001_0100.s0018_4sum.Solution@fourSum(int[],int):22:i + 3 |==> i % 3
41:AOR:+(int,int):*(int,int):g0001_0100.s0018_4sum.Solution@fourSum(int[],int):22:i + 3 |==> i * 3
42:AOR:+(int,int):-(int,int):g0001_0100.s0018_4sum.Solution@fourSum(int[],int):22:i + 3 |==> i - 3
43:AOR:+(int,int):/(int,int):g0001_0100.s0018_4sum.Solution@fourSum(int[],int):22:i + 3 |==> i / 3
44:AOR:+(long,long):%(long,long):g0001_0100.s0018_4sum.Solution@fourSum(int[],int):22:(long)nums[i] + nums[i + 1] + nums[i + 2] + nums[i + 3] |==> ((long)nums[i] + nums[i + 1] + nums[i + 2]) % nums[i + 3]
45:AOR:+(long,long):*(long,long):g0001_0100.s0018_4sum.Solution@fourSum(int[],int):22:(long)nums[i] + nums[i + 1] + nums[i + 2] + nums[i + 3] |==> ((long)nums[i] + nums[i + 1] + nums[i + 2]) * nums[i + 3]
46:AOR:+(long,long):-(long,long):g0001_0100.s0018_4sum.Solution@fourSum(int[],int):22:(long)nums[i] + nums[i + 1] + nums[i + 2] + nums[i + 3] |==> (long)nums[i] + nums[i + 1] + nums[i + 2] - nums[i + 3]
47:AOR:+(long,long):/(long,long):g0001_0100.s0018_4sum.Solution@fourSum(int[],int):22:(long)nums[i] + nums[i + 1] + nums[i + 2] + nums[i + 3] |==> ((long)nums[i] + nums[i + 1] + nums[i + 2]) / nums[i + 3]
48:ROR:>(long,long):!=(long,long):g0001_0100.s0018_4sum.Solution@fourSum(int[],int):22:(long)nums[i] + nums[i + 1] + nums[i + 2] + nums[i + 3] > target |==> (long)nums[i] + nums[i + 1] + nums[i + 2] + nums[i + 3] != target
49:ROR:>(long,long):>=(long,long):g0001_0100.s0018_4sum.Solution@fourSum(int[],int):22:(long)nums[i] + nums[i + 1] + nums[i + 2] + nums[i + 3] > target |==> (long)nums[i] + nums[i + 1] + nums[i + 2] + nums[i + 3] >= target
50:ROR:>(long,long):FALSE(long,long):g0001_0100.s0018_4sum.Solution@fourSum(int[],int):22:(long)nums[i] + nums[i + 1] + nums[i + 2] + nums[i + 3] > target |==> false
51:STD:<BREAK>:<NO-OP>:g0001_0100.s0018_4sum.Solution@fourSum(int[],int):23:break; |==> <NO-OP>
52:AOR:-(int,int):%(int,int):g0001_0100.s0018_4sum.Solution@fourSum(int[],int):25:n - 3 |==> n % 3
53:AOR:-(int,int):*(int,int):g0001_0100.s0018_4sum.Solution@fourSum(int[],int):25:n - 3 |==> n * 3
54:AOR:-(int,int):+(int,int):g0001_0100.s0018_4sum.Solution@fourSum(int[],int):25:n - 3 |==> n + 3
55:AOR:-(int,int):/(int,int):g0001_0100.s0018_4sum.Solution@fourSum(int[],int):25:n - 3 |==> n / 3
56:AOR:+(long,long):%(long,long):g0001_0100.s0018_4sum.Solution@fourSum(int[],int):25:(long)nums[i] + nums[n - 3] |==> (long)nums[i] % nums[n - 3]
57:AOR:+(long,long):*(long,long):g0001_0100.s0018_4sum.Solution@fourSum(int[],int):25:(long)nums[i] + nums[n - 3] |==> (long)nums[i] * nums[n - 3]
58:AOR:+(long,long):-(long,long):g0001_0100.s0018_4sum.Solution@fourSum(int[],int):25:(long)nums[i] + nums[n - 3] |==> (long)nums[i] - nums[n - 3]
59:AOR:+(long,long):/(long,long):g0001_0100.s0018_4sum.Solution@fourSum(int[],int):25:(long)nums[i] + nums[n - 3] |==> (long)nums[i] / nums[n - 3]
60:AOR:-(int,int):%(int,int):g0001_0100.s0018_4sum.Solution@fourSum(int[],int):25:n - 2 |==> n % 2
61:AOR:-(int,int):*(int,int):g0001_0100.s0018_4sum.Solution@fourSum(int[],int):25:n - 2 |==> n * 2
62:AOR:-(int,int):+(int,int):g0001_0100.s0018_4sum.Solution@fourSum(int[],int):25:n - 2 |==> n + 2
63:AOR:-(int,int):/(int,int):g0001_0100.s0018_4sum.Solution@fourSum(int[],int):25:n - 2 |==> n / 2
64:AOR:+(long,long):%(long,long):g0001_0100.s0018_4sum.Solution@fourSum(int[],int):25:(long)nums[i] + nums[n - 3] + nums[n - 2] |==> ((long)nums[i] + nums[n - 3]) % nums[n - 2]
65:AOR:+(long,long):*(long,long):g0001_0100.s0018_4sum.Solution@fourSum(int[],int):25:(long)nums[i] + nums[n - 3] + nums[n - 2] |==> ((long)nums[i] + nums[n - 3]) * nums[n - 2]
66:AOR:+(long,long):-(long,long):g0001_0100.s0018_4sum.Solution@fourSum(int[],int):25:(long)nums[i] + nums[n - 3] + nums[n - 2] |==> (long)nums[i] + nums[n - 3] - nums[n - 2]
67:AOR:+(long,long):/(long,long):g0001_0100.s0018_4sum.Solution@fourSum(int[],int):25:(long)nums[i] + nums[n - 3] + nums[n - 2] |==> ((long)nums[i] + nums[n - 3]) / nums[n - 2]
68:AOR:-(int,int):%(int,int):g0001_0100.s0018_4sum.Solution@fourSum(int[],int):25:n - 1 |==> n % 1
69:AOR:-(int,int):*(int,int):g0001_0100.s0018_4sum.Solution@fourSum(int[],int):25:n - 1 |==> n * 1
70:AOR:-(int,int):+(int,int):g0001_0100.s0018_4sum.Solution@fourSum(int[],int):25:n - 1 |==> n + 1
71:AOR:-(int,int):/(int,int):g0001_0100.s0018_4sum.Solution@fourSum(int[],int):25:n - 1 |==> n / 1
72:AOR:+(long,long):%(long,long):g0001_0100.s0018_4sum.Solution@fourSum(int[],int):25:(long)nums[i] + nums[n - 3] + nums[n - 2] + nums[n - 1] |==> ((long)nums[i] + nums[n - 3] + nums[n - 2]) % nums[n - 1]
73:AOR:+(long,long):*(long,long):g0001_0100.s0018_4sum.Solution@fourSum(int[],int):25:(long)nums[i] + nums[n - 3] + nums[n - 2] + nums[n - 1] |==> ((long)nums[i] + nums[n - 3] + nums[n - 2]) * nums[n - 1]
74:AOR:+(long,long):-(long,long):g0001_0100.s0018_4sum.Solution@fourSum(int[],int):25:(long)nums[i] + nums[n - 3] + nums[n - 2] + nums[n - 1] |==> (long)nums[i] + nums[n - 3] + nums[n - 2] - nums[n - 1]
75:AOR:+(long,long):/(long,long):g0001_0100.s0018_4sum.Solution@fourSum(int[],int):25:(long)nums[i] + nums[n - 3] + nums[n - 2] + nums[n - 1] |==> ((long)nums[i] + nums[n - 3] + nums[n - 2]) / nums[n - 1]
76:ROR:<(long,long):!=(long,long):g0001_0100.s0018_4sum.Solution@fourSum(int[],int):25:(long)nums[i] + nums[n - 3] + nums[n - 2] + nums[n - 1] < target |==> (long)nums[i] + nums[n - 3] + nums[n - 2] + nums[n - 1] != target
77:ROR:<(long,long):<=(long,long):g0001_0100.s0018_4sum.Solution@fourSum(int[],int):25:(long)nums[i] + nums[n - 3] + nums[n - 2] + nums[n - 1] < target |==> (long)nums[i] + nums[n - 3] + nums[n - 2] + nums[n - 1] <= target
78:ROR:<(long,long):FALSE(long,long):g0001_0100.s0018_4sum.Solution@fourSum(int[],int):25:(long)nums[i] + nums[n - 3] + nums[n - 2] + nums[n - 1] < target |==> false
79:STD:<CONT>:<NO-OP>:g0001_0100.s0018_4sum.Solution@fourSum(int[],int):26:continue; |==> <NO-OP>
80:AOR:+(int,int):%(int,int):g0001_0100.s0018_4sum.Solution@fourSum(int[],int):28:i + 1 |==> i % 1
81:AOR:+(int,int):*(int,int):g0001_0100.s0018_4sum.Solution@fourSum(int[],int):28:i + 1 |==> i * 1
82:AOR:+(int,int):-(int,int):g0001_0100.s0018_4sum.Solution@fourSum(int[],int):28:i + 1 |==> i - 1
83:AOR:+(int,int):/(int,int):g0001_0100.s0018_4sum.Solution@fourSum(int[],int):28:i + 1 |==> i / 1
84:AOR:-(int,int):%(int,int):g0001_0100.s0018_4sum.Solution@fourSum(int[],int):28:n - 2 |==> n % 2
85:AOR:-(int,int):*(int,int):g0001_0100.s0018_4sum.Solution@fourSum(int[],int):28:n - 2 |==> n * 2
86:AOR:-(int,int):+(int,int):g0001_0100.s0018_4sum.Solution@fourSum(int[],int):28:n - 2 |==> n + 2
87:AOR:-(int,int):/(int,int):g0001_0100.s0018_4sum.Solution@fourSum(int[],int):28:n - 2 |==> n / 2
88:ROR:<(int,int):!=(int,int):g0001_0100.s0018_4sum.Solution@fourSum(int[],int):28:j < n - 2 |==> j != n - 2
89:ROR:<(int,int):<=(int,int):g0001_0100.s0018_4sum.Solution@fourSum(int[],int):28:j < n - 2 |==> j <= n - 2
90:ROR:<(int,int):FALSE(int,int):g0001_0100.s0018_4sum.Solution@fourSum(int[],int):28:j < n - 2 |==> false
91:AOR:+(int,int):%(int,int):g0001_0100.s0018_4sum.Solution@fourSum(int[],int):29:i + 1 |==> i % 1
92:AOR:+(int,int):*(int,int):g0001_0100.s0018_4sum.Solution@fourSum(int[],int):29:i + 1 |==> i * 1
93:AOR:+(int,int):-(int,int):g0001_0100.s0018_4sum.Solution@fourSum(int[],int):29:i + 1 |==> i - 1
94:AOR:+(int,int):/(int,int):g0001_0100.s0018_4sum.Solution@fourSum(int[],int):29:i + 1 |==> i / 1
95:ROR:>(int,int):!=(int,int):g0001_0100.s0018_4sum.Solution@fourSum(int[],int):29:j > i + 1 |==> j != i + 1
96:ROR:>(int,int):>=(int,int):g0001_0100.s0018_4sum.Solution@fourSum(int[],int):29:j > i + 1 |==> j >= i + 1
97:ROR:>(int,int):FALSE(int,int):g0001_0100.s0018_4sum.Solution@fourSum(int[],int):29:j > i + 1 |==> false
98:AOR:-(int,int):%(int,int):g0001_0100.s0018_4sum.Solution@fourSum(int[],int):29:j - 1 |==> j % 1
99:AOR:-(int,int):*(int,int):g0001_0100.s0018_4sum.Solution@fourSum(int[],int):29:j - 1 |==> j * 1
100:AOR:-(int,int):+(int,int):g0001_0100.s0018_4sum.Solution@fourSum(int[],int):29:j - 1 |==> j + 1
101:AOR:-(int,int):/(int,int):g0001_0100.s0018_4sum.Solution@fourSum(int[],int):29:j - 1 |==> j / 1
102:ROR:==(int,int):<=(int,int):g0001_0100.s0018_4sum.Solution@fourSum(int[],int):29:nums[j] == nums[j - 1] |==> nums[j] <= nums[j - 1]
103:ROR:==(int,int):>=(int,int):g0001_0100.s0018_4sum.Solution@fourSum(int[],int):29:nums[j] == nums[j - 1] |==> nums[j] >= nums[j - 1]
104:ROR:==(int,int):FALSE(int,int):g0001_0100.s0018_4sum.Solution@fourSum(int[],int):29:nums[j] == nums[j - 1] |==> false
105:COR:&&(boolean,boolean):==(boolean,boolean):g0001_0100.s0018_4sum.Solution@fourSum(int[],int):29:j > i + 1 && nums[j] == nums[j - 1] |==> j > i + 1 == (nums[j] == nums[j - 1])
106:COR:&&(boolean,boolean):FALSE(boolean,boolean):g0001_0100.s0018_4sum.Solution@fourSum(int[],int):29:j > i + 1 && nums[j] == nums[j - 1] |==> false
107:COR:&&(boolean,boolean):LHS(boolean,boolean):g0001_0100.s0018_4sum.Solution@fourSum(int[],int):29:j > i + 1 && nums[j] == nums[j - 1] |==> j > i + 1
108:COR:&&(boolean,boolean):RHS(boolean,boolean):g0001_0100.s0018_4sum.Solution@fourSum(int[],int):29:j > i + 1 && nums[j] == nums[j - 1] |==> nums[j] == nums[j - 1]
109:STD:<CONT>:<NO-OP>:g0001_0100.s0018_4sum.Solution@fourSum(int[],int):30:continue; |==> <NO-OP>
110:AOR:+(int,int):%(int,int):g0001_0100.s0018_4sum.Solution@fourSum(int[],int):32:j + 1 |==> j % 1
111:AOR:+(int,int):*(int,int):g0001_0100.s0018_4sum.Solution@fourSum(int[],int):32:j + 1 |==> j * 1
112:AOR:+(int,int):-(int,int):g0001_0100.s0018_4sum.Solution@fourSum(int[],int):32:j + 1 |==> j - 1
113:AOR:+(int,int):/(int,int):g0001_0100.s0018_4sum.Solution@fourSum(int[],int):32:j + 1 |==> j / 1
114:AOR:+(long,long):%(long,long):g0001_0100.s0018_4sum.Solution@fourSum(int[],int):32:(long)nums[j] + nums[j + 1] |==> (long)nums[j] % nums[j + 1]
115:AOR:+(long,long):*(long,long):g0001_0100.s0018_4sum.Solution@fourSum(int[],int):32:(long)nums[j] + nums[j + 1] |==> (long)nums[j] * nums[j + 1]
116:AOR:+(long,long):-(long,long):g0001_0100.s0018_4sum.Solution@fourSum(int[],int):32:(long)nums[j] + nums[j + 1] |==> (long)nums[j] - nums[j + 1]
117:AOR:+(long,long):/(long,long):g0001_0100.s0018_4sum.Solution@fourSum(int[],int):32:(long)nums[j] + nums[j + 1] |==> (long)nums[j] / nums[j + 1]
118:AOR:+(int,int):%(int,int):g0001_0100.s0018_4sum.Solution@fourSum(int[],int):32:j + 2 |==> j % 2
119:AOR:+(int,int):*(int,int):g0001_0100.s0018_4sum.Solution@fourSum(int[],int):32:j + 2 |==> j * 2
120:AOR:+(int,int):-(int,int):g0001_0100.s0018_4sum.Solution@fourSum(int[],int):32:j + 2 |==> j - 2
121:AOR:+(int,int):/(int,int):g0001_0100.s0018_4sum.Solution@fourSum(int[],int):32:j + 2 |==> j / 2
122:AOR:+(long,long):%(long,long):g0001_0100.s0018_4sum.Solution@fourSum(int[],int):32:(long)nums[j] + nums[j + 1] + nums[j + 2] |==> ((long)nums[j] + nums[j + 1]) % nums[j + 2]
123:AOR:+(long,long):*(long,long):g0001_0100.s0018_4sum.Solution@fourSum(int[],int):32:(long)nums[j] + nums[j + 1] + nums[j + 2] |==> ((long)nums[j] + nums[j + 1]) * nums[j + 2]
124:AOR:+(long,long):-(long,long):g0001_0100.s0018_4sum.Solution@fourSum(int[],int):32:(long)nums[j] + nums[j + 1] + nums[j + 2] |==> (long)nums[j] + nums[j + 1] - nums[j + 2]
125:AOR:+(long,long):/(long,long):g0001_0100.s0018_4sum.Solution@fourSum(int[],int):32:(long)nums[j] + nums[j + 1] + nums[j + 2] |==> ((long)nums[j] + nums[j + 1]) / nums[j + 2]
126:AOR:-(int,int):%(int,int):g0001_0100.s0018_4sum.Solution@fourSum(int[],int):32:target - nums[i] |==> target % nums[i]
127:AOR:-(int,int):*(int,int):g0001_0100.s0018_4sum.Solution@fourSum(int[],int):32:target - nums[i] |==> target * nums[i]
128:AOR:-(int,int):+(int,int):g0001_0100.s0018_4sum.Solution@fourSum(int[],int):32:target - nums[i] |==> target + nums[i]
129:AOR:-(int,int):/(int,int):g0001_0100.s0018_4sum.Solution@fourSum(int[],int):32:target - nums[i] |==> target / nums[i]
130:ROR:>(long,long):!=(long,long):g0001_0100.s0018_4sum.Solution@fourSum(int[],int):32:(long)nums[j] + nums[j + 1] + nums[j + 2] > target - nums[i] |==> (long)nums[j] + nums[j + 1] + nums[j + 2] != target - nums[i]
131:ROR:>(long,long):>=(long,long):g0001_0100.s0018_4sum.Solution@fourSum(int[],int):32:(long)nums[j] + nums[j + 1] + nums[j + 2] > target - nums[i] |==> (long)nums[j] + nums[j + 1] + nums[j + 2] >= target - nums[i]
132:ROR:>(long,long):FALSE(long,long):g0001_0100.s0018_4sum.Solution@fourSum(int[],int):32:(long)nums[j] + nums[j + 1] + nums[j + 2] > target - nums[i] |==> false
133:STD:<BREAK>:<NO-OP>:g0001_0100.s0018_4sum.Solution@fourSum(int[],int):33:break; |==> <NO-OP>
134:AOR:-(int,int):%(int,int):g0001_0100.s0018_4sum.Solution@fourSum(int[],int):35:n - 2 |==> n % 2
135:AOR:-(int,int):*(int,int):g0001_0100.s0018_4sum.Solution@fourSum(int[],int):35:n - 2 |==> n * 2
136:AOR:-(int,int):+(int,int):g0001_0100.s0018_4sum.Solution@fourSum(int[],int):35:n - 2 |==> n + 2
137:AOR:-(int,int):/(int,int):g0001_0100.s0018_4sum.Solution@fourSum(int[],int):35:n - 2 |==> n / 2
138:AOR:+(long,long):%(long,long):g0001_0100.s0018_4sum.Solution@fourSum(int[],int):35:(long)nums[j] + nums[n - 2] |==> (long)nums[j] % nums[n - 2]
139:AOR:+(long,long):*(long,long):g0001_0100.s0018_4sum.Solution@fourSum(int[],int):35:(long)nums[j] + nums[n - 2] |==> (long)nums[j] * nums[n - 2]
140:AOR:+(long,long):-(long,long):g0001_0100.s0018_4sum.Solution@fourSum(int[],int):35:(long)nums[j] + nums[n - 2] |==> (long)nums[j] - nums[n - 2]
141:AOR:+(long,long):/(long,long):g0001_0100.s0018_4sum.Solution@fourSum(int[],int):35:(long)nums[j] + nums[n - 2] |==> (long)nums[j] / nums[n - 2]
142:AOR:-(int,int):%(int,int):g0001_0100.s0018_4sum.Solution@fourSum(int[],int):35:n - 1 |==> n % 1
143:AOR:-(int,int):*(int,int):g0001_0100.s0018_4sum.Solution@fourSum(int[],int):35:n - 1 |==> n * 1
144:AOR:-(int,int):+(int,int):g0001_0100.s0018_4sum.Solution@fourSum(int[],int):35:n - 1 |==> n + 1
145:AOR:-(int,int):/(int,int):g0001_0100.s0018_4sum.Solution@fourSum(int[],int):35:n - 1 |==> n / 1
146:AOR:+(long,long):%(long,long):g0001_0100.s0018_4sum.Solution@fourSum(int[],int):35:(long)nums[j] + nums[n - 2] + nums[n - 1] |==> ((long)nums[j] + nums[n - 2]) % nums[n - 1]
147:AOR:+(long,long):*(long,long):g0001_0100.s0018_4sum.Solution@fourSum(int[],int):35:(long)nums[j] + nums[n - 2] + nums[n - 1] |==> ((long)nums[j] + nums[n - 2]) * nums[n - 1]
148:AOR:+(long,long):-(long,long):g0001_0100.s0018_4sum.Solution@fourSum(int[],int):35:(long)nums[j] + nums[n - 2] + nums[n - 1] |==> (long)nums[j] + nums[n - 2] - nums[n - 1]
149:AOR:+(long,long):/(long,long):g0001_0100.s0018_4sum.Solution@fourSum(int[],int):35:(long)nums[j] + nums[n - 2] + nums[n - 1] |==> ((long)nums[j] + nums[n - 2]) / nums[n - 1]
150:AOR:-(int,int):%(int,int):g0001_0100.s0018_4sum.Solution@fourSum(int[],int):35:target - nums[i] |==> target % nums[i]
151:AOR:-(int,int):*(int,int):g0001_0100.s0018_4sum.Solution@fourSum(int[],int):35:target - nums[i] |==> target * nums[i]
152:AOR:-(int,int):+(int,int):g0001_0100.s0018_4sum.Solution@fourSum(int[],int):35:target - nums[i] |==> target + nums[i]
153:AOR:-(int,int):/(int,int):g0001_0100.s0018_4sum.Solution@fourSum(int[],int):35:target - nums[i] |==> target / nums[i]
154:ROR:<(long,long):!=(long,long):g0001_0100.s0018_4sum.Solution@fourSum(int[],int):35:(long)nums[j] + nums[n - 2] + nums[n - 1] < target - nums[i] |==> (long)nums[j] + nums[n - 2] + nums[n - 1] != target - nums[i]
155:ROR:<(long,long):<=(long,long):g0001_0100.s0018_4sum.Solution@fourSum(int[],int):35:(long)nums[j] + nums[n - 2] + nums[n - 1] < target - nums[i] |==> (long)nums[j] + nums[n - 2] + nums[n - 1] <= target - nums[i]
156:ROR:<(long,long):FALSE(long,long):g0001_0100.s0018_4sum.Solution@fourSum(int[],int):35:(long)nums[j] + nums[n - 2] + nums[n - 1] < target - nums[i] |==> false
157:STD:<CONT>:<NO-OP>:g0001_0100.s0018_4sum.Solution@fourSum(int[],int):36:continue; |==> <NO-OP>
158:AOR:+(int,int):%(int,int):g0001_0100.s0018_4sum.Solution@fourSum(int[],int):38:nums[i] + nums[j] |==> nums[i] % nums[j]
159:AOR:+(int,int):*(int,int):g0001_0100.s0018_4sum.Solution@fourSum(int[],int):38:nums[i] + nums[j] |==> nums[i] * nums[j]
160:AOR:+(int,int):-(int,int):g0001_0100.s0018_4sum.Solution@fourSum(int[],int):38:nums[i] + nums[j] |==> nums[i] - nums[j]
161:AOR:+(int,int):/(int,int):g0001_0100.s0018_4sum.Solution@fourSum(int[],int):38:nums[i] + nums[j] |==> nums[i] / nums[j]
162:AOR:-(int,int):%(int,int):g0001_0100.s0018_4sum.Solution@fourSum(int[],int):38:target - (nums[i] + nums[j]) |==> target % (nums[i] + nums[j])
163:AOR:-(int,int):*(int,int):g0001_0100.s0018_4sum.Solution@fourSum(int[],int):38:target - (nums[i] + nums[j]) |==> target * (nums[i] + nums[j])
164:AOR:-(int,int):+(int,int):g0001_0100.s0018_4sum.Solution@fourSum(int[],int):38:target - (nums[i] + nums[j]) |==> target + (nums[i] + nums[j])
165:AOR:-(int,int):/(int,int):g0001_0100.s0018_4sum.Solution@fourSum(int[],int):38:target - (nums[i] + nums[j]) |==> target / (nums[i] + nums[j])
166:AOR:+(int,int):%(int,int):g0001_0100.s0018_4sum.Solution@fourSum(int[],int):39:j + 1 |==> j % 1
167:AOR:+(int,int):*(int,int):g0001_0100.s0018_4sum.Solution@fourSum(int[],int):39:j + 1 |==> j * 1
168:AOR:+(int,int):-(int,int):g0001_0100.s0018_4sum.Solution@fourSum(int[],int):39:j + 1 |==> j - 1
169:AOR:+(int,int):/(int,int):g0001_0100.s0018_4sum.Solution@fourSum(int[],int):39:j + 1 |==> j / 1
170:AOR:-(int,int):%(int,int):g0001_0100.s0018_4sum.Solution@fourSum(int[],int):40:n - 1 |==> n % 1
171:AOR:-(int,int):*(int,int):g0001_0100.s0018_4sum.Solution@fourSum(int[],int):40:n - 1 |==> n * 1
172:AOR:-(int,int):+(int,int):g0001_0100.s0018_4sum.Solution@fourSum(int[],int):40:n - 1 |==> n + 1
173:AOR:-(int,int):/(int,int):g0001_0100.s0018_4sum.Solution@fourSum(int[],int):40:n - 1 |==> n / 1
174:ROR:<(int,int):!=(int,int):g0001_0100.s0018_4sum.Solution@fourSum(int[],int):41:low < high |==> low != high
175:ROR:<(int,int):<=(int,int):g0001_0100.s0018_4sum.Solution@fourSum(int[],int):41:low < high |==> low <= high
176:ROR:<(int,int):FALSE(int,int):g0001_0100.s0018_4sum.Solution@fourSum(int[],int):41:low < high |==> false
177:AOR:+(int,int):%(int,int):g0001_0100.s0018_4sum.Solution@fourSum(int[],int):42:nums[low] + nums[high] |==> nums[low] % nums[high]
178:AOR:+(int,int):*(int,int):g0001_0100.s0018_4sum.Solution@fourSum(int[],int):42:nums[low] + nums[high] |==> nums[low] * nums[high]
179:AOR:+(int,int):-(int,int):g0001_0100.s0018_4sum.Solution@fourSum(int[],int):42:nums[low] + nums[high] |==> nums[low] - nums[high]
180:AOR:+(int,int):/(int,int):g0001_0100.s0018_4sum.Solution@fourSum(int[],int):42:nums[low] + nums[high] |==> nums[low] / nums[high]
181:ROR:==(int,int):<=(int,int):g0001_0100.s0018_4sum.Solution@fourSum(int[],int):43:curSum == tempTarget |==> curSum <= tempTarget
182:ROR:==(int,int):>=(int,int):g0001_0100.s0018_4sum.Solution@fourSum(int[],int):43:curSum == tempTarget |==> curSum >= tempTarget
183:ROR:==(int,int):FALSE(int,int):g0001_0100.s0018_4sum.Solution@fourSum(int[],int):43:curSum == tempTarget |==> false
184:STD:<CALL>:<NO-OP>:g0001_0100.s0018_4sum.Solution@fourSum(int[],int):45:tempList.add(nums[i]); |==> <NO-OP>
185:STD:<CALL>:<NO-OP>:g0001_0100.s0018_4sum.Solution@fourSum(int[],int):46:tempList.add(nums[j]); |==> <NO-OP>
186:STD:<CALL>:<NO-OP>:g0001_0100.s0018_4sum.Solution@fourSum(int[],int):47:tempList.add(nums[low]); |==> <NO-OP>
187:STD:<CALL>:<NO-OP>:g0001_0100.s0018_4sum.Solution@fourSum(int[],int):48:tempList.add(nums[high]); |==> <NO-OP>
188:STD:<CALL>:<NO-OP>:g0001_0100.s0018_4sum.Solution@fourSum(int[],int):49:result.add(tempList); |==> <NO-OP>
189:STD:<INC>:<NO-OP>:g0001_0100.s0018_4sum.Solution@fourSum(int[],int):50:low++; |==> <NO-OP>
190:STD:<DEC>:<NO-OP>:g0001_0100.s0018_4sum.Solution@fourSum(int[],int):51:high--; |==> <NO-OP>
191:ROR:<(int,int):!=(int,int):g0001_0100.s0018_4sum.Solution@fourSum(int[],int):52:low < high |==> low != high
192:ROR:<(int,int):<=(int,int):g0001_0100.s0018_4sum.Solution@fourSum(int[],int):52:low < high |==> low <= high
193:ROR:<(int,int):FALSE(int,int):g0001_0100.s0018_4sum.Solution@fourSum(int[],int):52:low < high |==> false
194:AOR:-(int,int):%(int,int):g0001_0100.s0018_4sum.Solution@fourSum(int[],int):52:low - 1 |==> low % 1
195:AOR:-(int,int):*(int,int):g0001_0100.s0018_4sum.Solution@fourSum(int[],int):52:low - 1 |==> low * 1
196:AOR:-(int,int):+(int,int):g0001_0100.s0018_4sum.Solution@fourSum(int[],int):52:low - 1 |==> low + 1
197:AOR:-(int,int):/(int,int):g0001_0100.s0018_4sum.Solution@fourSum(int[],int):52:low - 1 |==> low / 1
198:ROR:==(int,int):<=(int,int):g0001_0100.s0018_4sum.Solution@fourSum(int[],int):52:nums[low] == nums[low - 1] |==> nums[low] <= nums[low - 1]
199:ROR:==(int,int):>=(int,int):g0001_0100.s0018_4sum.Solution@fourSum(int[],int):52:nums[low] == nums[low - 1] |==> nums[low] >= nums[low - 1]
200:ROR:==(int,int):FALSE(int,int):g0001_0100.s0018_4sum.Solution@fourSum(int[],int):52:nums[low] == nums[low - 1] |==> false
201:COR:&&(boolean,boolean):==(boolean,boolean):g0001_0100.s0018_4sum.Solution@fourSum(int[],int):52:low < high && nums[low] == nums[low - 1] |==> low < high == (nums[low] == nums[low - 1])
202:COR:&&(boolean,boolean):FALSE(boolean,boolean):g0001_0100.s0018_4sum.Solution@fourSum(int[],int):52:low < high && nums[low] == nums[low - 1] |==> false
203:COR:&&(boolean,boolean):LHS(boolean,boolean):g0001_0100.s0018_4sum.Solution@fourSum(int[],int):52:low < high && nums[low] == nums[low - 1] |==> low < high
204:COR:&&(boolean,boolean):RHS(boolean,boolean):g0001_0100.s0018_4sum.Solution@fourSum(int[],int):52:low < high && nums[low] == nums[low - 1] |==> nums[low] == nums[low - 1]
205:STD:<INC>:<NO-OP>:g0001_0100.s0018_4sum.Solution@fourSum(int[],int):53:low++; |==> <NO-OP>
206:ROR:<(int,int):!=(int,int):g0001_0100.s0018_4sum.Solution@fourSum(int[],int):55:low < high |==> low != high
207:ROR:<(int,int):<=(int,int):g0001_0100.s0018_4sum.Solution@fourSum(int[],int):55:low < high |==> low <= high
208:ROR:<(int,int):FALSE(int,int):g0001_0100.s0018_4sum.Solution@fourSum(int[],int):55:low < high |==> false
209:AOR:+(int,int):%(int,int):g0001_0100.s0018_4sum.Solution@fourSum(int[],int):55:high + 1 |==> high % 1
210:AOR:+(int,int):*(int,int):g0001_0100.s0018_4sum.Solution@fourSum(int[],int):55:high + 1 |==> high * 1
211:AOR:+(int,int):-(int,int):g0001_0100.s0018_4sum.Solution@fourSum(int[],int):55:high + 1 |==> high - 1
212:AOR:+(int,int):/(int,int):g0001_0100.s0018_4sum.Solution@fourSum(int[],int):55:high + 1 |==> high / 1
213:ROR:==(int,int):<=(int,int):g0001_0100.s0018_4sum.Solution@fourSum(int[],int):55:nums[high] == nums[high + 1] |==> nums[high] <= nums[high + 1]
214:ROR:==(int,int):>=(int,int):g0001_0100.s0018_4sum.Solution@fourSum(int[],int):55:nums[high] == nums[high + 1] |==> nums[high] >= nums[high + 1]
215:ROR:==(int,int):FALSE(int,int):g0001_0100.s0018_4sum.Solution@fourSum(int[],int):55:nums[high] == nums[high + 1] |==> false
216:COR:&&(boolean,boolean):==(boolean,boolean):g0001_0100.s0018_4sum.Solution@fourSum(int[],int):55:low < high && nums[high] == nums[high + 1] |==> low < high == (nums[high] == nums[high + 1])
217:COR:&&(boolean,boolean):FALSE(boolean,boolean):g0001_0100.s0018_4sum.Solution@fourSum(int[],int):55:low < high && nums[high] == nums[high + 1] |==> false
218:COR:&&(boolean,boolean):LHS(boolean,boolean):g0001_0100.s0018_4sum.Solution@fourSum(int[],int):55:low < high && nums[high] == nums[high + 1] |==> low < high
219:COR:&&(boolean,boolean):RHS(boolean,boolean):g0001_0100.s0018_4sum.Solution@fourSum(int[],int):55:low < high && nums[high] == nums[high + 1] |==> nums[high] == nums[high + 1]
220:STD:<DEC>:<NO-OP>:g0001_0100.s0018_4sum.Solution@fourSum(int[],int):56:high--; |==> <NO-OP>
221:ROR:<(int,int):!=(int,int):g0001_0100.s0018_4sum.Solution@fourSum(int[],int):58:curSum < tempTarget |==> curSum != tempTarget
222:ROR:<(int,int):<=(int,int):g0001_0100.s0018_4sum.Solution@fourSum(int[],int):58:curSum < tempTarget |==> curSum <= tempTarget
223:ROR:<(int,int):FALSE(int,int):g0001_0100.s0018_4sum.Solution@fourSum(int[],int):58:curSum < tempTarget |==> false
224:STD:<INC>:<NO-OP>:g0001_0100.s0018_4sum.Solution@fourSum(int[],int):59:low++; |==> <NO-OP>
225:STD:<DEC>:<NO-OP>:g0001_0100.s0018_4sum.Solution@fourSum(int[],int):61:high--; |==> <NO-OP>
