[04/24 17:41:12] [INFO   ] org.mutationtesting.major.plugin.MajorPluginTaskListener.<init>:
    Created MajorPluginTaskListener with options: [mml:../../major/mml/all.mml.bin]
[04/24 17:41:12] [INFO   ] org.mutationtesting.major.mutation.Mutator.initOperatorSymbols:
    Initializing operator symbols for opcode mapping
[04/24 17:41:12] [INFO   ] org.mutationtesting.major.mutation.Mutator.mutateTree:
    Mutating tree: Env[AttrContext[Scope[super, this]],outer=Env[AttrContext[Scope[g0001_0100.s0073_set_matrix_zeroes.Solution]]]]
[04/24 17:41:12] [INFO   ] org.mutationtesting.major.mutation.Mutator.visitClassDef:
    CLASS: g0001_0100.s0073_set_matrix_zeroes.Solution
[04/24 17:41:12] [INFO   ] org.mutationtesting.major.mutation.Mutator.visitMethodDef:
    METHOD: <init>([])null
[04/24 17:41:12] [INFO   ] org.mutationtesting.major.mutation.Mutator.visitMethodDef:
    METHOD: setZeroes([int[][] matrix])void
[04/24 17:41:12] [INFO   ] org.mutationtesting.major.mutation.Mutator.nextMutant:
    Creating mutant 1
[04/24 17:41:12] [INFO   ] org.mutationtesting.major.mutation.Mutator.logMutant:
    Logging mutant 1: Solution.setZeroes(line 21, col 25)
            mutation operator group:   ROR
            mutation operator:         ==(int,int) |==> <=(int,int)
            original:                  ints[0] == 0 
            mutant:                    ints[0] <= 0
[04/24 17:41:12] [INFO   ] org.mutationtesting.major.mutation.Mutator.nextMutant:
    Creating mutant 2
[04/24 17:41:12] [INFO   ] org.mutationtesting.major.mutation.Mutator.logMutant:
    Logging mutant 2: Solution.setZeroes(line 21, col 25)
            mutation operator group:   ROR
            mutation operator:         ==(int,int) |==> >=(int,int)
            original:                  ints[0] == 0 
            mutant:                    ints[0] >= 0
[04/24 17:41:12] [INFO   ] org.mutationtesting.major.mutation.Mutator.nextMutant:
    Creating mutant 3
[04/24 17:41:12] [INFO   ] org.mutationtesting.major.mutation.Mutator.logMutant:
    Logging mutant 3: Solution.setZeroes(line 21, col 25)
            mutation operator group:   ROR
            mutation operator:         ==(int,int) |==> FALSE(int,int)
            original:                  ints[0] == 0 
            mutant:                    false
[04/24 17:41:12] [INFO   ] org.mutationtesting.major.mutation.Mutator.nextMutant:
    Creating mutant 4
[04/24 17:41:12] [INFO   ] org.mutationtesting.major.mutation.Mutator.logMutantSTD:
    Logging mutantSTD 4: (STD) col0 = true; -> <NO-OP>
[04/24 17:41:12] [INFO   ] org.mutationtesting.major.mutation.Mutator.nextMutant:
    Creating mutant 5
[04/24 17:41:12] [INFO   ] org.mutationtesting.major.mutation.Mutator.logMutantSTD:
    Logging mutantSTD 5: (STD) break; -> <NO-OP>
[04/24 17:41:12] [INFO   ] org.mutationtesting.major.mutation.Mutator.nextMutant:
    Creating mutant 6
[04/24 17:41:12] [INFO   ] org.mutationtesting.major.mutation.Mutator.logMutant:
    Logging mutant 6: Solution.setZeroes(line 27, col 27)
            mutation operator group:   ROR
            mutation operator:         <(int,int) |==> !=(int,int)
            original:                  i < n 
            mutant:                    i != n
[04/24 17:41:12] [INFO   ] org.mutationtesting.major.mutation.Mutator.nextMutant:
    Creating mutant 7
[04/24 17:41:12] [INFO   ] org.mutationtesting.major.mutation.Mutator.logMutant:
    Logging mutant 7: Solution.setZeroes(line 27, col 27)
            mutation operator group:   ROR
            mutation operator:         <(int,int) |==> <=(int,int)
            original:                  i < n 
            mutant:                    i <= n
[04/24 17:41:12] [INFO   ] org.mutationtesting.major.mutation.Mutator.nextMutant:
    Creating mutant 8
[04/24 17:41:12] [INFO   ] org.mutationtesting.major.mutation.Mutator.logMutant:
    Logging mutant 8: Solution.setZeroes(line 27, col 27)
            mutation operator group:   ROR
            mutation operator:         <(int,int) |==> FALSE(int,int)
            original:                  i < n 
            mutant:                    false
[04/24 17:41:12] [INFO   ] org.mutationtesting.major.mutation.Mutator.nextMutant:
    Creating mutant 9
[04/24 17:41:12] [INFO   ] org.mutationtesting.major.mutation.Mutator.logMutant:
    Logging mutant 9: Solution.setZeroes(line 28, col 30)
            mutation operator group:   ROR
            mutation operator:         ==(int,int) |==> <=(int,int)
            original:                  matrix[0][i] == 0 
            mutant:                    matrix[0][i] <= 0
[04/24 17:41:12] [INFO   ] org.mutationtesting.major.mutation.Mutator.nextMutant:
    Creating mutant 10
[04/24 17:41:12] [INFO   ] org.mutationtesting.major.mutation.Mutator.logMutant:
    Logging mutant 10: Solution.setZeroes(line 28, col 30)
            mutation operator group:   ROR
            mutation operator:         ==(int,int) |==> >=(int,int)
            original:                  matrix[0][i] == 0 
            mutant:                    matrix[0][i] >= 0
[04/24 17:41:12] [INFO   ] org.mutationtesting.major.mutation.Mutator.nextMutant:
    Creating mutant 11
[04/24 17:41:12] [INFO   ] org.mutationtesting.major.mutation.Mutator.logMutant:
    Logging mutant 11: Solution.setZeroes(line 28, col 30)
            mutation operator group:   ROR
            mutation operator:         ==(int,int) |==> FALSE(int,int)
            original:                  matrix[0][i] == 0 
            mutant:                    false
[04/24 17:41:12] [INFO   ] org.mutationtesting.major.mutation.Mutator.nextMutant:
    Creating mutant 12
[04/24 17:41:12] [INFO   ] org.mutationtesting.major.mutation.Mutator.logMutantSTD:
    Logging mutantSTD 12: (STD) row0 = true; -> <NO-OP>
[04/24 17:41:12] [INFO   ] org.mutationtesting.major.mutation.Mutator.nextMutant:
    Creating mutant 13
[04/24 17:41:12] [INFO   ] org.mutationtesting.major.mutation.Mutator.logMutantSTD:
    Logging mutantSTD 13: (STD) break; -> <NO-OP>
[04/24 17:41:12] [INFO   ] org.mutationtesting.major.mutation.Mutator.nextMutant:
    Creating mutant 14
[04/24 17:41:12] [INFO   ] org.mutationtesting.major.mutation.Mutator.logMutant:
    Logging mutant 14: Solution.setZeroes(line 34, col 27)
            mutation operator group:   ROR
            mutation operator:         <(int,int) |==> !=(int,int)
            original:                  i < m 
            mutant:                    i != m
[04/24 17:41:12] [INFO   ] org.mutationtesting.major.mutation.Mutator.nextMutant:
    Creating mutant 15
[04/24 17:41:12] [INFO   ] org.mutationtesting.major.mutation.Mutator.logMutant:
    Logging mutant 15: Solution.setZeroes(line 34, col 27)
            mutation operator group:   ROR
            mutation operator:         <(int,int) |==> <=(int,int)
            original:                  i < m 
            mutant:                    i <= m
[04/24 17:41:12] [INFO   ] org.mutationtesting.major.mutation.Mutator.nextMutant:
    Creating mutant 16
[04/24 17:41:12] [INFO   ] org.mutationtesting.major.mutation.Mutator.logMutant:
    Logging mutant 16: Solution.setZeroes(line 34, col 27)
            mutation operator group:   ROR
            mutation operator:         <(int,int) |==> FALSE(int,int)
            original:                  i < m 
            mutant:                    false
[04/24 17:41:12] [INFO   ] org.mutationtesting.major.mutation.Mutator.nextMutant:
    Creating mutant 17
[04/24 17:41:12] [INFO   ] org.mutationtesting.major.mutation.Mutator.logMutant:
    Logging mutant 17: Solution.setZeroes(line 35, col 31)
            mutation operator group:   ROR
            mutation operator:         <(int,int) |==> !=(int,int)
            original:                  j < n 
            mutant:                    j != n
[04/24 17:41:12] [INFO   ] org.mutationtesting.major.mutation.Mutator.nextMutant:
    Creating mutant 18
[04/24 17:41:12] [INFO   ] org.mutationtesting.major.mutation.Mutator.logMutant:
    Logging mutant 18: Solution.setZeroes(line 35, col 31)
            mutation operator group:   ROR
            mutation operator:         <(int,int) |==> <=(int,int)
            original:                  j < n 
            mutant:                    j <= n
[04/24 17:41:12] [INFO   ] org.mutationtesting.major.mutation.Mutator.nextMutant:
    Creating mutant 19
[04/24 17:41:12] [INFO   ] org.mutationtesting.major.mutation.Mutator.logMutant:
    Logging mutant 19: Solution.setZeroes(line 35, col 31)
            mutation operator group:   ROR
            mutation operator:         <(int,int) |==> FALSE(int,int)
            original:                  j < n 
            mutant:                    false
[04/24 17:41:12] [INFO   ] org.mutationtesting.major.mutation.Mutator.nextMutant:
    Creating mutant 20
[04/24 17:41:12] [INFO   ] org.mutationtesting.major.mutation.Mutator.logMutant:
    Logging mutant 20: Solution.setZeroes(line 36, col 34)
            mutation operator group:   ROR
            mutation operator:         ==(int,int) |==> <=(int,int)
            original:                  matrix[i][j] == 0 
            mutant:                    matrix[i][j] <= 0
[04/24 17:41:12] [INFO   ] org.mutationtesting.major.mutation.Mutator.nextMutant:
    Creating mutant 21
[04/24 17:41:12] [INFO   ] org.mutationtesting.major.mutation.Mutator.logMutant:
    Logging mutant 21: Solution.setZeroes(line 36, col 34)
            mutation operator group:   ROR
            mutation operator:         ==(int,int) |==> >=(int,int)
            original:                  matrix[i][j] == 0 
            mutant:                    matrix[i][j] >= 0
[04/24 17:41:12] [INFO   ] org.mutationtesting.major.mutation.Mutator.nextMutant:
    Creating mutant 22
[04/24 17:41:12] [INFO   ] org.mutationtesting.major.mutation.Mutator.logMutant:
    Logging mutant 22: Solution.setZeroes(line 36, col 34)
            mutation operator group:   ROR
            mutation operator:         ==(int,int) |==> FALSE(int,int)
            original:                  matrix[i][j] == 0 
            mutant:                    false
[04/24 17:41:12] [INFO   ] org.mutationtesting.major.mutation.Mutator.nextMutant:
    Creating mutant 23
[04/24 17:41:12] [INFO   ] org.mutationtesting.major.mutation.Mutator.logMutantSTD:
    Logging mutantSTD 23: (STD) matrix[i][0] = 0; -> <NO-OP>
[04/24 17:41:12] [INFO   ] org.mutationtesting.major.mutation.Mutator.nextMutant:
    Creating mutant 24
[04/24 17:41:12] [INFO   ] org.mutationtesting.major.mutation.Mutator.logMutantSTD:
    Logging mutantSTD 24: (STD) matrix[0][j] = 0; -> <NO-OP>
[04/24 17:41:12] [INFO   ] org.mutationtesting.major.mutation.Mutator.nextMutant:
    Creating mutant 25
[04/24 17:41:12] [INFO   ] org.mutationtesting.major.mutation.Mutator.logMutant:
    Logging mutant 25: Solution.setZeroes(line 43, col 27)
            mutation operator group:   ROR
            mutation operator:         <(int,int) |==> !=(int,int)
            original:                  i < m 
            mutant:                    i != m
[04/24 17:41:12] [INFO   ] org.mutationtesting.major.mutation.Mutator.nextMutant:
    Creating mutant 26
[04/24 17:41:12] [INFO   ] org.mutationtesting.major.mutation.Mutator.logMutant:
    Logging mutant 26: Solution.setZeroes(line 43, col 27)
            mutation operator group:   ROR
            mutation operator:         <(int,int) |==> <=(int,int)
            original:                  i < m 
            mutant:                    i <= m
[04/24 17:41:12] [INFO   ] org.mutationtesting.major.mutation.Mutator.nextMutant:
    Creating mutant 27
[04/24 17:41:12] [INFO   ] org.mutationtesting.major.mutation.Mutator.logMutant:
    Logging mutant 27: Solution.setZeroes(line 43, col 27)
            mutation operator group:   ROR
            mutation operator:         <(int,int) |==> FALSE(int,int)
            original:                  i < m 
            mutant:                    false
[04/24 17:41:12] [INFO   ] org.mutationtesting.major.mutation.Mutator.nextMutant:
    Creating mutant 28
[04/24 17:41:12] [INFO   ] org.mutationtesting.major.mutation.Mutator.logMutant:
    Logging mutant 28: Solution.setZeroes(line 44, col 31)
            mutation operator group:   ROR
            mutation operator:         <(int,int) |==> !=(int,int)
            original:                  j < n 
            mutant:                    j != n
[04/24 17:41:12] [INFO   ] org.mutationtesting.major.mutation.Mutator.nextMutant:
    Creating mutant 29
[04/24 17:41:12] [INFO   ] org.mutationtesting.major.mutation.Mutator.logMutant:
    Logging mutant 29: Solution.setZeroes(line 44, col 31)
            mutation operator group:   ROR
            mutation operator:         <(int,int) |==> <=(int,int)
            original:                  j < n 
            mutant:                    j <= n
[04/24 17:41:12] [INFO   ] org.mutationtesting.major.mutation.Mutator.nextMutant:
    Creating mutant 30
[04/24 17:41:12] [INFO   ] org.mutationtesting.major.mutation.Mutator.logMutant:
    Logging mutant 30: Solution.setZeroes(line 44, col 31)
            mutation operator group:   ROR
            mutation operator:         <(int,int) |==> FALSE(int,int)
            original:                  j < n 
            mutant:                    false
[04/24 17:41:12] [INFO   ] org.mutationtesting.major.mutation.Mutator.nextMutant:
    Creating mutant 31
[04/24 17:41:12] [INFO   ] org.mutationtesting.major.mutation.Mutator.logMutant:
    Logging mutant 31: Solution.setZeroes(line 45, col 34)
            mutation operator group:   ROR
            mutation operator:         ==(int,int) |==> <=(int,int)
            original:                  matrix[i][0] == 0 
            mutant:                    matrix[i][0] <= 0
[04/24 17:41:12] [INFO   ] org.mutationtesting.major.mutation.Mutator.nextMutant:
    Creating mutant 32
[04/24 17:41:12] [INFO   ] org.mutationtesting.major.mutation.Mutator.logMutant:
    Logging mutant 32: Solution.setZeroes(line 45, col 34)
            mutation operator group:   ROR
            mutation operator:         ==(int,int) |==> >=(int,int)
            original:                  matrix[i][0] == 0 
            mutant:                    matrix[i][0] >= 0
[04/24 17:41:12] [INFO   ] org.mutationtesting.major.mutation.Mutator.nextMutant:
    Creating mutant 33
[04/24 17:41:12] [INFO   ] org.mutationtesting.major.mutation.Mutator.logMutant:
    Logging mutant 33: Solution.setZeroes(line 45, col 34)
            mutation operator group:   ROR
            mutation operator:         ==(int,int) |==> FALSE(int,int)
            original:                  matrix[i][0] == 0 
            mutant:                    false
[04/24 17:41:12] [INFO   ] org.mutationtesting.major.mutation.Mutator.nextMutant:
    Creating mutant 34
[04/24 17:41:12] [INFO   ] org.mutationtesting.major.mutation.Mutator.logMutant:
    Logging mutant 34: Solution.setZeroes(line 45, col 55)
            mutation operator group:   ROR
            mutation operator:         ==(int,int) |==> <=(int,int)
            original:                  matrix[0][j] == 0 
            mutant:                    matrix[0][j] <= 0
[04/24 17:41:12] [INFO   ] org.mutationtesting.major.mutation.Mutator.nextMutant:
    Creating mutant 35
[04/24 17:41:12] [INFO   ] org.mutationtesting.major.mutation.Mutator.logMutant:
    Logging mutant 35: Solution.setZeroes(line 45, col 55)
            mutation operator group:   ROR
            mutation operator:         ==(int,int) |==> >=(int,int)
            original:                  matrix[0][j] == 0 
            mutant:                    matrix[0][j] >= 0
[04/24 17:41:12] [INFO   ] org.mutationtesting.major.mutation.Mutator.nextMutant:
    Creating mutant 36
[04/24 17:41:12] [INFO   ] org.mutationtesting.major.mutation.Mutator.logMutant:
    Logging mutant 36: Solution.setZeroes(line 45, col 55)
            mutation operator group:   ROR
            mutation operator:         ==(int,int) |==> FALSE(int,int)
            original:                  matrix[0][j] == 0 
            mutant:                    false
[04/24 17:41:12] [INFO   ] org.mutationtesting.major.mutation.Mutator.nextMutant:
    Creating mutant 37
[04/24 17:41:12] [INFO   ] org.mutationtesting.major.mutation.Mutator.logMutant:
    Logging mutant 37: Solution.setZeroes(line 45, col 39)
            mutation operator group:   COR
            mutation operator:         ||(boolean,boolean) |==> !=(boolean,boolean)
            original:                  matrix[i][0] == 0 || matrix[0][j] == 0 
            mutant:                    matrix[i][0] == 0 != (matrix[0][j] == 0)
[04/24 17:41:12] [INFO   ] org.mutationtesting.major.mutation.Mutator.nextMutant:
    Creating mutant 38
[04/24 17:41:12] [INFO   ] org.mutationtesting.major.mutation.Mutator.logMutant:
    Logging mutant 38: Solution.setZeroes(line 45, col 34)
            mutation operator group:   COR
            mutation operator:         ||(boolean,boolean) |==> LHS(boolean,boolean)
            original:                  matrix[i][0] == 0 || matrix[0][j] == 0 
            mutant:                    matrix[i][0] == 0
[04/24 17:41:12] [INFO   ] org.mutationtesting.major.mutation.Mutator.nextMutant:
    Creating mutant 39
[04/24 17:41:12] [INFO   ] org.mutationtesting.major.mutation.Mutator.logMutant:
    Logging mutant 39: Solution.setZeroes(line 45, col 55)
            mutation operator group:   COR
            mutation operator:         ||(boolean,boolean) |==> RHS(boolean,boolean)
            original:                  matrix[i][0] == 0 || matrix[0][j] == 0 
            mutant:                    matrix[0][j] == 0
[04/24 17:41:12] [INFO   ] org.mutationtesting.major.mutation.Mutator.nextMutant:
    Creating mutant 40
[04/24 17:41:12] [INFO   ] org.mutationtesting.major.mutation.Mutator.logMutant:
    Logging mutant 40: Solution.setZeroes(line 45, col 39)
            mutation operator group:   COR
            mutation operator:         ||(boolean,boolean) |==> TRUE(boolean,boolean)
            original:                  matrix[i][0] == 0 || matrix[0][j] == 0 
            mutant:                    true
[04/24 17:41:12] [INFO   ] org.mutationtesting.major.mutation.Mutator.nextMutant:
    Creating mutant 41
[04/24 17:41:12] [INFO   ] org.mutationtesting.major.mutation.Mutator.logMutantSTD:
    Logging mutantSTD 41: (STD) matrix[i][j] = 0; -> <NO-OP>
[04/24 17:41:12] [INFO   ] org.mutationtesting.major.mutation.Mutator.nextMutant:
    Creating mutant 42
[04/24 17:41:12] [INFO   ] org.mutationtesting.major.mutation.Mutator.logMutant:
    Logging mutant 42: Solution.setZeroes(line 51, col 27)
            mutation operator group:   ROR
            mutation operator:         <(int,int) |==> !=(int,int)
            original:                  i < m 
            mutant:                    i != m
[04/24 17:41:12] [INFO   ] org.mutationtesting.major.mutation.Mutator.nextMutant:
    Creating mutant 43
[04/24 17:41:12] [INFO   ] org.mutationtesting.major.mutation.Mutator.logMutant:
    Logging mutant 43: Solution.setZeroes(line 51, col 27)
            mutation operator group:   ROR
            mutation operator:         <(int,int) |==> <=(int,int)
            original:                  i < m 
            mutant:                    i <= m
[04/24 17:41:12] [INFO   ] org.mutationtesting.major.mutation.Mutator.nextMutant:
    Creating mutant 44
[04/24 17:41:12] [INFO   ] org.mutationtesting.major.mutation.Mutator.logMutant:
    Logging mutant 44: Solution.setZeroes(line 51, col 27)
            mutation operator group:   ROR
            mutation operator:         <(int,int) |==> FALSE(int,int)
            original:                  i < m 
            mutant:                    false
[04/24 17:41:12] [INFO   ] org.mutationtesting.major.mutation.Mutator.nextMutant:
    Creating mutant 45
[04/24 17:41:12] [INFO   ] org.mutationtesting.major.mutation.Mutator.nextMutant:
    Creating mutant 46
[04/24 17:41:12] [INFO   ] org.mutationtesting.major.mutation.Mutator.logMutant:
    Logging mutant 45: Solution.setZeroes(line 52, col 17)
            mutation operator group:   COR
            mutation operator:         <IDENTIFIER(boolean)> |==> TRUE
            original:                  col0 
            mutant:                    false
[04/24 17:41:12] [INFO   ] org.mutationtesting.major.mutation.Mutator.logMutant:
    Logging mutant 46: Solution.setZeroes(line 52, col 17)
            mutation operator group:   COR
            mutation operator:         <IDENTIFIER(boolean)> |==> FALSE
            original:                  col0 
            mutant:                    true
[04/24 17:41:12] [INFO   ] org.mutationtesting.major.mutation.Mutator.nextMutant:
    Creating mutant 47
[04/24 17:41:12] [INFO   ] org.mutationtesting.major.mutation.Mutator.logMutantSTD:
    Logging mutantSTD 47: (STD) matrix[i][0] = 0; -> <NO-OP>
[04/24 17:41:12] [INFO   ] org.mutationtesting.major.mutation.Mutator.nextMutant:
    Creating mutant 48
[04/24 17:41:12] [INFO   ] org.mutationtesting.major.mutation.Mutator.logMutant:
    Logging mutant 48: Solution.setZeroes(line 57, col 27)
            mutation operator group:   ROR
            mutation operator:         <(int,int) |==> !=(int,int)
            original:                  i < n 
            mutant:                    i != n
[04/24 17:41:12] [INFO   ] org.mutationtesting.major.mutation.Mutator.nextMutant:
    Creating mutant 49
[04/24 17:41:12] [INFO   ] org.mutationtesting.major.mutation.Mutator.logMutant:
    Logging mutant 49: Solution.setZeroes(line 57, col 27)
            mutation operator group:   ROR
            mutation operator:         <(int,int) |==> <=(int,int)
            original:                  i < n 
            mutant:                    i <= n
[04/24 17:41:12] [INFO   ] org.mutationtesting.major.mutation.Mutator.nextMutant:
    Creating mutant 50
[04/24 17:41:12] [INFO   ] org.mutationtesting.major.mutation.Mutator.logMutant:
    Logging mutant 50: Solution.setZeroes(line 57, col 27)
            mutation operator group:   ROR
            mutation operator:         <(int,int) |==> FALSE(int,int)
            original:                  i < n 
            mutant:                    false
[04/24 17:41:12] [INFO   ] org.mutationtesting.major.mutation.Mutator.nextMutant:
    Creating mutant 51
[04/24 17:41:12] [INFO   ] org.mutationtesting.major.mutation.Mutator.nextMutant:
    Creating mutant 52
[04/24 17:41:12] [INFO   ] org.mutationtesting.major.mutation.Mutator.logMutant:
    Logging mutant 51: Solution.setZeroes(line 58, col 17)
            mutation operator group:   COR
            mutation operator:         <IDENTIFIER(boolean)> |==> TRUE
            original:                  row0 
            mutant:                    false
[04/24 17:41:12] [INFO   ] org.mutationtesting.major.mutation.Mutator.logMutant:
    Logging mutant 52: Solution.setZeroes(line 58, col 17)
            mutation operator group:   COR
            mutation operator:         <IDENTIFIER(boolean)> |==> FALSE
            original:                  row0 
            mutant:                    true
[04/24 17:41:12] [INFO   ] org.mutationtesting.major.mutation.Mutator.nextMutant:
    Creating mutant 53
[04/24 17:41:12] [INFO   ] org.mutationtesting.major.mutation.Mutator.logMutantSTD:
    Logging mutantSTD 53: (STD) matrix[0][i] = 0; -> <NO-OP>
[04/24 17:41:12] [INFO   ] org.mutationtesting.major.plugin.MajorPluginTaskListener.mutate:
    Generated 53 mutants (91 ms)
