1:STD:<CALL>:<NO-OP>:g0101_0200.s0126_word_ladder_ii.Solution@findLadders(java.lang.String,java.lang.String,java.util.List<java.lang.String>):26:wordSet.remove(beginWord); |==> <NO-OP>
2:STD:<CALL>:<NO-OP>:g0101_0200.s0126_word_ladder_ii.Solution@findLadders(java.lang.String,java.lang.String,java.util.List<java.lang.String>):30:queue.add(beginWord); |==> <NO-OP>
3:COR:<METHOD_INVOCATION(boolean)>:TRUE:g0101_0200.s0126_word_ladder_ii.Solution@findLadders(java.lang.String,java.lang.String,java.util.List<java.lang.String>):40:isLadder(word, next) |==> false
4:COR:<METHOD_INVOCATION(boolean)>:FALSE:g0101_0200.s0126_word_ladder_ii.Solution@findLadders(java.lang.String,java.lang.String,java.util.List<java.lang.String>):40:isLadder(word, next) |==> true
5:STD:<CALL>:<NO-OP>:g0101_0200.s0126_word_ladder_ii.Solution@findLadders(java.lang.String,java.lang.String,java.util.List<java.lang.String>):44:reverseLadders.add(word); |==> <NO-OP>
6:COR:<METHOD_INVOCATION(boolean)>:TRUE:g0101_0200.s0126_word_ladder_ii.Solution@findLadders(java.lang.String,java.lang.String,java.util.List<java.lang.String>):45:endWord.equals(next) |==> false
7:COR:<METHOD_INVOCATION(boolean)>:FALSE:g0101_0200.s0126_word_ladder_ii.Solution@findLadders(java.lang.String,java.lang.String,java.util.List<java.lang.String>):45:endWord.equals(next) |==> true
8:STD:<ASSIGN>:<NO-OP>:g0101_0200.s0126_word_ladder_ii.Solution@findLadders(java.lang.String,java.lang.String,java.util.List<java.lang.String>):46:findEnd = true; |==> <NO-OP>
9:STD:<CALL>:<NO-OP>:g0101_0200.s0126_word_ladder_ii.Solution@findLadders(java.lang.String,java.lang.String,java.util.List<java.lang.String>):49:nextLevel.add(next); |==> <NO-OP>
10:COR:<METHOD_INVOCATION(boolean)>:TRUE:g0101_0200.s0126_word_ladder_ii.Solution@findLadders(java.lang.String,java.lang.String,java.util.List<java.lang.String>):53:queue.isEmpty() |==> false
11:COR:<METHOD_INVOCATION(boolean)>:FALSE:g0101_0200.s0126_word_ladder_ii.Solution@findLadders(java.lang.String,java.lang.String,java.util.List<java.lang.String>):53:queue.isEmpty() |==> true
12:COR:<IDENTIFIER(boolean)>:TRUE:g0101_0200.s0126_word_ladder_ii.Solution@findLadders(java.lang.String,java.lang.String,java.util.List<java.lang.String>):55:findEnd |==> false
13:COR:<IDENTIFIER(boolean)>:FALSE:g0101_0200.s0126_word_ladder_ii.Solution@findLadders(java.lang.String,java.lang.String,java.util.List<java.lang.String>):55:findEnd |==> true
14:STD:<BREAK>:<NO-OP>:g0101_0200.s0126_word_ladder_ii.Solution@findLadders(java.lang.String,java.lang.String,java.util.List<java.lang.String>):56:break; |==> <NO-OP>
15:STD:<CALL>:<NO-OP>:g0101_0200.s0126_word_ladder_ii.Solution@findLadders(java.lang.String,java.lang.String,java.util.List<java.lang.String>):59:queue.addAll(nextLevel); |==> <NO-OP>
16:STD:<CALL>:<NO-OP>:g0101_0200.s0126_word_ladder_ii.Solution@findLadders(java.lang.String,java.lang.String,java.util.List<java.lang.String>):61:wordSet.removeAll(nextLevel); |==> <NO-OP>
17:STD:<CALL>:<NO-OP>:g0101_0200.s0126_word_ladder_ii.Solution@findLadders(java.lang.String,java.lang.String,java.util.List<java.lang.String>):62:nextLevel.clear(); |==> <NO-OP>
18:COR:<IDENTIFIER(boolean)>:TRUE:g0101_0200.s0126_word_ladder_ii.Solution@findLadders(java.lang.String,java.lang.String,java.util.List<java.lang.String>):66:findEnd |==> false
19:COR:<IDENTIFIER(boolean)>:FALSE:g0101_0200.s0126_word_ladder_ii.Solution@findLadders(java.lang.String,java.lang.String,java.util.List<java.lang.String>):66:findEnd |==> true
20:STD:<RETURN>:<NO-OP>:g0101_0200.s0126_word_ladder_ii.Solution@findLadders(java.lang.String,java.lang.String,java.util.List<java.lang.String>):67:return ans; |==> <NO-OP>
21:STD:<CALL>:<NO-OP>:g0101_0200.s0126_word_ladder_ii.Solution@findLadders(java.lang.String,java.lang.String,java.util.List<java.lang.String>):70:path.add(endWord); |==> <NO-OP>
22:STD:<CALL>:<NO-OP>:g0101_0200.s0126_word_ladder_ii.Solution@findLadders(java.lang.String,java.lang.String,java.util.List<java.lang.String>):72:findPath(endWord, beginWord, reverse, ans, path); |==> <NO-OP>
23:ROR:==(java.lang.Object,java.lang.Object):FALSE(java.lang.Object,java.lang.Object):g0101_0200.s0126_word_ladder_ii.Solution@findPath(java.lang.String,java.lang.String,java.util.Map<java.lang.String,java.util.Set<java.lang.String>>,java.util.List<java.util.List<java.lang.String>>,java.util.Set<java.lang.String>):83:next == null |==> false
24:STD:<RETURN>:<NO-OP>:g0101_0200.s0126_word_ladder_ii.Solution@findPath(java.lang.String,java.lang.String,java.util.Map<java.lang.String,java.util.Set<java.lang.String>>,java.util.List<java.util.List<java.lang.String>>,java.util.Set<java.lang.String>):84:return; |==> <NO-OP>
25:STD:<CALL>:<NO-OP>:g0101_0200.s0126_word_ladder_ii.Solution@findPath(java.lang.String,java.lang.String,java.util.Map<java.lang.String,java.util.Set<java.lang.String>>,java.util.List<java.util.List<java.lang.String>>,java.util.Set<java.lang.String>):87:path.add(word); |==> <NO-OP>
26:COR:<METHOD_INVOCATION(boolean)>:TRUE:g0101_0200.s0126_word_ladder_ii.Solution@findPath(java.lang.String,java.lang.String,java.util.Map<java.lang.String,java.util.Set<java.lang.String>>,java.util.List<java.util.List<java.lang.String>>,java.util.Set<java.lang.String>):88:beginWord.equals(word) |==> false
27:COR:<METHOD_INVOCATION(boolean)>:FALSE:g0101_0200.s0126_word_ladder_ii.Solution@findPath(java.lang.String,java.lang.String,java.util.Map<java.lang.String,java.util.Set<java.lang.String>>,java.util.List<java.util.List<java.lang.String>>,java.util.Set<java.lang.String>):88:beginWord.equals(word) |==> true
28:STD:<CALL>:<NO-OP>:g0101_0200.s0126_word_ladder_ii.Solution@findPath(java.lang.String,java.lang.String,java.util.Map<java.lang.String,java.util.Set<java.lang.String>>,java.util.List<java.util.List<java.lang.String>>,java.util.Set<java.lang.String>):91:Collections.reverse(shortestPath); |==> <NO-OP>
29:STD:<CALL>:<NO-OP>:g0101_0200.s0126_word_ladder_ii.Solution@findPath(java.lang.String,java.lang.String,java.util.Map<java.lang.String,java.util.Set<java.lang.String>>,java.util.List<java.util.List<java.lang.String>>,java.util.Set<java.lang.String>):93:ans.add(shortestPath); |==> <NO-OP>
30:STD:<CALL>:<NO-OP>:g0101_0200.s0126_word_ladder_ii.Solution@findPath(java.lang.String,java.lang.String,java.util.Map<java.lang.String,java.util.Set<java.lang.String>>,java.util.List<java.util.List<java.lang.String>>,java.util.Set<java.lang.String>):95:findPath(word, beginWord, graph, ans, path); |==> <NO-OP>
31:STD:<CALL>:<NO-OP>:g0101_0200.s0126_word_ladder_ii.Solution@findPath(java.lang.String,java.lang.String,java.util.Map<java.lang.String,java.util.Set<java.lang.String>>,java.util.List<java.util.List<java.lang.String>>,java.util.Set<java.lang.String>):97:path.remove(word); |==> <NO-OP>
32:ROR:!=(int,int):<(int,int):g0101_0200.s0126_word_ladder_ii.Solution@isLadder(java.lang.String,java.lang.String):102:s.length() != t.length() |==> s.length() < t.length()
33:ROR:!=(int,int):>(int,int):g0101_0200.s0126_word_ladder_ii.Solution@isLadder(java.lang.String,java.lang.String):102:s.length() != t.length() |==> s.length() > t.length()
34:ROR:!=(int,int):TRUE(int,int):g0101_0200.s0126_word_ladder_ii.Solution@isLadder(java.lang.String,java.lang.String):102:s.length() != t.length() |==> true
35:STD:<RETURN>:<NO-OP>:g0101_0200.s0126_word_ladder_ii.Solution@isLadder(java.lang.String,java.lang.String):103:return false; |==> <NO-OP>
36:ROR:<(int,int):!=(int,int):g0101_0200.s0126_word_ladder_ii.Solution@isLadder(java.lang.String,java.lang.String):107:i < n |==> i != n
37:ROR:<(int,int):<=(int,int):g0101_0200.s0126_word_ladder_ii.Solution@isLadder(java.lang.String,java.lang.String):107:i < n |==> i <= n
38:ROR:<(int,int):FALSE(int,int):g0101_0200.s0126_word_ladder_ii.Solution@isLadder(java.lang.String,java.lang.String):107:i < n |==> false
39:ROR:!=(int,int):<(int,int):g0101_0200.s0126_word_ladder_ii.Solution@isLadder(java.lang.String,java.lang.String):108:s.charAt(i) != t.charAt(i) |==> s.charAt(i) < t.charAt(i)
40:ROR:!=(int,int):>(int,int):g0101_0200.s0126_word_ladder_ii.Solution@isLadder(java.lang.String,java.lang.String):108:s.charAt(i) != t.charAt(i) |==> s.charAt(i) > t.charAt(i)
41:ROR:!=(int,int):TRUE(int,int):g0101_0200.s0126_word_ladder_ii.Solution@isLadder(java.lang.String,java.lang.String):108:s.charAt(i) != t.charAt(i) |==> true
42:STD:<INC>:<NO-OP>:g0101_0200.s0126_word_ladder_ii.Solution@isLadder(java.lang.String,java.lang.String):109:diffCount++; |==> <NO-OP>
43:ROR:>(int,int):!=(int,int):g0101_0200.s0126_word_ladder_ii.Solution@isLadder(java.lang.String,java.lang.String):111:diffCount > 1 |==> diffCount != 1
44:ROR:>(int,int):>=(int,int):g0101_0200.s0126_word_ladder_ii.Solution@isLadder(java.lang.String,java.lang.String):111:diffCount > 1 |==> diffCount >= 1
45:ROR:>(int,int):FALSE(int,int):g0101_0200.s0126_word_ladder_ii.Solution@isLadder(java.lang.String,java.lang.String):111:diffCount > 1 |==> false
46:STD:<RETURN>:<NO-OP>:g0101_0200.s0126_word_ladder_ii.Solution@isLadder(java.lang.String,java.lang.String):112:return false; |==> <NO-OP>
47:ROR:==(int,int):<=(int,int):g0101_0200.s0126_word_ladder_ii.Solution@isLadder(java.lang.String,java.lang.String):115:diffCount == 1 |==> diffCount <= 1
48:ROR:==(int,int):>=(int,int):g0101_0200.s0126_word_ladder_ii.Solution@isLadder(java.lang.String,java.lang.String):115:diffCount == 1 |==> diffCount >= 1
49:ROR:==(int,int):FALSE(int,int):g0101_0200.s0126_word_ladder_ii.Solution@isLadder(java.lang.String,java.lang.String):115:diffCount == 1 |==> false
