ERROR:root:Failed to parse \F x.exists e.((_ = {JJ})(e) & (Subj(e) = x) & F(x)). Error: The function '(_ = {JJ})' is not a Lambda Expression, an Application Expression, or a functional predicate, so it may not take arguments.
\F x.exists e.((_ = {JJ})(e) & (Subj(e) = x) & F(x))
                        ^
ERROR:root:An error occurred: The function '(_ = {JJ})' is not a Lambda Expression, an Application Expression, or a functional predicate, so it may not take arguments.
\F x.exists e.((_ = {JJ})(e) & (Subj(e) = x) & F(x))
                        ^
Sentence: < code > 1 < = s.length < = 3 10 < sup > 5 < /sup > < /code >
Tree XML:
<sentence>
  <tokens>
    <token start="0" span="1" pos="JJ" chunk="I-NP" entity="O" cat="N/N" id="t0_0" surf="&lt;" base="&lt;"/>
    <token start="1" span="1" pos="NN" chunk="I-NP" entity="O" cat="N" id="t0_1" surf="code" base="code"/>
    <token start="2" span="1" pos="VBD" chunk="I-VP" entity="O" cat="(S[dcl]\NP)/NP" id="t0_2" surf="&gt;" base="&gt;"/>
    <token start="3" span="1" pos="CD" chunk="I-NP" entity="I-TIM" cat="(N/N)/(N/N)" id="t0_3" surf="1" base="1"/>
    <token start="4" span="1" pos="CD" chunk="I-NP" entity="I-TIM" cat="N/N" id="t0_4" surf="&lt;" base="&lt;"/>
    <token start="5" span="1" pos="JJ" chunk="I-NP" entity="I-TIM" cat="N/N" id="t0_5" surf="=" base="="/>
    <token start="6" span="1" pos="NN" chunk="I-NP" entity="I-TIM" cat="N/N" id="t0_6" surf="s.length" base="s.length"/>
    <token start="7" span="1" pos="NN" chunk="I-NP" entity="I-TIM" cat="N" id="t0_7" surf="&lt;" base="&lt;"/>
    <token start="8" span="1" pos="VBD" chunk="I-VP" entity="I-TIM" cat="S[dcl]\NP" id="t0_8" surf="=" base="="/>
    <token start="9" span="1" pos="CD" chunk="I-NP" entity="I-TIM" cat="(N/N)/(N/N)" id="t0_9" surf="3" base="3"/>
    <token start="10" span="1" pos="CD" chunk="I-NP" entity="I-TIM" cat="N/N" id="t0_10" surf="10" base="10"/>
    <token start="11" span="1" pos="NN" chunk="I-NP" entity="I-TIM" cat="N/N" id="t0_11" surf="&lt;" base="&lt;"/>
    <token start="12" span="1" pos="NN" chunk="I-NP" entity="I-TIM" cat="N" id="t0_12" surf="sup" base="sup"/>
    <token start="13" span="1" pos="VBD" chunk="I-VP" entity="I-TIM" cat="(S[dcl]\NP)/NP" id="t0_13" surf="&gt;" base="&gt;"/>
    <token start="14" span="1" pos="CD" chunk="I-NP" entity="I-TIM" cat="N/N" id="t0_14" surf="5" base="5"/>
    <token start="15" span="1" pos="NNS" chunk="I-NP" entity="I-TIM" cat="N" id="t0_15" surf="&lt;" base="&lt;"/>
    <token start="16" span="1" pos="RB" chunk="I-ADVP" entity="I-TIM" cat="(S\NP)/(S\NP)" id="t0_16" surf="/sup" base="/sup"/>
    <token start="17" span="1" pos="VBP" chunk="I-VP" entity="I-TIM" cat="(S[dcl]\NP)/NP" id="t0_17" surf="&gt;" base="&gt;"/>
    <token start="18" span="1" pos="JJ" chunk="I-NP" entity="I-TIM" cat="N/N" id="t0_18" surf="&lt;" base="&lt;"/>
    <token start="19" span="1" pos="NN" chunk="I-NP" entity="I-TIM" cat="N/N" id="t0_19" surf="/code" base="/code"/>
    <token start="20" span="1" pos="NN" chunk="I-NP" entity="I-TIM" cat="N" id="t0_20" surf="&gt;" base="&gt;"/>
  </tokens>
  <ccg root="s0_sp0" id="s0_ccg0">
    <span root="true" id="s0_sp0" child="s0_sp1 s0_sp5" category="S[dcl=true]" rule="ba"/>
    <span id="s0_sp1" child="s0_sp2" category="NP" rule="lex"/>
    <span id="s0_sp2" child="s0_sp3 s0_sp4" category="N" rule="fa"/>
    <span start="0" span="1" pos="JJ" chunk="I-NP" entity="O" id="s0_sp3" surf="&lt;" base="&lt;" terminal="t0_0" category="N/N"/>
    <span start="1" span="1" pos="NN" chunk="I-NP" entity="O" id="s0_sp4" surf="code" base="code" terminal="t0_1" category="N"/>
    <span id="s0_sp5" child="s0_sp6 s0_sp7" category="S[dcl=true]\NP" rule="fa"/>
    <span start="2" span="1" pos="VBD" chunk="I-VP" entity="O" id="s0_sp6" surf="&gt;" base="&gt;" terminal="t0_2" category="(S[dcl=true]\NP)/NP"/>
    <span id="s0_sp7" child="s0_sp8 s0_sp21" category="NP" rule="ba"/>
    <span id="s0_sp8" child="s0_sp9 s0_sp19" category="NP" rule="ba"/>
    <span id="s0_sp9" child="s0_sp10" category="NP" rule="lex"/>
    <span id="s0_sp10" child="s0_sp11 s0_sp14" category="N" rule="fa"/>
    <span id="s0_sp11" child="s0_sp12 s0_sp13" category="N/N" rule="fa"/>
    <span start="3" span="1" pos="CD" chunk="I-NP" entity="I-TIM" id="s0_sp12" surf="1" base="1" terminal="t0_3" category="(N/N)/(N/N)"/>
    <span start="4" span="1" pos="CD" chunk="I-NP" entity="I-TIM" id="s0_sp13" surf="&lt;" base="&lt;" terminal="t0_4" category="N/N"/>
    <span id="s0_sp14" child="s0_sp15 s0_sp16" category="N" rule="fa"/>
    <span start="5" span="1" pos="JJ" chunk="I-NP" entity="I-TIM" id="s0_sp15" surf="=" base="=" terminal="t0_5" category="N/N"/>
    <span id="s0_sp16" child="s0_sp17 s0_sp18" category="N" rule="fa"/>
    <span start="6" span="1" pos="NN" chunk="I-NP" entity="I-TIM" id="s0_sp17" surf="s.length" base="s.length" terminal="t0_6" category="N/N"/>
    <span start="7" span="1" pos="NN" chunk="I-NP" entity="I-TIM" id="s0_sp18" surf="&lt;" base="&lt;" terminal="t0_7" category="N"/>
    <span id="s0_sp19" child="s0_sp20" category="NP\NP" rule="lex"/>
    <span start="8" span="1" pos="VBD" chunk="I-VP" entity="I-TIM" id="s0_sp20" surf="=" base="=" terminal="t0_8" category="S[dcl=true]\NP"/>
    <span id="s0_sp21" child="s0_sp22" category="NP\NP" rule="lex"/>
    <span id="s0_sp22" child="s0_sp23 s0_sp34" category="S[dcl=true]/NP" rule="bx"/>
    <span id="s0_sp23" child="s0_sp24 s0_sp33" category="S[dcl=true]/NP" rule="fc"/>
    <span id="s0_sp24" child="s0_sp25" category="S[X=true]/(S[X=true]\NP)" rule="tr"/>
    <span id="s0_sp25" child="s0_sp26" category="NP" rule="lex"/>
    <span id="s0_sp26" child="s0_sp27 s0_sp30" category="N" rule="fa"/>
    <span id="s0_sp27" child="s0_sp28 s0_sp29" category="N/N" rule="fa"/>
    <span start="9" span="1" pos="CD" chunk="I-NP" entity="I-TIM" id="s0_sp28" surf="3" base="3" terminal="t0_9" category="(N/N)/(N/N)"/>
    <span start="10" span="1" pos="CD" chunk="I-NP" entity="I-TIM" id="s0_sp29" surf="10" base="10" terminal="t0_10" category="N/N"/>
    <span id="s0_sp30" child="s0_sp31 s0_sp32" category="N" rule="fa"/>
    <span start="11" span="1" pos="NN" chunk="I-NP" entity="I-TIM" id="s0_sp31" surf="&lt;" base="&lt;" terminal="t0_11" category="N/N"/>
    <span start="12" span="1" pos="NN" chunk="I-NP" entity="I-TIM" id="s0_sp32" surf="sup" base="sup" terminal="t0_12" category="N"/>
    <span start="13" span="1" pos="VBD" chunk="I-VP" entity="I-TIM" id="s0_sp33" surf="&gt;" base="&gt;" terminal="t0_13" category="(S[dcl=true]\NP)/NP"/>
    <span id="s0_sp34" child="s0_sp35" category="S[X=true]\S[X=true]" rule="lex"/>
    <span id="s0_sp35" child="s0_sp36 s0_sp40" category="S[dcl=true]" rule="ba"/>
    <span id="s0_sp36" child="s0_sp37" category="NP" rule="lex"/>
    <span id="s0_sp37" child="s0_sp38 s0_sp39" category="N" rule="fa"/>
    <span start="14" span="1" pos="CD" chunk="I-NP" entity="I-TIM" id="s0_sp38" surf="5" base="5" terminal="t0_14" category="N/N"/>
    <span start="15" span="1" pos="NNS" chunk="I-NP" entity="I-TIM" id="s0_sp39" surf="&lt;" base="&lt;" terminal="t0_15" category="N"/>
    <span id="s0_sp40" child="s0_sp41 s0_sp42" category="S[dcl=true]\NP" rule="fa"/>
    <span start="16" span="1" pos="RB" chunk="I-ADVP" entity="I-TIM" id="s0_sp41" surf="/sup" base="/sup" terminal="t0_16" category="(S\NP)/(S\NP)"/>
    <span id="s0_sp42" child="s0_sp43 s0_sp44" category="S[dcl=true]\NP" rule="fa"/>
    <span start="17" span="1" pos="VBP" chunk="I-VP" entity="I-TIM" id="s0_sp43" surf="&gt;" base="&gt;" terminal="t0_17" category="(S[dcl=true]\NP)/NP"/>
    <span id="s0_sp44" child="s0_sp45" category="NP" rule="lex"/>
    <span id="s0_sp45" child="s0_sp46 s0_sp47" category="N" rule="fa"/>
    <span start="18" span="1" pos="JJ" chunk="I-NP" entity="I-TIM" id="s0_sp46" surf="&lt;" base="&lt;" terminal="t0_18" category="N/N"/>
    <span id="s0_sp47" child="s0_sp48 s0_sp49" category="N" rule="fa"/>
    <span start="19" span="1" pos="NN" chunk="I-NP" entity="I-TIM" id="s0_sp48" surf="/code" base="/code" terminal="t0_19" category="N/N"/>
    <span start="20" span="1" pos="NN" chunk="I-NP" entity="I-TIM" id="s0_sp49" surf="&gt;" base="&gt;" terminal="t0_20" category="N"/>
  </ccg>
</sentence>

