1:AOR:-(int,int):%(int,int):g0001_0100.s0081_search_in_rotated_sorted_array_ii.Solution@search(int[],int):11:nums.length - 1 |==> nums.length % 1
2:AOR:-(int,int):*(int,int):g0001_0100.s0081_search_in_rotated_sorted_array_ii.Solution@search(int[],int):11:nums.length - 1 |==> nums.length * 1
3:AOR:-(int,int):+(int,int):g0001_0100.s0081_search_in_rotated_sorted_array_ii.Solution@search(int[],int):11:nums.length - 1 |==> nums.length + 1
4:AOR:-(int,int):/(int,int):g0001_0100.s0081_search_in_rotated_sorted_array_ii.Solution@search(int[],int):11:nums.length - 1 |==> nums.length / 1
5:ROR:>(int,int):!=(int,int):g0001_0100.s0081_search_in_rotated_sorted_array_ii.Solution@binary(int[],int,int,int):15:i > j |==> i != j
6:ROR:>(int,int):>=(int,int):g0001_0100.s0081_search_in_rotated_sorted_array_ii.Solution@binary(int[],int,int,int):15:i > j |==> i >= j
7:ROR:>(int,int):FALSE(int,int):g0001_0100.s0081_search_in_rotated_sorted_array_ii.Solution@binary(int[],int,int,int):15:i > j |==> false
8:STD:<RETURN>:<NO-OP>:g0001_0100.s0081_search_in_rotated_sorted_array_ii.Solution@binary(int[],int,int,int):16:return false; |==> <NO-OP>
9:AOR:+(int,int):%(int,int):g0001_0100.s0081_search_in_rotated_sorted_array_ii.Solution@binary(int[],int,int,int):18:i + j |==> i % j
10:AOR:+(int,int):*(int,int):g0001_0100.s0081_search_in_rotated_sorted_array_ii.Solution@binary(int[],int,int,int):18:i + j |==> i * j
11:AOR:+(int,int):-(int,int):g0001_0100.s0081_search_in_rotated_sorted_array_ii.Solution@binary(int[],int,int,int):18:i + j |==> i - j
12:AOR:+(int,int):/(int,int):g0001_0100.s0081_search_in_rotated_sorted_array_ii.Solution@binary(int[],int,int,int):18:i + j |==> i / j
13:AOR:/(int,int):%(int,int):g0001_0100.s0081_search_in_rotated_sorted_array_ii.Solution@binary(int[],int,int,int):18:(i + j) / 2 |==> (i + j) % 2
14:AOR:/(int,int):*(int,int):g0001_0100.s0081_search_in_rotated_sorted_array_ii.Solution@binary(int[],int,int,int):18:(i + j) / 2 |==> (i + j) * 2
15:AOR:/(int,int):+(int,int):g0001_0100.s0081_search_in_rotated_sorted_array_ii.Solution@binary(int[],int,int,int):18:(i + j) / 2 |==> (i + j) + 2
16:AOR:/(int,int):-(int,int):g0001_0100.s0081_search_in_rotated_sorted_array_ii.Solution@binary(int[],int,int,int):18:(i + j) / 2 |==> (i + j) - 2
17:ROR:==(int,int):<=(int,int):g0001_0100.s0081_search_in_rotated_sorted_array_ii.Solution@binary(int[],int,int,int):19:a[mid] == t |==> a[mid] <= t
18:ROR:==(int,int):>=(int,int):g0001_0100.s0081_search_in_rotated_sorted_array_ii.Solution@binary(int[],int,int,int):19:a[mid] == t |==> a[mid] >= t
19:ROR:==(int,int):FALSE(int,int):g0001_0100.s0081_search_in_rotated_sorted_array_ii.Solution@binary(int[],int,int,int):19:a[mid] == t |==> false
20:STD:<RETURN>:<NO-OP>:g0001_0100.s0081_search_in_rotated_sorted_array_ii.Solution@binary(int[],int,int,int):20:return true; |==> <NO-OP>
21:AOR:-(int,int):%(int,int):g0001_0100.s0081_search_in_rotated_sorted_array_ii.Solution@binary(int[],int,int,int):22:mid - 1 |==> mid % 1
22:AOR:-(int,int):*(int,int):g0001_0100.s0081_search_in_rotated_sorted_array_ii.Solution@binary(int[],int,int,int):22:mid - 1 |==> mid * 1
23:AOR:-(int,int):+(int,int):g0001_0100.s0081_search_in_rotated_sorted_array_ii.Solution@binary(int[],int,int,int):22:mid - 1 |==> mid + 1
24:AOR:-(int,int):/(int,int):g0001_0100.s0081_search_in_rotated_sorted_array_ii.Solution@binary(int[],int,int,int):22:mid - 1 |==> mid / 1
25:AOR:+(int,int):%(int,int):g0001_0100.s0081_search_in_rotated_sorted_array_ii.Solution@binary(int[],int,int,int):23:mid + 1 |==> mid % 1
26:AOR:+(int,int):*(int,int):g0001_0100.s0081_search_in_rotated_sorted_array_ii.Solution@binary(int[],int,int,int):23:mid + 1 |==> mid * 1
27:AOR:+(int,int):-(int,int):g0001_0100.s0081_search_in_rotated_sorted_array_ii.Solution@binary(int[],int,int,int):23:mid + 1 |==> mid - 1
28:AOR:+(int,int):/(int,int):g0001_0100.s0081_search_in_rotated_sorted_array_ii.Solution@binary(int[],int,int,int):23:mid + 1 |==> mid / 1
29:COR:||(boolean,boolean):!=(boolean,boolean):g0001_0100.s0081_search_in_rotated_sorted_array_ii.Solution@binary(int[],int,int,int):24:c1 || c2 |==> c1 != c2
30:COR:||(boolean,boolean):LHS(boolean,boolean):g0001_0100.s0081_search_in_rotated_sorted_array_ii.Solution@binary(int[],int,int,int):24:c1 || c2 |==> c1
31:COR:||(boolean,boolean):RHS(boolean,boolean):g0001_0100.s0081_search_in_rotated_sorted_array_ii.Solution@binary(int[],int,int,int):24:c1 || c2 |==> c2
32:COR:||(boolean,boolean):TRUE(boolean,boolean):g0001_0100.s0081_search_in_rotated_sorted_array_ii.Solution@binary(int[],int,int,int):24:c1 || c2 |==> true
