[04/24 17:40:57] [INFO   ] org.mutationtesting.major.plugin.MajorPluginTaskListener.<init>:
    Created MajorPluginTaskListener with options: [mml:../../major/mml/all.mml.bin]
[04/24 17:40:57] [INFO   ] org.mutationtesting.major.mutation.Mutator.initOperatorSymbols:
    Initializing operator symbols for opcode mapping
[04/24 17:40:57] [INFO   ] org.mutationtesting.major.mutation.Mutator.mutateTree:
    Mutating tree: Env[AttrContext[Scope[super, this]],outer=Env[AttrContext[Scope[g0001_0100.s0050_powx_n.Solution]]]]
[04/24 17:40:57] [INFO   ] org.mutationtesting.major.mutation.Mutator.visitClassDef:
    CLASS: g0001_0100.s0050_powx_n.Solution
[04/24 17:40:57] [INFO   ] org.mutationtesting.major.mutation.Mutator.visitMethodDef:
    METHOD: <init>([])null
[04/24 17:40:57] [INFO   ] org.mutationtesting.major.mutation.Mutator.visitMethodDef:
    METHOD: myPow([double x, int n])double
[04/24 17:40:57] [INFO   ] org.mutationtesting.major.mutation.Mutator.nextMutant:
    Creating mutant 1
[04/24 17:40:57] [INFO   ] org.mutationtesting.major.mutation.Mutator.logMutant:
    Logging mutant 1: Solution.myPow(line 14, col 15)
            mutation operator group:   ROR
            mutation operator:         <(int,int) |==> !=(int,int)
            original:                  n < 0 
            mutant:                    n != 0
[04/24 17:40:57] [INFO   ] org.mutationtesting.major.mutation.Mutator.nextMutant:
    Creating mutant 2
[04/24 17:40:57] [INFO   ] org.mutationtesting.major.mutation.Mutator.logMutant:
    Logging mutant 2: Solution.myPow(line 14, col 15)
            mutation operator group:   ROR
            mutation operator:         <(int,int) |==> <=(int,int)
            original:                  n < 0 
            mutant:                    n <= 0
[04/24 17:40:57] [INFO   ] org.mutationtesting.major.mutation.Mutator.nextMutant:
    Creating mutant 3
[04/24 17:40:57] [INFO   ] org.mutationtesting.major.mutation.Mutator.logMutant:
    Logging mutant 3: Solution.myPow(line 14, col 15)
            mutation operator group:   ROR
            mutation operator:         <(int,int) |==> FALSE(int,int)
            original:                  n < 0 
            mutant:                    false
[04/24 17:40:57] [INFO   ] org.mutationtesting.major.mutation.Mutator.nextMutant:
    Creating mutant 4
[04/24 17:40:57] [INFO   ] org.mutationtesting.major.mutation.Mutator.logMutantSTD:
    Logging mutantSTD 4: (STD) nn *= -1; -> <NO-OP>
[04/24 17:40:57] [INFO   ] org.mutationtesting.major.mutation.Mutator.nextMutant:
    Creating mutant 5
[04/24 17:40:57] [INFO   ] org.mutationtesting.major.mutation.Mutator.logMutant:
    Logging mutant 5: Solution.myPow(line 17, col 19)
            mutation operator group:   ROR
            mutation operator:         >(long,long) |==> !=(long,long)
            original:                  nn > 0 
            mutant:                    nn != 0
[04/24 17:40:57] [INFO   ] org.mutationtesting.major.mutation.Mutator.nextMutant:
    Creating mutant 6
[04/24 17:40:57] [INFO   ] org.mutationtesting.major.mutation.Mutator.logMutant:
    Logging mutant 6: Solution.myPow(line 17, col 19)
            mutation operator group:   ROR
            mutation operator:         >(long,long) |==> >=(long,long)
            original:                  nn > 0 
            mutant:                    nn >= 0
[04/24 17:40:57] [INFO   ] org.mutationtesting.major.mutation.Mutator.nextMutant:
    Creating mutant 7
[04/24 17:40:57] [INFO   ] org.mutationtesting.major.mutation.Mutator.logMutant:
    Logging mutant 7: Solution.myPow(line 17, col 19)
            mutation operator group:   ROR
            mutation operator:         >(long,long) |==> FALSE(long,long)
            original:                  nn > 0 
            mutant:                    false
[04/24 17:40:57] [INFO   ] org.mutationtesting.major.mutation.Mutator.nextMutant:
    Creating mutant 8
[04/24 17:40:57] [INFO   ] org.mutationtesting.major.mutation.Mutator.logMutant:
    Logging mutant 8: Solution.myPow(line 18, col 20)
            mutation operator group:   AOR
            mutation operator:         %(long,long) |==> *(long,long)
            original:                  nn % 2 
            mutant:                    nn * 2
[04/24 17:40:57] [INFO   ] org.mutationtesting.major.mutation.Mutator.nextMutant:
    Creating mutant 9
[04/24 17:40:57] [INFO   ] org.mutationtesting.major.mutation.Mutator.logMutant:
    Logging mutant 9: Solution.myPow(line 18, col 20)
            mutation operator group:   AOR
            mutation operator:         %(long,long) |==> +(long,long)
            original:                  nn % 2 
            mutant:                    nn + 2
[04/24 17:40:57] [INFO   ] org.mutationtesting.major.mutation.Mutator.nextMutant:
    Creating mutant 10
[04/24 17:40:57] [INFO   ] org.mutationtesting.major.mutation.Mutator.logMutant:
    Logging mutant 10: Solution.myPow(line 18, col 20)
            mutation operator group:   AOR
            mutation operator:         %(long,long) |==> -(long,long)
            original:                  nn % 2 
            mutant:                    nn - 2
[04/24 17:40:57] [INFO   ] org.mutationtesting.major.mutation.Mutator.nextMutant:
    Creating mutant 11
[04/24 17:40:57] [INFO   ] org.mutationtesting.major.mutation.Mutator.logMutant:
    Logging mutant 11: Solution.myPow(line 18, col 20)
            mutation operator group:   AOR
            mutation operator:         %(long,long) |==> /(long,long)
            original:                  nn % 2 
            mutant:                    nn / 2
[04/24 17:40:57] [INFO   ] org.mutationtesting.major.mutation.Mutator.nextMutant:
    Creating mutant 12
[04/24 17:40:57] [INFO   ] org.mutationtesting.major.mutation.Mutator.logMutant:
    Logging mutant 12: Solution.myPow(line 18, col 24)
            mutation operator group:   ROR
            mutation operator:         ==(long,long) |==> <=(long,long)
            original:                  nn % 2 == 1 
            mutant:                    nn % 2 <= 1
[04/24 17:40:57] [INFO   ] org.mutationtesting.major.mutation.Mutator.nextMutant:
    Creating mutant 13
[04/24 17:40:57] [INFO   ] org.mutationtesting.major.mutation.Mutator.logMutant:
    Logging mutant 13: Solution.myPow(line 18, col 24)
            mutation operator group:   ROR
            mutation operator:         ==(long,long) |==> >=(long,long)
            original:                  nn % 2 == 1 
            mutant:                    nn % 2 >= 1
[04/24 17:40:57] [INFO   ] org.mutationtesting.major.mutation.Mutator.nextMutant:
    Creating mutant 14
[04/24 17:40:57] [INFO   ] org.mutationtesting.major.mutation.Mutator.logMutant:
    Logging mutant 14: Solution.myPow(line 18, col 24)
            mutation operator group:   ROR
            mutation operator:         ==(long,long) |==> FALSE(long,long)
            original:                  nn % 2 == 1 
            mutant:                    false
[04/24 17:40:57] [INFO   ] org.mutationtesting.major.mutation.Mutator.nextMutant:
    Creating mutant 15
[04/24 17:40:57] [INFO   ] org.mutationtesting.major.mutation.Mutator.logMutantSTD:
    Logging mutantSTD 15: (STD) nn--; -> <NO-OP>
[04/24 17:40:57] [INFO   ] org.mutationtesting.major.mutation.Mutator.nextMutant:
    Creating mutant 16
[04/24 17:40:57] [INFO   ] org.mutationtesting.major.mutation.Mutator.logMutantSTD:
    Logging mutantSTD 16: (STD) res *= x; -> <NO-OP>
[04/24 17:40:57] [INFO   ] org.mutationtesting.major.mutation.Mutator.nextMutant:
    Creating mutant 17
[04/24 17:40:57] [INFO   ] org.mutationtesting.major.mutation.Mutator.logMutantSTD:
    Logging mutantSTD 17: (STD) x *= x; -> <NO-OP>
[04/24 17:40:57] [INFO   ] org.mutationtesting.major.mutation.Mutator.nextMutant:
    Creating mutant 18
[04/24 17:40:57] [INFO   ] org.mutationtesting.major.mutation.Mutator.logMutantSTD:
    Logging mutantSTD 18: (STD) nn /= 2; -> <NO-OP>
[04/24 17:40:57] [INFO   ] org.mutationtesting.major.mutation.Mutator.nextMutant:
    Creating mutant 19
[04/24 17:40:57] [INFO   ] org.mutationtesting.major.mutation.Mutator.logMutant:
    Logging mutant 19: Solution.myPow(line 26, col 15)
            mutation operator group:   ROR
            mutation operator:         <(int,int) |==> !=(int,int)
            original:                  n < 0 
            mutant:                    n != 0
[04/24 17:40:57] [INFO   ] org.mutationtesting.major.mutation.Mutator.nextMutant:
    Creating mutant 20
[04/24 17:40:57] [INFO   ] org.mutationtesting.major.mutation.Mutator.logMutant:
    Logging mutant 20: Solution.myPow(line 26, col 15)
            mutation operator group:   ROR
            mutation operator:         <(int,int) |==> <=(int,int)
            original:                  n < 0 
            mutant:                    n <= 0
[04/24 17:40:57] [INFO   ] org.mutationtesting.major.mutation.Mutator.nextMutant:
    Creating mutant 21
[04/24 17:40:57] [INFO   ] org.mutationtesting.major.mutation.Mutator.logMutant:
    Logging mutant 21: Solution.myPow(line 26, col 15)
            mutation operator group:   ROR
            mutation operator:         <(int,int) |==> FALSE(int,int)
            original:                  n < 0 
            mutant:                    false
[04/24 17:40:57] [INFO   ] org.mutationtesting.major.mutation.Mutator.nextMutant:
    Creating mutant 22
[04/24 17:40:57] [INFO   ] org.mutationtesting.major.mutation.Mutator.logMutant:
    Logging mutant 22: Solution.myPow(line 27, col 24)
            mutation operator group:   AOR
            mutation operator:         /(double,double) |==> %(double,double)
            original:                  1.0 / res 
            mutant:                    1.0 % res
[04/24 17:40:57] [INFO   ] org.mutationtesting.major.mutation.Mutator.nextMutant:
    Creating mutant 23
[04/24 17:40:57] [INFO   ] org.mutationtesting.major.mutation.Mutator.logMutant:
    Logging mutant 23: Solution.myPow(line 27, col 24)
            mutation operator group:   AOR
            mutation operator:         /(double,double) |==> *(double,double)
            original:                  1.0 / res 
            mutant:                    1.0 * res
[04/24 17:40:57] [INFO   ] org.mutationtesting.major.mutation.Mutator.nextMutant:
    Creating mutant 24
[04/24 17:40:57] [INFO   ] org.mutationtesting.major.mutation.Mutator.logMutant:
    Logging mutant 24: Solution.myPow(line 27, col 24)
            mutation operator group:   AOR
            mutation operator:         /(double,double) |==> +(double,double)
            original:                  1.0 / res 
            mutant:                    1.0 + res
[04/24 17:40:57] [INFO   ] org.mutationtesting.major.mutation.Mutator.nextMutant:
    Creating mutant 25
[04/24 17:40:57] [INFO   ] org.mutationtesting.major.mutation.Mutator.logMutant:
    Logging mutant 25: Solution.myPow(line 27, col 24)
            mutation operator group:   AOR
            mutation operator:         /(double,double) |==> -(double,double)
            original:                  1.0 / res 
            mutant:                    1.0 - res
[04/24 17:40:57] [INFO   ] org.mutationtesting.major.mutation.Mutator.nextMutant:
    Creating mutant 26
[04/24 17:40:57] [INFO   ] org.mutationtesting.major.mutation.Mutator.logMutantSTD:
    Logging mutantSTD 26: (STD) return 1.0 / res; -> <NO-OP>
[04/24 17:40:57] [INFO   ] org.mutationtesting.major.plugin.MajorPluginTaskListener.mutate:
    Generated 26 mutants (50 ms)
