ERROR:root:Failed to parse \F x.(F(x) & (_' | {NN})(x)). Error: The function '(_' | {NN})' is not a Lambda Expression, an Application Expression, or a functional predicate, so it may not take arguments.
\F x.(F(x) & (_' | {NN})(x))
                       ^
ERROR:root:An error occurred: The function '(_' | {NN})' is not a Lambda Expression, an Application Expression, or a functional predicate, so it may not take arguments.
\F x.(F(x) & (_' | {NN})(x))
                       ^
Sentence: Bulls are connected with a '| ' and cows are underlined :
Tree XML:
<sentence>
  <tokens>
    <token start="0" span="1" pos="NNS" chunk="I-NP" entity="I-PER" cat="N" id="t0_0" surf="Bulls" base="bull"/>
    <token start="1" span="1" pos="VBP" chunk="I-VP" entity="O" cat="(S[dcl]\NP)/(S[pss]\NP)" id="t0_1" surf="are" base="be"/>
    <token start="2" span="1" pos="VBN" chunk="I-VP" entity="O" cat="(S[pss]\NP)/PP" id="t0_2" surf="connected" base="connect"/>
    <token start="3" span="1" pos="IN" chunk="I-PP" entity="O" cat="PP/NP" id="t0_3" surf="with" base="with"/>
    <token start="4" span="1" pos="DT" chunk="I-NP" entity="O" cat="NP[nb]/N" id="t0_4" surf="a" base="a"/>
    <token start="5" span="1" pos="NN" chunk="I-NP" entity="O" cat="N/N" id="t0_5" surf="'|" base="'|"/>
    <token start="6" span="1" pos="POS" chunk="B-NP" entity="O" cat="N" id="t0_6" surf="'" base="'"/>
    <token start="7" span="1" pos="CC" chunk="I-NP" entity="O" cat="conj" id="t0_7" surf="and" base="and"/>
    <token start="8" span="1" pos="NNS" chunk="I-NP" entity="O" cat="N" id="t0_8" surf="cows" base="cow"/>
    <token start="9" span="1" pos="VBP" chunk="I-VP" entity="O" cat="(S[dcl]\NP)/(S[adj]\NP)" id="t0_9" surf="are" base="be"/>
    <token start="10" span="1" pos="JJ" chunk="I-ADJP" entity="O" cat="S[adj]\NP" id="t0_10" surf="underlined" base="underlined"/>
    <token start="11" span="1" pos=":" chunk="O" entity="O" cat=":" id="t0_11" surf=":" base=":"/>
  </tokens>
  <ccg root="s0_sp0" id="s0_ccg0">
    <span root="true" id="s0_sp0" child="s0_sp1 s0_sp24" category="S[dcl=true]" rule="rp"/>
    <span id="s0_sp1" child="s0_sp2 s0_sp16" category="S[dcl=true]" rule="ba"/>
    <span id="s0_sp2" child="s0_sp3 s0_sp5" category="S[dcl=true]" rule="ba"/>
    <span id="s0_sp3" child="s0_sp4" category="NP" rule="lex"/>
    <span start="0" span="1" pos="NNS" chunk="I-NP" entity="I-PER" id="s0_sp4" surf="Bulls" base="bull" terminal="t0_0" category="N"/>
    <span id="s0_sp5" child="s0_sp6 s0_sp7" category="S[dcl=true]\NP" rule="fa"/>
    <span start="1" span="1" pos="VBP" chunk="I-VP" entity="O" id="s0_sp6" surf="are" base="be" terminal="t0_1" category="(S[dcl=true]\NP)/(S[pss=true]\NP)"/>
    <span id="s0_sp7" child="s0_sp8 s0_sp9" category="S[pss=true]\NP" rule="fa"/>
    <span start="2" span="1" pos="VBN" chunk="I-VP" entity="O" id="s0_sp8" surf="connected" base="connect" terminal="t0_2" category="(S[pss=true]\NP)/PP"/>
    <span id="s0_sp9" child="s0_sp10 s0_sp11" category="PP" rule="fa"/>
    <span start="3" span="1" pos="IN" chunk="I-PP" entity="O" id="s0_sp10" surf="with" base="with" terminal="t0_3" category="PP/NP"/>
    <span id="s0_sp11" child="s0_sp12 s0_sp13" category="NP[nb=true]" rule="fa"/>
    <span start="4" span="1" pos="DT" chunk="I-NP" entity="O" id="s0_sp12" surf="a" base="a" terminal="t0_4" category="NP[nb=true]/N"/>
    <span id="s0_sp13" child="s0_sp14 s0_sp15" category="N" rule="fa"/>
    <span start="5" span="1" pos="NN" chunk="I-NP" entity="O" id="s0_sp14" surf="'|" base="'|" terminal="t0_5" category="N/N"/>
    <span start="6" span="1" pos="POS" chunk="B-NP" entity="O" id="s0_sp15" surf="'" base="'" terminal="t0_6" category="N"/>
    <span id="s0_sp16" child="s0_sp17 s0_sp18" category="S[dcl=true]\S[dcl=true]" rule="conj"/>
    <span start="7" span="1" pos="CC" chunk="I-NP" entity="O" id="s0_sp17" surf="and" base="and" terminal="t0_7" category="conj"/>
    <span id="s0_sp18" child="s0_sp19 s0_sp21" category="S[dcl=true]" rule="ba"/>
    <span id="s0_sp19" child="s0_sp20" category="NP" rule="lex"/>
    <span start="8" span="1" pos="NNS" chunk="I-NP" entity="O" id="s0_sp20" surf="cows" base="cow" terminal="t0_8" category="N"/>
    <span id="s0_sp21" child="s0_sp22 s0_sp23" category="S[dcl=true]\NP" rule="fa"/>
    <span start="9" span="1" pos="VBP" chunk="I-VP" entity="O" id="s0_sp22" surf="are" base="be" terminal="t0_9" category="(S[dcl=true]\NP)/(S[adj=true]\NP)"/>
    <span start="10" span="1" pos="JJ" chunk="I-ADJP" entity="O" id="s0_sp23" surf="underlined" base="underlined" terminal="t0_10" category="S[adj=true]\NP"/>
    <span start="11" span="1" pos=":" chunk="O" entity="O" id="s0_sp24" surf=":" base=":" terminal="t0_11" category=":"/>
  </ccg>
</sentence>

