ERROR:root:Failed to parse \x.((_ = {NN})(x) & _guess{NN}(x)). Error: The function '(_ = {NN})' is not a Lambda Expression, an Application Expression, or a functional predicate, so it may not take arguments.
\x.((_ = {NN})(x) & _guess{NN}(x))
             ^
ERROR:root:An error occurred: The function '(_ = {NN})' is not a Lambda Expression, an Application Expression, or a functional predicate, so it may not take arguments.
\x.((_ = {NN})(x) & _guess{NN}(x))
             ^
Sentence: Input : secret = `` 1 '' , guess = `` 0 ''
Tree XML:
<sentence>
  <tokens>
    <token start="0" span="1" pos="NNP" chunk="I-NP" entity="O" cat="N" id="t0_0" surf="Input" base="input"/>
    <token start="1" span="1" pos="IN" chunk="O" entity="O" cat="(NP\NP)/S" id="t0_1" surf=":" base=":"/>
    <token start="2" span="1" pos="JJ" chunk="I-NP" entity="O" cat="N/N" id="t0_2" surf="secret" base="secret"/>
    <token start="3" span="1" pos="NN" chunk="I-NP" entity="O" cat="(N/N)\(N/N)" id="t0_3" surf="=" base="="/>
    <token start="4" span="1" pos="LQU" chunk="I-NP" entity="O" cat="LQU" id="t0_4" surf="``" base="``"/>
    <token start="5" span="1" pos="CD" chunk="I-NP" entity="O" cat="N" id="t0_5" surf="1" base="1"/>
    <token start="6" span="1" pos="RQU" chunk="O" entity="O" cat="RQU" id="t0_6" surf="''" base="''"/>
    <token start="7" span="1" pos="," chunk="O" entity="O" cat="," id="t0_7" surf="," base=","/>
    <token start="8" span="1" pos="NN" chunk="I-NP" entity="O" cat="N/N" id="t0_8" surf="guess" base="guess"/>
    <token start="9" span="1" pos="NN" chunk="I-NP" entity="O" cat="N" id="t0_9" surf="=" base="="/>
    <token start="10" span="1" pos="LQU" chunk="I-NP" entity="O" cat="LQU" id="t0_10" surf="``" base="``"/>
    <token start="11" span="1" pos="CD" chunk="I-NP" entity="O" cat="S\NP" id="t0_11" surf="0" base="0"/>
    <token start="12" span="1" pos="RQU" chunk="O" entity="O" cat="RQU" id="t0_12" surf="''" base="''"/>
  </tokens>
  <ccg root="s0_sp0" id="s0_ccg0">
    <span root="true" id="s0_sp0" child="s0_sp1 s0_sp3" category="NP" rule="ba"/>
    <span id="s0_sp1" child="s0_sp2" category="NP" rule="lex"/>
    <span start="0" span="1" pos="NNP" chunk="I-NP" entity="O" id="s0_sp2" surf="Input" base="input" terminal="t0_0" category="N"/>
    <span id="s0_sp3" child="s0_sp4 s0_sp5" category="NP\NP" rule="fa"/>
    <span start="1" span="1" pos="IN" chunk="O" entity="O" id="s0_sp4" surf=":" base=":" terminal="t0_1" category="(NP\NP)/S"/>
    <span id="s0_sp5" child="s0_sp6 s0_sp23" category="S" rule="ba"/>
    <span id="s0_sp6" child="s0_sp7 s0_sp17" category="NP" rule="ba"/>
    <span id="s0_sp7" child="s0_sp8 s0_sp16" category="NP" rule="rp"/>
    <span id="s0_sp8" child="s0_sp9" category="NP" rule="lex"/>
    <span id="s0_sp9" child="s0_sp10 s0_sp13" category="N" rule="fa"/>
    <span id="s0_sp10" child="s0_sp11 s0_sp12" category="N/N" rule="ba"/>
    <span start="2" span="1" pos="JJ" chunk="I-NP" entity="O" id="s0_sp11" surf="secret" base="secret" terminal="t0_2" category="N/N"/>
    <span start="3" span="1" pos="NN" chunk="I-NP" entity="O" id="s0_sp12" surf="=" base="=" terminal="t0_3" category="(N/N)\(N/N)"/>
    <span id="s0_sp13" child="s0_sp14 s0_sp15" category="N" rule="lp"/>
    <span start="4" span="1" pos="LQU" chunk="I-NP" entity="O" id="s0_sp14" surf="``" base="``" terminal="t0_4" category="LQU"/>
    <span start="5" span="1" pos="CD" chunk="I-NP" entity="O" id="s0_sp15" surf="1" base="1" terminal="t0_5" category="N"/>
    <span start="6" span="1" pos="RQU" chunk="O" entity="O" id="s0_sp16" surf="''" base="''" terminal="t0_6" category="RQU"/>
    <span id="s0_sp17" child="s0_sp18 s0_sp19" category="NP\NP" rule="conj"/>
    <span start="7" span="1" pos="," chunk="O" entity="O" id="s0_sp18" surf="," base="," terminal="t0_7" category="=true,"/>
    <span id="s0_sp19" child="s0_sp20" category="NP" rule="lex"/>
    <span id="s0_sp20" child="s0_sp21 s0_sp22" category="N" rule="fa"/>
    <span start="8" span="1" pos="NN" chunk="I-NP" entity="O" id="s0_sp21" surf="guess" base="guess" terminal="t0_8" category="N/N"/>
    <span start="9" span="1" pos="NN" chunk="I-NP" entity="O" id="s0_sp22" surf="=" base="=" terminal="t0_9" category="N"/>
    <span id="s0_sp23" child="s0_sp24 s0_sp25" category="S\NP" rule="lp"/>
    <span start="10" span="1" pos="LQU" chunk="I-NP" entity="O" id="s0_sp24" surf="``" base="``" terminal="t0_10" category="LQU"/>
    <span id="s0_sp25" child="s0_sp26 s0_sp27" category="S\NP" rule="rp"/>
    <span start="11" span="1" pos="CD" chunk="I-NP" entity="O" id="s0_sp26" surf="0" base="0" terminal="t0_11" category="S\NP"/>
    <span start="12" span="1" pos="RQU" chunk="O" entity="O" id="s0_sp27" surf="''" base="''" terminal="t0_12" category="RQU"/>
  </ccg>
</sentence>

