[04/24 17:40:34] [INFO   ] org.mutationtesting.major.plugin.MajorPluginTaskListener.<init>:
    Created MajorPluginTaskListener with options: [mml:../../major/mml/all.mml.bin]
[04/24 17:40:34] [INFO   ] org.mutationtesting.major.mutation.Mutator.initOperatorSymbols:
    Initializing operator symbols for opcode mapping
[04/24 17:40:34] [INFO   ] org.mutationtesting.major.mutation.Mutator.mutateTree:
    Mutating tree: Env[AttrContext[Scope[super, this]],outer=Env[AttrContext[Scope[g0001_0100.s0010_regular_expression_matching.Solution]]]]
[04/24 17:40:34] [INFO   ] org.mutationtesting.major.mutation.Mutator.visitClassDef:
    CLASS: g0001_0100.s0010_regular_expression_matching.Solution
[04/24 17:40:34] [INFO   ] org.mutationtesting.major.mutation.Mutator.visitMethodDef:
    METHOD: <init>([])null
[04/24 17:40:34] [INFO   ] org.mutationtesting.major.mutation.Mutator.visitMethodDef:
    METHOD: isMatch([String s, String p])boolean
[04/24 17:40:34] [INFO   ] org.mutationtesting.major.mutation.Mutator.nextMutant:
    Creating mutant 1
[04/24 17:40:34] [INFO   ] org.mutationtesting.major.mutation.Mutator.logMutant:
    Logging mutant 1: Solution.isMatch(line 17, col 40)
            mutation operator group:   AOR
            mutation operator:         +(int,int) |==> %(int,int)
            original:                  s.length() + 1 
            mutant:                    s.length() % 1
[04/24 17:40:34] [INFO   ] org.mutationtesting.major.mutation.Mutator.nextMutant:
    Creating mutant 2
[04/24 17:40:34] [INFO   ] org.mutationtesting.major.mutation.Mutator.logMutant:
    Logging mutant 2: Solution.isMatch(line 17, col 40)
            mutation operator group:   AOR
            mutation operator:         +(int,int) |==> *(int,int)
            original:                  s.length() + 1 
            mutant:                    s.length() * 1
[04/24 17:40:34] [INFO   ] org.mutationtesting.major.mutation.Mutator.nextMutant:
    Creating mutant 3
[04/24 17:40:34] [INFO   ] org.mutationtesting.major.mutation.Mutator.logMutant:
    Logging mutant 3: Solution.isMatch(line 17, col 40)
            mutation operator group:   AOR
            mutation operator:         +(int,int) |==> -(int,int)
            original:                  s.length() + 1 
            mutant:                    s.length() - 1
[04/24 17:40:34] [INFO   ] org.mutationtesting.major.mutation.Mutator.nextMutant:
    Creating mutant 4
[04/24 17:40:34] [INFO   ] org.mutationtesting.major.mutation.Mutator.logMutant:
    Logging mutant 4: Solution.isMatch(line 17, col 40)
            mutation operator group:   AOR
            mutation operator:         +(int,int) |==> /(int,int)
            original:                  s.length() + 1 
            mutant:                    s.length() / 1
[04/24 17:40:34] [INFO   ] org.mutationtesting.major.mutation.Mutator.nextMutant:
    Creating mutant 5
[04/24 17:40:34] [INFO   ] org.mutationtesting.major.mutation.Mutator.logMutant:
    Logging mutant 5: Solution.isMatch(line 17, col 56)
            mutation operator group:   AOR
            mutation operator:         +(int,int) |==> %(int,int)
            original:                  p.length() + 1 
            mutant:                    p.length() % 1
[04/24 17:40:34] [INFO   ] org.mutationtesting.major.mutation.Mutator.nextMutant:
    Creating mutant 6
[04/24 17:40:34] [INFO   ] org.mutationtesting.major.mutation.Mutator.logMutant:
    Logging mutant 6: Solution.isMatch(line 17, col 56)
            mutation operator group:   AOR
            mutation operator:         +(int,int) |==> *(int,int)
            original:                  p.length() + 1 
            mutant:                    p.length() * 1
[04/24 17:40:34] [INFO   ] org.mutationtesting.major.mutation.Mutator.nextMutant:
    Creating mutant 7
[04/24 17:40:34] [INFO   ] org.mutationtesting.major.mutation.Mutator.logMutant:
    Logging mutant 7: Solution.isMatch(line 17, col 56)
            mutation operator group:   AOR
            mutation operator:         +(int,int) |==> -(int,int)
            original:                  p.length() + 1 
            mutant:                    p.length() - 1
[04/24 17:40:34] [INFO   ] org.mutationtesting.major.mutation.Mutator.nextMutant:
    Creating mutant 8
[04/24 17:40:34] [INFO   ] org.mutationtesting.major.mutation.Mutator.logMutant:
    Logging mutant 8: Solution.isMatch(line 17, col 56)
            mutation operator group:   AOR
            mutation operator:         +(int,int) |==> /(int,int)
            original:                  p.length() + 1 
            mutant:                    p.length() / 1
[04/24 17:40:34] [INFO   ] org.mutationtesting.major.mutation.Mutator.nextMutant:
    Creating mutant 9
[04/24 17:40:34] [INFO   ] org.mutationtesting.major.mutation.Mutator.logMutantSTD:
    Logging mutantSTD 9: (STD) cache = new Boolean[s.length() + 1][p.length() + 1]; -> <NO-OP>
[04/24 17:40:34] [INFO   ] org.mutationtesting.major.mutation.Mutator.visitMethodDef:
    METHOD: isMatch([String s, String p, int i, int j])boolean
[04/24 17:40:34] [INFO   ] org.mutationtesting.major.mutation.Mutator.nextMutant:
    Creating mutant 10
[04/24 17:40:34] [INFO   ] org.mutationtesting.major.mutation.Mutator.logMutant:
    Logging mutant 10: Solution.isMatch(line 22, col 15)
            mutation operator group:   ROR
            mutation operator:         ==(int,int) |==> <=(int,int)
            original:                  j == p.length() 
            mutant:                    j <= p.length()
[04/24 17:40:34] [INFO   ] org.mutationtesting.major.mutation.Mutator.nextMutant:
    Creating mutant 11
[04/24 17:40:34] [INFO   ] org.mutationtesting.major.mutation.Mutator.logMutant:
    Logging mutant 11: Solution.isMatch(line 22, col 15)
            mutation operator group:   ROR
            mutation operator:         ==(int,int) |==> >=(int,int)
            original:                  j == p.length() 
            mutant:                    j >= p.length()
[04/24 17:40:34] [INFO   ] org.mutationtesting.major.mutation.Mutator.nextMutant:
    Creating mutant 12
[04/24 17:40:34] [INFO   ] org.mutationtesting.major.mutation.Mutator.logMutant:
    Logging mutant 12: Solution.isMatch(line 22, col 15)
            mutation operator group:   ROR
            mutation operator:         ==(int,int) |==> FALSE(int,int)
            original:                  j == p.length() 
            mutant:                    false
[04/24 17:40:34] [INFO   ] org.mutationtesting.major.mutation.Mutator.nextMutant:
    Creating mutant 13
[04/24 17:40:34] [INFO   ] org.mutationtesting.major.mutation.Mutator.logMutant:
    Logging mutant 13: Solution.isMatch(line 23, col 22)
            mutation operator group:   ROR
            mutation operator:         ==(int,int) |==> <=(int,int)
            original:                  i == s.length() 
            mutant:                    i <= s.length()
[04/24 17:40:34] [INFO   ] org.mutationtesting.major.mutation.Mutator.nextMutant:
    Creating mutant 14
[04/24 17:40:34] [INFO   ] org.mutationtesting.major.mutation.Mutator.logMutant:
    Logging mutant 14: Solution.isMatch(line 23, col 22)
            mutation operator group:   ROR
            mutation operator:         ==(int,int) |==> >=(int,int)
            original:                  i == s.length() 
            mutant:                    i >= s.length()
[04/24 17:40:34] [INFO   ] org.mutationtesting.major.mutation.Mutator.nextMutant:
    Creating mutant 15
[04/24 17:40:34] [INFO   ] org.mutationtesting.major.mutation.Mutator.logMutant:
    Logging mutant 15: Solution.isMatch(line 23, col 22)
            mutation operator group:   ROR
            mutation operator:         ==(int,int) |==> FALSE(int,int)
            original:                  i == s.length() 
            mutant:                    false
[04/24 17:40:34] [INFO   ] org.mutationtesting.major.mutation.Mutator.nextMutant:
    Creating mutant 16
[04/24 17:40:34] [INFO   ] org.mutationtesting.major.mutation.Mutator.logMutantSTD:
    Logging mutantSTD 16: (STD) return i == s.length(); -> <NO-OP>
[04/24 17:40:34] [INFO   ] org.mutationtesting.major.mutation.Mutator.nextMutant:
    Creating mutant 17
[04/24 17:40:34] [INFO   ] org.mutationtesting.major.mutation.Mutator.logMutant:
    Logging mutant 17: Solution.isMatch(line 26, col 25)
            mutation operator group:   ROR
            mutation operator:         !=(java.lang.Object,java.lang.Object) |==> TRUE(java.lang.Object,java.lang.Object)
            original:                  cache[i][j] != null 
            mutant:                    true
[04/24 17:40:34] [INFO   ] org.mutationtesting.major.mutation.Mutator.nextMutant:
    Creating mutant 18
[04/24 17:40:34] [INFO   ] org.mutationtesting.major.mutation.Mutator.logMutantSTD:
    Logging mutantSTD 18: (STD) return cache[i][j]; -> <NO-OP>
[04/24 17:40:34] [INFO   ] org.mutationtesting.major.mutation.Mutator.nextMutant:
    Creating mutant 19
[04/24 17:40:34] [INFO   ] org.mutationtesting.major.mutation.Mutator.logMutant:
    Logging mutant 19: Solution.isMatch(line 29, col 32)
            mutation operator group:   ROR
            mutation operator:         <(int,int) |==> !=(int,int)
            original:                  i < s.length() 
            mutant:                    i != s.length()
[04/24 17:40:34] [INFO   ] org.mutationtesting.major.mutation.Mutator.nextMutant:
    Creating mutant 20
[04/24 17:40:34] [INFO   ] org.mutationtesting.major.mutation.Mutator.logMutant:
    Logging mutant 20: Solution.isMatch(line 29, col 32)
            mutation operator group:   ROR
            mutation operator:         <(int,int) |==> <=(int,int)
            original:                  i < s.length() 
            mutant:                    i <= s.length()
[04/24 17:40:34] [INFO   ] org.mutationtesting.major.mutation.Mutator.nextMutant:
    Creating mutant 21
[04/24 17:40:34] [INFO   ] org.mutationtesting.major.mutation.Mutator.logMutant:
    Logging mutant 21: Solution.isMatch(line 29, col 32)
            mutation operator group:   ROR
            mutation operator:         <(int,int) |==> FALSE(int,int)
            original:                  i < s.length() 
            mutant:                    false
[04/24 17:40:34] [INFO   ] org.mutationtesting.major.mutation.Mutator.nextMutant:
    Creating mutant 22
[04/24 17:40:34] [INFO   ] org.mutationtesting.major.mutation.Mutator.logMutant:
    Logging mutant 22: Solution.isMatch(line 29, col 61)
            mutation operator group:   ROR
            mutation operator:         ==(int,int) |==> <=(int,int)
            original:                  s.charAt(i) == p.charAt(j) 
            mutant:                    s.charAt(i) <= p.charAt(j)
[04/24 17:40:34] [INFO   ] org.mutationtesting.major.mutation.Mutator.nextMutant:
    Creating mutant 23
[04/24 17:40:34] [INFO   ] org.mutationtesting.major.mutation.Mutator.logMutant:
    Logging mutant 23: Solution.isMatch(line 29, col 61)
            mutation operator group:   ROR
            mutation operator:         ==(int,int) |==> >=(int,int)
            original:                  s.charAt(i) == p.charAt(j) 
            mutant:                    s.charAt(i) >= p.charAt(j)
[04/24 17:40:34] [INFO   ] org.mutationtesting.major.mutation.Mutator.nextMutant:
    Creating mutant 24
[04/24 17:40:34] [INFO   ] org.mutationtesting.major.mutation.Mutator.logMutant:
    Logging mutant 24: Solution.isMatch(line 29, col 61)
            mutation operator group:   ROR
            mutation operator:         ==(int,int) |==> FALSE(int,int)
            original:                  s.charAt(i) == p.charAt(j) 
            mutant:                    false
[04/24 17:40:34] [INFO   ] org.mutationtesting.major.mutation.Mutator.nextMutant:
    Creating mutant 25
[04/24 17:40:34] [INFO   ] org.mutationtesting.major.mutation.Mutator.logMutant:
    Logging mutant 25: Solution.isMatch(line 29, col 91)
            mutation operator group:   ROR
            mutation operator:         ==(int,int) |==> <=(int,int)
            original:                  p.charAt(j) == '.' 
            mutant:                    p.charAt(j) <= '.'
[04/24 17:40:34] [INFO   ] org.mutationtesting.major.mutation.Mutator.nextMutant:
    Creating mutant 26
[04/24 17:40:34] [INFO   ] org.mutationtesting.major.mutation.Mutator.logMutant:
    Logging mutant 26: Solution.isMatch(line 29, col 91)
            mutation operator group:   ROR
            mutation operator:         ==(int,int) |==> >=(int,int)
            original:                  p.charAt(j) == '.' 
            mutant:                    p.charAt(j) >= '.'
[04/24 17:40:34] [INFO   ] org.mutationtesting.major.mutation.Mutator.nextMutant:
    Creating mutant 27
[04/24 17:40:34] [INFO   ] org.mutationtesting.major.mutation.Mutator.logMutant:
    Logging mutant 27: Solution.isMatch(line 29, col 91)
            mutation operator group:   ROR
            mutation operator:         ==(int,int) |==> FALSE(int,int)
            original:                  p.charAt(j) == '.' 
            mutant:                    false
[04/24 17:40:34] [INFO   ] org.mutationtesting.major.mutation.Mutator.nextMutant:
    Creating mutant 28
[04/24 17:40:34] [INFO   ] org.mutationtesting.major.mutation.Mutator.logMutant:
    Logging mutant 28: Solution.isMatch(line 29, col 76)
            mutation operator group:   COR
            mutation operator:         ||(boolean,boolean) |==> !=(boolean,boolean)
            original:                  s.charAt(i) == p.charAt(j) || p.charAt(j) == '.' 
            mutant:                    s.charAt(i) == p.charAt(j) != (p.charAt(j) == '.')
[04/24 17:40:34] [INFO   ] org.mutationtesting.major.mutation.Mutator.nextMutant:
    Creating mutant 29
[04/24 17:40:34] [INFO   ] org.mutationtesting.major.mutation.Mutator.logMutant:
    Logging mutant 29: Solution.isMatch(line 29, col 61)
            mutation operator group:   COR
            mutation operator:         ||(boolean,boolean) |==> LHS(boolean,boolean)
            original:                  s.charAt(i) == p.charAt(j) || p.charAt(j) == '.' 
            mutant:                    s.charAt(i) == p.charAt(j)
[04/24 17:40:34] [INFO   ] org.mutationtesting.major.mutation.Mutator.nextMutant:
    Creating mutant 30
[04/24 17:40:34] [INFO   ] org.mutationtesting.major.mutation.Mutator.logMutant:
    Logging mutant 30: Solution.isMatch(line 29, col 91)
            mutation operator group:   COR
            mutation operator:         ||(boolean,boolean) |==> RHS(boolean,boolean)
            original:                  s.charAt(i) == p.charAt(j) || p.charAt(j) == '.' 
            mutant:                    p.charAt(j) == '.'
[04/24 17:40:34] [INFO   ] org.mutationtesting.major.mutation.Mutator.nextMutant:
    Creating mutant 31
[04/24 17:40:34] [INFO   ] org.mutationtesting.major.mutation.Mutator.logMutant:
    Logging mutant 31: Solution.isMatch(line 29, col 76)
            mutation operator group:   COR
            mutation operator:         ||(boolean,boolean) |==> TRUE(boolean,boolean)
            original:                  s.charAt(i) == p.charAt(j) || p.charAt(j) == '.' 
            mutant:                    true
[04/24 17:40:34] [INFO   ] org.mutationtesting.major.mutation.Mutator.nextMutant:
    Creating mutant 32
[04/24 17:40:34] [INFO   ] org.mutationtesting.major.mutation.Mutator.logMutant:
    Logging mutant 32: Solution.isMatch(line 29, col 45)
            mutation operator group:   COR
            mutation operator:         &&(boolean,boolean) |==> ==(boolean,boolean)
            original:                  i < s.length() && (s.charAt(i) == p.charAt(j) || p.charAt(j) == '.') 
            mutant:                    i < s.length() == (s.charAt(i) == p.charAt(j) || p.charAt(j) == '.')
[04/24 17:40:34] [INFO   ] org.mutationtesting.major.mutation.Mutator.nextMutant:
    Creating mutant 33
[04/24 17:40:34] [INFO   ] org.mutationtesting.major.mutation.Mutator.logMutant:
    Logging mutant 33: Solution.isMatch(line 29, col 45)
            mutation operator group:   COR
            mutation operator:         &&(boolean,boolean) |==> FALSE(boolean,boolean)
            original:                  i < s.length() && (s.charAt(i) == p.charAt(j) || p.charAt(j) == '.') 
            mutant:                    false
[04/24 17:40:34] [INFO   ] org.mutationtesting.major.mutation.Mutator.nextMutant:
    Creating mutant 34
[04/24 17:40:34] [INFO   ] org.mutationtesting.major.mutation.Mutator.logMutant:
    Logging mutant 34: Solution.isMatch(line 29, col 32)
            mutation operator group:   COR
            mutation operator:         &&(boolean,boolean) |==> LHS(boolean,boolean)
            original:                  i < s.length() && (s.charAt(i) == p.charAt(j) || p.charAt(j) == '.') 
            mutant:                    i < s.length()
[04/24 17:40:34] [INFO   ] org.mutationtesting.major.mutation.Mutator.nextMutant:
    Creating mutant 35
[04/24 17:40:34] [INFO   ] org.mutationtesting.major.mutation.Mutator.logMutant:
    Logging mutant 35: Solution.isMatch(line 29, col 48)
            mutation operator group:   COR
            mutation operator:         &&(boolean,boolean) |==> RHS(boolean,boolean)
            original:                  i < s.length() && (s.charAt(i) == p.charAt(j) || p.charAt(j) == '.') 
            mutant:                    (s.charAt(i) == p.charAt(j) || p.charAt(j) == '.')
[04/24 17:40:34] [INFO   ] org.mutationtesting.major.mutation.Mutator.nextMutant:
    Creating mutant 36
[04/24 17:40:34] [INFO   ] org.mutationtesting.major.mutation.Mutator.logMutant:
    Logging mutant 36: Solution.isMatch(line 30, col 16)
            mutation operator group:   AOR
            mutation operator:         +(int,int) |==> %(int,int)
            original:                  j + 1 
            mutant:                    j % 1
[04/24 17:40:34] [INFO   ] org.mutationtesting.major.mutation.Mutator.nextMutant:
    Creating mutant 37
[04/24 17:40:34] [INFO   ] org.mutationtesting.major.mutation.Mutator.logMutant:
    Logging mutant 37: Solution.isMatch(line 30, col 16)
            mutation operator group:   AOR
            mutation operator:         +(int,int) |==> *(int,int)
            original:                  j + 1 
            mutant:                    j * 1
[04/24 17:40:34] [INFO   ] org.mutationtesting.major.mutation.Mutator.nextMutant:
    Creating mutant 38
[04/24 17:40:34] [INFO   ] org.mutationtesting.major.mutation.Mutator.logMutant:
    Logging mutant 38: Solution.isMatch(line 30, col 16)
            mutation operator group:   AOR
            mutation operator:         +(int,int) |==> -(int,int)
            original:                  j + 1 
            mutant:                    j - 1
[04/24 17:40:34] [INFO   ] org.mutationtesting.major.mutation.Mutator.nextMutant:
    Creating mutant 39
[04/24 17:40:34] [INFO   ] org.mutationtesting.major.mutation.Mutator.logMutant:
    Logging mutant 39: Solution.isMatch(line 30, col 16)
            mutation operator group:   AOR
            mutation operator:         +(int,int) |==> /(int,int)
            original:                  j + 1 
            mutant:                    j / 1
[04/24 17:40:34] [INFO   ] org.mutationtesting.major.mutation.Mutator.nextMutant:
    Creating mutant 40
[04/24 17:40:34] [INFO   ] org.mutationtesting.major.mutation.Mutator.logMutant:
    Logging mutant 40: Solution.isMatch(line 30, col 21)
            mutation operator group:   ROR
            mutation operator:         <(int,int) |==> !=(int,int)
            original:                  (j + 1) < p.length() 
            mutant:                    (j + 1) != p.length()
[04/24 17:40:34] [INFO   ] org.mutationtesting.major.mutation.Mutator.nextMutant:
    Creating mutant 41
[04/24 17:40:34] [INFO   ] org.mutationtesting.major.mutation.Mutator.logMutant:
    Logging mutant 41: Solution.isMatch(line 30, col 21)
            mutation operator group:   ROR
            mutation operator:         <(int,int) |==> <=(int,int)
            original:                  (j + 1) < p.length() 
            mutant:                    (j + 1) <= p.length()
[04/24 17:40:34] [INFO   ] org.mutationtesting.major.mutation.Mutator.nextMutant:
    Creating mutant 42
[04/24 17:40:34] [INFO   ] org.mutationtesting.major.mutation.Mutator.logMutant:
    Logging mutant 42: Solution.isMatch(line 30, col 21)
            mutation operator group:   ROR
            mutation operator:         <(int,int) |==> FALSE(int,int)
            original:                  (j + 1) < p.length() 
            mutant:                    false
[04/24 17:40:34] [INFO   ] org.mutationtesting.major.mutation.Mutator.nextMutant:
    Creating mutant 43
[04/24 17:40:34] [INFO   ] org.mutationtesting.major.mutation.Mutator.logMutant:
    Logging mutant 43: Solution.isMatch(line 30, col 48)
            mutation operator group:   AOR
            mutation operator:         +(int,int) |==> %(int,int)
            original:                  j + 1 
            mutant:                    j % 1
[04/24 17:40:34] [INFO   ] org.mutationtesting.major.mutation.Mutator.nextMutant:
    Creating mutant 44
[04/24 17:40:34] [INFO   ] org.mutationtesting.major.mutation.Mutator.logMutant:
    Logging mutant 44: Solution.isMatch(line 30, col 48)
            mutation operator group:   AOR
            mutation operator:         +(int,int) |==> *(int,int)
            original:                  j + 1 
            mutant:                    j * 1
[04/24 17:40:34] [INFO   ] org.mutationtesting.major.mutation.Mutator.nextMutant:
    Creating mutant 45
[04/24 17:40:34] [INFO   ] org.mutationtesting.major.mutation.Mutator.logMutant:
    Logging mutant 45: Solution.isMatch(line 30, col 48)
            mutation operator group:   AOR
            mutation operator:         +(int,int) |==> -(int,int)
            original:                  j + 1 
            mutant:                    j - 1
[04/24 17:40:34] [INFO   ] org.mutationtesting.major.mutation.Mutator.nextMutant:
    Creating mutant 46
[04/24 17:40:34] [INFO   ] org.mutationtesting.major.mutation.Mutator.logMutant:
    Logging mutant 46: Solution.isMatch(line 30, col 48)
            mutation operator group:   AOR
            mutation operator:         +(int,int) |==> /(int,int)
            original:                  j + 1 
            mutant:                    j / 1
[04/24 17:40:34] [INFO   ] org.mutationtesting.major.mutation.Mutator.nextMutant:
    Creating mutant 47
[04/24 17:40:34] [INFO   ] org.mutationtesting.major.mutation.Mutator.logMutant:
    Logging mutant 47: Solution.isMatch(line 30, col 53)
            mutation operator group:   ROR
            mutation operator:         ==(int,int) |==> <=(int,int)
            original:                  p.charAt(j + 1) == '*' 
            mutant:                    p.charAt(j + 1) <= '*'
[04/24 17:40:34] [INFO   ] org.mutationtesting.major.mutation.Mutator.nextMutant:
    Creating mutant 48
[04/24 17:40:34] [INFO   ] org.mutationtesting.major.mutation.Mutator.logMutant:
    Logging mutant 48: Solution.isMatch(line 30, col 53)
            mutation operator group:   ROR
            mutation operator:         ==(int,int) |==> >=(int,int)
            original:                  p.charAt(j + 1) == '*' 
            mutant:                    p.charAt(j + 1) >= '*'
[04/24 17:40:34] [INFO   ] org.mutationtesting.major.mutation.Mutator.nextMutant:
    Creating mutant 49
[04/24 17:40:34] [INFO   ] org.mutationtesting.major.mutation.Mutator.logMutant:
    Logging mutant 49: Solution.isMatch(line 30, col 53)
            mutation operator group:   ROR
            mutation operator:         ==(int,int) |==> FALSE(int,int)
            original:                  p.charAt(j + 1) == '*' 
            mutant:                    false
[04/24 17:40:34] [INFO   ] org.mutationtesting.major.mutation.Mutator.nextMutant:
    Creating mutant 50
[04/24 17:40:34] [INFO   ] org.mutationtesting.major.mutation.Mutator.logMutant:
    Logging mutant 50: Solution.isMatch(line 30, col 34)
            mutation operator group:   COR
            mutation operator:         &&(boolean,boolean) |==> ==(boolean,boolean)
            original:                  (j + 1) < p.length() && p.charAt(j + 1) == '*' 
            mutant:                    (j + 1) < p.length() == (p.charAt(j + 1) == '*')
[04/24 17:40:34] [INFO   ] org.mutationtesting.major.mutation.Mutator.nextMutant:
    Creating mutant 51
[04/24 17:40:34] [INFO   ] org.mutationtesting.major.mutation.Mutator.logMutant:
    Logging mutant 51: Solution.isMatch(line 30, col 34)
            mutation operator group:   COR
            mutation operator:         &&(boolean,boolean) |==> FALSE(boolean,boolean)
            original:                  (j + 1) < p.length() && p.charAt(j + 1) == '*' 
            mutant:                    false
[04/24 17:40:34] [INFO   ] org.mutationtesting.major.mutation.Mutator.nextMutant:
    Creating mutant 52
[04/24 17:40:34] [INFO   ] org.mutationtesting.major.mutation.Mutator.logMutant:
    Logging mutant 52: Solution.isMatch(line 30, col 21)
            mutation operator group:   COR
            mutation operator:         &&(boolean,boolean) |==> LHS(boolean,boolean)
            original:                  (j + 1) < p.length() && p.charAt(j + 1) == '*' 
            mutant:                    (j + 1) < p.length()
[04/24 17:40:34] [INFO   ] org.mutationtesting.major.mutation.Mutator.nextMutant:
    Creating mutant 53
[04/24 17:40:34] [INFO   ] org.mutationtesting.major.mutation.Mutator.logMutant:
    Logging mutant 53: Solution.isMatch(line 30, col 53)
            mutation operator group:   COR
            mutation operator:         &&(boolean,boolean) |==> RHS(boolean,boolean)
            original:                  (j + 1) < p.length() && p.charAt(j + 1) == '*' 
            mutant:                    p.charAt(j + 1) == '*'
[04/24 17:40:34] [INFO   ] org.mutationtesting.major.mutation.Mutator.nextMutant:
    Creating mutant 54
[04/24 17:40:34] [INFO   ] org.mutationtesting.major.mutation.Mutator.logMutant:
    Logging mutant 54: Solution.isMatch(line 31, col 53)
            mutation operator group:   AOR
            mutation operator:         +(int,int) |==> %(int,int)
            original:                  i + 1 
            mutant:                    i % 1
[04/24 17:40:34] [INFO   ] org.mutationtesting.major.mutation.Mutator.nextMutant:
    Creating mutant 55
[04/24 17:40:34] [INFO   ] org.mutationtesting.major.mutation.Mutator.logMutant:
    Logging mutant 55: Solution.isMatch(line 31, col 53)
            mutation operator group:   AOR
            mutation operator:         +(int,int) |==> *(int,int)
            original:                  i + 1 
            mutant:                    i * 1
[04/24 17:40:34] [INFO   ] org.mutationtesting.major.mutation.Mutator.nextMutant:
    Creating mutant 56
[04/24 17:40:34] [INFO   ] org.mutationtesting.major.mutation.Mutator.logMutant:
    Logging mutant 56: Solution.isMatch(line 31, col 53)
            mutation operator group:   AOR
            mutation operator:         +(int,int) |==> -(int,int)
            original:                  i + 1 
            mutant:                    i - 1
[04/24 17:40:34] [INFO   ] org.mutationtesting.major.mutation.Mutator.nextMutant:
    Creating mutant 57
[04/24 17:40:34] [INFO   ] org.mutationtesting.major.mutation.Mutator.logMutant:
    Logging mutant 57: Solution.isMatch(line 31, col 53)
            mutation operator group:   AOR
            mutation operator:         +(int,int) |==> /(int,int)
            original:                  i + 1 
            mutant:                    i / 1
[04/24 17:40:34] [INFO   ] org.mutationtesting.major.mutation.Mutator.nextMutant:
    Creating mutant 58
[04/24 17:40:34] [INFO   ] org.mutationtesting.major.mutation.Mutator.logMutant:
    Logging mutant 58: Solution.isMatch(line 31, col 34)
            mutation operator group:   COR
            mutation operator:         &&(boolean,boolean) |==> ==(boolean,boolean)
            original:                  firstMatch && isMatch(s, p, i + 1, j) 
            mutant:                    firstMatch == isMatch(s, p, i + 1, j)
[04/24 17:40:34] [INFO   ] org.mutationtesting.major.mutation.Mutator.nextMutant:
    Creating mutant 59
[04/24 17:40:34] [INFO   ] org.mutationtesting.major.mutation.Mutator.logMutant:
    Logging mutant 59: Solution.isMatch(line 31, col 34)
            mutation operator group:   COR
            mutation operator:         &&(boolean,boolean) |==> FALSE(boolean,boolean)
            original:                  firstMatch && isMatch(s, p, i + 1, j) 
            mutant:                    false
[04/24 17:40:34] [INFO   ] org.mutationtesting.major.mutation.Mutator.nextMutant:
    Creating mutant 60
[04/24 17:40:34] [INFO   ] org.mutationtesting.major.mutation.Mutator.logMutant:
    Logging mutant 60: Solution.isMatch(line 31, col 23)
            mutation operator group:   COR
            mutation operator:         &&(boolean,boolean) |==> LHS(boolean,boolean)
            original:                  firstMatch && isMatch(s, p, i + 1, j) 
            mutant:                    firstMatch
[04/24 17:40:34] [INFO   ] org.mutationtesting.major.mutation.Mutator.nextMutant:
    Creating mutant 61
[04/24 17:40:34] [INFO   ] org.mutationtesting.major.mutation.Mutator.logMutant:
    Logging mutant 61: Solution.isMatch(line 31, col 44)
            mutation operator group:   COR
            mutation operator:         &&(boolean,boolean) |==> RHS(boolean,boolean)
            original:                  firstMatch && isMatch(s, p, i + 1, j) 
            mutant:                    isMatch(s, p, i + 1, j)
[04/24 17:40:34] [INFO   ] org.mutationtesting.major.mutation.Mutator.nextMutant:
    Creating mutant 62
[04/24 17:40:34] [INFO   ] org.mutationtesting.major.mutation.Mutator.logMutant:
    Logging mutant 62: Solution.isMatch(line 31, col 84)
            mutation operator group:   AOR
            mutation operator:         +(int,int) |==> %(int,int)
            original:                  j + 2 
            mutant:                    j % 2
[04/24 17:40:34] [INFO   ] org.mutationtesting.major.mutation.Mutator.nextMutant:
    Creating mutant 63
[04/24 17:40:34] [INFO   ] org.mutationtesting.major.mutation.Mutator.logMutant:
    Logging mutant 63: Solution.isMatch(line 31, col 84)
            mutation operator group:   AOR
            mutation operator:         +(int,int) |==> *(int,int)
            original:                  j + 2 
            mutant:                    j * 2
[04/24 17:40:34] [INFO   ] org.mutationtesting.major.mutation.Mutator.nextMutant:
    Creating mutant 64
[04/24 17:40:34] [INFO   ] org.mutationtesting.major.mutation.Mutator.logMutant:
    Logging mutant 64: Solution.isMatch(line 31, col 84)
            mutation operator group:   AOR
            mutation operator:         +(int,int) |==> -(int,int)
            original:                  j + 2 
            mutant:                    j - 2
[04/24 17:40:34] [INFO   ] org.mutationtesting.major.mutation.Mutator.nextMutant:
    Creating mutant 65
[04/24 17:40:34] [INFO   ] org.mutationtesting.major.mutation.Mutator.logMutant:
    Logging mutant 65: Solution.isMatch(line 31, col 84)
            mutation operator group:   AOR
            mutation operator:         +(int,int) |==> /(int,int)
            original:                  j + 2 
            mutant:                    j / 2
[04/24 17:40:34] [INFO   ] org.mutationtesting.major.mutation.Mutator.nextMutant:
    Creating mutant 66
[04/24 17:40:34] [INFO   ] org.mutationtesting.major.mutation.Mutator.logMutant:
    Logging mutant 66: Solution.isMatch(line 31, col 62)
            mutation operator group:   COR
            mutation operator:         ||(boolean,boolean) |==> !=(boolean,boolean)
            original:                  (firstMatch && isMatch(s, p, i + 1, j)) || isMatch(s, p, i, j + 2) 
            mutant:                    (firstMatch && isMatch(s, p, i + 1, j)) != isMatch(s, p, i, j + 2)
[04/24 17:40:34] [INFO   ] org.mutationtesting.major.mutation.Mutator.nextMutant:
    Creating mutant 67
[04/24 17:40:34] [INFO   ] org.mutationtesting.major.mutation.Mutator.logMutant:
    Logging mutant 67: Solution.isMatch(line 31, col 22)
            mutation operator group:   COR
            mutation operator:         ||(boolean,boolean) |==> LHS(boolean,boolean)
            original:                  (firstMatch && isMatch(s, p, i + 1, j)) || isMatch(s, p, i, j + 2) 
            mutant:                    (firstMatch && isMatch(s, p, i + 1, j))
[04/24 17:40:34] [INFO   ] org.mutationtesting.major.mutation.Mutator.nextMutant:
    Creating mutant 68
[04/24 17:40:34] [INFO   ] org.mutationtesting.major.mutation.Mutator.logMutant:
    Logging mutant 68: Solution.isMatch(line 31, col 72)
            mutation operator group:   COR
            mutation operator:         ||(boolean,boolean) |==> RHS(boolean,boolean)
            original:                  (firstMatch && isMatch(s, p, i + 1, j)) || isMatch(s, p, i, j + 2) 
            mutant:                    isMatch(s, p, i, j + 2)
[04/24 17:40:34] [INFO   ] org.mutationtesting.major.mutation.Mutator.nextMutant:
    Creating mutant 69
[04/24 17:40:34] [INFO   ] org.mutationtesting.major.mutation.Mutator.logMutant:
    Logging mutant 69: Solution.isMatch(line 31, col 62)
            mutation operator group:   COR
            mutation operator:         ||(boolean,boolean) |==> TRUE(boolean,boolean)
            original:                  (firstMatch && isMatch(s, p, i + 1, j)) || isMatch(s, p, i, j + 2) 
            mutant:                    true
[04/24 17:40:34] [INFO   ] org.mutationtesting.major.mutation.Mutator.nextMutant:
    Creating mutant 70
[04/24 17:40:34] [INFO   ] org.mutationtesting.major.mutation.Mutator.logMutant:
    Logging mutant 70: Solution.isMatch(line 33, col 52)
            mutation operator group:   AOR
            mutation operator:         +(int,int) |==> %(int,int)
            original:                  i + 1 
            mutant:                    i % 1
[04/24 17:40:34] [INFO   ] org.mutationtesting.major.mutation.Mutator.nextMutant:
    Creating mutant 71
[04/24 17:40:34] [INFO   ] org.mutationtesting.major.mutation.Mutator.logMutant:
    Logging mutant 71: Solution.isMatch(line 33, col 52)
            mutation operator group:   AOR
            mutation operator:         +(int,int) |==> *(int,int)
            original:                  i + 1 
            mutant:                    i * 1
[04/24 17:40:34] [INFO   ] org.mutationtesting.major.mutation.Mutator.nextMutant:
    Creating mutant 72
[04/24 17:40:34] [INFO   ] org.mutationtesting.major.mutation.Mutator.logMutant:
    Logging mutant 72: Solution.isMatch(line 33, col 52)
            mutation operator group:   AOR
            mutation operator:         +(int,int) |==> -(int,int)
            original:                  i + 1 
            mutant:                    i - 1
[04/24 17:40:34] [INFO   ] org.mutationtesting.major.mutation.Mutator.nextMutant:
    Creating mutant 73
[04/24 17:40:34] [INFO   ] org.mutationtesting.major.mutation.Mutator.logMutant:
    Logging mutant 73: Solution.isMatch(line 33, col 52)
            mutation operator group:   AOR
            mutation operator:         +(int,int) |==> /(int,int)
            original:                  i + 1 
            mutant:                    i / 1
[04/24 17:40:34] [INFO   ] org.mutationtesting.major.mutation.Mutator.nextMutant:
    Creating mutant 74
[04/24 17:40:34] [INFO   ] org.mutationtesting.major.mutation.Mutator.logMutant:
    Logging mutant 74: Solution.isMatch(line 33, col 59)
            mutation operator group:   AOR
            mutation operator:         +(int,int) |==> %(int,int)
            original:                  j + 1 
            mutant:                    j % 1
[04/24 17:40:34] [INFO   ] org.mutationtesting.major.mutation.Mutator.nextMutant:
    Creating mutant 75
[04/24 17:40:34] [INFO   ] org.mutationtesting.major.mutation.Mutator.logMutant:
    Logging mutant 75: Solution.isMatch(line 33, col 59)
            mutation operator group:   AOR
            mutation operator:         +(int,int) |==> *(int,int)
            original:                  j + 1 
            mutant:                    j * 1
[04/24 17:40:34] [INFO   ] org.mutationtesting.major.mutation.Mutator.nextMutant:
    Creating mutant 76
[04/24 17:40:34] [INFO   ] org.mutationtesting.major.mutation.Mutator.logMutant:
    Logging mutant 76: Solution.isMatch(line 33, col 59)
            mutation operator group:   AOR
            mutation operator:         +(int,int) |==> -(int,int)
            original:                  j + 1 
            mutant:                    j - 1
[04/24 17:40:34] [INFO   ] org.mutationtesting.major.mutation.Mutator.nextMutant:
    Creating mutant 77
[04/24 17:40:34] [INFO   ] org.mutationtesting.major.mutation.Mutator.logMutant:
    Logging mutant 77: Solution.isMatch(line 33, col 59)
            mutation operator group:   AOR
            mutation operator:         +(int,int) |==> /(int,int)
            original:                  j + 1 
            mutant:                    j / 1
[04/24 17:40:34] [INFO   ] org.mutationtesting.major.mutation.Mutator.nextMutant:
    Creating mutant 78
[04/24 17:40:34] [INFO   ] org.mutationtesting.major.mutation.Mutator.logMutant:
    Logging mutant 78: Solution.isMatch(line 33, col 33)
            mutation operator group:   COR
            mutation operator:         &&(boolean,boolean) |==> ==(boolean,boolean)
            original:                  firstMatch && isMatch(s, p, i + 1, j + 1) 
            mutant:                    firstMatch == isMatch(s, p, i + 1, j + 1)
[04/24 17:40:34] [INFO   ] org.mutationtesting.major.mutation.Mutator.nextMutant:
    Creating mutant 79
[04/24 17:40:34] [INFO   ] org.mutationtesting.major.mutation.Mutator.logMutant:
    Logging mutant 79: Solution.isMatch(line 33, col 33)
            mutation operator group:   COR
            mutation operator:         &&(boolean,boolean) |==> FALSE(boolean,boolean)
            original:                  firstMatch && isMatch(s, p, i + 1, j + 1) 
            mutant:                    false
[04/24 17:40:34] [INFO   ] org.mutationtesting.major.mutation.Mutator.nextMutant:
    Creating mutant 80
[04/24 17:40:34] [INFO   ] org.mutationtesting.major.mutation.Mutator.logMutant:
    Logging mutant 80: Solution.isMatch(line 33, col 22)
            mutation operator group:   COR
            mutation operator:         &&(boolean,boolean) |==> LHS(boolean,boolean)
            original:                  firstMatch && isMatch(s, p, i + 1, j + 1) 
            mutant:                    firstMatch
[04/24 17:40:34] [INFO   ] org.mutationtesting.major.mutation.Mutator.nextMutant:
    Creating mutant 81
[04/24 17:40:34] [INFO   ] org.mutationtesting.major.mutation.Mutator.logMutant:
    Logging mutant 81: Solution.isMatch(line 33, col 43)
            mutation operator group:   COR
            mutation operator:         &&(boolean,boolean) |==> RHS(boolean,boolean)
            original:                  firstMatch && isMatch(s, p, i + 1, j + 1) 
            mutant:                    isMatch(s, p, i + 1, j + 1)
[04/24 17:40:34] [INFO   ] org.mutationtesting.major.mutation.Mutator.nextMutant:
    Creating mutant 82
[04/24 17:40:34] [INFO   ] org.mutationtesting.major.mutation.Mutator.logMutantSTD:
    Logging mutantSTD 82: (STD) cache[i][j] = result; -> <NO-OP>
[04/24 17:40:34] [INFO   ] org.mutationtesting.major.plugin.MajorPluginTaskListener.mutate:
    Generated 82 mutants (130 ms)
