ERROR:root:Failed to parse \F x.(F(x) & (_ = {NN})(x)). Error: The function '(_ = {NN})' is not a Lambda Expression, an Application Expression, or a functional predicate, so it may not take arguments.
\F x.(F(x) & (_ = {NN})(x))
                      ^
ERROR:root:An error occurred: The function '(_ = {NN})' is not a Lambda Expression, an Application Expression, or a functional predicate, so it may not take arguments.
\F x.(F(x) & (_ = {NN})(x))
                      ^
Sentence: < code > 1 < = nums1.length , nums2.length < = 10 < sup > 5 < /sup > < /code >
Tree XML:
<sentence>
  <tokens>
    <token start="0" span="1" pos="JJ" chunk="I-NP" entity="O" cat="N/N" id="t0_0" surf="&lt;" base="&lt;"/>
    <token start="1" span="1" pos="NN" chunk="I-NP" entity="O" cat="N" id="t0_1" surf="code" base="code"/>
    <token start="2" span="1" pos="VBD" chunk="I-VP" entity="O" cat="(S[dcl]\NP)/NP" id="t0_2" surf="&gt;" base="&gt;"/>
    <token start="3" span="1" pos="CD" chunk="I-NP" entity="O" cat="(N/N)/(N/N)" id="t0_3" surf="1" base="1"/>
    <token start="4" span="1" pos="CD" chunk="I-NP" entity="O" cat="N/N" id="t0_4" surf="&lt;" base="&lt;"/>
    <token start="5" span="1" pos="NN" chunk="I-NP" entity="O" cat="N/N" id="t0_5" surf="=" base="="/>
    <token start="6" span="1" pos="NN" chunk="I-NP" entity="O" cat="N" id="t0_6" surf="nums1.length" base="nums1.length"/>
    <token start="7" span="1" pos="," chunk="O" entity="O" cat="," id="t0_7" surf="," base=","/>
    <token start="8" span="1" pos="JJ" chunk="I-NP" entity="I-TIM" cat="N/N" id="t0_8" surf="nums2.length" base="nums2.length"/>
    <token start="9" span="1" pos="NN" chunk="I-NP" entity="I-TIM" cat="N/N" id="t0_9" surf="&lt;" base="&lt;"/>
    <token start="10" span="1" pos="NN" chunk="I-NP" entity="I-TIM" cat="N/N" id="t0_10" surf="=" base="="/>
    <token start="11" span="1" pos="CD" chunk="I-NP" entity="I-TIM" cat="N/N" id="t0_11" surf="10" base="10"/>
    <token start="12" span="1" pos="NN" chunk="I-NP" entity="I-TIM" cat="N/N" id="t0_12" surf="&lt;" base="&lt;"/>
    <token start="13" span="1" pos="NN" chunk="I-NP" entity="I-TIM" cat="N" id="t0_13" surf="sup" base="sup"/>
    <token start="14" span="1" pos="VBD" chunk="I-VP" entity="I-TIM" cat="(S[dcl]\NP)/NP" id="t0_14" surf="&gt;" base="&gt;"/>
    <token start="15" span="1" pos="CD" chunk="I-NP" entity="I-TIM" cat="N/N" id="t0_15" surf="5" base="5"/>
    <token start="16" span="1" pos="NN" chunk="I-NP" entity="I-TIM" cat="N/N" id="t0_16" surf="&lt;" base="&lt;"/>
    <token start="17" span="1" pos="NN" chunk="I-NP" entity="I-TIM" cat="N" id="t0_17" surf="/sup" base="/sup"/>
    <token start="18" span="1" pos="VBD" chunk="I-VP" entity="I-TIM" cat="(S[dcl]\NP)/NP" id="t0_18" surf="&gt;" base="&gt;"/>
    <token start="19" span="1" pos="JJ" chunk="I-NP" entity="I-TIM" cat="N/N" id="t0_19" surf="&lt;" base="&lt;"/>
    <token start="20" span="1" pos="NN" chunk="I-NP" entity="I-TIM" cat="N/N" id="t0_20" surf="/code" base="/code"/>
    <token start="21" span="1" pos="NN" chunk="I-NP" entity="I-TIM" cat="N" id="t0_21" surf="&gt;" base="&gt;"/>
  </tokens>
  <ccg root="s0_sp0" id="s0_ccg0">
    <span root="true" id="s0_sp0" child="s0_sp1 s0_sp5" category="S[dcl=true]" rule="ba"/>
    <span id="s0_sp1" child="s0_sp2" category="NP" rule="lex"/>
    <span id="s0_sp2" child="s0_sp3 s0_sp4" category="N" rule="fa"/>
    <span start="0" span="1" pos="JJ" chunk="I-NP" entity="O" id="s0_sp3" surf="&lt;" base="&lt;" terminal="t0_0" category="N/N"/>
    <span start="1" span="1" pos="NN" chunk="I-NP" entity="O" id="s0_sp4" surf="code" base="code" terminal="t0_1" category="N"/>
    <span id="s0_sp5" child="s0_sp6 s0_sp7" category="S[dcl=true]\NP" rule="fa"/>
    <span start="2" span="1" pos="VBD" chunk="I-VP" entity="O" id="s0_sp6" surf="&gt;" base="&gt;" terminal="t0_2" category="(S[dcl=true]\NP)/NP"/>
    <span id="s0_sp7" child="s0_sp8 s0_sp16" category="NP" rule="ba"/>
    <span id="s0_sp8" child="s0_sp9" category="NP" rule="lex"/>
    <span id="s0_sp9" child="s0_sp10 s0_sp13" category="N" rule="fa"/>
    <span id="s0_sp10" child="s0_sp11 s0_sp12" category="N/N" rule="fa"/>
    <span start="3" span="1" pos="CD" chunk="I-NP" entity="O" id="s0_sp11" surf="1" base="1" terminal="t0_3" category="(N/N)/(N/N)"/>
    <span start="4" span="1" pos="CD" chunk="I-NP" entity="O" id="s0_sp12" surf="&lt;" base="&lt;" terminal="t0_4" category="N/N"/>
    <span id="s0_sp13" child="s0_sp14 s0_sp15" category="N" rule="fa"/>
    <span start="5" span="1" pos="NN" chunk="I-NP" entity="O" id="s0_sp14" surf="=" base="=" terminal="t0_5" category="N/N"/>
    <span start="6" span="1" pos="NN" chunk="I-NP" entity="O" id="s0_sp15" surf="nums1.length" base="nums1.length" terminal="t0_6" category="N"/>
    <span id="s0_sp16" child="s0_sp17" category="NP\NP" rule="lex"/>
    <span id="s0_sp17" child="s0_sp18 s0_sp19" category="S[dcl=true]" rule="lp"/>
    <span start="7" span="1" pos="," chunk="O" entity="O" id="s0_sp18" surf="," base="," terminal="t0_7" category="=true,"/>
    <span id="s0_sp19" child="s0_sp20 s0_sp32" category="S[dcl=true]" rule="ba"/>
    <span id="s0_sp20" child="s0_sp21" category="NP" rule="lex"/>
    <span id="s0_sp21" child="s0_sp22 s0_sp23" category="N" rule="fa"/>
    <span start="8" span="1" pos="JJ" chunk="I-NP" entity="I-TIM" id="s0_sp22" surf="nums2.length" base="nums2.length" terminal="t0_8" category="N/N"/>
    <span id="s0_sp23" child="s0_sp24 s0_sp25" category="N" rule="fa"/>
    <span start="9" span="1" pos="NN" chunk="I-NP" entity="I-TIM" id="s0_sp24" surf="&lt;" base="&lt;" terminal="t0_9" category="N/N"/>
    <span id="s0_sp25" child="s0_sp26 s0_sp27" category="N" rule="fa"/>
    <span start="10" span="1" pos="NN" chunk="I-NP" entity="I-TIM" id="s0_sp26" surf="=" base="=" terminal="t0_10" category="N/N"/>
    <span id="s0_sp27" child="s0_sp28 s0_sp29" category="N" rule="fa"/>
    <span start="11" span="1" pos="CD" chunk="I-NP" entity="I-TIM" id="s0_sp28" surf="10" base="10" terminal="t0_11" category="N/N"/>
    <span id="s0_sp29" child="s0_sp30 s0_sp31" category="N" rule="fa"/>
    <span start="12" span="1" pos="NN" chunk="I-NP" entity="I-TIM" id="s0_sp30" surf="&lt;" base="&lt;" terminal="t0_12" category="N/N"/>
    <span start="13" span="1" pos="NN" chunk="I-NP" entity="I-TIM" id="s0_sp31" surf="sup" base="sup" terminal="t0_13" category="N"/>
    <span id="s0_sp32" child="s0_sp33 s0_sp34" category="S[dcl=true]\NP" rule="fa"/>
    <span start="14" span="1" pos="VBD" chunk="I-VP" entity="I-TIM" id="s0_sp33" surf="&gt;" base="&gt;" terminal="t0_14" category="(S[dcl=true]\NP)/NP"/>
    <span id="s0_sp34" child="s0_sp35 s0_sp41" category="NP" rule="ba"/>
    <span id="s0_sp35" child="s0_sp36" category="NP" rule="lex"/>
    <span id="s0_sp36" child="s0_sp37 s0_sp38" category="N" rule="fa"/>
    <span start="15" span="1" pos="CD" chunk="I-NP" entity="I-TIM" id="s0_sp37" surf="5" base="5" terminal="t0_15" category="N/N"/>
    <span id="s0_sp38" child="s0_sp39 s0_sp40" category="N" rule="fa"/>
    <span start="16" span="1" pos="NN" chunk="I-NP" entity="I-TIM" id="s0_sp39" surf="&lt;" base="&lt;" terminal="t0_16" category="N/N"/>
    <span start="17" span="1" pos="NN" chunk="I-NP" entity="I-TIM" id="s0_sp40" surf="/sup" base="/sup" terminal="t0_17" category="N"/>
    <span id="s0_sp41" child="s0_sp42" category="NP\NP" rule="lex"/>
    <span id="s0_sp42" child="s0_sp43 s0_sp44" category="S[dcl=true]\NP" rule="fa"/>
    <span start="18" span="1" pos="VBD" chunk="I-VP" entity="I-TIM" id="s0_sp43" surf="&gt;" base="&gt;" terminal="t0_18" category="(S[dcl=true]\NP)/NP"/>
    <span id="s0_sp44" child="s0_sp45" category="NP" rule="lex"/>
    <span id="s0_sp45" child="s0_sp46 s0_sp47" category="N" rule="fa"/>
    <span start="19" span="1" pos="JJ" chunk="I-NP" entity="I-TIM" id="s0_sp46" surf="&lt;" base="&lt;" terminal="t0_19" category="N/N"/>
    <span id="s0_sp47" child="s0_sp48 s0_sp49" category="N" rule="fa"/>
    <span start="20" span="1" pos="NN" chunk="I-NP" entity="I-TIM" id="s0_sp48" surf="/code" base="/code" terminal="t0_20" category="N/N"/>
    <span start="21" span="1" pos="NN" chunk="I-NP" entity="I-TIM" id="s0_sp49" surf="&gt;" base="&gt;" terminal="t0_21" category="N"/>
  </ccg>
</sentence>

