ERROR:root:Failed to parse \F x.(F(x) & (_ = {NNP})(x)). Error: The function '(_ = {NNP})' is not a Lambda Expression, an Application Expression, or a functional predicate, so it may not take arguments.
\F x.(F(x) & (_ = {NNP})(x))
                       ^
ERROR:root:An error occurred: The function '(_ = {NNP})' is not a Lambda Expression, an Application Expression, or a functional predicate, so it may not take arguments.
\F x.(F(x) & (_ = {NNP})(x))
                       ^
Sentence: < code > -10 < sup > 9 < /sup > < = nums1 [ i ] , nums2 [ i ] < = 10 < sup > 9 < /sup > < /code >
Tree XML:
<sentence>
  <tokens>
    <token start="0" span="1" pos="JJ" chunk="I-NP" entity="O" cat="N/N" id="t0_0" surf="&lt;" base="&lt;"/>
    <token start="1" span="1" pos="NN" chunk="I-NP" entity="O" cat="N/N" id="t0_1" surf="code" base="code"/>
    <token start="2" span="1" pos="NN" chunk="I-NP" entity="O" cat="N/N" id="t0_2" surf="&gt;" base="&gt;"/>
    <token start="3" span="1" pos="JJ" chunk="I-NP" entity="O" cat="N/N" id="t0_3" surf="-10" base="-10"/>
    <token start="4" span="1" pos="NN" chunk="I-NP" entity="O" cat="N/N" id="t0_4" surf="&lt;" base="&lt;"/>
    <token start="5" span="1" pos="NN" chunk="I-NP" entity="O" cat="N" id="t0_5" surf="sup" base="sup"/>
    <token start="6" span="1" pos="VBD" chunk="I-VP" entity="O" cat="(S[dcl]\NP)/NP" id="t0_6" surf="&gt;" base="&gt;"/>
    <token start="7" span="1" pos="CD" chunk="I-NP" entity="I-DAT" cat="N/N" id="t0_7" surf="9" base="9"/>
    <token start="8" span="1" pos="NN" chunk="I-NP" entity="I-DAT" cat="N/N" id="t0_8" surf="&lt;" base="&lt;"/>
    <token start="9" span="1" pos="NN" chunk="I-NP" entity="I-DAT" cat="N/N" id="t0_9" surf="/sup" base="/sup"/>
    <token start="10" span="1" pos="NNP" chunk="I-NP" entity="I-DAT" cat="N/N" id="t0_10" surf="&gt;" base="&gt;"/>
    <token start="11" span="1" pos="NNP" chunk="I-NP" entity="I-DAT" cat="N/N" id="t0_11" surf="&lt;" base="&lt;"/>
    <token start="12" span="1" pos="NNP" chunk="I-NP" entity="I-DAT" cat="N/N" id="t0_12" surf="=" base="="/>
    <token start="13" span="1" pos="CD" chunk="I-NP" entity="I-DAT" cat="N/N" id="t0_13" surf="nums1" base="nums1"/>
    <token start="14" span="1" pos="NNP" chunk="I-NP" entity="I-DAT" cat="N/N" id="t0_14" surf="[" base="["/>
    <token start="15" span="1" pos="NNP" chunk="I-NP" entity="I-DAT" cat="N/N" id="t0_15" surf="i" base="i"/>
    <token start="16" span="1" pos="NNP" chunk="I-NP" entity="I-DAT" cat="N" id="t0_16" surf="]" base="]"/>
    <token start="17" span="1" pos="," chunk="O" entity="I-DAT" cat="," id="t0_17" surf="," base=","/>
    <token start="18" span="1" pos="CD" chunk="I-NP" entity="I-DAT" cat="N/N" id="t0_18" surf="nums2" base="nums2"/>
    <token start="19" span="1" pos="NNP" chunk="I-NP" entity="I-DAT" cat="N/N" id="t0_19" surf="[" base="["/>
    <token start="20" span="1" pos="NNP" chunk="I-NP" entity="I-DAT" cat="N/N" id="t0_20" surf="i" base="i"/>
    <token start="21" span="1" pos="NNP" chunk="I-NP" entity="I-DAT" cat="N/N" id="t0_21" surf="]" base="]"/>
    <token start="22" span="1" pos="NNP" chunk="I-NP" entity="I-DAT" cat="N/N" id="t0_22" surf="&lt;" base="&lt;"/>
    <token start="23" span="1" pos="NNP" chunk="I-NP" entity="I-DAT" cat="N/N" id="t0_23" surf="=" base="="/>
    <token start="24" span="1" pos="CD" chunk="I-NP" entity="I-DAT" cat="N/N" id="t0_24" surf="10" base="10"/>
    <token start="25" span="1" pos="NNP" chunk="I-NP" entity="I-DAT" cat="N/N" id="t0_25" surf="&lt;" base="&lt;"/>
    <token start="26" span="1" pos="NN" chunk="I-NP" entity="I-DAT" cat="N/N" id="t0_26" surf="sup" base="sup"/>
    <token start="27" span="1" pos="NNP" chunk="I-NP" entity="I-DAT" cat="N/N" id="t0_27" surf="&gt;" base="&gt;"/>
    <token start="28" span="1" pos="CD" chunk="I-NP" entity="I-DAT" cat="N/N" id="t0_28" surf="9" base="9"/>
    <token start="29" span="1" pos="NN" chunk="I-NP" entity="I-DAT" cat="N/N" id="t0_29" surf="&lt;" base="&lt;"/>
    <token start="30" span="1" pos="NN" chunk="I-NP" entity="I-DAT" cat="N" id="t0_30" surf="/sup" base="/sup"/>
    <token start="31" span="1" pos="NNP" chunk="I-NP" entity="I-DAT" cat="(NP\NP)/(NP\NP)" id="t0_31" surf="&gt;" base="&gt;"/>
    <token start="32" span="1" pos="NNP" chunk="I-NP" entity="I-DAT" cat="(NP\NP)/(NP\NP)" id="t0_32" surf="&lt;" base="&lt;"/>
    <token start="33" span="1" pos="NNP" chunk="I-NP" entity="I-DAT" cat="(NP\NP)/(NP\NP)" id="t0_33" surf="/code" base="/code"/>
    <token start="34" span="1" pos="NNP" chunk="I-NP" entity="I-DAT" cat="NP\NP" id="t0_34" surf="&gt;" base="&gt;"/>
  </tokens>
  <ccg root="s0_sp0" id="s0_ccg0">
    <span root="true" id="s0_sp0" child="s0_sp1 s0_sp13" category="S[dcl=true]" rule="ba"/>
    <span id="s0_sp1" child="s0_sp2" category="NP" rule="lex"/>
    <span id="s0_sp2" child="s0_sp3 s0_sp4" category="N" rule="fa"/>
    <span start="0" span="1" pos="JJ" chunk="I-NP" entity="O" id="s0_sp3" surf="&lt;" base="&lt;" terminal="t0_0" category="N/N"/>
    <span id="s0_sp4" child="s0_sp5 s0_sp6" category="N" rule="fa"/>
    <span start="1" span="1" pos="NN" chunk="I-NP" entity="O" id="s0_sp5" surf="code" base="code" terminal="t0_1" category="N/N"/>
    <span id="s0_sp6" child="s0_sp7 s0_sp8" category="N" rule="fa"/>
    <span start="2" span="1" pos="NN" chunk="I-NP" entity="O" id="s0_sp7" surf="&gt;" base="&gt;" terminal="t0_2" category="N/N"/>
    <span id="s0_sp8" child="s0_sp9 s0_sp10" category="N" rule="fa"/>
    <span start="3" span="1" pos="JJ" chunk="I-NP" entity="O" id="s0_sp9" surf="-10" base="-10" terminal="t0_3" category="N/N"/>
    <span id="s0_sp10" child="s0_sp11 s0_sp12" category="N" rule="fa"/>
    <span start="4" span="1" pos="NN" chunk="I-NP" entity="O" id="s0_sp11" surf="&lt;" base="&lt;" terminal="t0_4" category="N/N"/>
    <span start="5" span="1" pos="NN" chunk="I-NP" entity="O" id="s0_sp12" surf="sup" base="sup" terminal="t0_5" category="N"/>
    <span id="s0_sp13" child="s0_sp14 s0_sp15" category="S[dcl=true]\NP" rule="fa"/>
    <span start="6" span="1" pos="VBD" chunk="I-VP" entity="O" id="s0_sp14" surf="&gt;" base="&gt;" terminal="t0_6" category="(S[dcl=true]\NP)/NP"/>
    <span id="s0_sp15" child="s0_sp16 s0_sp36" category="NP" rule="ba"/>
    <span id="s0_sp16" child="s0_sp17" category="NP" rule="lex"/>
    <span id="s0_sp17" child="s0_sp18 s0_sp19" category="N" rule="fa"/>
    <span start="7" span="1" pos="CD" chunk="I-NP" entity="I-DAT" id="s0_sp18" surf="9" base="9" terminal="t0_7" category="N/N"/>
    <span id="s0_sp19" child="s0_sp20 s0_sp21" category="N" rule="fa"/>
    <span start="8" span="1" pos="NN" chunk="I-NP" entity="I-DAT" id="s0_sp20" surf="&lt;" base="&lt;" terminal="t0_8" category="N/N"/>
    <span id="s0_sp21" child="s0_sp22 s0_sp23" category="N" rule="fa"/>
    <span start="9" span="1" pos="NN" chunk="I-NP" entity="I-DAT" id="s0_sp22" surf="/sup" base="/sup" terminal="t0_9" category="N/N"/>
    <span id="s0_sp23" child="s0_sp24 s0_sp25" category="N" rule="fa"/>
    <span start="10" span="1" pos="NNP" chunk="I-NP" entity="I-DAT" id="s0_sp24" surf="&gt;" base="&gt;" terminal="t0_10" category="N/N"/>
    <span id="s0_sp25" child="s0_sp26 s0_sp27" category="N" rule="fa"/>
    <span start="11" span="1" pos="NNP" chunk="I-NP" entity="I-DAT" id="s0_sp26" surf="&lt;" base="&lt;" terminal="t0_11" category="N/N"/>
    <span id="s0_sp27" child="s0_sp28 s0_sp29" category="N" rule="fa"/>
    <span start="12" span="1" pos="NNP" chunk="I-NP" entity="I-DAT" id="s0_sp28" surf="=" base="=" terminal="t0_12" category="N/N"/>
    <span id="s0_sp29" child="s0_sp30 s0_sp31" category="N" rule="fa"/>
    <span start="13" span="1" pos="CD" chunk="I-NP" entity="I-DAT" id="s0_sp30" surf="nums1" base="nums1" terminal="t0_13" category="N/N"/>
    <span id="s0_sp31" child="s0_sp32 s0_sp33" category="N" rule="fa"/>
    <span start="14" span="1" pos="NNP" chunk="I-NP" entity="I-DAT" id="s0_sp32" surf="[" base="[" terminal="t0_14" category="N/N"/>
    <span id="s0_sp33" child="s0_sp34 s0_sp35" category="N" rule="fa"/>
    <span start="15" span="1" pos="NNP" chunk="I-NP" entity="I-DAT" id="s0_sp34" surf="i" base="i" terminal="t0_15" category="N/N"/>
    <span start="16" span="1" pos="NNP" chunk="I-NP" entity="I-DAT" id="s0_sp35" surf="]" base="]" terminal="t0_16" category="N"/>
    <span id="s0_sp36" child="s0_sp37 s0_sp38" category="NP\NP" rule="conj"/>
    <span start="17" span="1" pos="," chunk="O" entity="I-DAT" id="s0_sp37" surf="," base="," terminal="t0_17" category="=true,"/>
    <span id="s0_sp38" child="s0_sp39 s0_sp65" category="NP" rule="ba"/>
    <span id="s0_sp39" child="s0_sp40" category="NP" rule="lex"/>
    <span id="s0_sp40" child="s0_sp41 s0_sp42" category="N" rule="fa"/>
    <span start="18" span="1" pos="CD" chunk="I-NP" entity="I-DAT" id="s0_sp41" surf="nums2" base="nums2" terminal="t0_18" category="N/N"/>
    <span id="s0_sp42" child="s0_sp43 s0_sp44" category="N" rule="fa"/>
    <span start="19" span="1" pos="NNP" chunk="I-NP" entity="I-DAT" id="s0_sp43" surf="[" base="[" terminal="t0_19" category="N/N"/>
    <span id="s0_sp44" child="s0_sp45 s0_sp46" category="N" rule="fa"/>
    <span start="20" span="1" pos="NNP" chunk="I-NP" entity="I-DAT" id="s0_sp45" surf="i" base="i" terminal="t0_20" category="N/N"/>
    <span id="s0_sp46" child="s0_sp47 s0_sp48" category="N" rule="fa"/>
    <span start="21" span="1" pos="NNP" chunk="I-NP" entity="I-DAT" id="s0_sp47" surf="]" base="]" terminal="t0_21" category="N/N"/>
    <span id="s0_sp48" child="s0_sp49 s0_sp50" category="N" rule="fa"/>
    <span start="22" span="1" pos="NNP" chunk="I-NP" entity="I-DAT" id="s0_sp49" surf="&lt;" base="&lt;" terminal="t0_22" category="N/N"/>
    <span id="s0_sp50" child="s0_sp51 s0_sp52" category="N" rule="fa"/>
    <span start="23" span="1" pos="NNP" chunk="I-NP" entity="I-DAT" id="s0_sp51" surf="=" base="=" terminal="t0_23" category="N/N"/>
    <span id="s0_sp52" child="s0_sp53 s0_sp54" category="N" rule="fa"/>
    <span start="24" span="1" pos="CD" chunk="I-NP" entity="I-DAT" id="s0_sp53" surf="10" base="10" terminal="t0_24" category="N/N"/>
    <span id="s0_sp54" child="s0_sp55 s0_sp56" category="N" rule="fa"/>
    <span start="25" span="1" pos="NNP" chunk="I-NP" entity="I-DAT" id="s0_sp55" surf="&lt;" base="&lt;" terminal="t0_25" category="N/N"/>
    <span id="s0_sp56" child="s0_sp57 s0_sp58" category="N" rule="fa"/>
    <span start="26" span="1" pos="NN" chunk="I-NP" entity="I-DAT" id="s0_sp57" surf="sup" base="sup" terminal="t0_26" category="N/N"/>
    <span id="s0_sp58" child="s0_sp59 s0_sp60" category="N" rule="fa"/>
    <span start="27" span="1" pos="NNP" chunk="I-NP" entity="I-DAT" id="s0_sp59" surf="&gt;" base="&gt;" terminal="t0_27" category="N/N"/>
    <span id="s0_sp60" child="s0_sp61 s0_sp62" category="N" rule="fa"/>
    <span start="28" span="1" pos="CD" chunk="I-NP" entity="I-DAT" id="s0_sp61" surf="9" base="9" terminal="t0_28" category="N/N"/>
    <span id="s0_sp62" child="s0_sp63 s0_sp64" category="N" rule="fa"/>
    <span start="29" span="1" pos="NN" chunk="I-NP" entity="I-DAT" id="s0_sp63" surf="&lt;" base="&lt;" terminal="t0_29" category="N/N"/>
    <span start="30" span="1" pos="NN" chunk="I-NP" entity="I-DAT" id="s0_sp64" surf="/sup" base="/sup" terminal="t0_30" category="N"/>
    <span id="s0_sp65" child="s0_sp66 s0_sp67" category="NP\NP" rule="fa"/>
    <span start="31" span="1" pos="NNP" chunk="I-NP" entity="I-DAT" id="s0_sp66" surf="&gt;" base="&gt;" terminal="t0_31" category="(NP\NP)/(NP\NP)"/>
    <span id="s0_sp67" child="s0_sp68 s0_sp69" category="NP\NP" rule="fa"/>
    <span start="32" span="1" pos="NNP" chunk="I-NP" entity="I-DAT" id="s0_sp68" surf="&lt;" base="&lt;" terminal="t0_32" category="(NP\NP)/(NP\NP)"/>
    <span id="s0_sp69" child="s0_sp70 s0_sp71" category="NP\NP" rule="fa"/>
    <span start="33" span="1" pos="NNP" chunk="I-NP" entity="I-DAT" id="s0_sp70" surf="/code" base="/code" terminal="t0_33" category="(NP\NP)/(NP\NP)"/>
    <span start="34" span="1" pos="NNP" chunk="I-NP" entity="I-DAT" id="s0_sp71" surf="&gt;" base="&gt;" terminal="t0_34" category="NP\NP"/>
  </ccg>
</sentence>

