ERROR:root:Failed to parse \F x.(F(x) & (_ = {NNP})(x)). Error: The function '(_ = {NNP})' is not a Lambda Expression, an Application Expression, or a functional predicate, so it may not take arguments.
\F x.(F(x) & (_ = {NNP})(x))
                       ^
ERROR:root:An error occurred: The function '(_ = {NNP})' is not a Lambda Expression, an Application Expression, or a functional predicate, so it may not take arguments.
\F x.(F(x) & (_ = {NNP})(x))
                       ^
Sentence: Input : nums1 = [ 1 , 2 ] , nums2 = [ 3 ] , k = 3
Tree XML:
<sentence>
  <tokens>
    <token start="0" span="1" pos="NNP" chunk="I-NP" entity="O" cat="N" id="t0_0" surf="Input" base="input"/>
    <token start="1" span="1" pos="IN" chunk="O" entity="O" cat="(NP\NP)/NP" id="t0_1" surf=":" base=":"/>
    <token start="2" span="1" pos="CD" chunk="I-NP" entity="O" cat="N/N" id="t0_2" surf="nums1" base="nums1"/>
    <token start="3" span="1" pos="NNP" chunk="I-NP" entity="O" cat="N/N" id="t0_3" surf="=" base="="/>
    <token start="4" span="1" pos="NNP" chunk="I-NP" entity="I-DAT" cat="N/N[num]" id="t0_4" surf="[" base="["/>
    <token start="5" span="1" pos="CD" chunk="I-NP" entity="I-DAT" cat="N[num]" id="t0_5" surf="1" base="1"/>
    <token start="6" span="1" pos="," chunk="I-NP" entity="I-DAT" cat="," id="t0_6" surf="," base=","/>
    <token start="7" span="1" pos="CD" chunk="I-NP" entity="I-DAT" cat="N/N" id="t0_7" surf="2" base="2"/>
    <token start="8" span="1" pos="NNS" chunk="I-NP" entity="I-DAT" cat="N" id="t0_8" surf="]" base="]"/>
    <token start="9" span="1" pos="," chunk="O" entity="I-DAT" cat="," id="t0_9" surf="," base=","/>
    <token start="10" span="1" pos="CD" chunk="I-NP" entity="I-DAT" cat="N/N" id="t0_10" surf="nums2" base="nums2"/>
    <token start="11" span="1" pos="NNP" chunk="I-NP" entity="I-DAT" cat="N/N" id="t0_11" surf="=" base="="/>
    <token start="12" span="1" pos="NNP" chunk="I-NP" entity="I-DAT" cat="N/N" id="t0_12" surf="[" base="["/>
    <token start="13" span="1" pos="NNP" chunk="I-NP" entity="I-DAT" cat="N/N" id="t0_13" surf="3" base="3"/>
    <token start="14" span="1" pos="NNP" chunk="I-NP" entity="I-DAT" cat="N" id="t0_14" surf="]" base="]"/>
    <token start="15" span="1" pos="," chunk="O" entity="O" cat="," id="t0_15" surf="," base=","/>
    <token start="16" span="1" pos="NN" chunk="I-NP" entity="O" cat="N/N" id="t0_16" surf="k" base="k"/>
    <token start="17" span="1" pos="NN" chunk="I-NP" entity="O" cat="N" id="t0_17" surf="=" base="="/>
    <token start="18" span="1" pos="CD" chunk="I-NP" entity="O" cat="N\N" id="t0_18" surf="3" base="3"/>
  </tokens>
  <ccg root="s0_sp0" id="s0_ccg0">
    <span root="true" id="s0_sp0" child="s0_sp1 s0_sp3" category="NP" rule="ba"/>
    <span id="s0_sp1" child="s0_sp2" category="NP" rule="lex"/>
    <span start="0" span="1" pos="NNP" chunk="I-NP" entity="O" id="s0_sp2" surf="Input" base="input" terminal="t0_0" category="N"/>
    <span id="s0_sp3" child="s0_sp4 s0_sp5" category="NP\NP" rule="fa"/>
    <span start="1" span="1" pos="IN" chunk="O" entity="O" id="s0_sp4" surf=":" base=":" terminal="t0_1" category="(NP\NP)/NP"/>
    <span id="s0_sp5" child="s0_sp6 s0_sp14" category="NP" rule="ba"/>
    <span id="s0_sp6" child="s0_sp7" category="NP" rule="lex"/>
    <span id="s0_sp7" child="s0_sp8 s0_sp9" category="N" rule="fa"/>
    <span start="2" span="1" pos="CD" chunk="I-NP" entity="O" id="s0_sp8" surf="nums1" base="nums1" terminal="t0_2" category="N/N"/>
    <span id="s0_sp9" child="s0_sp10 s0_sp11" category="N" rule="fa"/>
    <span start="3" span="1" pos="NNP" chunk="I-NP" entity="O" id="s0_sp10" surf="=" base="=" terminal="t0_3" category="N/N"/>
    <span id="s0_sp11" child="s0_sp12 s0_sp13" category="N" rule="fa"/>
    <span start="4" span="1" pos="NNP" chunk="I-NP" entity="I-DAT" id="s0_sp12" surf="[" base="[" terminal="t0_4" category="N/N[num=true]"/>
    <span start="5" span="1" pos="CD" chunk="I-NP" entity="I-DAT" id="s0_sp13" surf="1" base="1" terminal="t0_5" category="N[num=true]"/>
    <span id="s0_sp14" child="s0_sp15 s0_sp16" category="NP\NP" rule="conj"/>
    <span start="6" span="1" pos="," chunk="I-NP" entity="I-DAT" id="s0_sp15" surf="," base="," terminal="t0_6" category="=true,"/>
    <span id="s0_sp16" child="s0_sp17 s0_sp21" category="NP" rule="ba"/>
    <span id="s0_sp17" child="s0_sp18" category="NP" rule="lex"/>
    <span id="s0_sp18" child="s0_sp19 s0_sp20" category="N" rule="fa"/>
    <span start="7" span="1" pos="CD" chunk="I-NP" entity="I-DAT" id="s0_sp19" surf="2" base="2" terminal="t0_7" category="N/N"/>
    <span start="8" span="1" pos="NNS" chunk="I-NP" entity="I-DAT" id="s0_sp20" surf="]" base="]" terminal="t0_8" category="N"/>
    <span id="s0_sp21" child="s0_sp22 s0_sp23" category="NP\NP" rule="conj"/>
    <span start="9" span="1" pos="," chunk="O" entity="I-DAT" id="s0_sp22" surf="," base="," terminal="t0_9" category="=true,"/>
    <span id="s0_sp23" child="s0_sp24 s0_sp34" category="NP" rule="ba"/>
    <span id="s0_sp24" child="s0_sp25" category="NP" rule="lex"/>
    <span id="s0_sp25" child="s0_sp26 s0_sp27" category="N" rule="fa"/>
    <span start="10" span="1" pos="CD" chunk="I-NP" entity="I-DAT" id="s0_sp26" surf="nums2" base="nums2" terminal="t0_10" category="N/N"/>
    <span id="s0_sp27" child="s0_sp28 s0_sp29" category="N" rule="fa"/>
    <span start="11" span="1" pos="NNP" chunk="I-NP" entity="I-DAT" id="s0_sp28" surf="=" base="=" terminal="t0_11" category="N/N"/>
    <span id="s0_sp29" child="s0_sp30 s0_sp31" category="N" rule="fa"/>
    <span start="12" span="1" pos="NNP" chunk="I-NP" entity="I-DAT" id="s0_sp30" surf="[" base="[" terminal="t0_12" category="N/N"/>
    <span id="s0_sp31" child="s0_sp32 s0_sp33" category="N" rule="fa"/>
    <span start="13" span="1" pos="NNP" chunk="I-NP" entity="I-DAT" id="s0_sp32" surf="3" base="3" terminal="t0_13" category="N/N"/>
    <span start="14" span="1" pos="NNP" chunk="I-NP" entity="I-DAT" id="s0_sp33" surf="]" base="]" terminal="t0_14" category="N"/>
    <span id="s0_sp34" child="s0_sp35 s0_sp36" category="NP\NP" rule="conj"/>
    <span start="15" span="1" pos="," chunk="O" entity="O" id="s0_sp35" surf="," base="," terminal="t0_15" category="=true,"/>
    <span id="s0_sp36" child="s0_sp37" category="NP" rule="lex"/>
    <span id="s0_sp37" child="s0_sp38 s0_sp41" category="N" rule="ba"/>
    <span id="s0_sp38" child="s0_sp39 s0_sp40" category="N" rule="fa"/>
    <span start="16" span="1" pos="NN" chunk="I-NP" entity="O" id="s0_sp39" surf="k" base="k" terminal="t0_16" category="N/N"/>
    <span start="17" span="1" pos="NN" chunk="I-NP" entity="O" id="s0_sp40" surf="=" base="=" terminal="t0_17" category="N"/>
    <span start="18" span="1" pos="CD" chunk="I-NP" entity="O" id="s0_sp41" surf="3" base="3" terminal="t0_18" category="N\N"/>
  </ccg>
</sentence>

