[04/24 17:40:47] [INFO   ] org.mutationtesting.major.plugin.MajorPluginTaskListener.<init>:
    Created MajorPluginTaskListener with options: [mml:../../major/mml/all.mml.bin]
[04/24 17:40:47] [INFO   ] org.mutationtesting.major.mutation.Mutator.initOperatorSymbols:
    Initializing operator symbols for opcode mapping
[04/24 17:40:47] [INFO   ] org.mutationtesting.major.mutation.Mutator.mutateTree:
    Mutating tree: Env[AttrContext[Scope[super, this]],outer=Env[AttrContext[Scope[g0001_0100.s0034_find_first_and_last_position_of_element_in_sorted_array.Solution]]]]
[04/24 17:40:47] [INFO   ] org.mutationtesting.major.mutation.Mutator.visitClassDef:
    CLASS: g0001_0100.s0034_find_first_and_last_position_of_element_in_sorted_array.Solution
[04/24 17:40:47] [INFO   ] org.mutationtesting.major.mutation.Mutator.visitMethodDef:
    METHOD: <init>([])null
[04/24 17:40:47] [INFO   ] org.mutationtesting.major.mutation.Mutator.visitMethodDef:
    METHOD: searchRange([int[] nums, int target])int[]
[04/24 17:40:47] [INFO   ] org.mutationtesting.major.mutation.Mutator.nextMutant:
    Creating mutant 1
[04/24 17:40:47] [INFO   ] org.mutationtesting.major.mutation.Mutator.logMutantSTD:
    Logging mutantSTD 1: (STD) ans[0] = helper(nums, target, false); -> <NO-OP>
[04/24 17:40:47] [INFO   ] org.mutationtesting.major.mutation.Mutator.nextMutant:
    Creating mutant 2
[04/24 17:40:47] [INFO   ] org.mutationtesting.major.mutation.Mutator.logMutantSTD:
    Logging mutantSTD 2: (STD) ans[1] = helper(nums, target, true); -> <NO-OP>
[04/24 17:40:47] [INFO   ] org.mutationtesting.major.mutation.Mutator.visitMethodDef:
    METHOD: helper([int[] nums, int target, boolean equals])int
[04/24 17:40:47] [INFO   ] org.mutationtesting.major.mutation.Mutator.nextMutant:
    Creating mutant 3
[04/24 17:40:47] [INFO   ] org.mutationtesting.major.mutation.Mutator.logMutant:
    Logging mutant 3: Solution.helper(line 23, col 29)
            mutation operator group:   AOR
            mutation operator:         -(int,int) |==> %(int,int)
            original:                  nums.length - 1 
            mutant:                    nums.length % 1
[04/24 17:40:47] [INFO   ] org.mutationtesting.major.mutation.Mutator.nextMutant:
    Creating mutant 4
[04/24 17:40:47] [INFO   ] org.mutationtesting.major.mutation.Mutator.logMutant:
    Logging mutant 4: Solution.helper(line 23, col 29)
            mutation operator group:   AOR
            mutation operator:         -(int,int) |==> *(int,int)
            original:                  nums.length - 1 
            mutant:                    nums.length * 1
[04/24 17:40:47] [INFO   ] org.mutationtesting.major.mutation.Mutator.nextMutant:
    Creating mutant 5
[04/24 17:40:47] [INFO   ] org.mutationtesting.major.mutation.Mutator.logMutant:
    Logging mutant 5: Solution.helper(line 23, col 29)
            mutation operator group:   AOR
            mutation operator:         -(int,int) |==> +(int,int)
            original:                  nums.length - 1 
            mutant:                    nums.length + 1
[04/24 17:40:47] [INFO   ] org.mutationtesting.major.mutation.Mutator.nextMutant:
    Creating mutant 6
[04/24 17:40:47] [INFO   ] org.mutationtesting.major.mutation.Mutator.logMutant:
    Logging mutant 6: Solution.helper(line 23, col 29)
            mutation operator group:   AOR
            mutation operator:         -(int,int) |==> /(int,int)
            original:                  nums.length - 1 
            mutant:                    nums.length / 1
[04/24 17:40:47] [INFO   ] org.mutationtesting.major.mutation.Mutator.nextMutant:
    Creating mutant 7
[04/24 17:40:47] [INFO   ] org.mutationtesting.major.mutation.Mutator.logMutant:
    Logging mutant 7: Solution.helper(line 25, col 18)
            mutation operator group:   ROR
            mutation operator:         <=(int,int) |==> <(int,int)
            original:                  l <= r 
            mutant:                    l < r
[04/24 17:40:47] [INFO   ] org.mutationtesting.major.mutation.Mutator.nextMutant:
    Creating mutant 8
[04/24 17:40:47] [INFO   ] org.mutationtesting.major.mutation.Mutator.logMutant:
    Logging mutant 8: Solution.helper(line 25, col 18)
            mutation operator group:   ROR
            mutation operator:         <=(int,int) |==> ==(int,int)
            original:                  l <= r 
            mutant:                    l == r
[04/24 17:40:47] [INFO   ] org.mutationtesting.major.mutation.Mutator.nextMutant:
    Creating mutant 9
[04/24 17:40:47] [INFO   ] org.mutationtesting.major.mutation.Mutator.logMutant:
    Logging mutant 9: Solution.helper(line 25, col 18)
            mutation operator group:   ROR
            mutation operator:         <=(int,int) |==> TRUE(int,int)
            original:                  l <= r 
            mutant:                    true
[04/24 17:40:47] [INFO   ] org.mutationtesting.major.mutation.Mutator.nextMutant:
    Creating mutant 10
[04/24 17:40:47] [INFO   ] org.mutationtesting.major.mutation.Mutator.logMutant:
    Logging mutant 10: Solution.helper(line 26, col 30)
            mutation operator group:   AOR
            mutation operator:         -(int,int) |==> %(int,int)
            original:                  r - l 
            mutant:                    r % l
[04/24 17:40:47] [INFO   ] org.mutationtesting.major.mutation.Mutator.nextMutant:
    Creating mutant 11
[04/24 17:40:47] [INFO   ] org.mutationtesting.major.mutation.Mutator.logMutant:
    Logging mutant 11: Solution.helper(line 26, col 30)
            mutation operator group:   AOR
            mutation operator:         -(int,int) |==> *(int,int)
            original:                  r - l 
            mutant:                    r * l
[04/24 17:40:47] [INFO   ] org.mutationtesting.major.mutation.Mutator.nextMutant:
    Creating mutant 12
[04/24 17:40:47] [INFO   ] org.mutationtesting.major.mutation.Mutator.logMutant:
    Logging mutant 12: Solution.helper(line 26, col 30)
            mutation operator group:   AOR
            mutation operator:         -(int,int) |==> +(int,int)
            original:                  r - l 
            mutant:                    r + l
[04/24 17:40:47] [INFO   ] org.mutationtesting.major.mutation.Mutator.nextMutant:
    Creating mutant 13
[04/24 17:40:47] [INFO   ] org.mutationtesting.major.mutation.Mutator.logMutant:
    Logging mutant 13: Solution.helper(line 26, col 30)
            mutation operator group:   AOR
            mutation operator:         -(int,int) |==> /(int,int)
            original:                  r - l 
            mutant:                    r / l
[04/24 17:40:47] [INFO   ] org.mutationtesting.major.mutation.Mutator.nextMutant:
    Creating mutant 14
[04/24 17:40:47] [INFO   ] org.mutationtesting.major.mutation.Mutator.logMutant:
    Logging mutant 14: Solution.helper(line 26, col 35)
            mutation operator group:   AOR
            mutation operator:         /(int,int) |==> %(int,int)
            original:                  (r - l) / 2 
            mutant:                    (r - l) % 2
[04/24 17:40:47] [INFO   ] org.mutationtesting.major.mutation.Mutator.nextMutant:
    Creating mutant 15
[04/24 17:40:47] [INFO   ] org.mutationtesting.major.mutation.Mutator.logMutant:
    Logging mutant 15: Solution.helper(line 26, col 35)
            mutation operator group:   AOR
            mutation operator:         /(int,int) |==> *(int,int)
            original:                  (r - l) / 2 
            mutant:                    (r - l) * 2
[04/24 17:40:47] [INFO   ] org.mutationtesting.major.mutation.Mutator.nextMutant:
    Creating mutant 16
[04/24 17:40:47] [INFO   ] org.mutationtesting.major.mutation.Mutator.logMutant:
    Logging mutant 16: Solution.helper(line 26, col 35)
            mutation operator group:   AOR
            mutation operator:         /(int,int) |==> +(int,int)
            original:                  (r - l) / 2 
            mutant:                    (r - l) + 2
[04/24 17:40:47] [INFO   ] org.mutationtesting.major.mutation.Mutator.nextMutant:
    Creating mutant 17
[04/24 17:40:47] [INFO   ] org.mutationtesting.major.mutation.Mutator.logMutant:
    Logging mutant 17: Solution.helper(line 26, col 35)
            mutation operator group:   AOR
            mutation operator:         /(int,int) |==> -(int,int)
            original:                  (r - l) / 2 
            mutant:                    (r - l) - 2
[04/24 17:40:47] [INFO   ] org.mutationtesting.major.mutation.Mutator.nextMutant:
    Creating mutant 18
[04/24 17:40:47] [INFO   ] org.mutationtesting.major.mutation.Mutator.logMutant:
    Logging mutant 18: Solution.helper(line 26, col 25)
            mutation operator group:   AOR
            mutation operator:         +(int,int) |==> %(int,int)
            original:                  l + (r - l) / 2 
            mutant:                    l % ((r - l) / 2)
[04/24 17:40:47] [INFO   ] org.mutationtesting.major.mutation.Mutator.nextMutant:
    Creating mutant 19
[04/24 17:40:47] [INFO   ] org.mutationtesting.major.mutation.Mutator.logMutant:
    Logging mutant 19: Solution.helper(line 26, col 25)
            mutation operator group:   AOR
            mutation operator:         +(int,int) |==> *(int,int)
            original:                  l + (r - l) / 2 
            mutant:                    l * ((r - l) / 2)
[04/24 17:40:47] [INFO   ] org.mutationtesting.major.mutation.Mutator.nextMutant:
    Creating mutant 20
[04/24 17:40:47] [INFO   ] org.mutationtesting.major.mutation.Mutator.logMutant:
    Logging mutant 20: Solution.helper(line 26, col 25)
            mutation operator group:   AOR
            mutation operator:         +(int,int) |==> -(int,int)
            original:                  l + (r - l) / 2 
            mutant:                    l - (r - l) / 2
[04/24 17:40:47] [INFO   ] org.mutationtesting.major.mutation.Mutator.nextMutant:
    Creating mutant 21
[04/24 17:40:47] [INFO   ] org.mutationtesting.major.mutation.Mutator.logMutant:
    Logging mutant 21: Solution.helper(line 26, col 25)
            mutation operator group:   AOR
            mutation operator:         +(int,int) |==> /(int,int)
            original:                  l + (r - l) / 2 
            mutant:                    l / ((r - l) / 2)
[04/24 17:40:47] [INFO   ] org.mutationtesting.major.mutation.Mutator.nextMutant:
    Creating mutant 22
[04/24 17:40:47] [INFO   ] org.mutationtesting.major.mutation.Mutator.logMutant:
    Logging mutant 22: Solution.helper(line 27, col 27)
            mutation operator group:   ROR
            mutation operator:         ==(int,int) |==> <=(int,int)
            original:                  nums[mid] == target 
            mutant:                    nums[mid] <= target
[04/24 17:40:47] [INFO   ] org.mutationtesting.major.mutation.Mutator.nextMutant:
    Creating mutant 23
[04/24 17:40:47] [INFO   ] org.mutationtesting.major.mutation.Mutator.logMutant:
    Logging mutant 23: Solution.helper(line 27, col 27)
            mutation operator group:   ROR
            mutation operator:         ==(int,int) |==> >=(int,int)
            original:                  nums[mid] == target 
            mutant:                    nums[mid] >= target
[04/24 17:40:47] [INFO   ] org.mutationtesting.major.mutation.Mutator.nextMutant:
    Creating mutant 24
[04/24 17:40:47] [INFO   ] org.mutationtesting.major.mutation.Mutator.logMutant:
    Logging mutant 24: Solution.helper(line 27, col 27)
            mutation operator group:   ROR
            mutation operator:         ==(int,int) |==> FALSE(int,int)
            original:                  nums[mid] == target 
            mutant:                    false
[04/24 17:40:47] [INFO   ] org.mutationtesting.major.mutation.Mutator.nextMutant:
    Creating mutant 25
[04/24 17:40:47] [INFO   ] org.mutationtesting.major.mutation.Mutator.logMutantSTD:
    Logging mutantSTD 25: (STD) result = mid; -> <NO-OP>
[04/24 17:40:47] [INFO   ] org.mutationtesting.major.mutation.Mutator.nextMutant:
    Creating mutant 26
[04/24 17:40:47] [INFO   ] org.mutationtesting.major.mutation.Mutator.logMutant:
    Logging mutant 26: Solution.helper(line 30, col 27)
            mutation operator group:   ROR
            mutation operator:         <(int,int) |==> !=(int,int)
            original:                  nums[mid] < target 
            mutant:                    nums[mid] != target
[04/24 17:40:47] [INFO   ] org.mutationtesting.major.mutation.Mutator.nextMutant:
    Creating mutant 27
[04/24 17:40:47] [INFO   ] org.mutationtesting.major.mutation.Mutator.logMutant:
    Logging mutant 27: Solution.helper(line 30, col 27)
            mutation operator group:   ROR
            mutation operator:         <(int,int) |==> <=(int,int)
            original:                  nums[mid] < target 
            mutant:                    nums[mid] <= target
[04/24 17:40:47] [INFO   ] org.mutationtesting.major.mutation.Mutator.nextMutant:
    Creating mutant 28
[04/24 17:40:47] [INFO   ] org.mutationtesting.major.mutation.Mutator.logMutant:
    Logging mutant 28: Solution.helper(line 30, col 27)
            mutation operator group:   ROR
            mutation operator:         <(int,int) |==> FALSE(int,int)
            original:                  nums[mid] < target 
            mutant:                    false
[04/24 17:40:47] [INFO   ] org.mutationtesting.major.mutation.Mutator.nextMutant:
    Creating mutant 29
[04/24 17:40:47] [INFO   ] org.mutationtesting.major.mutation.Mutator.logMutant:
    Logging mutant 29: Solution.helper(line 30, col 50)
            mutation operator group:   ROR
            mutation operator:         ==(int,int) |==> <=(int,int)
            original:                  nums[mid] == target 
            mutant:                    nums[mid] <= target
[04/24 17:40:47] [INFO   ] org.mutationtesting.major.mutation.Mutator.nextMutant:
    Creating mutant 30
[04/24 17:40:47] [INFO   ] org.mutationtesting.major.mutation.Mutator.logMutant:
    Logging mutant 30: Solution.helper(line 30, col 50)
            mutation operator group:   ROR
            mutation operator:         ==(int,int) |==> >=(int,int)
            original:                  nums[mid] == target 
            mutant:                    nums[mid] >= target
[04/24 17:40:47] [INFO   ] org.mutationtesting.major.mutation.Mutator.nextMutant:
    Creating mutant 31
[04/24 17:40:47] [INFO   ] org.mutationtesting.major.mutation.Mutator.logMutant:
    Logging mutant 31: Solution.helper(line 30, col 50)
            mutation operator group:   ROR
            mutation operator:         ==(int,int) |==> FALSE(int,int)
            original:                  nums[mid] == target 
            mutant:                    false
[04/24 17:40:47] [INFO   ] org.mutationtesting.major.mutation.Mutator.nextMutant:
    Creating mutant 32
[04/24 17:40:47] [INFO   ] org.mutationtesting.major.mutation.Mutator.logMutant:
    Logging mutant 32: Solution.helper(line 30, col 60)
            mutation operator group:   COR
            mutation operator:         &&(boolean,boolean) |==> ==(boolean,boolean)
            original:                  nums[mid] == target && equals 
            mutant:                    nums[mid] == target == equals
[04/24 17:40:47] [INFO   ] org.mutationtesting.major.mutation.Mutator.nextMutant:
    Creating mutant 33
[04/24 17:40:47] [INFO   ] org.mutationtesting.major.mutation.Mutator.logMutant:
    Logging mutant 33: Solution.helper(line 30, col 60)
            mutation operator group:   COR
            mutation operator:         &&(boolean,boolean) |==> FALSE(boolean,boolean)
            original:                  nums[mid] == target && equals 
            mutant:                    false
[04/24 17:40:47] [INFO   ] org.mutationtesting.major.mutation.Mutator.nextMutant:
    Creating mutant 34
[04/24 17:40:47] [INFO   ] org.mutationtesting.major.mutation.Mutator.logMutant:
    Logging mutant 34: Solution.helper(line 30, col 50)
            mutation operator group:   COR
            mutation operator:         &&(boolean,boolean) |==> LHS(boolean,boolean)
            original:                  nums[mid] == target && equals 
            mutant:                    nums[mid] == target
[04/24 17:40:47] [INFO   ] org.mutationtesting.major.mutation.Mutator.nextMutant:
    Creating mutant 35
[04/24 17:40:47] [INFO   ] org.mutationtesting.major.mutation.Mutator.logMutant:
    Logging mutant 35: Solution.helper(line 30, col 63)
            mutation operator group:   COR
            mutation operator:         &&(boolean,boolean) |==> RHS(boolean,boolean)
            original:                  nums[mid] == target && equals 
            mutant:                    equals
[04/24 17:40:47] [INFO   ] org.mutationtesting.major.mutation.Mutator.nextMutant:
    Creating mutant 36
[04/24 17:40:47] [INFO   ] org.mutationtesting.major.mutation.Mutator.logMutant:
    Logging mutant 36: Solution.helper(line 30, col 36)
            mutation operator group:   COR
            mutation operator:         ||(boolean,boolean) |==> !=(boolean,boolean)
            original:                  nums[mid] < target || (nums[mid] == target && equals) 
            mutant:                    nums[mid] < target != (nums[mid] == target && equals)
[04/24 17:40:47] [INFO   ] org.mutationtesting.major.mutation.Mutator.nextMutant:
    Creating mutant 37
[04/24 17:40:47] [INFO   ] org.mutationtesting.major.mutation.Mutator.logMutant:
    Logging mutant 37: Solution.helper(line 30, col 27)
            mutation operator group:   COR
            mutation operator:         ||(boolean,boolean) |==> LHS(boolean,boolean)
            original:                  nums[mid] < target || (nums[mid] == target && equals) 
            mutant:                    nums[mid] < target
[04/24 17:40:47] [INFO   ] org.mutationtesting.major.mutation.Mutator.nextMutant:
    Creating mutant 38
[04/24 17:40:47] [INFO   ] org.mutationtesting.major.mutation.Mutator.logMutant:
    Logging mutant 38: Solution.helper(line 30, col 39)
            mutation operator group:   COR
            mutation operator:         ||(boolean,boolean) |==> RHS(boolean,boolean)
            original:                  nums[mid] < target || (nums[mid] == target && equals) 
            mutant:                    (nums[mid] == target && equals)
[04/24 17:40:47] [INFO   ] org.mutationtesting.major.mutation.Mutator.nextMutant:
    Creating mutant 39
[04/24 17:40:47] [INFO   ] org.mutationtesting.major.mutation.Mutator.logMutant:
    Logging mutant 39: Solution.helper(line 30, col 36)
            mutation operator group:   COR
            mutation operator:         ||(boolean,boolean) |==> TRUE(boolean,boolean)
            original:                  nums[mid] < target || (nums[mid] == target && equals) 
            mutant:                    true
[04/24 17:40:47] [INFO   ] org.mutationtesting.major.mutation.Mutator.nextMutant:
    Creating mutant 40
[04/24 17:40:47] [INFO   ] org.mutationtesting.major.mutation.Mutator.logMutant:
    Logging mutant 40: Solution.helper(line 31, col 25)
            mutation operator group:   AOR
            mutation operator:         +(int,int) |==> %(int,int)
            original:                  mid + 1 
            mutant:                    mid % 1
[04/24 17:40:47] [INFO   ] org.mutationtesting.major.mutation.Mutator.nextMutant:
    Creating mutant 41
[04/24 17:40:47] [INFO   ] org.mutationtesting.major.mutation.Mutator.logMutant:
    Logging mutant 41: Solution.helper(line 31, col 25)
            mutation operator group:   AOR
            mutation operator:         +(int,int) |==> *(int,int)
            original:                  mid + 1 
            mutant:                    mid * 1
[04/24 17:40:47] [INFO   ] org.mutationtesting.major.mutation.Mutator.nextMutant:
    Creating mutant 42
[04/24 17:40:47] [INFO   ] org.mutationtesting.major.mutation.Mutator.logMutant:
    Logging mutant 42: Solution.helper(line 31, col 25)
            mutation operator group:   AOR
            mutation operator:         +(int,int) |==> -(int,int)
            original:                  mid + 1 
            mutant:                    mid - 1
[04/24 17:40:47] [INFO   ] org.mutationtesting.major.mutation.Mutator.nextMutant:
    Creating mutant 43
[04/24 17:40:47] [INFO   ] org.mutationtesting.major.mutation.Mutator.logMutant:
    Logging mutant 43: Solution.helper(line 31, col 25)
            mutation operator group:   AOR
            mutation operator:         +(int,int) |==> /(int,int)
            original:                  mid + 1 
            mutant:                    mid / 1
[04/24 17:40:47] [INFO   ] org.mutationtesting.major.mutation.Mutator.nextMutant:
    Creating mutant 44
[04/24 17:40:47] [INFO   ] org.mutationtesting.major.mutation.Mutator.logMutantSTD:
    Logging mutantSTD 44: (STD) l = mid + 1; -> <NO-OP>
[04/24 17:40:47] [INFO   ] org.mutationtesting.major.mutation.Mutator.nextMutant:
    Creating mutant 45
[04/24 17:40:47] [INFO   ] org.mutationtesting.major.mutation.Mutator.logMutant:
    Logging mutant 45: Solution.helper(line 33, col 25)
            mutation operator group:   AOR
            mutation operator:         -(int,int) |==> %(int,int)
            original:                  mid - 1 
            mutant:                    mid % 1
[04/24 17:40:47] [INFO   ] org.mutationtesting.major.mutation.Mutator.nextMutant:
    Creating mutant 46
[04/24 17:40:47] [INFO   ] org.mutationtesting.major.mutation.Mutator.logMutant:
    Logging mutant 46: Solution.helper(line 33, col 25)
            mutation operator group:   AOR
            mutation operator:         -(int,int) |==> *(int,int)
            original:                  mid - 1 
            mutant:                    mid * 1
[04/24 17:40:47] [INFO   ] org.mutationtesting.major.mutation.Mutator.nextMutant:
    Creating mutant 47
[04/24 17:40:47] [INFO   ] org.mutationtesting.major.mutation.Mutator.logMutant:
    Logging mutant 47: Solution.helper(line 33, col 25)
            mutation operator group:   AOR
            mutation operator:         -(int,int) |==> +(int,int)
            original:                  mid - 1 
            mutant:                    mid + 1
[04/24 17:40:47] [INFO   ] org.mutationtesting.major.mutation.Mutator.nextMutant:
    Creating mutant 48
[04/24 17:40:47] [INFO   ] org.mutationtesting.major.mutation.Mutator.logMutant:
    Logging mutant 48: Solution.helper(line 33, col 25)
            mutation operator group:   AOR
            mutation operator:         -(int,int) |==> /(int,int)
            original:                  mid - 1 
            mutant:                    mid / 1
[04/24 17:40:47] [INFO   ] org.mutationtesting.major.mutation.Mutator.nextMutant:
    Creating mutant 49
[04/24 17:40:47] [INFO   ] org.mutationtesting.major.mutation.Mutator.logMutantSTD:
    Logging mutantSTD 49: (STD) r = mid - 1; -> <NO-OP>
[04/24 17:40:47] [INFO   ] org.mutationtesting.major.plugin.MajorPluginTaskListener.mutate:
    Generated 49 mutants (82 ms)
