1:STD:<ASSIGN>:<NO-OP>:g0001_0100.s0034_find_first_and_last_position_of_element_in_sorted_array.Solution@searchRange(int[],int):16:ans[0] = helper(nums, target, false); |==> <NO-OP>
2:STD:<ASSIGN>:<NO-OP>:g0001_0100.s0034_find_first_and_last_position_of_element_in_sorted_array.Solution@searchRange(int[],int):17:ans[1] = helper(nums, target, true); |==> <NO-OP>
3:AOR:-(int,int):%(int,int):g0001_0100.s0034_find_first_and_last_position_of_element_in_sorted_array.Solution@helper(int[],int,boolean):23:nums.length - 1 |==> nums.length % 1
4:AOR:-(int,int):*(int,int):g0001_0100.s0034_find_first_and_last_position_of_element_in_sorted_array.Solution@helper(int[],int,boolean):23:nums.length - 1 |==> nums.length * 1
5:AOR:-(int,int):+(int,int):g0001_0100.s0034_find_first_and_last_position_of_element_in_sorted_array.Solution@helper(int[],int,boolean):23:nums.length - 1 |==> nums.length + 1
6:AOR:-(int,int):/(int,int):g0001_0100.s0034_find_first_and_last_position_of_element_in_sorted_array.Solution@helper(int[],int,boolean):23:nums.length - 1 |==> nums.length / 1
7:ROR:<=(int,int):<(int,int):g0001_0100.s0034_find_first_and_last_position_of_element_in_sorted_array.Solution@helper(int[],int,boolean):25:l <= r |==> l < r
8:ROR:<=(int,int):==(int,int):g0001_0100.s0034_find_first_and_last_position_of_element_in_sorted_array.Solution@helper(int[],int,boolean):25:l <= r |==> l == r
9:ROR:<=(int,int):TRUE(int,int):g0001_0100.s0034_find_first_and_last_position_of_element_in_sorted_array.Solution@helper(int[],int,boolean):25:l <= r |==> true
10:AOR:-(int,int):%(int,int):g0001_0100.s0034_find_first_and_last_position_of_element_in_sorted_array.Solution@helper(int[],int,boolean):26:r - l |==> r % l
11:AOR:-(int,int):*(int,int):g0001_0100.s0034_find_first_and_last_position_of_element_in_sorted_array.Solution@helper(int[],int,boolean):26:r - l |==> r * l
12:AOR:-(int,int):+(int,int):g0001_0100.s0034_find_first_and_last_position_of_element_in_sorted_array.Solution@helper(int[],int,boolean):26:r - l |==> r + l
13:AOR:-(int,int):/(int,int):g0001_0100.s0034_find_first_and_last_position_of_element_in_sorted_array.Solution@helper(int[],int,boolean):26:r - l |==> r / l
14:AOR:/(int,int):%(int,int):g0001_0100.s0034_find_first_and_last_position_of_element_in_sorted_array.Solution@helper(int[],int,boolean):26:(r - l) / 2 |==> (r - l) % 2
15:AOR:/(int,int):*(int,int):g0001_0100.s0034_find_first_and_last_position_of_element_in_sorted_array.Solution@helper(int[],int,boolean):26:(r - l) / 2 |==> (r - l) * 2
16:AOR:/(int,int):+(int,int):g0001_0100.s0034_find_first_and_last_position_of_element_in_sorted_array.Solution@helper(int[],int,boolean):26:(r - l) / 2 |==> (r - l) + 2
17:AOR:/(int,int):-(int,int):g0001_0100.s0034_find_first_and_last_position_of_element_in_sorted_array.Solution@helper(int[],int,boolean):26:(r - l) / 2 |==> (r - l) - 2
18:AOR:+(int,int):%(int,int):g0001_0100.s0034_find_first_and_last_position_of_element_in_sorted_array.Solution@helper(int[],int,boolean):26:l + (r - l) / 2 |==> l % ((r - l) / 2)
19:AOR:+(int,int):*(int,int):g0001_0100.s0034_find_first_and_last_position_of_element_in_sorted_array.Solution@helper(int[],int,boolean):26:l + (r - l) / 2 |==> l * ((r - l) / 2)
20:AOR:+(int,int):-(int,int):g0001_0100.s0034_find_first_and_last_position_of_element_in_sorted_array.Solution@helper(int[],int,boolean):26:l + (r - l) / 2 |==> l - (r - l) / 2
21:AOR:+(int,int):/(int,int):g0001_0100.s0034_find_first_and_last_position_of_element_in_sorted_array.Solution@helper(int[],int,boolean):26:l + (r - l) / 2 |==> l / ((r - l) / 2)
22:ROR:==(int,int):<=(int,int):g0001_0100.s0034_find_first_and_last_position_of_element_in_sorted_array.Solution@helper(int[],int,boolean):27:nums[mid] == target |==> nums[mid] <= target
23:ROR:==(int,int):>=(int,int):g0001_0100.s0034_find_first_and_last_position_of_element_in_sorted_array.Solution@helper(int[],int,boolean):27:nums[mid] == target |==> nums[mid] >= target
24:ROR:==(int,int):FALSE(int,int):g0001_0100.s0034_find_first_and_last_position_of_element_in_sorted_array.Solution@helper(int[],int,boolean):27:nums[mid] == target |==> false
25:STD:<ASSIGN>:<NO-OP>:g0001_0100.s0034_find_first_and_last_position_of_element_in_sorted_array.Solution@helper(int[],int,boolean):28:result = mid; |==> <NO-OP>
26:ROR:<(int,int):!=(int,int):g0001_0100.s0034_find_first_and_last_position_of_element_in_sorted_array.Solution@helper(int[],int,boolean):30:nums[mid] < target |==> nums[mid] != target
27:ROR:<(int,int):<=(int,int):g0001_0100.s0034_find_first_and_last_position_of_element_in_sorted_array.Solution@helper(int[],int,boolean):30:nums[mid] < target |==> nums[mid] <= target
28:ROR:<(int,int):FALSE(int,int):g0001_0100.s0034_find_first_and_last_position_of_element_in_sorted_array.Solution@helper(int[],int,boolean):30:nums[mid] < target |==> false
29:ROR:==(int,int):<=(int,int):g0001_0100.s0034_find_first_and_last_position_of_element_in_sorted_array.Solution@helper(int[],int,boolean):30:nums[mid] == target |==> nums[mid] <= target
30:ROR:==(int,int):>=(int,int):g0001_0100.s0034_find_first_and_last_position_of_element_in_sorted_array.Solution@helper(int[],int,boolean):30:nums[mid] == target |==> nums[mid] >= target
31:ROR:==(int,int):FALSE(int,int):g0001_0100.s0034_find_first_and_last_position_of_element_in_sorted_array.Solution@helper(int[],int,boolean):30:nums[mid] == target |==> false
32:COR:&&(boolean,boolean):==(boolean,boolean):g0001_0100.s0034_find_first_and_last_position_of_element_in_sorted_array.Solution@helper(int[],int,boolean):30:nums[mid] == target && equals |==> nums[mid] == target == equals
33:COR:&&(boolean,boolean):FALSE(boolean,boolean):g0001_0100.s0034_find_first_and_last_position_of_element_in_sorted_array.Solution@helper(int[],int,boolean):30:nums[mid] == target && equals |==> false
34:COR:&&(boolean,boolean):LHS(boolean,boolean):g0001_0100.s0034_find_first_and_last_position_of_element_in_sorted_array.Solution@helper(int[],int,boolean):30:nums[mid] == target && equals |==> nums[mid] == target
35:COR:&&(boolean,boolean):RHS(boolean,boolean):g0001_0100.s0034_find_first_and_last_position_of_element_in_sorted_array.Solution@helper(int[],int,boolean):30:nums[mid] == target && equals |==> equals
36:COR:||(boolean,boolean):!=(boolean,boolean):g0001_0100.s0034_find_first_and_last_position_of_element_in_sorted_array.Solution@helper(int[],int,boolean):30:nums[mid] < target || (nums[mid] == target && equals) |==> nums[mid] < target != (nums[mid] == target && equals)
37:COR:||(boolean,boolean):LHS(boolean,boolean):g0001_0100.s0034_find_first_and_last_position_of_element_in_sorted_array.Solution@helper(int[],int,boolean):30:nums[mid] < target || (nums[mid] == target && equals) |==> nums[mid] < target
38:COR:||(boolean,boolean):RHS(boolean,boolean):g0001_0100.s0034_find_first_and_last_position_of_element_in_sorted_array.Solution@helper(int[],int,boolean):30:nums[mid] < target || (nums[mid] == target && equals) |==> (nums[mid] == target && equals)
39:COR:||(boolean,boolean):TRUE(boolean,boolean):g0001_0100.s0034_find_first_and_last_position_of_element_in_sorted_array.Solution@helper(int[],int,boolean):30:nums[mid] < target || (nums[mid] == target && equals) |==> true
40:AOR:+(int,int):%(int,int):g0001_0100.s0034_find_first_and_last_position_of_element_in_sorted_array.Solution@helper(int[],int,boolean):31:mid + 1 |==> mid % 1
41:AOR:+(int,int):*(int,int):g0001_0100.s0034_find_first_and_last_position_of_element_in_sorted_array.Solution@helper(int[],int,boolean):31:mid + 1 |==> mid * 1
42:AOR:+(int,int):-(int,int):g0001_0100.s0034_find_first_and_last_position_of_element_in_sorted_array.Solution@helper(int[],int,boolean):31:mid + 1 |==> mid - 1
43:AOR:+(int,int):/(int,int):g0001_0100.s0034_find_first_and_last_position_of_element_in_sorted_array.Solution@helper(int[],int,boolean):31:mid + 1 |==> mid / 1
44:STD:<ASSIGN>:<NO-OP>:g0001_0100.s0034_find_first_and_last_position_of_element_in_sorted_array.Solution@helper(int[],int,boolean):31:l = mid + 1; |==> <NO-OP>
45:AOR:-(int,int):%(int,int):g0001_0100.s0034_find_first_and_last_position_of_element_in_sorted_array.Solution@helper(int[],int,boolean):33:mid - 1 |==> mid % 1
46:AOR:-(int,int):*(int,int):g0001_0100.s0034_find_first_and_last_position_of_element_in_sorted_array.Solution@helper(int[],int,boolean):33:mid - 1 |==> mid * 1
47:AOR:-(int,int):+(int,int):g0001_0100.s0034_find_first_and_last_position_of_element_in_sorted_array.Solution@helper(int[],int,boolean):33:mid - 1 |==> mid + 1
48:AOR:-(int,int):/(int,int):g0001_0100.s0034_find_first_and_last_position_of_element_in_sorted_array.Solution@helper(int[],int,boolean):33:mid - 1 |==> mid / 1
49:STD:<ASSIGN>:<NO-OP>:g0001_0100.s0034_find_first_and_last_position_of_element_in_sorted_array.Solution@helper(int[],int,boolean):33:r = mid - 1; |==> <NO-OP>
