1:ROR:<(int,int):!=(int,int):g0001_0100.s0003_longest_substring_without_repeating_characters.Solution@lengthOfLongestSubstring(java.lang.String):16:i < 256 |==> i != 256
2:ROR:<(int,int):<=(int,int):g0001_0100.s0003_longest_substring_without_repeating_characters.Solution@lengthOfLongestSubstring(java.lang.String):16:i < 256 |==> i <= 256
3:ROR:<(int,int):FALSE(int,int):g0001_0100.s0003_longest_substring_without_repeating_characters.Solution@lengthOfLongestSubstring(java.lang.String):16:i < 256 |==> false
4:STD:<ASSIGN>:<NO-OP>:g0001_0100.s0003_longest_substring_without_repeating_characters.Solution@lengthOfLongestSubstring(java.lang.String):17:lastIndices[i] = -1; |==> <NO-OP>
5:ROR:<(int,int):!=(int,int):g0001_0100.s0003_longest_substring_without_repeating_characters.Solution@lengthOfLongestSubstring(java.lang.String):22:i < s.length() |==> i != s.length()
6:ROR:<(int,int):<=(int,int):g0001_0100.s0003_longest_substring_without_repeating_characters.Solution@lengthOfLongestSubstring(java.lang.String):22:i < s.length() |==> i <= s.length()
7:ROR:<(int,int):FALSE(int,int):g0001_0100.s0003_longest_substring_without_repeating_characters.Solution@lengthOfLongestSubstring(java.lang.String):22:i < s.length() |==> false
8:ROR:<(int,int):!=(int,int):g0001_0100.s0003_longest_substring_without_repeating_characters.Solution@lengthOfLongestSubstring(java.lang.String):24:lastIndices[cur] < start |==> lastIndices[cur] != start
9:ROR:<(int,int):<=(int,int):g0001_0100.s0003_longest_substring_without_repeating_characters.Solution@lengthOfLongestSubstring(java.lang.String):24:lastIndices[cur] < start |==> lastIndices[cur] <= start
10:ROR:<(int,int):FALSE(int,int):g0001_0100.s0003_longest_substring_without_repeating_characters.Solution@lengthOfLongestSubstring(java.lang.String):24:lastIndices[cur] < start |==> false
11:STD:<ASSIGN>:<NO-OP>:g0001_0100.s0003_longest_substring_without_repeating_characters.Solution@lengthOfLongestSubstring(java.lang.String):25:lastIndices[cur] = i; |==> <NO-OP>
12:STD:<INC>:<NO-OP>:g0001_0100.s0003_longest_substring_without_repeating_characters.Solution@lengthOfLongestSubstring(java.lang.String):26:curLen++; |==> <NO-OP>
13:AOR:+(int,int):%(int,int):g0001_0100.s0003_longest_substring_without_repeating_characters.Solution@lengthOfLongestSubstring(java.lang.String):29:lastIndex + 1 |==> lastIndex % 1
14:AOR:+(int,int):*(int,int):g0001_0100.s0003_longest_substring_without_repeating_characters.Solution@lengthOfLongestSubstring(java.lang.String):29:lastIndex + 1 |==> lastIndex * 1
15:AOR:+(int,int):-(int,int):g0001_0100.s0003_longest_substring_without_repeating_characters.Solution@lengthOfLongestSubstring(java.lang.String):29:lastIndex + 1 |==> lastIndex - 1
16:AOR:+(int,int):/(int,int):g0001_0100.s0003_longest_substring_without_repeating_characters.Solution@lengthOfLongestSubstring(java.lang.String):29:lastIndex + 1 |==> lastIndex / 1
17:STD:<ASSIGN>:<NO-OP>:g0001_0100.s0003_longest_substring_without_repeating_characters.Solution@lengthOfLongestSubstring(java.lang.String):29:start = lastIndex + 1; |==> <NO-OP>
18:AOR:-(int,int):%(int,int):g0001_0100.s0003_longest_substring_without_repeating_characters.Solution@lengthOfLongestSubstring(java.lang.String):30:i - start |==> i % start
19:AOR:-(int,int):*(int,int):g0001_0100.s0003_longest_substring_without_repeating_characters.Solution@lengthOfLongestSubstring(java.lang.String):30:i - start |==> i * start
20:AOR:-(int,int):+(int,int):g0001_0100.s0003_longest_substring_without_repeating_characters.Solution@lengthOfLongestSubstring(java.lang.String):30:i - start |==> i + start
21:AOR:-(int,int):/(int,int):g0001_0100.s0003_longest_substring_without_repeating_characters.Solution@lengthOfLongestSubstring(java.lang.String):30:i - start |==> i / start
22:AOR:+(int,int):%(int,int):g0001_0100.s0003_longest_substring_without_repeating_characters.Solution@lengthOfLongestSubstring(java.lang.String):30:i - start + 1 |==> (i - start) % 1
23:AOR:+(int,int):*(int,int):g0001_0100.s0003_longest_substring_without_repeating_characters.Solution@lengthOfLongestSubstring(java.lang.String):30:i - start + 1 |==> (i - start) * 1
24:AOR:+(int,int):-(int,int):g0001_0100.s0003_longest_substring_without_repeating_characters.Solution@lengthOfLongestSubstring(java.lang.String):30:i - start + 1 |==> i - start - 1
25:AOR:+(int,int):/(int,int):g0001_0100.s0003_longest_substring_without_repeating_characters.Solution@lengthOfLongestSubstring(java.lang.String):30:i - start + 1 |==> (i - start) / 1
26:STD:<ASSIGN>:<NO-OP>:g0001_0100.s0003_longest_substring_without_repeating_characters.Solution@lengthOfLongestSubstring(java.lang.String):30:curLen = i - start + 1; |==> <NO-OP>
27:STD:<ASSIGN>:<NO-OP>:g0001_0100.s0003_longest_substring_without_repeating_characters.Solution@lengthOfLongestSubstring(java.lang.String):31:lastIndices[cur] = i; |==> <NO-OP>
28:ROR:>(int,int):!=(int,int):g0001_0100.s0003_longest_substring_without_repeating_characters.Solution@lengthOfLongestSubstring(java.lang.String):33:curLen > maxLen |==> curLen != maxLen
29:ROR:>(int,int):>=(int,int):g0001_0100.s0003_longest_substring_without_repeating_characters.Solution@lengthOfLongestSubstring(java.lang.String):33:curLen > maxLen |==> curLen >= maxLen
30:ROR:>(int,int):FALSE(int,int):g0001_0100.s0003_longest_substring_without_repeating_characters.Solution@lengthOfLongestSubstring(java.lang.String):33:curLen > maxLen |==> false
31:STD:<ASSIGN>:<NO-OP>:g0001_0100.s0003_longest_substring_without_repeating_characters.Solution@lengthOfLongestSubstring(java.lang.String):34:maxLen = curLen; |==> <NO-OP>
