ERROR:root:Failed to parse \F x.exists e.((_ = {JJ})(e) & (Subj(e) = x) & F(x)). Error: The function '(_ = {JJ})' is not a Lambda Expression, an Application Expression, or a functional predicate, so it may not take arguments.
\F x.exists e.((_ = {JJ})(e) & (Subj(e) = x) & F(x))
                        ^
ERROR:root:An error occurred: The function '(_ = {JJ})' is not a Lambda Expression, an Application Expression, or a functional predicate, so it may not take arguments.
\F x.exists e.((_ = {JJ})(e) & (Subj(e) = x) & F(x))
                        ^
Sentence: < code > -10 < sup > 7 < /sup > < = k < = 10 < sup > 7 < /sup > < /code >
Tree XML:
<sentence>
  <tokens>
    <token start="0" span="1" pos="JJ" chunk="I-NP" entity="O" cat="N/N" id="t0_0" surf="&lt;" base="&lt;"/>
    <token start="1" span="1" pos="NN" chunk="I-NP" entity="O" cat="N/N" id="t0_1" surf="code" base="code"/>
    <token start="2" span="1" pos="NN" chunk="I-NP" entity="O" cat="N" id="t0_2" surf="&gt;" base="&gt;"/>
    <token start="3" span="1" pos="JJ" chunk="I-NP" entity="O" cat="N/N" id="t0_3" surf="-10" base="-10"/>
    <token start="4" span="1" pos="NN" chunk="I-NP" entity="O" cat="N/N" id="t0_4" surf="&lt;" base="&lt;"/>
    <token start="5" span="1" pos="NN" chunk="I-NP" entity="O" cat="N" id="t0_5" surf="sup" base="sup"/>
    <token start="6" span="1" pos="VBD" chunk="I-VP" entity="O" cat="(S[dcl]\NP)/NP" id="t0_6" surf="&gt;" base="&gt;"/>
    <token start="7" span="1" pos="CD" chunk="I-NP" entity="I-TIM" cat="N/N" id="t0_7" surf="7" base="7"/>
    <token start="8" span="1" pos="JJ" chunk="I-NP" entity="I-TIM" cat="N/N" id="t0_8" surf="&lt;" base="&lt;"/>
    <token start="9" span="1" pos="NN" chunk="I-NP" entity="I-TIM" cat="N/N" id="t0_9" surf="/sup" base="/sup"/>
    <token start="10" span="1" pos="NNS" chunk="I-NP" entity="I-TIM" cat="N" id="t0_10" surf="&gt;" base="&gt;"/>
    <token start="11" span="1" pos="VBP" chunk="I-VP" entity="I-TIM" cat="(S[dcl]\NP)/NP" id="t0_11" surf="&lt;" base="&lt;"/>
    <token start="12" span="1" pos="JJ" chunk="I-NP" entity="I-TIM" cat="N/N" id="t0_12" surf="=" base="="/>
    <token start="13" span="1" pos="NN" chunk="I-NP" entity="I-TIM" cat="N/N" id="t0_13" surf="k" base="k"/>
    <token start="14" span="1" pos="NN" chunk="I-NP" entity="I-TIM" cat="N" id="t0_14" surf="&lt;" base="&lt;"/>
    <token start="15" span="1" pos="VBD" chunk="I-VP" entity="I-TIM" cat="(S[dcl]\NP)/NP" id="t0_15" surf="=" base="="/>
    <token start="16" span="1" pos="CD" chunk="I-NP" entity="I-TIM" cat="N/N" id="t0_16" surf="10" base="10"/>
    <token start="17" span="1" pos="NNS" chunk="I-NP" entity="I-TIM" cat="N" id="t0_17" surf="&lt;" base="&lt;"/>
    <token start="18" span="1" pos="VBP" chunk="I-VP" entity="I-TIM" cat="(S[dcl]\NP)/NP" id="t0_18" surf="sup" base="sup"/>
    <token start="19" span="1" pos="NN" chunk="I-NP" entity="I-TIM" cat="N/N" id="t0_19" surf="&gt;" base="&gt;"/>
    <token start="20" span="1" pos="CD" chunk="I-NP" entity="I-TIM" cat="N/N" id="t0_20" surf="7" base="7"/>
    <token start="21" span="1" pos="NNP" chunk="I-NP" entity="I-TIM" cat="N/N" id="t0_21" surf="&lt;" base="&lt;"/>
    <token start="22" span="1" pos="NNP" chunk="I-NP" entity="I-TIM" cat="N/N" id="t0_22" surf="/sup" base="/sup"/>
    <token start="23" span="1" pos="NNP" chunk="I-NP" entity="I-TIM" cat="N/N" id="t0_23" surf="&gt;" base="&gt;"/>
    <token start="24" span="1" pos="NNP" chunk="I-NP" entity="I-TIM" cat="N/N" id="t0_24" surf="&lt;" base="&lt;"/>
    <token start="25" span="1" pos="NNP" chunk="I-NP" entity="I-TIM" cat="N/N" id="t0_25" surf="/code" base="/code"/>
    <token start="26" span="1" pos="NNP" chunk="I-NP" entity="I-TIM" cat="N" id="t0_26" surf="&gt;" base="&gt;"/>
  </tokens>
  <ccg root="s0_sp0" id="s0_ccg0">
    <span root="true" id="s0_sp0" child="s0_sp1 s0_sp46" category="S[dcl=true]" rule="ba"/>
    <span id="s0_sp1" child="s0_sp2 s0_sp19" category="NP" rule="ba"/>
    <span id="s0_sp2" child="s0_sp3 s0_sp9" category="NP" rule="ba"/>
    <span id="s0_sp3" child="s0_sp4" category="NP" rule="lex"/>
    <span id="s0_sp4" child="s0_sp5 s0_sp6" category="N" rule="fa"/>
    <span start="0" span="1" pos="JJ" chunk="I-NP" entity="O" id="s0_sp5" surf="&lt;" base="&lt;" terminal="t0_0" category="N/N"/>
    <span id="s0_sp6" child="s0_sp7 s0_sp8" category="N" rule="fa"/>
    <span start="1" span="1" pos="NN" chunk="I-NP" entity="O" id="s0_sp7" surf="code" base="code" terminal="t0_1" category="N/N"/>
    <span start="2" span="1" pos="NN" chunk="I-NP" entity="O" id="s0_sp8" surf="&gt;" base="&gt;" terminal="t0_2" category="N"/>
    <span id="s0_sp9" child="s0_sp10" category="NP\NP" rule="lex"/>
    <span id="s0_sp10" child="s0_sp11 s0_sp18" category="S[dcl=true]/NP" rule="fc"/>
    <span id="s0_sp11" child="s0_sp12" category="S[X=true]/(S[X=true]\NP)" rule="tr"/>
    <span id="s0_sp12" child="s0_sp13" category="NP" rule="lex"/>
    <span id="s0_sp13" child="s0_sp14 s0_sp15" category="N" rule="fa"/>
    <span start="3" span="1" pos="JJ" chunk="I-NP" entity="O" id="s0_sp14" surf="-10" base="-10" terminal="t0_3" category="N/N"/>
    <span id="s0_sp15" child="s0_sp16 s0_sp17" category="N" rule="fa"/>
    <span start="4" span="1" pos="NN" chunk="I-NP" entity="O" id="s0_sp16" surf="&lt;" base="&lt;" terminal="t0_4" category="N/N"/>
    <span start="5" span="1" pos="NN" chunk="I-NP" entity="O" id="s0_sp17" surf="sup" base="sup" terminal="t0_5" category="N"/>
    <span start="6" span="1" pos="VBD" chunk="I-VP" entity="O" id="s0_sp18" surf="&gt;" base="&gt;" terminal="t0_6" category="(S[dcl=true]\NP)/NP"/>
    <span id="s0_sp19" child="s0_sp20" category="NP\NP" rule="lex"/>
    <span id="s0_sp20" child="s0_sp21 s0_sp32" category="S[dcl=true]/NP" rule="bx"/>
    <span id="s0_sp21" child="s0_sp22 s0_sp31" category="S[dcl=true]/NP" rule="fc"/>
    <span id="s0_sp22" child="s0_sp23" category="S[X=true]/(S[X=true]\NP)" rule="tr"/>
    <span id="s0_sp23" child="s0_sp24" category="NP" rule="lex"/>
    <span id="s0_sp24" child="s0_sp25 s0_sp26" category="N" rule="fa"/>
    <span start="7" span="1" pos="CD" chunk="I-NP" entity="I-TIM" id="s0_sp25" surf="7" base="7" terminal="t0_7" category="N/N"/>
    <span id="s0_sp26" child="s0_sp27 s0_sp28" category="N" rule="fa"/>
    <span start="8" span="1" pos="JJ" chunk="I-NP" entity="I-TIM" id="s0_sp27" surf="&lt;" base="&lt;" terminal="t0_8" category="N/N"/>
    <span id="s0_sp28" child="s0_sp29 s0_sp30" category="N" rule="fa"/>
    <span start="9" span="1" pos="NN" chunk="I-NP" entity="I-TIM" id="s0_sp29" surf="/sup" base="/sup" terminal="t0_9" category="N/N"/>
    <span start="10" span="1" pos="NNS" chunk="I-NP" entity="I-TIM" id="s0_sp30" surf="&gt;" base="&gt;" terminal="t0_10" category="N"/>
    <span start="11" span="1" pos="VBP" chunk="I-VP" entity="I-TIM" id="s0_sp31" surf="&lt;" base="&lt;" terminal="t0_11" category="(S[dcl=true]\NP)/NP"/>
    <span id="s0_sp32" child="s0_sp33" category="S[X=true]\S[X=true]" rule="lex"/>
    <span id="s0_sp33" child="s0_sp34 s0_sp40" category="S[dcl=true]" rule="ba"/>
    <span id="s0_sp34" child="s0_sp35" category="NP" rule="lex"/>
    <span id="s0_sp35" child="s0_sp36 s0_sp37" category="N" rule="fa"/>
    <span start="12" span="1" pos="JJ" chunk="I-NP" entity="I-TIM" id="s0_sp36" surf="=" base="=" terminal="t0_12" category="N/N"/>
    <span id="s0_sp37" child="s0_sp38 s0_sp39" category="N" rule="fa"/>
    <span start="13" span="1" pos="NN" chunk="I-NP" entity="I-TIM" id="s0_sp38" surf="k" base="k" terminal="t0_13" category="N/N"/>
    <span start="14" span="1" pos="NN" chunk="I-NP" entity="I-TIM" id="s0_sp39" surf="&lt;" base="&lt;" terminal="t0_14" category="N"/>
    <span id="s0_sp40" child="s0_sp41 s0_sp42" category="S[dcl=true]\NP" rule="fa"/>
    <span start="15" span="1" pos="VBD" chunk="I-VP" entity="I-TIM" id="s0_sp41" surf="=" base="=" terminal="t0_15" category="(S[dcl=true]\NP)/NP"/>
    <span id="s0_sp42" child="s0_sp43" category="NP" rule="lex"/>
    <span id="s0_sp43" child="s0_sp44 s0_sp45" category="N" rule="fa"/>
    <span start="16" span="1" pos="CD" chunk="I-NP" entity="I-TIM" id="s0_sp44" surf="10" base="10" terminal="t0_16" category="N/N"/>
    <span start="17" span="1" pos="NNS" chunk="I-NP" entity="I-TIM" id="s0_sp45" surf="&lt;" base="&lt;" terminal="t0_17" category="N"/>
    <span id="s0_sp46" child="s0_sp47 s0_sp48" category="S[dcl=true]\NP" rule="fa"/>
    <span start="18" span="1" pos="VBP" chunk="I-VP" entity="I-TIM" id="s0_sp47" surf="sup" base="sup" terminal="t0_18" category="(S[dcl=true]\NP)/NP"/>
    <span id="s0_sp48" child="s0_sp49" category="NP" rule="lex"/>
    <span id="s0_sp49" child="s0_sp50 s0_sp51" category="N" rule="fa"/>
    <span start="19" span="1" pos="NN" chunk="I-NP" entity="I-TIM" id="s0_sp50" surf="&gt;" base="&gt;" terminal="t0_19" category="N/N"/>
    <span id="s0_sp51" child="s0_sp52 s0_sp53" category="N" rule="fa"/>
    <span start="20" span="1" pos="CD" chunk="I-NP" entity="I-TIM" id="s0_sp52" surf="7" base="7" terminal="t0_20" category="N/N"/>
    <span id="s0_sp53" child="s0_sp54 s0_sp55" category="N" rule="fa"/>
    <span start="21" span="1" pos="NNP" chunk="I-NP" entity="I-TIM" id="s0_sp54" surf="&lt;" base="&lt;" terminal="t0_21" category="N/N"/>
    <span id="s0_sp55" child="s0_sp56 s0_sp57" category="N" rule="fa"/>
    <span start="22" span="1" pos="NNP" chunk="I-NP" entity="I-TIM" id="s0_sp56" surf="/sup" base="/sup" terminal="t0_22" category="N/N"/>
    <span id="s0_sp57" child="s0_sp58 s0_sp59" category="N" rule="fa"/>
    <span start="23" span="1" pos="NNP" chunk="I-NP" entity="I-TIM" id="s0_sp58" surf="&gt;" base="&gt;" terminal="t0_23" category="N/N"/>
    <span id="s0_sp59" child="s0_sp60 s0_sp61" category="N" rule="fa"/>
    <span start="24" span="1" pos="NNP" chunk="I-NP" entity="I-TIM" id="s0_sp60" surf="&lt;" base="&lt;" terminal="t0_24" category="N/N"/>
    <span id="s0_sp61" child="s0_sp62 s0_sp63" category="N" rule="fa"/>
    <span start="25" span="1" pos="NNP" chunk="I-NP" entity="I-TIM" id="s0_sp62" surf="/code" base="/code" terminal="t0_25" category="N/N"/>
    <span start="26" span="1" pos="NNP" chunk="I-NP" entity="I-TIM" id="s0_sp63" surf="&gt;" base="&gt;" terminal="t0_26" category="N"/>
  </ccg>
</sentence>

