1:ROR:==(int,int):<=(int,int):g0001_0100.s0038_count_and_say.Solution@countAndSay(int):16:n == 1 |==> n <= 1
2:ROR:==(int,int):>=(int,int):g0001_0100.s0038_count_and_say.Solution@countAndSay(int):16:n == 1 |==> n >= 1
3:ROR:==(int,int):FALSE(int,int):g0001_0100.s0038_count_and_say.Solution@countAndSay(int):16:n == 1 |==> false
4:STD:<RETURN>:<NO-OP>:g0001_0100.s0038_count_and_say.Solution@countAndSay(int):17:return "1"; |==> <NO-OP>
5:AOR:-(int,int):%(int,int):g0001_0100.s0038_count_and_say.Solution@countAndSay(int):20:n - 1 |==> n % 1
6:AOR:-(int,int):*(int,int):g0001_0100.s0038_count_and_say.Solution@countAndSay(int):20:n - 1 |==> n * 1
7:AOR:-(int,int):+(int,int):g0001_0100.s0038_count_and_say.Solution@countAndSay(int):20:n - 1 |==> n + 1
8:AOR:-(int,int):/(int,int):g0001_0100.s0038_count_and_say.Solution@countAndSay(int):20:n - 1 |==> n / 1
9:ROR:<(int,int):!=(int,int):g0001_0100.s0038_count_and_say.Solution@countAndSay(int):22:i < prev.length() |==> i != prev.length()
10:ROR:<(int,int):<=(int,int):g0001_0100.s0038_count_and_say.Solution@countAndSay(int):22:i < prev.length() |==> i <= prev.length()
11:ROR:<(int,int):FALSE(int,int):g0001_0100.s0038_count_and_say.Solution@countAndSay(int):22:i < prev.length() |==> false
12:AOR:-(int,int):%(int,int):g0001_0100.s0038_count_and_say.Solution@countAndSay(int):23:i - 1 |==> i % 1
13:AOR:-(int,int):*(int,int):g0001_0100.s0038_count_and_say.Solution@countAndSay(int):23:i - 1 |==> i * 1
14:AOR:-(int,int):+(int,int):g0001_0100.s0038_count_and_say.Solution@countAndSay(int):23:i - 1 |==> i + 1
15:AOR:-(int,int):/(int,int):g0001_0100.s0038_count_and_say.Solution@countAndSay(int):23:i - 1 |==> i / 1
16:ROR:==(int,int):<=(int,int):g0001_0100.s0038_count_and_say.Solution@countAndSay(int):23:prev.charAt(i) == prev.charAt(i - 1) |==> prev.charAt(i) <= prev.charAt(i - 1)
17:ROR:==(int,int):>=(int,int):g0001_0100.s0038_count_and_say.Solution@countAndSay(int):23:prev.charAt(i) == prev.charAt(i - 1) |==> prev.charAt(i) >= prev.charAt(i - 1)
18:ROR:==(int,int):FALSE(int,int):g0001_0100.s0038_count_and_say.Solution@countAndSay(int):23:prev.charAt(i) == prev.charAt(i - 1) |==> false
19:STD:<INC>:<NO-OP>:g0001_0100.s0038_count_and_say.Solution@countAndSay(int):24:count++; |==> <NO-OP>
20:AOR:-(int,int):%(int,int):g0001_0100.s0038_count_and_say.Solution@countAndSay(int):26:i - 1 |==> i % 1
21:AOR:-(int,int):*(int,int):g0001_0100.s0038_count_and_say.Solution@countAndSay(int):26:i - 1 |==> i * 1
22:AOR:-(int,int):+(int,int):g0001_0100.s0038_count_and_say.Solution@countAndSay(int):26:i - 1 |==> i + 1
23:AOR:-(int,int):/(int,int):g0001_0100.s0038_count_and_say.Solution@countAndSay(int):26:i - 1 |==> i / 1
24:STD:<CALL>:<NO-OP>:g0001_0100.s0038_count_and_say.Solution@countAndSay(int):26:res.append(count).append(prev.charAt(i - 1)); |==> <NO-OP>
25:STD:<ASSIGN>:<NO-OP>:g0001_0100.s0038_count_and_say.Solution@countAndSay(int):27:count = 1; |==> <NO-OP>
26:AOR:-(int,int):%(int,int):g0001_0100.s0038_count_and_say.Solution@countAndSay(int):30:prev.length() - 1 |==> prev.length() % 1
27:AOR:-(int,int):*(int,int):g0001_0100.s0038_count_and_say.Solution@countAndSay(int):30:prev.length() - 1 |==> prev.length() * 1
28:AOR:-(int,int):+(int,int):g0001_0100.s0038_count_and_say.Solution@countAndSay(int):30:prev.length() - 1 |==> prev.length() + 1
29:AOR:-(int,int):/(int,int):g0001_0100.s0038_count_and_say.Solution@countAndSay(int):30:prev.length() - 1 |==> prev.length() / 1
30:STD:<CALL>:<NO-OP>:g0001_0100.s0038_count_and_say.Solution@countAndSay(int):30:res.append(count).append(prev.charAt(prev.length() - 1)); |==> <NO-OP>
