[06/24 16:50:36] [INFO   ] org.mutationtesting.major.plugin.MajorPluginTaskListener.<init>:
    Created MajorPluginTaskListener with options: [mml:../../major/mml/all.mml.bin]
[06/24 16:50:36] [INFO   ] org.mutationtesting.major.mutation.Mutator.initOperatorSymbols:
    Initializing operator symbols for opcode mapping
[06/24 16:50:36] [INFO   ] org.mutationtesting.major.mutation.Mutator.mutateTree:
    Mutating tree: Env[AttrContext[Scope[super, this]],outer=Env[AttrContext[Scope[java.util.Collections, java.util.Arrays, g1001_1100.s1013_partition_array_into_three_parts_with_equal_sum.Solution]]]]
[06/24 16:50:36] [INFO   ] org.mutationtesting.major.mutation.Mutator.visitClassDef:
    CLASS: g1001_1100.s1013_partition_array_into_three_parts_with_equal_sum.Solution
[06/24 16:50:36] [INFO   ] org.mutationtesting.major.mutation.Mutator.visitMethodDef:
    METHOD: <init>([])null
[06/24 16:50:36] [INFO   ] org.mutationtesting.major.mutation.Mutator.visitMethodDef:
    METHOD: canThreePartsEqualSum([int[] arr])boolean
[06/24 16:50:36] [INFO   ] org.mutationtesting.major.mutation.Mutator.nextMutant:
    Creating mutant 1
[06/24 16:50:36] [INFO   ] org.mutationtesting.major.mutation.Mutator.logMutantSTD:
    Logging mutantSTD 1: (STD) sum += j; -> <NO-OP>
[06/24 16:50:36] [INFO   ] org.mutationtesting.major.mutation.Mutator.nextMutant:
    Creating mutant 2
[06/24 16:50:36] [INFO   ] org.mutationtesting.major.mutation.Mutator.logMutant:
    Logging mutant 2: Solution.canThreePartsEqualSum(line 21, col 17)
            mutation operator group:   AOR
            mutation operator:         %(int,int) |==> *(int,int)
            original:                  sum % 3 
            mutant:                    sum * 3
[06/24 16:50:36] [INFO   ] org.mutationtesting.major.mutation.Mutator.nextMutant:
    Creating mutant 3
[06/24 16:50:36] [INFO   ] org.mutationtesting.major.mutation.Mutator.logMutant:
    Logging mutant 3: Solution.canThreePartsEqualSum(line 21, col 17)
            mutation operator group:   AOR
            mutation operator:         %(int,int) |==> +(int,int)
            original:                  sum % 3 
            mutant:                    sum + 3
[06/24 16:50:36] [INFO   ] org.mutationtesting.major.mutation.Mutator.nextMutant:
    Creating mutant 4
[06/24 16:50:36] [INFO   ] org.mutationtesting.major.mutation.Mutator.logMutant:
    Logging mutant 4: Solution.canThreePartsEqualSum(line 21, col 17)
            mutation operator group:   AOR
            mutation operator:         %(int,int) |==> -(int,int)
            original:                  sum % 3 
            mutant:                    sum - 3
[06/24 16:50:36] [INFO   ] org.mutationtesting.major.mutation.Mutator.nextMutant:
    Creating mutant 5
[06/24 16:50:36] [INFO   ] org.mutationtesting.major.mutation.Mutator.logMutant:
    Logging mutant 5: Solution.canThreePartsEqualSum(line 21, col 17)
            mutation operator group:   AOR
            mutation operator:         %(int,int) |==> /(int,int)
            original:                  sum % 3 
            mutant:                    sum / 3
[06/24 16:50:36] [INFO   ] org.mutationtesting.major.mutation.Mutator.nextMutant:
    Creating mutant 6
[06/24 16:50:36] [INFO   ] org.mutationtesting.major.mutation.Mutator.logMutant:
    Logging mutant 6: Solution.canThreePartsEqualSum(line 21, col 21)
            mutation operator group:   ROR
            mutation operator:         !=(int,int) |==> <(int,int)
            original:                  sum % 3 != 0 
            mutant:                    sum % 3 < 0
[06/24 16:50:36] [INFO   ] org.mutationtesting.major.mutation.Mutator.nextMutant:
    Creating mutant 7
[06/24 16:50:36] [INFO   ] org.mutationtesting.major.mutation.Mutator.logMutant:
    Logging mutant 7: Solution.canThreePartsEqualSum(line 21, col 21)
            mutation operator group:   ROR
            mutation operator:         !=(int,int) |==> >(int,int)
            original:                  sum % 3 != 0 
            mutant:                    sum % 3 > 0
[06/24 16:50:36] [INFO   ] org.mutationtesting.major.mutation.Mutator.nextMutant:
    Creating mutant 8
[06/24 16:50:36] [INFO   ] org.mutationtesting.major.mutation.Mutator.logMutant:
    Logging mutant 8: Solution.canThreePartsEqualSum(line 21, col 21)
            mutation operator group:   ROR
            mutation operator:         !=(int,int) |==> TRUE(int,int)
            original:                  sum % 3 != 0 
            mutant:                    true
[06/24 16:50:36] [INFO   ] org.mutationtesting.major.mutation.Mutator.nextMutant:
    Creating mutant 9
[06/24 16:50:36] [INFO   ] org.mutationtesting.major.mutation.Mutator.logMutantSTD:
    Logging mutantSTD 9: (STD) return false; -> <NO-OP>
[06/24 16:50:36] [INFO   ] org.mutationtesting.major.mutation.Mutator.nextMutant:
    Creating mutant 10
[06/24 16:50:36] [INFO   ] org.mutationtesting.major.mutation.Mutator.logMutant:
    Logging mutant 10: Solution.canThreePartsEqualSum(line 24, col 22)
            mutation operator group:   AOR
            mutation operator:         /(int,int) |==> %(int,int)
            original:                  sum / 3 
            mutant:                    sum % 3
[06/24 16:50:36] [INFO   ] org.mutationtesting.major.mutation.Mutator.nextMutant:
    Creating mutant 11
[06/24 16:50:36] [INFO   ] org.mutationtesting.major.mutation.Mutator.logMutant:
    Logging mutant 11: Solution.canThreePartsEqualSum(line 24, col 22)
            mutation operator group:   AOR
            mutation operator:         /(int,int) |==> *(int,int)
            original:                  sum / 3 
            mutant:                    sum * 3
[06/24 16:50:36] [INFO   ] org.mutationtesting.major.mutation.Mutator.nextMutant:
    Creating mutant 12
[06/24 16:50:36] [INFO   ] org.mutationtesting.major.mutation.Mutator.logMutant:
    Logging mutant 12: Solution.canThreePartsEqualSum(line 24, col 22)
            mutation operator group:   AOR
            mutation operator:         /(int,int) |==> +(int,int)
            original:                  sum / 3 
            mutant:                    sum + 3
[06/24 16:50:36] [INFO   ] org.mutationtesting.major.mutation.Mutator.nextMutant:
    Creating mutant 13
[06/24 16:50:36] [INFO   ] org.mutationtesting.major.mutation.Mutator.logMutant:
    Logging mutant 13: Solution.canThreePartsEqualSum(line 24, col 22)
            mutation operator group:   AOR
            mutation operator:         /(int,int) |==> -(int,int)
            original:                  sum / 3 
            mutant:                    sum - 3
[06/24 16:50:36] [INFO   ] org.mutationtesting.major.mutation.Mutator.nextMutant:
    Creating mutant 14
[06/24 16:50:36] [INFO   ] org.mutationtesting.major.mutation.Mutator.logMutant:
    Logging mutant 14: Solution.canThreePartsEqualSum(line 32, col 23)
            mutation operator group:   ROR
            mutation operator:         ==(int,int) |==> <=(int,int)
            original:                  count == 2 
            mutant:                    count <= 2
[06/24 16:50:36] [INFO   ] org.mutationtesting.major.mutation.Mutator.nextMutant:
    Creating mutant 15
[06/24 16:50:36] [INFO   ] org.mutationtesting.major.mutation.Mutator.logMutant:
    Logging mutant 15: Solution.canThreePartsEqualSum(line 32, col 23)
            mutation operator group:   ROR
            mutation operator:         ==(int,int) |==> >=(int,int)
            original:                  count == 2 
            mutant:                    count >= 2
[06/24 16:50:36] [INFO   ] org.mutationtesting.major.mutation.Mutator.nextMutant:
    Creating mutant 16
[06/24 16:50:36] [INFO   ] org.mutationtesting.major.mutation.Mutator.logMutant:
    Logging mutant 16: Solution.canThreePartsEqualSum(line 32, col 23)
            mutation operator group:   ROR
            mutation operator:         ==(int,int) |==> FALSE(int,int)
            original:                  count == 2 
            mutant:                    false
[06/24 16:50:36] [INFO   ] org.mutationtesting.major.mutation.Mutator.nextMutant:
    Creating mutant 17
[06/24 16:50:36] [INFO   ] org.mutationtesting.major.mutation.Mutator.logMutantSTD:
    Logging mutantSTD 17: (STD) return true; -> <NO-OP>
[06/24 16:50:36] [INFO   ] org.mutationtesting.major.mutation.Mutator.nextMutant:
    Creating mutant 18
[06/24 16:50:36] [INFO   ] org.mutationtesting.major.mutation.Mutator.logMutantSTD:
    Logging mutantSTD 18: (STD) temp += j; -> <NO-OP>
[06/24 16:50:36] [INFO   ] org.mutationtesting.major.mutation.Mutator.nextMutant:
    Creating mutant 19
[06/24 16:50:36] [INFO   ] org.mutationtesting.major.mutation.Mutator.logMutant:
    Logging mutant 19: Solution.canThreePartsEqualSum(line 38, col 22)
            mutation operator group:   ROR
            mutation operator:         ==(int,int) |==> <=(int,int)
            original:                  temp == eq 
            mutant:                    temp <= eq
[06/24 16:50:36] [INFO   ] org.mutationtesting.major.mutation.Mutator.nextMutant:
    Creating mutant 20
[06/24 16:50:36] [INFO   ] org.mutationtesting.major.mutation.Mutator.logMutant:
    Logging mutant 20: Solution.canThreePartsEqualSum(line 38, col 22)
            mutation operator group:   ROR
            mutation operator:         ==(int,int) |==> >=(int,int)
            original:                  temp == eq 
            mutant:                    temp >= eq
[06/24 16:50:36] [INFO   ] org.mutationtesting.major.mutation.Mutator.nextMutant:
    Creating mutant 21
[06/24 16:50:36] [INFO   ] org.mutationtesting.major.mutation.Mutator.logMutant:
    Logging mutant 21: Solution.canThreePartsEqualSum(line 38, col 22)
            mutation operator group:   ROR
            mutation operator:         ==(int,int) |==> FALSE(int,int)
            original:                  temp == eq 
            mutant:                    false
[06/24 16:50:36] [INFO   ] org.mutationtesting.major.mutation.Mutator.nextMutant:
    Creating mutant 22
[06/24 16:50:36] [INFO   ] org.mutationtesting.major.mutation.Mutator.logMutantSTD:
    Logging mutantSTD 22: (STD) count++; -> <NO-OP>
[06/24 16:50:36] [INFO   ] org.mutationtesting.major.mutation.Mutator.nextMutant:
    Creating mutant 23
[06/24 16:50:36] [INFO   ] org.mutationtesting.major.mutation.Mutator.logMutantSTD:
    Logging mutantSTD 23: (STD) temp = 0; -> <NO-OP>
[06/24 16:50:36] [INFO   ] org.mutationtesting.major.plugin.MajorPluginTaskListener.mutate:
    Generated 23 mutants (101 ms)
