[04/24 22:31:19] [INFO   ] org.mutationtesting.major.plugin.MajorPluginTaskListener.<init>:
    Created MajorPluginTaskListener with options: [mml:../../major/mml/all.mml.bin]
[04/24 22:31:19] [INFO   ] org.mutationtesting.major.mutation.Mutator.initOperatorSymbols:
    Initializing operator symbols for opcode mapping
[04/24 22:31:19] [INFO   ] org.mutationtesting.major.mutation.Mutator.mutateTree:
    Mutating tree: Env[AttrContext[Scope[super, this]],outer=Env[AttrContext[Scope[java.util.Map, java.util.HashMap, g0001_0100.s0001_two_sum.Solution]]]]
[04/24 22:31:19] [INFO   ] org.mutationtesting.major.mutation.Mutator.visitClassDef:
    CLASS: g0001_0100.s0001_two_sum.Solution
[04/24 22:31:19] [INFO   ] org.mutationtesting.major.mutation.Mutator.visitMethodDef:
    METHOD: <init>([])null
[04/24 22:31:19] [INFO   ] org.mutationtesting.major.mutation.Mutator.visitMethodDef:
    METHOD: twoSum([int[] numbers, int target])int[]
[04/24 22:31:19] [INFO   ] org.mutationtesting.major.mutation.Mutator.nextMutant:
    Creating mutant 1
[04/24 22:31:19] [INFO   ] org.mutationtesting.major.mutation.Mutator.logMutant:
    Logging mutant 1: Solution.twoSum(line 20, col 27)
            mutation operator group:   ROR
            mutation operator:         <(int,int) |==> !=(int,int)
            original:                  i < numbers.length 
            mutant:                    i != numbers.length
[04/24 22:31:19] [INFO   ] org.mutationtesting.major.mutation.Mutator.nextMutant:
    Creating mutant 2
[04/24 22:31:19] [INFO   ] org.mutationtesting.major.mutation.Mutator.logMutant:
    Logging mutant 2: Solution.twoSum(line 20, col 27)
            mutation operator group:   ROR
            mutation operator:         <(int,int) |==> <=(int,int)
            original:                  i < numbers.length 
            mutant:                    i <= numbers.length
[04/24 22:31:19] [INFO   ] org.mutationtesting.major.mutation.Mutator.nextMutant:
    Creating mutant 3
[04/24 22:31:19] [INFO   ] org.mutationtesting.major.mutation.Mutator.logMutant:
    Logging mutant 3: Solution.twoSum(line 20, col 27)
            mutation operator group:   ROR
            mutation operator:         <(int,int) |==> FALSE(int,int)
            original:                  i < numbers.length 
            mutant:                    false
[04/24 22:31:19] [INFO   ] org.mutationtesting.major.mutation.Mutator.nextMutant:
    Creating mutant 4
[04/24 22:31:19] [INFO   ] org.mutationtesting.major.mutation.Mutator.logMutant:
    Logging mutant 4: Solution.twoSum(line 21, col 42)
            mutation operator group:   AOR
            mutation operator:         -(int,int) |==> %(int,int)
            original:                  target - numbers[i] 
            mutant:                    target % numbers[i]
[04/24 22:31:19] [INFO   ] org.mutationtesting.major.mutation.Mutator.nextMutant:
    Creating mutant 5
[04/24 22:31:19] [INFO   ] org.mutationtesting.major.mutation.Mutator.logMutant:
    Logging mutant 5: Solution.twoSum(line 21, col 42)
            mutation operator group:   AOR
            mutation operator:         -(int,int) |==> *(int,int)
            original:                  target - numbers[i] 
            mutant:                    target * numbers[i]
[04/24 22:31:19] [INFO   ] org.mutationtesting.major.mutation.Mutator.nextMutant:
    Creating mutant 6
[04/24 22:31:19] [INFO   ] org.mutationtesting.major.mutation.Mutator.logMutant:
    Logging mutant 6: Solution.twoSum(line 21, col 42)
            mutation operator group:   AOR
            mutation operator:         -(int,int) |==> +(int,int)
            original:                  target - numbers[i] 
            mutant:                    target + numbers[i]
[04/24 22:31:19] [INFO   ] org.mutationtesting.major.mutation.Mutator.nextMutant:
    Creating mutant 7
[04/24 22:31:19] [INFO   ] org.mutationtesting.major.mutation.Mutator.logMutant:
    Logging mutant 7: Solution.twoSum(line 21, col 42)
            mutation operator group:   AOR
            mutation operator:         -(int,int) |==> /(int,int)
            original:                  target - numbers[i] 
            mutant:                    target / numbers[i]
[04/24 22:31:19] [INFO   ] org.mutationtesting.major.mutation.Mutator.nextMutant:
    Creating mutant 8
[04/24 22:31:19] [INFO   ] org.mutationtesting.major.mutation.Mutator.nextMutant:
    Creating mutant 9
[04/24 22:31:19] [INFO   ] org.mutationtesting.major.mutation.Mutator.logMutant:
    Logging mutant 8: Solution.twoSum(line 22, col 37)
            mutation operator group:   COR
            mutation operator:         <METHOD_INVOCATION(boolean)> |==> TRUE
            original:                  indexMap.containsKey(requiredNum) 
            mutant:                    false
[04/24 22:31:19] [INFO   ] org.mutationtesting.major.mutation.Mutator.logMutant:
    Logging mutant 9: Solution.twoSum(line 22, col 37)
            mutation operator group:   COR
            mutation operator:         <METHOD_INVOCATION(boolean)> |==> FALSE
            original:                  indexMap.containsKey(requiredNum) 
            mutant:                    true
[04/24 22:31:19] [INFO   ] org.mutationtesting.major.mutation.Mutator.nextMutant:
    Creating mutant 10
[04/24 22:31:19] [INFO   ] org.mutationtesting.major.mutation.Mutator.logMutantSTD:
    Logging mutantSTD 10: (STD) return new int[]{indexMap.get(requiredNum), i}; -> <NO-OP>
[04/24 22:31:19] [INFO   ] org.mutationtesting.major.mutation.Mutator.nextMutant:
    Creating mutant 11
[04/24 22:31:19] [INFO   ] org.mutationtesting.major.mutation.Mutator.logMutantSTD:
    Logging mutantSTD 11: (STD) indexMap.put(numbers[i], i); -> <NO-OP>
[04/24 22:31:19] [INFO   ] org.mutationtesting.major.plugin.MajorPluginTaskListener.mutate:
    Generated 11 mutants (61 ms)
