1:STD:<CALL>:<NO-OP>:g0001_0100.s0090_subsets_ii.Solution@subsetsWithDup(int[]):19:Arrays.sort(nums); |==> <NO-OP>
2:STD:<ASSIGN>:<NO-OP>:g0001_0100.s0090_subsets_ii.Solution@subsetsWithDup(int[]):20:this.nums = nums; |==> <NO-OP>
3:STD:<CALL>:<NO-OP>:g0001_0100.s0090_subsets_ii.Solution@subsetsWithDup(int[]):21:dfs(0); |==> <NO-OP>
4:STD:<CALL>:<NO-OP>:g0001_0100.s0090_subsets_ii.Solution@subsetsWithDup(int[]):22:allComb.add(new ArrayList<>()); |==> <NO-OP>
5:ROR:>(int,int):!=(int,int):g0001_0100.s0090_subsets_ii.Solution@dfs(int):27:start > nums.length |==> start != nums.length
6:ROR:>(int,int):>=(int,int):g0001_0100.s0090_subsets_ii.Solution@dfs(int):27:start > nums.length |==> start >= nums.length
7:ROR:>(int,int):FALSE(int,int):g0001_0100.s0090_subsets_ii.Solution@dfs(int):27:start > nums.length |==> false
8:STD:<RETURN>:<NO-OP>:g0001_0100.s0090_subsets_ii.Solution@dfs(int):28:return; |==> <NO-OP>
9:ROR:<(int,int):!=(int,int):g0001_0100.s0090_subsets_ii.Solution@dfs(int):30:i < nums.length |==> i != nums.length
10:ROR:<(int,int):<=(int,int):g0001_0100.s0090_subsets_ii.Solution@dfs(int):30:i < nums.length |==> i <= nums.length
11:ROR:<(int,int):FALSE(int,int):g0001_0100.s0090_subsets_ii.Solution@dfs(int):30:i < nums.length |==> false
12:ROR:>(int,int):!=(int,int):g0001_0100.s0090_subsets_ii.Solution@dfs(int):31:i > start |==> i != start
13:ROR:>(int,int):>=(int,int):g0001_0100.s0090_subsets_ii.Solution@dfs(int):31:i > start |==> i >= start
14:ROR:>(int,int):FALSE(int,int):g0001_0100.s0090_subsets_ii.Solution@dfs(int):31:i > start |==> false
15:AOR:-(int,int):%(int,int):g0001_0100.s0090_subsets_ii.Solution@dfs(int):31:i - 1 |==> i % 1
16:AOR:-(int,int):*(int,int):g0001_0100.s0090_subsets_ii.Solution@dfs(int):31:i - 1 |==> i * 1
17:AOR:-(int,int):+(int,int):g0001_0100.s0090_subsets_ii.Solution@dfs(int):31:i - 1 |==> i + 1
18:AOR:-(int,int):/(int,int):g0001_0100.s0090_subsets_ii.Solution@dfs(int):31:i - 1 |==> i / 1
19:ROR:==(int,int):<=(int,int):g0001_0100.s0090_subsets_ii.Solution@dfs(int):31:nums[i] == nums[i - 1] |==> nums[i] <= nums[i - 1]
20:ROR:==(int,int):>=(int,int):g0001_0100.s0090_subsets_ii.Solution@dfs(int):31:nums[i] == nums[i - 1] |==> nums[i] >= nums[i - 1]
21:ROR:==(int,int):FALSE(int,int):g0001_0100.s0090_subsets_ii.Solution@dfs(int):31:nums[i] == nums[i - 1] |==> false
22:COR:&&(boolean,boolean):==(boolean,boolean):g0001_0100.s0090_subsets_ii.Solution@dfs(int):31:i > start && nums[i] == nums[i - 1] |==> i > start == (nums[i] == nums[i - 1])
23:COR:&&(boolean,boolean):FALSE(boolean,boolean):g0001_0100.s0090_subsets_ii.Solution@dfs(int):31:i > start && nums[i] == nums[i - 1] |==> false
24:COR:&&(boolean,boolean):LHS(boolean,boolean):g0001_0100.s0090_subsets_ii.Solution@dfs(int):31:i > start && nums[i] == nums[i - 1] |==> i > start
25:COR:&&(boolean,boolean):RHS(boolean,boolean):g0001_0100.s0090_subsets_ii.Solution@dfs(int):31:i > start && nums[i] == nums[i - 1] |==> nums[i] == nums[i - 1]
26:STD:<CONT>:<NO-OP>:g0001_0100.s0090_subsets_ii.Solution@dfs(int):32:continue; |==> <NO-OP>
27:STD:<CALL>:<NO-OP>:g0001_0100.s0090_subsets_ii.Solution@dfs(int):34:comb.add(nums[i]); |==> <NO-OP>
28:STD:<CALL>:<NO-OP>:g0001_0100.s0090_subsets_ii.Solution@dfs(int):35:allComb.add(new ArrayList<>(comb)); |==> <NO-OP>
29:AOR:+(int,int):%(int,int):g0001_0100.s0090_subsets_ii.Solution@dfs(int):36:i + 1 |==> i % 1
30:AOR:+(int,int):*(int,int):g0001_0100.s0090_subsets_ii.Solution@dfs(int):36:i + 1 |==> i * 1
31:AOR:+(int,int):-(int,int):g0001_0100.s0090_subsets_ii.Solution@dfs(int):36:i + 1 |==> i - 1
32:AOR:+(int,int):/(int,int):g0001_0100.s0090_subsets_ii.Solution@dfs(int):36:i + 1 |==> i / 1
33:STD:<CALL>:<NO-OP>:g0001_0100.s0090_subsets_ii.Solution@dfs(int):36:dfs(i + 1); |==> <NO-OP>
34:AOR:-(int,int):%(int,int):g0001_0100.s0090_subsets_ii.Solution@dfs(int):37:comb.size() - 1 |==> comb.size() % 1
35:AOR:-(int,int):*(int,int):g0001_0100.s0090_subsets_ii.Solution@dfs(int):37:comb.size() - 1 |==> comb.size() * 1
36:AOR:-(int,int):+(int,int):g0001_0100.s0090_subsets_ii.Solution@dfs(int):37:comb.size() - 1 |==> comb.size() + 1
37:AOR:-(int,int):/(int,int):g0001_0100.s0090_subsets_ii.Solution@dfs(int):37:comb.size() - 1 |==> comb.size() / 1
38:STD:<CALL>:<NO-OP>:g0001_0100.s0090_subsets_ii.Solution@dfs(int):37:comb.remove(comb.size() - 1); |==> <NO-OP>
