ERROR:root:Failed to parse \x.((_ = {NN})(x) & _6{CD}(x)). Error: The function '(_ = {NN})' is not a Lambda Expression, an Application Expression, or a functional predicate, so it may not take arguments.
\x.((_ = {NN})(x) & _6{CD}(x))
             ^
ERROR:root:An error occurred: The function '(_ = {NN})' is not a Lambda Expression, an Application Expression, or a functional predicate, so it may not take arguments.
\x.((_ = {NN})(x) & _6{CD}(x))
             ^
Sentence: min ( 2 , 1 ) + min ( 2 , 5 ) + min ( 6 , 6 ) = 1 + 2 + 6 = 9 .
Tree XML:
<sentence>
  <tokens>
    <token start="0" span="1" pos="NN" chunk="I-NP" entity="O" cat="N" id="t0_0" surf="min" base="min"/>
    <token start="1" span="1" pos="LRB" chunk="O" entity="O" cat="(NP\NP)/NP" id="t0_1" surf="(" base="("/>
    <token start="2" span="1" pos="CD" chunk="I-NP" entity="O" cat="N" id="t0_2" surf="2" base="2"/>
    <token start="3" span="1" pos="," chunk="O" entity="O" cat="," id="t0_3" surf="," base=","/>
    <token start="4" span="1" pos="CD" chunk="I-NP" entity="O" cat="N/N" id="t0_4" surf="1" base="1"/>
    <token start="5" span="1" pos="RRB" chunk="O" entity="O" cat="RRB" id="t0_5" surf=")" base=")"/>
    <token start="6" span="1" pos="NN" chunk="I-NP" entity="O" cat="N/N" id="t0_6" surf="+" base="+"/>
    <token start="7" span="1" pos="NN" chunk="I-NP" entity="O" cat="N" id="t0_7" surf="min" base="min"/>
    <token start="8" span="1" pos="LRB" chunk="O" entity="O" cat="(NP\NP)/NP" id="t0_8" surf="(" base="("/>
    <token start="9" span="1" pos="CD" chunk="I-NP" entity="O" cat="N" id="t0_9" surf="2" base="2"/>
    <token start="10" span="1" pos="," chunk="O" entity="O" cat="," id="t0_10" surf="," base=","/>
    <token start="11" span="1" pos="CD" chunk="I-NP" entity="O" cat="N/N" id="t0_11" surf="5" base="5"/>
    <token start="12" span="1" pos="RRB" chunk="O" entity="O" cat="RRB" id="t0_12" surf=")" base=")"/>
    <token start="13" span="1" pos="NN" chunk="I-NP" entity="O" cat="N/N" id="t0_13" surf="+" base="+"/>
    <token start="14" span="1" pos="NN" chunk="I-NP" entity="O" cat="N" id="t0_14" surf="min" base="min"/>
    <token start="15" span="1" pos="LRB" chunk="O" entity="O" cat="(NP\NP)/NP" id="t0_15" surf="(" base="("/>
    <token start="16" span="1" pos="CD" chunk="I-NP" entity="O" cat="N" id="t0_16" surf="6" base="6"/>
    <token start="17" span="1" pos="," chunk="O" entity="O" cat="," id="t0_17" surf="," base=","/>
    <token start="18" span="1" pos="CD" chunk="I-NP" entity="O" cat="N" id="t0_18" surf="6" base="6"/>
    <token start="19" span="1" pos="RRB" chunk="O" entity="O" cat="RRB" id="t0_19" surf=")" base=")"/>
    <token start="20" span="1" pos="VBD" chunk="I-VP" entity="O" cat="(S[dcl]\NP)/NP" id="t0_20" surf="=" base="="/>
    <token start="21" span="1" pos="CD" chunk="I-NP" entity="I-TIM" cat="N/N" id="t0_21" surf="1" base="1"/>
    <token start="22" span="1" pos="NN" chunk="I-NP" entity="I-TIM" cat="N" id="t0_22" surf="+" base="+"/>
    <token start="23" span="1" pos="CD" chunk="B-NP" entity="I-TIM" cat="N\N" id="t0_23" surf="2" base="2"/>
    <token start="24" span="1" pos="CC" chunk="I-NP" entity="I-TIM" cat="(N\N)/N" id="t0_24" surf="+" base="+"/>
    <token start="25" span="1" pos="CD" chunk="I-NP" entity="I-TIM" cat="N/N" id="t0_25" surf="6" base="6"/>
    <token start="26" span="1" pos="NN" chunk="I-NP" entity="I-TIM" cat="N" id="t0_26" surf="=" base="="/>
    <token start="27" span="1" pos="CD" chunk="I-NP" entity="I-TIM" cat="N\N" id="t0_27" surf="9" base="9"/>
    <token start="28" span="1" pos="." chunk="O" entity="O" cat="." id="t0_28" surf="." base="."/>
  </tokens>
  <ccg root="s0_sp0" id="s0_ccg0">
    <span root="true" id="s0_sp0" child="s0_sp1 s0_sp64" category="S[dcl=true]" rule="rp"/>
    <span id="s0_sp1" child="s0_sp2 s0_sp48" category="S[dcl=true]" rule="ba"/>
    <span id="s0_sp2" child="s0_sp3 s0_sp5" category="NP" rule="ba"/>
    <span id="s0_sp3" child="s0_sp4" category="NP" rule="lex"/>
    <span start="0" span="1" pos="NN" chunk="I-NP" entity="O" id="s0_sp4" surf="min" base="min" terminal="t0_0" category="N"/>
    <span id="s0_sp5" child="s0_sp6 s0_sp47" category="NP\NP" rule="rp"/>
    <span id="s0_sp6" child="s0_sp7 s0_sp8" category="NP\NP" rule="fa"/>
    <span start="1" span="1" pos="LRB" chunk="O" entity="O" id="s0_sp7" surf="(" base="(" terminal="t0_1" category="(NP\NP)/NP"/>
    <span id="s0_sp8" child="s0_sp9 s0_sp11" category="NP" rule="ba"/>
    <span id="s0_sp9" child="s0_sp10" category="NP" rule="lex"/>
    <span start="2" span="1" pos="CD" chunk="I-NP" entity="O" id="s0_sp10" surf="2" base="2" terminal="t0_2" category="N"/>
    <span id="s0_sp11" child="s0_sp12 s0_sp13" category="NP\NP" rule="conj"/>
    <span start="3" span="1" pos="," chunk="O" entity="O" id="s0_sp12" surf="," base="," terminal="t0_3" category="=true,"/>
    <span id="s0_sp13" child="s0_sp14 s0_sp22" category="NP" rule="ba"/>
    <span id="s0_sp14" child="s0_sp15" category="NP" rule="lex"/>
    <span id="s0_sp15" child="s0_sp16 s0_sp17" category="N" rule="fa"/>
    <span start="4" span="1" pos="CD" chunk="I-NP" entity="O" id="s0_sp16" surf="1" base="1" terminal="t0_4" category="N/N"/>
    <span id="s0_sp17" child="s0_sp18 s0_sp19" category="N" rule="lp"/>
    <span start="5" span="1" pos="RRB" chunk="O" entity="O" id="s0_sp18" surf=")" base=")" terminal="t0_5" category="RRB"/>
    <span id="s0_sp19" child="s0_sp20 s0_sp21" category="N" rule="fa"/>
    <span start="6" span="1" pos="NN" chunk="I-NP" entity="O" id="s0_sp20" surf="+" base="+" terminal="t0_6" category="N/N"/>
    <span start="7" span="1" pos="NN" chunk="I-NP" entity="O" id="s0_sp21" surf="min" base="min" terminal="t0_7" category="N"/>
    <span id="s0_sp22" child="s0_sp23 s0_sp24" category="NP\NP" rule="fa"/>
    <span start="8" span="1" pos="LRB" chunk="O" entity="O" id="s0_sp23" surf="(" base="(" terminal="t0_8" category="(NP\NP)/NP"/>
    <span id="s0_sp24" child="s0_sp25 s0_sp27" category="NP" rule="ba"/>
    <span id="s0_sp25" child="s0_sp26" category="NP" rule="lex"/>
    <span start="9" span="1" pos="CD" chunk="I-NP" entity="O" id="s0_sp26" surf="2" base="2" terminal="t0_9" category="N"/>
    <span id="s0_sp27" child="s0_sp28 s0_sp29" category="NP\NP" rule="conj"/>
    <span start="10" span="1" pos="," chunk="O" entity="O" id="s0_sp28" surf="," base="," terminal="t0_10" category="=true,"/>
    <span id="s0_sp29" child="s0_sp30 s0_sp38" category="NP" rule="ba"/>
    <span id="s0_sp30" child="s0_sp31" category="NP" rule="lex"/>
    <span id="s0_sp31" child="s0_sp32 s0_sp33" category="N" rule="fa"/>
    <span start="11" span="1" pos="CD" chunk="I-NP" entity="O" id="s0_sp32" surf="5" base="5" terminal="t0_11" category="N/N"/>
    <span id="s0_sp33" child="s0_sp34 s0_sp35" category="N" rule="lp"/>
    <span start="12" span="1" pos="RRB" chunk="O" entity="O" id="s0_sp34" surf=")" base=")" terminal="t0_12" category="RRB"/>
    <span id="s0_sp35" child="s0_sp36 s0_sp37" category="N" rule="fa"/>
    <span start="13" span="1" pos="NN" chunk="I-NP" entity="O" id="s0_sp36" surf="+" base="+" terminal="t0_13" category="N/N"/>
    <span start="14" span="1" pos="NN" chunk="I-NP" entity="O" id="s0_sp37" surf="min" base="min" terminal="t0_14" category="N"/>
    <span id="s0_sp38" child="s0_sp39 s0_sp40" category="NP\NP" rule="fa"/>
    <span start="15" span="1" pos="LRB" chunk="O" entity="O" id="s0_sp39" surf="(" base="(" terminal="t0_15" category="(NP\NP)/NP"/>
    <span id="s0_sp40" child="s0_sp41 s0_sp43" category="NP" rule="ba"/>
    <span id="s0_sp41" child="s0_sp42" category="NP" rule="lex"/>
    <span start="16" span="1" pos="CD" chunk="I-NP" entity="O" id="s0_sp42" surf="6" base="6" terminal="t0_16" category="N"/>
    <span id="s0_sp43" child="s0_sp44 s0_sp45" category="NP\NP" rule="conj"/>
    <span start="17" span="1" pos="," chunk="O" entity="O" id="s0_sp44" surf="," base="," terminal="t0_17" category="=true,"/>
    <span id="s0_sp45" child="s0_sp46" category="NP" rule="lex"/>
    <span start="18" span="1" pos="CD" chunk="I-NP" entity="O" id="s0_sp46" surf="6" base="6" terminal="t0_18" category="N"/>
    <span start="19" span="1" pos="RRB" chunk="O" entity="O" id="s0_sp47" surf=")" base=")" terminal="t0_19" category="RRB"/>
    <span id="s0_sp48" child="s0_sp49 s0_sp50" category="S[dcl=true]\NP" rule="fa"/>
    <span start="20" span="1" pos="VBD" chunk="I-VP" entity="O" id="s0_sp49" surf="=" base="=" terminal="t0_20" category="(S[dcl=true]\NP)/NP"/>
    <span id="s0_sp50" child="s0_sp51" category="NP" rule="lex"/>
    <span id="s0_sp51" child="s0_sp52 s0_sp53" category="N" rule="fa"/>
    <span start="21" span="1" pos="CD" chunk="I-NP" entity="I-TIM" id="s0_sp52" surf="1" base="1" terminal="t0_21" category="N/N"/>
    <span id="s0_sp53" child="s0_sp54 s0_sp57" category="N" rule="ba"/>
    <span id="s0_sp54" child="s0_sp55 s0_sp56" category="N" rule="ba"/>
    <span start="22" span="1" pos="NN" chunk="I-NP" entity="I-TIM" id="s0_sp55" surf="+" base="+" terminal="t0_22" category="N"/>
    <span start="23" span="1" pos="CD" chunk="B-NP" entity="I-TIM" id="s0_sp56" surf="2" base="2" terminal="t0_23" category="N\N"/>
    <span id="s0_sp57" child="s0_sp58 s0_sp59" category="N\N" rule="fa"/>
    <span start="24" span="1" pos="CC" chunk="I-NP" entity="I-TIM" id="s0_sp58" surf="+" base="+" terminal="t0_24" category="(N\N)/N"/>
    <span id="s0_sp59" child="s0_sp60 s0_sp63" category="N" rule="ba"/>
    <span id="s0_sp60" child="s0_sp61 s0_sp62" category="N" rule="fa"/>
    <span start="25" span="1" pos="CD" chunk="I-NP" entity="I-TIM" id="s0_sp61" surf="6" base="6" terminal="t0_25" category="N/N"/>
    <span start="26" span="1" pos="NN" chunk="I-NP" entity="I-TIM" id="s0_sp62" surf="=" base="=" terminal="t0_26" category="N"/>
    <span start="27" span="1" pos="CD" chunk="I-NP" entity="I-TIM" id="s0_sp63" surf="9" base="9" terminal="t0_27" category="N\N"/>
    <span start="28" span="1" pos="." chunk="O" entity="O" id="s0_sp64" surf="." base="." terminal="t0_28" category="."/>
  </ccg>
</sentence>

