[04/24 17:40:31] [INFO   ] org.mutationtesting.major.plugin.MajorPluginTaskListener.<init>:
    Created MajorPluginTaskListener with options: [mml:../../major/mml/all.mml.bin]
[04/24 17:40:31] [INFO   ] org.mutationtesting.major.mutation.Mutator.initOperatorSymbols:
    Initializing operator symbols for opcode mapping
[04/24 17:40:31] [INFO   ] org.mutationtesting.major.mutation.Mutator.mutateTree:
    Mutating tree: Env[AttrContext[Scope[super, this]],outer=Env[AttrContext[Scope[g0001_0100.s0005_longest_palindromic_substring.Solution]]]]
[04/24 17:40:31] [INFO   ] org.mutationtesting.major.mutation.Mutator.visitClassDef:
    CLASS: g0001_0100.s0005_longest_palindromic_substring.Solution
[04/24 17:40:31] [INFO   ] org.mutationtesting.major.mutation.Mutator.visitMethodDef:
    METHOD: <init>([])null
[04/24 17:40:31] [INFO   ] org.mutationtesting.major.mutation.Mutator.visitMethodDef:
    METHOD: longestPalindrome([String s])String
[04/24 17:40:31] [INFO   ] org.mutationtesting.major.mutation.Mutator.nextMutant:
    Creating mutant 1
[04/24 17:40:31] [INFO   ] org.mutationtesting.major.mutation.Mutator.logMutant:
    Logging mutant 1: Solution.longestPalindrome(line 16, col 45)
            mutation operator group:   AOR
            mutation operator:         *(int,int) |==> %(int,int)
            original:                  s.length() * 2 
            mutant:                    s.length() % 2
[04/24 17:40:31] [INFO   ] org.mutationtesting.major.mutation.Mutator.nextMutant:
    Creating mutant 2
[04/24 17:40:31] [INFO   ] org.mutationtesting.major.mutation.Mutator.logMutant:
    Logging mutant 2: Solution.longestPalindrome(line 16, col 45)
            mutation operator group:   AOR
            mutation operator:         *(int,int) |==> +(int,int)
            original:                  s.length() * 2 
            mutant:                    s.length() + 2
[04/24 17:40:31] [INFO   ] org.mutationtesting.major.mutation.Mutator.nextMutant:
    Creating mutant 3
[04/24 17:40:31] [INFO   ] org.mutationtesting.major.mutation.Mutator.logMutant:
    Logging mutant 3: Solution.longestPalindrome(line 16, col 45)
            mutation operator group:   AOR
            mutation operator:         *(int,int) |==> -(int,int)
            original:                  s.length() * 2 
            mutant:                    s.length() - 2
[04/24 17:40:31] [INFO   ] org.mutationtesting.major.mutation.Mutator.nextMutant:
    Creating mutant 4
[04/24 17:40:31] [INFO   ] org.mutationtesting.major.mutation.Mutator.logMutant:
    Logging mutant 4: Solution.longestPalindrome(line 16, col 45)
            mutation operator group:   AOR
            mutation operator:         *(int,int) |==> /(int,int)
            original:                  s.length() * 2 
            mutant:                    s.length() / 2
[04/24 17:40:31] [INFO   ] org.mutationtesting.major.mutation.Mutator.nextMutant:
    Creating mutant 5
[04/24 17:40:31] [INFO   ] org.mutationtesting.major.mutation.Mutator.logMutant:
    Logging mutant 5: Solution.longestPalindrome(line 16, col 49)
            mutation operator group:   AOR
            mutation operator:         +(int,int) |==> %(int,int)
            original:                  s.length() * 2 + 1 
            mutant:                    s.length() * 2 % 1
[04/24 17:40:31] [INFO   ] org.mutationtesting.major.mutation.Mutator.nextMutant:
    Creating mutant 6
[04/24 17:40:31] [INFO   ] org.mutationtesting.major.mutation.Mutator.logMutant:
    Logging mutant 6: Solution.longestPalindrome(line 16, col 49)
            mutation operator group:   AOR
            mutation operator:         +(int,int) |==> *(int,int)
            original:                  s.length() * 2 + 1 
            mutant:                    s.length() * 2 * 1
[04/24 17:40:31] [INFO   ] org.mutationtesting.major.mutation.Mutator.nextMutant:
    Creating mutant 7
[04/24 17:40:31] [INFO   ] org.mutationtesting.major.mutation.Mutator.logMutant:
    Logging mutant 7: Solution.longestPalindrome(line 16, col 49)
            mutation operator group:   AOR
            mutation operator:         +(int,int) |==> -(int,int)
            original:                  s.length() * 2 + 1 
            mutant:                    s.length() * 2 - 1
[04/24 17:40:31] [INFO   ] org.mutationtesting.major.mutation.Mutator.nextMutant:
    Creating mutant 8
[04/24 17:40:31] [INFO   ] org.mutationtesting.major.mutation.Mutator.logMutant:
    Logging mutant 8: Solution.longestPalindrome(line 16, col 49)
            mutation operator group:   AOR
            mutation operator:         +(int,int) |==> /(int,int)
            original:                  s.length() * 2 + 1 
            mutant:                    s.length() * 2 / 1
[04/24 17:40:31] [INFO   ] org.mutationtesting.major.mutation.Mutator.nextMutant:
    Creating mutant 9
[04/24 17:40:31] [INFO   ] org.mutationtesting.major.mutation.Mutator.logMutantSTD:
    Logging mutantSTD 9: (STD) newStr[0] = '#'; -> <NO-OP>
[04/24 17:40:31] [INFO   ] org.mutationtesting.major.mutation.Mutator.nextMutant:
    Creating mutant 10
[04/24 17:40:31] [INFO   ] org.mutationtesting.major.mutation.Mutator.logMutant:
    Logging mutant 10: Solution.longestPalindrome(line 18, col 27)
            mutation operator group:   ROR
            mutation operator:         <(int,int) |==> !=(int,int)
            original:                  i < s.length() 
            mutant:                    i != s.length()
[04/24 17:40:31] [INFO   ] org.mutationtesting.major.mutation.Mutator.nextMutant:
    Creating mutant 11
[04/24 17:40:31] [INFO   ] org.mutationtesting.major.mutation.Mutator.logMutant:
    Logging mutant 11: Solution.longestPalindrome(line 18, col 27)
            mutation operator group:   ROR
            mutation operator:         <(int,int) |==> <=(int,int)
            original:                  i < s.length() 
            mutant:                    i <= s.length()
[04/24 17:40:31] [INFO   ] org.mutationtesting.major.mutation.Mutator.nextMutant:
    Creating mutant 12
[04/24 17:40:31] [INFO   ] org.mutationtesting.major.mutation.Mutator.logMutant:
    Logging mutant 12: Solution.longestPalindrome(line 18, col 27)
            mutation operator group:   ROR
            mutation operator:         <(int,int) |==> FALSE(int,int)
            original:                  i < s.length() 
            mutant:                    false
[04/24 17:40:31] [INFO   ] org.mutationtesting.major.mutation.Mutator.nextMutant:
    Creating mutant 13
[04/24 17:40:31] [INFO   ] org.mutationtesting.major.mutation.Mutator.logMutant:
    Logging mutant 13: Solution.longestPalindrome(line 19, col 22)
            mutation operator group:   AOR
            mutation operator:         *(int,int) |==> %(int,int)
            original:                  2 * i 
            mutant:                    2 % i
[04/24 17:40:31] [INFO   ] org.mutationtesting.major.mutation.Mutator.nextMutant:
    Creating mutant 14
[04/24 17:40:31] [INFO   ] org.mutationtesting.major.mutation.Mutator.logMutant:
    Logging mutant 14: Solution.longestPalindrome(line 19, col 22)
            mutation operator group:   AOR
            mutation operator:         *(int,int) |==> +(int,int)
            original:                  2 * i 
            mutant:                    2 + i
[04/24 17:40:31] [INFO   ] org.mutationtesting.major.mutation.Mutator.nextMutant:
    Creating mutant 15
[04/24 17:40:31] [INFO   ] org.mutationtesting.major.mutation.Mutator.logMutant:
    Logging mutant 15: Solution.longestPalindrome(line 19, col 22)
            mutation operator group:   AOR
            mutation operator:         *(int,int) |==> -(int,int)
            original:                  2 * i 
            mutant:                    2 - i
[04/24 17:40:31] [INFO   ] org.mutationtesting.major.mutation.Mutator.nextMutant:
    Creating mutant 16
[04/24 17:40:31] [INFO   ] org.mutationtesting.major.mutation.Mutator.logMutant:
    Logging mutant 16: Solution.longestPalindrome(line 19, col 22)
            mutation operator group:   AOR
            mutation operator:         *(int,int) |==> /(int,int)
            original:                  2 * i 
            mutant:                    2 / i
[04/24 17:40:31] [INFO   ] org.mutationtesting.major.mutation.Mutator.nextMutant:
    Creating mutant 17
[04/24 17:40:31] [INFO   ] org.mutationtesting.major.mutation.Mutator.logMutant:
    Logging mutant 17: Solution.longestPalindrome(line 19, col 26)
            mutation operator group:   AOR
            mutation operator:         +(int,int) |==> %(int,int)
            original:                  2 * i + 1 
            mutant:                    2 * i % 1
[04/24 17:40:31] [INFO   ] org.mutationtesting.major.mutation.Mutator.nextMutant:
    Creating mutant 18
[04/24 17:40:31] [INFO   ] org.mutationtesting.major.mutation.Mutator.logMutant:
    Logging mutant 18: Solution.longestPalindrome(line 19, col 26)
            mutation operator group:   AOR
            mutation operator:         +(int,int) |==> *(int,int)
            original:                  2 * i + 1 
            mutant:                    2 * i * 1
[04/24 17:40:31] [INFO   ] org.mutationtesting.major.mutation.Mutator.nextMutant:
    Creating mutant 19
[04/24 17:40:31] [INFO   ] org.mutationtesting.major.mutation.Mutator.logMutant:
    Logging mutant 19: Solution.longestPalindrome(line 19, col 26)
            mutation operator group:   AOR
            mutation operator:         +(int,int) |==> -(int,int)
            original:                  2 * i + 1 
            mutant:                    2 * i - 1
[04/24 17:40:31] [INFO   ] org.mutationtesting.major.mutation.Mutator.nextMutant:
    Creating mutant 20
[04/24 17:40:31] [INFO   ] org.mutationtesting.major.mutation.Mutator.logMutant:
    Logging mutant 20: Solution.longestPalindrome(line 19, col 26)
            mutation operator group:   AOR
            mutation operator:         +(int,int) |==> /(int,int)
            original:                  2 * i + 1 
            mutant:                    2 * i / 1
[04/24 17:40:31] [INFO   ] org.mutationtesting.major.mutation.Mutator.nextMutant:
    Creating mutant 21
[04/24 17:40:31] [INFO   ] org.mutationtesting.major.mutation.Mutator.logMutantSTD:
    Logging mutantSTD 21: (STD) newStr[2 * i + 1] = s.charAt(i); -> <NO-OP>
[04/24 17:40:31] [INFO   ] org.mutationtesting.major.mutation.Mutator.nextMutant:
    Creating mutant 22
[04/24 17:40:31] [INFO   ] org.mutationtesting.major.mutation.Mutator.logMutant:
    Logging mutant 22: Solution.longestPalindrome(line 20, col 22)
            mutation operator group:   AOR
            mutation operator:         *(int,int) |==> %(int,int)
            original:                  2 * i 
            mutant:                    2 % i
[04/24 17:40:31] [INFO   ] org.mutationtesting.major.mutation.Mutator.nextMutant:
    Creating mutant 23
[04/24 17:40:31] [INFO   ] org.mutationtesting.major.mutation.Mutator.logMutant:
    Logging mutant 23: Solution.longestPalindrome(line 20, col 22)
            mutation operator group:   AOR
            mutation operator:         *(int,int) |==> +(int,int)
            original:                  2 * i 
            mutant:                    2 + i
[04/24 17:40:31] [INFO   ] org.mutationtesting.major.mutation.Mutator.nextMutant:
    Creating mutant 24
[04/24 17:40:31] [INFO   ] org.mutationtesting.major.mutation.Mutator.logMutant:
    Logging mutant 24: Solution.longestPalindrome(line 20, col 22)
            mutation operator group:   AOR
            mutation operator:         *(int,int) |==> -(int,int)
            original:                  2 * i 
            mutant:                    2 - i
[04/24 17:40:31] [INFO   ] org.mutationtesting.major.mutation.Mutator.nextMutant:
    Creating mutant 25
[04/24 17:40:31] [INFO   ] org.mutationtesting.major.mutation.Mutator.logMutant:
    Logging mutant 25: Solution.longestPalindrome(line 20, col 22)
            mutation operator group:   AOR
            mutation operator:         *(int,int) |==> /(int,int)
            original:                  2 * i 
            mutant:                    2 / i
[04/24 17:40:31] [INFO   ] org.mutationtesting.major.mutation.Mutator.nextMutant:
    Creating mutant 26
[04/24 17:40:31] [INFO   ] org.mutationtesting.major.mutation.Mutator.logMutant:
    Logging mutant 26: Solution.longestPalindrome(line 20, col 26)
            mutation operator group:   AOR
            mutation operator:         +(int,int) |==> %(int,int)
            original:                  2 * i + 2 
            mutant:                    2 * i % 2
[04/24 17:40:31] [INFO   ] org.mutationtesting.major.mutation.Mutator.nextMutant:
    Creating mutant 27
[04/24 17:40:31] [INFO   ] org.mutationtesting.major.mutation.Mutator.logMutant:
    Logging mutant 27: Solution.longestPalindrome(line 20, col 26)
            mutation operator group:   AOR
            mutation operator:         +(int,int) |==> *(int,int)
            original:                  2 * i + 2 
            mutant:                    2 * i * 2
[04/24 17:40:31] [INFO   ] org.mutationtesting.major.mutation.Mutator.nextMutant:
    Creating mutant 28
[04/24 17:40:31] [INFO   ] org.mutationtesting.major.mutation.Mutator.logMutant:
    Logging mutant 28: Solution.longestPalindrome(line 20, col 26)
            mutation operator group:   AOR
            mutation operator:         +(int,int) |==> -(int,int)
            original:                  2 * i + 2 
            mutant:                    2 * i - 2
[04/24 17:40:31] [INFO   ] org.mutationtesting.major.mutation.Mutator.nextMutant:
    Creating mutant 29
[04/24 17:40:31] [INFO   ] org.mutationtesting.major.mutation.Mutator.logMutant:
    Logging mutant 29: Solution.longestPalindrome(line 20, col 26)
            mutation operator group:   AOR
            mutation operator:         +(int,int) |==> /(int,int)
            original:                  2 * i + 2 
            mutant:                    2 * i / 2
[04/24 17:40:31] [INFO   ] org.mutationtesting.major.mutation.Mutator.nextMutant:
    Creating mutant 30
[04/24 17:40:31] [INFO   ] org.mutationtesting.major.mutation.Mutator.logMutantSTD:
    Logging mutantSTD 30: (STD) newStr[2 * i + 2] = '#'; -> <NO-OP>
[04/24 17:40:31] [INFO   ] org.mutationtesting.major.mutation.Mutator.nextMutant:
    Creating mutant 31
[04/24 17:40:31] [INFO   ] org.mutationtesting.major.mutation.Mutator.logMutant:
    Logging mutant 31: Solution.longestPalindrome(line 27, col 27)
            mutation operator group:   ROR
            mutation operator:         <(int,int) |==> !=(int,int)
            original:                  i < newStr.length 
            mutant:                    i != newStr.length
[04/24 17:40:31] [INFO   ] org.mutationtesting.major.mutation.Mutator.nextMutant:
    Creating mutant 32
[04/24 17:40:31] [INFO   ] org.mutationtesting.major.mutation.Mutator.logMutant:
    Logging mutant 32: Solution.longestPalindrome(line 27, col 27)
            mutation operator group:   ROR
            mutation operator:         <(int,int) |==> <=(int,int)
            original:                  i < newStr.length 
            mutant:                    i <= newStr.length
[04/24 17:40:31] [INFO   ] org.mutationtesting.major.mutation.Mutator.nextMutant:
    Creating mutant 33
[04/24 17:40:31] [INFO   ] org.mutationtesting.major.mutation.Mutator.logMutant:
    Logging mutant 33: Solution.longestPalindrome(line 27, col 27)
            mutation operator group:   ROR
            mutation operator:         <(int,int) |==> FALSE(int,int)
            original:                  i < newStr.length 
            mutant:                    false
[04/24 17:40:31] [INFO   ] org.mutationtesting.major.mutation.Mutator.nextMutant:
    Creating mutant 34
[04/24 17:40:31] [INFO   ] org.mutationtesting.major.mutation.Mutator.logMutant:
    Logging mutant 34: Solution.longestPalindrome(line 29, col 34)
            mutation operator group:   AOR
            mutation operator:         +(int,int) |==> %(int,int)
            original:                  friendCenter + friendRadius 
            mutant:                    friendCenter % friendRadius
[04/24 17:40:31] [INFO   ] org.mutationtesting.major.mutation.Mutator.nextMutant:
    Creating mutant 35
[04/24 17:40:31] [INFO   ] org.mutationtesting.major.mutation.Mutator.logMutant:
    Logging mutant 35: Solution.longestPalindrome(line 29, col 34)
            mutation operator group:   AOR
            mutation operator:         +(int,int) |==> *(int,int)
            original:                  friendCenter + friendRadius 
            mutant:                    friendCenter * friendRadius
[04/24 17:40:31] [INFO   ] org.mutationtesting.major.mutation.Mutator.nextMutant:
    Creating mutant 36
[04/24 17:40:31] [INFO   ] org.mutationtesting.major.mutation.Mutator.logMutant:
    Logging mutant 36: Solution.longestPalindrome(line 29, col 34)
            mutation operator group:   AOR
            mutation operator:         +(int,int) |==> -(int,int)
            original:                  friendCenter + friendRadius 
            mutant:                    friendCenter - friendRadius
[04/24 17:40:31] [INFO   ] org.mutationtesting.major.mutation.Mutator.nextMutant:
    Creating mutant 37
[04/24 17:40:31] [INFO   ] org.mutationtesting.major.mutation.Mutator.logMutant:
    Logging mutant 37: Solution.longestPalindrome(line 29, col 34)
            mutation operator group:   AOR
            mutation operator:         +(int,int) |==> /(int,int)
            original:                  friendCenter + friendRadius 
            mutant:                    friendCenter / friendRadius
[04/24 17:40:31] [INFO   ] org.mutationtesting.major.mutation.Mutator.nextMutant:
    Creating mutant 38
[04/24 17:40:31] [INFO   ] org.mutationtesting.major.mutation.Mutator.logMutant:
    Logging mutant 38: Solution.longestPalindrome(line 29, col 49)
            mutation operator group:   ROR
            mutation operator:         >(int,int) |==> !=(int,int)
            original:                  friendCenter + friendRadius > i 
            mutant:                    friendCenter + friendRadius != i
[04/24 17:40:31] [INFO   ] org.mutationtesting.major.mutation.Mutator.nextMutant:
    Creating mutant 39
[04/24 17:40:31] [INFO   ] org.mutationtesting.major.mutation.Mutator.logMutant:
    Logging mutant 39: Solution.longestPalindrome(line 29, col 49)
            mutation operator group:   ROR
            mutation operator:         >(int,int) |==> >=(int,int)
            original:                  friendCenter + friendRadius > i 
            mutant:                    friendCenter + friendRadius >= i
[04/24 17:40:31] [INFO   ] org.mutationtesting.major.mutation.Mutator.nextMutant:
    Creating mutant 40
[04/24 17:40:31] [INFO   ] org.mutationtesting.major.mutation.Mutator.logMutant:
    Logging mutant 40: Solution.longestPalindrome(line 29, col 49)
            mutation operator group:   ROR
            mutation operator:         >(int,int) |==> FALSE(int,int)
            original:                  friendCenter + friendRadius > i 
            mutant:                    false
[04/24 17:40:31] [INFO   ] org.mutationtesting.major.mutation.Mutator.nextMutant:
    Creating mutant 41
[04/24 17:40:31] [INFO   ] org.mutationtesting.major.mutation.Mutator.logMutant:
    Logging mutant 41: Solution.longestPalindrome(line 30, col 56)
            mutation operator group:   AOR
            mutation operator:         *(int,int) |==> %(int,int)
            original:                  friendCenter * 2 
            mutant:                    friendCenter % 2
[04/24 17:40:31] [INFO   ] org.mutationtesting.major.mutation.Mutator.nextMutant:
    Creating mutant 42
[04/24 17:40:31] [INFO   ] org.mutationtesting.major.mutation.Mutator.logMutant:
    Logging mutant 42: Solution.longestPalindrome(line 30, col 56)
            mutation operator group:   AOR
            mutation operator:         *(int,int) |==> +(int,int)
            original:                  friendCenter * 2 
            mutant:                    friendCenter + 2
[04/24 17:40:31] [INFO   ] org.mutationtesting.major.mutation.Mutator.nextMutant:
    Creating mutant 43
[04/24 17:40:31] [INFO   ] org.mutationtesting.major.mutation.Mutator.logMutant:
    Logging mutant 43: Solution.longestPalindrome(line 30, col 56)
            mutation operator group:   AOR
            mutation operator:         *(int,int) |==> -(int,int)
            original:                  friendCenter * 2 
            mutant:                    friendCenter - 2
[04/24 17:40:31] [INFO   ] org.mutationtesting.major.mutation.Mutator.nextMutant:
    Creating mutant 44
[04/24 17:40:31] [INFO   ] org.mutationtesting.major.mutation.Mutator.logMutant:
    Logging mutant 44: Solution.longestPalindrome(line 30, col 56)
            mutation operator group:   AOR
            mutation operator:         *(int,int) |==> /(int,int)
            original:                  friendCenter * 2 
            mutant:                    friendCenter / 2
[04/24 17:40:31] [INFO   ] org.mutationtesting.major.mutation.Mutator.nextMutant:
    Creating mutant 45
[04/24 17:40:31] [INFO   ] org.mutationtesting.major.mutation.Mutator.logMutant:
    Logging mutant 45: Solution.longestPalindrome(line 30, col 60)
            mutation operator group:   AOR
            mutation operator:         -(int,int) |==> %(int,int)
            original:                  friendCenter * 2 - i 
            mutant:                    friendCenter * 2 % i
[04/24 17:40:31] [INFO   ] org.mutationtesting.major.mutation.Mutator.nextMutant:
    Creating mutant 46
[04/24 17:40:31] [INFO   ] org.mutationtesting.major.mutation.Mutator.logMutant:
    Logging mutant 46: Solution.longestPalindrome(line 30, col 60)
            mutation operator group:   AOR
            mutation operator:         -(int,int) |==> *(int,int)
            original:                  friendCenter * 2 - i 
            mutant:                    friendCenter * 2 * i
[04/24 17:40:31] [INFO   ] org.mutationtesting.major.mutation.Mutator.nextMutant:
    Creating mutant 47
[04/24 17:40:31] [INFO   ] org.mutationtesting.major.mutation.Mutator.logMutant:
    Logging mutant 47: Solution.longestPalindrome(line 30, col 60)
            mutation operator group:   AOR
            mutation operator:         -(int,int) |==> +(int,int)
            original:                  friendCenter * 2 - i 
            mutant:                    friendCenter * 2 + i
[04/24 17:40:31] [INFO   ] org.mutationtesting.major.mutation.Mutator.nextMutant:
    Creating mutant 48
[04/24 17:40:31] [INFO   ] org.mutationtesting.major.mutation.Mutator.logMutant:
    Logging mutant 48: Solution.longestPalindrome(line 30, col 60)
            mutation operator group:   AOR
            mutation operator:         -(int,int) |==> /(int,int)
            original:                  friendCenter * 2 - i 
            mutant:                    friendCenter * 2 / i
[04/24 17:40:31] [INFO   ] org.mutationtesting.major.mutation.Mutator.nextMutant:
    Creating mutant 49
[04/24 17:40:31] [INFO   ] org.mutationtesting.major.mutation.Mutator.logMutant:
    Logging mutant 49: Solution.longestPalindrome(line 30, col 80)
            mutation operator group:   AOR
            mutation operator:         +(int,int) |==> %(int,int)
            original:                  friendCenter + friendRadius 
            mutant:                    friendCenter % friendRadius
[04/24 17:40:31] [INFO   ] org.mutationtesting.major.mutation.Mutator.nextMutant:
    Creating mutant 50
[04/24 17:40:31] [INFO   ] org.mutationtesting.major.mutation.Mutator.logMutant:
    Logging mutant 50: Solution.longestPalindrome(line 30, col 80)
            mutation operator group:   AOR
            mutation operator:         +(int,int) |==> *(int,int)
            original:                  friendCenter + friendRadius 
            mutant:                    friendCenter * friendRadius
[04/24 17:40:31] [INFO   ] org.mutationtesting.major.mutation.Mutator.nextMutant:
    Creating mutant 51
[04/24 17:40:31] [INFO   ] org.mutationtesting.major.mutation.Mutator.logMutant:
    Logging mutant 51: Solution.longestPalindrome(line 30, col 80)
            mutation operator group:   AOR
            mutation operator:         +(int,int) |==> -(int,int)
            original:                  friendCenter + friendRadius 
            mutant:                    friendCenter - friendRadius
[04/24 17:40:31] [INFO   ] org.mutationtesting.major.mutation.Mutator.nextMutant:
    Creating mutant 52
[04/24 17:40:31] [INFO   ] org.mutationtesting.major.mutation.Mutator.logMutant:
    Logging mutant 52: Solution.longestPalindrome(line 30, col 80)
            mutation operator group:   AOR
            mutation operator:         +(int,int) |==> /(int,int)
            original:                  friendCenter + friendRadius 
            mutant:                    friendCenter / friendRadius
[04/24 17:40:31] [INFO   ] org.mutationtesting.major.mutation.Mutator.nextMutant:
    Creating mutant 53
[04/24 17:40:31] [INFO   ] org.mutationtesting.major.mutation.Mutator.logMutant:
    Logging mutant 53: Solution.longestPalindrome(line 30, col 96)
            mutation operator group:   AOR
            mutation operator:         -(int,int) |==> %(int,int)
            original:                  (friendCenter + friendRadius) - i 
            mutant:                    (friendCenter + friendRadius) % i
[04/24 17:40:31] [INFO   ] org.mutationtesting.major.mutation.Mutator.nextMutant:
    Creating mutant 54
[04/24 17:40:31] [INFO   ] org.mutationtesting.major.mutation.Mutator.logMutant:
    Logging mutant 54: Solution.longestPalindrome(line 30, col 96)
            mutation operator group:   AOR
            mutation operator:         -(int,int) |==> *(int,int)
            original:                  (friendCenter + friendRadius) - i 
            mutant:                    (friendCenter + friendRadius) * i
[04/24 17:40:31] [INFO   ] org.mutationtesting.major.mutation.Mutator.nextMutant:
    Creating mutant 55
[04/24 17:40:31] [INFO   ] org.mutationtesting.major.mutation.Mutator.logMutant:
    Logging mutant 55: Solution.longestPalindrome(line 30, col 96)
            mutation operator group:   AOR
            mutation operator:         -(int,int) |==> +(int,int)
            original:                  (friendCenter + friendRadius) - i 
            mutant:                    (friendCenter + friendRadius) + i
[04/24 17:40:31] [INFO   ] org.mutationtesting.major.mutation.Mutator.nextMutant:
    Creating mutant 56
[04/24 17:40:31] [INFO   ] org.mutationtesting.major.mutation.Mutator.logMutant:
    Logging mutant 56: Solution.longestPalindrome(line 30, col 96)
            mutation operator group:   AOR
            mutation operator:         -(int,int) |==> /(int,int)
            original:                  (friendCenter + friendRadius) - i 
            mutant:                    (friendCenter + friendRadius) / i
[04/24 17:40:31] [INFO   ] org.mutationtesting.major.mutation.Mutator.nextMutant:
    Creating mutant 57
[04/24 17:40:31] [INFO   ] org.mutationtesting.major.mutation.Mutator.logMutantSTD:
    Logging mutantSTD 57: (STD) dp[i] = friendCenter + friendRadius > i ? Math.min(dp[friendCenter * 2 - i], (friendCenter + friendRadius) - i) : 1; -> <NO-OP>
[04/24 17:40:31] [INFO   ] org.mutationtesting.major.mutation.Mutator.nextMutant:
    Creating mutant 58
[04/24 17:40:31] [INFO   ] org.mutationtesting.major.mutation.Mutator.logMutant:
    Logging mutant 58: Solution.longestPalindrome(line 32, col 22)
            mutation operator group:   AOR
            mutation operator:         +(int,int) |==> %(int,int)
            original:                  i + dp[i] 
            mutant:                    i % dp[i]
[04/24 17:40:31] [INFO   ] org.mutationtesting.major.mutation.Mutator.nextMutant:
    Creating mutant 59
[04/24 17:40:31] [INFO   ] org.mutationtesting.major.mutation.Mutator.logMutant:
    Logging mutant 59: Solution.longestPalindrome(line 32, col 22)
            mutation operator group:   AOR
            mutation operator:         +(int,int) |==> *(int,int)
            original:                  i + dp[i] 
            mutant:                    i * dp[i]
[04/24 17:40:31] [INFO   ] org.mutationtesting.major.mutation.Mutator.nextMutant:
    Creating mutant 60
[04/24 17:40:31] [INFO   ] org.mutationtesting.major.mutation.Mutator.logMutant:
    Logging mutant 60: Solution.longestPalindrome(line 32, col 22)
            mutation operator group:   AOR
            mutation operator:         +(int,int) |==> -(int,int)
            original:                  i + dp[i] 
            mutant:                    i - dp[i]
[04/24 17:40:31] [INFO   ] org.mutationtesting.major.mutation.Mutator.nextMutant:
    Creating mutant 61
[04/24 17:40:31] [INFO   ] org.mutationtesting.major.mutation.Mutator.logMutant:
    Logging mutant 61: Solution.longestPalindrome(line 32, col 22)
            mutation operator group:   AOR
            mutation operator:         +(int,int) |==> /(int,int)
            original:                  i + dp[i] 
            mutant:                    i / dp[i]
[04/24 17:40:31] [INFO   ] org.mutationtesting.major.mutation.Mutator.nextMutant:
    Creating mutant 62
[04/24 17:40:31] [INFO   ] org.mutationtesting.major.mutation.Mutator.logMutant:
    Logging mutant 62: Solution.longestPalindrome(line 32, col 30)
            mutation operator group:   ROR
            mutation operator:         <(int,int) |==> !=(int,int)
            original:                  i + dp[i] < newStr.length 
            mutant:                    i + dp[i] != newStr.length
[04/24 17:40:31] [INFO   ] org.mutationtesting.major.mutation.Mutator.nextMutant:
    Creating mutant 63
[04/24 17:40:31] [INFO   ] org.mutationtesting.major.mutation.Mutator.logMutant:
    Logging mutant 63: Solution.longestPalindrome(line 32, col 30)
            mutation operator group:   ROR
            mutation operator:         <(int,int) |==> <=(int,int)
            original:                  i + dp[i] < newStr.length 
            mutant:                    i + dp[i] <= newStr.length
[04/24 17:40:31] [INFO   ] org.mutationtesting.major.mutation.Mutator.nextMutant:
    Creating mutant 64
[04/24 17:40:31] [INFO   ] org.mutationtesting.major.mutation.Mutator.logMutant:
    Logging mutant 64: Solution.longestPalindrome(line 32, col 30)
            mutation operator group:   ROR
            mutation operator:         <(int,int) |==> FALSE(int,int)
            original:                  i + dp[i] < newStr.length 
            mutant:                    false
[04/24 17:40:31] [INFO   ] org.mutationtesting.major.mutation.Mutator.nextMutant:
    Creating mutant 65
[04/24 17:40:31] [INFO   ] org.mutationtesting.major.mutation.Mutator.logMutant:
    Logging mutant 65: Solution.longestPalindrome(line 33, col 26)
            mutation operator group:   AOR
            mutation operator:         -(int,int) |==> %(int,int)
            original:                  i - dp[i] 
            mutant:                    i % dp[i]
[04/24 17:40:31] [INFO   ] org.mutationtesting.major.mutation.Mutator.nextMutant:
    Creating mutant 66
[04/24 17:40:31] [INFO   ] org.mutationtesting.major.mutation.Mutator.logMutant:
    Logging mutant 66: Solution.longestPalindrome(line 33, col 26)
            mutation operator group:   AOR
            mutation operator:         -(int,int) |==> *(int,int)
            original:                  i - dp[i] 
            mutant:                    i * dp[i]
[04/24 17:40:31] [INFO   ] org.mutationtesting.major.mutation.Mutator.nextMutant:
    Creating mutant 67
[04/24 17:40:31] [INFO   ] org.mutationtesting.major.mutation.Mutator.logMutant:
    Logging mutant 67: Solution.longestPalindrome(line 33, col 26)
            mutation operator group:   AOR
            mutation operator:         -(int,int) |==> +(int,int)
            original:                  i - dp[i] 
            mutant:                    i + dp[i]
[04/24 17:40:31] [INFO   ] org.mutationtesting.major.mutation.Mutator.nextMutant:
    Creating mutant 68
[04/24 17:40:31] [INFO   ] org.mutationtesting.major.mutation.Mutator.logMutant:
    Logging mutant 68: Solution.longestPalindrome(line 33, col 26)
            mutation operator group:   AOR
            mutation operator:         -(int,int) |==> /(int,int)
            original:                  i - dp[i] 
            mutant:                    i / dp[i]
[04/24 17:40:31] [INFO   ] org.mutationtesting.major.mutation.Mutator.nextMutant:
    Creating mutant 69
[04/24 17:40:31] [INFO   ] org.mutationtesting.major.mutation.Mutator.logMutant:
    Logging mutant 69: Solution.longestPalindrome(line 33, col 34)
            mutation operator group:   ROR
            mutation operator:         >=(int,int) |==> ==(int,int)
            original:                  i - dp[i] >= 0 
            mutant:                    i - dp[i] == 0
[04/24 17:40:31] [INFO   ] org.mutationtesting.major.mutation.Mutator.nextMutant:
    Creating mutant 70
[04/24 17:40:31] [INFO   ] org.mutationtesting.major.mutation.Mutator.logMutant:
    Logging mutant 70: Solution.longestPalindrome(line 33, col 34)
            mutation operator group:   ROR
            mutation operator:         >=(int,int) |==> >(int,int)
            original:                  i - dp[i] >= 0 
            mutant:                    i - dp[i] > 0
[04/24 17:40:31] [INFO   ] org.mutationtesting.major.mutation.Mutator.nextMutant:
    Creating mutant 71
[04/24 17:40:31] [INFO   ] org.mutationtesting.major.mutation.Mutator.logMutant:
    Logging mutant 71: Solution.longestPalindrome(line 33, col 34)
            mutation operator group:   ROR
            mutation operator:         >=(int,int) |==> TRUE(int,int)
            original:                  i - dp[i] >= 0 
            mutant:                    true
[04/24 17:40:31] [INFO   ] org.mutationtesting.major.mutation.Mutator.nextMutant:
    Creating mutant 72
[04/24 17:40:31] [INFO   ] org.mutationtesting.major.mutation.Mutator.logMutant:
    Logging mutant 72: Solution.longestPalindrome(line 33, col 21)
            mutation operator group:   COR
            mutation operator:         &&(boolean,boolean) |==> ==(boolean,boolean)
            original:                  i + dp[i] < newStr.length && i - dp[i] >= 0 
            mutant:                    i + dp[i] < newStr.length == i - dp[i] >= 0
[04/24 17:40:31] [INFO   ] org.mutationtesting.major.mutation.Mutator.nextMutant:
    Creating mutant 73
[04/24 17:40:31] [INFO   ] org.mutationtesting.major.mutation.Mutator.logMutant:
    Logging mutant 73: Solution.longestPalindrome(line 33, col 21)
            mutation operator group:   COR
            mutation operator:         &&(boolean,boolean) |==> FALSE(boolean,boolean)
            original:                  i + dp[i] < newStr.length && i - dp[i] >= 0 
            mutant:                    false
[04/24 17:40:31] [INFO   ] org.mutationtesting.major.mutation.Mutator.nextMutant:
    Creating mutant 74
[04/24 17:40:31] [INFO   ] org.mutationtesting.major.mutation.Mutator.logMutant:
    Logging mutant 74: Solution.longestPalindrome(line 32, col 30)
            mutation operator group:   COR
            mutation operator:         &&(boolean,boolean) |==> LHS(boolean,boolean)
            original:                  i + dp[i] < newStr.length && i - dp[i] >= 0 
            mutant:                    i + dp[i] < newStr.length
[04/24 17:40:31] [INFO   ] org.mutationtesting.major.mutation.Mutator.nextMutant:
    Creating mutant 75
[04/24 17:40:31] [INFO   ] org.mutationtesting.major.mutation.Mutator.logMutant:
    Logging mutant 75: Solution.longestPalindrome(line 33, col 34)
            mutation operator group:   COR
            mutation operator:         &&(boolean,boolean) |==> RHS(boolean,boolean)
            original:                  i + dp[i] < newStr.length && i - dp[i] >= 0 
            mutant:                    i - dp[i] >= 0
[04/24 17:40:31] [INFO   ] org.mutationtesting.major.mutation.Mutator.nextMutant:
    Creating mutant 76
[04/24 17:40:31] [INFO   ] org.mutationtesting.major.mutation.Mutator.logMutant:
    Logging mutant 76: Solution.longestPalindrome(line 34, col 33)
            mutation operator group:   AOR
            mutation operator:         +(int,int) |==> %(int,int)
            original:                  i + dp[i] 
            mutant:                    i % dp[i]
[04/24 17:40:31] [INFO   ] org.mutationtesting.major.mutation.Mutator.nextMutant:
    Creating mutant 77
[04/24 17:40:31] [INFO   ] org.mutationtesting.major.mutation.Mutator.logMutant:
    Logging mutant 77: Solution.longestPalindrome(line 34, col 33)
            mutation operator group:   AOR
            mutation operator:         +(int,int) |==> *(int,int)
            original:                  i + dp[i] 
            mutant:                    i * dp[i]
[04/24 17:40:31] [INFO   ] org.mutationtesting.major.mutation.Mutator.nextMutant:
    Creating mutant 78
[04/24 17:40:31] [INFO   ] org.mutationtesting.major.mutation.Mutator.logMutant:
    Logging mutant 78: Solution.longestPalindrome(line 34, col 33)
            mutation operator group:   AOR
            mutation operator:         +(int,int) |==> -(int,int)
            original:                  i + dp[i] 
            mutant:                    i - dp[i]
[04/24 17:40:31] [INFO   ] org.mutationtesting.major.mutation.Mutator.nextMutant:
    Creating mutant 79
[04/24 17:40:31] [INFO   ] org.mutationtesting.major.mutation.Mutator.logMutant:
    Logging mutant 79: Solution.longestPalindrome(line 34, col 33)
            mutation operator group:   AOR
            mutation operator:         +(int,int) |==> /(int,int)
            original:                  i + dp[i] 
            mutant:                    i / dp[i]
[04/24 17:40:31] [INFO   ] org.mutationtesting.major.mutation.Mutator.nextMutant:
    Creating mutant 80
[04/24 17:40:31] [INFO   ] org.mutationtesting.major.mutation.Mutator.logMutant:
    Logging mutant 80: Solution.longestPalindrome(line 34, col 54)
            mutation operator group:   AOR
            mutation operator:         -(int,int) |==> %(int,int)
            original:                  i - dp[i] 
            mutant:                    i % dp[i]
[04/24 17:40:31] [INFO   ] org.mutationtesting.major.mutation.Mutator.nextMutant:
    Creating mutant 81
[04/24 17:40:31] [INFO   ] org.mutationtesting.major.mutation.Mutator.logMutant:
    Logging mutant 81: Solution.longestPalindrome(line 34, col 54)
            mutation operator group:   AOR
            mutation operator:         -(int,int) |==> *(int,int)
            original:                  i - dp[i] 
            mutant:                    i * dp[i]
[04/24 17:40:31] [INFO   ] org.mutationtesting.major.mutation.Mutator.nextMutant:
    Creating mutant 82
[04/24 17:40:31] [INFO   ] org.mutationtesting.major.mutation.Mutator.logMutant:
    Logging mutant 82: Solution.longestPalindrome(line 34, col 54)
            mutation operator group:   AOR
            mutation operator:         -(int,int) |==> +(int,int)
            original:                  i - dp[i] 
            mutant:                    i + dp[i]
[04/24 17:40:31] [INFO   ] org.mutationtesting.major.mutation.Mutator.nextMutant:
    Creating mutant 83
[04/24 17:40:31] [INFO   ] org.mutationtesting.major.mutation.Mutator.logMutant:
    Logging mutant 83: Solution.longestPalindrome(line 34, col 54)
            mutation operator group:   AOR
            mutation operator:         -(int,int) |==> /(int,int)
            original:                  i - dp[i] 
            mutant:                    i / dp[i]
[04/24 17:40:31] [INFO   ] org.mutationtesting.major.mutation.Mutator.nextMutant:
    Creating mutant 84
[04/24 17:40:31] [INFO   ] org.mutationtesting.major.mutation.Mutator.logMutant:
    Logging mutant 84: Solution.longestPalindrome(line 34, col 42)
            mutation operator group:   ROR
            mutation operator:         ==(int,int) |==> <=(int,int)
            original:                  newStr[i + dp[i]] == newStr[i - dp[i]] 
            mutant:                    newStr[i + dp[i]] <= newStr[i - dp[i]]
[04/24 17:40:31] [INFO   ] org.mutationtesting.major.mutation.Mutator.nextMutant:
    Creating mutant 85
[04/24 17:40:31] [INFO   ] org.mutationtesting.major.mutation.Mutator.logMutant:
    Logging mutant 85: Solution.longestPalindrome(line 34, col 42)
            mutation operator group:   ROR
            mutation operator:         ==(int,int) |==> >=(int,int)
            original:                  newStr[i + dp[i]] == newStr[i - dp[i]] 
            mutant:                    newStr[i + dp[i]] >= newStr[i - dp[i]]
[04/24 17:40:31] [INFO   ] org.mutationtesting.major.mutation.Mutator.nextMutant:
    Creating mutant 86
[04/24 17:40:31] [INFO   ] org.mutationtesting.major.mutation.Mutator.logMutant:
    Logging mutant 86: Solution.longestPalindrome(line 34, col 42)
            mutation operator group:   ROR
            mutation operator:         ==(int,int) |==> FALSE(int,int)
            original:                  newStr[i + dp[i]] == newStr[i - dp[i]] 
            mutant:                    false
[04/24 17:40:31] [INFO   ] org.mutationtesting.major.mutation.Mutator.nextMutant:
    Creating mutant 87
[04/24 17:40:31] [INFO   ] org.mutationtesting.major.mutation.Mutator.logMutant:
    Logging mutant 87: Solution.longestPalindrome(line 34, col 21)
            mutation operator group:   COR
            mutation operator:         &&(boolean,boolean) |==> ==(boolean,boolean)
            original:                  i + dp[i] < newStr.length && i - dp[i] >= 0 && newStr[i + dp[i]] == newStr[i - dp[i]] 
            mutant:                    (i + dp[i] < newStr.length && i - dp[i] >= 0) == (newStr[i + dp[i]] == newStr[i - dp[i]])
[04/24 17:40:31] [INFO   ] org.mutationtesting.major.mutation.Mutator.nextMutant:
    Creating mutant 88
[04/24 17:40:31] [INFO   ] org.mutationtesting.major.mutation.Mutator.logMutant:
    Logging mutant 88: Solution.longestPalindrome(line 34, col 21)
            mutation operator group:   COR
            mutation operator:         &&(boolean,boolean) |==> FALSE(boolean,boolean)
            original:                  i + dp[i] < newStr.length && i - dp[i] >= 0 && newStr[i + dp[i]] == newStr[i - dp[i]] 
            mutant:                    false
[04/24 17:40:31] [INFO   ] org.mutationtesting.major.mutation.Mutator.nextMutant:
    Creating mutant 89
[04/24 17:40:31] [INFO   ] org.mutationtesting.major.mutation.Mutator.logMutant:
    Logging mutant 89: Solution.longestPalindrome(line 33, col 21)
            mutation operator group:   COR
            mutation operator:         &&(boolean,boolean) |==> LHS(boolean,boolean)
            original:                  i + dp[i] < newStr.length && i - dp[i] >= 0 && newStr[i + dp[i]] == newStr[i - dp[i]] 
            mutant:                    i + dp[i] < newStr.length && i - dp[i] >= 0
[04/24 17:40:31] [INFO   ] org.mutationtesting.major.mutation.Mutator.nextMutant:
    Creating mutant 90
[04/24 17:40:31] [INFO   ] org.mutationtesting.major.mutation.Mutator.logMutant:
    Logging mutant 90: Solution.longestPalindrome(line 34, col 42)
            mutation operator group:   COR
            mutation operator:         &&(boolean,boolean) |==> RHS(boolean,boolean)
            original:                  i + dp[i] < newStr.length && i - dp[i] >= 0 && newStr[i + dp[i]] == newStr[i - dp[i]] 
            mutant:                    newStr[i + dp[i]] == newStr[i - dp[i]]
[04/24 17:40:31] [INFO   ] org.mutationtesting.major.mutation.Mutator.nextMutant:
    Creating mutant 91
[04/24 17:40:31] [INFO   ] org.mutationtesting.major.mutation.Mutator.logMutantSTD:
    Logging mutantSTD 91: (STD) dp[i]++; -> <NO-OP>
[04/24 17:40:31] [INFO   ] org.mutationtesting.major.mutation.Mutator.nextMutant:
    Creating mutant 92
[04/24 17:40:31] [INFO   ] org.mutationtesting.major.mutation.Mutator.logMutant:
    Logging mutant 92: Solution.longestPalindrome(line 37, col 30)
            mutation operator group:   AOR
            mutation operator:         +(int,int) |==> %(int,int)
            original:                  friendCenter + friendRadius 
            mutant:                    friendCenter % friendRadius
[04/24 17:40:31] [INFO   ] org.mutationtesting.major.mutation.Mutator.nextMutant:
    Creating mutant 93
[04/24 17:40:31] [INFO   ] org.mutationtesting.major.mutation.Mutator.logMutant:
    Logging mutant 93: Solution.longestPalindrome(line 37, col 30)
            mutation operator group:   AOR
            mutation operator:         +(int,int) |==> *(int,int)
            original:                  friendCenter + friendRadius 
            mutant:                    friendCenter * friendRadius
[04/24 17:40:31] [INFO   ] org.mutationtesting.major.mutation.Mutator.nextMutant:
    Creating mutant 94
[04/24 17:40:31] [INFO   ] org.mutationtesting.major.mutation.Mutator.logMutant:
    Logging mutant 94: Solution.longestPalindrome(line 37, col 30)
            mutation operator group:   AOR
            mutation operator:         +(int,int) |==> -(int,int)
            original:                  friendCenter + friendRadius 
            mutant:                    friendCenter - friendRadius
[04/24 17:40:31] [INFO   ] org.mutationtesting.major.mutation.Mutator.nextMutant:
    Creating mutant 95
[04/24 17:40:31] [INFO   ] org.mutationtesting.major.mutation.Mutator.logMutant:
    Logging mutant 95: Solution.longestPalindrome(line 37, col 30)
            mutation operator group:   AOR
            mutation operator:         +(int,int) |==> /(int,int)
            original:                  friendCenter + friendRadius 
            mutant:                    friendCenter / friendRadius
[04/24 17:40:31] [INFO   ] org.mutationtesting.major.mutation.Mutator.nextMutant:
    Creating mutant 96
[04/24 17:40:31] [INFO   ] org.mutationtesting.major.mutation.Mutator.logMutant:
    Logging mutant 96: Solution.longestPalindrome(line 37, col 49)
            mutation operator group:   AOR
            mutation operator:         +(int,int) |==> %(int,int)
            original:                  i + dp[i] 
            mutant:                    i % dp[i]
[04/24 17:40:31] [INFO   ] org.mutationtesting.major.mutation.Mutator.nextMutant:
    Creating mutant 97
[04/24 17:40:31] [INFO   ] org.mutationtesting.major.mutation.Mutator.logMutant:
    Logging mutant 97: Solution.longestPalindrome(line 37, col 49)
            mutation operator group:   AOR
            mutation operator:         +(int,int) |==> *(int,int)
            original:                  i + dp[i] 
            mutant:                    i * dp[i]
[04/24 17:40:31] [INFO   ] org.mutationtesting.major.mutation.Mutator.nextMutant:
    Creating mutant 98
[04/24 17:40:31] [INFO   ] org.mutationtesting.major.mutation.Mutator.logMutant:
    Logging mutant 98: Solution.longestPalindrome(line 37, col 49)
            mutation operator group:   AOR
            mutation operator:         +(int,int) |==> -(int,int)
            original:                  i + dp[i] 
            mutant:                    i - dp[i]
[04/24 17:40:31] [INFO   ] org.mutationtesting.major.mutation.Mutator.nextMutant:
    Creating mutant 99
[04/24 17:40:31] [INFO   ] org.mutationtesting.major.mutation.Mutator.logMutant:
    Logging mutant 99: Solution.longestPalindrome(line 37, col 49)
            mutation operator group:   AOR
            mutation operator:         +(int,int) |==> /(int,int)
            original:                  i + dp[i] 
            mutant:                    i / dp[i]
[04/24 17:40:31] [INFO   ] org.mutationtesting.major.mutation.Mutator.nextMutant:
    Creating mutant 100
[04/24 17:40:31] [INFO   ] org.mutationtesting.major.mutation.Mutator.logMutant:
    Logging mutant 100: Solution.longestPalindrome(line 37, col 45)
            mutation operator group:   ROR
            mutation operator:         <(int,int) |==> !=(int,int)
            original:                  friendCenter + friendRadius < i + dp[i] 
            mutant:                    friendCenter + friendRadius != i + dp[i]
[04/24 17:40:31] [INFO   ] org.mutationtesting.major.mutation.Mutator.nextMutant:
    Creating mutant 101
[04/24 17:40:31] [INFO   ] org.mutationtesting.major.mutation.Mutator.logMutant:
    Logging mutant 101: Solution.longestPalindrome(line 37, col 45)
            mutation operator group:   ROR
            mutation operator:         <(int,int) |==> <=(int,int)
            original:                  friendCenter + friendRadius < i + dp[i] 
            mutant:                    friendCenter + friendRadius <= i + dp[i]
[04/24 17:40:31] [INFO   ] org.mutationtesting.major.mutation.Mutator.nextMutant:
    Creating mutant 102
[04/24 17:40:31] [INFO   ] org.mutationtesting.major.mutation.Mutator.logMutant:
    Logging mutant 102: Solution.longestPalindrome(line 37, col 45)
            mutation operator group:   ROR
            mutation operator:         <(int,int) |==> FALSE(int,int)
            original:                  friendCenter + friendRadius < i + dp[i] 
            mutant:                    false
[04/24 17:40:31] [INFO   ] org.mutationtesting.major.mutation.Mutator.nextMutant:
    Creating mutant 103
[04/24 17:40:31] [INFO   ] org.mutationtesting.major.mutation.Mutator.logMutantSTD:
    Logging mutantSTD 103: (STD) friendCenter = i; -> <NO-OP>
[04/24 17:40:31] [INFO   ] org.mutationtesting.major.mutation.Mutator.nextMutant:
    Creating mutant 104
[04/24 17:40:31] [INFO   ] org.mutationtesting.major.mutation.Mutator.logMutantSTD:
    Logging mutantSTD 104: (STD) friendRadius = dp[i]; -> <NO-OP>
[04/24 17:40:31] [INFO   ] org.mutationtesting.major.mutation.Mutator.nextMutant:
    Creating mutant 105
[04/24 17:40:31] [INFO   ] org.mutationtesting.major.mutation.Mutator.logMutant:
    Logging mutant 105: Solution.longestPalindrome(line 41, col 27)
            mutation operator group:   ROR
            mutation operator:         <(int,int) |==> !=(int,int)
            original:                  lpsRadius < dp[i] 
            mutant:                    lpsRadius != dp[i]
[04/24 17:40:31] [INFO   ] org.mutationtesting.major.mutation.Mutator.nextMutant:
    Creating mutant 106
[04/24 17:40:31] [INFO   ] org.mutationtesting.major.mutation.Mutator.logMutant:
    Logging mutant 106: Solution.longestPalindrome(line 41, col 27)
            mutation operator group:   ROR
            mutation operator:         <(int,int) |==> <=(int,int)
            original:                  lpsRadius < dp[i] 
            mutant:                    lpsRadius <= dp[i]
[04/24 17:40:31] [INFO   ] org.mutationtesting.major.mutation.Mutator.nextMutant:
    Creating mutant 107
[04/24 17:40:31] [INFO   ] org.mutationtesting.major.mutation.Mutator.logMutant:
    Logging mutant 107: Solution.longestPalindrome(line 41, col 27)
            mutation operator group:   ROR
            mutation operator:         <(int,int) |==> FALSE(int,int)
            original:                  lpsRadius < dp[i] 
            mutant:                    false
[04/24 17:40:31] [INFO   ] org.mutationtesting.major.mutation.Mutator.nextMutant:
    Creating mutant 108
[04/24 17:40:31] [INFO   ] org.mutationtesting.major.mutation.Mutator.logMutantSTD:
    Logging mutantSTD 108: (STD) lpsCenter = i; -> <NO-OP>
[04/24 17:40:31] [INFO   ] org.mutationtesting.major.mutation.Mutator.nextMutant:
    Creating mutant 109
[04/24 17:40:31] [INFO   ] org.mutationtesting.major.mutation.Mutator.logMutantSTD:
    Logging mutantSTD 109: (STD) lpsRadius = dp[i]; -> <NO-OP>
[04/24 17:40:31] [INFO   ] org.mutationtesting.major.mutation.Mutator.nextMutant:
    Creating mutant 110
[04/24 17:40:31] [INFO   ] org.mutationtesting.major.mutation.Mutator.logMutant:
    Logging mutant 110: Solution.longestPalindrome(line 46, col 39)
            mutation operator group:   AOR
            mutation operator:         -(int,int) |==> %(int,int)
            original:                  lpsCenter - lpsRadius 
            mutant:                    lpsCenter % lpsRadius
[04/24 17:40:31] [INFO   ] org.mutationtesting.major.mutation.Mutator.nextMutant:
    Creating mutant 111
[04/24 17:40:31] [INFO   ] org.mutationtesting.major.mutation.Mutator.logMutant:
    Logging mutant 111: Solution.longestPalindrome(line 46, col 39)
            mutation operator group:   AOR
            mutation operator:         -(int,int) |==> *(int,int)
            original:                  lpsCenter - lpsRadius 
            mutant:                    lpsCenter * lpsRadius
[04/24 17:40:31] [INFO   ] org.mutationtesting.major.mutation.Mutator.nextMutant:
    Creating mutant 112
[04/24 17:40:31] [INFO   ] org.mutationtesting.major.mutation.Mutator.logMutant:
    Logging mutant 112: Solution.longestPalindrome(line 46, col 39)
            mutation operator group:   AOR
            mutation operator:         -(int,int) |==> +(int,int)
            original:                  lpsCenter - lpsRadius 
            mutant:                    lpsCenter + lpsRadius
[04/24 17:40:31] [INFO   ] org.mutationtesting.major.mutation.Mutator.nextMutant:
    Creating mutant 113
[04/24 17:40:31] [INFO   ] org.mutationtesting.major.mutation.Mutator.logMutant:
    Logging mutant 113: Solution.longestPalindrome(line 46, col 39)
            mutation operator group:   AOR
            mutation operator:         -(int,int) |==> /(int,int)
            original:                  lpsCenter - lpsRadius 
            mutant:                    lpsCenter / lpsRadius
[04/24 17:40:31] [INFO   ] org.mutationtesting.major.mutation.Mutator.nextMutant:
    Creating mutant 114
[04/24 17:40:31] [INFO   ] org.mutationtesting.major.mutation.Mutator.logMutant:
    Logging mutant 114: Solution.longestPalindrome(line 46, col 51)
            mutation operator group:   AOR
            mutation operator:         +(int,int) |==> %(int,int)
            original:                  lpsCenter - lpsRadius + 1 
            mutant:                    (lpsCenter - lpsRadius) % 1
[04/24 17:40:31] [INFO   ] org.mutationtesting.major.mutation.Mutator.nextMutant:
    Creating mutant 115
[04/24 17:40:31] [INFO   ] org.mutationtesting.major.mutation.Mutator.logMutant:
    Logging mutant 115: Solution.longestPalindrome(line 46, col 51)
            mutation operator group:   AOR
            mutation operator:         +(int,int) |==> *(int,int)
            original:                  lpsCenter - lpsRadius + 1 
            mutant:                    (lpsCenter - lpsRadius) * 1
[04/24 17:40:31] [INFO   ] org.mutationtesting.major.mutation.Mutator.nextMutant:
    Creating mutant 116
[04/24 17:40:31] [INFO   ] org.mutationtesting.major.mutation.Mutator.logMutant:
    Logging mutant 116: Solution.longestPalindrome(line 46, col 51)
            mutation operator group:   AOR
            mutation operator:         +(int,int) |==> -(int,int)
            original:                  lpsCenter - lpsRadius + 1 
            mutant:                    lpsCenter - lpsRadius - 1
[04/24 17:40:31] [INFO   ] org.mutationtesting.major.mutation.Mutator.nextMutant:
    Creating mutant 117
[04/24 17:40:31] [INFO   ] org.mutationtesting.major.mutation.Mutator.logMutant:
    Logging mutant 117: Solution.longestPalindrome(line 46, col 51)
            mutation operator group:   AOR
            mutation operator:         +(int,int) |==> /(int,int)
            original:                  lpsCenter - lpsRadius + 1 
            mutant:                    (lpsCenter - lpsRadius) / 1
[04/24 17:40:31] [INFO   ] org.mutationtesting.major.mutation.Mutator.nextMutant:
    Creating mutant 118
[04/24 17:40:31] [INFO   ] org.mutationtesting.major.mutation.Mutator.logMutant:
    Logging mutant 118: Solution.longestPalindrome(line 46, col 56)
            mutation operator group:   AOR
            mutation operator:         /(int,int) |==> %(int,int)
            original:                  (lpsCenter - lpsRadius + 1) / 2 
            mutant:                    (lpsCenter - lpsRadius + 1) % 2
[04/24 17:40:31] [INFO   ] org.mutationtesting.major.mutation.Mutator.nextMutant:
    Creating mutant 119
[04/24 17:40:31] [INFO   ] org.mutationtesting.major.mutation.Mutator.logMutant:
    Logging mutant 119: Solution.longestPalindrome(line 46, col 56)
            mutation operator group:   AOR
            mutation operator:         /(int,int) |==> *(int,int)
            original:                  (lpsCenter - lpsRadius + 1) / 2 
            mutant:                    (lpsCenter - lpsRadius + 1) * 2
[04/24 17:40:31] [INFO   ] org.mutationtesting.major.mutation.Mutator.nextMutant:
    Creating mutant 120
[04/24 17:40:31] [INFO   ] org.mutationtesting.major.mutation.Mutator.logMutant:
    Logging mutant 120: Solution.longestPalindrome(line 46, col 56)
            mutation operator group:   AOR
            mutation operator:         /(int,int) |==> +(int,int)
            original:                  (lpsCenter - lpsRadius + 1) / 2 
            mutant:                    (lpsCenter - lpsRadius + 1) + 2
[04/24 17:40:31] [INFO   ] org.mutationtesting.major.mutation.Mutator.nextMutant:
    Creating mutant 121
[04/24 17:40:31] [INFO   ] org.mutationtesting.major.mutation.Mutator.logMutant:
    Logging mutant 121: Solution.longestPalindrome(line 46, col 56)
            mutation operator group:   AOR
            mutation operator:         /(int,int) |==> -(int,int)
            original:                  (lpsCenter - lpsRadius + 1) / 2 
            mutant:                    (lpsCenter - lpsRadius + 1) - 2
[04/24 17:40:31] [INFO   ] org.mutationtesting.major.mutation.Mutator.nextMutant:
    Creating mutant 122
[04/24 17:40:31] [INFO   ] org.mutationtesting.major.mutation.Mutator.logMutant:
    Logging mutant 122: Solution.longestPalindrome(line 46, col 72)
            mutation operator group:   AOR
            mutation operator:         +(int,int) |==> %(int,int)
            original:                  lpsCenter + lpsRadius 
            mutant:                    lpsCenter % lpsRadius
[04/24 17:40:31] [INFO   ] org.mutationtesting.major.mutation.Mutator.nextMutant:
    Creating mutant 123
[04/24 17:40:31] [INFO   ] org.mutationtesting.major.mutation.Mutator.logMutant:
    Logging mutant 123: Solution.longestPalindrome(line 46, col 72)
            mutation operator group:   AOR
            mutation operator:         +(int,int) |==> *(int,int)
            original:                  lpsCenter + lpsRadius 
            mutant:                    lpsCenter * lpsRadius
[04/24 17:40:31] [INFO   ] org.mutationtesting.major.mutation.Mutator.nextMutant:
    Creating mutant 124
[04/24 17:40:31] [INFO   ] org.mutationtesting.major.mutation.Mutator.logMutant:
    Logging mutant 124: Solution.longestPalindrome(line 46, col 72)
            mutation operator group:   AOR
            mutation operator:         +(int,int) |==> -(int,int)
            original:                  lpsCenter + lpsRadius 
            mutant:                    lpsCenter - lpsRadius
[04/24 17:40:31] [INFO   ] org.mutationtesting.major.mutation.Mutator.nextMutant:
    Creating mutant 125
[04/24 17:40:31] [INFO   ] org.mutationtesting.major.mutation.Mutator.logMutant:
    Logging mutant 125: Solution.longestPalindrome(line 46, col 72)
            mutation operator group:   AOR
            mutation operator:         +(int,int) |==> /(int,int)
            original:                  lpsCenter + lpsRadius 
            mutant:                    lpsCenter / lpsRadius
[04/24 17:40:31] [INFO   ] org.mutationtesting.major.mutation.Mutator.nextMutant:
    Creating mutant 126
[04/24 17:40:31] [INFO   ] org.mutationtesting.major.mutation.Mutator.logMutant:
    Logging mutant 126: Solution.longestPalindrome(line 46, col 84)
            mutation operator group:   AOR
            mutation operator:         -(int,int) |==> %(int,int)
            original:                  lpsCenter + lpsRadius - 1 
            mutant:                    (lpsCenter + lpsRadius) % 1
[04/24 17:40:31] [INFO   ] org.mutationtesting.major.mutation.Mutator.nextMutant:
    Creating mutant 127
[04/24 17:40:31] [INFO   ] org.mutationtesting.major.mutation.Mutator.logMutant:
    Logging mutant 127: Solution.longestPalindrome(line 46, col 84)
            mutation operator group:   AOR
            mutation operator:         -(int,int) |==> *(int,int)
            original:                  lpsCenter + lpsRadius - 1 
            mutant:                    (lpsCenter + lpsRadius) * 1
[04/24 17:40:31] [INFO   ] org.mutationtesting.major.mutation.Mutator.nextMutant:
    Creating mutant 128
[04/24 17:40:31] [INFO   ] org.mutationtesting.major.mutation.Mutator.logMutant:
    Logging mutant 128: Solution.longestPalindrome(line 46, col 84)
            mutation operator group:   AOR
            mutation operator:         -(int,int) |==> +(int,int)
            original:                  lpsCenter + lpsRadius - 1 
            mutant:                    lpsCenter + lpsRadius + 1
[04/24 17:40:31] [INFO   ] org.mutationtesting.major.mutation.Mutator.nextMutant:
    Creating mutant 129
[04/24 17:40:31] [INFO   ] org.mutationtesting.major.mutation.Mutator.logMutant:
    Logging mutant 129: Solution.longestPalindrome(line 46, col 84)
            mutation operator group:   AOR
            mutation operator:         -(int,int) |==> /(int,int)
            original:                  lpsCenter + lpsRadius - 1 
            mutant:                    (lpsCenter + lpsRadius) / 1
[04/24 17:40:31] [INFO   ] org.mutationtesting.major.mutation.Mutator.nextMutant:
    Creating mutant 130
[04/24 17:40:31] [INFO   ] org.mutationtesting.major.mutation.Mutator.logMutant:
    Logging mutant 130: Solution.longestPalindrome(line 46, col 89)
            mutation operator group:   AOR
            mutation operator:         /(int,int) |==> %(int,int)
            original:                  (lpsCenter + lpsRadius - 1) / 2 
            mutant:                    (lpsCenter + lpsRadius - 1) % 2
[04/24 17:40:31] [INFO   ] org.mutationtesting.major.mutation.Mutator.nextMutant:
    Creating mutant 131
[04/24 17:40:31] [INFO   ] org.mutationtesting.major.mutation.Mutator.logMutant:
    Logging mutant 131: Solution.longestPalindrome(line 46, col 89)
            mutation operator group:   AOR
            mutation operator:         /(int,int) |==> *(int,int)
            original:                  (lpsCenter + lpsRadius - 1) / 2 
            mutant:                    (lpsCenter + lpsRadius - 1) * 2
[04/24 17:40:31] [INFO   ] org.mutationtesting.major.mutation.Mutator.nextMutant:
    Creating mutant 132
[04/24 17:40:31] [INFO   ] org.mutationtesting.major.mutation.Mutator.logMutant:
    Logging mutant 132: Solution.longestPalindrome(line 46, col 89)
            mutation operator group:   AOR
            mutation operator:         /(int,int) |==> +(int,int)
            original:                  (lpsCenter + lpsRadius - 1) / 2 
            mutant:                    (lpsCenter + lpsRadius - 1) + 2
[04/24 17:40:31] [INFO   ] org.mutationtesting.major.mutation.Mutator.nextMutant:
    Creating mutant 133
[04/24 17:40:31] [INFO   ] org.mutationtesting.major.mutation.Mutator.logMutant:
    Logging mutant 133: Solution.longestPalindrome(line 46, col 89)
            mutation operator group:   AOR
            mutation operator:         /(int,int) |==> -(int,int)
            original:                  (lpsCenter + lpsRadius - 1) / 2 
            mutant:                    (lpsCenter + lpsRadius - 1) - 2
[04/24 17:40:31] [INFO   ] org.mutationtesting.major.plugin.MajorPluginTaskListener.mutate:
    Generated 133 mutants (135 ms)
