1:AOR:*(int,int):%(int,int):g0001_0100.s0005_longest_palindromic_substring.Solution@longestPalindrome(java.lang.String):16:s.length() * 2 |==> s.length() % 2
2:AOR:*(int,int):+(int,int):g0001_0100.s0005_longest_palindromic_substring.Solution@longestPalindrome(java.lang.String):16:s.length() * 2 |==> s.length() + 2
3:AOR:*(int,int):-(int,int):g0001_0100.s0005_longest_palindromic_substring.Solution@longestPalindrome(java.lang.String):16:s.length() * 2 |==> s.length() - 2
4:AOR:*(int,int):/(int,int):g0001_0100.s0005_longest_palindromic_substring.Solution@longestPalindrome(java.lang.String):16:s.length() * 2 |==> s.length() / 2
5:AOR:+(int,int):%(int,int):g0001_0100.s0005_longest_palindromic_substring.Solution@longestPalindrome(java.lang.String):16:s.length() * 2 + 1 |==> s.length() * 2 % 1
6:AOR:+(int,int):*(int,int):g0001_0100.s0005_longest_palindromic_substring.Solution@longestPalindrome(java.lang.String):16:s.length() * 2 + 1 |==> s.length() * 2 * 1
7:AOR:+(int,int):-(int,int):g0001_0100.s0005_longest_palindromic_substring.Solution@longestPalindrome(java.lang.String):16:s.length() * 2 + 1 |==> s.length() * 2 - 1
8:AOR:+(int,int):/(int,int):g0001_0100.s0005_longest_palindromic_substring.Solution@longestPalindrome(java.lang.String):16:s.length() * 2 + 1 |==> s.length() * 2 / 1
9:STD:<ASSIGN>:<NO-OP>:g0001_0100.s0005_longest_palindromic_substring.Solution@longestPalindrome(java.lang.String):17:newStr[0] = '#'; |==> <NO-OP>
10:ROR:<(int,int):!=(int,int):g0001_0100.s0005_longest_palindromic_substring.Solution@longestPalindrome(java.lang.String):18:i < s.length() |==> i != s.length()
11:ROR:<(int,int):<=(int,int):g0001_0100.s0005_longest_palindromic_substring.Solution@longestPalindrome(java.lang.String):18:i < s.length() |==> i <= s.length()
12:ROR:<(int,int):FALSE(int,int):g0001_0100.s0005_longest_palindromic_substring.Solution@longestPalindrome(java.lang.String):18:i < s.length() |==> false
13:AOR:*(int,int):%(int,int):g0001_0100.s0005_longest_palindromic_substring.Solution@longestPalindrome(java.lang.String):19:2 * i |==> 2 % i
14:AOR:*(int,int):+(int,int):g0001_0100.s0005_longest_palindromic_substring.Solution@longestPalindrome(java.lang.String):19:2 * i |==> 2 + i
15:AOR:*(int,int):-(int,int):g0001_0100.s0005_longest_palindromic_substring.Solution@longestPalindrome(java.lang.String):19:2 * i |==> 2 - i
16:AOR:*(int,int):/(int,int):g0001_0100.s0005_longest_palindromic_substring.Solution@longestPalindrome(java.lang.String):19:2 * i |==> 2 / i
17:AOR:+(int,int):%(int,int):g0001_0100.s0005_longest_palindromic_substring.Solution@longestPalindrome(java.lang.String):19:2 * i + 1 |==> 2 * i % 1
18:AOR:+(int,int):*(int,int):g0001_0100.s0005_longest_palindromic_substring.Solution@longestPalindrome(java.lang.String):19:2 * i + 1 |==> 2 * i * 1
19:AOR:+(int,int):-(int,int):g0001_0100.s0005_longest_palindromic_substring.Solution@longestPalindrome(java.lang.String):19:2 * i + 1 |==> 2 * i - 1
20:AOR:+(int,int):/(int,int):g0001_0100.s0005_longest_palindromic_substring.Solution@longestPalindrome(java.lang.String):19:2 * i + 1 |==> 2 * i / 1
21:STD:<ASSIGN>:<NO-OP>:g0001_0100.s0005_longest_palindromic_substring.Solution@longestPalindrome(java.lang.String):19:newStr[2 * i + 1] = s.charAt(i); |==> <NO-OP>
22:AOR:*(int,int):%(int,int):g0001_0100.s0005_longest_palindromic_substring.Solution@longestPalindrome(java.lang.String):20:2 * i |==> 2 % i
23:AOR:*(int,int):+(int,int):g0001_0100.s0005_longest_palindromic_substring.Solution@longestPalindrome(java.lang.String):20:2 * i |==> 2 + i
24:AOR:*(int,int):-(int,int):g0001_0100.s0005_longest_palindromic_substring.Solution@longestPalindrome(java.lang.String):20:2 * i |==> 2 - i
25:AOR:*(int,int):/(int,int):g0001_0100.s0005_longest_palindromic_substring.Solution@longestPalindrome(java.lang.String):20:2 * i |==> 2 / i
26:AOR:+(int,int):%(int,int):g0001_0100.s0005_longest_palindromic_substring.Solution@longestPalindrome(java.lang.String):20:2 * i + 2 |==> 2 * i % 2
27:AOR:+(int,int):*(int,int):g0001_0100.s0005_longest_palindromic_substring.Solution@longestPalindrome(java.lang.String):20:2 * i + 2 |==> 2 * i * 2
28:AOR:+(int,int):-(int,int):g0001_0100.s0005_longest_palindromic_substring.Solution@longestPalindrome(java.lang.String):20:2 * i + 2 |==> 2 * i - 2
29:AOR:+(int,int):/(int,int):g0001_0100.s0005_longest_palindromic_substring.Solution@longestPalindrome(java.lang.String):20:2 * i + 2 |==> 2 * i / 2
30:STD:<ASSIGN>:<NO-OP>:g0001_0100.s0005_longest_palindromic_substring.Solution@longestPalindrome(java.lang.String):20:newStr[2 * i + 2] = '#'; |==> <NO-OP>
31:ROR:<(int,int):!=(int,int):g0001_0100.s0005_longest_palindromic_substring.Solution@longestPalindrome(java.lang.String):27:i < newStr.length |==> i != newStr.length
32:ROR:<(int,int):<=(int,int):g0001_0100.s0005_longest_palindromic_substring.Solution@longestPalindrome(java.lang.String):27:i < newStr.length |==> i <= newStr.length
33:ROR:<(int,int):FALSE(int,int):g0001_0100.s0005_longest_palindromic_substring.Solution@longestPalindrome(java.lang.String):27:i < newStr.length |==> false
34:AOR:+(int,int):%(int,int):g0001_0100.s0005_longest_palindromic_substring.Solution@longestPalindrome(java.lang.String):29:friendCenter + friendRadius |==> friendCenter % friendRadius
35:AOR:+(int,int):*(int,int):g0001_0100.s0005_longest_palindromic_substring.Solution@longestPalindrome(java.lang.String):29:friendCenter + friendRadius |==> friendCenter * friendRadius
36:AOR:+(int,int):-(int,int):g0001_0100.s0005_longest_palindromic_substring.Solution@longestPalindrome(java.lang.String):29:friendCenter + friendRadius |==> friendCenter - friendRadius
37:AOR:+(int,int):/(int,int):g0001_0100.s0005_longest_palindromic_substring.Solution@longestPalindrome(java.lang.String):29:friendCenter + friendRadius |==> friendCenter / friendRadius
38:ROR:>(int,int):!=(int,int):g0001_0100.s0005_longest_palindromic_substring.Solution@longestPalindrome(java.lang.String):29:friendCenter + friendRadius > i |==> friendCenter + friendRadius != i
39:ROR:>(int,int):>=(int,int):g0001_0100.s0005_longest_palindromic_substring.Solution@longestPalindrome(java.lang.String):29:friendCenter + friendRadius > i |==> friendCenter + friendRadius >= i
40:ROR:>(int,int):FALSE(int,int):g0001_0100.s0005_longest_palindromic_substring.Solution@longestPalindrome(java.lang.String):29:friendCenter + friendRadius > i |==> false
41:AOR:*(int,int):%(int,int):g0001_0100.s0005_longest_palindromic_substring.Solution@longestPalindrome(java.lang.String):30:friendCenter * 2 |==> friendCenter % 2
42:AOR:*(int,int):+(int,int):g0001_0100.s0005_longest_palindromic_substring.Solution@longestPalindrome(java.lang.String):30:friendCenter * 2 |==> friendCenter + 2
43:AOR:*(int,int):-(int,int):g0001_0100.s0005_longest_palindromic_substring.Solution@longestPalindrome(java.lang.String):30:friendCenter * 2 |==> friendCenter - 2
44:AOR:*(int,int):/(int,int):g0001_0100.s0005_longest_palindromic_substring.Solution@longestPalindrome(java.lang.String):30:friendCenter * 2 |==> friendCenter / 2
45:AOR:-(int,int):%(int,int):g0001_0100.s0005_longest_palindromic_substring.Solution@longestPalindrome(java.lang.String):30:friendCenter * 2 - i |==> friendCenter * 2 % i
46:AOR:-(int,int):*(int,int):g0001_0100.s0005_longest_palindromic_substring.Solution@longestPalindrome(java.lang.String):30:friendCenter * 2 - i |==> friendCenter * 2 * i
47:AOR:-(int,int):+(int,int):g0001_0100.s0005_longest_palindromic_substring.Solution@longestPalindrome(java.lang.String):30:friendCenter * 2 - i |==> friendCenter * 2 + i
48:AOR:-(int,int):/(int,int):g0001_0100.s0005_longest_palindromic_substring.Solution@longestPalindrome(java.lang.String):30:friendCenter * 2 - i |==> friendCenter * 2 / i
49:AOR:+(int,int):%(int,int):g0001_0100.s0005_longest_palindromic_substring.Solution@longestPalindrome(java.lang.String):30:friendCenter + friendRadius |==> friendCenter % friendRadius
50:AOR:+(int,int):*(int,int):g0001_0100.s0005_longest_palindromic_substring.Solution@longestPalindrome(java.lang.String):30:friendCenter + friendRadius |==> friendCenter * friendRadius
51:AOR:+(int,int):-(int,int):g0001_0100.s0005_longest_palindromic_substring.Solution@longestPalindrome(java.lang.String):30:friendCenter + friendRadius |==> friendCenter - friendRadius
52:AOR:+(int,int):/(int,int):g0001_0100.s0005_longest_palindromic_substring.Solution@longestPalindrome(java.lang.String):30:friendCenter + friendRadius |==> friendCenter / friendRadius
53:AOR:-(int,int):%(int,int):g0001_0100.s0005_longest_palindromic_substring.Solution@longestPalindrome(java.lang.String):30:(friendCenter + friendRadius) - i |==> (friendCenter + friendRadius) % i
54:AOR:-(int,int):*(int,int):g0001_0100.s0005_longest_palindromic_substring.Solution@longestPalindrome(java.lang.String):30:(friendCenter + friendRadius) - i |==> (friendCenter + friendRadius) * i
55:AOR:-(int,int):+(int,int):g0001_0100.s0005_longest_palindromic_substring.Solution@longestPalindrome(java.lang.String):30:(friendCenter + friendRadius) - i |==> (friendCenter + friendRadius) + i
56:AOR:-(int,int):/(int,int):g0001_0100.s0005_longest_palindromic_substring.Solution@longestPalindrome(java.lang.String):30:(friendCenter + friendRadius) - i |==> (friendCenter + friendRadius) / i
57:STD:<ASSIGN>:<NO-OP>:g0001_0100.s0005_longest_palindromic_substring.Solution@longestPalindrome(java.lang.String):28:dp[i] = friendCenter + friendRadius > i ? Math.min(dp[friendCenter * 2 - i], (friendCenter + friendRadius) - i) : 1; |==> <NO-OP>
58:AOR:+(int,int):%(int,int):g0001_0100.s0005_longest_palindromic_substring.Solution@longestPalindrome(java.lang.String):32:i + dp[i] |==> i % dp[i]
59:AOR:+(int,int):*(int,int):g0001_0100.s0005_longest_palindromic_substring.Solution@longestPalindrome(java.lang.String):32:i + dp[i] |==> i * dp[i]
60:AOR:+(int,int):-(int,int):g0001_0100.s0005_longest_palindromic_substring.Solution@longestPalindrome(java.lang.String):32:i + dp[i] |==> i - dp[i]
61:AOR:+(int,int):/(int,int):g0001_0100.s0005_longest_palindromic_substring.Solution@longestPalindrome(java.lang.String):32:i + dp[i] |==> i / dp[i]
62:ROR:<(int,int):!=(int,int):g0001_0100.s0005_longest_palindromic_substring.Solution@longestPalindrome(java.lang.String):32:i + dp[i] < newStr.length |==> i + dp[i] != newStr.length
63:ROR:<(int,int):<=(int,int):g0001_0100.s0005_longest_palindromic_substring.Solution@longestPalindrome(java.lang.String):32:i + dp[i] < newStr.length |==> i + dp[i] <= newStr.length
64:ROR:<(int,int):FALSE(int,int):g0001_0100.s0005_longest_palindromic_substring.Solution@longestPalindrome(java.lang.String):32:i + dp[i] < newStr.length |==> false
65:AOR:-(int,int):%(int,int):g0001_0100.s0005_longest_palindromic_substring.Solution@longestPalindrome(java.lang.String):33:i - dp[i] |==> i % dp[i]
66:AOR:-(int,int):*(int,int):g0001_0100.s0005_longest_palindromic_substring.Solution@longestPalindrome(java.lang.String):33:i - dp[i] |==> i * dp[i]
67:AOR:-(int,int):+(int,int):g0001_0100.s0005_longest_palindromic_substring.Solution@longestPalindrome(java.lang.String):33:i - dp[i] |==> i + dp[i]
68:AOR:-(int,int):/(int,int):g0001_0100.s0005_longest_palindromic_substring.Solution@longestPalindrome(java.lang.String):33:i - dp[i] |==> i / dp[i]
69:ROR:>=(int,int):==(int,int):g0001_0100.s0005_longest_palindromic_substring.Solution@longestPalindrome(java.lang.String):33:i - dp[i] >= 0 |==> i - dp[i] == 0
70:ROR:>=(int,int):>(int,int):g0001_0100.s0005_longest_palindromic_substring.Solution@longestPalindrome(java.lang.String):33:i - dp[i] >= 0 |==> i - dp[i] > 0
71:ROR:>=(int,int):TRUE(int,int):g0001_0100.s0005_longest_palindromic_substring.Solution@longestPalindrome(java.lang.String):33:i - dp[i] >= 0 |==> true
72:COR:&&(boolean,boolean):==(boolean,boolean):g0001_0100.s0005_longest_palindromic_substring.Solution@longestPalindrome(java.lang.String):32:i + dp[i] < newStr.length && i - dp[i] >= 0 |==> i + dp[i] < newStr.length == i - dp[i] >= 0
73:COR:&&(boolean,boolean):FALSE(boolean,boolean):g0001_0100.s0005_longest_palindromic_substring.Solution@longestPalindrome(java.lang.String):33:i + dp[i] < newStr.length && i - dp[i] >= 0 |==> false
74:COR:&&(boolean,boolean):LHS(boolean,boolean):g0001_0100.s0005_longest_palindromic_substring.Solution@longestPalindrome(java.lang.String):32:i + dp[i] < newStr.length && i - dp[i] >= 0 |==> i + dp[i] < newStr.length
75:COR:&&(boolean,boolean):RHS(boolean,boolean):g0001_0100.s0005_longest_palindromic_substring.Solution@longestPalindrome(java.lang.String):33:i + dp[i] < newStr.length && i - dp[i] >= 0 |==> i - dp[i] >= 0
76:AOR:+(int,int):%(int,int):g0001_0100.s0005_longest_palindromic_substring.Solution@longestPalindrome(java.lang.String):34:i + dp[i] |==> i % dp[i]
77:AOR:+(int,int):*(int,int):g0001_0100.s0005_longest_palindromic_substring.Solution@longestPalindrome(java.lang.String):34:i + dp[i] |==> i * dp[i]
78:AOR:+(int,int):-(int,int):g0001_0100.s0005_longest_palindromic_substring.Solution@longestPalindrome(java.lang.String):34:i + dp[i] |==> i - dp[i]
79:AOR:+(int,int):/(int,int):g0001_0100.s0005_longest_palindromic_substring.Solution@longestPalindrome(java.lang.String):34:i + dp[i] |==> i / dp[i]
80:AOR:-(int,int):%(int,int):g0001_0100.s0005_longest_palindromic_substring.Solution@longestPalindrome(java.lang.String):34:i - dp[i] |==> i % dp[i]
81:AOR:-(int,int):*(int,int):g0001_0100.s0005_longest_palindromic_substring.Solution@longestPalindrome(java.lang.String):34:i - dp[i] |==> i * dp[i]
82:AOR:-(int,int):+(int,int):g0001_0100.s0005_longest_palindromic_substring.Solution@longestPalindrome(java.lang.String):34:i - dp[i] |==> i + dp[i]
83:AOR:-(int,int):/(int,int):g0001_0100.s0005_longest_palindromic_substring.Solution@longestPalindrome(java.lang.String):34:i - dp[i] |==> i / dp[i]
84:ROR:==(int,int):<=(int,int):g0001_0100.s0005_longest_palindromic_substring.Solution@longestPalindrome(java.lang.String):34:newStr[i + dp[i]] == newStr[i - dp[i]] |==> newStr[i + dp[i]] <= newStr[i - dp[i]]
85:ROR:==(int,int):>=(int,int):g0001_0100.s0005_longest_palindromic_substring.Solution@longestPalindrome(java.lang.String):34:newStr[i + dp[i]] == newStr[i - dp[i]] |==> newStr[i + dp[i]] >= newStr[i - dp[i]]
86:ROR:==(int,int):FALSE(int,int):g0001_0100.s0005_longest_palindromic_substring.Solution@longestPalindrome(java.lang.String):34:newStr[i + dp[i]] == newStr[i - dp[i]] |==> false
87:COR:&&(boolean,boolean):==(boolean,boolean):g0001_0100.s0005_longest_palindromic_substring.Solution@longestPalindrome(java.lang.String):32:i + dp[i] < newStr.length && i - dp[i] >= 0 && newStr[i + dp[i]] == newStr[i - dp[i]] |==> (i + dp[i] < newStr.length && i - dp[i] >= 0) == (newStr[i + dp[i]] == newStr[i - dp[i]])
88:COR:&&(boolean,boolean):FALSE(boolean,boolean):g0001_0100.s0005_longest_palindromic_substring.Solution@longestPalindrome(java.lang.String):34:i + dp[i] < newStr.length && i - dp[i] >= 0 && newStr[i + dp[i]] == newStr[i - dp[i]] |==> false
89:COR:&&(boolean,boolean):LHS(boolean,boolean):g0001_0100.s0005_longest_palindromic_substring.Solution@longestPalindrome(java.lang.String):32:i + dp[i] < newStr.length && i - dp[i] >= 0 && newStr[i + dp[i]] == newStr[i - dp[i]] |==> i + dp[i] < newStr.length && i - dp[i] >= 0
90:COR:&&(boolean,boolean):RHS(boolean,boolean):g0001_0100.s0005_longest_palindromic_substring.Solution@longestPalindrome(java.lang.String):34:i + dp[i] < newStr.length && i - dp[i] >= 0 && newStr[i + dp[i]] == newStr[i - dp[i]] |==> newStr[i + dp[i]] == newStr[i - dp[i]]
91:STD:<INC>:<NO-OP>:g0001_0100.s0005_longest_palindromic_substring.Solution@longestPalindrome(java.lang.String):35:dp[i]++; |==> <NO-OP>
92:AOR:+(int,int):%(int,int):g0001_0100.s0005_longest_palindromic_substring.Solution@longestPalindrome(java.lang.String):37:friendCenter + friendRadius |==> friendCenter % friendRadius
93:AOR:+(int,int):*(int,int):g0001_0100.s0005_longest_palindromic_substring.Solution@longestPalindrome(java.lang.String):37:friendCenter + friendRadius |==> friendCenter * friendRadius
94:AOR:+(int,int):-(int,int):g0001_0100.s0005_longest_palindromic_substring.Solution@longestPalindrome(java.lang.String):37:friendCenter + friendRadius |==> friendCenter - friendRadius
95:AOR:+(int,int):/(int,int):g0001_0100.s0005_longest_palindromic_substring.Solution@longestPalindrome(java.lang.String):37:friendCenter + friendRadius |==> friendCenter / friendRadius
96:AOR:+(int,int):%(int,int):g0001_0100.s0005_longest_palindromic_substring.Solution@longestPalindrome(java.lang.String):37:i + dp[i] |==> i % dp[i]
97:AOR:+(int,int):*(int,int):g0001_0100.s0005_longest_palindromic_substring.Solution@longestPalindrome(java.lang.String):37:i + dp[i] |==> i * dp[i]
98:AOR:+(int,int):-(int,int):g0001_0100.s0005_longest_palindromic_substring.Solution@longestPalindrome(java.lang.String):37:i + dp[i] |==> i - dp[i]
99:AOR:+(int,int):/(int,int):g0001_0100.s0005_longest_palindromic_substring.Solution@longestPalindrome(java.lang.String):37:i + dp[i] |==> i / dp[i]
100:ROR:<(int,int):!=(int,int):g0001_0100.s0005_longest_palindromic_substring.Solution@longestPalindrome(java.lang.String):37:friendCenter + friendRadius < i + dp[i] |==> friendCenter + friendRadius != i + dp[i]
101:ROR:<(int,int):<=(int,int):g0001_0100.s0005_longest_palindromic_substring.Solution@longestPalindrome(java.lang.String):37:friendCenter + friendRadius < i + dp[i] |==> friendCenter + friendRadius <= i + dp[i]
102:ROR:<(int,int):FALSE(int,int):g0001_0100.s0005_longest_palindromic_substring.Solution@longestPalindrome(java.lang.String):37:friendCenter + friendRadius < i + dp[i] |==> false
103:STD:<ASSIGN>:<NO-OP>:g0001_0100.s0005_longest_palindromic_substring.Solution@longestPalindrome(java.lang.String):38:friendCenter = i; |==> <NO-OP>
104:STD:<ASSIGN>:<NO-OP>:g0001_0100.s0005_longest_palindromic_substring.Solution@longestPalindrome(java.lang.String):39:friendRadius = dp[i]; |==> <NO-OP>
105:ROR:<(int,int):!=(int,int):g0001_0100.s0005_longest_palindromic_substring.Solution@longestPalindrome(java.lang.String):41:lpsRadius < dp[i] |==> lpsRadius != dp[i]
106:ROR:<(int,int):<=(int,int):g0001_0100.s0005_longest_palindromic_substring.Solution@longestPalindrome(java.lang.String):41:lpsRadius < dp[i] |==> lpsRadius <= dp[i]
107:ROR:<(int,int):FALSE(int,int):g0001_0100.s0005_longest_palindromic_substring.Solution@longestPalindrome(java.lang.String):41:lpsRadius < dp[i] |==> false
108:STD:<ASSIGN>:<NO-OP>:g0001_0100.s0005_longest_palindromic_substring.Solution@longestPalindrome(java.lang.String):42:lpsCenter = i; |==> <NO-OP>
109:STD:<ASSIGN>:<NO-OP>:g0001_0100.s0005_longest_palindromic_substring.Solution@longestPalindrome(java.lang.String):43:lpsRadius = dp[i]; |==> <NO-OP>
110:AOR:-(int,int):%(int,int):g0001_0100.s0005_longest_palindromic_substring.Solution@longestPalindrome(java.lang.String):46:lpsCenter - lpsRadius |==> lpsCenter % lpsRadius
111:AOR:-(int,int):*(int,int):g0001_0100.s0005_longest_palindromic_substring.Solution@longestPalindrome(java.lang.String):46:lpsCenter - lpsRadius |==> lpsCenter * lpsRadius
112:AOR:-(int,int):+(int,int):g0001_0100.s0005_longest_palindromic_substring.Solution@longestPalindrome(java.lang.String):46:lpsCenter - lpsRadius |==> lpsCenter + lpsRadius
113:AOR:-(int,int):/(int,int):g0001_0100.s0005_longest_palindromic_substring.Solution@longestPalindrome(java.lang.String):46:lpsCenter - lpsRadius |==> lpsCenter / lpsRadius
114:AOR:+(int,int):%(int,int):g0001_0100.s0005_longest_palindromic_substring.Solution@longestPalindrome(java.lang.String):46:lpsCenter - lpsRadius + 1 |==> (lpsCenter - lpsRadius) % 1
115:AOR:+(int,int):*(int,int):g0001_0100.s0005_longest_palindromic_substring.Solution@longestPalindrome(java.lang.String):46:lpsCenter - lpsRadius + 1 |==> (lpsCenter - lpsRadius) * 1
116:AOR:+(int,int):-(int,int):g0001_0100.s0005_longest_palindromic_substring.Solution@longestPalindrome(java.lang.String):46:lpsCenter - lpsRadius + 1 |==> lpsCenter - lpsRadius - 1
117:AOR:+(int,int):/(int,int):g0001_0100.s0005_longest_palindromic_substring.Solution@longestPalindrome(java.lang.String):46:lpsCenter - lpsRadius + 1 |==> (lpsCenter - lpsRadius) / 1
118:AOR:/(int,int):%(int,int):g0001_0100.s0005_longest_palindromic_substring.Solution@longestPalindrome(java.lang.String):46:(lpsCenter - lpsRadius + 1) / 2 |==> (lpsCenter - lpsRadius + 1) % 2
119:AOR:/(int,int):*(int,int):g0001_0100.s0005_longest_palindromic_substring.Solution@longestPalindrome(java.lang.String):46:(lpsCenter - lpsRadius + 1) / 2 |==> (lpsCenter - lpsRadius + 1) * 2
120:AOR:/(int,int):+(int,int):g0001_0100.s0005_longest_palindromic_substring.Solution@longestPalindrome(java.lang.String):46:(lpsCenter - lpsRadius + 1) / 2 |==> (lpsCenter - lpsRadius + 1) + 2
121:AOR:/(int,int):-(int,int):g0001_0100.s0005_longest_palindromic_substring.Solution@longestPalindrome(java.lang.String):46:(lpsCenter - lpsRadius + 1) / 2 |==> (lpsCenter - lpsRadius + 1) - 2
122:AOR:+(int,int):%(int,int):g0001_0100.s0005_longest_palindromic_substring.Solution@longestPalindrome(java.lang.String):46:lpsCenter + lpsRadius |==> lpsCenter % lpsRadius
123:AOR:+(int,int):*(int,int):g0001_0100.s0005_longest_palindromic_substring.Solution@longestPalindrome(java.lang.String):46:lpsCenter + lpsRadius |==> lpsCenter * lpsRadius
124:AOR:+(int,int):-(int,int):g0001_0100.s0005_longest_palindromic_substring.Solution@longestPalindrome(java.lang.String):46:lpsCenter + lpsRadius |==> lpsCenter - lpsRadius
125:AOR:+(int,int):/(int,int):g0001_0100.s0005_longest_palindromic_substring.Solution@longestPalindrome(java.lang.String):46:lpsCenter + lpsRadius |==> lpsCenter / lpsRadius
126:AOR:-(int,int):%(int,int):g0001_0100.s0005_longest_palindromic_substring.Solution@longestPalindrome(java.lang.String):46:lpsCenter + lpsRadius - 1 |==> (lpsCenter + lpsRadius) % 1
127:AOR:-(int,int):*(int,int):g0001_0100.s0005_longest_palindromic_substring.Solution@longestPalindrome(java.lang.String):46:lpsCenter + lpsRadius - 1 |==> (lpsCenter + lpsRadius) * 1
128:AOR:-(int,int):+(int,int):g0001_0100.s0005_longest_palindromic_substring.Solution@longestPalindrome(java.lang.String):46:lpsCenter + lpsRadius - 1 |==> lpsCenter + lpsRadius + 1
129:AOR:-(int,int):/(int,int):g0001_0100.s0005_longest_palindromic_substring.Solution@longestPalindrome(java.lang.String):46:lpsCenter + lpsRadius - 1 |==> (lpsCenter + lpsRadius) / 1
130:AOR:/(int,int):%(int,int):g0001_0100.s0005_longest_palindromic_substring.Solution@longestPalindrome(java.lang.String):46:(lpsCenter + lpsRadius - 1) / 2 |==> (lpsCenter + lpsRadius - 1) % 2
131:AOR:/(int,int):*(int,int):g0001_0100.s0005_longest_palindromic_substring.Solution@longestPalindrome(java.lang.String):46:(lpsCenter + lpsRadius - 1) / 2 |==> (lpsCenter + lpsRadius - 1) * 2
132:AOR:/(int,int):+(int,int):g0001_0100.s0005_longest_palindromic_substring.Solution@longestPalindrome(java.lang.String):46:(lpsCenter + lpsRadius - 1) / 2 |==> (lpsCenter + lpsRadius - 1) + 2
133:AOR:/(int,int):-(int,int):g0001_0100.s0005_longest_palindromic_substring.Solution@longestPalindrome(java.lang.String):46:(lpsCenter + lpsRadius - 1) / 2 |==> (lpsCenter + lpsRadius - 1) - 2
