[06/24 16:49:58] [INFO   ] org.mutationtesting.major.plugin.MajorPluginTaskListener.<init>:
    Created MajorPluginTaskListener with options: [mml:../../major/mml/all.mml.bin]
[06/24 16:49:58] [INFO   ] org.mutationtesting.major.mutation.Mutator.initOperatorSymbols:
    Initializing operator symbols for opcode mapping
[06/24 16:49:58] [INFO   ] org.mutationtesting.major.mutation.Mutator.mutateTree:
    Mutating tree: Env[AttrContext[Scope[super, this]],outer=Env[AttrContext[Scope[java.util.Collections, java.util.Arrays, g0201_0300.s0238_product_of_array_except_self.Solution]]]]
[06/24 16:49:58] [INFO   ] org.mutationtesting.major.mutation.Mutator.visitClassDef:
    CLASS: g0201_0300.s0238_product_of_array_except_self.Solution
[06/24 16:49:58] [INFO   ] org.mutationtesting.major.mutation.Mutator.visitMethodDef:
    METHOD: <init>([])null
[06/24 16:49:58] [INFO   ] org.mutationtesting.major.mutation.Mutator.visitMethodDef:
    METHOD: productExceptSelf([int[] nums])int[]
[06/24 16:49:58] [INFO   ] org.mutationtesting.major.mutation.Mutator.nextMutant:
    Creating mutant 1
[06/24 16:49:58] [INFO   ] org.mutationtesting.major.mutation.Mutator.logMutant:
    Logging mutant 1: Solution.productExceptSelf(line 21, col 31)
            mutation operator group:   AOR
            mutation operator:         *(int,int) |==> %(int,int)
            original:                  product * num 
            mutant:                    product % num
[06/24 16:49:58] [INFO   ] org.mutationtesting.major.mutation.Mutator.nextMutant:
    Creating mutant 2
[06/24 16:49:58] [INFO   ] org.mutationtesting.major.mutation.Mutator.logMutant:
    Logging mutant 2: Solution.productExceptSelf(line 21, col 31)
            mutation operator group:   AOR
            mutation operator:         *(int,int) |==> +(int,int)
            original:                  product * num 
            mutant:                    product + num
[06/24 16:49:58] [INFO   ] org.mutationtesting.major.mutation.Mutator.nextMutant:
    Creating mutant 3
[06/24 16:49:58] [INFO   ] org.mutationtesting.major.mutation.Mutator.logMutant:
    Logging mutant 3: Solution.productExceptSelf(line 21, col 31)
            mutation operator group:   AOR
            mutation operator:         *(int,int) |==> -(int,int)
            original:                  product * num 
            mutant:                    product - num
[06/24 16:49:58] [INFO   ] org.mutationtesting.major.mutation.Mutator.nextMutant:
    Creating mutant 4
[06/24 16:49:58] [INFO   ] org.mutationtesting.major.mutation.Mutator.logMutant:
    Logging mutant 4: Solution.productExceptSelf(line 21, col 31)
            mutation operator group:   AOR
            mutation operator:         *(int,int) |==> /(int,int)
            original:                  product * num 
            mutant:                    product / num
[06/24 16:49:58] [INFO   ] org.mutationtesting.major.mutation.Mutator.nextMutant:
    Creating mutant 5
[06/24 16:49:58] [INFO   ] org.mutationtesting.major.mutation.Mutator.logMutantSTD:
    Logging mutantSTD 5: (STD) product = product * num; -> <NO-OP>
[06/24 16:49:58] [INFO   ] org.mutationtesting.major.mutation.Mutator.nextMutant:
    Creating mutant 6
[06/24 16:49:58] [INFO   ] org.mutationtesting.major.mutation.Mutator.logMutant:
    Logging mutant 6: Solution.productExceptSelf(line 24, col 27)
            mutation operator group:   ROR
            mutation operator:         <(int,int) |==> !=(int,int)
            original:                  i < nums.length 
            mutant:                    i != nums.length
[06/24 16:49:58] [INFO   ] org.mutationtesting.major.mutation.Mutator.nextMutant:
    Creating mutant 7
[06/24 16:49:58] [INFO   ] org.mutationtesting.major.mutation.Mutator.logMutant:
    Logging mutant 7: Solution.productExceptSelf(line 24, col 27)
            mutation operator group:   ROR
            mutation operator:         <(int,int) |==> <=(int,int)
            original:                  i < nums.length 
            mutant:                    i <= nums.length
[06/24 16:49:58] [INFO   ] org.mutationtesting.major.mutation.Mutator.nextMutant:
    Creating mutant 8
[06/24 16:49:58] [INFO   ] org.mutationtesting.major.mutation.Mutator.logMutant:
    Logging mutant 8: Solution.productExceptSelf(line 24, col 27)
            mutation operator group:   ROR
            mutation operator:         <(int,int) |==> FALSE(int,int)
            original:                  i < nums.length 
            mutant:                    false
[06/24 16:49:58] [INFO   ] org.mutationtesting.major.mutation.Mutator.nextMutant:
    Creating mutant 9
[06/24 16:49:58] [INFO   ] org.mutationtesting.major.mutation.Mutator.logMutant:
    Logging mutant 9: Solution.productExceptSelf(line 25, col 25)
            mutation operator group:   ROR
            mutation operator:         !=(int,int) |==> <(int,int)
            original:                  nums[i] != 0 
            mutant:                    nums[i] < 0
[06/24 16:49:58] [INFO   ] org.mutationtesting.major.mutation.Mutator.nextMutant:
    Creating mutant 10
[06/24 16:49:58] [INFO   ] org.mutationtesting.major.mutation.Mutator.logMutant:
    Logging mutant 10: Solution.productExceptSelf(line 25, col 25)
            mutation operator group:   ROR
            mutation operator:         !=(int,int) |==> >(int,int)
            original:                  nums[i] != 0 
            mutant:                    nums[i] > 0
[06/24 16:49:58] [INFO   ] org.mutationtesting.major.mutation.Mutator.nextMutant:
    Creating mutant 11
[06/24 16:49:58] [INFO   ] org.mutationtesting.major.mutation.Mutator.logMutant:
    Logging mutant 11: Solution.productExceptSelf(line 25, col 25)
            mutation operator group:   ROR
            mutation operator:         !=(int,int) |==> TRUE(int,int)
            original:                  nums[i] != 0 
            mutant:                    true
[06/24 16:49:58] [INFO   ] org.mutationtesting.major.mutation.Mutator.nextMutant:
    Creating mutant 12
[06/24 16:49:58] [INFO   ] org.mutationtesting.major.mutation.Mutator.logMutant:
    Logging mutant 12: Solution.productExceptSelf(line 26, col 34)
            mutation operator group:   AOR
            mutation operator:         /(int,int) |==> %(int,int)
            original:                  product / nums[i] 
            mutant:                    product % nums[i]
[06/24 16:49:58] [INFO   ] org.mutationtesting.major.mutation.Mutator.nextMutant:
    Creating mutant 13
[06/24 16:49:58] [INFO   ] org.mutationtesting.major.mutation.Mutator.logMutant:
    Logging mutant 13: Solution.productExceptSelf(line 26, col 34)
            mutation operator group:   AOR
            mutation operator:         /(int,int) |==> *(int,int)
            original:                  product / nums[i] 
            mutant:                    product * nums[i]
[06/24 16:49:58] [INFO   ] org.mutationtesting.major.mutation.Mutator.nextMutant:
    Creating mutant 14
[06/24 16:49:58] [INFO   ] org.mutationtesting.major.mutation.Mutator.logMutant:
    Logging mutant 14: Solution.productExceptSelf(line 26, col 34)
            mutation operator group:   AOR
            mutation operator:         /(int,int) |==> +(int,int)
            original:                  product / nums[i] 
            mutant:                    product + nums[i]
[06/24 16:49:58] [INFO   ] org.mutationtesting.major.mutation.Mutator.nextMutant:
    Creating mutant 15
[06/24 16:49:58] [INFO   ] org.mutationtesting.major.mutation.Mutator.logMutant:
    Logging mutant 15: Solution.productExceptSelf(line 26, col 34)
            mutation operator group:   AOR
            mutation operator:         /(int,int) |==> -(int,int)
            original:                  product / nums[i] 
            mutant:                    product - nums[i]
[06/24 16:49:58] [INFO   ] org.mutationtesting.major.mutation.Mutator.nextMutant:
    Creating mutant 16
[06/24 16:49:58] [INFO   ] org.mutationtesting.major.mutation.Mutator.logMutantSTD:
    Logging mutantSTD 16: (STD) ans[i] = product / nums[i]; -> <NO-OP>
[06/24 16:49:58] [INFO   ] org.mutationtesting.major.mutation.Mutator.nextMutant:
    Creating mutant 17
[06/24 16:49:58] [INFO   ] org.mutationtesting.major.mutation.Mutator.logMutant:
    Logging mutant 17: Solution.productExceptSelf(line 30, col 35)
            mutation operator group:   ROR
            mutation operator:         <(int,int) |==> !=(int,int)
            original:                  j < nums.length 
            mutant:                    j != nums.length
[06/24 16:49:58] [INFO   ] org.mutationtesting.major.mutation.Mutator.nextMutant:
    Creating mutant 18
[06/24 16:49:58] [INFO   ] org.mutationtesting.major.mutation.Mutator.logMutant:
    Logging mutant 18: Solution.productExceptSelf(line 30, col 35)
            mutation operator group:   ROR
            mutation operator:         <(int,int) |==> <=(int,int)
            original:                  j < nums.length 
            mutant:                    j <= nums.length
[06/24 16:49:58] [INFO   ] org.mutationtesting.major.mutation.Mutator.nextMutant:
    Creating mutant 19
[06/24 16:49:58] [INFO   ] org.mutationtesting.major.mutation.Mutator.logMutant:
    Logging mutant 19: Solution.productExceptSelf(line 30, col 35)
            mutation operator group:   ROR
            mutation operator:         <(int,int) |==> FALSE(int,int)
            original:                  j < nums.length 
            mutant:                    false
[06/24 16:49:58] [INFO   ] org.mutationtesting.major.mutation.Mutator.nextMutant:
    Creating mutant 20
[06/24 16:49:58] [INFO   ] org.mutationtesting.major.mutation.Mutator.logMutant:
    Logging mutant 20: Solution.productExceptSelf(line 31, col 27)
            mutation operator group:   ROR
            mutation operator:         !=(int,int) |==> <(int,int)
            original:                  j != i 
            mutant:                    j < i
[06/24 16:49:58] [INFO   ] org.mutationtesting.major.mutation.Mutator.nextMutant:
    Creating mutant 21
[06/24 16:49:58] [INFO   ] org.mutationtesting.major.mutation.Mutator.logMutant:
    Logging mutant 21: Solution.productExceptSelf(line 31, col 27)
            mutation operator group:   ROR
            mutation operator:         !=(int,int) |==> >(int,int)
            original:                  j != i 
            mutant:                    j > i
[06/24 16:49:58] [INFO   ] org.mutationtesting.major.mutation.Mutator.nextMutant:
    Creating mutant 22
[06/24 16:49:58] [INFO   ] org.mutationtesting.major.mutation.Mutator.logMutant:
    Logging mutant 22: Solution.productExceptSelf(line 31, col 27)
            mutation operator group:   ROR
            mutation operator:         !=(int,int) |==> TRUE(int,int)
            original:                  j != i 
            mutant:                    true
[06/24 16:49:58] [INFO   ] org.mutationtesting.major.mutation.Mutator.nextMutant:
    Creating mutant 23
[06/24 16:49:58] [INFO   ] org.mutationtesting.major.mutation.Mutator.logMutant:
    Logging mutant 23: Solution.productExceptSelf(line 32, col 31)
            mutation operator group:   AOR
            mutation operator:         *(int,int) |==> %(int,int)
            original:                  p * nums[j] 
            mutant:                    p % nums[j]
[06/24 16:49:58] [INFO   ] org.mutationtesting.major.mutation.Mutator.nextMutant:
    Creating mutant 24
[06/24 16:49:58] [INFO   ] org.mutationtesting.major.mutation.Mutator.logMutant:
    Logging mutant 24: Solution.productExceptSelf(line 32, col 31)
            mutation operator group:   AOR
            mutation operator:         *(int,int) |==> +(int,int)
            original:                  p * nums[j] 
            mutant:                    p + nums[j]
[06/24 16:49:58] [INFO   ] org.mutationtesting.major.mutation.Mutator.nextMutant:
    Creating mutant 25
[06/24 16:49:58] [INFO   ] org.mutationtesting.major.mutation.Mutator.logMutant:
    Logging mutant 25: Solution.productExceptSelf(line 32, col 31)
            mutation operator group:   AOR
            mutation operator:         *(int,int) |==> -(int,int)
            original:                  p * nums[j] 
            mutant:                    p - nums[j]
[06/24 16:49:58] [INFO   ] org.mutationtesting.major.mutation.Mutator.nextMutant:
    Creating mutant 26
[06/24 16:49:58] [INFO   ] org.mutationtesting.major.mutation.Mutator.logMutant:
    Logging mutant 26: Solution.productExceptSelf(line 32, col 31)
            mutation operator group:   AOR
            mutation operator:         *(int,int) |==> /(int,int)
            original:                  p * nums[j] 
            mutant:                    p / nums[j]
[06/24 16:49:58] [INFO   ] org.mutationtesting.major.mutation.Mutator.nextMutant:
    Creating mutant 27
[06/24 16:49:58] [INFO   ] org.mutationtesting.major.mutation.Mutator.logMutantSTD:
    Logging mutantSTD 27: (STD) p = p * nums[j]; -> <NO-OP>
[06/24 16:49:58] [INFO   ] org.mutationtesting.major.mutation.Mutator.nextMutant:
    Creating mutant 28
[06/24 16:49:58] [INFO   ] org.mutationtesting.major.mutation.Mutator.logMutantSTD:
    Logging mutantSTD 28: (STD) ans[i] = p; -> <NO-OP>
[06/24 16:49:58] [INFO   ] org.mutationtesting.major.plugin.MajorPluginTaskListener.mutate:
    Generated 28 mutants (126 ms)
