[05/24 20:48:33] [INFO   ] org.mutationtesting.major.plugin.MajorPluginTaskListener.<init>:
    Created MajorPluginTaskListener with options: [mml:../../major/mml/all.mml.bin]
[05/24 20:48:34] [INFO   ] org.mutationtesting.major.mutation.Mutator.initOperatorSymbols:
    Initializing operator symbols for opcode mapping
[05/24 20:48:34] [INFO   ] org.mutationtesting.major.mutation.Mutator.mutateTree:
    Mutating tree: Env[AttrContext[Scope[super, this]],outer=Env[AttrContext[Scope[java.util.Collections, java.util.Arrays, g0201_0300.s0233_number_of_digit_one.Solution]]]]
[05/24 20:48:34] [INFO   ] org.mutationtesting.major.mutation.Mutator.visitClassDef:
    CLASS: g0201_0300.s0233_number_of_digit_one.Solution
[05/24 20:48:34] [INFO   ] org.mutationtesting.major.mutation.Mutator.visitMethodDef:
    METHOD: <init>([])null
[05/24 20:48:34] [INFO   ] org.mutationtesting.major.mutation.Mutator.visitMethodDef:
    METHOD: countDigitOne([int n])int
[05/24 20:48:34] [INFO   ] org.mutationtesting.major.mutation.Mutator.nextMutant:
    Creating mutant 1
[05/24 20:48:34] [INFO   ] org.mutationtesting.major.mutation.Mutator.logMutant:
    Logging mutant 1: Solution.countDigitOne(line 19, col 48)
            mutation operator group:   ROR
            mutation operator:         >(int,int) |==> !=(int,int)
            original:                  k > 0 
            mutant:                    k != 0
[05/24 20:48:34] [INFO   ] org.mutationtesting.major.mutation.Mutator.nextMutant:
    Creating mutant 2
[05/24 20:48:34] [INFO   ] org.mutationtesting.major.mutation.Mutator.logMutant:
    Logging mutant 2: Solution.countDigitOne(line 19, col 48)
            mutation operator group:   ROR
            mutation operator:         >(int,int) |==> >=(int,int)
            original:                  k > 0 
            mutant:                    k >= 0
[05/24 20:48:34] [INFO   ] org.mutationtesting.major.mutation.Mutator.nextMutant:
    Creating mutant 3
[05/24 20:48:34] [INFO   ] org.mutationtesting.major.mutation.Mutator.logMutant:
    Logging mutant 3: Solution.countDigitOne(line 19, col 48)
            mutation operator group:   ROR
            mutation operator:         >(int,int) |==> FALSE(int,int)
            original:                  k > 0 
            mutant:                    false
[05/24 20:48:34] [INFO   ] org.mutationtesting.major.mutation.Mutator.nextMutant:
    Creating mutant 4
[05/24 20:48:34] [INFO   ] org.mutationtesting.major.mutation.Mutator.logMutant:
    Logging mutant 4: Solution.countDigitOne(line 20, col 25)
            mutation operator group:   AOR
            mutation operator:         %(int,int) |==> *(int,int)
            original:                  k % 10 
            mutant:                    k * 10
[05/24 20:48:34] [INFO   ] org.mutationtesting.major.mutation.Mutator.nextMutant:
    Creating mutant 5
[05/24 20:48:34] [INFO   ] org.mutationtesting.major.mutation.Mutator.logMutant:
    Logging mutant 5: Solution.countDigitOne(line 20, col 25)
            mutation operator group:   AOR
            mutation operator:         %(int,int) |==> +(int,int)
            original:                  k % 10 
            mutant:                    k + 10
[05/24 20:48:34] [INFO   ] org.mutationtesting.major.mutation.Mutator.nextMutant:
    Creating mutant 6
[05/24 20:48:34] [INFO   ] org.mutationtesting.major.mutation.Mutator.logMutant:
    Logging mutant 6: Solution.countDigitOne(line 20, col 25)
            mutation operator group:   AOR
            mutation operator:         %(int,int) |==> -(int,int)
            original:                  k % 10 
            mutant:                    k - 10
[05/24 20:48:34] [INFO   ] org.mutationtesting.major.mutation.Mutator.nextMutant:
    Creating mutant 7
[05/24 20:48:34] [INFO   ] org.mutationtesting.major.mutation.Mutator.logMutant:
    Logging mutant 7: Solution.countDigitOne(line 20, col 25)
            mutation operator group:   AOR
            mutation operator:         %(int,int) |==> /(int,int)
            original:                  k % 10 
            mutant:                    k / 10
[05/24 20:48:34] [INFO   ] org.mutationtesting.major.mutation.Mutator.nextMutant:
    Creating mutant 8
[05/24 20:48:34] [INFO   ] org.mutationtesting.major.mutation.Mutator.logMutant:
    Logging mutant 8: Solution.countDigitOne(line 21, col 23)
            mutation operator group:   AOR
            mutation operator:         /(int,int) |==> %(int,int)
            original:                  k / 10 
            mutant:                    k % 10
[05/24 20:48:34] [INFO   ] org.mutationtesting.major.mutation.Mutator.nextMutant:
    Creating mutant 9
[05/24 20:48:34] [INFO   ] org.mutationtesting.major.mutation.Mutator.logMutant:
    Logging mutant 9: Solution.countDigitOne(line 21, col 23)
            mutation operator group:   AOR
            mutation operator:         /(int,int) |==> *(int,int)
            original:                  k / 10 
            mutant:                    k * 10
[05/24 20:48:34] [INFO   ] org.mutationtesting.major.mutation.Mutator.nextMutant:
    Creating mutant 10
[05/24 20:48:34] [INFO   ] org.mutationtesting.major.mutation.Mutator.logMutant:
    Logging mutant 10: Solution.countDigitOne(line 21, col 23)
            mutation operator group:   AOR
            mutation operator:         /(int,int) |==> +(int,int)
            original:                  k / 10 
            mutant:                    k + 10
[05/24 20:48:34] [INFO   ] org.mutationtesting.major.mutation.Mutator.nextMutant:
    Creating mutant 11
[05/24 20:48:34] [INFO   ] org.mutationtesting.major.mutation.Mutator.logMutant:
    Logging mutant 11: Solution.countDigitOne(line 21, col 23)
            mutation operator group:   AOR
            mutation operator:         /(int,int) |==> -(int,int)
            original:                  k / 10 
            mutant:                    k - 10
[05/24 20:48:34] [INFO   ] org.mutationtesting.major.mutation.Mutator.nextMutant:
    Creating mutant 12
[05/24 20:48:34] [INFO   ] org.mutationtesting.major.mutation.Mutator.logMutant:
    Logging mutant 12: Solution.countDigitOne(line 22, col 21)
            mutation operator group:   ROR
            mutation operator:         ==(int,int) |==> <=(int,int)
            original:                  rem == 0 
            mutant:                    rem <= 0
[05/24 20:48:34] [INFO   ] org.mutationtesting.major.mutation.Mutator.nextMutant:
    Creating mutant 13
[05/24 20:48:34] [INFO   ] org.mutationtesting.major.mutation.Mutator.logMutant:
    Logging mutant 13: Solution.countDigitOne(line 22, col 21)
            mutation operator group:   ROR
            mutation operator:         ==(int,int) |==> >=(int,int)
            original:                  rem == 0 
            mutant:                    rem >= 0
[05/24 20:48:34] [INFO   ] org.mutationtesting.major.mutation.Mutator.nextMutant:
    Creating mutant 14
[05/24 20:48:34] [INFO   ] org.mutationtesting.major.mutation.Mutator.logMutant:
    Logging mutant 14: Solution.countDigitOne(line 22, col 21)
            mutation operator group:   ROR
            mutation operator:         ==(int,int) |==> FALSE(int,int)
            original:                  rem == 0 
            mutant:                    false
[05/24 20:48:34] [INFO   ] org.mutationtesting.major.mutation.Mutator.nextMutant:
    Creating mutant 15
[05/24 20:48:34] [INFO   ] org.mutationtesting.major.mutation.Mutator.logMutant:
    Logging mutant 15: Solution.countDigitOne(line 23, col 26)
            mutation operator group:   AOR
            mutation operator:         *(int,int) |==> %(int,int)
            original:                  q * curr10 
            mutant:                    q % curr10
[05/24 20:48:34] [INFO   ] org.mutationtesting.major.mutation.Mutator.nextMutant:
    Creating mutant 16
[05/24 20:48:34] [INFO   ] org.mutationtesting.major.mutation.Mutator.logMutant:
    Logging mutant 16: Solution.countDigitOne(line 23, col 26)
            mutation operator group:   AOR
            mutation operator:         *(int,int) |==> +(int,int)
            original:                  q * curr10 
            mutant:                    q + curr10
[05/24 20:48:34] [INFO   ] org.mutationtesting.major.mutation.Mutator.nextMutant:
    Creating mutant 17
[05/24 20:48:34] [INFO   ] org.mutationtesting.major.mutation.Mutator.logMutant:
    Logging mutant 17: Solution.countDigitOne(line 23, col 26)
            mutation operator group:   AOR
            mutation operator:         *(int,int) |==> -(int,int)
            original:                  q * curr10 
            mutant:                    q - curr10
[05/24 20:48:34] [INFO   ] org.mutationtesting.major.mutation.Mutator.nextMutant:
    Creating mutant 18
[05/24 20:48:34] [INFO   ] org.mutationtesting.major.mutation.Mutator.logMutant:
    Logging mutant 18: Solution.countDigitOne(line 23, col 26)
            mutation operator group:   AOR
            mutation operator:         *(int,int) |==> /(int,int)
            original:                  q * curr10 
            mutant:                    q / curr10
[05/24 20:48:34] [INFO   ] org.mutationtesting.major.mutation.Mutator.nextMutant:
    Creating mutant 19
[05/24 20:48:34] [INFO   ] org.mutationtesting.major.mutation.Mutator.logMutantSTD:
    Logging mutantSTD 19: (STD) ans += q * curr10; -> <NO-OP>
[05/24 20:48:34] [INFO   ] org.mutationtesting.major.mutation.Mutator.nextMutant:
    Creating mutant 20
[05/24 20:48:34] [INFO   ] org.mutationtesting.major.mutation.Mutator.logMutant:
    Logging mutant 20: Solution.countDigitOne(line 24, col 28)
            mutation operator group:   ROR
            mutation operator:         ==(int,int) |==> <=(int,int)
            original:                  rem == 1 
            mutant:                    rem <= 1
[05/24 20:48:34] [INFO   ] org.mutationtesting.major.mutation.Mutator.nextMutant:
    Creating mutant 21
[05/24 20:48:34] [INFO   ] org.mutationtesting.major.mutation.Mutator.logMutant:
    Logging mutant 21: Solution.countDigitOne(line 24, col 28)
            mutation operator group:   ROR
            mutation operator:         ==(int,int) |==> >=(int,int)
            original:                  rem == 1 
            mutant:                    rem >= 1
[05/24 20:48:34] [INFO   ] org.mutationtesting.major.mutation.Mutator.nextMutant:
    Creating mutant 22
[05/24 20:48:34] [INFO   ] org.mutationtesting.major.mutation.Mutator.logMutant:
    Logging mutant 22: Solution.countDigitOne(line 24, col 28)
            mutation operator group:   ROR
            mutation operator:         ==(int,int) |==> FALSE(int,int)
            original:                  rem == 1 
            mutant:                    false
[05/24 20:48:34] [INFO   ] org.mutationtesting.major.mutation.Mutator.nextMutant:
    Creating mutant 23
[05/24 20:48:34] [INFO   ] org.mutationtesting.major.mutation.Mutator.logMutant:
    Logging mutant 23: Solution.countDigitOne(line 25, col 26)
            mutation operator group:   AOR
            mutation operator:         *(int,int) |==> %(int,int)
            original:                  q * curr10 
            mutant:                    q % curr10
[05/24 20:48:34] [INFO   ] org.mutationtesting.major.mutation.Mutator.nextMutant:
    Creating mutant 24
[05/24 20:48:34] [INFO   ] org.mutationtesting.major.mutation.Mutator.logMutant:
    Logging mutant 24: Solution.countDigitOne(line 25, col 26)
            mutation operator group:   AOR
            mutation operator:         *(int,int) |==> +(int,int)
            original:                  q * curr10 
            mutant:                    q + curr10
[05/24 20:48:34] [INFO   ] org.mutationtesting.major.mutation.Mutator.nextMutant:
    Creating mutant 25
[05/24 20:48:34] [INFO   ] org.mutationtesting.major.mutation.Mutator.logMutant:
    Logging mutant 25: Solution.countDigitOne(line 25, col 26)
            mutation operator group:   AOR
            mutation operator:         *(int,int) |==> -(int,int)
            original:                  q * curr10 
            mutant:                    q - curr10
[05/24 20:48:34] [INFO   ] org.mutationtesting.major.mutation.Mutator.nextMutant:
    Creating mutant 26
[05/24 20:48:34] [INFO   ] org.mutationtesting.major.mutation.Mutator.logMutant:
    Logging mutant 26: Solution.countDigitOne(line 25, col 26)
            mutation operator group:   AOR
            mutation operator:         *(int,int) |==> /(int,int)
            original:                  q * curr10 
            mutant:                    q / curr10
[05/24 20:48:34] [INFO   ] org.mutationtesting.major.mutation.Mutator.nextMutant:
    Creating mutant 27
[05/24 20:48:34] [INFO   ] org.mutationtesting.major.mutation.Mutator.logMutant:
    Logging mutant 27: Solution.countDigitOne(line 25, col 35)
            mutation operator group:   AOR
            mutation operator:         +(int,int) |==> %(int,int)
            original:                  q * curr10 + cum 
            mutant:                    q * curr10 % cum
[05/24 20:48:34] [INFO   ] org.mutationtesting.major.mutation.Mutator.nextMutant:
    Creating mutant 28
[05/24 20:48:34] [INFO   ] org.mutationtesting.major.mutation.Mutator.logMutant:
    Logging mutant 28: Solution.countDigitOne(line 25, col 35)
            mutation operator group:   AOR
            mutation operator:         +(int,int) |==> *(int,int)
            original:                  q * curr10 + cum 
            mutant:                    q * curr10 * cum
[05/24 20:48:34] [INFO   ] org.mutationtesting.major.mutation.Mutator.nextMutant:
    Creating mutant 29
[05/24 20:48:34] [INFO   ] org.mutationtesting.major.mutation.Mutator.logMutant:
    Logging mutant 29: Solution.countDigitOne(line 25, col 35)
            mutation operator group:   AOR
            mutation operator:         +(int,int) |==> -(int,int)
            original:                  q * curr10 + cum 
            mutant:                    q * curr10 - cum
[05/24 20:48:34] [INFO   ] org.mutationtesting.major.mutation.Mutator.nextMutant:
    Creating mutant 30
[05/24 20:48:34] [INFO   ] org.mutationtesting.major.mutation.Mutator.logMutant:
    Logging mutant 30: Solution.countDigitOne(line 25, col 35)
            mutation operator group:   AOR
            mutation operator:         +(int,int) |==> /(int,int)
            original:                  q * curr10 + cum 
            mutant:                    q * curr10 / cum
[05/24 20:48:34] [INFO   ] org.mutationtesting.major.mutation.Mutator.nextMutant:
    Creating mutant 31
[05/24 20:48:34] [INFO   ] org.mutationtesting.major.mutation.Mutator.logMutant:
    Logging mutant 31: Solution.countDigitOne(line 25, col 41)
            mutation operator group:   AOR
            mutation operator:         +(int,int) |==> %(int,int)
            original:                  q * curr10 + cum + 1 
            mutant:                    (q * curr10 + cum) % 1
[05/24 20:48:34] [INFO   ] org.mutationtesting.major.mutation.Mutator.nextMutant:
    Creating mutant 32
[05/24 20:48:34] [INFO   ] org.mutationtesting.major.mutation.Mutator.logMutant:
    Logging mutant 32: Solution.countDigitOne(line 25, col 41)
            mutation operator group:   AOR
            mutation operator:         +(int,int) |==> *(int,int)
            original:                  q * curr10 + cum + 1 
            mutant:                    (q * curr10 + cum) * 1
[05/24 20:48:34] [INFO   ] org.mutationtesting.major.mutation.Mutator.nextMutant:
    Creating mutant 33
[05/24 20:48:34] [INFO   ] org.mutationtesting.major.mutation.Mutator.logMutant:
    Logging mutant 33: Solution.countDigitOne(line 25, col 41)
            mutation operator group:   AOR
            mutation operator:         +(int,int) |==> -(int,int)
            original:                  q * curr10 + cum + 1 
            mutant:                    q * curr10 + cum - 1
[05/24 20:48:34] [INFO   ] org.mutationtesting.major.mutation.Mutator.nextMutant:
    Creating mutant 34
[05/24 20:48:34] [INFO   ] org.mutationtesting.major.mutation.Mutator.logMutant:
    Logging mutant 34: Solution.countDigitOne(line 25, col 41)
            mutation operator group:   AOR
            mutation operator:         +(int,int) |==> /(int,int)
            original:                  q * curr10 + cum + 1 
            mutant:                    (q * curr10 + cum) / 1
[05/24 20:48:34] [INFO   ] org.mutationtesting.major.mutation.Mutator.nextMutant:
    Creating mutant 35
[05/24 20:48:34] [INFO   ] org.mutationtesting.major.mutation.Mutator.logMutantSTD:
    Logging mutantSTD 35: (STD) ans += q * curr10 + cum + 1; -> <NO-OP>
[05/24 20:48:34] [INFO   ] org.mutationtesting.major.mutation.Mutator.nextMutant:
    Creating mutant 36
[05/24 20:48:34] [INFO   ] org.mutationtesting.major.mutation.Mutator.logMutant:
    Logging mutant 36: Solution.countDigitOne(line 27, col 27)
            mutation operator group:   AOR
            mutation operator:         +(int,int) |==> %(int,int)
            original:                  q + 1 
            mutant:                    q % 1
[05/24 20:48:34] [INFO   ] org.mutationtesting.major.mutation.Mutator.nextMutant:
    Creating mutant 37
[05/24 20:48:34] [INFO   ] org.mutationtesting.major.mutation.Mutator.logMutant:
    Logging mutant 37: Solution.countDigitOne(line 27, col 27)
            mutation operator group:   AOR
            mutation operator:         +(int,int) |==> *(int,int)
            original:                  q + 1 
            mutant:                    q * 1
[05/24 20:48:34] [INFO   ] org.mutationtesting.major.mutation.Mutator.nextMutant:
    Creating mutant 38
[05/24 20:48:34] [INFO   ] org.mutationtesting.major.mutation.Mutator.logMutant:
    Logging mutant 38: Solution.countDigitOne(line 27, col 27)
            mutation operator group:   AOR
            mutation operator:         +(int,int) |==> -(int,int)
            original:                  q + 1 
            mutant:                    q - 1
[05/24 20:48:34] [INFO   ] org.mutationtesting.major.mutation.Mutator.nextMutant:
    Creating mutant 39
[05/24 20:48:34] [INFO   ] org.mutationtesting.major.mutation.Mutator.logMutant:
    Logging mutant 39: Solution.countDigitOne(line 27, col 27)
            mutation operator group:   AOR
            mutation operator:         +(int,int) |==> /(int,int)
            original:                  q + 1 
            mutant:                    q / 1
[05/24 20:48:34] [INFO   ] org.mutationtesting.major.mutation.Mutator.nextMutant:
    Creating mutant 40
[05/24 20:48:34] [INFO   ] org.mutationtesting.major.mutation.Mutator.logMutant:
    Logging mutant 40: Solution.countDigitOne(line 27, col 32)
            mutation operator group:   AOR
            mutation operator:         *(int,int) |==> %(int,int)
            original:                  (q + 1) * curr10 
            mutant:                    (q + 1) % curr10
[05/24 20:48:34] [INFO   ] org.mutationtesting.major.mutation.Mutator.nextMutant:
    Creating mutant 41
[05/24 20:48:34] [INFO   ] org.mutationtesting.major.mutation.Mutator.logMutant:
    Logging mutant 41: Solution.countDigitOne(line 27, col 32)
            mutation operator group:   AOR
            mutation operator:         *(int,int) |==> +(int,int)
            original:                  (q + 1) * curr10 
            mutant:                    (q + 1) + curr10
[05/24 20:48:34] [INFO   ] org.mutationtesting.major.mutation.Mutator.nextMutant:
    Creating mutant 42
[05/24 20:48:34] [INFO   ] org.mutationtesting.major.mutation.Mutator.logMutant:
    Logging mutant 42: Solution.countDigitOne(line 27, col 32)
            mutation operator group:   AOR
            mutation operator:         *(int,int) |==> -(int,int)
            original:                  (q + 1) * curr10 
            mutant:                    (q + 1) - curr10
[05/24 20:48:34] [INFO   ] org.mutationtesting.major.mutation.Mutator.nextMutant:
    Creating mutant 43
[05/24 20:48:34] [INFO   ] org.mutationtesting.major.mutation.Mutator.logMutant:
    Logging mutant 43: Solution.countDigitOne(line 27, col 32)
            mutation operator group:   AOR
            mutation operator:         *(int,int) |==> /(int,int)
            original:                  (q + 1) * curr10 
            mutant:                    (q + 1) / curr10
[05/24 20:48:34] [INFO   ] org.mutationtesting.major.mutation.Mutator.nextMutant:
    Creating mutant 44
[05/24 20:48:34] [INFO   ] org.mutationtesting.major.mutation.Mutator.logMutantSTD:
    Logging mutantSTD 44: (STD) ans += (q + 1) * curr10; -> <NO-OP>
[05/24 20:48:34] [INFO   ] org.mutationtesting.major.mutation.Mutator.nextMutant:
    Creating mutant 45
[05/24 20:48:34] [INFO   ] org.mutationtesting.major.mutation.Mutator.logMutantSTD:
    Logging mutantSTD 45: (STD) k = q; -> <NO-OP>
[05/24 20:48:34] [INFO   ] org.mutationtesting.major.mutation.Mutator.nextMutant:
    Creating mutant 46
[05/24 20:48:34] [INFO   ] org.mutationtesting.major.mutation.Mutator.logMutant:
    Logging mutant 46: Solution.countDigitOne(line 31, col 24)
            mutation operator group:   AOR
            mutation operator:         *(int,int) |==> %(int,int)
            original:                  rem * curr10 
            mutant:                    rem % curr10
[05/24 20:48:34] [INFO   ] org.mutationtesting.major.mutation.Mutator.nextMutant:
    Creating mutant 47
[05/24 20:48:34] [INFO   ] org.mutationtesting.major.mutation.Mutator.logMutant:
    Logging mutant 47: Solution.countDigitOne(line 31, col 24)
            mutation operator group:   AOR
            mutation operator:         *(int,int) |==> +(int,int)
            original:                  rem * curr10 
            mutant:                    rem + curr10
[05/24 20:48:34] [INFO   ] org.mutationtesting.major.mutation.Mutator.nextMutant:
    Creating mutant 48
[05/24 20:48:34] [INFO   ] org.mutationtesting.major.mutation.Mutator.logMutant:
    Logging mutant 48: Solution.countDigitOne(line 31, col 24)
            mutation operator group:   AOR
            mutation operator:         *(int,int) |==> -(int,int)
            original:                  rem * curr10 
            mutant:                    rem - curr10
[05/24 20:48:34] [INFO   ] org.mutationtesting.major.mutation.Mutator.nextMutant:
    Creating mutant 49
[05/24 20:48:34] [INFO   ] org.mutationtesting.major.mutation.Mutator.logMutant:
    Logging mutant 49: Solution.countDigitOne(line 31, col 24)
            mutation operator group:   AOR
            mutation operator:         *(int,int) |==> /(int,int)
            original:                  rem * curr10 
            mutant:                    rem / curr10
[05/24 20:48:34] [INFO   ] org.mutationtesting.major.mutation.Mutator.nextMutant:
    Creating mutant 50
[05/24 20:48:34] [INFO   ] org.mutationtesting.major.mutation.Mutator.logMutantSTD:
    Logging mutantSTD 50: (STD) cum += rem * curr10; -> <NO-OP>
[05/24 20:48:34] [INFO   ] org.mutationtesting.major.plugin.MajorPluginTaskListener.mutate:
    Generated 50 mutants (141 ms)
