ERROR:root:Failed to parse \F x.(F(x) & (_ = {NN})(x)). Error: The function '(_ = {NN})' is not a Lambda Expression, an Application Expression, or a functional predicate, so it may not take arguments.
\F x.(F(x) & (_ = {NN})(x))
                      ^
ERROR:root:An error occurred: The function '(_ = {NN})' is not a Lambda Expression, an Application Expression, or a functional predicate, so it may not take arguments.
\F x.(F(x) & (_ = {NN})(x))
                      ^
Sentence: `nums.length == 2 n` .
Tree XML:
<sentence>
  <tokens>
    <token start="0" span="1" pos="JJ" chunk="I-NP" entity="I-TIM" cat="N/N" id="t0_0" surf="`nums.length" base="`nums.length"/>
    <token start="1" span="1" pos="NN" chunk="I-NP" entity="I-TIM" cat="N/N" id="t0_1" surf="==" base="=="/>
    <token start="2" span="1" pos="CD" chunk="I-NP" entity="I-TIM" cat="N/N" id="t0_2" surf="2" base="2"/>
    <token start="3" span="1" pos="NN" chunk="I-NP" entity="I-TIM" cat="N" id="t0_3" surf="n`" base="n`"/>
    <token start="4" span="1" pos="." chunk="O" entity="O" cat="." id="t0_4" surf="." base="."/>
  </tokens>
  <ccg root="s0_sp0" id="s0_ccg0">
    <span root="true" id="s0_sp0" child="s0_sp1 s0_sp2" category="N" rule="fa"/>
    <span start="0" span="1" pos="JJ" chunk="I-NP" entity="I-TIM" id="s0_sp1" surf="`nums.length" base="`nums.length" terminal="t0_0" category="N/N"/>
    <span id="s0_sp2" child="s0_sp3 s0_sp4" category="N" rule="fa"/>
    <span start="1" span="1" pos="NN" chunk="I-NP" entity="I-TIM" id="s0_sp3" surf="==" base="==" terminal="t0_1" category="N/N"/>
    <span id="s0_sp4" child="s0_sp5 s0_sp6" category="N" rule="fa"/>
    <span start="2" span="1" pos="CD" chunk="I-NP" entity="I-TIM" id="s0_sp5" surf="2" base="2" terminal="t0_2" category="N/N"/>
    <span id="s0_sp6" child="s0_sp7 s0_sp8" category="N" rule="rp"/>
    <span start="3" span="1" pos="NN" chunk="I-NP" entity="I-TIM" id="s0_sp7" surf="n`" base="n`" terminal="t0_3" category="N"/>
    <span start="4" span="1" pos="." chunk="O" entity="O" id="s0_sp8" surf="." base="." terminal="t0_4" category="."/>
  </ccg>
</sentence>

