1:ROR:<(int,int):!=(int,int):g0001_0100.s0043_multiply_strings.Solution@getIntArray(java.lang.String):10:i < chars.length |==> i != chars.length
2:ROR:<(int,int):<=(int,int):g0001_0100.s0043_multiply_strings.Solution@getIntArray(java.lang.String):10:i < chars.length |==> i <= chars.length
3:ROR:<(int,int):FALSE(int,int):g0001_0100.s0043_multiply_strings.Solution@getIntArray(java.lang.String):10:i < chars.length |==> false
4:AOR:-(int,int):%(int,int):g0001_0100.s0043_multiply_strings.Solution@getIntArray(java.lang.String):11:chars[i] - '0' |==> chars[i] % '0'
5:AOR:-(int,int):*(int,int):g0001_0100.s0043_multiply_strings.Solution@getIntArray(java.lang.String):11:chars[i] - '0' |==> chars[i] * '0'
6:AOR:-(int,int):+(int,int):g0001_0100.s0043_multiply_strings.Solution@getIntArray(java.lang.String):11:chars[i] - '0' |==> chars[i] + '0'
7:AOR:-(int,int):/(int,int):g0001_0100.s0043_multiply_strings.Solution@getIntArray(java.lang.String):11:chars[i] - '0' |==> chars[i] / '0'
8:STD:<ASSIGN>:<NO-OP>:g0001_0100.s0043_multiply_strings.Solution@getIntArray(java.lang.String):11:arr[i] = chars[i] - '0'; |==> <NO-OP>
9:AOR:-(int,int):%(int,int):g0001_0100.s0043_multiply_strings.Solution@convertToStr(int[],int):17:res.length - i |==> res.length % i
10:AOR:-(int,int):*(int,int):g0001_0100.s0043_multiply_strings.Solution@convertToStr(int[],int):17:res.length - i |==> res.length * i
11:AOR:-(int,int):+(int,int):g0001_0100.s0043_multiply_strings.Solution@convertToStr(int[],int):17:res.length - i |==> res.length + i
12:AOR:-(int,int):/(int,int):g0001_0100.s0043_multiply_strings.Solution@convertToStr(int[],int):17:res.length - i |==> res.length / i
13:ROR:<(int,int):!=(int,int):g0001_0100.s0043_multiply_strings.Solution@convertToStr(int[],int):19:i < res.length |==> i != res.length
14:ROR:<(int,int):<=(int,int):g0001_0100.s0043_multiply_strings.Solution@convertToStr(int[],int):19:i < res.length |==> i <= res.length
15:ROR:<(int,int):FALSE(int,int):g0001_0100.s0043_multiply_strings.Solution@convertToStr(int[],int):19:i < res.length |==> false
16:AOR:+(int,int):%(int,int):g0001_0100.s0043_multiply_strings.Solution@convertToStr(int[],int):20:res[i] + '0' |==> res[i] % '0'
17:AOR:+(int,int):*(int,int):g0001_0100.s0043_multiply_strings.Solution@convertToStr(int[],int):20:res[i] + '0' |==> res[i] * '0'
18:AOR:+(int,int):-(int,int):g0001_0100.s0043_multiply_strings.Solution@convertToStr(int[],int):20:res[i] + '0' |==> res[i] - '0'
19:AOR:+(int,int):/(int,int):g0001_0100.s0043_multiply_strings.Solution@convertToStr(int[],int):20:res[i] + '0' |==> res[i] / '0'
20:STD:<ASSIGN>:<NO-OP>:g0001_0100.s0043_multiply_strings.Solution@convertToStr(int[],int):20:chars[k] = (char)(res[i] + '0'); |==> <NO-OP>
21:STD:<INC>:<NO-OP>:g0001_0100.s0043_multiply_strings.Solution@convertToStr(int[],int):21:k++; |==> <NO-OP>
22:AOR:+(int,int):%(int,int):g0001_0100.s0043_multiply_strings.Solution@multiply(java.lang.String,java.lang.String):36:arr1.length + arr2.length |==> arr1.length % arr2.length
23:AOR:+(int,int):*(int,int):g0001_0100.s0043_multiply_strings.Solution@multiply(java.lang.String,java.lang.String):36:arr1.length + arr2.length |==> arr1.length * arr2.length
24:AOR:+(int,int):-(int,int):g0001_0100.s0043_multiply_strings.Solution@multiply(java.lang.String,java.lang.String):36:arr1.length + arr2.length |==> arr1.length - arr2.length
25:AOR:+(int,int):/(int,int):g0001_0100.s0043_multiply_strings.Solution@multiply(java.lang.String,java.lang.String):36:arr1.length + arr2.length |==> arr1.length / arr2.length
26:AOR:+(int,int):%(int,int):g0001_0100.s0043_multiply_strings.Solution@multiply(java.lang.String,java.lang.String):37:arr1.length + arr2.length |==> arr1.length % arr2.length
27:AOR:+(int,int):*(int,int):g0001_0100.s0043_multiply_strings.Solution@multiply(java.lang.String,java.lang.String):37:arr1.length + arr2.length |==> arr1.length * arr2.length
28:AOR:+(int,int):-(int,int):g0001_0100.s0043_multiply_strings.Solution@multiply(java.lang.String,java.lang.String):37:arr1.length + arr2.length |==> arr1.length - arr2.length
29:AOR:+(int,int):/(int,int):g0001_0100.s0043_multiply_strings.Solution@multiply(java.lang.String,java.lang.String):37:arr1.length + arr2.length |==> arr1.length / arr2.length
30:AOR:-(int,int):%(int,int):g0001_0100.s0043_multiply_strings.Solution@multiply(java.lang.String,java.lang.String):37:arr1.length + arr2.length - 1 |==> (arr1.length + arr2.length) % 1
31:AOR:-(int,int):*(int,int):g0001_0100.s0043_multiply_strings.Solution@multiply(java.lang.String,java.lang.String):37:arr1.length + arr2.length - 1 |==> (arr1.length + arr2.length) * 1
32:AOR:-(int,int):+(int,int):g0001_0100.s0043_multiply_strings.Solution@multiply(java.lang.String,java.lang.String):37:arr1.length + arr2.length - 1 |==> arr1.length + arr2.length + 1
33:AOR:-(int,int):/(int,int):g0001_0100.s0043_multiply_strings.Solution@multiply(java.lang.String,java.lang.String):37:arr1.length + arr2.length - 1 |==> (arr1.length + arr2.length) / 1
34:AOR:-(int,int):%(int,int):g0001_0100.s0043_multiply_strings.Solution@multiply(java.lang.String,java.lang.String):38:arr2.length - 1 |==> arr2.length % 1
35:AOR:-(int,int):*(int,int):g0001_0100.s0043_multiply_strings.Solution@multiply(java.lang.String,java.lang.String):38:arr2.length - 1 |==> arr2.length * 1
36:AOR:-(int,int):+(int,int):g0001_0100.s0043_multiply_strings.Solution@multiply(java.lang.String,java.lang.String):38:arr2.length - 1 |==> arr2.length + 1
37:AOR:-(int,int):/(int,int):g0001_0100.s0043_multiply_strings.Solution@multiply(java.lang.String,java.lang.String):38:arr2.length - 1 |==> arr2.length / 1
38:ROR:>=(int,int):==(int,int):g0001_0100.s0043_multiply_strings.Solution@multiply(java.lang.String,java.lang.String):38:i >= 0 |==> i == 0
39:ROR:>=(int,int):>(int,int):g0001_0100.s0043_multiply_strings.Solution@multiply(java.lang.String,java.lang.String):38:i >= 0 |==> i > 0
40:ROR:>=(int,int):TRUE(int,int):g0001_0100.s0043_multiply_strings.Solution@multiply(java.lang.String,java.lang.String):38:i >= 0 |==> true
41:AOR:-(int,int):%(int,int):g0001_0100.s0043_multiply_strings.Solution@multiply(java.lang.String,java.lang.String):40:arr1.length - 1 |==> arr1.length % 1
42:AOR:-(int,int):*(int,int):g0001_0100.s0043_multiply_strings.Solution@multiply(java.lang.String,java.lang.String):40:arr1.length - 1 |==> arr1.length * 1
43:AOR:-(int,int):+(int,int):g0001_0100.s0043_multiply_strings.Solution@multiply(java.lang.String,java.lang.String):40:arr1.length - 1 |==> arr1.length + 1
44:AOR:-(int,int):/(int,int):g0001_0100.s0043_multiply_strings.Solution@multiply(java.lang.String,java.lang.String):40:arr1.length - 1 |==> arr1.length / 1
45:ROR:>=(int,int):==(int,int):g0001_0100.s0043_multiply_strings.Solution@multiply(java.lang.String,java.lang.String):40:j >= 0 |==> j == 0
46:ROR:>=(int,int):>(int,int):g0001_0100.s0043_multiply_strings.Solution@multiply(java.lang.String,java.lang.String):40:j >= 0 |==> j > 0
47:ROR:>=(int,int):TRUE(int,int):g0001_0100.s0043_multiply_strings.Solution@multiply(java.lang.String,java.lang.String):40:j >= 0 |==> true
48:AOR:*(int,int):%(int,int):g0001_0100.s0043_multiply_strings.Solution@multiply(java.lang.String,java.lang.String):41:arr2[i] * arr1[j] |==> arr2[i] % arr1[j]
49:AOR:*(int,int):+(int,int):g0001_0100.s0043_multiply_strings.Solution@multiply(java.lang.String,java.lang.String):41:arr2[i] * arr1[j] |==> arr2[i] + arr1[j]
50:AOR:*(int,int):-(int,int):g0001_0100.s0043_multiply_strings.Solution@multiply(java.lang.String,java.lang.String):41:arr2[i] * arr1[j] |==> arr2[i] - arr1[j]
51:AOR:*(int,int):/(int,int):g0001_0100.s0043_multiply_strings.Solution@multiply(java.lang.String,java.lang.String):41:arr2[i] * arr1[j] |==> arr2[i] / arr1[j]
52:STD:<ASSIGN>:<NO-OP>:g0001_0100.s0043_multiply_strings.Solution@multiply(java.lang.String,java.lang.String):41:res[k] += arr2[i] * arr1[j]; |==> <NO-OP>
53:STD:<DEC>:<NO-OP>:g0001_0100.s0043_multiply_strings.Solution@multiply(java.lang.String,java.lang.String):42:k--; |==> <NO-OP>
54:AOR:+(int,int):%(int,int):g0001_0100.s0043_multiply_strings.Solution@multiply(java.lang.String,java.lang.String):45:arr1.length + arr2.length |==> arr1.length % arr2.length
55:AOR:+(int,int):*(int,int):g0001_0100.s0043_multiply_strings.Solution@multiply(java.lang.String,java.lang.String):45:arr1.length + arr2.length |==> arr1.length * arr2.length
56:AOR:+(int,int):-(int,int):g0001_0100.s0043_multiply_strings.Solution@multiply(java.lang.String,java.lang.String):45:arr1.length + arr2.length |==> arr1.length - arr2.length
57:AOR:+(int,int):/(int,int):g0001_0100.s0043_multiply_strings.Solution@multiply(java.lang.String,java.lang.String):45:arr1.length + arr2.length |==> arr1.length / arr2.length
58:AOR:-(int,int):%(int,int):g0001_0100.s0043_multiply_strings.Solution@multiply(java.lang.String,java.lang.String):45:arr1.length + arr2.length - 1 |==> (arr1.length + arr2.length) % 1
59:AOR:-(int,int):*(int,int):g0001_0100.s0043_multiply_strings.Solution@multiply(java.lang.String,java.lang.String):45:arr1.length + arr2.length - 1 |==> (arr1.length + arr2.length) * 1
60:AOR:-(int,int):+(int,int):g0001_0100.s0043_multiply_strings.Solution@multiply(java.lang.String,java.lang.String):45:arr1.length + arr2.length - 1 |==> arr1.length + arr2.length + 1
61:AOR:-(int,int):/(int,int):g0001_0100.s0043_multiply_strings.Solution@multiply(java.lang.String,java.lang.String):45:arr1.length + arr2.length - 1 |==> (arr1.length + arr2.length) / 1
62:STD:<ASSIGN>:<NO-OP>:g0001_0100.s0043_multiply_strings.Solution@multiply(java.lang.String,java.lang.String):45:index = arr1.length + arr2.length - 1; |==> <NO-OP>
63:ROR:>=(int,int):==(int,int):g0001_0100.s0043_multiply_strings.Solution@multiply(java.lang.String,java.lang.String):47:i >= 0 |==> i == 0
64:ROR:>=(int,int):>(int,int):g0001_0100.s0043_multiply_strings.Solution@multiply(java.lang.String,java.lang.String):47:i >= 0 |==> i > 0
65:ROR:>=(int,int):TRUE(int,int):g0001_0100.s0043_multiply_strings.Solution@multiply(java.lang.String,java.lang.String):47:i >= 0 |==> true
66:AOR:+(int,int):%(int,int):g0001_0100.s0043_multiply_strings.Solution@multiply(java.lang.String,java.lang.String):48:res[i] + carry |==> res[i] % carry
67:AOR:+(int,int):*(int,int):g0001_0100.s0043_multiply_strings.Solution@multiply(java.lang.String,java.lang.String):48:res[i] + carry |==> res[i] * carry
68:AOR:+(int,int):-(int,int):g0001_0100.s0043_multiply_strings.Solution@multiply(java.lang.String,java.lang.String):48:res[i] + carry |==> res[i] - carry
69:AOR:+(int,int):/(int,int):g0001_0100.s0043_multiply_strings.Solution@multiply(java.lang.String,java.lang.String):48:res[i] + carry |==> res[i] / carry
70:AOR:%(int,int):*(int,int):g0001_0100.s0043_multiply_strings.Solution@multiply(java.lang.String,java.lang.String):49:temp % 10 |==> temp * 10
71:AOR:%(int,int):+(int,int):g0001_0100.s0043_multiply_strings.Solution@multiply(java.lang.String,java.lang.String):49:temp % 10 |==> temp + 10
72:AOR:%(int,int):-(int,int):g0001_0100.s0043_multiply_strings.Solution@multiply(java.lang.String,java.lang.String):49:temp % 10 |==> temp - 10
73:AOR:%(int,int):/(int,int):g0001_0100.s0043_multiply_strings.Solution@multiply(java.lang.String,java.lang.String):49:temp % 10 |==> temp / 10
74:STD:<ASSIGN>:<NO-OP>:g0001_0100.s0043_multiply_strings.Solution@multiply(java.lang.String,java.lang.String):49:res[i] = temp % 10; |==> <NO-OP>
75:AOR:/(int,int):%(int,int):g0001_0100.s0043_multiply_strings.Solution@multiply(java.lang.String,java.lang.String):50:temp / 10 |==> temp % 10
76:AOR:/(int,int):*(int,int):g0001_0100.s0043_multiply_strings.Solution@multiply(java.lang.String,java.lang.String):50:temp / 10 |==> temp * 10
77:AOR:/(int,int):+(int,int):g0001_0100.s0043_multiply_strings.Solution@multiply(java.lang.String,java.lang.String):50:temp / 10 |==> temp + 10
78:AOR:/(int,int):-(int,int):g0001_0100.s0043_multiply_strings.Solution@multiply(java.lang.String,java.lang.String):50:temp / 10 |==> temp - 10
79:STD:<ASSIGN>:<NO-OP>:g0001_0100.s0043_multiply_strings.Solution@multiply(java.lang.String,java.lang.String):50:carry = temp / 10; |==> <NO-OP>
80:ROR:<(int,int):!=(int,int):g0001_0100.s0043_multiply_strings.Solution@multiply(java.lang.String,java.lang.String):53:i < res.length |==> i != res.length
81:ROR:<(int,int):<=(int,int):g0001_0100.s0043_multiply_strings.Solution@multiply(java.lang.String,java.lang.String):53:i < res.length |==> i <= res.length
82:ROR:<(int,int):FALSE(int,int):g0001_0100.s0043_multiply_strings.Solution@multiply(java.lang.String,java.lang.String):53:i < res.length |==> false
83:ROR:==(int,int):<=(int,int):g0001_0100.s0043_multiply_strings.Solution@multiply(java.lang.String,java.lang.String):53:res[i] == 0 |==> res[i] <= 0
84:ROR:==(int,int):>=(int,int):g0001_0100.s0043_multiply_strings.Solution@multiply(java.lang.String,java.lang.String):53:res[i] == 0 |==> res[i] >= 0
85:ROR:==(int,int):FALSE(int,int):g0001_0100.s0043_multiply_strings.Solution@multiply(java.lang.String,java.lang.String):53:res[i] == 0 |==> false
86:COR:&&(boolean,boolean):==(boolean,boolean):g0001_0100.s0043_multiply_strings.Solution@multiply(java.lang.String,java.lang.String):53:i < res.length && res[i] == 0 |==> i < res.length == (res[i] == 0)
87:COR:&&(boolean,boolean):FALSE(boolean,boolean):g0001_0100.s0043_multiply_strings.Solution@multiply(java.lang.String,java.lang.String):53:i < res.length && res[i] == 0 |==> false
88:COR:&&(boolean,boolean):LHS(boolean,boolean):g0001_0100.s0043_multiply_strings.Solution@multiply(java.lang.String,java.lang.String):53:i < res.length && res[i] == 0 |==> i < res.length
89:COR:&&(boolean,boolean):RHS(boolean,boolean):g0001_0100.s0043_multiply_strings.Solution@multiply(java.lang.String,java.lang.String):53:i < res.length && res[i] == 0 |==> res[i] == 0
90:STD:<INC>:<NO-OP>:g0001_0100.s0043_multiply_strings.Solution@multiply(java.lang.String,java.lang.String):54:i++; |==> <NO-OP>
91:ROR:>(int,int):!=(int,int):g0001_0100.s0043_multiply_strings.Solution@multiply(java.lang.String,java.lang.String):57:i > index |==> i != index
92:ROR:>(int,int):>=(int,int):g0001_0100.s0043_multiply_strings.Solution@multiply(java.lang.String,java.lang.String):57:i > index |==> i >= index
93:ROR:>(int,int):FALSE(int,int):g0001_0100.s0043_multiply_strings.Solution@multiply(java.lang.String,java.lang.String):57:i > index |==> false
