[06/24 16:49:39] [INFO   ] org.mutationtesting.major.plugin.MajorPluginTaskListener.<init>:
    Created MajorPluginTaskListener with options: [mml:../../major/mml/all.mml.bin]
[06/24 16:49:39] [INFO   ] org.mutationtesting.major.mutation.Mutator.initOperatorSymbols:
    Initializing operator symbols for opcode mapping
[06/24 16:49:39] [INFO   ] org.mutationtesting.major.mutation.Mutator.mutateTree:
    Mutating tree: Env[AttrContext[Scope[super, this]],outer=Env[AttrContext[Scope[java.util.Collections, java.util.Arrays, g0001_0100.s0067_add_binary.Solution]]]]
[06/24 16:49:39] [INFO   ] org.mutationtesting.major.mutation.Mutator.visitClassDef:
    CLASS: g0001_0100.s0067_add_binary.Solution
[06/24 16:49:39] [INFO   ] org.mutationtesting.major.mutation.Mutator.visitMethodDef:
    METHOD: <init>([])null
[06/24 16:49:39] [INFO   ] org.mutationtesting.major.mutation.Mutator.visitMethodDef:
    METHOD: addBinary([String a, String b])String
[06/24 16:49:39] [INFO   ] org.mutationtesting.major.mutation.Mutator.nextMutant:
    Creating mutant 1
[06/24 16:49:39] [INFO   ] org.mutationtesting.major.mutation.Mutator.logMutant:
    Logging mutant 1: Solution.addBinary(line 21, col 31)
            mutation operator group:   AOR
            mutation operator:         -(int,int) |==> %(int,int)
            original:                  aArray.length - 1 
            mutant:                    aArray.length % 1
[06/24 16:49:39] [INFO   ] org.mutationtesting.major.mutation.Mutator.nextMutant:
    Creating mutant 2
[06/24 16:49:39] [INFO   ] org.mutationtesting.major.mutation.Mutator.logMutant:
    Logging mutant 2: Solution.addBinary(line 21, col 31)
            mutation operator group:   AOR
            mutation operator:         -(int,int) |==> *(int,int)
            original:                  aArray.length - 1 
            mutant:                    aArray.length * 1
[06/24 16:49:39] [INFO   ] org.mutationtesting.major.mutation.Mutator.nextMutant:
    Creating mutant 3
[06/24 16:49:39] [INFO   ] org.mutationtesting.major.mutation.Mutator.logMutant:
    Logging mutant 3: Solution.addBinary(line 21, col 31)
            mutation operator group:   AOR
            mutation operator:         -(int,int) |==> +(int,int)
            original:                  aArray.length - 1 
            mutant:                    aArray.length + 1
[06/24 16:49:39] [INFO   ] org.mutationtesting.major.mutation.Mutator.nextMutant:
    Creating mutant 4
[06/24 16:49:39] [INFO   ] org.mutationtesting.major.mutation.Mutator.logMutant:
    Logging mutant 4: Solution.addBinary(line 21, col 31)
            mutation operator group:   AOR
            mutation operator:         -(int,int) |==> /(int,int)
            original:                  aArray.length - 1 
            mutant:                    aArray.length / 1
[06/24 16:49:39] [INFO   ] org.mutationtesting.major.mutation.Mutator.nextMutant:
    Creating mutant 5
[06/24 16:49:39] [INFO   ] org.mutationtesting.major.mutation.Mutator.logMutant:
    Logging mutant 5: Solution.addBinary(line 22, col 31)
            mutation operator group:   AOR
            mutation operator:         -(int,int) |==> %(int,int)
            original:                  bArray.length - 1 
            mutant:                    bArray.length % 1
[06/24 16:49:39] [INFO   ] org.mutationtesting.major.mutation.Mutator.nextMutant:
    Creating mutant 6
[06/24 16:49:39] [INFO   ] org.mutationtesting.major.mutation.Mutator.logMutant:
    Logging mutant 6: Solution.addBinary(line 22, col 31)
            mutation operator group:   AOR
            mutation operator:         -(int,int) |==> *(int,int)
            original:                  bArray.length - 1 
            mutant:                    bArray.length * 1
[06/24 16:49:39] [INFO   ] org.mutationtesting.major.mutation.Mutator.nextMutant:
    Creating mutant 7
[06/24 16:49:39] [INFO   ] org.mutationtesting.major.mutation.Mutator.logMutant:
    Logging mutant 7: Solution.addBinary(line 22, col 31)
            mutation operator group:   AOR
            mutation operator:         -(int,int) |==> +(int,int)
            original:                  bArray.length - 1 
            mutant:                    bArray.length + 1
[06/24 16:49:39] [INFO   ] org.mutationtesting.major.mutation.Mutator.nextMutant:
    Creating mutant 8
[06/24 16:49:39] [INFO   ] org.mutationtesting.major.mutation.Mutator.logMutant:
    Logging mutant 8: Solution.addBinary(line 22, col 31)
            mutation operator group:   AOR
            mutation operator:         -(int,int) |==> /(int,int)
            original:                  bArray.length - 1 
            mutant:                    bArray.length / 1
[06/24 16:49:39] [INFO   ] org.mutationtesting.major.mutation.Mutator.nextMutant:
    Creating mutant 9
[06/24 16:49:39] [INFO   ] org.mutationtesting.major.mutation.Mutator.logMutant:
    Logging mutant 9: Solution.addBinary(line 25, col 18)
            mutation operator group:   ROR
            mutation operator:         >=(int,int) |==> ==(int,int)
            original:                  i >= 0 
            mutant:                    i == 0
[06/24 16:49:39] [INFO   ] org.mutationtesting.major.mutation.Mutator.nextMutant:
    Creating mutant 10
[06/24 16:49:39] [INFO   ] org.mutationtesting.major.mutation.Mutator.logMutant:
    Logging mutant 10: Solution.addBinary(line 25, col 18)
            mutation operator group:   ROR
            mutation operator:         >=(int,int) |==> >(int,int)
            original:                  i >= 0 
            mutant:                    i > 0
[06/24 16:49:39] [INFO   ] org.mutationtesting.major.mutation.Mutator.nextMutant:
    Creating mutant 11
[06/24 16:49:39] [INFO   ] org.mutationtesting.major.mutation.Mutator.logMutant:
    Logging mutant 11: Solution.addBinary(line 25, col 18)
            mutation operator group:   ROR
            mutation operator:         >=(int,int) |==> TRUE(int,int)
            original:                  i >= 0 
            mutant:                    true
[06/24 16:49:39] [INFO   ] org.mutationtesting.major.mutation.Mutator.nextMutant:
    Creating mutant 12
[06/24 16:49:39] [INFO   ] org.mutationtesting.major.mutation.Mutator.logMutant:
    Logging mutant 12: Solution.addBinary(line 25, col 28)
            mutation operator group:   ROR
            mutation operator:         >=(int,int) |==> ==(int,int)
            original:                  j >= 0 
            mutant:                    j == 0
[06/24 16:49:39] [INFO   ] org.mutationtesting.major.mutation.Mutator.nextMutant:
    Creating mutant 13
[06/24 16:49:39] [INFO   ] org.mutationtesting.major.mutation.Mutator.logMutant:
    Logging mutant 13: Solution.addBinary(line 25, col 28)
            mutation operator group:   ROR
            mutation operator:         >=(int,int) |==> >(int,int)
            original:                  j >= 0 
            mutant:                    j > 0
[06/24 16:49:39] [INFO   ] org.mutationtesting.major.mutation.Mutator.nextMutant:
    Creating mutant 14
[06/24 16:49:39] [INFO   ] org.mutationtesting.major.mutation.Mutator.logMutant:
    Logging mutant 14: Solution.addBinary(line 25, col 28)
            mutation operator group:   ROR
            mutation operator:         >=(int,int) |==> TRUE(int,int)
            original:                  j >= 0 
            mutant:                    true
[06/24 16:49:39] [INFO   ] org.mutationtesting.major.mutation.Mutator.nextMutant:
    Creating mutant 15
[06/24 16:49:39] [INFO   ] org.mutationtesting.major.mutation.Mutator.logMutant:
    Logging mutant 15: Solution.addBinary(line 25, col 23)
            mutation operator group:   COR
            mutation operator:         ||(boolean,boolean) |==> !=(boolean,boolean)
            original:                  i >= 0 || j >= 0 
            mutant:                    i >= 0 != j >= 0
[06/24 16:49:39] [INFO   ] org.mutationtesting.major.mutation.Mutator.nextMutant:
    Creating mutant 16
[06/24 16:49:39] [INFO   ] org.mutationtesting.major.mutation.Mutator.logMutant:
    Logging mutant 16: Solution.addBinary(line 25, col 18)
            mutation operator group:   COR
            mutation operator:         ||(boolean,boolean) |==> LHS(boolean,boolean)
            original:                  i >= 0 || j >= 0 
            mutant:                    i >= 0
[06/24 16:49:39] [INFO   ] org.mutationtesting.major.mutation.Mutator.nextMutant:
    Creating mutant 17
[06/24 16:49:39] [INFO   ] org.mutationtesting.major.mutation.Mutator.logMutant:
    Logging mutant 17: Solution.addBinary(line 25, col 28)
            mutation operator group:   COR
            mutation operator:         ||(boolean,boolean) |==> RHS(boolean,boolean)
            original:                  i >= 0 || j >= 0 
            mutant:                    j >= 0
[06/24 16:49:39] [INFO   ] org.mutationtesting.major.mutation.Mutator.nextMutant:
    Creating mutant 18
[06/24 16:49:39] [INFO   ] org.mutationtesting.major.mutation.Mutator.logMutant:
    Logging mutant 18: Solution.addBinary(line 25, col 23)
            mutation operator group:   COR
            mutation operator:         ||(boolean,boolean) |==> TRUE(boolean,boolean)
            original:                  i >= 0 || j >= 0 
            mutant:                    true
[06/24 16:49:39] [INFO   ] org.mutationtesting.major.mutation.Mutator.nextMutant:
    Creating mutant 19
[06/24 16:49:39] [INFO   ] org.mutationtesting.major.mutation.Mutator.logMutant:
    Logging mutant 19: Solution.addBinary(line 26, col 26)
            mutation operator group:   ROR
            mutation operator:         >=(int,int) |==> ==(int,int)
            original:                  i >= 0 
            mutant:                    i == 0
[06/24 16:49:39] [INFO   ] org.mutationtesting.major.mutation.Mutator.nextMutant:
    Creating mutant 20
[06/24 16:49:39] [INFO   ] org.mutationtesting.major.mutation.Mutator.logMutant:
    Logging mutant 20: Solution.addBinary(line 26, col 26)
            mutation operator group:   ROR
            mutation operator:         >=(int,int) |==> >(int,int)
            original:                  i >= 0 
            mutant:                    i > 0
[06/24 16:49:39] [INFO   ] org.mutationtesting.major.mutation.Mutator.nextMutant:
    Creating mutant 21
[06/24 16:49:39] [INFO   ] org.mutationtesting.major.mutation.Mutator.logMutant:
    Logging mutant 21: Solution.addBinary(line 26, col 26)
            mutation operator group:   ROR
            mutation operator:         >=(int,int) |==> TRUE(int,int)
            original:                  i >= 0 
            mutant:                    true
[06/24 16:49:39] [INFO   ] org.mutationtesting.major.mutation.Mutator.nextMutant:
    Creating mutant 22
[06/24 16:49:39] [INFO   ] org.mutationtesting.major.mutation.Mutator.logMutant:
    Logging mutant 22: Solution.addBinary(line 26, col 43)
            mutation operator group:   AOR
            mutation operator:         -(int,int) |==> %(int,int)
            original:                  aArray[i] - '0' 
            mutant:                    aArray[i] % '0'
[06/24 16:49:39] [INFO   ] org.mutationtesting.major.mutation.Mutator.nextMutant:
    Creating mutant 23
[06/24 16:49:39] [INFO   ] org.mutationtesting.major.mutation.Mutator.logMutant:
    Logging mutant 23: Solution.addBinary(line 26, col 43)
            mutation operator group:   AOR
            mutation operator:         -(int,int) |==> *(int,int)
            original:                  aArray[i] - '0' 
            mutant:                    aArray[i] * '0'
[06/24 16:49:39] [INFO   ] org.mutationtesting.major.mutation.Mutator.nextMutant:
    Creating mutant 24
[06/24 16:49:39] [INFO   ] org.mutationtesting.major.mutation.Mutator.logMutant:
    Logging mutant 24: Solution.addBinary(line 26, col 43)
            mutation operator group:   AOR
            mutation operator:         -(int,int) |==> +(int,int)
            original:                  aArray[i] - '0' 
            mutant:                    aArray[i] + '0'
[06/24 16:49:39] [INFO   ] org.mutationtesting.major.mutation.Mutator.nextMutant:
    Creating mutant 25
[06/24 16:49:39] [INFO   ] org.mutationtesting.major.mutation.Mutator.logMutant:
    Logging mutant 25: Solution.addBinary(line 26, col 43)
            mutation operator group:   AOR
            mutation operator:         -(int,int) |==> /(int,int)
            original:                  aArray[i] - '0' 
            mutant:                    aArray[i] / '0'
[06/24 16:49:39] [INFO   ] org.mutationtesting.major.mutation.Mutator.nextMutant:
    Creating mutant 26
[06/24 16:49:39] [INFO   ] org.mutationtesting.major.mutation.Mutator.logMutant:
    Logging mutant 26: Solution.addBinary(line 26, col 59)
            mutation operator group:   ROR
            mutation operator:         >=(int,int) |==> ==(int,int)
            original:                  j >= 0 
            mutant:                    j == 0
[06/24 16:49:39] [INFO   ] org.mutationtesting.major.mutation.Mutator.nextMutant:
    Creating mutant 27
[06/24 16:49:39] [INFO   ] org.mutationtesting.major.mutation.Mutator.logMutant:
    Logging mutant 27: Solution.addBinary(line 26, col 59)
            mutation operator group:   ROR
            mutation operator:         >=(int,int) |==> >(int,int)
            original:                  j >= 0 
            mutant:                    j > 0
[06/24 16:49:39] [INFO   ] org.mutationtesting.major.mutation.Mutator.nextMutant:
    Creating mutant 28
[06/24 16:49:39] [INFO   ] org.mutationtesting.major.mutation.Mutator.logMutant:
    Logging mutant 28: Solution.addBinary(line 26, col 59)
            mutation operator group:   ROR
            mutation operator:         >=(int,int) |==> TRUE(int,int)
            original:                  j >= 0 
            mutant:                    true
[06/24 16:49:39] [INFO   ] org.mutationtesting.major.mutation.Mutator.nextMutant:
    Creating mutant 29
[06/24 16:49:39] [INFO   ] org.mutationtesting.major.mutation.Mutator.logMutant:
    Logging mutant 29: Solution.addBinary(line 26, col 76)
            mutation operator group:   AOR
            mutation operator:         -(int,int) |==> %(int,int)
            original:                  bArray[j] - '0' 
            mutant:                    bArray[j] % '0'
[06/24 16:49:39] [INFO   ] org.mutationtesting.major.mutation.Mutator.nextMutant:
    Creating mutant 30
[06/24 16:49:39] [INFO   ] org.mutationtesting.major.mutation.Mutator.logMutant:
    Logging mutant 30: Solution.addBinary(line 26, col 76)
            mutation operator group:   AOR
            mutation operator:         -(int,int) |==> *(int,int)
            original:                  bArray[j] - '0' 
            mutant:                    bArray[j] * '0'
[06/24 16:49:39] [INFO   ] org.mutationtesting.major.mutation.Mutator.nextMutant:
    Creating mutant 31
[06/24 16:49:39] [INFO   ] org.mutationtesting.major.mutation.Mutator.logMutant:
    Logging mutant 31: Solution.addBinary(line 26, col 76)
            mutation operator group:   AOR
            mutation operator:         -(int,int) |==> +(int,int)
            original:                  bArray[j] - '0' 
            mutant:                    bArray[j] + '0'
[06/24 16:49:39] [INFO   ] org.mutationtesting.major.mutation.Mutator.nextMutant:
    Creating mutant 32
[06/24 16:49:39] [INFO   ] org.mutationtesting.major.mutation.Mutator.logMutant:
    Logging mutant 32: Solution.addBinary(line 26, col 76)
            mutation operator group:   AOR
            mutation operator:         -(int,int) |==> /(int,int)
            original:                  bArray[j] - '0' 
            mutant:                    bArray[j] / '0'
[06/24 16:49:39] [INFO   ] org.mutationtesting.major.mutation.Mutator.nextMutant:
    Creating mutant 33
[06/24 16:49:39] [INFO   ] org.mutationtesting.major.mutation.Mutator.logMutant:
    Logging mutant 33: Solution.addBinary(line 26, col 54)
            mutation operator group:   AOR
            mutation operator:         +(int,int) |==> %(int,int)
            original:                  (i >= 0 ? aArray[i] - '0' : 0) + (j >= 0 ? bArray[j] - '0' : 0) 
            mutant:                    (i >= 0 ? aArray[i] - '0' : 0) % (j >= 0 ? bArray[j] - '0' : 0)
[06/24 16:49:39] [INFO   ] org.mutationtesting.major.mutation.Mutator.nextMutant:
    Creating mutant 34
[06/24 16:49:39] [INFO   ] org.mutationtesting.major.mutation.Mutator.logMutant:
    Logging mutant 34: Solution.addBinary(line 26, col 54)
            mutation operator group:   AOR
            mutation operator:         +(int,int) |==> *(int,int)
            original:                  (i >= 0 ? aArray[i] - '0' : 0) + (j >= 0 ? bArray[j] - '0' : 0) 
            mutant:                    (i >= 0 ? aArray[i] - '0' : 0) * (j >= 0 ? bArray[j] - '0' : 0)
[06/24 16:49:39] [INFO   ] org.mutationtesting.major.mutation.Mutator.nextMutant:
    Creating mutant 35
[06/24 16:49:39] [INFO   ] org.mutationtesting.major.mutation.Mutator.logMutant:
    Logging mutant 35: Solution.addBinary(line 26, col 54)
            mutation operator group:   AOR
            mutation operator:         +(int,int) |==> -(int,int)
            original:                  (i >= 0 ? aArray[i] - '0' : 0) + (j >= 0 ? bArray[j] - '0' : 0) 
            mutant:                    (i >= 0 ? aArray[i] - '0' : 0) - (j >= 0 ? bArray[j] - '0' : 0)
[06/24 16:49:39] [INFO   ] org.mutationtesting.major.mutation.Mutator.nextMutant:
    Creating mutant 36
[06/24 16:49:39] [INFO   ] org.mutationtesting.major.mutation.Mutator.logMutant:
    Logging mutant 36: Solution.addBinary(line 26, col 54)
            mutation operator group:   AOR
            mutation operator:         +(int,int) |==> /(int,int)
            original:                  (i >= 0 ? aArray[i] - '0' : 0) + (j >= 0 ? bArray[j] - '0' : 0) 
            mutant:                    (i >= 0 ? aArray[i] - '0' : 0) / (j >= 0 ? bArray[j] - '0' : 0)
[06/24 16:49:39] [INFO   ] org.mutationtesting.major.mutation.Mutator.nextMutant:
    Creating mutant 37
[06/24 16:49:39] [INFO   ] org.mutationtesting.major.mutation.Mutator.logMutant:
    Logging mutant 37: Solution.addBinary(line 26, col 87)
            mutation operator group:   AOR
            mutation operator:         +(int,int) |==> %(int,int)
            original:                  (i >= 0 ? aArray[i] - '0' : 0) + (j >= 0 ? bArray[j] - '0' : 0) + carry 
            mutant:                    ((i >= 0 ? aArray[i] - '0' : 0) + (j >= 0 ? bArray[j] - '0' : 0)) % carry
[06/24 16:49:39] [INFO   ] org.mutationtesting.major.mutation.Mutator.nextMutant:
    Creating mutant 38
[06/24 16:49:39] [INFO   ] org.mutationtesting.major.mutation.Mutator.logMutant:
    Logging mutant 38: Solution.addBinary(line 26, col 87)
            mutation operator group:   AOR
            mutation operator:         +(int,int) |==> *(int,int)
            original:                  (i >= 0 ? aArray[i] - '0' : 0) + (j >= 0 ? bArray[j] - '0' : 0) + carry 
            mutant:                    ((i >= 0 ? aArray[i] - '0' : 0) + (j >= 0 ? bArray[j] - '0' : 0)) * carry
[06/24 16:49:39] [INFO   ] org.mutationtesting.major.mutation.Mutator.nextMutant:
    Creating mutant 39
[06/24 16:49:39] [INFO   ] org.mutationtesting.major.mutation.Mutator.logMutant:
    Logging mutant 39: Solution.addBinary(line 26, col 87)
            mutation operator group:   AOR
            mutation operator:         +(int,int) |==> -(int,int)
            original:                  (i >= 0 ? aArray[i] - '0' : 0) + (j >= 0 ? bArray[j] - '0' : 0) + carry 
            mutant:                    (i >= 0 ? aArray[i] - '0' : 0) + (j >= 0 ? bArray[j] - '0' : 0) - carry
[06/24 16:49:39] [INFO   ] org.mutationtesting.major.mutation.Mutator.nextMutant:
    Creating mutant 40
[06/24 16:49:39] [INFO   ] org.mutationtesting.major.mutation.Mutator.logMutant:
    Logging mutant 40: Solution.addBinary(line 26, col 87)
            mutation operator group:   AOR
            mutation operator:         +(int,int) |==> /(int,int)
            original:                  (i >= 0 ? aArray[i] - '0' : 0) + (j >= 0 ? bArray[j] - '0' : 0) + carry 
            mutant:                    ((i >= 0 ? aArray[i] - '0' : 0) + (j >= 0 ? bArray[j] - '0' : 0)) / carry
[06/24 16:49:39] [INFO   ] org.mutationtesting.major.mutation.Mutator.nextMutant:
    Creating mutant 41
[06/24 16:49:39] [INFO   ] org.mutationtesting.major.mutation.Mutator.logMutant:
    Logging mutant 41: Solution.addBinary(line 27, col 27)
            mutation operator group:   AOR
            mutation operator:         %(int,int) |==> *(int,int)
            original:                  sum % 2 
            mutant:                    sum * 2
[06/24 16:49:39] [INFO   ] org.mutationtesting.major.mutation.Mutator.nextMutant:
    Creating mutant 42
[06/24 16:49:39] [INFO   ] org.mutationtesting.major.mutation.Mutator.logMutant:
    Logging mutant 42: Solution.addBinary(line 27, col 27)
            mutation operator group:   AOR
            mutation operator:         %(int,int) |==> +(int,int)
            original:                  sum % 2 
            mutant:                    sum + 2
[06/24 16:49:39] [INFO   ] org.mutationtesting.major.mutation.Mutator.nextMutant:
    Creating mutant 43
[06/24 16:49:39] [INFO   ] org.mutationtesting.major.mutation.Mutator.logMutant:
    Logging mutant 43: Solution.addBinary(line 27, col 27)
            mutation operator group:   AOR
            mutation operator:         %(int,int) |==> -(int,int)
            original:                  sum % 2 
            mutant:                    sum - 2
[06/24 16:49:39] [INFO   ] org.mutationtesting.major.mutation.Mutator.nextMutant:
    Creating mutant 44
[06/24 16:49:39] [INFO   ] org.mutationtesting.major.mutation.Mutator.logMutant:
    Logging mutant 44: Solution.addBinary(line 27, col 27)
            mutation operator group:   AOR
            mutation operator:         %(int,int) |==> /(int,int)
            original:                  sum % 2 
            mutant:                    sum / 2
[06/24 16:49:39] [INFO   ] org.mutationtesting.major.mutation.Mutator.nextMutant:
    Creating mutant 45
[06/24 16:49:39] [INFO   ] org.mutationtesting.major.mutation.Mutator.logMutantSTD:
    Logging mutantSTD 45: (STD) sb.append(sum % 2); -> <NO-OP>
[06/24 16:49:39] [INFO   ] org.mutationtesting.major.mutation.Mutator.nextMutant:
    Creating mutant 46
[06/24 16:49:39] [INFO   ] org.mutationtesting.major.mutation.Mutator.logMutant:
    Logging mutant 46: Solution.addBinary(line 28, col 25)
            mutation operator group:   AOR
            mutation operator:         /(int,int) |==> %(int,int)
            original:                  sum / 2 
            mutant:                    sum % 2
[06/24 16:49:39] [INFO   ] org.mutationtesting.major.mutation.Mutator.nextMutant:
    Creating mutant 47
[06/24 16:49:39] [INFO   ] org.mutationtesting.major.mutation.Mutator.logMutant:
    Logging mutant 47: Solution.addBinary(line 28, col 25)
            mutation operator group:   AOR
            mutation operator:         /(int,int) |==> *(int,int)
            original:                  sum / 2 
            mutant:                    sum * 2
[06/24 16:49:39] [INFO   ] org.mutationtesting.major.mutation.Mutator.nextMutant:
    Creating mutant 48
[06/24 16:49:39] [INFO   ] org.mutationtesting.major.mutation.Mutator.logMutant:
    Logging mutant 48: Solution.addBinary(line 28, col 25)
            mutation operator group:   AOR
            mutation operator:         /(int,int) |==> +(int,int)
            original:                  sum / 2 
            mutant:                    sum + 2
[06/24 16:49:39] [INFO   ] org.mutationtesting.major.mutation.Mutator.nextMutant:
    Creating mutant 49
[06/24 16:49:39] [INFO   ] org.mutationtesting.major.mutation.Mutator.logMutant:
    Logging mutant 49: Solution.addBinary(line 28, col 25)
            mutation operator group:   AOR
            mutation operator:         /(int,int) |==> -(int,int)
            original:                  sum / 2 
            mutant:                    sum - 2
[06/24 16:49:39] [INFO   ] org.mutationtesting.major.mutation.Mutator.nextMutant:
    Creating mutant 50
[06/24 16:49:39] [INFO   ] org.mutationtesting.major.mutation.Mutator.logMutantSTD:
    Logging mutantSTD 50: (STD) carry = sum / 2; -> <NO-OP>
[06/24 16:49:39] [INFO   ] org.mutationtesting.major.mutation.Mutator.nextMutant:
    Creating mutant 51
[06/24 16:49:39] [INFO   ] org.mutationtesting.major.mutation.Mutator.logMutant:
    Logging mutant 51: Solution.addBinary(line 29, col 19)
            mutation operator group:   ROR
            mutation operator:         >=(int,int) |==> ==(int,int)
            original:                  i >= 0 
            mutant:                    i == 0
[06/24 16:49:39] [INFO   ] org.mutationtesting.major.mutation.Mutator.nextMutant:
    Creating mutant 52
[06/24 16:49:39] [INFO   ] org.mutationtesting.major.mutation.Mutator.logMutant:
    Logging mutant 52: Solution.addBinary(line 29, col 19)
            mutation operator group:   ROR
            mutation operator:         >=(int,int) |==> >(int,int)
            original:                  i >= 0 
            mutant:                    i > 0
[06/24 16:49:39] [INFO   ] org.mutationtesting.major.mutation.Mutator.nextMutant:
    Creating mutant 53
[06/24 16:49:39] [INFO   ] org.mutationtesting.major.mutation.Mutator.logMutant:
    Logging mutant 53: Solution.addBinary(line 29, col 19)
            mutation operator group:   ROR
            mutation operator:         >=(int,int) |==> TRUE(int,int)
            original:                  i >= 0 
            mutant:                    true
[06/24 16:49:39] [INFO   ] org.mutationtesting.major.mutation.Mutator.nextMutant:
    Creating mutant 54
[06/24 16:49:39] [INFO   ] org.mutationtesting.major.mutation.Mutator.logMutantSTD:
    Logging mutantSTD 54: (STD) i--; -> <NO-OP>
[06/24 16:49:39] [INFO   ] org.mutationtesting.major.mutation.Mutator.nextMutant:
    Creating mutant 55
[06/24 16:49:39] [INFO   ] org.mutationtesting.major.mutation.Mutator.logMutant:
    Logging mutant 55: Solution.addBinary(line 32, col 19)
            mutation operator group:   ROR
            mutation operator:         >=(int,int) |==> ==(int,int)
            original:                  j >= 0 
            mutant:                    j == 0
[06/24 16:49:39] [INFO   ] org.mutationtesting.major.mutation.Mutator.nextMutant:
    Creating mutant 56
[06/24 16:49:39] [INFO   ] org.mutationtesting.major.mutation.Mutator.logMutant:
    Logging mutant 56: Solution.addBinary(line 32, col 19)
            mutation operator group:   ROR
            mutation operator:         >=(int,int) |==> >(int,int)
            original:                  j >= 0 
            mutant:                    j > 0
[06/24 16:49:39] [INFO   ] org.mutationtesting.major.mutation.Mutator.nextMutant:
    Creating mutant 57
[06/24 16:49:39] [INFO   ] org.mutationtesting.major.mutation.Mutator.logMutant:
    Logging mutant 57: Solution.addBinary(line 32, col 19)
            mutation operator group:   ROR
            mutation operator:         >=(int,int) |==> TRUE(int,int)
            original:                  j >= 0 
            mutant:                    true
[06/24 16:49:39] [INFO   ] org.mutationtesting.major.mutation.Mutator.nextMutant:
    Creating mutant 58
[06/24 16:49:39] [INFO   ] org.mutationtesting.major.mutation.Mutator.logMutantSTD:
    Logging mutantSTD 58: (STD) j--; -> <NO-OP>
[06/24 16:49:39] [INFO   ] org.mutationtesting.major.mutation.Mutator.nextMutant:
    Creating mutant 59
[06/24 16:49:39] [INFO   ] org.mutationtesting.major.mutation.Mutator.logMutant:
    Logging mutant 59: Solution.addBinary(line 36, col 19)
            mutation operator group:   ROR
            mutation operator:         !=(int,int) |==> <(int,int)
            original:                  carry != 0 
            mutant:                    carry < 0
[06/24 16:49:39] [INFO   ] org.mutationtesting.major.mutation.Mutator.nextMutant:
    Creating mutant 60
[06/24 16:49:39] [INFO   ] org.mutationtesting.major.mutation.Mutator.logMutant:
    Logging mutant 60: Solution.addBinary(line 36, col 19)
            mutation operator group:   ROR
            mutation operator:         !=(int,int) |==> >(int,int)
            original:                  carry != 0 
            mutant:                    carry > 0
[06/24 16:49:39] [INFO   ] org.mutationtesting.major.mutation.Mutator.nextMutant:
    Creating mutant 61
[06/24 16:49:39] [INFO   ] org.mutationtesting.major.mutation.Mutator.logMutant:
    Logging mutant 61: Solution.addBinary(line 36, col 19)
            mutation operator group:   ROR
            mutation operator:         !=(int,int) |==> TRUE(int,int)
            original:                  carry != 0 
            mutant:                    true
[06/24 16:49:39] [INFO   ] org.mutationtesting.major.mutation.Mutator.nextMutant:
    Creating mutant 62
[06/24 16:49:39] [INFO   ] org.mutationtesting.major.mutation.Mutator.logMutantSTD:
    Logging mutantSTD 62: (STD) sb.append(carry); -> <NO-OP>
[06/24 16:49:39] [INFO   ] org.mutationtesting.major.plugin.MajorPluginTaskListener.mutate:
    Generated 62 mutants (174 ms)
