[04/24 17:41:27] [INFO   ] org.mutationtesting.major.plugin.MajorPluginTaskListener.<init>:
    Created MajorPluginTaskListener with options: [mml:../../major/mml/all.mml.bin]
[04/24 17:41:27] [INFO   ] org.mutationtesting.major.mutation.Mutator.initOperatorSymbols:
    Initializing operator symbols for opcode mapping
[04/24 17:41:27] [INFO   ] org.mutationtesting.major.mutation.Mutator.mutateTree:
    Mutating tree: Env[AttrContext[Scope[super, this]],outer=Env[AttrContext[Scope[g0101_0200.s0122_best_time_to_buy_and_sell_stock_ii.Solution]]]]
[04/24 17:41:27] [INFO   ] org.mutationtesting.major.mutation.Mutator.visitClassDef:
    CLASS: g0101_0200.s0122_best_time_to_buy_and_sell_stock_ii.Solution
[04/24 17:41:27] [INFO   ] org.mutationtesting.major.mutation.Mutator.visitMethodDef:
    METHOD: <init>([])null
[04/24 17:41:27] [INFO   ] org.mutationtesting.major.mutation.Mutator.visitMethodDef:
    METHOD: maxProfit([int[] prices])int
[04/24 17:41:27] [INFO   ] org.mutationtesting.major.mutation.Mutator.nextMutant:
    Creating mutant 1
[04/24 17:41:27] [INFO   ] org.mutationtesting.major.mutation.Mutator.logMutant:
    Logging mutant 1: Solution.maxProfit(line 13, col 27)
            mutation operator group:   ROR
            mutation operator:         <(int,int) |==> !=(int,int)
            original:                  i < prices.length 
            mutant:                    i != prices.length
[04/24 17:41:27] [INFO   ] org.mutationtesting.major.mutation.Mutator.nextMutant:
    Creating mutant 2
[04/24 17:41:27] [INFO   ] org.mutationtesting.major.mutation.Mutator.logMutant:
    Logging mutant 2: Solution.maxProfit(line 13, col 27)
            mutation operator group:   ROR
            mutation operator:         <(int,int) |==> <=(int,int)
            original:                  i < prices.length 
            mutant:                    i <= prices.length
[04/24 17:41:27] [INFO   ] org.mutationtesting.major.mutation.Mutator.nextMutant:
    Creating mutant 3
[04/24 17:41:27] [INFO   ] org.mutationtesting.major.mutation.Mutator.logMutant:
    Logging mutant 3: Solution.maxProfit(line 13, col 27)
            mutation operator group:   ROR
            mutation operator:         <(int,int) |==> FALSE(int,int)
            original:                  i < prices.length 
            mutant:                    false
[04/24 17:41:27] [INFO   ] org.mutationtesting.major.mutation.Mutator.nextMutant:
    Creating mutant 4
[04/24 17:41:27] [INFO   ] org.mutationtesting.major.mutation.Mutator.logMutant:
    Logging mutant 4: Solution.maxProfit(line 14, col 38)
            mutation operator group:   AOR
            mutation operator:         -(int,int) |==> %(int,int)
            original:                  i - 1 
            mutant:                    i % 1
[04/24 17:41:27] [INFO   ] org.mutationtesting.major.mutation.Mutator.nextMutant:
    Creating mutant 5
[04/24 17:41:27] [INFO   ] org.mutationtesting.major.mutation.Mutator.logMutant:
    Logging mutant 5: Solution.maxProfit(line 14, col 38)
            mutation operator group:   AOR
            mutation operator:         -(int,int) |==> *(int,int)
            original:                  i - 1 
            mutant:                    i * 1
[04/24 17:41:27] [INFO   ] org.mutationtesting.major.mutation.Mutator.nextMutant:
    Creating mutant 6
[04/24 17:41:27] [INFO   ] org.mutationtesting.major.mutation.Mutator.logMutant:
    Logging mutant 6: Solution.maxProfit(line 14, col 38)
            mutation operator group:   AOR
            mutation operator:         -(int,int) |==> +(int,int)
            original:                  i - 1 
            mutant:                    i + 1
[04/24 17:41:27] [INFO   ] org.mutationtesting.major.mutation.Mutator.nextMutant:
    Creating mutant 7
[04/24 17:41:27] [INFO   ] org.mutationtesting.major.mutation.Mutator.logMutant:
    Logging mutant 7: Solution.maxProfit(line 14, col 38)
            mutation operator group:   AOR
            mutation operator:         -(int,int) |==> /(int,int)
            original:                  i - 1 
            mutant:                    i / 1
[04/24 17:41:27] [INFO   ] org.mutationtesting.major.mutation.Mutator.nextMutant:
    Creating mutant 8
[04/24 17:41:27] [INFO   ] org.mutationtesting.major.mutation.Mutator.logMutant:
    Logging mutant 8: Solution.maxProfit(line 14, col 27)
            mutation operator group:   ROR
            mutation operator:         >(int,int) |==> !=(int,int)
            original:                  prices[i] > prices[i - 1] 
            mutant:                    prices[i] != prices[i - 1]
[04/24 17:41:27] [INFO   ] org.mutationtesting.major.mutation.Mutator.nextMutant:
    Creating mutant 9
[04/24 17:41:27] [INFO   ] org.mutationtesting.major.mutation.Mutator.logMutant:
    Logging mutant 9: Solution.maxProfit(line 14, col 27)
            mutation operator group:   ROR
            mutation operator:         >(int,int) |==> >=(int,int)
            original:                  prices[i] > prices[i - 1] 
            mutant:                    prices[i] >= prices[i - 1]
[04/24 17:41:27] [INFO   ] org.mutationtesting.major.mutation.Mutator.nextMutant:
    Creating mutant 10
[04/24 17:41:27] [INFO   ] org.mutationtesting.major.mutation.Mutator.logMutant:
    Logging mutant 10: Solution.maxProfit(line 14, col 27)
            mutation operator group:   ROR
            mutation operator:         >(int,int) |==> FALSE(int,int)
            original:                  prices[i] > prices[i - 1] 
            mutant:                    false
[04/24 17:41:27] [INFO   ] org.mutationtesting.major.mutation.Mutator.nextMutant:
    Creating mutant 11
[04/24 17:41:27] [INFO   ] org.mutationtesting.major.mutation.Mutator.logMutant:
    Logging mutant 11: Solution.maxProfit(line 15, col 45)
            mutation operator group:   AOR
            mutation operator:         -(int,int) |==> %(int,int)
            original:                  i - 1 
            mutant:                    i % 1
[04/24 17:41:27] [INFO   ] org.mutationtesting.major.mutation.Mutator.nextMutant:
    Creating mutant 12
[04/24 17:41:27] [INFO   ] org.mutationtesting.major.mutation.Mutator.logMutant:
    Logging mutant 12: Solution.maxProfit(line 15, col 45)
            mutation operator group:   AOR
            mutation operator:         -(int,int) |==> *(int,int)
            original:                  i - 1 
            mutant:                    i * 1
[04/24 17:41:27] [INFO   ] org.mutationtesting.major.mutation.Mutator.nextMutant:
    Creating mutant 13
[04/24 17:41:27] [INFO   ] org.mutationtesting.major.mutation.Mutator.logMutant:
    Logging mutant 13: Solution.maxProfit(line 15, col 45)
            mutation operator group:   AOR
            mutation operator:         -(int,int) |==> +(int,int)
            original:                  i - 1 
            mutant:                    i + 1
[04/24 17:41:27] [INFO   ] org.mutationtesting.major.mutation.Mutator.nextMutant:
    Creating mutant 14
[04/24 17:41:27] [INFO   ] org.mutationtesting.major.mutation.Mutator.logMutant:
    Logging mutant 14: Solution.maxProfit(line 15, col 45)
            mutation operator group:   AOR
            mutation operator:         -(int,int) |==> /(int,int)
            original:                  i - 1 
            mutant:                    i / 1
[04/24 17:41:27] [INFO   ] org.mutationtesting.major.mutation.Mutator.nextMutant:
    Creating mutant 15
[04/24 17:41:27] [INFO   ] org.mutationtesting.major.mutation.Mutator.logMutant:
    Logging mutant 15: Solution.maxProfit(line 15, col 34)
            mutation operator group:   AOR
            mutation operator:         -(int,int) |==> %(int,int)
            original:                  prices[i] - prices[i - 1] 
            mutant:                    prices[i] % prices[i - 1]
[04/24 17:41:27] [INFO   ] org.mutationtesting.major.mutation.Mutator.nextMutant:
    Creating mutant 16
[04/24 17:41:27] [INFO   ] org.mutationtesting.major.mutation.Mutator.logMutant:
    Logging mutant 16: Solution.maxProfit(line 15, col 34)
            mutation operator group:   AOR
            mutation operator:         -(int,int) |==> *(int,int)
            original:                  prices[i] - prices[i - 1] 
            mutant:                    prices[i] * prices[i - 1]
[04/24 17:41:27] [INFO   ] org.mutationtesting.major.mutation.Mutator.nextMutant:
    Creating mutant 17
[04/24 17:41:27] [INFO   ] org.mutationtesting.major.mutation.Mutator.logMutant:
    Logging mutant 17: Solution.maxProfit(line 15, col 34)
            mutation operator group:   AOR
            mutation operator:         -(int,int) |==> +(int,int)
            original:                  prices[i] - prices[i - 1] 
            mutant:                    prices[i] + prices[i - 1]
[04/24 17:41:27] [INFO   ] org.mutationtesting.major.mutation.Mutator.nextMutant:
    Creating mutant 18
[04/24 17:41:27] [INFO   ] org.mutationtesting.major.mutation.Mutator.logMutant:
    Logging mutant 18: Solution.maxProfit(line 15, col 34)
            mutation operator group:   AOR
            mutation operator:         -(int,int) |==> /(int,int)
            original:                  prices[i] - prices[i - 1] 
            mutant:                    prices[i] / prices[i - 1]
[04/24 17:41:27] [INFO   ] org.mutationtesting.major.mutation.Mutator.nextMutant:
    Creating mutant 19
[04/24 17:41:27] [INFO   ] org.mutationtesting.major.mutation.Mutator.logMutantSTD:
    Logging mutantSTD 19: (STD) max += prices[i] - prices[i - 1]; -> <NO-OP>
[04/24 17:41:27] [INFO   ] org.mutationtesting.major.plugin.MajorPluginTaskListener.mutate:
    Generated 19 mutants (43 ms)
