[06/24 16:50:12] [INFO   ] org.mutationtesting.major.plugin.MajorPluginTaskListener.<init>:
    Created MajorPluginTaskListener with options: [mml:../../major/mml/all.mml.bin]
[06/24 16:50:12] [INFO   ] org.mutationtesting.major.mutation.Mutator.initOperatorSymbols:
    Initializing operator symbols for opcode mapping
[06/24 16:50:12] [INFO   ] org.mutationtesting.major.mutation.Mutator.mutateTree:
    Mutating tree: Env[AttrContext[Scope[super, this]],outer=Env[AttrContext[Scope[java.util.Collections, java.util.Arrays, g0401_0500.s0405_convert_a_number_to_hexadecimal.Solution]]]]
[06/24 16:50:12] [INFO   ] org.mutationtesting.major.mutation.Mutator.visitClassDef:
    CLASS: g0401_0500.s0405_convert_a_number_to_hexadecimal.Solution
[06/24 16:50:12] [INFO   ] org.mutationtesting.major.mutation.Mutator.visitMethodDef:
    METHOD: <init>([])null
[06/24 16:50:12] [INFO   ] org.mutationtesting.major.mutation.Mutator.visitMethodDef:
    METHOD: toHex([int num])String
[06/24 16:50:12] [INFO   ] org.mutationtesting.major.mutation.Mutator.nextMutant:
    Creating mutant 1
[06/24 16:50:12] [INFO   ] org.mutationtesting.major.mutation.Mutator.logMutant:
    Logging mutant 1: Solution.toHex(line 14, col 17)
            mutation operator group:   ROR
            mutation operator:         ==(int,int) |==> <=(int,int)
            original:                  num == 0 
            mutant:                    num <= 0
[06/24 16:50:12] [INFO   ] org.mutationtesting.major.mutation.Mutator.nextMutant:
    Creating mutant 2
[06/24 16:50:12] [INFO   ] org.mutationtesting.major.mutation.Mutator.logMutant:
    Logging mutant 2: Solution.toHex(line 14, col 17)
            mutation operator group:   ROR
            mutation operator:         ==(int,int) |==> >=(int,int)
            original:                  num == 0 
            mutant:                    num >= 0
[06/24 16:50:12] [INFO   ] org.mutationtesting.major.mutation.Mutator.nextMutant:
    Creating mutant 3
[06/24 16:50:12] [INFO   ] org.mutationtesting.major.mutation.Mutator.logMutant:
    Logging mutant 3: Solution.toHex(line 14, col 17)
            mutation operator group:   ROR
            mutation operator:         ==(int,int) |==> FALSE(int,int)
            original:                  num == 0 
            mutant:                    false
[06/24 16:50:12] [INFO   ] org.mutationtesting.major.mutation.Mutator.nextMutant:
    Creating mutant 4
[06/24 16:50:12] [INFO   ] org.mutationtesting.major.mutation.Mutator.logMutantSTD:
    Logging mutantSTD 4: (STD) return "0"; -> <NO-OP>
[06/24 16:50:12] [INFO   ] org.mutationtesting.major.mutation.Mutator.nextMutant:
    Creating mutant 5
[06/24 16:50:12] [INFO   ] org.mutationtesting.major.mutation.Mutator.logMutant:
    Logging mutant 5: Solution.toHex(line 19, col 20)
            mutation operator group:   ROR
            mutation operator:         !=(int,int) |==> <(int,int)
            original:                  num != 0 
            mutant:                    num < 0
[06/24 16:50:12] [INFO   ] org.mutationtesting.major.mutation.Mutator.nextMutant:
    Creating mutant 6
[06/24 16:50:12] [INFO   ] org.mutationtesting.major.mutation.Mutator.logMutant:
    Logging mutant 6: Solution.toHex(line 19, col 20)
            mutation operator group:   ROR
            mutation operator:         !=(int,int) |==> >(int,int)
            original:                  num != 0 
            mutant:                    num > 0
[06/24 16:50:12] [INFO   ] org.mutationtesting.major.mutation.Mutator.nextMutant:
    Creating mutant 7
[06/24 16:50:12] [INFO   ] org.mutationtesting.major.mutation.Mutator.logMutant:
    Logging mutant 7: Solution.toHex(line 19, col 20)
            mutation operator group:   ROR
            mutation operator:         !=(int,int) |==> TRUE(int,int)
            original:                  num != 0 
            mutant:                    true
[06/24 16:50:12] [INFO   ] org.mutationtesting.major.mutation.Mutator.nextMutant:
    Creating mutant 8
[06/24 16:50:12] [INFO   ] org.mutationtesting.major.mutation.Mutator.logMutant:
    Logging mutant 8: Solution.toHex(line 20, col 21)
            mutation operator group:   LOR
            mutation operator:         &(int,int) |==> ^(int,int)
            original:                  num & 15 
            mutant:                    num ^ 15
[06/24 16:50:12] [INFO   ] org.mutationtesting.major.mutation.Mutator.nextMutant:
    Creating mutant 9
[06/24 16:50:12] [INFO   ] org.mutationtesting.major.mutation.Mutator.logMutant:
    Logging mutant 9: Solution.toHex(line 20, col 21)
            mutation operator group:   LOR
            mutation operator:         &(int,int) |==> |(int,int)
            original:                  num & 15 
            mutant:                    num | 15
[06/24 16:50:12] [INFO   ] org.mutationtesting.major.mutation.Mutator.nextMutant:
    Creating mutant 10
[06/24 16:50:12] [INFO   ] org.mutationtesting.major.mutation.Mutator.logMutant:
    Logging mutant 10: Solution.toHex(line 21, col 19)
            mutation operator group:   ROR
            mutation operator:         <(int,int) |==> !=(int,int)
            original:                  x < 10 
            mutant:                    x != 10
[06/24 16:50:12] [INFO   ] org.mutationtesting.major.mutation.Mutator.nextMutant:
    Creating mutant 11
[06/24 16:50:12] [INFO   ] org.mutationtesting.major.mutation.Mutator.logMutant:
    Logging mutant 11: Solution.toHex(line 21, col 19)
            mutation operator group:   ROR
            mutation operator:         <(int,int) |==> <=(int,int)
            original:                  x < 10 
            mutant:                    x <= 10
[06/24 16:50:12] [INFO   ] org.mutationtesting.major.mutation.Mutator.nextMutant:
    Creating mutant 12
[06/24 16:50:12] [INFO   ] org.mutationtesting.major.mutation.Mutator.logMutant:
    Logging mutant 12: Solution.toHex(line 21, col 19)
            mutation operator group:   ROR
            mutation operator:         <(int,int) |==> FALSE(int,int)
            original:                  x < 10 
            mutant:                    false
[06/24 16:50:12] [INFO   ] org.mutationtesting.major.mutation.Mutator.nextMutant:
    Creating mutant 13
[06/24 16:50:12] [INFO   ] org.mutationtesting.major.mutation.Mutator.logMutantSTD:
    Logging mutantSTD 13: (STD) sb.append(x); -> <NO-OP>
[06/24 16:50:12] [INFO   ] org.mutationtesting.major.mutation.Mutator.nextMutant:
    Creating mutant 14
[06/24 16:50:12] [INFO   ] org.mutationtesting.major.mutation.Mutator.logMutant:
    Logging mutant 14: Solution.toHex(line 24, col 37)
            mutation operator group:   AOR
            mutation operator:         +(int,int) |==> %(int,int)
            original:                  x + 87 
            mutant:                    x % 87
[06/24 16:50:12] [INFO   ] org.mutationtesting.major.mutation.Mutator.nextMutant:
    Creating mutant 15
[06/24 16:50:12] [INFO   ] org.mutationtesting.major.mutation.Mutator.logMutant:
    Logging mutant 15: Solution.toHex(line 24, col 37)
            mutation operator group:   AOR
            mutation operator:         +(int,int) |==> *(int,int)
            original:                  x + 87 
            mutant:                    x * 87
[06/24 16:50:12] [INFO   ] org.mutationtesting.major.mutation.Mutator.nextMutant:
    Creating mutant 16
[06/24 16:50:12] [INFO   ] org.mutationtesting.major.mutation.Mutator.logMutant:
    Logging mutant 16: Solution.toHex(line 24, col 37)
            mutation operator group:   AOR
            mutation operator:         +(int,int) |==> -(int,int)
            original:                  x + 87 
            mutant:                    x - 87
[06/24 16:50:12] [INFO   ] org.mutationtesting.major.mutation.Mutator.nextMutant:
    Creating mutant 17
[06/24 16:50:12] [INFO   ] org.mutationtesting.major.mutation.Mutator.logMutant:
    Logging mutant 17: Solution.toHex(line 24, col 37)
            mutation operator group:   AOR
            mutation operator:         +(int,int) |==> /(int,int)
            original:                  x + 87 
            mutant:                    x / 87
[06/24 16:50:12] [INFO   ] org.mutationtesting.major.mutation.Mutator.nextMutant:
    Creating mutant 18
[06/24 16:50:12] [INFO   ] org.mutationtesting.major.mutation.Mutator.logMutantSTD:
    Logging mutantSTD 18: (STD) sb.append((char)(x + 87)); -> <NO-OP>
[06/24 16:50:12] [INFO   ] org.mutationtesting.major.mutation.Mutator.nextMutant:
    Creating mutant 19
[06/24 16:50:12] [INFO   ] org.mutationtesting.major.mutation.Mutator.logMutant:
    Logging mutant 19: Solution.toHex(line 26, col 23)
            mutation operator group:   SOR
            mutation operator:         >>>(int,int) |==> <<(int,int)
            original:                  num >>> 4 
            mutant:                    num << 4
[06/24 16:50:12] [INFO   ] org.mutationtesting.major.mutation.Mutator.nextMutant:
    Creating mutant 20
[06/24 16:50:12] [INFO   ] org.mutationtesting.major.mutation.Mutator.logMutant:
    Logging mutant 20: Solution.toHex(line 26, col 23)
            mutation operator group:   SOR
            mutation operator:         >>>(int,int) |==> >>(int,int)
            original:                  num >>> 4 
            mutant:                    num >> 4
[06/24 16:50:12] [INFO   ] org.mutationtesting.major.mutation.Mutator.nextMutant:
    Creating mutant 21
[06/24 16:50:12] [INFO   ] org.mutationtesting.major.mutation.Mutator.logMutantSTD:
    Logging mutantSTD 21: (STD) num = num >>> 4; -> <NO-OP>
[06/24 16:50:12] [INFO   ] org.mutationtesting.major.plugin.MajorPluginTaskListener.mutate:
    Generated 21 mutants (94 ms)
