[04/24 17:41:57] [INFO   ] org.mutationtesting.major.plugin.MajorPluginTaskListener.<init>:
    Created MajorPluginTaskListener with options: [mml:../../major/mml/all.mml.bin]
[04/24 17:41:57] [INFO   ] org.mutationtesting.major.mutation.Mutator.initOperatorSymbols:
    Initializing operator symbols for opcode mapping
[04/24 17:41:57] [INFO   ] org.mutationtesting.major.mutation.Mutator.mutateTree:
    Mutating tree: Env[AttrContext[Scope[super, this]],outer=Env[AttrContext[Scope[g0001_0100.s0045_jump_game_ii.Solution]]]]
[04/24 17:41:57] [INFO   ] org.mutationtesting.major.mutation.Mutator.visitClassDef:
    CLASS: g0001_0100.s0045_jump_game_ii.Solution
[04/24 17:41:57] [INFO   ] org.mutationtesting.major.mutation.Mutator.visitMethodDef:
    METHOD: <init>([])null
[04/24 17:41:57] [INFO   ] org.mutationtesting.major.mutation.Mutator.visitMethodDef:
    METHOD: jump([int[] nums])int
[04/24 17:41:57] [INFO   ] org.mutationtesting.major.mutation.Mutator.nextMutant:
    Creating mutant 1
[04/24 17:41:57] [INFO   ] org.mutationtesting.major.mutation.Mutator.logMutant:
    Logging mutant 1: Solution.jump(line 16, col 41)
            mutation operator group:   AOR
            mutation operator:         -(int,int) |==> %(int,int)
            original:                  nums.length - 1 
            mutant:                    nums.length % 1
[04/24 17:41:57] [INFO   ] org.mutationtesting.major.mutation.Mutator.nextMutant:
    Creating mutant 2
[04/24 17:41:57] [INFO   ] org.mutationtesting.major.mutation.Mutator.logMutant:
    Logging mutant 2: Solution.jump(line 16, col 41)
            mutation operator group:   AOR
            mutation operator:         -(int,int) |==> *(int,int)
            original:                  nums.length - 1 
            mutant:                    nums.length * 1
[04/24 17:41:57] [INFO   ] org.mutationtesting.major.mutation.Mutator.nextMutant:
    Creating mutant 3
[04/24 17:41:57] [INFO   ] org.mutationtesting.major.mutation.Mutator.logMutant:
    Logging mutant 3: Solution.jump(line 16, col 41)
            mutation operator group:   AOR
            mutation operator:         -(int,int) |==> +(int,int)
            original:                  nums.length - 1 
            mutant:                    nums.length + 1
[04/24 17:41:57] [INFO   ] org.mutationtesting.major.mutation.Mutator.nextMutant:
    Creating mutant 4
[04/24 17:41:57] [INFO   ] org.mutationtesting.major.mutation.Mutator.logMutant:
    Logging mutant 4: Solution.jump(line 16, col 41)
            mutation operator group:   AOR
            mutation operator:         -(int,int) |==> /(int,int)
            original:                  nums.length - 1 
            mutant:                    nums.length / 1
[04/24 17:41:57] [INFO   ] org.mutationtesting.major.mutation.Mutator.nextMutant:
    Creating mutant 5
[04/24 17:41:57] [INFO   ] org.mutationtesting.major.mutation.Mutator.logMutant:
    Logging mutant 5: Solution.jump(line 16, col 27)
            mutation operator group:   ROR
            mutation operator:         <(int,int) |==> !=(int,int)
            original:                  i < nums.length - 1 
            mutant:                    i != nums.length - 1
[04/24 17:41:57] [INFO   ] org.mutationtesting.major.mutation.Mutator.nextMutant:
    Creating mutant 6
[04/24 17:41:57] [INFO   ] org.mutationtesting.major.mutation.Mutator.logMutant:
    Logging mutant 6: Solution.jump(line 16, col 27)
            mutation operator group:   ROR
            mutation operator:         <(int,int) |==> <=(int,int)
            original:                  i < nums.length - 1 
            mutant:                    i <= nums.length - 1
[04/24 17:41:57] [INFO   ] org.mutationtesting.major.mutation.Mutator.nextMutant:
    Creating mutant 7
[04/24 17:41:57] [INFO   ] org.mutationtesting.major.mutation.Mutator.logMutant:
    Logging mutant 7: Solution.jump(line 16, col 27)
            mutation operator group:   ROR
            mutation operator:         <(int,int) |==> FALSE(int,int)
            original:                  i < nums.length - 1 
            mutant:                    false
[04/24 17:41:57] [INFO   ] org.mutationtesting.major.mutation.Mutator.nextMutant:
    Creating mutant 8
[04/24 17:41:57] [INFO   ] org.mutationtesting.major.mutation.Mutator.logMutantSTD:
    Logging mutantSTD 8: (STD) length--; -> <NO-OP>
[04/24 17:41:57] [INFO   ] org.mutationtesting.major.mutation.Mutator.nextMutant:
    Creating mutant 9
[04/24 17:41:57] [INFO   ] org.mutationtesting.major.mutation.Mutator.logMutantSTD:
    Logging mutantSTD 9: (STD) maxLength--; -> <NO-OP>
[04/24 17:41:57] [INFO   ] org.mutationtesting.major.mutation.Mutator.nextMutant:
    Creating mutant 10
[04/24 17:41:57] [INFO   ] org.mutationtesting.major.mutation.Mutator.logMutantSTD:
    Logging mutantSTD 10: (STD) maxLength = Math.max(maxLength, nums[i]); -> <NO-OP>
[04/24 17:41:57] [INFO   ] org.mutationtesting.major.mutation.Mutator.nextMutant:
    Creating mutant 11
[04/24 17:41:57] [INFO   ] org.mutationtesting.major.mutation.Mutator.logMutant:
    Logging mutant 11: Solution.jump(line 20, col 24)
            mutation operator group:   ROR
            mutation operator:         <=(int,int) |==> <(int,int)
            original:                  length <= 0 
            mutant:                    length < 0
[04/24 17:41:57] [INFO   ] org.mutationtesting.major.mutation.Mutator.nextMutant:
    Creating mutant 12
[04/24 17:41:57] [INFO   ] org.mutationtesting.major.mutation.Mutator.logMutant:
    Logging mutant 12: Solution.jump(line 20, col 24)
            mutation operator group:   ROR
            mutation operator:         <=(int,int) |==> ==(int,int)
            original:                  length <= 0 
            mutant:                    length == 0
[04/24 17:41:57] [INFO   ] org.mutationtesting.major.mutation.Mutator.nextMutant:
    Creating mutant 13
[04/24 17:41:57] [INFO   ] org.mutationtesting.major.mutation.Mutator.logMutant:
    Logging mutant 13: Solution.jump(line 20, col 24)
            mutation operator group:   ROR
            mutation operator:         <=(int,int) |==> TRUE(int,int)
            original:                  length <= 0 
            mutant:                    true
[04/24 17:41:57] [INFO   ] org.mutationtesting.major.mutation.Mutator.nextMutant:
    Creating mutant 14
[04/24 17:41:57] [INFO   ] org.mutationtesting.major.mutation.Mutator.logMutantSTD:
    Logging mutantSTD 14: (STD) length = maxLength; -> <NO-OP>
[04/24 17:41:57] [INFO   ] org.mutationtesting.major.mutation.Mutator.nextMutant:
    Creating mutant 15
[04/24 17:41:57] [INFO   ] org.mutationtesting.major.mutation.Mutator.logMutantSTD:
    Logging mutantSTD 15: (STD) minJump++; -> <NO-OP>
[04/24 17:41:57] [INFO   ] org.mutationtesting.major.mutation.Mutator.nextMutant:
    Creating mutant 16
[04/24 17:41:57] [INFO   ] org.mutationtesting.major.mutation.Mutator.logMutant:
    Logging mutant 16: Solution.jump(line 24, col 39)
            mutation operator group:   AOR
            mutation operator:         -(int,int) |==> %(int,int)
            original:                  nums.length - i 
            mutant:                    nums.length % i
[04/24 17:41:57] [INFO   ] org.mutationtesting.major.mutation.Mutator.nextMutant:
    Creating mutant 17
[04/24 17:41:57] [INFO   ] org.mutationtesting.major.mutation.Mutator.logMutant:
    Logging mutant 17: Solution.jump(line 24, col 39)
            mutation operator group:   AOR
            mutation operator:         -(int,int) |==> *(int,int)
            original:                  nums.length - i 
            mutant:                    nums.length * i
[04/24 17:41:57] [INFO   ] org.mutationtesting.major.mutation.Mutator.nextMutant:
    Creating mutant 18
[04/24 17:41:57] [INFO   ] org.mutationtesting.major.mutation.Mutator.logMutant:
    Logging mutant 18: Solution.jump(line 24, col 39)
            mutation operator group:   AOR
            mutation operator:         -(int,int) |==> +(int,int)
            original:                  nums.length - i 
            mutant:                    nums.length + i
[04/24 17:41:57] [INFO   ] org.mutationtesting.major.mutation.Mutator.nextMutant:
    Creating mutant 19
[04/24 17:41:57] [INFO   ] org.mutationtesting.major.mutation.Mutator.logMutant:
    Logging mutant 19: Solution.jump(line 24, col 39)
            mutation operator group:   AOR
            mutation operator:         -(int,int) |==> /(int,int)
            original:                  nums.length - i 
            mutant:                    nums.length / i
[04/24 17:41:57] [INFO   ] org.mutationtesting.major.mutation.Mutator.nextMutant:
    Creating mutant 20
[04/24 17:41:57] [INFO   ] org.mutationtesting.major.mutation.Mutator.logMutant:
    Logging mutant 20: Solution.jump(line 24, col 43)
            mutation operator group:   AOR
            mutation operator:         -(int,int) |==> %(int,int)
            original:                  nums.length - i - 1 
            mutant:                    (nums.length - i) % 1
[04/24 17:41:57] [INFO   ] org.mutationtesting.major.mutation.Mutator.nextMutant:
    Creating mutant 21
[04/24 17:41:57] [INFO   ] org.mutationtesting.major.mutation.Mutator.logMutant:
    Logging mutant 21: Solution.jump(line 24, col 43)
            mutation operator group:   AOR
            mutation operator:         -(int,int) |==> *(int,int)
            original:                  nums.length - i - 1 
            mutant:                    (nums.length - i) * 1
[04/24 17:41:57] [INFO   ] org.mutationtesting.major.mutation.Mutator.nextMutant:
    Creating mutant 22
[04/24 17:41:57] [INFO   ] org.mutationtesting.major.mutation.Mutator.logMutant:
    Logging mutant 22: Solution.jump(line 24, col 43)
            mutation operator group:   AOR
            mutation operator:         -(int,int) |==> +(int,int)
            original:                  nums.length - i - 1 
            mutant:                    nums.length - i + 1
[04/24 17:41:57] [INFO   ] org.mutationtesting.major.mutation.Mutator.nextMutant:
    Creating mutant 23
[04/24 17:41:57] [INFO   ] org.mutationtesting.major.mutation.Mutator.logMutant:
    Logging mutant 23: Solution.jump(line 24, col 43)
            mutation operator group:   AOR
            mutation operator:         -(int,int) |==> /(int,int)
            original:                  nums.length - i - 1 
            mutant:                    (nums.length - i) / 1
[04/24 17:41:57] [INFO   ] org.mutationtesting.major.mutation.Mutator.nextMutant:
    Creating mutant 24
[04/24 17:41:57] [INFO   ] org.mutationtesting.major.mutation.Mutator.logMutant:
    Logging mutant 24: Solution.jump(line 24, col 24)
            mutation operator group:   ROR
            mutation operator:         >=(int,int) |==> ==(int,int)
            original:                  length >= nums.length - i - 1 
            mutant:                    length == nums.length - i - 1
[04/24 17:41:57] [INFO   ] org.mutationtesting.major.mutation.Mutator.nextMutant:
    Creating mutant 25
[04/24 17:41:57] [INFO   ] org.mutationtesting.major.mutation.Mutator.logMutant:
    Logging mutant 25: Solution.jump(line 24, col 24)
            mutation operator group:   ROR
            mutation operator:         >=(int,int) |==> >(int,int)
            original:                  length >= nums.length - i - 1 
            mutant:                    length > nums.length - i - 1
[04/24 17:41:57] [INFO   ] org.mutationtesting.major.mutation.Mutator.nextMutant:
    Creating mutant 26
[04/24 17:41:57] [INFO   ] org.mutationtesting.major.mutation.Mutator.logMutant:
    Logging mutant 26: Solution.jump(line 24, col 24)
            mutation operator group:   ROR
            mutation operator:         >=(int,int) |==> TRUE(int,int)
            original:                  length >= nums.length - i - 1 
            mutant:                    true
[04/24 17:41:57] [INFO   ] org.mutationtesting.major.mutation.Mutator.nextMutant:
    Creating mutant 27
[04/24 17:41:57] [INFO   ] org.mutationtesting.major.mutation.Mutator.logMutantSTD:
    Logging mutantSTD 27: (STD) return minJump; -> <NO-OP>
[04/24 17:41:57] [INFO   ] org.mutationtesting.major.plugin.MajorPluginTaskListener.mutate:
    Generated 27 mutants (53 ms)
