ERROR:root:Failed to parse \F x.(F(x) & (_ = {NNP})(x)). Error: The function '(_ = {NNP})' is not a Lambda Expression, an Application Expression, or a functional predicate, so it may not take arguments.
\F x.(F(x) & (_ = {NNP})(x))
                       ^
ERROR:root:An error occurred: The function '(_ = {NNP})' is not a Lambda Expression, an Application Expression, or a functional predicate, so it may not take arguments.
\F x.(F(x) & (_ = {NNP})(x))
                       ^
Sentence: < code > 0 < = nums.length < = 10 < sup > 5 < /sup > < /code >
Tree XML:
<sentence>
  <tokens>
    <token start="0" span="1" pos="JJ" chunk="I-NP" entity="I-TIM" cat="N/N" id="t0_0" surf="&lt;" base="&lt;"/>
    <token start="1" span="1" pos="NN" chunk="I-NP" entity="I-TIM" cat="N/N" id="t0_1" surf="code" base="code"/>
    <token start="2" span="1" pos="NN" chunk="I-NP" entity="I-TIM" cat="N" id="t0_2" surf="&gt;" base="&gt;"/>
    <token start="3" span="1" pos="CD" chunk="I-NP" entity="I-TIM" cat="N/N" id="t0_3" surf="0" base="0"/>
    <token start="4" span="1" pos="NN" chunk="I-NP" entity="I-TIM" cat="N/N" id="t0_4" surf="&lt;" base="&lt;"/>
    <token start="5" span="1" pos="NN" chunk="I-NP" entity="I-TIM" cat="N/N" id="t0_5" surf="=" base="="/>
    <token start="6" span="1" pos="NN" chunk="I-NP" entity="I-TIM" cat="N/N" id="t0_6" surf="nums.length" base="nums.length"/>
    <token start="7" span="1" pos="NNP" chunk="I-NP" entity="I-TIM" cat="N/N" id="t0_7" surf="&lt;" base="&lt;"/>
    <token start="8" span="1" pos="NNP" chunk="I-NP" entity="I-TIM" cat="N/N" id="t0_8" surf="=" base="="/>
    <token start="9" span="1" pos="CD" chunk="I-NP" entity="I-TIM" cat="N/N" id="t0_9" surf="10" base="10"/>
    <token start="10" span="1" pos="NNP" chunk="I-NP" entity="I-TIM" cat="N/N" id="t0_10" surf="&lt;" base="&lt;"/>
    <token start="11" span="1" pos="NN" chunk="I-NP" entity="I-TIM" cat="N" id="t0_11" surf="sup" base="sup"/>
    <token start="12" span="1" pos="VBD" chunk="I-VP" entity="I-TIM" cat="(S[dcl]\NP)/NP" id="t0_12" surf="&gt;" base="&gt;"/>
    <token start="13" span="1" pos="CD" chunk="I-NP" entity="I-TIM" cat="N/N" id="t0_13" surf="5" base="5"/>
    <token start="14" span="1" pos="NN" chunk="I-NP" entity="I-TIM" cat="N/N" id="t0_14" surf="&lt;" base="&lt;"/>
    <token start="15" span="1" pos="NN" chunk="I-NP" entity="I-TIM" cat="N" id="t0_15" surf="/sup" base="/sup"/>
    <token start="16" span="1" pos="VBD" chunk="I-VP" entity="I-TIM" cat="(S[dcl]\NP)/NP" id="t0_16" surf="&gt;" base="&gt;"/>
    <token start="17" span="1" pos="JJ" chunk="I-NP" entity="I-TIM" cat="N/N" id="t0_17" surf="&lt;" base="&lt;"/>
    <token start="18" span="1" pos="NN" chunk="I-NP" entity="I-TIM" cat="N/N" id="t0_18" surf="/code" base="/code"/>
    <token start="19" span="1" pos="NN" chunk="I-NP" entity="I-TIM" cat="N" id="t0_19" surf="&gt;" base="&gt;"/>
  </tokens>
  <ccg root="s0_sp0" id="s0_ccg0">
    <span root="true" id="s0_sp0" child="s0_sp1 s0_sp36" category="S[dcl=true]" rule="ba"/>
    <span id="s0_sp1" child="s0_sp2 s0_sp8" category="NP" rule="ba"/>
    <span id="s0_sp2" child="s0_sp3" category="NP" rule="lex"/>
    <span id="s0_sp3" child="s0_sp4 s0_sp5" category="N" rule="fa"/>
    <span start="0" span="1" pos="JJ" chunk="I-NP" entity="I-TIM" id="s0_sp4" surf="&lt;" base="&lt;" terminal="t0_0" category="N/N"/>
    <span id="s0_sp5" child="s0_sp6 s0_sp7" category="N" rule="fa"/>
    <span start="1" span="1" pos="NN" chunk="I-NP" entity="I-TIM" id="s0_sp6" surf="code" base="code" terminal="t0_1" category="N/N"/>
    <span start="2" span="1" pos="NN" chunk="I-NP" entity="I-TIM" id="s0_sp7" surf="&gt;" base="&gt;" terminal="t0_2" category="N"/>
    <span id="s0_sp8" child="s0_sp9" category="NP\NP" rule="lex"/>
    <span id="s0_sp9" child="s0_sp10 s0_sp28" category="S[dcl=true]" rule="ba"/>
    <span id="s0_sp10" child="s0_sp11" category="NP" rule="lex"/>
    <span id="s0_sp11" child="s0_sp12 s0_sp13" category="N" rule="fa"/>
    <span start="3" span="1" pos="CD" chunk="I-NP" entity="I-TIM" id="s0_sp12" surf="0" base="0" terminal="t0_3" category="N/N"/>
    <span id="s0_sp13" child="s0_sp14 s0_sp15" category="N" rule="fa"/>
    <span start="4" span="1" pos="NN" chunk="I-NP" entity="I-TIM" id="s0_sp14" surf="&lt;" base="&lt;" terminal="t0_4" category="N/N"/>
    <span id="s0_sp15" child="s0_sp16 s0_sp17" category="N" rule="fa"/>
    <span start="5" span="1" pos="NN" chunk="I-NP" entity="I-TIM" id="s0_sp16" surf="=" base="=" terminal="t0_5" category="N/N"/>
    <span id="s0_sp17" child="s0_sp18 s0_sp19" category="N" rule="fa"/>
    <span start="6" span="1" pos="NN" chunk="I-NP" entity="I-TIM" id="s0_sp18" surf="nums.length" base="nums.length" terminal="t0_6" category="N/N"/>
    <span id="s0_sp19" child="s0_sp20 s0_sp21" category="N" rule="fa"/>
    <span start="7" span="1" pos="NNP" chunk="I-NP" entity="I-TIM" id="s0_sp20" surf="&lt;" base="&lt;" terminal="t0_7" category="N/N"/>
    <span id="s0_sp21" child="s0_sp22 s0_sp23" category="N" rule="fa"/>
    <span start="8" span="1" pos="NNP" chunk="I-NP" entity="I-TIM" id="s0_sp22" surf="=" base="=" terminal="t0_8" category="N/N"/>
    <span id="s0_sp23" child="s0_sp24 s0_sp25" category="N" rule="fa"/>
    <span start="9" span="1" pos="CD" chunk="I-NP" entity="I-TIM" id="s0_sp24" surf="10" base="10" terminal="t0_9" category="N/N"/>
    <span id="s0_sp25" child="s0_sp26 s0_sp27" category="N" rule="fa"/>
    <span start="10" span="1" pos="NNP" chunk="I-NP" entity="I-TIM" id="s0_sp26" surf="&lt;" base="&lt;" terminal="t0_10" category="N/N"/>
    <span start="11" span="1" pos="NN" chunk="I-NP" entity="I-TIM" id="s0_sp27" surf="sup" base="sup" terminal="t0_11" category="N"/>
    <span id="s0_sp28" child="s0_sp29 s0_sp30" category="S[dcl=true]\NP" rule="fa"/>
    <span start="12" span="1" pos="VBD" chunk="I-VP" entity="I-TIM" id="s0_sp29" surf="&gt;" base="&gt;" terminal="t0_12" category="(S[dcl=true]\NP)/NP"/>
    <span id="s0_sp30" child="s0_sp31" category="NP" rule="lex"/>
    <span id="s0_sp31" child="s0_sp32 s0_sp33" category="N" rule="fa"/>
    <span start="13" span="1" pos="CD" chunk="I-NP" entity="I-TIM" id="s0_sp32" surf="5" base="5" terminal="t0_13" category="N/N"/>
    <span id="s0_sp33" child="s0_sp34 s0_sp35" category="N" rule="fa"/>
    <span start="14" span="1" pos="NN" chunk="I-NP" entity="I-TIM" id="s0_sp34" surf="&lt;" base="&lt;" terminal="t0_14" category="N/N"/>
    <span start="15" span="1" pos="NN" chunk="I-NP" entity="I-TIM" id="s0_sp35" surf="/sup" base="/sup" terminal="t0_15" category="N"/>
    <span id="s0_sp36" child="s0_sp37 s0_sp38" category="S[dcl=true]\NP" rule="fa"/>
    <span start="16" span="1" pos="VBD" chunk="I-VP" entity="I-TIM" id="s0_sp37" surf="&gt;" base="&gt;" terminal="t0_16" category="(S[dcl=true]\NP)/NP"/>
    <span id="s0_sp38" child="s0_sp39" category="NP" rule="lex"/>
    <span id="s0_sp39" child="s0_sp40 s0_sp41" category="N" rule="fa"/>
    <span start="17" span="1" pos="JJ" chunk="I-NP" entity="I-TIM" id="s0_sp40" surf="&lt;" base="&lt;" terminal="t0_17" category="N/N"/>
    <span id="s0_sp41" child="s0_sp42 s0_sp43" category="N" rule="fa"/>
    <span start="18" span="1" pos="NN" chunk="I-NP" entity="I-TIM" id="s0_sp42" surf="/code" base="/code" terminal="t0_18" category="N/N"/>
    <span start="19" span="1" pos="NN" chunk="I-NP" entity="I-TIM" id="s0_sp43" surf="&gt;" base="&gt;" terminal="t0_19" category="N"/>
  </ccg>
</sentence>

