1:ROR:==(int,int):<=(int,int):g0101_0200.s0123_best_time_to_buy_and_sell_stock_iii.Solution@maxProfit(int[]):13:prices.length == 0 |==> prices.length <= 0
2:ROR:==(int,int):>=(int,int):g0101_0200.s0123_best_time_to_buy_and_sell_stock_iii.Solution@maxProfit(int[]):13:prices.length == 0 |==> prices.length >= 0
3:ROR:==(int,int):FALSE(int,int):g0101_0200.s0123_best_time_to_buy_and_sell_stock_iii.Solution@maxProfit(int[]):13:prices.length == 0 |==> false
4:STD:<RETURN>:<NO-OP>:g0101_0200.s0123_best_time_to_buy_and_sell_stock_iii.Solution@maxProfit(int[]):14:return 0; |==> <NO-OP>
5:ORU:---(int):+++(int):g0101_0200.s0123_best_time_to_buy_and_sell_stock_iii.Solution@maxProfit(int[]):21:-price |==> +price
6:ORU:---(int):~(int):g0101_0200.s0123_best_time_to_buy_and_sell_stock_iii.Solution@maxProfit(int[]):21:-price |==> ~price
7:STD:<ASSIGN>:<NO-OP>:g0101_0200.s0123_best_time_to_buy_and_sell_stock_iii.Solution@maxProfit(int[]):21:fb = Math.max(fb, -price); |==> <NO-OP>
8:AOR:+(int,int):%(int,int):g0101_0200.s0123_best_time_to_buy_and_sell_stock_iii.Solution@maxProfit(int[]):22:fb + price |==> fb % price
9:AOR:+(int,int):*(int,int):g0101_0200.s0123_best_time_to_buy_and_sell_stock_iii.Solution@maxProfit(int[]):22:fb + price |==> fb * price
10:AOR:+(int,int):-(int,int):g0101_0200.s0123_best_time_to_buy_and_sell_stock_iii.Solution@maxProfit(int[]):22:fb + price |==> fb - price
11:AOR:+(int,int):/(int,int):g0101_0200.s0123_best_time_to_buy_and_sell_stock_iii.Solution@maxProfit(int[]):22:fb + price |==> fb / price
12:STD:<ASSIGN>:<NO-OP>:g0101_0200.s0123_best_time_to_buy_and_sell_stock_iii.Solution@maxProfit(int[]):22:fs = Math.max(fs, fb + price); |==> <NO-OP>
13:AOR:-(int,int):%(int,int):g0101_0200.s0123_best_time_to_buy_and_sell_stock_iii.Solution@maxProfit(int[]):23:fs - price |==> fs % price
14:AOR:-(int,int):*(int,int):g0101_0200.s0123_best_time_to_buy_and_sell_stock_iii.Solution@maxProfit(int[]):23:fs - price |==> fs * price
15:AOR:-(int,int):+(int,int):g0101_0200.s0123_best_time_to_buy_and_sell_stock_iii.Solution@maxProfit(int[]):23:fs - price |==> fs + price
16:AOR:-(int,int):/(int,int):g0101_0200.s0123_best_time_to_buy_and_sell_stock_iii.Solution@maxProfit(int[]):23:fs - price |==> fs / price
17:STD:<ASSIGN>:<NO-OP>:g0101_0200.s0123_best_time_to_buy_and_sell_stock_iii.Solution@maxProfit(int[]):23:sb = Math.max(sb, fs - price); |==> <NO-OP>
18:AOR:+(int,int):%(int,int):g0101_0200.s0123_best_time_to_buy_and_sell_stock_iii.Solution@maxProfit(int[]):24:sb + price |==> sb % price
19:AOR:+(int,int):*(int,int):g0101_0200.s0123_best_time_to_buy_and_sell_stock_iii.Solution@maxProfit(int[]):24:sb + price |==> sb * price
20:AOR:+(int,int):-(int,int):g0101_0200.s0123_best_time_to_buy_and_sell_stock_iii.Solution@maxProfit(int[]):24:sb + price |==> sb - price
21:AOR:+(int,int):/(int,int):g0101_0200.s0123_best_time_to_buy_and_sell_stock_iii.Solution@maxProfit(int[]):24:sb + price |==> sb / price
22:STD:<ASSIGN>:<NO-OP>:g0101_0200.s0123_best_time_to_buy_and_sell_stock_iii.Solution@maxProfit(int[]):24:ss = Math.max(ss, sb + price); |==> <NO-OP>
