[05/24 20:48:29] [INFO   ] org.mutationtesting.major.plugin.MajorPluginTaskListener.<init>:
    Created MajorPluginTaskListener with options: [mml:../../major/mml/all.mml.bin]
[05/24 20:48:29] [INFO   ] org.mutationtesting.major.mutation.Mutator.initOperatorSymbols:
    Initializing operator symbols for opcode mapping
[05/24 20:48:29] [INFO   ] org.mutationtesting.major.mutation.Mutator.mutateTree:
    Mutating tree: Env[AttrContext[Scope[super, this]],outer=Env[AttrContext[Scope[java.util.Collections, java.util.Arrays, java.util.Map, java.util.HashMap, g0201_0300.s0219_contains_duplicate_ii.Solution]]]]
[05/24 20:48:29] [INFO   ] org.mutationtesting.major.mutation.Mutator.visitClassDef:
    CLASS: g0201_0300.s0219_contains_duplicate_ii.Solution
[05/24 20:48:29] [INFO   ] org.mutationtesting.major.mutation.Mutator.visitMethodDef:
    METHOD: <init>([])null
[05/24 20:48:29] [INFO   ] org.mutationtesting.major.mutation.Mutator.visitMethodDef:
    METHOD: containsNearbyDuplicate([int[] nums, int k])boolean
[05/24 20:48:29] [INFO   ] org.mutationtesting.major.mutation.Mutator.nextMutant:
    Creating mutant 1
[05/24 20:48:29] [INFO   ] org.mutationtesting.major.mutation.Mutator.logMutant:
    Logging mutant 1: Solution.containsNearbyDuplicate(line 20, col 27)
            mutation operator group:   ROR
            mutation operator:         <(int,int) |==> !=(int,int)
            original:                  i < len 
            mutant:                    i != len
[05/24 20:48:29] [INFO   ] org.mutationtesting.major.mutation.Mutator.nextMutant:
    Creating mutant 2
[05/24 20:48:29] [INFO   ] org.mutationtesting.major.mutation.Mutator.logMutant:
    Logging mutant 2: Solution.containsNearbyDuplicate(line 20, col 27)
            mutation operator group:   ROR
            mutation operator:         <(int,int) |==> <=(int,int)
            original:                  i < len 
            mutant:                    i <= len
[05/24 20:48:29] [INFO   ] org.mutationtesting.major.mutation.Mutator.nextMutant:
    Creating mutant 3
[05/24 20:48:29] [INFO   ] org.mutationtesting.major.mutation.Mutator.logMutant:
    Logging mutant 3: Solution.containsNearbyDuplicate(line 20, col 27)
            mutation operator group:   ROR
            mutation operator:         <(int,int) |==> FALSE(int,int)
            original:                  i < len 
            mutant:                    false
[05/24 20:48:29] [INFO   ] org.mutationtesting.major.mutation.Mutator.nextMutant:
    Creating mutant 4
[05/24 20:48:29] [INFO   ] org.mutationtesting.major.mutation.Mutator.logMutant:
    Logging mutant 4: Solution.containsNearbyDuplicate(line 22, col 23)
            mutation operator group:   ROR
            mutation operator:         !=(java.lang.Object,java.lang.Object) |==> TRUE(java.lang.Object,java.lang.Object)
            original:                  index != null 
            mutant:                    true
[05/24 20:48:29] [INFO   ] org.mutationtesting.major.mutation.Mutator.nextMutant:
    Creating mutant 5
[05/24 20:48:29] [INFO   ] org.mutationtesting.major.mutation.Mutator.logMutant:
    Logging mutant 5: Solution.containsNearbyDuplicate(line 22, col 49)
            mutation operator group:   AOR
            mutation operator:         -(int,int) |==> %(int,int)
            original:                  index - i 
            mutant:                    index % i
[05/24 20:48:29] [INFO   ] org.mutationtesting.major.mutation.Mutator.nextMutant:
    Creating mutant 6
[05/24 20:48:29] [INFO   ] org.mutationtesting.major.mutation.Mutator.logMutant:
    Logging mutant 6: Solution.containsNearbyDuplicate(line 22, col 49)
            mutation operator group:   AOR
            mutation operator:         -(int,int) |==> *(int,int)
            original:                  index - i 
            mutant:                    index * i
[05/24 20:48:29] [INFO   ] org.mutationtesting.major.mutation.Mutator.nextMutant:
    Creating mutant 7
[05/24 20:48:29] [INFO   ] org.mutationtesting.major.mutation.Mutator.logMutant:
    Logging mutant 7: Solution.containsNearbyDuplicate(line 22, col 49)
            mutation operator group:   AOR
            mutation operator:         -(int,int) |==> +(int,int)
            original:                  index - i 
            mutant:                    index + i
[05/24 20:48:29] [INFO   ] org.mutationtesting.major.mutation.Mutator.nextMutant:
    Creating mutant 8
[05/24 20:48:29] [INFO   ] org.mutationtesting.major.mutation.Mutator.logMutant:
    Logging mutant 8: Solution.containsNearbyDuplicate(line 22, col 49)
            mutation operator group:   AOR
            mutation operator:         -(int,int) |==> /(int,int)
            original:                  index - i 
            mutant:                    index / i
[05/24 20:48:29] [INFO   ] org.mutationtesting.major.mutation.Mutator.nextMutant:
    Creating mutant 9
[05/24 20:48:29] [INFO   ] org.mutationtesting.major.mutation.Mutator.logMutant:
    Logging mutant 9: Solution.containsNearbyDuplicate(line 22, col 54)
            mutation operator group:   ROR
            mutation operator:         <=(int,int) |==> <(int,int)
            original:                  Math.abs(index - i) <= k 
            mutant:                    Math.abs(index - i) < k
[05/24 20:48:29] [INFO   ] org.mutationtesting.major.mutation.Mutator.nextMutant:
    Creating mutant 10
[05/24 20:48:29] [INFO   ] org.mutationtesting.major.mutation.Mutator.logMutant:
    Logging mutant 10: Solution.containsNearbyDuplicate(line 22, col 54)
            mutation operator group:   ROR
            mutation operator:         <=(int,int) |==> ==(int,int)
            original:                  Math.abs(index - i) <= k 
            mutant:                    Math.abs(index - i) == k
[05/24 20:48:29] [INFO   ] org.mutationtesting.major.mutation.Mutator.nextMutant:
    Creating mutant 11
[05/24 20:48:29] [INFO   ] org.mutationtesting.major.mutation.Mutator.logMutant:
    Logging mutant 11: Solution.containsNearbyDuplicate(line 22, col 54)
            mutation operator group:   ROR
            mutation operator:         <=(int,int) |==> TRUE(int,int)
            original:                  Math.abs(index - i) <= k 
            mutant:                    true
[05/24 20:48:29] [INFO   ] org.mutationtesting.major.mutation.Mutator.nextMutant:
    Creating mutant 12
[05/24 20:48:29] [INFO   ] org.mutationtesting.major.mutation.Mutator.logMutant:
    Logging mutant 12: Solution.containsNearbyDuplicate(line 22, col 31)
            mutation operator group:   COR
            mutation operator:         &&(boolean,boolean) |==> ==(boolean,boolean)
            original:                  index != null && Math.abs(index - i) <= k 
            mutant:                    index != null == Math.abs(index - i) <= k
[05/24 20:48:29] [INFO   ] org.mutationtesting.major.mutation.Mutator.nextMutant:
    Creating mutant 13
[05/24 20:48:29] [INFO   ] org.mutationtesting.major.mutation.Mutator.logMutant:
    Logging mutant 13: Solution.containsNearbyDuplicate(line 22, col 31)
            mutation operator group:   COR
            mutation operator:         &&(boolean,boolean) |==> FALSE(boolean,boolean)
            original:                  index != null && Math.abs(index - i) <= k 
            mutant:                    false
[05/24 20:48:29] [INFO   ] org.mutationtesting.major.mutation.Mutator.nextMutant:
    Creating mutant 14
[05/24 20:48:29] [INFO   ] org.mutationtesting.major.mutation.Mutator.logMutant:
    Logging mutant 14: Solution.containsNearbyDuplicate(line 22, col 23)
            mutation operator group:   COR
            mutation operator:         &&(boolean,boolean) |==> LHS(boolean,boolean)
            original:                  index != null && Math.abs(index - i) <= k 
            mutant:                    index != null
[05/24 20:48:29] [INFO   ] org.mutationtesting.major.mutation.Mutator.nextMutant:
    Creating mutant 15
[05/24 20:48:29] [INFO   ] org.mutationtesting.major.mutation.Mutator.logMutant:
    Logging mutant 15: Solution.containsNearbyDuplicate(line 22, col 54)
            mutation operator group:   COR
            mutation operator:         &&(boolean,boolean) |==> RHS(boolean,boolean)
            original:                  index != null && Math.abs(index - i) <= k 
            mutant:                    Math.abs(index - i) <= k
[05/24 20:48:29] [INFO   ] org.mutationtesting.major.mutation.Mutator.nextMutant:
    Creating mutant 16
[05/24 20:48:29] [INFO   ] org.mutationtesting.major.mutation.Mutator.logMutantSTD:
    Logging mutantSTD 16: (STD) return true; -> <NO-OP>
[05/24 20:48:29] [INFO   ] org.mutationtesting.major.plugin.MajorPluginTaskListener.mutate:
    Generated 16 mutants (71 ms)
