[04/24 17:41:36] [INFO   ] org.mutationtesting.major.plugin.MajorPluginTaskListener.<init>:
    Created MajorPluginTaskListener with options: [mml:../../major/mml/all.mml.bin]
[04/24 17:41:36] [INFO   ] org.mutationtesting.major.mutation.Mutator.initOperatorSymbols:
    Initializing operator symbols for opcode mapping
[04/24 17:41:36] [INFO   ] org.mutationtesting.major.mutation.Mutator.mutateTree:
    Mutating tree: Env[AttrContext[Scope[super, this]],outer=Env[AttrContext[Scope[g0001_0100.s0006_zigzag_conversion.Solution]]]]
[04/24 17:41:36] [INFO   ] org.mutationtesting.major.mutation.Mutator.visitClassDef:
    CLASS: g0001_0100.s0006_zigzag_conversion.Solution
[04/24 17:41:36] [INFO   ] org.mutationtesting.major.mutation.Mutator.visitMethodDef:
    METHOD: <init>([])null
[04/24 17:41:36] [INFO   ] org.mutationtesting.major.mutation.Mutator.visitMethodDef:
    METHOD: convert([String s, int numRows])String
[04/24 17:41:36] [INFO   ] org.mutationtesting.major.mutation.Mutator.nextMutant:
    Creating mutant 1
[04/24 17:41:36] [INFO   ] org.mutationtesting.major.mutation.Mutator.logMutant:
    Logging mutant 1: Solution.convert(line 11, col 21)
            mutation operator group:   ROR
            mutation operator:         ==(int,int) |==> <=(int,int)
            original:                  numRows == 1 
            mutant:                    numRows <= 1
[04/24 17:41:36] [INFO   ] org.mutationtesting.major.mutation.Mutator.nextMutant:
    Creating mutant 2
[04/24 17:41:36] [INFO   ] org.mutationtesting.major.mutation.Mutator.logMutant:
    Logging mutant 2: Solution.convert(line 11, col 21)
            mutation operator group:   ROR
            mutation operator:         ==(int,int) |==> >=(int,int)
            original:                  numRows == 1 
            mutant:                    numRows >= 1
[04/24 17:41:36] [INFO   ] org.mutationtesting.major.mutation.Mutator.nextMutant:
    Creating mutant 3
[04/24 17:41:36] [INFO   ] org.mutationtesting.major.mutation.Mutator.logMutant:
    Logging mutant 3: Solution.convert(line 11, col 21)
            mutation operator group:   ROR
            mutation operator:         ==(int,int) |==> FALSE(int,int)
            original:                  numRows == 1 
            mutant:                    false
[04/24 17:41:36] [INFO   ] org.mutationtesting.major.mutation.Mutator.nextMutant:
    Creating mutant 4
[04/24 17:41:36] [INFO   ] org.mutationtesting.major.mutation.Mutator.logMutantSTD:
    Logging mutantSTD 4: (STD) return s; -> <NO-OP>
[04/24 17:41:36] [INFO   ] org.mutationtesting.major.mutation.Mutator.nextMutant:
    Creating mutant 5
[04/24 17:41:36] [INFO   ] org.mutationtesting.major.mutation.Mutator.logMutant:
    Logging mutant 5: Solution.convert(line 14, col 31)
            mutation operator group:   AOR
            mutation operator:         *(int,int) |==> %(int,int)
            original:                  numRows * 2 
            mutant:                    numRows % 2
[04/24 17:41:36] [INFO   ] org.mutationtesting.major.mutation.Mutator.nextMutant:
    Creating mutant 6
[04/24 17:41:36] [INFO   ] org.mutationtesting.major.mutation.Mutator.logMutant:
    Logging mutant 6: Solution.convert(line 14, col 31)
            mutation operator group:   AOR
            mutation operator:         *(int,int) |==> +(int,int)
            original:                  numRows * 2 
            mutant:                    numRows + 2
[04/24 17:41:36] [INFO   ] org.mutationtesting.major.mutation.Mutator.nextMutant:
    Creating mutant 7
[04/24 17:41:36] [INFO   ] org.mutationtesting.major.mutation.Mutator.logMutant:
    Logging mutant 7: Solution.convert(line 14, col 31)
            mutation operator group:   AOR
            mutation operator:         *(int,int) |==> -(int,int)
            original:                  numRows * 2 
            mutant:                    numRows - 2
[04/24 17:41:36] [INFO   ] org.mutationtesting.major.mutation.Mutator.nextMutant:
    Creating mutant 8
[04/24 17:41:36] [INFO   ] org.mutationtesting.major.mutation.Mutator.logMutant:
    Logging mutant 8: Solution.convert(line 14, col 31)
            mutation operator group:   AOR
            mutation operator:         *(int,int) |==> /(int,int)
            original:                  numRows * 2 
            mutant:                    numRows / 2
[04/24 17:41:36] [INFO   ] org.mutationtesting.major.mutation.Mutator.nextMutant:
    Creating mutant 9
[04/24 17:41:36] [INFO   ] org.mutationtesting.major.mutation.Mutator.logMutant:
    Logging mutant 9: Solution.convert(line 14, col 35)
            mutation operator group:   AOR
            mutation operator:         -(int,int) |==> %(int,int)
            original:                  numRows * 2 - 2 
            mutant:                    numRows * 2 % 2
[04/24 17:41:36] [INFO   ] org.mutationtesting.major.mutation.Mutator.nextMutant:
    Creating mutant 10
[04/24 17:41:36] [INFO   ] org.mutationtesting.major.mutation.Mutator.logMutant:
    Logging mutant 10: Solution.convert(line 14, col 35)
            mutation operator group:   AOR
            mutation operator:         -(int,int) |==> *(int,int)
            original:                  numRows * 2 - 2 
            mutant:                    numRows * 2 * 2
[04/24 17:41:36] [INFO   ] org.mutationtesting.major.mutation.Mutator.nextMutant:
    Creating mutant 11
[04/24 17:41:36] [INFO   ] org.mutationtesting.major.mutation.Mutator.logMutant:
    Logging mutant 11: Solution.convert(line 14, col 35)
            mutation operator group:   AOR
            mutation operator:         -(int,int) |==> +(int,int)
            original:                  numRows * 2 - 2 
            mutant:                    numRows * 2 + 2
[04/24 17:41:36] [INFO   ] org.mutationtesting.major.mutation.Mutator.nextMutant:
    Creating mutant 12
[04/24 17:41:36] [INFO   ] org.mutationtesting.major.mutation.Mutator.logMutant:
    Logging mutant 12: Solution.convert(line 14, col 35)
            mutation operator group:   AOR
            mutation operator:         -(int,int) |==> /(int,int)
            original:                  numRows * 2 - 2 
            mutant:                    numRows * 2 / 2
[04/24 17:41:36] [INFO   ] org.mutationtesting.major.mutation.Mutator.nextMutant:
    Creating mutant 13
[04/24 17:41:36] [INFO   ] org.mutationtesting.major.mutation.Mutator.logMutant:
    Logging mutant 13: Solution.convert(line 16, col 27)
            mutation operator group:   ROR
            mutation operator:         <(int,int) |==> !=(int,int)
            original:                  i < numRows 
            mutant:                    i != numRows
[04/24 17:41:36] [INFO   ] org.mutationtesting.major.mutation.Mutator.nextMutant:
    Creating mutant 14
[04/24 17:41:36] [INFO   ] org.mutationtesting.major.mutation.Mutator.logMutant:
    Logging mutant 14: Solution.convert(line 16, col 27)
            mutation operator group:   ROR
            mutation operator:         <(int,int) |==> <=(int,int)
            original:                  i < numRows 
            mutant:                    i <= numRows
[04/24 17:41:36] [INFO   ] org.mutationtesting.major.mutation.Mutator.nextMutant:
    Creating mutant 15
[04/24 17:41:36] [INFO   ] org.mutationtesting.major.mutation.Mutator.logMutant:
    Logging mutant 15: Solution.convert(line 16, col 27)
            mutation operator group:   ROR
            mutation operator:         <(int,int) |==> FALSE(int,int)
            original:                  i < numRows 
            mutant:                    false
[04/24 17:41:36] [INFO   ] org.mutationtesting.major.mutation.Mutator.nextMutant:
    Creating mutant 16
[04/24 17:41:36] [INFO   ] org.mutationtesting.major.mutation.Mutator.logMutant:
    Logging mutant 16: Solution.convert(line 18, col 19)
            mutation operator group:   ROR
            mutation operator:         ==(int,int) |==> <=(int,int)
            original:                  i == 0 
            mutant:                    i <= 0
[04/24 17:41:36] [INFO   ] org.mutationtesting.major.mutation.Mutator.nextMutant:
    Creating mutant 17
[04/24 17:41:36] [INFO   ] org.mutationtesting.major.mutation.Mutator.logMutant:
    Logging mutant 17: Solution.convert(line 18, col 19)
            mutation operator group:   ROR
            mutation operator:         ==(int,int) |==> >=(int,int)
            original:                  i == 0 
            mutant:                    i >= 0
[04/24 17:41:36] [INFO   ] org.mutationtesting.major.mutation.Mutator.nextMutant:
    Creating mutant 18
[04/24 17:41:36] [INFO   ] org.mutationtesting.major.mutation.Mutator.logMutant:
    Logging mutant 18: Solution.convert(line 18, col 19)
            mutation operator group:   ROR
            mutation operator:         ==(int,int) |==> FALSE(int,int)
            original:                  i == 0 
            mutant:                    false
[04/24 17:41:36] [INFO   ] org.mutationtesting.major.mutation.Mutator.nextMutant:
    Creating mutant 19
[04/24 17:41:36] [INFO   ] org.mutationtesting.major.mutation.Mutator.logMutant:
    Logging mutant 19: Solution.convert(line 18, col 40)
            mutation operator group:   AOR
            mutation operator:         -(int,int) |==> %(int,int)
            original:                  numRows - 1 
            mutant:                    numRows % 1
[04/24 17:41:36] [INFO   ] org.mutationtesting.major.mutation.Mutator.nextMutant:
    Creating mutant 20
[04/24 17:41:36] [INFO   ] org.mutationtesting.major.mutation.Mutator.logMutant:
    Logging mutant 20: Solution.convert(line 18, col 40)
            mutation operator group:   AOR
            mutation operator:         -(int,int) |==> *(int,int)
            original:                  numRows - 1 
            mutant:                    numRows * 1
[04/24 17:41:36] [INFO   ] org.mutationtesting.major.mutation.Mutator.nextMutant:
    Creating mutant 21
[04/24 17:41:36] [INFO   ] org.mutationtesting.major.mutation.Mutator.logMutant:
    Logging mutant 21: Solution.convert(line 18, col 40)
            mutation operator group:   AOR
            mutation operator:         -(int,int) |==> +(int,int)
            original:                  numRows - 1 
            mutant:                    numRows + 1
[04/24 17:41:36] [INFO   ] org.mutationtesting.major.mutation.Mutator.nextMutant:
    Creating mutant 22
[04/24 17:41:36] [INFO   ] org.mutationtesting.major.mutation.Mutator.logMutant:
    Logging mutant 22: Solution.convert(line 18, col 40)
            mutation operator group:   AOR
            mutation operator:         -(int,int) |==> /(int,int)
            original:                  numRows - 1 
            mutant:                    numRows / 1
[04/24 17:41:36] [INFO   ] org.mutationtesting.major.mutation.Mutator.nextMutant:
    Creating mutant 23
[04/24 17:41:36] [INFO   ] org.mutationtesting.major.mutation.Mutator.logMutant:
    Logging mutant 23: Solution.convert(line 18, col 29)
            mutation operator group:   ROR
            mutation operator:         ==(int,int) |==> <=(int,int)
            original:                  i == numRows - 1 
            mutant:                    i <= numRows - 1
[04/24 17:41:36] [INFO   ] org.mutationtesting.major.mutation.Mutator.nextMutant:
    Creating mutant 24
[04/24 17:41:36] [INFO   ] org.mutationtesting.major.mutation.Mutator.logMutant:
    Logging mutant 24: Solution.convert(line 18, col 29)
            mutation operator group:   ROR
            mutation operator:         ==(int,int) |==> >=(int,int)
            original:                  i == numRows - 1 
            mutant:                    i >= numRows - 1
[04/24 17:41:36] [INFO   ] org.mutationtesting.major.mutation.Mutator.nextMutant:
    Creating mutant 25
[04/24 17:41:36] [INFO   ] org.mutationtesting.major.mutation.Mutator.logMutant:
    Logging mutant 25: Solution.convert(line 18, col 29)
            mutation operator group:   ROR
            mutation operator:         ==(int,int) |==> FALSE(int,int)
            original:                  i == numRows - 1 
            mutant:                    false
[04/24 17:41:36] [INFO   ] org.mutationtesting.major.mutation.Mutator.nextMutant:
    Creating mutant 26
[04/24 17:41:36] [INFO   ] org.mutationtesting.major.mutation.Mutator.logMutant:
    Logging mutant 26: Solution.convert(line 18, col 24)
            mutation operator group:   COR
            mutation operator:         ||(boolean,boolean) |==> !=(boolean,boolean)
            original:                  i == 0 || i == numRows - 1 
            mutant:                    i == 0 != (i == numRows - 1)
[04/24 17:41:36] [INFO   ] org.mutationtesting.major.mutation.Mutator.nextMutant:
    Creating mutant 27
[04/24 17:41:36] [INFO   ] org.mutationtesting.major.mutation.Mutator.logMutant:
    Logging mutant 27: Solution.convert(line 18, col 19)
            mutation operator group:   COR
            mutation operator:         ||(boolean,boolean) |==> LHS(boolean,boolean)
            original:                  i == 0 || i == numRows - 1 
            mutant:                    i == 0
[04/24 17:41:36] [INFO   ] org.mutationtesting.major.mutation.Mutator.nextMutant:
    Creating mutant 28
[04/24 17:41:36] [INFO   ] org.mutationtesting.major.mutation.Mutator.logMutant:
    Logging mutant 28: Solution.convert(line 18, col 29)
            mutation operator group:   COR
            mutation operator:         ||(boolean,boolean) |==> RHS(boolean,boolean)
            original:                  i == 0 || i == numRows - 1 
            mutant:                    i == numRows - 1
[04/24 17:41:36] [INFO   ] org.mutationtesting.major.mutation.Mutator.nextMutant:
    Creating mutant 29
[04/24 17:41:36] [INFO   ] org.mutationtesting.major.mutation.Mutator.logMutant:
    Logging mutant 29: Solution.convert(line 18, col 24)
            mutation operator group:   COR
            mutation operator:         ||(boolean,boolean) |==> TRUE(boolean,boolean)
            original:                  i == 0 || i == numRows - 1 
            mutant:                    true
[04/24 17:41:36] [INFO   ] org.mutationtesting.major.mutation.Mutator.nextMutant:
    Creating mutant 30
[04/24 17:41:36] [INFO   ] org.mutationtesting.major.mutation.Mutator.logMutant:
    Logging mutant 30: Solution.convert(line 19, col 30)
            mutation operator group:   ROR
            mutation operator:         <(int,int) |==> !=(int,int)
            original:                  index < sLen 
            mutant:                    index != sLen
[04/24 17:41:36] [INFO   ] org.mutationtesting.major.mutation.Mutator.nextMutant:
    Creating mutant 31
[04/24 17:41:36] [INFO   ] org.mutationtesting.major.mutation.Mutator.logMutant:
    Logging mutant 31: Solution.convert(line 19, col 30)
            mutation operator group:   ROR
            mutation operator:         <(int,int) |==> <=(int,int)
            original:                  index < sLen 
            mutant:                    index <= sLen
[04/24 17:41:36] [INFO   ] org.mutationtesting.major.mutation.Mutator.nextMutant:
    Creating mutant 32
[04/24 17:41:36] [INFO   ] org.mutationtesting.major.mutation.Mutator.logMutant:
    Logging mutant 32: Solution.convert(line 19, col 30)
            mutation operator group:   ROR
            mutation operator:         <(int,int) |==> FALSE(int,int)
            original:                  index < sLen 
            mutant:                    false
[04/24 17:41:36] [INFO   ] org.mutationtesting.major.mutation.Mutator.nextMutant:
    Creating mutant 33
[04/24 17:41:36] [INFO   ] org.mutationtesting.major.mutation.Mutator.logMutantSTD:
    Logging mutantSTD 33: (STD) buf.append(s.charAt(index)); -> <NO-OP>
[04/24 17:41:36] [INFO   ] org.mutationtesting.major.mutation.Mutator.nextMutant:
    Creating mutant 34
[04/24 17:41:36] [INFO   ] org.mutationtesting.major.mutation.Mutator.logMutantSTD:
    Logging mutantSTD 34: (STD) index += maxDist; -> <NO-OP>
[04/24 17:41:36] [INFO   ] org.mutationtesting.major.mutation.Mutator.nextMutant:
    Creating mutant 35
[04/24 17:41:36] [INFO   ] org.mutationtesting.major.mutation.Mutator.logMutant:
    Logging mutant 35: Solution.convert(line 24, col 30)
            mutation operator group:   ROR
            mutation operator:         <(int,int) |==> !=(int,int)
            original:                  index < sLen 
            mutant:                    index != sLen
[04/24 17:41:36] [INFO   ] org.mutationtesting.major.mutation.Mutator.nextMutant:
    Creating mutant 36
[04/24 17:41:36] [INFO   ] org.mutationtesting.major.mutation.Mutator.logMutant:
    Logging mutant 36: Solution.convert(line 24, col 30)
            mutation operator group:   ROR
            mutation operator:         <(int,int) |==> <=(int,int)
            original:                  index < sLen 
            mutant:                    index <= sLen
[04/24 17:41:36] [INFO   ] org.mutationtesting.major.mutation.Mutator.nextMutant:
    Creating mutant 37
[04/24 17:41:36] [INFO   ] org.mutationtesting.major.mutation.Mutator.logMutant:
    Logging mutant 37: Solution.convert(line 24, col 30)
            mutation operator group:   ROR
            mutation operator:         <(int,int) |==> FALSE(int,int)
            original:                  index < sLen 
            mutant:                    false
[04/24 17:41:36] [INFO   ] org.mutationtesting.major.mutation.Mutator.nextMutant:
    Creating mutant 38
[04/24 17:41:36] [INFO   ] org.mutationtesting.major.mutation.Mutator.logMutantSTD:
    Logging mutantSTD 38: (STD) buf.append(s.charAt(index)); -> <NO-OP>
[04/24 17:41:36] [INFO   ] org.mutationtesting.major.mutation.Mutator.nextMutant:
    Creating mutant 39
[04/24 17:41:36] [INFO   ] org.mutationtesting.major.mutation.Mutator.logMutant:
    Logging mutant 39: Solution.convert(line 26, col 42)
            mutation operator group:   AOR
            mutation operator:         *(int,int) |==> %(int,int)
            original:                  i * 2 
            mutant:                    i % 2
[04/24 17:41:36] [INFO   ] org.mutationtesting.major.mutation.Mutator.nextMutant:
    Creating mutant 40
[04/24 17:41:36] [INFO   ] org.mutationtesting.major.mutation.Mutator.logMutant:
    Logging mutant 40: Solution.convert(line 26, col 42)
            mutation operator group:   AOR
            mutation operator:         *(int,int) |==> +(int,int)
            original:                  i * 2 
            mutant:                    i + 2
[04/24 17:41:36] [INFO   ] org.mutationtesting.major.mutation.Mutator.nextMutant:
    Creating mutant 41
[04/24 17:41:36] [INFO   ] org.mutationtesting.major.mutation.Mutator.logMutant:
    Logging mutant 41: Solution.convert(line 26, col 42)
            mutation operator group:   AOR
            mutation operator:         *(int,int) |==> -(int,int)
            original:                  i * 2 
            mutant:                    i - 2
[04/24 17:41:36] [INFO   ] org.mutationtesting.major.mutation.Mutator.nextMutant:
    Creating mutant 42
[04/24 17:41:36] [INFO   ] org.mutationtesting.major.mutation.Mutator.logMutant:
    Logging mutant 42: Solution.convert(line 26, col 42)
            mutation operator group:   AOR
            mutation operator:         *(int,int) |==> /(int,int)
            original:                  i * 2 
            mutant:                    i / 2
[04/24 17:41:36] [INFO   ] org.mutationtesting.major.mutation.Mutator.nextMutant:
    Creating mutant 43
[04/24 17:41:36] [INFO   ] org.mutationtesting.major.mutation.Mutator.logMutant:
    Logging mutant 43: Solution.convert(line 26, col 38)
            mutation operator group:   AOR
            mutation operator:         -(int,int) |==> %(int,int)
            original:                  maxDist - i * 2 
            mutant:                    maxDist % (i * 2)
[04/24 17:41:36] [INFO   ] org.mutationtesting.major.mutation.Mutator.nextMutant:
    Creating mutant 44
[04/24 17:41:36] [INFO   ] org.mutationtesting.major.mutation.Mutator.logMutant:
    Logging mutant 44: Solution.convert(line 26, col 38)
            mutation operator group:   AOR
            mutation operator:         -(int,int) |==> *(int,int)
            original:                  maxDist - i * 2 
            mutant:                    maxDist * (i * 2)
[04/24 17:41:36] [INFO   ] org.mutationtesting.major.mutation.Mutator.nextMutant:
    Creating mutant 45
[04/24 17:41:36] [INFO   ] org.mutationtesting.major.mutation.Mutator.logMutant:
    Logging mutant 45: Solution.convert(line 26, col 38)
            mutation operator group:   AOR
            mutation operator:         -(int,int) |==> +(int,int)
            original:                  maxDist - i * 2 
            mutant:                    maxDist + i * 2
[04/24 17:41:36] [INFO   ] org.mutationtesting.major.mutation.Mutator.nextMutant:
    Creating mutant 46
[04/24 17:41:36] [INFO   ] org.mutationtesting.major.mutation.Mutator.logMutant:
    Logging mutant 46: Solution.convert(line 26, col 38)
            mutation operator group:   AOR
            mutation operator:         -(int,int) |==> /(int,int)
            original:                  maxDist - i * 2 
            mutant:                    maxDist / (i * 2)
[04/24 17:41:36] [INFO   ] org.mutationtesting.major.mutation.Mutator.nextMutant:
    Creating mutant 47
[04/24 17:41:36] [INFO   ] org.mutationtesting.major.mutation.Mutator.logMutantSTD:
    Logging mutantSTD 47: (STD) index += maxDist - i * 2; -> <NO-OP>
[04/24 17:41:36] [INFO   ] org.mutationtesting.major.mutation.Mutator.nextMutant:
    Creating mutant 48
[04/24 17:41:36] [INFO   ] org.mutationtesting.major.mutation.Mutator.logMutant:
    Logging mutant 48: Solution.convert(line 27, col 31)
            mutation operator group:   ROR
            mutation operator:         >=(int,int) |==> ==(int,int)
            original:                  index >= sLen 
            mutant:                    index == sLen
[04/24 17:41:36] [INFO   ] org.mutationtesting.major.mutation.Mutator.nextMutant:
    Creating mutant 49
[04/24 17:41:36] [INFO   ] org.mutationtesting.major.mutation.Mutator.logMutant:
    Logging mutant 49: Solution.convert(line 27, col 31)
            mutation operator group:   ROR
            mutation operator:         >=(int,int) |==> >(int,int)
            original:                  index >= sLen 
            mutant:                    index > sLen
[04/24 17:41:36] [INFO   ] org.mutationtesting.major.mutation.Mutator.nextMutant:
    Creating mutant 50
[04/24 17:41:36] [INFO   ] org.mutationtesting.major.mutation.Mutator.logMutant:
    Logging mutant 50: Solution.convert(line 27, col 31)
            mutation operator group:   ROR
            mutation operator:         >=(int,int) |==> TRUE(int,int)
            original:                  index >= sLen 
            mutant:                    true
[04/24 17:41:36] [INFO   ] org.mutationtesting.major.mutation.Mutator.nextMutant:
    Creating mutant 51
[04/24 17:41:36] [INFO   ] org.mutationtesting.major.mutation.Mutator.logMutantSTD:
    Logging mutantSTD 51: (STD) break; -> <NO-OP>
[04/24 17:41:36] [INFO   ] org.mutationtesting.major.mutation.Mutator.nextMutant:
    Creating mutant 52
[04/24 17:41:36] [INFO   ] org.mutationtesting.major.mutation.Mutator.logMutantSTD:
    Logging mutantSTD 52: (STD) buf.append(s.charAt(index)); -> <NO-OP>
[04/24 17:41:36] [INFO   ] org.mutationtesting.major.mutation.Mutator.nextMutant:
    Creating mutant 53
[04/24 17:41:36] [INFO   ] org.mutationtesting.major.mutation.Mutator.logMutant:
    Logging mutant 53: Solution.convert(line 31, col 32)
            mutation operator group:   AOR
            mutation operator:         *(int,int) |==> %(int,int)
            original:                  i * 2 
            mutant:                    i % 2
[04/24 17:41:36] [INFO   ] org.mutationtesting.major.mutation.Mutator.nextMutant:
    Creating mutant 54
[04/24 17:41:36] [INFO   ] org.mutationtesting.major.mutation.Mutator.logMutant:
    Logging mutant 54: Solution.convert(line 31, col 32)
            mutation operator group:   AOR
            mutation operator:         *(int,int) |==> +(int,int)
            original:                  i * 2 
            mutant:                    i + 2
[04/24 17:41:36] [INFO   ] org.mutationtesting.major.mutation.Mutator.nextMutant:
    Creating mutant 55
[04/24 17:41:36] [INFO   ] org.mutationtesting.major.mutation.Mutator.logMutant:
    Logging mutant 55: Solution.convert(line 31, col 32)
            mutation operator group:   AOR
            mutation operator:         *(int,int) |==> -(int,int)
            original:                  i * 2 
            mutant:                    i - 2
[04/24 17:41:36] [INFO   ] org.mutationtesting.major.mutation.Mutator.nextMutant:
    Creating mutant 56
[04/24 17:41:36] [INFO   ] org.mutationtesting.major.mutation.Mutator.logMutant:
    Logging mutant 56: Solution.convert(line 31, col 32)
            mutation operator group:   AOR
            mutation operator:         *(int,int) |==> /(int,int)
            original:                  i * 2 
            mutant:                    i / 2
[04/24 17:41:36] [INFO   ] org.mutationtesting.major.mutation.Mutator.nextMutant:
    Creating mutant 57
[04/24 17:41:36] [INFO   ] org.mutationtesting.major.mutation.Mutator.logMutantSTD:
    Logging mutantSTD 57: (STD) index += i * 2; -> <NO-OP>
[04/24 17:41:36] [INFO   ] org.mutationtesting.major.plugin.MajorPluginTaskListener.mutate:
    Generated 57 mutants (72 ms)
