[06/24 16:50:35] [INFO   ] org.mutationtesting.major.plugin.MajorPluginTaskListener.<init>:
    Created MajorPluginTaskListener with options: [mml:../../major/mml/all.mml.bin]
[06/24 16:50:35] [INFO   ] org.mutationtesting.major.mutation.Mutator.initOperatorSymbols:
    Initializing operator symbols for opcode mapping
[06/24 16:50:35] [INFO   ] org.mutationtesting.major.mutation.Mutator.mutateTree:
    Mutating tree: Env[AttrContext[Scope[super, this]],outer=Env[AttrContext[Scope[java.util.Arrays, java.util.List, java.util.Collections, java.util.ArrayList, g0901_1000.s0989_add_to_array_form_of_integer.Solution]]]]
[06/24 16:50:35] [INFO   ] org.mutationtesting.major.mutation.Mutator.visitClassDef:
    CLASS: g0901_1000.s0989_add_to_array_form_of_integer.Solution
[06/24 16:50:35] [INFO   ] org.mutationtesting.major.mutation.Mutator.visitMethodDef:
    METHOD: <init>([])null
[06/24 16:50:35] [INFO   ] org.mutationtesting.major.mutation.Mutator.visitMethodDef:
    METHOD: addToArrayForm([int[] num, int k])List<Integer>
[06/24 16:50:35] [INFO   ] org.mutationtesting.major.mutation.Mutator.nextMutant:
    Creating mutant 1
[06/24 16:50:35] [INFO   ] org.mutationtesting.major.mutation.Mutator.logMutant:
    Logging mutant 1: Solution.addToArrayForm(line 19, col 33)
            mutation operator group:   AOR
            mutation operator:         -(int,int) |==> %(int,int)
            original:                  num.length - 1 
            mutant:                    num.length % 1
[06/24 16:50:35] [INFO   ] org.mutationtesting.major.mutation.Mutator.nextMutant:
    Creating mutant 2
[06/24 16:50:35] [INFO   ] org.mutationtesting.major.mutation.Mutator.logMutant:
    Logging mutant 2: Solution.addToArrayForm(line 19, col 33)
            mutation operator group:   AOR
            mutation operator:         -(int,int) |==> *(int,int)
            original:                  num.length - 1 
            mutant:                    num.length * 1
[06/24 16:50:35] [INFO   ] org.mutationtesting.major.mutation.Mutator.nextMutant:
    Creating mutant 3
[06/24 16:50:35] [INFO   ] org.mutationtesting.major.mutation.Mutator.logMutant:
    Logging mutant 3: Solution.addToArrayForm(line 19, col 33)
            mutation operator group:   AOR
            mutation operator:         -(int,int) |==> +(int,int)
            original:                  num.length - 1 
            mutant:                    num.length + 1
[06/24 16:50:35] [INFO   ] org.mutationtesting.major.mutation.Mutator.nextMutant:
    Creating mutant 4
[06/24 16:50:35] [INFO   ] org.mutationtesting.major.mutation.Mutator.logMutant:
    Logging mutant 4: Solution.addToArrayForm(line 19, col 33)
            mutation operator group:   AOR
            mutation operator:         -(int,int) |==> /(int,int)
            original:                  num.length - 1 
            mutant:                    num.length / 1
[06/24 16:50:35] [INFO   ] org.mutationtesting.major.mutation.Mutator.nextMutant:
    Creating mutant 5
[06/24 16:50:35] [INFO   ] org.mutationtesting.major.mutation.Mutator.logMutant:
    Logging mutant 5: Solution.addToArrayForm(line 19, col 40)
            mutation operator group:   ROR
            mutation operator:         >=(int,int) |==> ==(int,int)
            original:                  i >= 0 
            mutant:                    i == 0
[06/24 16:50:35] [INFO   ] org.mutationtesting.major.mutation.Mutator.nextMutant:
    Creating mutant 6
[06/24 16:50:35] [INFO   ] org.mutationtesting.major.mutation.Mutator.logMutant:
    Logging mutant 6: Solution.addToArrayForm(line 19, col 40)
            mutation operator group:   ROR
            mutation operator:         >=(int,int) |==> >(int,int)
            original:                  i >= 0 
            mutant:                    i > 0
[06/24 16:50:35] [INFO   ] org.mutationtesting.major.mutation.Mutator.nextMutant:
    Creating mutant 7
[06/24 16:50:35] [INFO   ] org.mutationtesting.major.mutation.Mutator.logMutant:
    Logging mutant 7: Solution.addToArrayForm(line 19, col 40)
            mutation operator group:   ROR
            mutation operator:         >=(int,int) |==> TRUE(int,int)
            original:                  i >= 0 
            mutant:                    true
[06/24 16:50:35] [INFO   ] org.mutationtesting.major.mutation.Mutator.nextMutant:
    Creating mutant 8
[06/24 16:50:35] [INFO   ] org.mutationtesting.major.mutation.Mutator.logMutant:
    Logging mutant 8: Solution.addToArrayForm(line 20, col 35)
            mutation operator group:   AOR
            mutation operator:         %(int,int) |==> *(int,int)
            original:                  k % 10 
            mutant:                    k * 10
[06/24 16:50:35] [INFO   ] org.mutationtesting.major.mutation.Mutator.nextMutant:
    Creating mutant 9
[06/24 16:50:35] [INFO   ] org.mutationtesting.major.mutation.Mutator.logMutant:
    Logging mutant 9: Solution.addToArrayForm(line 20, col 35)
            mutation operator group:   AOR
            mutation operator:         %(int,int) |==> +(int,int)
            original:                  k % 10 
            mutant:                    k + 10
[06/24 16:50:35] [INFO   ] org.mutationtesting.major.mutation.Mutator.nextMutant:
    Creating mutant 10
[06/24 16:50:35] [INFO   ] org.mutationtesting.major.mutation.Mutator.logMutant:
    Logging mutant 10: Solution.addToArrayForm(line 20, col 35)
            mutation operator group:   AOR
            mutation operator:         %(int,int) |==> -(int,int)
            original:                  k % 10 
            mutant:                    k - 10
[06/24 16:50:35] [INFO   ] org.mutationtesting.major.mutation.Mutator.nextMutant:
    Creating mutant 11
[06/24 16:50:35] [INFO   ] org.mutationtesting.major.mutation.Mutator.logMutant:
    Logging mutant 11: Solution.addToArrayForm(line 20, col 35)
            mutation operator group:   AOR
            mutation operator:         %(int,int) |==> /(int,int)
            original:                  k % 10 
            mutant:                    k / 10
[06/24 16:50:35] [INFO   ] org.mutationtesting.major.mutation.Mutator.nextMutant:
    Creating mutant 12
[06/24 16:50:35] [INFO   ] org.mutationtesting.major.mutation.Mutator.logMutant:
    Logging mutant 12: Solution.addToArrayForm(line 20, col 31)
            mutation operator group:   AOR
            mutation operator:         +(int,int) |==> %(int,int)
            original:                  num[i] + k % 10 
            mutant:                    num[i] % (k % 10)
[06/24 16:50:35] [INFO   ] org.mutationtesting.major.mutation.Mutator.nextMutant:
    Creating mutant 13
[06/24 16:50:35] [INFO   ] org.mutationtesting.major.mutation.Mutator.logMutant:
    Logging mutant 13: Solution.addToArrayForm(line 20, col 31)
            mutation operator group:   AOR
            mutation operator:         +(int,int) |==> *(int,int)
            original:                  num[i] + k % 10 
            mutant:                    num[i] * (k % 10)
[06/24 16:50:35] [INFO   ] org.mutationtesting.major.mutation.Mutator.nextMutant:
    Creating mutant 14
[06/24 16:50:35] [INFO   ] org.mutationtesting.major.mutation.Mutator.logMutant:
    Logging mutant 14: Solution.addToArrayForm(line 20, col 31)
            mutation operator group:   AOR
            mutation operator:         +(int,int) |==> -(int,int)
            original:                  num[i] + k % 10 
            mutant:                    num[i] - k % 10
[06/24 16:50:35] [INFO   ] org.mutationtesting.major.mutation.Mutator.nextMutant:
    Creating mutant 15
[06/24 16:50:35] [INFO   ] org.mutationtesting.major.mutation.Mutator.logMutant:
    Logging mutant 15: Solution.addToArrayForm(line 20, col 31)
            mutation operator group:   AOR
            mutation operator:         +(int,int) |==> /(int,int)
            original:                  num[i] + k % 10 
            mutant:                    num[i] / (k % 10)
[06/24 16:50:35] [INFO   ] org.mutationtesting.major.mutation.Mutator.nextMutant:
    Creating mutant 16
[06/24 16:50:35] [INFO   ] org.mutationtesting.major.mutation.Mutator.logMutant:
    Logging mutant 16: Solution.addToArrayForm(line 20, col 40)
            mutation operator group:   AOR
            mutation operator:         +(int,int) |==> %(int,int)
            original:                  num[i] + k % 10 + carry 
            mutant:                    (num[i] + k % 10) % carry
[06/24 16:50:35] [INFO   ] org.mutationtesting.major.mutation.Mutator.nextMutant:
    Creating mutant 17
[06/24 16:50:35] [INFO   ] org.mutationtesting.major.mutation.Mutator.logMutant:
    Logging mutant 17: Solution.addToArrayForm(line 20, col 40)
            mutation operator group:   AOR
            mutation operator:         +(int,int) |==> *(int,int)
            original:                  num[i] + k % 10 + carry 
            mutant:                    (num[i] + k % 10) * carry
[06/24 16:50:35] [INFO   ] org.mutationtesting.major.mutation.Mutator.nextMutant:
    Creating mutant 18
[06/24 16:50:35] [INFO   ] org.mutationtesting.major.mutation.Mutator.logMutant:
    Logging mutant 18: Solution.addToArrayForm(line 20, col 40)
            mutation operator group:   AOR
            mutation operator:         +(int,int) |==> -(int,int)
            original:                  num[i] + k % 10 + carry 
            mutant:                    num[i] + k % 10 - carry
[06/24 16:50:35] [INFO   ] org.mutationtesting.major.mutation.Mutator.nextMutant:
    Creating mutant 19
[06/24 16:50:35] [INFO   ] org.mutationtesting.major.mutation.Mutator.logMutant:
    Logging mutant 19: Solution.addToArrayForm(line 20, col 40)
            mutation operator group:   AOR
            mutation operator:         +(int,int) |==> /(int,int)
            original:                  num[i] + k % 10 + carry 
            mutant:                    (num[i] + k % 10) / carry
[06/24 16:50:35] [INFO   ] org.mutationtesting.major.mutation.Mutator.nextMutant:
    Creating mutant 20
[06/24 16:50:35] [INFO   ] org.mutationtesting.major.mutation.Mutator.logMutant:
    Logging mutant 20: Solution.addToArrayForm(line 21, col 29)
            mutation operator group:   AOR
            mutation operator:         %(int,int) |==> *(int,int)
            original:                  temp % 10 
            mutant:                    temp * 10
[06/24 16:50:35] [INFO   ] org.mutationtesting.major.mutation.Mutator.nextMutant:
    Creating mutant 21
[06/24 16:50:35] [INFO   ] org.mutationtesting.major.mutation.Mutator.logMutant:
    Logging mutant 21: Solution.addToArrayForm(line 21, col 29)
            mutation operator group:   AOR
            mutation operator:         %(int,int) |==> +(int,int)
            original:                  temp % 10 
            mutant:                    temp + 10
[06/24 16:50:35] [INFO   ] org.mutationtesting.major.mutation.Mutator.nextMutant:
    Creating mutant 22
[06/24 16:50:36] [INFO   ] org.mutationtesting.major.mutation.Mutator.logMutant:
    Logging mutant 22: Solution.addToArrayForm(line 21, col 29)
            mutation operator group:   AOR
            mutation operator:         %(int,int) |==> -(int,int)
            original:                  temp % 10 
            mutant:                    temp - 10
[06/24 16:50:36] [INFO   ] org.mutationtesting.major.mutation.Mutator.nextMutant:
    Creating mutant 23
[06/24 16:50:36] [INFO   ] org.mutationtesting.major.mutation.Mutator.logMutant:
    Logging mutant 23: Solution.addToArrayForm(line 21, col 29)
            mutation operator group:   AOR
            mutation operator:         %(int,int) |==> /(int,int)
            original:                  temp % 10 
            mutant:                    temp / 10
[06/24 16:50:36] [INFO   ] org.mutationtesting.major.mutation.Mutator.nextMutant:
    Creating mutant 24
[06/24 16:50:36] [INFO   ] org.mutationtesting.major.mutation.Mutator.logMutantSTD:
    Logging mutantSTD 24: (STD) result.add(temp % 10); -> <NO-OP>
[06/24 16:50:36] [INFO   ] org.mutationtesting.major.mutation.Mutator.nextMutant:
    Creating mutant 25
[06/24 16:50:36] [INFO   ] org.mutationtesting.major.mutation.Mutator.logMutant:
    Logging mutant 25: Solution.addToArrayForm(line 22, col 26)
            mutation operator group:   AOR
            mutation operator:         /(int,int) |==> %(int,int)
            original:                  temp / 10 
            mutant:                    temp % 10
[06/24 16:50:36] [INFO   ] org.mutationtesting.major.mutation.Mutator.nextMutant:
    Creating mutant 26
[06/24 16:50:36] [INFO   ] org.mutationtesting.major.mutation.Mutator.logMutant:
    Logging mutant 26: Solution.addToArrayForm(line 22, col 26)
            mutation operator group:   AOR
            mutation operator:         /(int,int) |==> *(int,int)
            original:                  temp / 10 
            mutant:                    temp * 10
[06/24 16:50:36] [INFO   ] org.mutationtesting.major.mutation.Mutator.nextMutant:
    Creating mutant 27
[06/24 16:50:36] [INFO   ] org.mutationtesting.major.mutation.Mutator.logMutant:
    Logging mutant 27: Solution.addToArrayForm(line 22, col 26)
            mutation operator group:   AOR
            mutation operator:         /(int,int) |==> +(int,int)
            original:                  temp / 10 
            mutant:                    temp + 10
[06/24 16:50:36] [INFO   ] org.mutationtesting.major.mutation.Mutator.nextMutant:
    Creating mutant 28
[06/24 16:50:36] [INFO   ] org.mutationtesting.major.mutation.Mutator.logMutant:
    Logging mutant 28: Solution.addToArrayForm(line 22, col 26)
            mutation operator group:   AOR
            mutation operator:         /(int,int) |==> -(int,int)
            original:                  temp / 10 
            mutant:                    temp - 10
[06/24 16:50:36] [INFO   ] org.mutationtesting.major.mutation.Mutator.nextMutant:
    Creating mutant 29
[06/24 16:50:36] [INFO   ] org.mutationtesting.major.mutation.Mutator.logMutantSTD:
    Logging mutantSTD 29: (STD) carry = temp / 10; -> <NO-OP>
[06/24 16:50:36] [INFO   ] org.mutationtesting.major.mutation.Mutator.nextMutant:
    Creating mutant 30
[06/24 16:50:36] [INFO   ] org.mutationtesting.major.mutation.Mutator.logMutantSTD:
    Logging mutantSTD 30: (STD) k /= 10; -> <NO-OP>
[06/24 16:50:36] [INFO   ] org.mutationtesting.major.mutation.Mutator.nextMutant:
    Creating mutant 31
[06/24 16:50:36] [INFO   ] org.mutationtesting.major.mutation.Mutator.logMutant:
    Logging mutant 31: Solution.addToArrayForm(line 25, col 18)
            mutation operator group:   ROR
            mutation operator:         >(int,int) |==> !=(int,int)
            original:                  k > 0 
            mutant:                    k != 0
[06/24 16:50:36] [INFO   ] org.mutationtesting.major.mutation.Mutator.nextMutant:
    Creating mutant 32
[06/24 16:50:36] [INFO   ] org.mutationtesting.major.mutation.Mutator.logMutant:
    Logging mutant 32: Solution.addToArrayForm(line 25, col 18)
            mutation operator group:   ROR
            mutation operator:         >(int,int) |==> >=(int,int)
            original:                  k > 0 
            mutant:                    k >= 0
[06/24 16:50:36] [INFO   ] org.mutationtesting.major.mutation.Mutator.nextMutant:
    Creating mutant 33
[06/24 16:50:36] [INFO   ] org.mutationtesting.major.mutation.Mutator.logMutant:
    Logging mutant 33: Solution.addToArrayForm(line 25, col 18)
            mutation operator group:   ROR
            mutation operator:         >(int,int) |==> FALSE(int,int)
            original:                  k > 0 
            mutant:                    false
[06/24 16:50:36] [INFO   ] org.mutationtesting.major.mutation.Mutator.nextMutant:
    Creating mutant 34
[06/24 16:50:36] [INFO   ] org.mutationtesting.major.mutation.Mutator.logMutant:
    Logging mutant 34: Solution.addToArrayForm(line 26, col 23)
            mutation operator group:   AOR
            mutation operator:         %(int,int) |==> *(int,int)
            original:                  k % 10 
            mutant:                    k * 10
[06/24 16:50:36] [INFO   ] org.mutationtesting.major.mutation.Mutator.nextMutant:
    Creating mutant 35
[06/24 16:50:36] [INFO   ] org.mutationtesting.major.mutation.Mutator.logMutant:
    Logging mutant 35: Solution.addToArrayForm(line 26, col 23)
            mutation operator group:   AOR
            mutation operator:         %(int,int) |==> +(int,int)
            original:                  k % 10 
            mutant:                    k + 10
[06/24 16:50:36] [INFO   ] org.mutationtesting.major.mutation.Mutator.nextMutant:
    Creating mutant 36
[06/24 16:50:36] [INFO   ] org.mutationtesting.major.mutation.Mutator.logMutant:
    Logging mutant 36: Solution.addToArrayForm(line 26, col 23)
            mutation operator group:   AOR
            mutation operator:         %(int,int) |==> -(int,int)
            original:                  k % 10 
            mutant:                    k - 10
[06/24 16:50:36] [INFO   ] org.mutationtesting.major.mutation.Mutator.nextMutant:
    Creating mutant 37
[06/24 16:50:36] [INFO   ] org.mutationtesting.major.mutation.Mutator.logMutant:
    Logging mutant 37: Solution.addToArrayForm(line 26, col 23)
            mutation operator group:   AOR
            mutation operator:         %(int,int) |==> /(int,int)
            original:                  k % 10 
            mutant:                    k / 10
[06/24 16:50:36] [INFO   ] org.mutationtesting.major.mutation.Mutator.nextMutant:
    Creating mutant 38
[06/24 16:50:36] [INFO   ] org.mutationtesting.major.mutation.Mutator.logMutant:
    Logging mutant 38: Solution.addToArrayForm(line 26, col 28)
            mutation operator group:   AOR
            mutation operator:         +(int,int) |==> %(int,int)
            original:                  k % 10 + carry 
            mutant:                    k % 10 % carry
[06/24 16:50:36] [INFO   ] org.mutationtesting.major.mutation.Mutator.nextMutant:
    Creating mutant 39
[06/24 16:50:36] [INFO   ] org.mutationtesting.major.mutation.Mutator.logMutant:
    Logging mutant 39: Solution.addToArrayForm(line 26, col 28)
            mutation operator group:   AOR
            mutation operator:         +(int,int) |==> *(int,int)
            original:                  k % 10 + carry 
            mutant:                    k % 10 * carry
[06/24 16:50:36] [INFO   ] org.mutationtesting.major.mutation.Mutator.nextMutant:
    Creating mutant 40
[06/24 16:50:36] [INFO   ] org.mutationtesting.major.mutation.Mutator.logMutant:
    Logging mutant 40: Solution.addToArrayForm(line 26, col 28)
            mutation operator group:   AOR
            mutation operator:         +(int,int) |==> -(int,int)
            original:                  k % 10 + carry 
            mutant:                    k % 10 - carry
[06/24 16:50:36] [INFO   ] org.mutationtesting.major.mutation.Mutator.nextMutant:
    Creating mutant 41
[06/24 16:50:36] [INFO   ] org.mutationtesting.major.mutation.Mutator.logMutant:
    Logging mutant 41: Solution.addToArrayForm(line 26, col 28)
            mutation operator group:   AOR
            mutation operator:         +(int,int) |==> /(int,int)
            original:                  k % 10 + carry 
            mutant:                    k % 10 / carry
[06/24 16:50:36] [INFO   ] org.mutationtesting.major.mutation.Mutator.nextMutant:
    Creating mutant 42
[06/24 16:50:36] [INFO   ] org.mutationtesting.major.mutation.Mutator.logMutant:
    Logging mutant 42: Solution.addToArrayForm(line 27, col 26)
            mutation operator group:   AOR
            mutation operator:         %(int,int) |==> *(int,int)
            original:                  t % 10 
            mutant:                    t * 10
[06/24 16:50:36] [INFO   ] org.mutationtesting.major.mutation.Mutator.nextMutant:
    Creating mutant 43
[06/24 16:50:36] [INFO   ] org.mutationtesting.major.mutation.Mutator.logMutant:
    Logging mutant 43: Solution.addToArrayForm(line 27, col 26)
            mutation operator group:   AOR
            mutation operator:         %(int,int) |==> +(int,int)
            original:                  t % 10 
            mutant:                    t + 10
[06/24 16:50:36] [INFO   ] org.mutationtesting.major.mutation.Mutator.nextMutant:
    Creating mutant 44
[06/24 16:50:36] [INFO   ] org.mutationtesting.major.mutation.Mutator.logMutant:
    Logging mutant 44: Solution.addToArrayForm(line 27, col 26)
            mutation operator group:   AOR
            mutation operator:         %(int,int) |==> -(int,int)
            original:                  t % 10 
            mutant:                    t - 10
[06/24 16:50:36] [INFO   ] org.mutationtesting.major.mutation.Mutator.nextMutant:
    Creating mutant 45
[06/24 16:50:36] [INFO   ] org.mutationtesting.major.mutation.Mutator.logMutant:
    Logging mutant 45: Solution.addToArrayForm(line 27, col 26)
            mutation operator group:   AOR
            mutation operator:         %(int,int) |==> /(int,int)
            original:                  t % 10 
            mutant:                    t / 10
[06/24 16:50:36] [INFO   ] org.mutationtesting.major.mutation.Mutator.nextMutant:
    Creating mutant 46
[06/24 16:50:36] [INFO   ] org.mutationtesting.major.mutation.Mutator.logMutantSTD:
    Logging mutantSTD 46: (STD) result.add(t % 10); -> <NO-OP>
[06/24 16:50:36] [INFO   ] org.mutationtesting.major.mutation.Mutator.nextMutant:
    Creating mutant 47
[06/24 16:50:36] [INFO   ] org.mutationtesting.major.mutation.Mutator.logMutant:
    Logging mutant 47: Solution.addToArrayForm(line 28, col 23)
            mutation operator group:   AOR
            mutation operator:         /(int,int) |==> %(int,int)
            original:                  t / 10 
            mutant:                    t % 10
[06/24 16:50:36] [INFO   ] org.mutationtesting.major.mutation.Mutator.nextMutant:
    Creating mutant 48
[06/24 16:50:36] [INFO   ] org.mutationtesting.major.mutation.Mutator.logMutant:
    Logging mutant 48: Solution.addToArrayForm(line 28, col 23)
            mutation operator group:   AOR
            mutation operator:         /(int,int) |==> *(int,int)
            original:                  t / 10 
            mutant:                    t * 10
[06/24 16:50:36] [INFO   ] org.mutationtesting.major.mutation.Mutator.nextMutant:
    Creating mutant 49
[06/24 16:50:36] [INFO   ] org.mutationtesting.major.mutation.Mutator.logMutant:
    Logging mutant 49: Solution.addToArrayForm(line 28, col 23)
            mutation operator group:   AOR
            mutation operator:         /(int,int) |==> +(int,int)
            original:                  t / 10 
            mutant:                    t + 10
[06/24 16:50:36] [INFO   ] org.mutationtesting.major.mutation.Mutator.nextMutant:
    Creating mutant 50
[06/24 16:50:36] [INFO   ] org.mutationtesting.major.mutation.Mutator.logMutant:
    Logging mutant 50: Solution.addToArrayForm(line 28, col 23)
            mutation operator group:   AOR
            mutation operator:         /(int,int) |==> -(int,int)
            original:                  t / 10 
            mutant:                    t - 10
[06/24 16:50:36] [INFO   ] org.mutationtesting.major.mutation.Mutator.nextMutant:
    Creating mutant 51
[06/24 16:50:36] [INFO   ] org.mutationtesting.major.mutation.Mutator.logMutantSTD:
    Logging mutantSTD 51: (STD) carry = t / 10; -> <NO-OP>
[06/24 16:50:36] [INFO   ] org.mutationtesting.major.mutation.Mutator.nextMutant:
    Creating mutant 52
[06/24 16:50:36] [INFO   ] org.mutationtesting.major.mutation.Mutator.logMutantSTD:
    Logging mutantSTD 52: (STD) k /= 10; -> <NO-OP>
[06/24 16:50:36] [INFO   ] org.mutationtesting.major.mutation.Mutator.nextMutant:
    Creating mutant 53
[06/24 16:50:36] [INFO   ] org.mutationtesting.major.mutation.Mutator.logMutant:
    Logging mutant 53: Solution.addToArrayForm(line 31, col 19)
            mutation operator group:   ROR
            mutation operator:         ==(int,int) |==> <=(int,int)
            original:                  carry == 1 
            mutant:                    carry <= 1
[06/24 16:50:36] [INFO   ] org.mutationtesting.major.mutation.Mutator.nextMutant:
    Creating mutant 54
[06/24 16:50:36] [INFO   ] org.mutationtesting.major.mutation.Mutator.logMutant:
    Logging mutant 54: Solution.addToArrayForm(line 31, col 19)
            mutation operator group:   ROR
            mutation operator:         ==(int,int) |==> >=(int,int)
            original:                  carry == 1 
            mutant:                    carry >= 1
[06/24 16:50:36] [INFO   ] org.mutationtesting.major.mutation.Mutator.nextMutant:
    Creating mutant 55
[06/24 16:50:36] [INFO   ] org.mutationtesting.major.mutation.Mutator.logMutant:
    Logging mutant 55: Solution.addToArrayForm(line 31, col 19)
            mutation operator group:   ROR
            mutation operator:         ==(int,int) |==> FALSE(int,int)
            original:                  carry == 1 
            mutant:                    false
[06/24 16:50:36] [INFO   ] org.mutationtesting.major.mutation.Mutator.nextMutant:
    Creating mutant 56
[06/24 16:50:36] [INFO   ] org.mutationtesting.major.mutation.Mutator.logMutantSTD:
    Logging mutantSTD 56: (STD) result.add(1); -> <NO-OP>
[06/24 16:50:36] [INFO   ] org.mutationtesting.major.mutation.Mutator.nextMutant:
    Creating mutant 57
[06/24 16:50:36] [INFO   ] org.mutationtesting.major.mutation.Mutator.logMutantSTD:
    Logging mutantSTD 57: (STD) Collections.reverse(result); -> <NO-OP>
[06/24 16:50:36] [INFO   ] org.mutationtesting.major.plugin.MajorPluginTaskListener.mutate:
    Generated 57 mutants (159 ms)
