1:AOR:+(int,int):%(int,int):g0001_0100.s0010_regular_expression_matching.Solution@isMatch(java.lang.String,java.lang.String):15:s.length() + 1 |==> s.length() % 1
2:AOR:+(int,int):*(int,int):g0001_0100.s0010_regular_expression_matching.Solution@isMatch(java.lang.String,java.lang.String):15:s.length() + 1 |==> s.length() * 1
3:AOR:+(int,int):-(int,int):g0001_0100.s0010_regular_expression_matching.Solution@isMatch(java.lang.String,java.lang.String):15:s.length() + 1 |==> s.length() - 1
4:AOR:+(int,int):/(int,int):g0001_0100.s0010_regular_expression_matching.Solution@isMatch(java.lang.String,java.lang.String):15:s.length() + 1 |==> s.length() / 1
5:AOR:+(int,int):%(int,int):g0001_0100.s0010_regular_expression_matching.Solution@isMatch(java.lang.String,java.lang.String):15:p.length() + 1 |==> p.length() % 1
6:AOR:+(int,int):*(int,int):g0001_0100.s0010_regular_expression_matching.Solution@isMatch(java.lang.String,java.lang.String):15:p.length() + 1 |==> p.length() * 1
7:AOR:+(int,int):-(int,int):g0001_0100.s0010_regular_expression_matching.Solution@isMatch(java.lang.String,java.lang.String):15:p.length() + 1 |==> p.length() - 1
8:AOR:+(int,int):/(int,int):g0001_0100.s0010_regular_expression_matching.Solution@isMatch(java.lang.String,java.lang.String):15:p.length() + 1 |==> p.length() / 1
9:STD:<ASSIGN>:<NO-OP>:g0001_0100.s0010_regular_expression_matching.Solution@isMatch(java.lang.String,java.lang.String):15:cache = new Boolean[s.length() + 1][p.length() + 1]; |==> <NO-OP>
10:ROR:==(int,int):<=(int,int):g0001_0100.s0010_regular_expression_matching.Solution@isMatch(java.lang.String,java.lang.String,int,int):20:j == p.length() |==> j <= p.length()
11:ROR:==(int,int):>=(int,int):g0001_0100.s0010_regular_expression_matching.Solution@isMatch(java.lang.String,java.lang.String,int,int):20:j == p.length() |==> j >= p.length()
12:ROR:==(int,int):FALSE(int,int):g0001_0100.s0010_regular_expression_matching.Solution@isMatch(java.lang.String,java.lang.String,int,int):20:j == p.length() |==> false
13:ROR:==(int,int):<=(int,int):g0001_0100.s0010_regular_expression_matching.Solution@isMatch(java.lang.String,java.lang.String,int,int):21:i == s.length() |==> i <= s.length()
14:ROR:==(int,int):>=(int,int):g0001_0100.s0010_regular_expression_matching.Solution@isMatch(java.lang.String,java.lang.String,int,int):21:i == s.length() |==> i >= s.length()
15:ROR:==(int,int):FALSE(int,int):g0001_0100.s0010_regular_expression_matching.Solution@isMatch(java.lang.String,java.lang.String,int,int):21:i == s.length() |==> false
16:STD:<RETURN>:<NO-OP>:g0001_0100.s0010_regular_expression_matching.Solution@isMatch(java.lang.String,java.lang.String,int,int):21:return i == s.length(); |==> <NO-OP>
17:ROR:!=(java.lang.Object,java.lang.Object):TRUE(java.lang.Object,java.lang.Object):g0001_0100.s0010_regular_expression_matching.Solution@isMatch(java.lang.String,java.lang.String,int,int):24:cache[i][j] != null |==> true
18:STD:<RETURN>:<NO-OP>:g0001_0100.s0010_regular_expression_matching.Solution@isMatch(java.lang.String,java.lang.String,int,int):25:return cache[i][j]; |==> <NO-OP>
19:ROR:<(int,int):!=(int,int):g0001_0100.s0010_regular_expression_matching.Solution@isMatch(java.lang.String,java.lang.String,int,int):27:i < s.length() |==> i != s.length()
20:ROR:<(int,int):<=(int,int):g0001_0100.s0010_regular_expression_matching.Solution@isMatch(java.lang.String,java.lang.String,int,int):27:i < s.length() |==> i <= s.length()
21:ROR:<(int,int):FALSE(int,int):g0001_0100.s0010_regular_expression_matching.Solution@isMatch(java.lang.String,java.lang.String,int,int):27:i < s.length() |==> false
22:ROR:==(int,int):<=(int,int):g0001_0100.s0010_regular_expression_matching.Solution@isMatch(java.lang.String,java.lang.String,int,int):27:s.charAt(i) == p.charAt(j) |==> s.charAt(i) <= p.charAt(j)
23:ROR:==(int,int):>=(int,int):g0001_0100.s0010_regular_expression_matching.Solution@isMatch(java.lang.String,java.lang.String,int,int):27:s.charAt(i) == p.charAt(j) |==> s.charAt(i) >= p.charAt(j)
24:ROR:==(int,int):FALSE(int,int):g0001_0100.s0010_regular_expression_matching.Solution@isMatch(java.lang.String,java.lang.String,int,int):27:s.charAt(i) == p.charAt(j) |==> false
25:ROR:==(int,int):<=(int,int):g0001_0100.s0010_regular_expression_matching.Solution@isMatch(java.lang.String,java.lang.String,int,int):27:p.charAt(j) == '.' |==> p.charAt(j) <= '.'
26:ROR:==(int,int):>=(int,int):g0001_0100.s0010_regular_expression_matching.Solution@isMatch(java.lang.String,java.lang.String,int,int):27:p.charAt(j) == '.' |==> p.charAt(j) >= '.'
27:ROR:==(int,int):FALSE(int,int):g0001_0100.s0010_regular_expression_matching.Solution@isMatch(java.lang.String,java.lang.String,int,int):27:p.charAt(j) == '.' |==> false
28:COR:||(boolean,boolean):!=(boolean,boolean):g0001_0100.s0010_regular_expression_matching.Solution@isMatch(java.lang.String,java.lang.String,int,int):27:s.charAt(i) == p.charAt(j) || p.charAt(j) == '.' |==> s.charAt(i) == p.charAt(j) != (p.charAt(j) == '.')
29:COR:||(boolean,boolean):LHS(boolean,boolean):g0001_0100.s0010_regular_expression_matching.Solution@isMatch(java.lang.String,java.lang.String,int,int):27:s.charAt(i) == p.charAt(j) || p.charAt(j) == '.' |==> s.charAt(i) == p.charAt(j)
30:COR:||(boolean,boolean):RHS(boolean,boolean):g0001_0100.s0010_regular_expression_matching.Solution@isMatch(java.lang.String,java.lang.String,int,int):27:s.charAt(i) == p.charAt(j) || p.charAt(j) == '.' |==> p.charAt(j) == '.'
31:COR:||(boolean,boolean):TRUE(boolean,boolean):g0001_0100.s0010_regular_expression_matching.Solution@isMatch(java.lang.String,java.lang.String,int,int):27:s.charAt(i) == p.charAt(j) || p.charAt(j) == '.' |==> true
32:COR:&&(boolean,boolean):==(boolean,boolean):g0001_0100.s0010_regular_expression_matching.Solution@isMatch(java.lang.String,java.lang.String,int,int):27:i < s.length() && (s.charAt(i) == p.charAt(j) || p.charAt(j) == '.') |==> i < s.length() == (s.charAt(i) == p.charAt(j) || p.charAt(j) == '.')
33:COR:&&(boolean,boolean):FALSE(boolean,boolean):g0001_0100.s0010_regular_expression_matching.Solution@isMatch(java.lang.String,java.lang.String,int,int):27:i < s.length() && (s.charAt(i) == p.charAt(j) || p.charAt(j) == '.') |==> false
34:COR:&&(boolean,boolean):LHS(boolean,boolean):g0001_0100.s0010_regular_expression_matching.Solution@isMatch(java.lang.String,java.lang.String,int,int):27:i < s.length() && (s.charAt(i) == p.charAt(j) || p.charAt(j) == '.') |==> i < s.length()
35:COR:&&(boolean,boolean):RHS(boolean,boolean):g0001_0100.s0010_regular_expression_matching.Solution@isMatch(java.lang.String,java.lang.String,int,int):27:i < s.length() && (s.charAt(i) == p.charAt(j) || p.charAt(j) == '.') |==> (s.charAt(i) == p.charAt(j) || p.charAt(j) == '.')
36:AOR:+(int,int):%(int,int):g0001_0100.s0010_regular_expression_matching.Solution@isMatch(java.lang.String,java.lang.String,int,int):28:j + 1 |==> j % 1
37:AOR:+(int,int):*(int,int):g0001_0100.s0010_regular_expression_matching.Solution@isMatch(java.lang.String,java.lang.String,int,int):28:j + 1 |==> j * 1
38:AOR:+(int,int):-(int,int):g0001_0100.s0010_regular_expression_matching.Solution@isMatch(java.lang.String,java.lang.String,int,int):28:j + 1 |==> j - 1
39:AOR:+(int,int):/(int,int):g0001_0100.s0010_regular_expression_matching.Solution@isMatch(java.lang.String,java.lang.String,int,int):28:j + 1 |==> j / 1
40:ROR:<(int,int):!=(int,int):g0001_0100.s0010_regular_expression_matching.Solution@isMatch(java.lang.String,java.lang.String,int,int):28:(j + 1) < p.length() |==> (j + 1) != p.length()
41:ROR:<(int,int):<=(int,int):g0001_0100.s0010_regular_expression_matching.Solution@isMatch(java.lang.String,java.lang.String,int,int):28:(j + 1) < p.length() |==> (j + 1) <= p.length()
42:ROR:<(int,int):FALSE(int,int):g0001_0100.s0010_regular_expression_matching.Solution@isMatch(java.lang.String,java.lang.String,int,int):28:(j + 1) < p.length() |==> false
43:AOR:+(int,int):%(int,int):g0001_0100.s0010_regular_expression_matching.Solution@isMatch(java.lang.String,java.lang.String,int,int):28:j + 1 |==> j % 1
44:AOR:+(int,int):*(int,int):g0001_0100.s0010_regular_expression_matching.Solution@isMatch(java.lang.String,java.lang.String,int,int):28:j + 1 |==> j * 1
45:AOR:+(int,int):-(int,int):g0001_0100.s0010_regular_expression_matching.Solution@isMatch(java.lang.String,java.lang.String,int,int):28:j + 1 |==> j - 1
46:AOR:+(int,int):/(int,int):g0001_0100.s0010_regular_expression_matching.Solution@isMatch(java.lang.String,java.lang.String,int,int):28:j + 1 |==> j / 1
47:ROR:==(int,int):<=(int,int):g0001_0100.s0010_regular_expression_matching.Solution@isMatch(java.lang.String,java.lang.String,int,int):28:p.charAt(j + 1) == '*' |==> p.charAt(j + 1) <= '*'
48:ROR:==(int,int):>=(int,int):g0001_0100.s0010_regular_expression_matching.Solution@isMatch(java.lang.String,java.lang.String,int,int):28:p.charAt(j + 1) == '*' |==> p.charAt(j + 1) >= '*'
49:ROR:==(int,int):FALSE(int,int):g0001_0100.s0010_regular_expression_matching.Solution@isMatch(java.lang.String,java.lang.String,int,int):28:p.charAt(j + 1) == '*' |==> false
50:COR:&&(boolean,boolean):==(boolean,boolean):g0001_0100.s0010_regular_expression_matching.Solution@isMatch(java.lang.String,java.lang.String,int,int):28:(j + 1) < p.length() && p.charAt(j + 1) == '*' |==> (j + 1) < p.length() == (p.charAt(j + 1) == '*')
51:COR:&&(boolean,boolean):FALSE(boolean,boolean):g0001_0100.s0010_regular_expression_matching.Solution@isMatch(java.lang.String,java.lang.String,int,int):28:(j + 1) < p.length() && p.charAt(j + 1) == '*' |==> false
52:COR:&&(boolean,boolean):LHS(boolean,boolean):g0001_0100.s0010_regular_expression_matching.Solution@isMatch(java.lang.String,java.lang.String,int,int):28:(j + 1) < p.length() && p.charAt(j + 1) == '*' |==> (j + 1) < p.length()
53:COR:&&(boolean,boolean):RHS(boolean,boolean):g0001_0100.s0010_regular_expression_matching.Solution@isMatch(java.lang.String,java.lang.String,int,int):28:(j + 1) < p.length() && p.charAt(j + 1) == '*' |==> p.charAt(j + 1) == '*'
54:AOR:+(int,int):%(int,int):g0001_0100.s0010_regular_expression_matching.Solution@isMatch(java.lang.String,java.lang.String,int,int):29:i + 1 |==> i % 1
55:AOR:+(int,int):*(int,int):g0001_0100.s0010_regular_expression_matching.Solution@isMatch(java.lang.String,java.lang.String,int,int):29:i + 1 |==> i * 1
56:AOR:+(int,int):-(int,int):g0001_0100.s0010_regular_expression_matching.Solution@isMatch(java.lang.String,java.lang.String,int,int):29:i + 1 |==> i - 1
57:AOR:+(int,int):/(int,int):g0001_0100.s0010_regular_expression_matching.Solution@isMatch(java.lang.String,java.lang.String,int,int):29:i + 1 |==> i / 1
58:COR:&&(boolean,boolean):==(boolean,boolean):g0001_0100.s0010_regular_expression_matching.Solution@isMatch(java.lang.String,java.lang.String,int,int):29:firstMatch && isMatch(s, p, i + 1, j) |==> firstMatch == isMatch(s, p, i + 1, j)
59:COR:&&(boolean,boolean):FALSE(boolean,boolean):g0001_0100.s0010_regular_expression_matching.Solution@isMatch(java.lang.String,java.lang.String,int,int):29:firstMatch && isMatch(s, p, i + 1, j) |==> false
60:COR:&&(boolean,boolean):LHS(boolean,boolean):g0001_0100.s0010_regular_expression_matching.Solution@isMatch(java.lang.String,java.lang.String,int,int):29:firstMatch && isMatch(s, p, i + 1, j) |==> firstMatch
61:COR:&&(boolean,boolean):RHS(boolean,boolean):g0001_0100.s0010_regular_expression_matching.Solution@isMatch(java.lang.String,java.lang.String,int,int):29:firstMatch && isMatch(s, p, i + 1, j) |==> isMatch(s, p, i + 1, j)
62:AOR:+(int,int):%(int,int):g0001_0100.s0010_regular_expression_matching.Solution@isMatch(java.lang.String,java.lang.String,int,int):29:j + 2 |==> j % 2
63:AOR:+(int,int):*(int,int):g0001_0100.s0010_regular_expression_matching.Solution@isMatch(java.lang.String,java.lang.String,int,int):29:j + 2 |==> j * 2
64:AOR:+(int,int):-(int,int):g0001_0100.s0010_regular_expression_matching.Solution@isMatch(java.lang.String,java.lang.String,int,int):29:j + 2 |==> j - 2
65:AOR:+(int,int):/(int,int):g0001_0100.s0010_regular_expression_matching.Solution@isMatch(java.lang.String,java.lang.String,int,int):29:j + 2 |==> j / 2
66:COR:||(boolean,boolean):!=(boolean,boolean):g0001_0100.s0010_regular_expression_matching.Solution@isMatch(java.lang.String,java.lang.String,int,int):29:(firstMatch && isMatch(s, p, i + 1, j)) || isMatch(s, p, i, j + 2) |==> (firstMatch && isMatch(s, p, i + 1, j)) != isMatch(s, p, i, j + 2)
67:COR:||(boolean,boolean):LHS(boolean,boolean):g0001_0100.s0010_regular_expression_matching.Solution@isMatch(java.lang.String,java.lang.String,int,int):29:(firstMatch && isMatch(s, p, i + 1, j)) || isMatch(s, p, i, j + 2) |==> (firstMatch && isMatch(s, p, i + 1, j))
68:COR:||(boolean,boolean):RHS(boolean,boolean):g0001_0100.s0010_regular_expression_matching.Solution@isMatch(java.lang.String,java.lang.String,int,int):29:(firstMatch && isMatch(s, p, i + 1, j)) || isMatch(s, p, i, j + 2) |==> isMatch(s, p, i, j + 2)
69:COR:||(boolean,boolean):TRUE(boolean,boolean):g0001_0100.s0010_regular_expression_matching.Solution@isMatch(java.lang.String,java.lang.String,int,int):29:(firstMatch && isMatch(s, p, i + 1, j)) || isMatch(s, p, i, j + 2) |==> true
70:AOR:+(int,int):%(int,int):g0001_0100.s0010_regular_expression_matching.Solution@isMatch(java.lang.String,java.lang.String,int,int):31:i + 1 |==> i % 1
71:AOR:+(int,int):*(int,int):g0001_0100.s0010_regular_expression_matching.Solution@isMatch(java.lang.String,java.lang.String,int,int):31:i + 1 |==> i * 1
72:AOR:+(int,int):-(int,int):g0001_0100.s0010_regular_expression_matching.Solution@isMatch(java.lang.String,java.lang.String,int,int):31:i + 1 |==> i - 1
73:AOR:+(int,int):/(int,int):g0001_0100.s0010_regular_expression_matching.Solution@isMatch(java.lang.String,java.lang.String,int,int):31:i + 1 |==> i / 1
74:AOR:+(int,int):%(int,int):g0001_0100.s0010_regular_expression_matching.Solution@isMatch(java.lang.String,java.lang.String,int,int):31:j + 1 |==> j % 1
75:AOR:+(int,int):*(int,int):g0001_0100.s0010_regular_expression_matching.Solution@isMatch(java.lang.String,java.lang.String,int,int):31:j + 1 |==> j * 1
76:AOR:+(int,int):-(int,int):g0001_0100.s0010_regular_expression_matching.Solution@isMatch(java.lang.String,java.lang.String,int,int):31:j + 1 |==> j - 1
77:AOR:+(int,int):/(int,int):g0001_0100.s0010_regular_expression_matching.Solution@isMatch(java.lang.String,java.lang.String,int,int):31:j + 1 |==> j / 1
78:COR:&&(boolean,boolean):==(boolean,boolean):g0001_0100.s0010_regular_expression_matching.Solution@isMatch(java.lang.String,java.lang.String,int,int):31:firstMatch && isMatch(s, p, i + 1, j + 1) |==> firstMatch == isMatch(s, p, i + 1, j + 1)
79:COR:&&(boolean,boolean):FALSE(boolean,boolean):g0001_0100.s0010_regular_expression_matching.Solution@isMatch(java.lang.String,java.lang.String,int,int):31:firstMatch && isMatch(s, p, i + 1, j + 1) |==> false
80:COR:&&(boolean,boolean):LHS(boolean,boolean):g0001_0100.s0010_regular_expression_matching.Solution@isMatch(java.lang.String,java.lang.String,int,int):31:firstMatch && isMatch(s, p, i + 1, j + 1) |==> firstMatch
81:COR:&&(boolean,boolean):RHS(boolean,boolean):g0001_0100.s0010_regular_expression_matching.Solution@isMatch(java.lang.String,java.lang.String,int,int):31:firstMatch && isMatch(s, p, i + 1, j + 1) |==> isMatch(s, p, i + 1, j + 1)
82:STD:<ASSIGN>:<NO-OP>:g0001_0100.s0010_regular_expression_matching.Solution@isMatch(java.lang.String,java.lang.String,int,int):33:cache[i][j] = result; |==> <NO-OP>
