[04/24 17:41:50] [INFO   ] org.mutationtesting.major.plugin.MajorPluginTaskListener.<init>:
    Created MajorPluginTaskListener with options: [mml:../../major/mml/all.mml.bin]
[04/24 17:41:50] [INFO   ] org.mutationtesting.major.mutation.Mutator.initOperatorSymbols:
    Initializing operator symbols for opcode mapping
[04/24 17:41:50] [INFO   ] org.mutationtesting.major.mutation.Mutator.mutateTree:
    Mutating tree: Env[AttrContext[Scope[super, this]],outer=Env[AttrContext[Scope[g0001_0100.s0035_search_insert_position.Solution]]]]
[04/24 17:41:50] [INFO   ] org.mutationtesting.major.mutation.Mutator.visitClassDef:
    CLASS: g0001_0100.s0035_search_insert_position.Solution
[04/24 17:41:50] [INFO   ] org.mutationtesting.major.mutation.Mutator.visitMethodDef:
    METHOD: <init>([])null
[04/24 17:41:50] [INFO   ] org.mutationtesting.major.mutation.Mutator.visitMethodDef:
    METHOD: searchInsert([int[] nums, int target])int
[04/24 17:41:50] [INFO   ] org.mutationtesting.major.mutation.Mutator.nextMutant:
    Creating mutant 1
[04/24 17:41:50] [INFO   ] org.mutationtesting.major.mutation.Mutator.logMutant:
    Logging mutant 1: Solution.searchInsert(line 11, col 30)
            mutation operator group:   AOR
            mutation operator:         -(int,int) |==> %(int,int)
            original:                  nums.length - 1 
            mutant:                    nums.length % 1
[04/24 17:41:50] [INFO   ] org.mutationtesting.major.mutation.Mutator.nextMutant:
    Creating mutant 2
[04/24 17:41:50] [INFO   ] org.mutationtesting.major.mutation.Mutator.logMutant:
    Logging mutant 2: Solution.searchInsert(line 11, col 30)
            mutation operator group:   AOR
            mutation operator:         -(int,int) |==> *(int,int)
            original:                  nums.length - 1 
            mutant:                    nums.length * 1
[04/24 17:41:50] [INFO   ] org.mutationtesting.major.mutation.Mutator.nextMutant:
    Creating mutant 3
[04/24 17:41:50] [INFO   ] org.mutationtesting.major.mutation.Mutator.logMutant:
    Logging mutant 3: Solution.searchInsert(line 11, col 30)
            mutation operator group:   AOR
            mutation operator:         -(int,int) |==> +(int,int)
            original:                  nums.length - 1 
            mutant:                    nums.length + 1
[04/24 17:41:50] [INFO   ] org.mutationtesting.major.mutation.Mutator.nextMutant:
    Creating mutant 4
[04/24 17:41:50] [INFO   ] org.mutationtesting.major.mutation.Mutator.logMutant:
    Logging mutant 4: Solution.searchInsert(line 11, col 30)
            mutation operator group:   AOR
            mutation operator:         -(int,int) |==> /(int,int)
            original:                  nums.length - 1 
            mutant:                    nums.length / 1
[04/24 17:41:50] [INFO   ] org.mutationtesting.major.mutation.Mutator.nextMutant:
    Creating mutant 5
[04/24 17:41:50] [INFO   ] org.mutationtesting.major.mutation.Mutator.logMutant:
    Logging mutant 5: Solution.searchInsert(line 12, col 19)
            mutation operator group:   ROR
            mutation operator:         <=(int,int) |==> <(int,int)
            original:                  lo <= hi 
            mutant:                    lo < hi
[04/24 17:41:50] [INFO   ] org.mutationtesting.major.mutation.Mutator.nextMutant:
    Creating mutant 6
[04/24 17:41:50] [INFO   ] org.mutationtesting.major.mutation.Mutator.logMutant:
    Logging mutant 6: Solution.searchInsert(line 12, col 19)
            mutation operator group:   ROR
            mutation operator:         <=(int,int) |==> ==(int,int)
            original:                  lo <= hi 
            mutant:                    lo == hi
[04/24 17:41:50] [INFO   ] org.mutationtesting.major.mutation.Mutator.nextMutant:
    Creating mutant 7
[04/24 17:41:50] [INFO   ] org.mutationtesting.major.mutation.Mutator.logMutant:
    Logging mutant 7: Solution.searchInsert(line 12, col 19)
            mutation operator group:   ROR
            mutation operator:         <=(int,int) |==> TRUE(int,int)
            original:                  lo <= hi 
            mutant:                    true
[04/24 17:41:50] [INFO   ] org.mutationtesting.major.mutation.Mutator.nextMutant:
    Creating mutant 8
[04/24 17:41:50] [INFO   ] org.mutationtesting.major.mutation.Mutator.logMutant:
    Logging mutant 8: Solution.searchInsert(line 13, col 32)
            mutation operator group:   AOR
            mutation operator:         -(int,int) |==> %(int,int)
            original:                  hi - lo 
            mutant:                    hi % lo
[04/24 17:41:50] [INFO   ] org.mutationtesting.major.mutation.Mutator.nextMutant:
    Creating mutant 9
[04/24 17:41:50] [INFO   ] org.mutationtesting.major.mutation.Mutator.logMutant:
    Logging mutant 9: Solution.searchInsert(line 13, col 32)
            mutation operator group:   AOR
            mutation operator:         -(int,int) |==> *(int,int)
            original:                  hi - lo 
            mutant:                    hi * lo
[04/24 17:41:50] [INFO   ] org.mutationtesting.major.mutation.Mutator.nextMutant:
    Creating mutant 10
[04/24 17:41:50] [INFO   ] org.mutationtesting.major.mutation.Mutator.logMutant:
    Logging mutant 10: Solution.searchInsert(line 13, col 32)
            mutation operator group:   AOR
            mutation operator:         -(int,int) |==> +(int,int)
            original:                  hi - lo 
            mutant:                    hi + lo
[04/24 17:41:50] [INFO   ] org.mutationtesting.major.mutation.Mutator.nextMutant:
    Creating mutant 11
[04/24 17:41:50] [INFO   ] org.mutationtesting.major.mutation.Mutator.logMutant:
    Logging mutant 11: Solution.searchInsert(line 13, col 32)
            mutation operator group:   AOR
            mutation operator:         -(int,int) |==> /(int,int)
            original:                  hi - lo 
            mutant:                    hi / lo
[04/24 17:41:50] [INFO   ] org.mutationtesting.major.mutation.Mutator.nextMutant:
    Creating mutant 12
[04/24 17:41:50] [INFO   ] org.mutationtesting.major.mutation.Mutator.logMutant:
    Logging mutant 12: Solution.searchInsert(line 13, col 38)
            mutation operator group:   AOR
            mutation operator:         /(int,int) |==> %(int,int)
            original:                  (hi - lo) / 2 
            mutant:                    (hi - lo) % 2
[04/24 17:41:50] [INFO   ] org.mutationtesting.major.mutation.Mutator.nextMutant:
    Creating mutant 13
[04/24 17:41:50] [INFO   ] org.mutationtesting.major.mutation.Mutator.logMutant:
    Logging mutant 13: Solution.searchInsert(line 13, col 38)
            mutation operator group:   AOR
            mutation operator:         /(int,int) |==> *(int,int)
            original:                  (hi - lo) / 2 
            mutant:                    (hi - lo) * 2
[04/24 17:41:50] [INFO   ] org.mutationtesting.major.mutation.Mutator.nextMutant:
    Creating mutant 14
[04/24 17:41:50] [INFO   ] org.mutationtesting.major.mutation.Mutator.logMutant:
    Logging mutant 14: Solution.searchInsert(line 13, col 38)
            mutation operator group:   AOR
            mutation operator:         /(int,int) |==> +(int,int)
            original:                  (hi - lo) / 2 
            mutant:                    (hi - lo) + 2
[04/24 17:41:50] [INFO   ] org.mutationtesting.major.mutation.Mutator.nextMutant:
    Creating mutant 15
[04/24 17:41:50] [INFO   ] org.mutationtesting.major.mutation.Mutator.logMutant:
    Logging mutant 15: Solution.searchInsert(line 13, col 38)
            mutation operator group:   AOR
            mutation operator:         /(int,int) |==> -(int,int)
            original:                  (hi - lo) / 2 
            mutant:                    (hi - lo) - 2
[04/24 17:41:50] [INFO   ] org.mutationtesting.major.mutation.Mutator.nextMutant:
    Creating mutant 16
[04/24 17:41:50] [INFO   ] org.mutationtesting.major.mutation.Mutator.logMutant:
    Logging mutant 16: Solution.searchInsert(line 13, col 26)
            mutation operator group:   AOR
            mutation operator:         +(int,int) |==> %(int,int)
            original:                  lo + (hi - lo) / 2 
            mutant:                    lo % ((hi - lo) / 2)
[04/24 17:41:50] [INFO   ] org.mutationtesting.major.mutation.Mutator.nextMutant:
    Creating mutant 17
[04/24 17:41:50] [INFO   ] org.mutationtesting.major.mutation.Mutator.logMutant:
    Logging mutant 17: Solution.searchInsert(line 13, col 26)
            mutation operator group:   AOR
            mutation operator:         +(int,int) |==> *(int,int)
            original:                  lo + (hi - lo) / 2 
            mutant:                    lo * ((hi - lo) / 2)
[04/24 17:41:50] [INFO   ] org.mutationtesting.major.mutation.Mutator.nextMutant:
    Creating mutant 18
[04/24 17:41:50] [INFO   ] org.mutationtesting.major.mutation.Mutator.logMutant:
    Logging mutant 18: Solution.searchInsert(line 13, col 26)
            mutation operator group:   AOR
            mutation operator:         +(int,int) |==> -(int,int)
            original:                  lo + (hi - lo) / 2 
            mutant:                    lo - (hi - lo) / 2
[04/24 17:41:50] [INFO   ] org.mutationtesting.major.mutation.Mutator.nextMutant:
    Creating mutant 19
[04/24 17:41:50] [INFO   ] org.mutationtesting.major.mutation.Mutator.logMutant:
    Logging mutant 19: Solution.searchInsert(line 13, col 26)
            mutation operator group:   AOR
            mutation operator:         +(int,int) |==> /(int,int)
            original:                  lo + (hi - lo) / 2 
            mutant:                    lo / ((hi - lo) / 2)
[04/24 17:41:50] [INFO   ] org.mutationtesting.major.mutation.Mutator.nextMutant:
    Creating mutant 20
[04/24 17:41:50] [INFO   ] org.mutationtesting.major.mutation.Mutator.logMutant:
    Logging mutant 20: Solution.searchInsert(line 14, col 24)
            mutation operator group:   ROR
            mutation operator:         ==(int,int) |==> <=(int,int)
            original:                  target == nums[mid] 
            mutant:                    target <= nums[mid]
[04/24 17:41:50] [INFO   ] org.mutationtesting.major.mutation.Mutator.nextMutant:
    Creating mutant 21
[04/24 17:41:50] [INFO   ] org.mutationtesting.major.mutation.Mutator.logMutant:
    Logging mutant 21: Solution.searchInsert(line 14, col 24)
            mutation operator group:   ROR
            mutation operator:         ==(int,int) |==> >=(int,int)
            original:                  target == nums[mid] 
            mutant:                    target >= nums[mid]
[04/24 17:41:50] [INFO   ] org.mutationtesting.major.mutation.Mutator.nextMutant:
    Creating mutant 22
[04/24 17:41:50] [INFO   ] org.mutationtesting.major.mutation.Mutator.logMutant:
    Logging mutant 22: Solution.searchInsert(line 14, col 24)
            mutation operator group:   ROR
            mutation operator:         ==(int,int) |==> FALSE(int,int)
            original:                  target == nums[mid] 
            mutant:                    false
[04/24 17:41:50] [INFO   ] org.mutationtesting.major.mutation.Mutator.nextMutant:
    Creating mutant 23
[04/24 17:41:50] [INFO   ] org.mutationtesting.major.mutation.Mutator.logMutantSTD:
    Logging mutantSTD 23: (STD) return mid; -> <NO-OP>
[04/24 17:41:50] [INFO   ] org.mutationtesting.major.mutation.Mutator.nextMutant:
    Creating mutant 24
[04/24 17:41:50] [INFO   ] org.mutationtesting.major.mutation.Mutator.logMutant:
    Logging mutant 24: Solution.searchInsert(line 16, col 31)
            mutation operator group:   ROR
            mutation operator:         <(int,int) |==> !=(int,int)
            original:                  target < nums[mid] 
            mutant:                    target != nums[mid]
[04/24 17:41:50] [INFO   ] org.mutationtesting.major.mutation.Mutator.nextMutant:
    Creating mutant 25
[04/24 17:41:50] [INFO   ] org.mutationtesting.major.mutation.Mutator.logMutant:
    Logging mutant 25: Solution.searchInsert(line 16, col 31)
            mutation operator group:   ROR
            mutation operator:         <(int,int) |==> <=(int,int)
            original:                  target < nums[mid] 
            mutant:                    target <= nums[mid]
[04/24 17:41:50] [INFO   ] org.mutationtesting.major.mutation.Mutator.nextMutant:
    Creating mutant 26
[04/24 17:41:50] [INFO   ] org.mutationtesting.major.mutation.Mutator.logMutant:
    Logging mutant 26: Solution.searchInsert(line 16, col 31)
            mutation operator group:   ROR
            mutation operator:         <(int,int) |==> FALSE(int,int)
            original:                  target < nums[mid] 
            mutant:                    false
[04/24 17:41:50] [INFO   ] org.mutationtesting.major.mutation.Mutator.nextMutant:
    Creating mutant 27
[04/24 17:41:50] [INFO   ] org.mutationtesting.major.mutation.Mutator.logMutant:
    Logging mutant 27: Solution.searchInsert(line 17, col 26)
            mutation operator group:   AOR
            mutation operator:         -(int,int) |==> %(int,int)
            original:                  mid - 1 
            mutant:                    mid % 1
[04/24 17:41:50] [INFO   ] org.mutationtesting.major.mutation.Mutator.nextMutant:
    Creating mutant 28
[04/24 17:41:50] [INFO   ] org.mutationtesting.major.mutation.Mutator.logMutant:
    Logging mutant 28: Solution.searchInsert(line 17, col 26)
            mutation operator group:   AOR
            mutation operator:         -(int,int) |==> *(int,int)
            original:                  mid - 1 
            mutant:                    mid * 1
[04/24 17:41:50] [INFO   ] org.mutationtesting.major.mutation.Mutator.nextMutant:
    Creating mutant 29
[04/24 17:41:50] [INFO   ] org.mutationtesting.major.mutation.Mutator.logMutant:
    Logging mutant 29: Solution.searchInsert(line 17, col 26)
            mutation operator group:   AOR
            mutation operator:         -(int,int) |==> +(int,int)
            original:                  mid - 1 
            mutant:                    mid + 1
[04/24 17:41:50] [INFO   ] org.mutationtesting.major.mutation.Mutator.nextMutant:
    Creating mutant 30
[04/24 17:41:50] [INFO   ] org.mutationtesting.major.mutation.Mutator.logMutant:
    Logging mutant 30: Solution.searchInsert(line 17, col 26)
            mutation operator group:   AOR
            mutation operator:         -(int,int) |==> /(int,int)
            original:                  mid - 1 
            mutant:                    mid / 1
[04/24 17:41:50] [INFO   ] org.mutationtesting.major.mutation.Mutator.nextMutant:
    Creating mutant 31
[04/24 17:41:50] [INFO   ] org.mutationtesting.major.mutation.Mutator.logMutantSTD:
    Logging mutantSTD 31: (STD) hi = mid - 1; -> <NO-OP>
[04/24 17:41:50] [INFO   ] org.mutationtesting.major.mutation.Mutator.nextMutant:
    Creating mutant 32
[04/24 17:41:50] [INFO   ] org.mutationtesting.major.mutation.Mutator.logMutant:
    Logging mutant 32: Solution.searchInsert(line 18, col 31)
            mutation operator group:   ROR
            mutation operator:         >(int,int) |==> !=(int,int)
            original:                  target > nums[mid] 
            mutant:                    target != nums[mid]
[04/24 17:41:50] [INFO   ] org.mutationtesting.major.mutation.Mutator.nextMutant:
    Creating mutant 33
[04/24 17:41:50] [INFO   ] org.mutationtesting.major.mutation.Mutator.logMutant:
    Logging mutant 33: Solution.searchInsert(line 18, col 31)
            mutation operator group:   ROR
            mutation operator:         >(int,int) |==> >=(int,int)
            original:                  target > nums[mid] 
            mutant:                    target >= nums[mid]
[04/24 17:41:50] [INFO   ] org.mutationtesting.major.mutation.Mutator.nextMutant:
    Creating mutant 34
[04/24 17:41:50] [INFO   ] org.mutationtesting.major.mutation.Mutator.logMutant:
    Logging mutant 34: Solution.searchInsert(line 18, col 31)
            mutation operator group:   ROR
            mutation operator:         >(int,int) |==> FALSE(int,int)
            original:                  target > nums[mid] 
            mutant:                    false
[04/24 17:41:50] [INFO   ] org.mutationtesting.major.mutation.Mutator.nextMutant:
    Creating mutant 35
[04/24 17:41:50] [INFO   ] org.mutationtesting.major.mutation.Mutator.logMutant:
    Logging mutant 35: Solution.searchInsert(line 19, col 26)
            mutation operator group:   AOR
            mutation operator:         +(int,int) |==> %(int,int)
            original:                  mid + 1 
            mutant:                    mid % 1
[04/24 17:41:50] [INFO   ] org.mutationtesting.major.mutation.Mutator.nextMutant:
    Creating mutant 36
[04/24 17:41:50] [INFO   ] org.mutationtesting.major.mutation.Mutator.logMutant:
    Logging mutant 36: Solution.searchInsert(line 19, col 26)
            mutation operator group:   AOR
            mutation operator:         +(int,int) |==> *(int,int)
            original:                  mid + 1 
            mutant:                    mid * 1
[04/24 17:41:50] [INFO   ] org.mutationtesting.major.mutation.Mutator.nextMutant:
    Creating mutant 37
[04/24 17:41:50] [INFO   ] org.mutationtesting.major.mutation.Mutator.logMutant:
    Logging mutant 37: Solution.searchInsert(line 19, col 26)
            mutation operator group:   AOR
            mutation operator:         +(int,int) |==> -(int,int)
            original:                  mid + 1 
            mutant:                    mid - 1
[04/24 17:41:50] [INFO   ] org.mutationtesting.major.mutation.Mutator.nextMutant:
    Creating mutant 38
[04/24 17:41:50] [INFO   ] org.mutationtesting.major.mutation.Mutator.logMutant:
    Logging mutant 38: Solution.searchInsert(line 19, col 26)
            mutation operator group:   AOR
            mutation operator:         +(int,int) |==> /(int,int)
            original:                  mid + 1 
            mutant:                    mid / 1
[04/24 17:41:50] [INFO   ] org.mutationtesting.major.mutation.Mutator.nextMutant:
    Creating mutant 39
[04/24 17:41:50] [INFO   ] org.mutationtesting.major.mutation.Mutator.logMutantSTD:
    Logging mutantSTD 39: (STD) lo = mid + 1; -> <NO-OP>
[04/24 17:41:50] [INFO   ] org.mutationtesting.major.plugin.MajorPluginTaskListener.mutate:
    Generated 39 mutants (61 ms)
