1:ROR:<(int,int):!=(int,int):g0001_0100.s0070_climbing_stairs.Solution@climbStairs(int):16:n < 2 |==> n != 2
2:ROR:<(int,int):<=(int,int):g0001_0100.s0070_climbing_stairs.Solution@climbStairs(int):16:n < 2 |==> n <= 2
3:ROR:<(int,int):FALSE(int,int):g0001_0100.s0070_climbing_stairs.Solution@climbStairs(int):16:n < 2 |==> false
4:STD:<RETURN>:<NO-OP>:g0001_0100.s0070_climbing_stairs.Solution@climbStairs(int):17:return n; |==> <NO-OP>
5:STD:<ASSIGN>:<NO-OP>:g0001_0100.s0070_climbing_stairs.Solution@climbStairs(int):27:cache[0] = 1; |==> <NO-OP>
6:STD:<ASSIGN>:<NO-OP>:g0001_0100.s0070_climbing_stairs.Solution@climbStairs(int):28:cache[1] = 2; |==> <NO-OP>
7:ROR:<(int,int):!=(int,int):g0001_0100.s0070_climbing_stairs.Solution@climbStairs(int):29:i < n |==> i != n
8:ROR:<(int,int):<=(int,int):g0001_0100.s0070_climbing_stairs.Solution@climbStairs(int):29:i < n |==> i <= n
9:ROR:<(int,int):FALSE(int,int):g0001_0100.s0070_climbing_stairs.Solution@climbStairs(int):29:i < n |==> false
10:AOR:-(int,int):%(int,int):g0001_0100.s0070_climbing_stairs.Solution@climbStairs(int):30:i - 1 |==> i % 1
11:AOR:-(int,int):*(int,int):g0001_0100.s0070_climbing_stairs.Solution@climbStairs(int):30:i - 1 |==> i * 1
12:AOR:-(int,int):+(int,int):g0001_0100.s0070_climbing_stairs.Solution@climbStairs(int):30:i - 1 |==> i + 1
13:AOR:-(int,int):/(int,int):g0001_0100.s0070_climbing_stairs.Solution@climbStairs(int):30:i - 1 |==> i / 1
14:AOR:-(int,int):%(int,int):g0001_0100.s0070_climbing_stairs.Solution@climbStairs(int):30:i - 2 |==> i % 2
15:AOR:-(int,int):*(int,int):g0001_0100.s0070_climbing_stairs.Solution@climbStairs(int):30:i - 2 |==> i * 2
16:AOR:-(int,int):+(int,int):g0001_0100.s0070_climbing_stairs.Solution@climbStairs(int):30:i - 2 |==> i + 2
17:AOR:-(int,int):/(int,int):g0001_0100.s0070_climbing_stairs.Solution@climbStairs(int):30:i - 2 |==> i / 2
18:AOR:+(int,int):%(int,int):g0001_0100.s0070_climbing_stairs.Solution@climbStairs(int):30:cache[i - 1] + cache[i - 2] |==> cache[i - 1] % cache[i - 2]
19:AOR:+(int,int):*(int,int):g0001_0100.s0070_climbing_stairs.Solution@climbStairs(int):30:cache[i - 1] + cache[i - 2] |==> cache[i - 1] * cache[i - 2]
20:AOR:+(int,int):-(int,int):g0001_0100.s0070_climbing_stairs.Solution@climbStairs(int):30:cache[i - 1] + cache[i - 2] |==> cache[i - 1] - cache[i - 2]
21:AOR:+(int,int):/(int,int):g0001_0100.s0070_climbing_stairs.Solution@climbStairs(int):30:cache[i - 1] + cache[i - 2] |==> cache[i - 1] / cache[i - 2]
22:STD:<ASSIGN>:<NO-OP>:g0001_0100.s0070_climbing_stairs.Solution@climbStairs(int):30:cache[i] = cache[i - 1] + cache[i - 2]; |==> <NO-OP>
23:AOR:-(int,int):%(int,int):g0001_0100.s0070_climbing_stairs.Solution@climbStairs(int):32:n - 1 |==> n % 1
24:AOR:-(int,int):*(int,int):g0001_0100.s0070_climbing_stairs.Solution@climbStairs(int):32:n - 1 |==> n * 1
25:AOR:-(int,int):+(int,int):g0001_0100.s0070_climbing_stairs.Solution@climbStairs(int):32:n - 1 |==> n + 1
26:AOR:-(int,int):/(int,int):g0001_0100.s0070_climbing_stairs.Solution@climbStairs(int):32:n - 1 |==> n / 1
