1:AOR:+(int,int):%(int,int):g0101_0200.s0132_palindrome_partitioning_ii.Solution@minCut(java.lang.String):12:n + 1 |==> n % 1
2:AOR:+(int,int):*(int,int):g0101_0200.s0132_palindrome_partitioning_ii.Solution@minCut(java.lang.String):12:n + 1 |==> n * 1
3:AOR:+(int,int):-(int,int):g0101_0200.s0132_palindrome_partitioning_ii.Solution@minCut(java.lang.String):12:n + 1 |==> n - 1
4:AOR:+(int,int):/(int,int):g0101_0200.s0132_palindrome_partitioning_ii.Solution@minCut(java.lang.String):12:n + 1 |==> n / 1
5:STD:<CALL>:<NO-OP>:g0101_0200.s0132_palindrome_partitioning_ii.Solution@minCut(java.lang.String):13:Arrays.fill(dp, Integer.MAX_VALUE); |==> <NO-OP>
6:STD:<ASSIGN>:<NO-OP>:g0101_0200.s0132_palindrome_partitioning_ii.Solution@minCut(java.lang.String):14:dp[0] = -1; |==> <NO-OP>
7:ROR:<(int,int):!=(int,int):g0101_0200.s0132_palindrome_partitioning_ii.Solution@minCut(java.lang.String):16:i < n |==> i != n
8:ROR:<(int,int):<=(int,int):g0101_0200.s0132_palindrome_partitioning_ii.Solution@minCut(java.lang.String):16:i < n |==> i <= n
9:ROR:<(int,int):FALSE(int,int):g0101_0200.s0132_palindrome_partitioning_ii.Solution@minCut(java.lang.String):16:i < n |==> false
10:STD:<CALL>:<NO-OP>:g0101_0200.s0132_palindrome_partitioning_ii.Solution@minCut(java.lang.String):17:expandAround(t, i, i, dp); |==> <NO-OP>
11:AOR:+(int,int):%(int,int):g0101_0200.s0132_palindrome_partitioning_ii.Solution@minCut(java.lang.String):18:i + 1 |==> i % 1
12:AOR:+(int,int):*(int,int):g0101_0200.s0132_palindrome_partitioning_ii.Solution@minCut(java.lang.String):18:i + 1 |==> i * 1
13:AOR:+(int,int):-(int,int):g0101_0200.s0132_palindrome_partitioning_ii.Solution@minCut(java.lang.String):18:i + 1 |==> i - 1
14:AOR:+(int,int):/(int,int):g0101_0200.s0132_palindrome_partitioning_ii.Solution@minCut(java.lang.String):18:i + 1 |==> i / 1
15:STD:<CALL>:<NO-OP>:g0101_0200.s0132_palindrome_partitioning_ii.Solution@minCut(java.lang.String):18:expandAround(t, i, i + 1, dp); |==> <NO-OP>
16:STD:<INC>:<NO-OP>:g0101_0200.s0132_palindrome_partitioning_ii.Solution@minCut(java.lang.String):19:i++; |==> <NO-OP>
17:ROR:>=(int,int):==(int,int):g0101_0200.s0132_palindrome_partitioning_ii.Solution@expandAround(char[],int,int,int[]):25:i >= 0 |==> i == 0
18:ROR:>=(int,int):>(int,int):g0101_0200.s0132_palindrome_partitioning_ii.Solution@expandAround(char[],int,int,int[]):25:i >= 0 |==> i > 0
19:ROR:>=(int,int):TRUE(int,int):g0101_0200.s0132_palindrome_partitioning_ii.Solution@expandAround(char[],int,int,int[]):25:i >= 0 |==> true
20:ROR:<(int,int):!=(int,int):g0101_0200.s0132_palindrome_partitioning_ii.Solution@expandAround(char[],int,int,int[]):25:j < t.length |==> j != t.length
21:ROR:<(int,int):<=(int,int):g0101_0200.s0132_palindrome_partitioning_ii.Solution@expandAround(char[],int,int,int[]):25:j < t.length |==> j <= t.length
22:ROR:<(int,int):FALSE(int,int):g0101_0200.s0132_palindrome_partitioning_ii.Solution@expandAround(char[],int,int,int[]):25:j < t.length |==> false
23:COR:&&(boolean,boolean):==(boolean,boolean):g0101_0200.s0132_palindrome_partitioning_ii.Solution@expandAround(char[],int,int,int[]):25:i >= 0 && j < t.length |==> i >= 0 == j < t.length
24:COR:&&(boolean,boolean):FALSE(boolean,boolean):g0101_0200.s0132_palindrome_partitioning_ii.Solution@expandAround(char[],int,int,int[]):25:i >= 0 && j < t.length |==> false
25:COR:&&(boolean,boolean):LHS(boolean,boolean):g0101_0200.s0132_palindrome_partitioning_ii.Solution@expandAround(char[],int,int,int[]):25:i >= 0 && j < t.length |==> i >= 0
26:COR:&&(boolean,boolean):RHS(boolean,boolean):g0101_0200.s0132_palindrome_partitioning_ii.Solution@expandAround(char[],int,int,int[]):25:i >= 0 && j < t.length |==> j < t.length
27:ROR:==(int,int):<=(int,int):g0101_0200.s0132_palindrome_partitioning_ii.Solution@expandAround(char[],int,int,int[]):25:t[i] == t[j] |==> t[i] <= t[j]
28:ROR:==(int,int):>=(int,int):g0101_0200.s0132_palindrome_partitioning_ii.Solution@expandAround(char[],int,int,int[]):25:t[i] == t[j] |==> t[i] >= t[j]
29:ROR:==(int,int):FALSE(int,int):g0101_0200.s0132_palindrome_partitioning_ii.Solution@expandAround(char[],int,int,int[]):25:t[i] == t[j] |==> false
30:COR:&&(boolean,boolean):==(boolean,boolean):g0101_0200.s0132_palindrome_partitioning_ii.Solution@expandAround(char[],int,int,int[]):25:i >= 0 && j < t.length && t[i] == t[j] |==> (i >= 0 && j < t.length) == (t[i] == t[j])
31:COR:&&(boolean,boolean):FALSE(boolean,boolean):g0101_0200.s0132_palindrome_partitioning_ii.Solution@expandAround(char[],int,int,int[]):25:i >= 0 && j < t.length && t[i] == t[j] |==> false
32:COR:&&(boolean,boolean):LHS(boolean,boolean):g0101_0200.s0132_palindrome_partitioning_ii.Solution@expandAround(char[],int,int,int[]):25:i >= 0 && j < t.length && t[i] == t[j] |==> i >= 0 && j < t.length
33:COR:&&(boolean,boolean):RHS(boolean,boolean):g0101_0200.s0132_palindrome_partitioning_ii.Solution@expandAround(char[],int,int,int[]):25:i >= 0 && j < t.length && t[i] == t[j] |==> t[i] == t[j]
34:AOR:+(int,int):%(int,int):g0101_0200.s0132_palindrome_partitioning_ii.Solution@expandAround(char[],int,int,int[]):26:j + 1 |==> j % 1
35:AOR:+(int,int):*(int,int):g0101_0200.s0132_palindrome_partitioning_ii.Solution@expandAround(char[],int,int,int[]):26:j + 1 |==> j * 1
36:AOR:+(int,int):-(int,int):g0101_0200.s0132_palindrome_partitioning_ii.Solution@expandAround(char[],int,int,int[]):26:j + 1 |==> j - 1
37:AOR:+(int,int):/(int,int):g0101_0200.s0132_palindrome_partitioning_ii.Solution@expandAround(char[],int,int,int[]):26:j + 1 |==> j / 1
38:AOR:+(int,int):%(int,int):g0101_0200.s0132_palindrome_partitioning_ii.Solution@expandAround(char[],int,int,int[]):26:j + 1 |==> j % 1
39:AOR:+(int,int):*(int,int):g0101_0200.s0132_palindrome_partitioning_ii.Solution@expandAround(char[],int,int,int[]):26:j + 1 |==> j * 1
40:AOR:+(int,int):-(int,int):g0101_0200.s0132_palindrome_partitioning_ii.Solution@expandAround(char[],int,int,int[]):26:j + 1 |==> j - 1
41:AOR:+(int,int):/(int,int):g0101_0200.s0132_palindrome_partitioning_ii.Solution@expandAround(char[],int,int,int[]):26:j + 1 |==> j / 1
42:AOR:+(int,int):%(int,int):g0101_0200.s0132_palindrome_partitioning_ii.Solution@expandAround(char[],int,int,int[]):26:dp[i] + 1 |==> dp[i] % 1
43:AOR:+(int,int):*(int,int):g0101_0200.s0132_palindrome_partitioning_ii.Solution@expandAround(char[],int,int,int[]):26:dp[i] + 1 |==> dp[i] * 1
44:AOR:+(int,int):-(int,int):g0101_0200.s0132_palindrome_partitioning_ii.Solution@expandAround(char[],int,int,int[]):26:dp[i] + 1 |==> dp[i] - 1
45:AOR:+(int,int):/(int,int):g0101_0200.s0132_palindrome_partitioning_ii.Solution@expandAround(char[],int,int,int[]):26:dp[i] + 1 |==> dp[i] / 1
46:STD:<ASSIGN>:<NO-OP>:g0101_0200.s0132_palindrome_partitioning_ii.Solution@expandAround(char[],int,int,int[]):26:dp[j + 1] = Math.min(dp[j + 1], dp[i] + 1); |==> <NO-OP>
47:STD:<DEC>:<NO-OP>:g0101_0200.s0132_palindrome_partitioning_ii.Solution@expandAround(char[],int,int,int[]):27:i--; |==> <NO-OP>
48:STD:<INC>:<NO-OP>:g0101_0200.s0132_palindrome_partitioning_ii.Solution@expandAround(char[],int,int,int[]):28:j++; |==> <NO-OP>
