[06/24 16:50:04] [INFO   ] org.mutationtesting.major.plugin.MajorPluginTaskListener.<init>:
    Created MajorPluginTaskListener with options: [mml:../../major/mml/all.mml.bin]
[06/24 16:50:05] [INFO   ] org.mutationtesting.major.mutation.Mutator.initOperatorSymbols:
    Initializing operator symbols for opcode mapping
[06/24 16:50:05] [INFO   ] org.mutationtesting.major.mutation.Mutator.mutateTree:
    Mutating tree: Env[AttrContext[Scope[super, this]],outer=Env[AttrContext[Scope[java.util.Collections, java.util.Arrays, g0301_0400.s0331_verify_preorder_serialization_of_a_binary_tree.Solution]]]]
[06/24 16:50:05] [INFO   ] org.mutationtesting.major.mutation.Mutator.visitClassDef:
    CLASS: g0301_0400.s0331_verify_preorder_serialization_of_a_binary_tree.Solution
[06/24 16:50:05] [INFO   ] org.mutationtesting.major.mutation.Mutator.visitMethodDef:
    METHOD: <init>([])null
[06/24 16:50:05] [INFO   ] org.mutationtesting.major.mutation.Mutator.visitMethodDef:
    METHOD: isValidSerialization([String preorder])boolean
[06/24 16:50:05] [INFO   ] org.mutationtesting.major.mutation.Mutator.nextMutant:
    Creating mutant 1
[06/24 16:50:05] [INFO   ] org.mutationtesting.major.mutation.Mutator.logMutant:
    Logging mutant 1: Solution.isValidSerialization(line 17, col 27)
            mutation operator group:   ROR
            mutation operator:         <=(int,int) |==> <(int,int)
            original:                  i <= length 
            mutant:                    i < length
[06/24 16:50:05] [INFO   ] org.mutationtesting.major.mutation.Mutator.nextMutant:
    Creating mutant 2
[06/24 16:50:05] [INFO   ] org.mutationtesting.major.mutation.Mutator.logMutant:
    Logging mutant 2: Solution.isValidSerialization(line 17, col 27)
            mutation operator group:   ROR
            mutation operator:         <=(int,int) |==> ==(int,int)
            original:                  i <= length 
            mutant:                    i == length
[06/24 16:50:05] [INFO   ] org.mutationtesting.major.mutation.Mutator.nextMutant:
    Creating mutant 3
[06/24 16:50:05] [INFO   ] org.mutationtesting.major.mutation.Mutator.logMutant:
    Logging mutant 3: Solution.isValidSerialization(line 17, col 27)
            mutation operator group:   ROR
            mutation operator:         <=(int,int) |==> TRUE(int,int)
            original:                  i <= length 
            mutant:                    true
[06/24 16:50:05] [INFO   ] org.mutationtesting.major.mutation.Mutator.nextMutant:
    Creating mutant 4
[06/24 16:50:05] [INFO   ] org.mutationtesting.major.mutation.Mutator.logMutant:
    Logging mutant 4: Solution.isValidSerialization(line 18, col 19)
            mutation operator group:   ROR
            mutation operator:         ==(int,int) |==> <=(int,int)
            original:                  i == length 
            mutant:                    i <= length
[06/24 16:50:05] [INFO   ] org.mutationtesting.major.mutation.Mutator.nextMutant:
    Creating mutant 5
[06/24 16:50:05] [INFO   ] org.mutationtesting.major.mutation.Mutator.logMutant:
    Logging mutant 5: Solution.isValidSerialization(line 18, col 19)
            mutation operator group:   ROR
            mutation operator:         ==(int,int) |==> >=(int,int)
            original:                  i == length 
            mutant:                    i >= length
[06/24 16:50:05] [INFO   ] org.mutationtesting.major.mutation.Mutator.nextMutant:
    Creating mutant 6
[06/24 16:50:05] [INFO   ] org.mutationtesting.major.mutation.Mutator.logMutant:
    Logging mutant 6: Solution.isValidSerialization(line 18, col 19)
            mutation operator group:   ROR
            mutation operator:         ==(int,int) |==> FALSE(int,int)
            original:                  i == length 
            mutant:                    false
[06/24 16:50:05] [INFO   ] org.mutationtesting.major.mutation.Mutator.nextMutant:
    Creating mutant 7
[06/24 16:50:05] [INFO   ] org.mutationtesting.major.mutation.Mutator.logMutant:
    Logging mutant 7: Solution.isValidSerialization(line 18, col 51)
            mutation operator group:   ROR
            mutation operator:         ==(int,int) |==> <=(int,int)
            original:                  preorder.charAt(i) == ',' 
            mutant:                    preorder.charAt(i) <= ','
[06/24 16:50:05] [INFO   ] org.mutationtesting.major.mutation.Mutator.nextMutant:
    Creating mutant 8
[06/24 16:50:05] [INFO   ] org.mutationtesting.major.mutation.Mutator.logMutant:
    Logging mutant 8: Solution.isValidSerialization(line 18, col 51)
            mutation operator group:   ROR
            mutation operator:         ==(int,int) |==> >=(int,int)
            original:                  preorder.charAt(i) == ',' 
            mutant:                    preorder.charAt(i) >= ','
[06/24 16:50:05] [INFO   ] org.mutationtesting.major.mutation.Mutator.nextMutant:
    Creating mutant 9
[06/24 16:50:05] [INFO   ] org.mutationtesting.major.mutation.Mutator.logMutant:
    Logging mutant 9: Solution.isValidSerialization(line 18, col 51)
            mutation operator group:   ROR
            mutation operator:         ==(int,int) |==> FALSE(int,int)
            original:                  preorder.charAt(i) == ',' 
            mutant:                    false
[06/24 16:50:05] [INFO   ] org.mutationtesting.major.mutation.Mutator.nextMutant:
    Creating mutant 10
[06/24 16:50:05] [INFO   ] org.mutationtesting.major.mutation.Mutator.logMutant:
    Logging mutant 10: Solution.isValidSerialization(line 18, col 29)
            mutation operator group:   COR
            mutation operator:         ||(boolean,boolean) |==> !=(boolean,boolean)
            original:                  i == length || preorder.charAt(i) == ',' 
            mutant:                    i == length != (preorder.charAt(i) == ',')
[06/24 16:50:05] [INFO   ] org.mutationtesting.major.mutation.Mutator.nextMutant:
    Creating mutant 11
[06/24 16:50:05] [INFO   ] org.mutationtesting.major.mutation.Mutator.logMutant:
    Logging mutant 11: Solution.isValidSerialization(line 18, col 19)
            mutation operator group:   COR
            mutation operator:         ||(boolean,boolean) |==> LHS(boolean,boolean)
            original:                  i == length || preorder.charAt(i) == ',' 
            mutant:                    i == length
[06/24 16:50:05] [INFO   ] org.mutationtesting.major.mutation.Mutator.nextMutant:
    Creating mutant 12
[06/24 16:50:05] [INFO   ] org.mutationtesting.major.mutation.Mutator.logMutant:
    Logging mutant 12: Solution.isValidSerialization(line 18, col 51)
            mutation operator group:   COR
            mutation operator:         ||(boolean,boolean) |==> RHS(boolean,boolean)
            original:                  i == length || preorder.charAt(i) == ',' 
            mutant:                    preorder.charAt(i) == ','
[06/24 16:50:05] [INFO   ] org.mutationtesting.major.mutation.Mutator.nextMutant:
    Creating mutant 13
[06/24 16:50:05] [INFO   ] org.mutationtesting.major.mutation.Mutator.logMutant:
    Logging mutant 13: Solution.isValidSerialization(line 18, col 29)
            mutation operator group:   COR
            mutation operator:         ||(boolean,boolean) |==> TRUE(boolean,boolean)
            original:                  i == length || preorder.charAt(i) == ',' 
            mutant:                    true
[06/24 16:50:05] [INFO   ] org.mutationtesting.major.mutation.Mutator.nextMutant:
    Creating mutant 14
[06/24 16:50:05] [INFO   ] org.mutationtesting.major.mutation.Mutator.logMutantSTD:
    Logging mutantSTD 14: (STD) --count; -> <NO-OP>
[06/24 16:50:05] [INFO   ] org.mutationtesting.major.mutation.Mutator.nextMutant:
    Creating mutant 15
[06/24 16:50:05] [INFO   ] org.mutationtesting.major.mutation.Mutator.logMutant:
    Logging mutant 15: Solution.isValidSerialization(line 20, col 27)
            mutation operator group:   ROR
            mutation operator:         <(int,int) |==> !=(int,int)
            original:                  count < 0 
            mutant:                    count != 0
[06/24 16:50:05] [INFO   ] org.mutationtesting.major.mutation.Mutator.nextMutant:
    Creating mutant 16
[06/24 16:50:05] [INFO   ] org.mutationtesting.major.mutation.Mutator.logMutant:
    Logging mutant 16: Solution.isValidSerialization(line 20, col 27)
            mutation operator group:   ROR
            mutation operator:         <(int,int) |==> <=(int,int)
            original:                  count < 0 
            mutant:                    count <= 0
[06/24 16:50:05] [INFO   ] org.mutationtesting.major.mutation.Mutator.nextMutant:
    Creating mutant 17
[06/24 16:50:05] [INFO   ] org.mutationtesting.major.mutation.Mutator.logMutant:
    Logging mutant 17: Solution.isValidSerialization(line 20, col 27)
            mutation operator group:   ROR
            mutation operator:         <(int,int) |==> FALSE(int,int)
            original:                  count < 0 
            mutant:                    false
[06/24 16:50:05] [INFO   ] org.mutationtesting.major.mutation.Mutator.nextMutant:
    Creating mutant 18
[06/24 16:50:05] [INFO   ] org.mutationtesting.major.mutation.Mutator.logMutantSTD:
    Logging mutantSTD 18: (STD) return false; -> <NO-OP>
[06/24 16:50:05] [INFO   ] org.mutationtesting.major.mutation.Mutator.nextMutant:
    Creating mutant 19
[06/24 16:50:05] [INFO   ] org.mutationtesting.major.mutation.Mutator.logMutant:
    Logging mutant 19: Solution.isValidSerialization(line 23, col 44)
            mutation operator group:   AOR
            mutation operator:         -(int,int) |==> %(int,int)
            original:                  i - 1 
            mutant:                    i % 1
[06/24 16:50:05] [INFO   ] org.mutationtesting.major.mutation.Mutator.nextMutant:
    Creating mutant 20
[06/24 16:50:05] [INFO   ] org.mutationtesting.major.mutation.Mutator.logMutant:
    Logging mutant 20: Solution.isValidSerialization(line 23, col 44)
            mutation operator group:   AOR
            mutation operator:         -(int,int) |==> *(int,int)
            original:                  i - 1 
            mutant:                    i * 1
[06/24 16:50:05] [INFO   ] org.mutationtesting.major.mutation.Mutator.nextMutant:
    Creating mutant 21
[06/24 16:50:05] [INFO   ] org.mutationtesting.major.mutation.Mutator.logMutant:
    Logging mutant 21: Solution.isValidSerialization(line 23, col 44)
            mutation operator group:   AOR
            mutation operator:         -(int,int) |==> +(int,int)
            original:                  i - 1 
            mutant:                    i + 1
[06/24 16:50:05] [INFO   ] org.mutationtesting.major.mutation.Mutator.nextMutant:
    Creating mutant 22
[06/24 16:50:05] [INFO   ] org.mutationtesting.major.mutation.Mutator.logMutant:
    Logging mutant 22: Solution.isValidSerialization(line 23, col 44)
            mutation operator group:   AOR
            mutation operator:         -(int,int) |==> /(int,int)
            original:                  i - 1 
            mutant:                    i / 1
[06/24 16:50:05] [INFO   ] org.mutationtesting.major.mutation.Mutator.nextMutant:
    Creating mutant 23
[06/24 16:50:05] [INFO   ] org.mutationtesting.major.mutation.Mutator.logMutant:
    Logging mutant 23: Solution.isValidSerialization(line 23, col 49)
            mutation operator group:   ROR
            mutation operator:         ==(int,int) |==> <=(int,int)
            original:                  preorder.charAt(i - 1) == '#' 
            mutant:                    preorder.charAt(i - 1) <= '#'
[06/24 16:50:05] [INFO   ] org.mutationtesting.major.mutation.Mutator.nextMutant:
    Creating mutant 24
[06/24 16:50:05] [INFO   ] org.mutationtesting.major.mutation.Mutator.logMutant:
    Logging mutant 24: Solution.isValidSerialization(line 23, col 49)
            mutation operator group:   ROR
            mutation operator:         ==(int,int) |==> >=(int,int)
            original:                  preorder.charAt(i - 1) == '#' 
            mutant:                    preorder.charAt(i - 1) >= '#'
[06/24 16:50:05] [INFO   ] org.mutationtesting.major.mutation.Mutator.nextMutant:
    Creating mutant 25
[06/24 16:50:05] [INFO   ] org.mutationtesting.major.mutation.Mutator.logMutant:
    Logging mutant 25: Solution.isValidSerialization(line 23, col 49)
            mutation operator group:   ROR
            mutation operator:         ==(int,int) |==> FALSE(int,int)
            original:                  preorder.charAt(i - 1) == '#' 
            mutant:                    false
[06/24 16:50:05] [INFO   ] org.mutationtesting.major.mutation.Mutator.nextMutant:
    Creating mutant 26
[06/24 16:50:05] [INFO   ] org.mutationtesting.major.mutation.Mutator.logMutantSTD:
    Logging mutantSTD 26: (STD) count += preorder.charAt(i - 1) == '#' ? 0 : 2; -> <NO-OP>
[06/24 16:50:05] [INFO   ] org.mutationtesting.major.mutation.Mutator.nextMutant:
    Creating mutant 27
[06/24 16:50:05] [INFO   ] org.mutationtesting.major.mutation.Mutator.logMutant:
    Logging mutant 27: Solution.isValidSerialization(line 26, col 22)
            mutation operator group:   ROR
            mutation operator:         ==(int,int) |==> <=(int,int)
            original:                  count == 0 
            mutant:                    count <= 0
[06/24 16:50:05] [INFO   ] org.mutationtesting.major.mutation.Mutator.nextMutant:
    Creating mutant 28
[06/24 16:50:05] [INFO   ] org.mutationtesting.major.mutation.Mutator.logMutant:
    Logging mutant 28: Solution.isValidSerialization(line 26, col 22)
            mutation operator group:   ROR
            mutation operator:         ==(int,int) |==> >=(int,int)
            original:                  count == 0 
            mutant:                    count >= 0
[06/24 16:50:05] [INFO   ] org.mutationtesting.major.mutation.Mutator.nextMutant:
    Creating mutant 29
[06/24 16:50:05] [INFO   ] org.mutationtesting.major.mutation.Mutator.logMutant:
    Logging mutant 29: Solution.isValidSerialization(line 26, col 22)
            mutation operator group:   ROR
            mutation operator:         ==(int,int) |==> FALSE(int,int)
            original:                  count == 0 
            mutant:                    false
[06/24 16:50:05] [INFO   ] org.mutationtesting.major.plugin.MajorPluginTaskListener.mutate:
    Generated 29 mutants (106 ms)
