ERROR:root:Failed to parse \F x.(F(x) & (_ = {NNP})(x)). Error: The function '(_ = {NNP})' is not a Lambda Expression, an Application Expression, or a functional predicate, so it may not take arguments.
\F x.(F(x) & (_ = {NNP})(x))
                       ^
ERROR:root:An error occurred: The function '(_ = {NNP})' is not a Lambda Expression, an Application Expression, or a functional predicate, so it may not take arguments.
\F x.(F(x) & (_ = {NNP})(x))
                       ^
Sentence: Input : aliceSizes = [ 1 , 1 ] , bobSizes = [ 2 , 2 ]
Tree XML:
<sentence>
  <tokens>
    <token start="0" span="1" pos="NNP" chunk="I-NP" entity="O" cat="N" id="t0_0" surf="Input" base="input"/>
    <token start="1" span="1" pos="IN" chunk="O" entity="O" cat="(NP\NP)/NP" id="t0_1" surf=":" base=":"/>
    <token start="2" span="1" pos="NNP" chunk="I-NP" entity="O" cat="N/N" id="t0_2" surf="aliceSizes" base="alicesizes"/>
    <token start="3" span="1" pos="NNP" chunk="I-NP" entity="O" cat="N/N" id="t0_3" surf="=" base="="/>
    <token start="4" span="1" pos="NNP" chunk="I-NP" entity="O" cat="N" id="t0_4" surf="[" base="["/>
    <token start="5" span="1" pos="CD" chunk="I-NP" entity="O" cat="N\N" id="t0_5" surf="1" base="1"/>
    <token start="6" span="1" pos="," chunk="I-NP" entity="O" cat="," id="t0_6" surf="," base=","/>
    <token start="7" span="1" pos="CD" chunk="I-NP" entity="O" cat="N/N" id="t0_7" surf="1" base="1"/>
    <token start="8" span="1" pos="NN" chunk="I-NP" entity="O" cat="N" id="t0_8" surf="]" base="]"/>
    <token start="9" span="1" pos="," chunk="O" entity="O" cat="," id="t0_9" surf="," base=","/>
    <token start="10" span="1" pos="VBZ" chunk="I-VP" entity="O" cat="(S[dcl]\NP)/NP" id="t0_10" surf="bobSizes" base="bobsize"/>
    <token start="11" span="1" pos="NNP" chunk="I-NP" entity="O" cat="N/N" id="t0_11" surf="=" base="="/>
    <token start="12" span="1" pos="NNP" chunk="I-NP" entity="O" cat="N" id="t0_12" surf="[" base="["/>
    <token start="13" span="1" pos="CD" chunk="I-NP" entity="O" cat="N\N" id="t0_13" surf="2" base="2"/>
    <token start="14" span="1" pos="," chunk="I-NP" entity="O" cat="," id="t0_14" surf="," base=","/>
    <token start="15" span="1" pos="CD" chunk="I-NP" entity="O" cat="N/N" id="t0_15" surf="2" base="2"/>
    <token start="16" span="1" pos="NNS" chunk="I-NP" entity="O" cat="N" id="t0_16" surf="]" base="]"/>
  </tokens>
  <ccg root="s0_sp0" id="s0_ccg0">
    <span root="true" id="s0_sp0" child="s0_sp1 s0_sp23" category="S[dcl=true]" rule="ba"/>
    <span id="s0_sp1" child="s0_sp2 s0_sp22" category="NP" rule="rp"/>
    <span id="s0_sp2" child="s0_sp3 s0_sp5" category="NP" rule="ba"/>
    <span id="s0_sp3" child="s0_sp4" category="NP" rule="lex"/>
    <span start="0" span="1" pos="NNP" chunk="I-NP" entity="O" id="s0_sp4" surf="Input" base="input" terminal="t0_0" category="N"/>
    <span id="s0_sp5" child="s0_sp6 s0_sp7" category="NP\NP" rule="fa"/>
    <span start="1" span="1" pos="IN" chunk="O" entity="O" id="s0_sp6" surf=":" base=":" terminal="t0_1" category="(NP\NP)/NP"/>
    <span id="s0_sp7" child="s0_sp8 s0_sp16" category="NP" rule="ba"/>
    <span id="s0_sp8" child="s0_sp9" category="NP" rule="lex"/>
    <span id="s0_sp9" child="s0_sp10 s0_sp11" category="N" rule="fa"/>
    <span start="2" span="1" pos="NNP" chunk="I-NP" entity="O" id="s0_sp10" surf="aliceSizes" base="alicesizes" terminal="t0_2" category="N/N"/>
    <span id="s0_sp11" child="s0_sp12 s0_sp13" category="N" rule="fa"/>
    <span start="3" span="1" pos="NNP" chunk="I-NP" entity="O" id="s0_sp12" surf="=" base="=" terminal="t0_3" category="N/N"/>
    <span id="s0_sp13" child="s0_sp14 s0_sp15" category="N" rule="ba"/>
    <span start="4" span="1" pos="NNP" chunk="I-NP" entity="O" id="s0_sp14" surf="[" base="[" terminal="t0_4" category="N"/>
    <span start="5" span="1" pos="CD" chunk="I-NP" entity="O" id="s0_sp15" surf="1" base="1" terminal="t0_5" category="N\N"/>
    <span id="s0_sp16" child="s0_sp17 s0_sp18" category="NP\NP" rule="conj"/>
    <span start="6" span="1" pos="," chunk="I-NP" entity="O" id="s0_sp17" surf="," base="," terminal="t0_6" category="=true,"/>
    <span id="s0_sp18" child="s0_sp19" category="NP" rule="lex"/>
    <span id="s0_sp19" child="s0_sp20 s0_sp21" category="N" rule="fa"/>
    <span start="7" span="1" pos="CD" chunk="I-NP" entity="O" id="s0_sp20" surf="1" base="1" terminal="t0_7" category="N/N"/>
    <span start="8" span="1" pos="NN" chunk="I-NP" entity="O" id="s0_sp21" surf="]" base="]" terminal="t0_8" category="N"/>
    <span start="9" span="1" pos="," chunk="O" entity="O" id="s0_sp22" surf="," base="," terminal="t0_9" category="=true,"/>
    <span id="s0_sp23" child="s0_sp24 s0_sp25" category="S[dcl=true]\NP" rule="fa"/>
    <span start="10" span="1" pos="VBZ" chunk="I-VP" entity="O" id="s0_sp24" surf="bobSizes" base="bobsize" terminal="t0_10" category="(S[dcl=true]\NP)/NP"/>
    <span id="s0_sp25" child="s0_sp26 s0_sp32" category="NP" rule="ba"/>
    <span id="s0_sp26" child="s0_sp27" category="NP" rule="lex"/>
    <span id="s0_sp27" child="s0_sp28 s0_sp29" category="N" rule="fa"/>
    <span start="11" span="1" pos="NNP" chunk="I-NP" entity="O" id="s0_sp28" surf="=" base="=" terminal="t0_11" category="N/N"/>
    <span id="s0_sp29" child="s0_sp30 s0_sp31" category="N" rule="ba"/>
    <span start="12" span="1" pos="NNP" chunk="I-NP" entity="O" id="s0_sp30" surf="[" base="[" terminal="t0_12" category="N"/>
    <span start="13" span="1" pos="CD" chunk="I-NP" entity="O" id="s0_sp31" surf="2" base="2" terminal="t0_13" category="N\N"/>
    <span id="s0_sp32" child="s0_sp33 s0_sp34" category="NP\NP" rule="conj"/>
    <span start="14" span="1" pos="," chunk="I-NP" entity="O" id="s0_sp33" surf="," base="," terminal="t0_14" category="=true,"/>
    <span id="s0_sp34" child="s0_sp35" category="NP" rule="lex"/>
    <span id="s0_sp35" child="s0_sp36 s0_sp37" category="N" rule="fa"/>
    <span start="15" span="1" pos="CD" chunk="I-NP" entity="O" id="s0_sp36" surf="2" base="2" terminal="t0_15" category="N/N"/>
    <span start="16" span="1" pos="NNS" chunk="I-NP" entity="O" id="s0_sp37" surf="]" base="]" terminal="t0_16" category="N"/>
  </ccg>
</sentence>

