1:ROR:==(int,int):<=(int,int):g0001_0100.s0085_maximal_rectangle.Solution@maximalRectangle(char[][]):22:m == 0 |==> m <= 0
2:ROR:==(int,int):>=(int,int):g0001_0100.s0085_maximal_rectangle.Solution@maximalRectangle(char[][]):22:m == 0 |==> m >= 0
3:ROR:==(int,int):FALSE(int,int):g0001_0100.s0085_maximal_rectangle.Solution@maximalRectangle(char[][]):22:m == 0 |==> false
4:ROR:==(int,int):<=(int,int):g0001_0100.s0085_maximal_rectangle.Solution@maximalRectangle(char[][]):22:(n = matrix[0].length) == 0 |==> (n = matrix[0].length) <= 0
5:ROR:==(int,int):>=(int,int):g0001_0100.s0085_maximal_rectangle.Solution@maximalRectangle(char[][]):22:(n = matrix[0].length) == 0 |==> (n = matrix[0].length) >= 0
6:COR:||(boolean,boolean):!=(boolean,boolean):g0001_0100.s0085_maximal_rectangle.Solution@maximalRectangle(char[][]):22:m == 0 || (n = matrix[0].length) == 0 |==> m == 0 != ((n = matrix[0].length) == 0)
7:COR:||(boolean,boolean):RHS(boolean,boolean):g0001_0100.s0085_maximal_rectangle.Solution@maximalRectangle(char[][]):22:m == 0 || (n = matrix[0].length) == 0 |==> (n = matrix[0].length) == 0
8:COR:||(boolean,boolean):TRUE(boolean,boolean):g0001_0100.s0085_maximal_rectangle.Solution@maximalRectangle(char[][]):22:m == 0 || (n = matrix[0].length) == 0 |==> true
9:ROR:<(int,int):!=(int,int):g0001_0100.s0085_maximal_rectangle.Solution@maximalRectangle(char[][]):29:i < m |==> i != m
10:ROR:<(int,int):<=(int,int):g0001_0100.s0085_maximal_rectangle.Solution@maximalRectangle(char[][]):29:i < m |==> i <= m
11:ROR:<(int,int):FALSE(int,int):g0001_0100.s0085_maximal_rectangle.Solution@maximalRectangle(char[][]):29:i < m |==> false
12:ROR:<(int,int):!=(int,int):g0001_0100.s0085_maximal_rectangle.Solution@maximalRectangle(char[][]):30:j < n |==> j != n
13:ROR:<(int,int):<=(int,int):g0001_0100.s0085_maximal_rectangle.Solution@maximalRectangle(char[][]):30:j < n |==> j <= n
14:ROR:<(int,int):FALSE(int,int):g0001_0100.s0085_maximal_rectangle.Solution@maximalRectangle(char[][]):30:j < n |==> false
15:ROR:==(int,int):<=(int,int):g0001_0100.s0085_maximal_rectangle.Solution@maximalRectangle(char[][]):31:matrix[i][j] == '0' |==> matrix[i][j] <= '0'
16:ROR:==(int,int):>=(int,int):g0001_0100.s0085_maximal_rectangle.Solution@maximalRectangle(char[][]):31:matrix[i][j] == '0' |==> matrix[i][j] >= '0'
17:ROR:==(int,int):FALSE(int,int):g0001_0100.s0085_maximal_rectangle.Solution@maximalRectangle(char[][]):31:matrix[i][j] == '0' |==> false
18:STD:<ASSIGN>:<NO-OP>:g0001_0100.s0085_maximal_rectangle.Solution@maximalRectangle(char[][]):32:heights[j] = 0; |==> <NO-OP>
19:STD:<ASSIGN>:<NO-OP>:g0001_0100.s0085_maximal_rectangle.Solution@maximalRectangle(char[][]):34:heights[j] += 1; |==> <NO-OP>
20:STD:<ASSIGN>:<NO-OP>:g0001_0100.s0085_maximal_rectangle.Solution@maximalRectangle(char[][]):37:res = Math.max(res, largestRectangleArea(heights)); |==> <NO-OP>
21:ROR:==(int,int):<=(int,int):g0001_0100.s0085_maximal_rectangle.Solution@largestRectangleArea(int[]):56:n == 0 |==> n <= 0
22:ROR:==(int,int):>=(int,int):g0001_0100.s0085_maximal_rectangle.Solution@largestRectangleArea(int[]):56:n == 0 |==> n >= 0
23:ROR:==(int,int):FALSE(int,int):g0001_0100.s0085_maximal_rectangle.Solution@largestRectangleArea(int[]):56:n == 0 |==> false
24:STD:<RETURN>:<NO-OP>:g0001_0100.s0085_maximal_rectangle.Solution@largestRectangleArea(int[]):57:return 0; |==> <NO-OP>
25:STD:<ASSIGN>:<NO-OP>:g0001_0100.s0085_maximal_rectangle.Solution@largestRectangleArea(int[]):62:nLeftGeq[0] = 1; |==> <NO-OP>
26:ROR:<(int,int):!=(int,int):g0001_0100.s0085_maximal_rectangle.Solution@largestRectangleArea(int[]):66:i < n |==> i != n
27:ROR:<(int,int):<=(int,int):g0001_0100.s0085_maximal_rectangle.Solution@largestRectangleArea(int[]):66:i < n |==> i <= n
28:ROR:<(int,int):FALSE(int,int):g0001_0100.s0085_maximal_rectangle.Solution@largestRectangleArea(int[]):66:i < n |==> false
29:STD:<ASSIGN>:<NO-OP>:g0001_0100.s0085_maximal_rectangle.Solution@largestRectangleArea(int[]):67:nLeftGeq[i] = 1; |==> <NO-OP>
30:ROR:>=(int,int):==(int,int):g0001_0100.s0085_maximal_rectangle.Solution@largestRectangleArea(int[]):69:preIdx >= 0 |==> preIdx == 0
31:ROR:>=(int,int):>(int,int):g0001_0100.s0085_maximal_rectangle.Solution@largestRectangleArea(int[]):69:preIdx >= 0 |==> preIdx > 0
32:ROR:>=(int,int):TRUE(int,int):g0001_0100.s0085_maximal_rectangle.Solution@largestRectangleArea(int[]):69:preIdx >= 0 |==> true
33:ROR:<(int,int):!=(int,int):g0001_0100.s0085_maximal_rectangle.Solution@largestRectangleArea(int[]):69:heights[i] < heights[preIdx] |==> heights[i] != heights[preIdx]
34:ROR:<(int,int):<=(int,int):g0001_0100.s0085_maximal_rectangle.Solution@largestRectangleArea(int[]):69:heights[i] < heights[preIdx] |==> heights[i] <= heights[preIdx]
35:ROR:<(int,int):FALSE(int,int):g0001_0100.s0085_maximal_rectangle.Solution@largestRectangleArea(int[]):69:heights[i] < heights[preIdx] |==> false
36:COR:&&(boolean,boolean):==(boolean,boolean):g0001_0100.s0085_maximal_rectangle.Solution@largestRectangleArea(int[]):69:preIdx >= 0 && heights[i] < heights[preIdx] |==> preIdx >= 0 == heights[i] < heights[preIdx]
37:COR:&&(boolean,boolean):FALSE(boolean,boolean):g0001_0100.s0085_maximal_rectangle.Solution@largestRectangleArea(int[]):69:preIdx >= 0 && heights[i] < heights[preIdx] |==> false
38:COR:&&(boolean,boolean):LHS(boolean,boolean):g0001_0100.s0085_maximal_rectangle.Solution@largestRectangleArea(int[]):69:preIdx >= 0 && heights[i] < heights[preIdx] |==> preIdx >= 0
39:COR:&&(boolean,boolean):RHS(boolean,boolean):g0001_0100.s0085_maximal_rectangle.Solution@largestRectangleArea(int[]):69:preIdx >= 0 && heights[i] < heights[preIdx] |==> heights[i] < heights[preIdx]
40:AOR:+(int,int):%(int,int):g0001_0100.s0085_maximal_rectangle.Solution@largestRectangleArea(int[]):70:nLeftGeq[preIdx] + i |==> nLeftGeq[preIdx] % i
41:AOR:+(int,int):*(int,int):g0001_0100.s0085_maximal_rectangle.Solution@largestRectangleArea(int[]):70:nLeftGeq[preIdx] + i |==> nLeftGeq[preIdx] * i
42:AOR:+(int,int):-(int,int):g0001_0100.s0085_maximal_rectangle.Solution@largestRectangleArea(int[]):70:nLeftGeq[preIdx] + i |==> nLeftGeq[preIdx] - i
43:AOR:+(int,int):/(int,int):g0001_0100.s0085_maximal_rectangle.Solution@largestRectangleArea(int[]):70:nLeftGeq[preIdx] + i |==> nLeftGeq[preIdx] / i
44:AOR:-(int,int):%(int,int):g0001_0100.s0085_maximal_rectangle.Solution@largestRectangleArea(int[]):70:nLeftGeq[preIdx] + i - preIdx |==> (nLeftGeq[preIdx] + i) % preIdx
45:AOR:-(int,int):*(int,int):g0001_0100.s0085_maximal_rectangle.Solution@largestRectangleArea(int[]):70:nLeftGeq[preIdx] + i - preIdx |==> (nLeftGeq[preIdx] + i) * preIdx
46:AOR:-(int,int):+(int,int):g0001_0100.s0085_maximal_rectangle.Solution@largestRectangleArea(int[]):70:nLeftGeq[preIdx] + i - preIdx |==> nLeftGeq[preIdx] + i + preIdx
47:AOR:-(int,int):/(int,int):g0001_0100.s0085_maximal_rectangle.Solution@largestRectangleArea(int[]):70:nLeftGeq[preIdx] + i - preIdx |==> (nLeftGeq[preIdx] + i) / preIdx
48:AOR:-(int,int):%(int,int):g0001_0100.s0085_maximal_rectangle.Solution@largestRectangleArea(int[]):70:nLeftGeq[preIdx] + i - preIdx - 1 |==> (nLeftGeq[preIdx] + i - preIdx) % 1
49:AOR:-(int,int):*(int,int):g0001_0100.s0085_maximal_rectangle.Solution@largestRectangleArea(int[]):70:nLeftGeq[preIdx] + i - preIdx - 1 |==> (nLeftGeq[preIdx] + i - preIdx) * 1
50:AOR:-(int,int):+(int,int):g0001_0100.s0085_maximal_rectangle.Solution@largestRectangleArea(int[]):70:nLeftGeq[preIdx] + i - preIdx - 1 |==> nLeftGeq[preIdx] + i - preIdx + 1
51:AOR:-(int,int):/(int,int):g0001_0100.s0085_maximal_rectangle.Solution@largestRectangleArea(int[]):70:nLeftGeq[preIdx] + i - preIdx - 1 |==> (nLeftGeq[preIdx] + i - preIdx) / 1
52:AOR:*(int,int):%(int,int):g0001_0100.s0085_maximal_rectangle.Solution@largestRectangleArea(int[]):70:heights[preIdx] * (nLeftGeq[preIdx] + i - preIdx - 1) |==> heights[preIdx] % (nLeftGeq[preIdx] + i - preIdx - 1)
53:AOR:*(int,int):+(int,int):g0001_0100.s0085_maximal_rectangle.Solution@largestRectangleArea(int[]):70:heights[preIdx] * (nLeftGeq[preIdx] + i - preIdx - 1) |==> heights[preIdx] + (nLeftGeq[preIdx] + i - preIdx - 1)
54:AOR:*(int,int):-(int,int):g0001_0100.s0085_maximal_rectangle.Solution@largestRectangleArea(int[]):70:heights[preIdx] * (nLeftGeq[preIdx] + i - preIdx - 1) |==> heights[preIdx] - (nLeftGeq[preIdx] + i - preIdx - 1)
55:AOR:*(int,int):/(int,int):g0001_0100.s0085_maximal_rectangle.Solution@largestRectangleArea(int[]):70:heights[preIdx] * (nLeftGeq[preIdx] + i - preIdx - 1) |==> heights[preIdx] / (nLeftGeq[preIdx] + i - preIdx - 1)
56:STD:<ASSIGN>:<NO-OP>:g0001_0100.s0085_maximal_rectangle.Solution@largestRectangleArea(int[]):70:res = Math.max(res, heights[preIdx] * (nLeftGeq[preIdx] + i - preIdx - 1)); |==> <NO-OP>
57:STD:<ASSIGN>:<NO-OP>:g0001_0100.s0085_maximal_rectangle.Solution@largestRectangleArea(int[]):72:nLeftGeq[i] += nLeftGeq[preIdx]; |==> <NO-OP>
58:AOR:-(int,int):%(int,int):g0001_0100.s0085_maximal_rectangle.Solution@largestRectangleArea(int[]):74:preIdx - nLeftGeq[preIdx] |==> preIdx % nLeftGeq[preIdx]
59:AOR:-(int,int):*(int,int):g0001_0100.s0085_maximal_rectangle.Solution@largestRectangleArea(int[]):74:preIdx - nLeftGeq[preIdx] |==> preIdx * nLeftGeq[preIdx]
60:AOR:-(int,int):+(int,int):g0001_0100.s0085_maximal_rectangle.Solution@largestRectangleArea(int[]):74:preIdx - nLeftGeq[preIdx] |==> preIdx + nLeftGeq[preIdx]
61:AOR:-(int,int):/(int,int):g0001_0100.s0085_maximal_rectangle.Solution@largestRectangleArea(int[]):74:preIdx - nLeftGeq[preIdx] |==> preIdx / nLeftGeq[preIdx]
62:STD:<ASSIGN>:<NO-OP>:g0001_0100.s0085_maximal_rectangle.Solution@largestRectangleArea(int[]):74:preIdx = preIdx - nLeftGeq[preIdx]; |==> <NO-OP>
63:ROR:>=(int,int):==(int,int):g0001_0100.s0085_maximal_rectangle.Solution@largestRectangleArea(int[]):76:preIdx >= 0 |==> preIdx == 0
64:ROR:>=(int,int):>(int,int):g0001_0100.s0085_maximal_rectangle.Solution@largestRectangleArea(int[]):76:preIdx >= 0 |==> preIdx > 0
65:ROR:>=(int,int):TRUE(int,int):g0001_0100.s0085_maximal_rectangle.Solution@largestRectangleArea(int[]):76:preIdx >= 0 |==> true
66:ROR:==(int,int):<=(int,int):g0001_0100.s0085_maximal_rectangle.Solution@largestRectangleArea(int[]):76:heights[i] == heights[preIdx] |==> heights[i] <= heights[preIdx]
67:ROR:==(int,int):>=(int,int):g0001_0100.s0085_maximal_rectangle.Solution@largestRectangleArea(int[]):76:heights[i] == heights[preIdx] |==> heights[i] >= heights[preIdx]
68:ROR:==(int,int):FALSE(int,int):g0001_0100.s0085_maximal_rectangle.Solution@largestRectangleArea(int[]):76:heights[i] == heights[preIdx] |==> false
69:COR:&&(boolean,boolean):==(boolean,boolean):g0001_0100.s0085_maximal_rectangle.Solution@largestRectangleArea(int[]):76:preIdx >= 0 && heights[i] == heights[preIdx] |==> preIdx >= 0 == (heights[i] == heights[preIdx])
70:COR:&&(boolean,boolean):FALSE(boolean,boolean):g0001_0100.s0085_maximal_rectangle.Solution@largestRectangleArea(int[]):76:preIdx >= 0 && heights[i] == heights[preIdx] |==> false
71:COR:&&(boolean,boolean):LHS(boolean,boolean):g0001_0100.s0085_maximal_rectangle.Solution@largestRectangleArea(int[]):76:preIdx >= 0 && heights[i] == heights[preIdx] |==> preIdx >= 0
72:COR:&&(boolean,boolean):RHS(boolean,boolean):g0001_0100.s0085_maximal_rectangle.Solution@largestRectangleArea(int[]):76:preIdx >= 0 && heights[i] == heights[preIdx] |==> heights[i] == heights[preIdx]
73:STD:<ASSIGN>:<NO-OP>:g0001_0100.s0085_maximal_rectangle.Solution@largestRectangleArea(int[]):78:nLeftGeq[i] += nLeftGeq[preIdx]; |==> <NO-OP>
74:STD:<ASSIGN>:<NO-OP>:g0001_0100.s0085_maximal_rectangle.Solution@largestRectangleArea(int[]):81:preIdx = i; |==> <NO-OP>
75:ROR:>=(int,int):==(int,int):g0001_0100.s0085_maximal_rectangle.Solution@largestRectangleArea(int[]):85:preIdx >= 0 |==> preIdx == 0
76:ROR:>=(int,int):>(int,int):g0001_0100.s0085_maximal_rectangle.Solution@largestRectangleArea(int[]):85:preIdx >= 0 |==> preIdx > 0
77:ROR:>=(int,int):TRUE(int,int):g0001_0100.s0085_maximal_rectangle.Solution@largestRectangleArea(int[]):85:preIdx >= 0 |==> true
78:ROR:<(int,int):!=(int,int):g0001_0100.s0085_maximal_rectangle.Solution@largestRectangleArea(int[]):85:0 < heights[preIdx] |==> 0 != heights[preIdx]
79:ROR:<(int,int):<=(int,int):g0001_0100.s0085_maximal_rectangle.Solution@largestRectangleArea(int[]):85:0 < heights[preIdx] |==> 0 <= heights[preIdx]
80:ROR:<(int,int):FALSE(int,int):g0001_0100.s0085_maximal_rectangle.Solution@largestRectangleArea(int[]):85:0 < heights[preIdx] |==> false
81:COR:&&(boolean,boolean):==(boolean,boolean):g0001_0100.s0085_maximal_rectangle.Solution@largestRectangleArea(int[]):85:preIdx >= 0 && 0 < heights[preIdx] |==> preIdx >= 0 == 0 < heights[preIdx]
82:COR:&&(boolean,boolean):FALSE(boolean,boolean):g0001_0100.s0085_maximal_rectangle.Solution@largestRectangleArea(int[]):85:preIdx >= 0 && 0 < heights[preIdx] |==> false
83:COR:&&(boolean,boolean):LHS(boolean,boolean):g0001_0100.s0085_maximal_rectangle.Solution@largestRectangleArea(int[]):85:preIdx >= 0 && 0 < heights[preIdx] |==> preIdx >= 0
84:COR:&&(boolean,boolean):RHS(boolean,boolean):g0001_0100.s0085_maximal_rectangle.Solution@largestRectangleArea(int[]):85:preIdx >= 0 && 0 < heights[preIdx] |==> 0 < heights[preIdx]
85:AOR:+(int,int):%(int,int):g0001_0100.s0085_maximal_rectangle.Solution@largestRectangleArea(int[]):86:nLeftGeq[preIdx] + n |==> nLeftGeq[preIdx] % n
86:AOR:+(int,int):*(int,int):g0001_0100.s0085_maximal_rectangle.Solution@largestRectangleArea(int[]):86:nLeftGeq[preIdx] + n |==> nLeftGeq[preIdx] * n
87:AOR:+(int,int):-(int,int):g0001_0100.s0085_maximal_rectangle.Solution@largestRectangleArea(int[]):86:nLeftGeq[preIdx] + n |==> nLeftGeq[preIdx] - n
88:AOR:+(int,int):/(int,int):g0001_0100.s0085_maximal_rectangle.Solution@largestRectangleArea(int[]):86:nLeftGeq[preIdx] + n |==> nLeftGeq[preIdx] / n
89:AOR:-(int,int):%(int,int):g0001_0100.s0085_maximal_rectangle.Solution@largestRectangleArea(int[]):86:nLeftGeq[preIdx] + n - preIdx |==> (nLeftGeq[preIdx] + n) % preIdx
90:AOR:-(int,int):*(int,int):g0001_0100.s0085_maximal_rectangle.Solution@largestRectangleArea(int[]):86:nLeftGeq[preIdx] + n - preIdx |==> (nLeftGeq[preIdx] + n) * preIdx
91:AOR:-(int,int):+(int,int):g0001_0100.s0085_maximal_rectangle.Solution@largestRectangleArea(int[]):86:nLeftGeq[preIdx] + n - preIdx |==> nLeftGeq[preIdx] + n + preIdx
92:AOR:-(int,int):/(int,int):g0001_0100.s0085_maximal_rectangle.Solution@largestRectangleArea(int[]):86:nLeftGeq[preIdx] + n - preIdx |==> (nLeftGeq[preIdx] + n) / preIdx
93:AOR:-(int,int):%(int,int):g0001_0100.s0085_maximal_rectangle.Solution@largestRectangleArea(int[]):86:nLeftGeq[preIdx] + n - preIdx - 1 |==> (nLeftGeq[preIdx] + n - preIdx) % 1
94:AOR:-(int,int):*(int,int):g0001_0100.s0085_maximal_rectangle.Solution@largestRectangleArea(int[]):86:nLeftGeq[preIdx] + n - preIdx - 1 |==> (nLeftGeq[preIdx] + n - preIdx) * 1
95:AOR:-(int,int):+(int,int):g0001_0100.s0085_maximal_rectangle.Solution@largestRectangleArea(int[]):86:nLeftGeq[preIdx] + n - preIdx - 1 |==> nLeftGeq[preIdx] + n - preIdx + 1
96:AOR:-(int,int):/(int,int):g0001_0100.s0085_maximal_rectangle.Solution@largestRectangleArea(int[]):86:nLeftGeq[preIdx] + n - preIdx - 1 |==> (nLeftGeq[preIdx] + n - preIdx) / 1
97:AOR:*(int,int):%(int,int):g0001_0100.s0085_maximal_rectangle.Solution@largestRectangleArea(int[]):86:heights[preIdx] * (nLeftGeq[preIdx] + n - preIdx - 1) |==> heights[preIdx] % (nLeftGeq[preIdx] + n - preIdx - 1)
98:AOR:*(int,int):+(int,int):g0001_0100.s0085_maximal_rectangle.Solution@largestRectangleArea(int[]):86:heights[preIdx] * (nLeftGeq[preIdx] + n - preIdx - 1) |==> heights[preIdx] + (nLeftGeq[preIdx] + n - preIdx - 1)
99:AOR:*(int,int):-(int,int):g0001_0100.s0085_maximal_rectangle.Solution@largestRectangleArea(int[]):86:heights[preIdx] * (nLeftGeq[preIdx] + n - preIdx - 1) |==> heights[preIdx] - (nLeftGeq[preIdx] + n - preIdx - 1)
100:AOR:*(int,int):/(int,int):g0001_0100.s0085_maximal_rectangle.Solution@largestRectangleArea(int[]):86:heights[preIdx] * (nLeftGeq[preIdx] + n - preIdx - 1) |==> heights[preIdx] / (nLeftGeq[preIdx] + n - preIdx - 1)
101:STD:<ASSIGN>:<NO-OP>:g0001_0100.s0085_maximal_rectangle.Solution@largestRectangleArea(int[]):86:res = Math.max(res, heights[preIdx] * (nLeftGeq[preIdx] + n - preIdx - 1)); |==> <NO-OP>
102:AOR:-(int,int):%(int,int):g0001_0100.s0085_maximal_rectangle.Solution@largestRectangleArea(int[]):88:preIdx - nLeftGeq[preIdx] |==> preIdx % nLeftGeq[preIdx]
103:AOR:-(int,int):*(int,int):g0001_0100.s0085_maximal_rectangle.Solution@largestRectangleArea(int[]):88:preIdx - nLeftGeq[preIdx] |==> preIdx * nLeftGeq[preIdx]
104:AOR:-(int,int):+(int,int):g0001_0100.s0085_maximal_rectangle.Solution@largestRectangleArea(int[]):88:preIdx - nLeftGeq[preIdx] |==> preIdx + nLeftGeq[preIdx]
105:AOR:-(int,int):/(int,int):g0001_0100.s0085_maximal_rectangle.Solution@largestRectangleArea(int[]):88:preIdx - nLeftGeq[preIdx] |==> preIdx / nLeftGeq[preIdx]
106:STD:<ASSIGN>:<NO-OP>:g0001_0100.s0085_maximal_rectangle.Solution@largestRectangleArea(int[]):88:preIdx = preIdx - nLeftGeq[preIdx]; |==> <NO-OP>
