1:ROR:<(int,int):!=(int,int):g0001_0100.s0014_longest_common_prefix.Solution@longestCommonPrefix(java.lang.String[]):9:strs.length < 1 |==> strs.length != 1
2:ROR:<(int,int):<=(int,int):g0001_0100.s0014_longest_common_prefix.Solution@longestCommonPrefix(java.lang.String[]):9:strs.length < 1 |==> strs.length <= 1
3:ROR:<(int,int):FALSE(int,int):g0001_0100.s0014_longest_common_prefix.Solution@longestCommonPrefix(java.lang.String[]):9:strs.length < 1 |==> false
4:STD:<RETURN>:<NO-OP>:g0001_0100.s0014_longest_common_prefix.Solution@longestCommonPrefix(java.lang.String[]):10:return ""; |==> <NO-OP>
5:ROR:==(int,int):<=(int,int):g0001_0100.s0014_longest_common_prefix.Solution@longestCommonPrefix(java.lang.String[]):12:strs.length == 1 |==> strs.length <= 1
6:ROR:==(int,int):>=(int,int):g0001_0100.s0014_longest_common_prefix.Solution@longestCommonPrefix(java.lang.String[]):12:strs.length == 1 |==> strs.length >= 1
7:ROR:==(int,int):FALSE(int,int):g0001_0100.s0014_longest_common_prefix.Solution@longestCommonPrefix(java.lang.String[]):12:strs.length == 1 |==> false
8:STD:<RETURN>:<NO-OP>:g0001_0100.s0014_longest_common_prefix.Solution@longestCommonPrefix(java.lang.String[]):13:return strs[0]; |==> <NO-OP>
9:ROR:>(int,int):!=(int,int):g0001_0100.s0014_longest_common_prefix.Solution@longestCommonPrefix(java.lang.String[]):18:temp.length() > 0 |==> temp.length() != 0
10:ROR:>(int,int):>=(int,int):g0001_0100.s0014_longest_common_prefix.Solution@longestCommonPrefix(java.lang.String[]):18:temp.length() > 0 |==> temp.length() >= 0
11:ROR:>(int,int):FALSE(int,int):g0001_0100.s0014_longest_common_prefix.Solution@longestCommonPrefix(java.lang.String[]):18:temp.length() > 0 |==> false
12:ROR:<(int,int):!=(int,int):g0001_0100.s0014_longest_common_prefix.Solution@longestCommonPrefix(java.lang.String[]):18:i < strs.length |==> i != strs.length
13:ROR:<(int,int):<=(int,int):g0001_0100.s0014_longest_common_prefix.Solution@longestCommonPrefix(java.lang.String[]):18:i < strs.length |==> i <= strs.length
14:ROR:<(int,int):FALSE(int,int):g0001_0100.s0014_longest_common_prefix.Solution@longestCommonPrefix(java.lang.String[]):18:i < strs.length |==> false
15:COR:&&(boolean,boolean):==(boolean,boolean):g0001_0100.s0014_longest_common_prefix.Solution@longestCommonPrefix(java.lang.String[]):18:temp.length() > 0 && i < strs.length |==> temp.length() > 0 == i < strs.length
16:COR:&&(boolean,boolean):FALSE(boolean,boolean):g0001_0100.s0014_longest_common_prefix.Solution@longestCommonPrefix(java.lang.String[]):18:temp.length() > 0 && i < strs.length |==> false
17:COR:&&(boolean,boolean):LHS(boolean,boolean):g0001_0100.s0014_longest_common_prefix.Solution@longestCommonPrefix(java.lang.String[]):18:temp.length() > 0 && i < strs.length |==> temp.length() > 0
18:COR:&&(boolean,boolean):RHS(boolean,boolean):g0001_0100.s0014_longest_common_prefix.Solution@longestCommonPrefix(java.lang.String[]):18:temp.length() > 0 && i < strs.length |==> i < strs.length
19:ROR:>(int,int):!=(int,int):g0001_0100.s0014_longest_common_prefix.Solution@longestCommonPrefix(java.lang.String[]):19:temp.length() > strs[i].length() |==> temp.length() != strs[i].length()
20:ROR:>(int,int):>=(int,int):g0001_0100.s0014_longest_common_prefix.Solution@longestCommonPrefix(java.lang.String[]):19:temp.length() > strs[i].length() |==> temp.length() >= strs[i].length()
21:ROR:>(int,int):FALSE(int,int):g0001_0100.s0014_longest_common_prefix.Solution@longestCommonPrefix(java.lang.String[]):19:temp.length() > strs[i].length() |==> false
22:STD:<ASSIGN>:<NO-OP>:g0001_0100.s0014_longest_common_prefix.Solution@longestCommonPrefix(java.lang.String[]):20:temp = temp.substring(0, strs[i].length()); |==> <NO-OP>
23:COR:<METHOD_INVOCATION(boolean)>:TRUE:g0001_0100.s0014_longest_common_prefix.Solution@longestCommonPrefix(java.lang.String[]):23:cur.equals(temp) |==> false
24:COR:<METHOD_INVOCATION(boolean)>:FALSE:g0001_0100.s0014_longest_common_prefix.Solution@longestCommonPrefix(java.lang.String[]):23:cur.equals(temp) |==> true
25:AOR:-(int,int):%(int,int):g0001_0100.s0014_longest_common_prefix.Solution@longestCommonPrefix(java.lang.String[]):24:temp.length() - 1 |==> temp.length() % 1
26:AOR:-(int,int):*(int,int):g0001_0100.s0014_longest_common_prefix.Solution@longestCommonPrefix(java.lang.String[]):24:temp.length() - 1 |==> temp.length() * 1
27:AOR:-(int,int):+(int,int):g0001_0100.s0014_longest_common_prefix.Solution@longestCommonPrefix(java.lang.String[]):24:temp.length() - 1 |==> temp.length() + 1
28:AOR:-(int,int):/(int,int):g0001_0100.s0014_longest_common_prefix.Solution@longestCommonPrefix(java.lang.String[]):24:temp.length() - 1 |==> temp.length() / 1
29:STD:<ASSIGN>:<NO-OP>:g0001_0100.s0014_longest_common_prefix.Solution@longestCommonPrefix(java.lang.String[]):24:temp = temp.substring(0, temp.length() - 1); |==> <NO-OP>
30:STD:<INC>:<NO-OP>:g0001_0100.s0014_longest_common_prefix.Solution@longestCommonPrefix(java.lang.String[]):26:i++; |==> <NO-OP>
