ERROR:root:Failed to parse \F x.(F(x) & (_ = {NN})(x)). Error: The function '(_ = {NN})' is not a Lambda Expression, an Application Expression, or a functional predicate, so it may not take arguments.
\F x.(F(x) & (_ = {NN})(x))
                      ^
ERROR:root:An error occurred: The function '(_ = {NN})' is not a Lambda Expression, an Application Expression, or a functional predicate, so it may not take arguments.
\F x.(F(x) & (_ = {NN})(x))
                      ^
Sentence: `nums [ a ] + nums [ b ] + nums [ c ] + nums [ d ] == target`
Tree XML:
<sentence>
  <tokens>
    <token start="0" span="1" pos="NNS" chunk="I-NP" entity="O" cat="N" id="t0_0" surf="`nums" base="`nums"/>
    <token start="1" span="1" pos="VBD" chunk="I-VP" entity="O" cat="(S[dcl]\NP)/NP" id="t0_1" surf="[" base="["/>
    <token start="2" span="1" pos="DT" chunk="I-NP" entity="O" cat="NP[nb]/N" id="t0_2" surf="a" base="a"/>
    <token start="3" span="1" pos="JJ" chunk="I-NP" entity="O" cat="N/N" id="t0_3" surf="]" base="]"/>
    <token start="4" span="1" pos="NN" chunk="I-NP" entity="O" cat="N/N" id="t0_4" surf="+" base="+"/>
    <token start="5" span="1" pos="NNS" chunk="I-NP" entity="O" cat="N" id="t0_5" surf="nums" base="num"/>
    <token start="6" span="1" pos="VBP" chunk="I-VP" entity="O" cat="(S[dcl]\NP)/NP" id="t0_6" surf="[" base="["/>
    <token start="7" span="1" pos="NN" chunk="I-NP" entity="O" cat="N/N" id="t0_7" surf="b" base="b"/>
    <token start="8" span="1" pos="NNS" chunk="I-NP" entity="O" cat="N" id="t0_8" surf="]" base="]"/>
    <token start="9" span="1" pos="VBP" chunk="I-VP" entity="O" cat="(S[dcl]\NP)/NP" id="t0_9" surf="+" base="+"/>
    <token start="10" span="1" pos="NNS" chunk="I-NP" entity="O" cat="N" id="t0_10" surf="nums" base="num"/>
    <token start="11" span="1" pos="JJ" chunk="I-NP" entity="O" cat="N/N" id="t0_11" surf="[" base="["/>
    <token start="12" span="1" pos="NN" chunk="I-NP" entity="O" cat="N/N" id="t0_12" surf="c" base="c"/>
    <token start="13" span="1" pos="NN" chunk="I-NP" entity="O" cat="N/N" id="t0_13" surf="]" base="]"/>
    <token start="14" span="1" pos="NN" chunk="I-NP" entity="O" cat="N/N" id="t0_14" surf="+" base="+"/>
    <token start="15" span="1" pos="NNS" chunk="I-NP" entity="O" cat="N" id="t0_15" surf="nums" base="num"/>
    <token start="16" span="1" pos="VBP" chunk="I-VP" entity="O" cat="(S[dcl]\NP)/NP" id="t0_16" surf="[" base="["/>
    <token start="17" span="1" pos="JJ" chunk="I-NP" entity="O" cat="N/N" id="t0_17" surf="d" base="d"/>
    <token start="18" span="1" pos="NN" chunk="I-NP" entity="O" cat="N/N" id="t0_18" surf="]" base="]"/>
    <token start="19" span="1" pos="NN" chunk="I-NP" entity="O" cat="N/N" id="t0_19" surf="==" base="=="/>
    <token start="20" span="1" pos="NN" chunk="I-NP" entity="O" cat="N" id="t0_20" surf="target`" base="target`"/>
  </tokens>
  <ccg root="s0_sp0" id="s0_ccg0">
    <span root="true" id="s0_sp0" child="s0_sp1 s0_sp43" category="S[dcl=true]" rule="fa"/>
    <span id="s0_sp1" child="s0_sp2 s0_sp7" category="S[dcl=true]/NP" rule="bx"/>
    <span id="s0_sp2" child="s0_sp3 s0_sp6" category="S[dcl=true]/NP" rule="fc"/>
    <span id="s0_sp3" child="s0_sp4" category="S[X=true]/(S[X=true]\NP)" rule="tr"/>
    <span id="s0_sp4" child="s0_sp5" category="NP" rule="lex"/>
    <span start="0" span="1" pos="NNS" chunk="I-NP" entity="O" id="s0_sp5" surf="`nums" base="`nums" terminal="t0_0" category="N"/>
    <span start="1" span="1" pos="VBD" chunk="I-VP" entity="O" id="s0_sp6" surf="[" base="[" terminal="t0_1" category="(S[dcl=true]\NP)/NP"/>
    <span id="s0_sp7" child="s0_sp8" category="S[X=true]\S[X=true]" rule="lex"/>
    <span id="s0_sp8" child="s0_sp9 s0_sp24" category="S[dcl=true]" rule="ba"/>
    <span id="s0_sp9" child="s0_sp10 s0_sp17" category="NP" rule="ba"/>
    <span id="s0_sp10" child="s0_sp11 s0_sp12" category="NP[nb=true]" rule="fa"/>
    <span start="2" span="1" pos="DT" chunk="I-NP" entity="O" id="s0_sp11" surf="a" base="a" terminal="t0_2" category="NP[nb=true]/N"/>
    <span id="s0_sp12" child="s0_sp13 s0_sp14" category="N" rule="fa"/>
    <span start="3" span="1" pos="JJ" chunk="I-NP" entity="O" id="s0_sp13" surf="]" base="]" terminal="t0_3" category="N/N"/>
    <span id="s0_sp14" child="s0_sp15 s0_sp16" category="N" rule="fa"/>
    <span start="4" span="1" pos="NN" chunk="I-NP" entity="O" id="s0_sp15" surf="+" base="+" terminal="t0_4" category="N/N"/>
    <span start="5" span="1" pos="NNS" chunk="I-NP" entity="O" id="s0_sp16" surf="nums" base="num" terminal="t0_5" category="N"/>
    <span id="s0_sp17" child="s0_sp18" category="NP\NP" rule="lex"/>
    <span id="s0_sp18" child="s0_sp19 s0_sp20" category="S[dcl=true]\NP" rule="fa"/>
    <span start="6" span="1" pos="VBP" chunk="I-VP" entity="O" id="s0_sp19" surf="[" base="[" terminal="t0_6" category="(S[dcl=true]\NP)/NP"/>
    <span id="s0_sp20" child="s0_sp21" category="NP" rule="lex"/>
    <span id="s0_sp21" child="s0_sp22 s0_sp23" category="N" rule="fa"/>
    <span start="7" span="1" pos="NN" chunk="I-NP" entity="O" id="s0_sp22" surf="b" base="b" terminal="t0_7" category="N/N"/>
    <span start="8" span="1" pos="NNS" chunk="I-NP" entity="O" id="s0_sp23" surf="]" base="]" terminal="t0_8" category="N"/>
    <span id="s0_sp24" child="s0_sp25 s0_sp26" category="S[dcl=true]\NP" rule="fa"/>
    <span start="9" span="1" pos="VBP" chunk="I-VP" entity="O" id="s0_sp25" surf="+" base="+" terminal="t0_9" category="(S[dcl=true]\NP)/NP"/>
    <span id="s0_sp26" child="s0_sp27 s0_sp29" category="NP" rule="ba"/>
    <span id="s0_sp27" child="s0_sp28" category="NP" rule="lex"/>
    <span start="10" span="1" pos="NNS" chunk="I-NP" entity="O" id="s0_sp28" surf="nums" base="num" terminal="t0_10" category="N"/>
    <span id="s0_sp29" child="s0_sp30" category="NP\NP" rule="lex"/>
    <span id="s0_sp30" child="s0_sp31 s0_sp42" category="S[dcl=true]/NP" rule="fc"/>
    <span id="s0_sp31" child="s0_sp32" category="S[X=true]/(S[X=true]\NP)" rule="tr"/>
    <span id="s0_sp32" child="s0_sp33" category="NP" rule="lex"/>
    <span id="s0_sp33" child="s0_sp34 s0_sp35" category="N" rule="fa"/>
    <span start="11" span="1" pos="JJ" chunk="I-NP" entity="O" id="s0_sp34" surf="[" base="[" terminal="t0_11" category="N/N"/>
    <span id="s0_sp35" child="s0_sp36 s0_sp37" category="N" rule="fa"/>
    <span start="12" span="1" pos="NN" chunk="I-NP" entity="O" id="s0_sp36" surf="c" base="c" terminal="t0_12" category="N/N"/>
    <span id="s0_sp37" child="s0_sp38 s0_sp39" category="N" rule="fa"/>
    <span start="13" span="1" pos="NN" chunk="I-NP" entity="O" id="s0_sp38" surf="]" base="]" terminal="t0_13" category="N/N"/>
    <span id="s0_sp39" child="s0_sp40 s0_sp41" category="N" rule="fa"/>
    <span start="14" span="1" pos="NN" chunk="I-NP" entity="O" id="s0_sp40" surf="+" base="+" terminal="t0_14" category="N/N"/>
    <span start="15" span="1" pos="NNS" chunk="I-NP" entity="O" id="s0_sp41" surf="nums" base="num" terminal="t0_15" category="N"/>
    <span start="16" span="1" pos="VBP" chunk="I-VP" entity="O" id="s0_sp42" surf="[" base="[" terminal="t0_16" category="(S[dcl=true]\NP)/NP"/>
    <span id="s0_sp43" child="s0_sp44" category="NP" rule="lex"/>
    <span id="s0_sp44" child="s0_sp45 s0_sp46" category="N" rule="fa"/>
    <span start="17" span="1" pos="JJ" chunk="I-NP" entity="O" id="s0_sp45" surf="d" base="d" terminal="t0_17" category="N/N"/>
    <span id="s0_sp46" child="s0_sp47 s0_sp48" category="N" rule="fa"/>
    <span start="18" span="1" pos="NN" chunk="I-NP" entity="O" id="s0_sp47" surf="]" base="]" terminal="t0_18" category="N/N"/>
    <span id="s0_sp48" child="s0_sp49 s0_sp50" category="N" rule="fa"/>
    <span start="19" span="1" pos="NN" chunk="I-NP" entity="O" id="s0_sp49" surf="==" base="==" terminal="t0_19" category="N/N"/>
    <span start="20" span="1" pos="NN" chunk="I-NP" entity="O" id="s0_sp50" surf="target`" base="target`" terminal="t0_20" category="N"/>
  </ccg>
</sentence>

