ERROR:root:Failed to parse \x.((_ = {NNP})(x) & _3000`{CD}(x)). Error: The function '(_ = {NNP})' is not a Lambda Expression, an Application Expression, or a functional predicate, so it may not take arguments.
\x.((_ = {NNP})(x) & _3000`{CD}(x))
              ^
ERROR:root:An error occurred: The function '(_ = {NNP})' is not a Lambda Expression, an Application Expression, or a functional predicate, so it may not take arguments.
\x.((_ = {NNP})(x) & _3000`{CD}(x))
              ^
Sentence: `0 < = nums.length < = 3000`
Tree XML:
<sentence>
  <tokens>
    <token start="0" span="1" pos="CD" chunk="I-NP" entity="I-PER" cat="N/N" id="t0_0" surf="`0" base="`0"/>
    <token start="1" span="1" pos="NNP" chunk="I-NP" entity="I-PER" cat="N/N" id="t0_1" surf="&lt;" base="&lt;"/>
    <token start="2" span="1" pos="NNP" chunk="I-NP" entity="I-PER" cat="N/N" id="t0_2" surf="=" base="="/>
    <token start="3" span="1" pos="NNP" chunk="I-NP" entity="I-PER" cat="N/N" id="t0_3" surf="nums.length" base="nums.length"/>
    <token start="4" span="1" pos="NNP" chunk="I-NP" entity="I-PER" cat="N/N" id="t0_4" surf="&lt;" base="&lt;"/>
    <token start="5" span="1" pos="NNP" chunk="I-NP" entity="I-PER" cat="N" id="t0_5" surf="=" base="="/>
    <token start="6" span="1" pos="CD" chunk="I-NP" entity="I-PER" cat="N\N" id="t0_6" surf="3000`" base="3000`"/>
  </tokens>
  <ccg root="s0_sp0" id="s0_ccg0">
    <span root="true" id="s0_sp0" child="s0_sp1 s0_sp2" category="N" rule="fa"/>
    <span start="0" span="1" pos="CD" chunk="I-NP" entity="I-PER" id="s0_sp1" surf="`0" base="`0" terminal="t0_0" category="N/N"/>
    <span id="s0_sp2" child="s0_sp3 s0_sp4" category="N" rule="fa"/>
    <span start="1" span="1" pos="NNP" chunk="I-NP" entity="I-PER" id="s0_sp3" surf="&lt;" base="&lt;" terminal="t0_1" category="N/N"/>
    <span id="s0_sp4" child="s0_sp5 s0_sp6" category="N" rule="fa"/>
    <span start="2" span="1" pos="NNP" chunk="I-NP" entity="I-PER" id="s0_sp5" surf="=" base="=" terminal="t0_2" category="N/N"/>
    <span id="s0_sp6" child="s0_sp7 s0_sp8" category="N" rule="fa"/>
    <span start="3" span="1" pos="NNP" chunk="I-NP" entity="I-PER" id="s0_sp7" surf="nums.length" base="nums.length" terminal="t0_3" category="N/N"/>
    <span id="s0_sp8" child="s0_sp9 s0_sp10" category="N" rule="fa"/>
    <span start="4" span="1" pos="NNP" chunk="I-NP" entity="I-PER" id="s0_sp9" surf="&lt;" base="&lt;" terminal="t0_4" category="N/N"/>
    <span id="s0_sp10" child="s0_sp11 s0_sp12" category="N" rule="ba"/>
    <span start="5" span="1" pos="NNP" chunk="I-NP" entity="I-PER" id="s0_sp11" surf="=" base="=" terminal="t0_5" category="N"/>
    <span start="6" span="1" pos="CD" chunk="I-NP" entity="I-PER" id="s0_sp12" surf="3000`" base="3000`" terminal="t0_6" category="N\N"/>
  </ccg>
</sentence>

