ERROR:root:Failed to parse \M S K1.S(\e.((_ = {NNP})(e) & M(\K2.K2(e),\e.TrueP) & K1(e))). Error: The function '(_ = {NNP})' is not a Lambda Expression, an Application Expression, or a functional predicate, so it may not take arguments.
\M S K1.S(\e.((_ = {NNP})(e) & M(\K2.K2(e),\e.TrueP) & K1(e)))
                        ^
ERROR:root:An error occurred: The function '(_ = {NNP})' is not a Lambda Expression, an Application Expression, or a functional predicate, so it may not take arguments.
\M S K1.S(\e.((_ = {NNP})(e) & M(\K2.K2(e),\e.TrueP) & K1(e)))
                        ^
Sentence: = k` , and `nums [ i ] + nums [ j ] + nums [ k ] == 0` .
Tree XML:
<sentence>
  <tokens>
    <token start="0" span="1" pos="NNP" chunk="I-NP" entity="I-PER" cat="(S/S)/(S/S)" id="t0_0" surf="=" base="="/>
    <token start="1" span="1" pos="NNP" chunk="I-NP" entity="I-PER" cat="S/S" id="t0_1" surf="k`" base="k`"/>
    <token start="2" span="1" pos="," chunk="O" entity="O" cat="," id="t0_2" surf="," base=","/>
    <token start="3" span="1" pos="CC" chunk="O" entity="O" cat="NP" id="t0_3" surf="and" base="and"/>
    <token start="4" span="1" pos="VBZ" chunk="I-VP" entity="O" cat="(S[dcl]\NP)/NP" id="t0_4" surf="`nums" base="`nums"/>
    <token start="5" span="1" pos="NNP" chunk="I-NP" entity="O" cat="N/N" id="t0_5" surf="[" base="["/>
    <token start="6" span="1" pos="NNP" chunk="I-NP" entity="O" cat="N/N" id="t0_6" surf="i" base="i"/>
    <token start="7" span="1" pos="NNP" chunk="I-NP" entity="O" cat="N/N" id="t0_7" surf="]" base="]"/>
    <token start="8" span="1" pos="NNP" chunk="I-NP" entity="O" cat="N" id="t0_8" surf="+" base="+"/>
    <token start="9" span="1" pos="VBZ" chunk="I-VP" entity="O" cat="(S[dcl]\S[dcl])/NP" id="t0_9" surf="nums" base="num"/>
    <token start="10" span="1" pos="NNP" chunk="I-NP" entity="O" cat="N/N" id="t0_10" surf="[" base="["/>
    <token start="11" span="1" pos="NNP" chunk="I-NP" entity="O" cat="N/N" id="t0_11" surf="j" base="j"/>
    <token start="12" span="1" pos="NNP" chunk="I-NP" entity="O" cat="N/N" id="t0_12" surf="]" base="]"/>
    <token start="13" span="1" pos="NNP" chunk="I-NP" entity="O" cat="N" id="t0_13" surf="+" base="+"/>
    <token start="14" span="1" pos="VBZ" chunk="I-VP" entity="O" cat="(S[dcl]\S[dcl])/NP" id="t0_14" surf="nums" base="num"/>
    <token start="15" span="1" pos="NNP" chunk="I-NP" entity="O" cat="N/N" id="t0_15" surf="[" base="["/>
    <token start="16" span="1" pos="NNP" chunk="I-NP" entity="O" cat="N" id="t0_16" surf="k" base="k"/>
    <token start="17" span="1" pos="NNP" chunk="I-NP" entity="O" cat="(NP\NP)/(NP\NP)" id="t0_17" surf="]" base="]"/>
    <token start="18" span="1" pos="NNP" chunk="I-NP" entity="O" cat="(NP\NP)/N[num]" id="t0_18" surf="==" base="=="/>
    <token start="19" span="1" pos="CD" chunk="I-NP" entity="O" cat="N[num]" id="t0_19" surf="0`" base="0`"/>
    <token start="20" span="1" pos="." chunk="O" entity="O" cat="." id="t0_20" surf="." base="."/>
  </tokens>
  <ccg root="s0_sp0" id="s0_ccg0">
    <span root="true" id="s0_sp0" child="s0_sp1 s0_sp4" category="S[dcl=true]" rule="fa"/>
    <span id="s0_sp1" child="s0_sp2 s0_sp3" category="S[X=true]/S[X=true]" rule="fa"/>
    <span start="0" span="1" pos="NNP" chunk="I-NP" entity="I-PER" id="s0_sp2" surf="=" base="=" terminal="t0_0" category="(S/S)/(S/S)"/>
    <span start="1" span="1" pos="NNP" chunk="I-NP" entity="I-PER" id="s0_sp3" surf="k`" base="k`" terminal="t0_1" category="S/S"/>
    <span id="s0_sp4" child="s0_sp5 s0_sp6" category="S[dcl=true]" rule="lp"/>
    <span start="2" span="1" pos="," chunk="O" entity="O" id="s0_sp5" surf="," base="," terminal="t0_2" category="=true,"/>
    <span id="s0_sp6" child="s0_sp7 s0_sp30" category="S[dcl=true]" rule="ba"/>
    <span id="s0_sp7" child="s0_sp8 s0_sp20" category="S[dcl=true]" rule="ba"/>
    <span id="s0_sp8" child="s0_sp9 s0_sp10" category="S[dcl=true]" rule="ba"/>
    <span start="3" span="1" pos="CC" chunk="O" entity="O" id="s0_sp9" surf="and" base="and" terminal="t0_3" category="NP"/>
    <span id="s0_sp10" child="s0_sp11 s0_sp12" category="S[dcl=true]\NP" rule="fa"/>
    <span start="4" span="1" pos="VBZ" chunk="I-VP" entity="O" id="s0_sp11" surf="`nums" base="`nums" terminal="t0_4" category="(S[dcl=true]\NP)/NP"/>
    <span id="s0_sp12" child="s0_sp13" category="NP" rule="lex"/>
    <span id="s0_sp13" child="s0_sp14 s0_sp15" category="N" rule="fa"/>
    <span start="5" span="1" pos="NNP" chunk="I-NP" entity="O" id="s0_sp14" surf="[" base="[" terminal="t0_5" category="N/N"/>
    <span id="s0_sp15" child="s0_sp16 s0_sp17" category="N" rule="fa"/>
    <span start="6" span="1" pos="NNP" chunk="I-NP" entity="O" id="s0_sp16" surf="i" base="i" terminal="t0_6" category="N/N"/>
    <span id="s0_sp17" child="s0_sp18 s0_sp19" category="N" rule="fa"/>
    <span start="7" span="1" pos="NNP" chunk="I-NP" entity="O" id="s0_sp18" surf="]" base="]" terminal="t0_7" category="N/N"/>
    <span start="8" span="1" pos="NNP" chunk="I-NP" entity="O" id="s0_sp19" surf="+" base="+" terminal="t0_8" category="N"/>
    <span id="s0_sp20" child="s0_sp21 s0_sp22" category="S[dcl=true]\S[dcl=true]" rule="fa"/>
    <span start="9" span="1" pos="VBZ" chunk="I-VP" entity="O" id="s0_sp21" surf="nums" base="num" terminal="t0_9" category="(S[dcl=true]\S[dcl=true])/NP"/>
    <span id="s0_sp22" child="s0_sp23" category="NP" rule="lex"/>
    <span id="s0_sp23" child="s0_sp24 s0_sp25" category="N" rule="fa"/>
    <span start="10" span="1" pos="NNP" chunk="I-NP" entity="O" id="s0_sp24" surf="[" base="[" terminal="t0_10" category="N/N"/>
    <span id="s0_sp25" child="s0_sp26 s0_sp27" category="N" rule="fa"/>
    <span start="11" span="1" pos="NNP" chunk="I-NP" entity="O" id="s0_sp26" surf="j" base="j" terminal="t0_11" category="N/N"/>
    <span id="s0_sp27" child="s0_sp28 s0_sp29" category="N" rule="fa"/>
    <span start="12" span="1" pos="NNP" chunk="I-NP" entity="O" id="s0_sp28" surf="]" base="]" terminal="t0_12" category="N/N"/>
    <span start="13" span="1" pos="NNP" chunk="I-NP" entity="O" id="s0_sp29" surf="+" base="+" terminal="t0_13" category="N"/>
    <span id="s0_sp30" child="s0_sp31 s0_sp43" category="S[dcl=true]\S[dcl=true]" rule="rp"/>
    <span id="s0_sp31" child="s0_sp32 s0_sp33" category="S[dcl=true]\S[dcl=true]" rule="fa"/>
    <span start="14" span="1" pos="VBZ" chunk="I-VP" entity="O" id="s0_sp32" surf="nums" base="num" terminal="t0_14" category="(S[dcl=true]\S[dcl=true])/NP"/>
    <span id="s0_sp33" child="s0_sp34 s0_sp38" category="NP" rule="ba"/>
    <span id="s0_sp34" child="s0_sp35" category="NP" rule="lex"/>
    <span id="s0_sp35" child="s0_sp36 s0_sp37" category="N" rule="fa"/>
    <span start="15" span="1" pos="NNP" chunk="I-NP" entity="O" id="s0_sp36" surf="[" base="[" terminal="t0_15" category="N/N"/>
    <span start="16" span="1" pos="NNP" chunk="I-NP" entity="O" id="s0_sp37" surf="k" base="k" terminal="t0_16" category="N"/>
    <span id="s0_sp38" child="s0_sp39 s0_sp40" category="NP\NP" rule="fa"/>
    <span start="17" span="1" pos="NNP" chunk="I-NP" entity="O" id="s0_sp39" surf="]" base="]" terminal="t0_17" category="(NP\NP)/(NP\NP)"/>
    <span id="s0_sp40" child="s0_sp41 s0_sp42" category="NP\NP" rule="fa"/>
    <span start="18" span="1" pos="NNP" chunk="I-NP" entity="O" id="s0_sp41" surf="==" base="==" terminal="t0_18" category="(NP\NP)/N[num=true]"/>
    <span start="19" span="1" pos="CD" chunk="I-NP" entity="O" id="s0_sp42" surf="0`" base="0`" terminal="t0_19" category="N[num=true]"/>
    <span start="20" span="1" pos="." chunk="O" entity="O" id="s0_sp43" surf="." base="." terminal="t0_20" category="."/>
  </ccg>
</sentence>

