ERROR:root:Failed to parse \F x.(F(x) & (_ = {NNP})(x)). Error: The function '(_ = {NNP})' is not a Lambda Expression, an Application Expression, or a functional predicate, so it may not take arguments.
\F x.(F(x) & (_ = {NNP})(x))
                       ^
ERROR:root:An error occurred: The function '(_ = {NNP})' is not a Lambda Expression, an Application Expression, or a functional predicate, so it may not take arguments.
\F x.(F(x) & (_ = {NNP})(x))
                       ^
Sentence: = k` , and `j !
Tree XML:
<sentence>
  <tokens>
    <token start="0" span="1" pos="NNP" chunk="I-NP" entity="I-PER" cat="N/N" id="t0_0" surf="=" base="="/>
    <token start="1" span="1" pos="NNP" chunk="I-NP" entity="I-PER" cat="N" id="t0_1" surf="k`" base="k`"/>
    <token start="2" span="1" pos="," chunk="O" entity="O" cat="," id="t0_2" surf="," base=","/>
    <token start="3" span="1" pos="CC" chunk="O" entity="O" cat="conj" id="t0_3" surf="and" base="and"/>
    <token start="4" span="1" pos="NN" chunk="I-NP" entity="O" cat="N" id="t0_4" surf="`j" base="`j"/>
    <token start="5" span="1" pos="." chunk="O" entity="O" cat="." id="t0_5" surf="!" base="!"/>
  </tokens>
  <ccg root="s0_sp0" id="s0_ccg0">
    <span root="true" id="s0_sp0" child="s0_sp1 s0_sp12" category="NP" rule="rp"/>
    <span id="s0_sp1" child="s0_sp2 s0_sp8" category="NP" rule="ba"/>
    <span id="s0_sp2" child="s0_sp3 s0_sp7" category="NP" rule="rp"/>
    <span id="s0_sp3" child="s0_sp4" category="NP" rule="lex"/>
    <span id="s0_sp4" child="s0_sp5 s0_sp6" category="N" rule="fa"/>
    <span start="0" span="1" pos="NNP" chunk="I-NP" entity="I-PER" id="s0_sp5" surf="=" base="=" terminal="t0_0" category="N/N"/>
    <span start="1" span="1" pos="NNP" chunk="I-NP" entity="I-PER" id="s0_sp6" surf="k`" base="k`" terminal="t0_1" category="N"/>
    <span start="2" span="1" pos="," chunk="O" entity="O" id="s0_sp7" surf="," base="," terminal="t0_2" category="=true,"/>
    <span id="s0_sp8" child="s0_sp9 s0_sp10" category="NP\NP" rule="conj"/>
    <span start="3" span="1" pos="CC" chunk="O" entity="O" id="s0_sp9" surf="and" base="and" terminal="t0_3" category="conj"/>
    <span id="s0_sp10" child="s0_sp11" category="NP" rule="lex"/>
    <span start="4" span="1" pos="NN" chunk="I-NP" entity="O" id="s0_sp11" surf="`j" base="`j" terminal="t0_4" category="N"/>
    <span start="5" span="1" pos="." chunk="O" entity="O" id="s0_sp12" surf="!" base="!" terminal="t0_5" category="."/>
  </ccg>
</sentence>

