ERROR:root:Failed to parse \Q K.Q(\x.TrueP,\x.exists e.((_ = {VBD})(e) & (Subj(e) = x) & K(e))). Error: The function '(_ = {VBD})' is not a Lambda Expression, an Application Expression, or a functional predicate, so it may not take arguments.
\Q K.Q(\x.TrueP,\x.exists e.((_ = {VBD})(e) & (Subj(e) = x) & K(e)))
                                       ^
ERROR:root:An error occurred: The function '(_ = {VBD})' is not a Lambda Expression, an Application Expression, or a functional predicate, so it may not take arguments.
\Q K.Q(\x.TrueP,\x.exists e.((_ = {VBD})(e) & (Subj(e) = x) & K(e)))
                                       ^
Sentence: 1 < sup > 2 < /sup > + 0 < sup > 2 < /sup > + 0 < sup > 2 < /sup > = 1
Tree XML:
<sentence>
  <tokens>
    <token start="0" span="1" pos="CD" chunk="I-NP" entity="I-TIM" cat="N/N" id="t0_0" surf="1" base="1"/>
    <token start="1" span="1" pos="NN" chunk="I-NP" entity="I-TIM" cat="N/N" id="t0_1" surf="&lt;" base="&lt;"/>
    <token start="2" span="1" pos="NN" chunk="I-NP" entity="I-TIM" cat="N" id="t0_2" surf="sup" base="sup"/>
    <token start="3" span="1" pos="VBD" chunk="I-VP" entity="I-TIM" cat="S[dcl]\NP" id="t0_3" surf="&gt;" base="&gt;"/>
    <token start="4" span="1" pos="CD" chunk="I-NP" entity="I-TIM" cat="N/N" id="t0_4" surf="2" base="2"/>
    <token start="5" span="1" pos="JJ" chunk="I-NP" entity="I-TIM" cat="N/N" id="t0_5" surf="&lt;" base="&lt;"/>
    <token start="6" span="1" pos="NN" chunk="I-NP" entity="I-TIM" cat="N/N" id="t0_6" surf="/sup" base="/sup"/>
    <token start="7" span="1" pos="NNS" chunk="I-NP" entity="I-TIM" cat="N" id="t0_7" surf="&gt;" base="&gt;"/>
    <token start="8" span="1" pos="VBP" chunk="I-VP" entity="I-TIM" cat="(S[dcl]\NP)/NP" id="t0_8" surf="+" base="+"/>
    <token start="9" span="1" pos="CD" chunk="I-NP" entity="I-TIM" cat="N/N" id="t0_9" surf="0" base="0"/>
    <token start="10" span="1" pos="JJ" chunk="I-NP" entity="I-TIM" cat="N/N" id="t0_10" surf="&lt;" base="&lt;"/>
    <token start="11" span="1" pos="NN" chunk="I-NP" entity="I-TIM" cat="N" id="t0_11" surf="sup" base="sup"/>
    <token start="12" span="1" pos="VBD" chunk="I-VP" entity="I-TIM" cat="(S[dcl]\NP)/NP" id="t0_12" surf="&gt;" base="&gt;"/>
    <token start="13" span="1" pos="CD" chunk="I-NP" entity="I-TIM" cat="N/N" id="t0_13" surf="2" base="2"/>
    <token start="14" span="1" pos="JJ" chunk="I-NP" entity="I-TIM" cat="N/N" id="t0_14" surf="&lt;" base="&lt;"/>
    <token start="15" span="1" pos="NN" chunk="I-NP" entity="I-TIM" cat="N/N" id="t0_15" surf="/sup" base="/sup"/>
    <token start="16" span="1" pos="NNS" chunk="I-NP" entity="I-TIM" cat="N" id="t0_16" surf="&gt;" base="&gt;"/>
    <token start="17" span="1" pos="VBP" chunk="I-VP" entity="I-TIM" cat="(S[dcl]\NP)/NP" id="t0_17" surf="+" base="+"/>
    <token start="18" span="1" pos="CD" chunk="I-NP" entity="I-TIM" cat="N/N" id="t0_18" surf="0" base="0"/>
    <token start="19" span="1" pos="JJ" chunk="I-NP" entity="I-TIM" cat="N/N" id="t0_19" surf="&lt;" base="&lt;"/>
    <token start="20" span="1" pos="NN" chunk="I-NP" entity="I-TIM" cat="N" id="t0_20" surf="sup" base="sup"/>
    <token start="21" span="1" pos="VBD" chunk="I-VP" entity="I-TIM" cat="(S[dcl]\NP)/NP" id="t0_21" surf="&gt;" base="&gt;"/>
    <token start="22" span="1" pos="CD" chunk="I-NP" entity="I-TIM" cat="N/N" id="t0_22" surf="2" base="2"/>
    <token start="23" span="1" pos="JJ" chunk="I-NP" entity="I-TIM" cat="N/N" id="t0_23" surf="&lt;" base="&lt;"/>
    <token start="24" span="1" pos="NN" chunk="I-NP" entity="I-TIM" cat="N/N" id="t0_24" surf="/sup" base="/sup"/>
    <token start="25" span="1" pos="NN" chunk="I-NP" entity="I-TIM" cat="N" id="t0_25" surf="&gt;" base="&gt;"/>
    <token start="26" span="1" pos="VBD" chunk="I-VP" entity="I-TIM" cat="S[dcl]\NP" id="t0_26" surf="=" base="="/>
    <token start="27" span="1" pos="CD" chunk="I-NP" entity="I-TIM" cat="(S\NP)\(S\NP)" id="t0_27" surf="1" base="1"/>
  </tokens>
  <ccg root="s0_sp0" id="s0_ccg0">
    <span root="true" id="s0_sp0" child="s0_sp1 s0_sp66" category="S[dcl=true]" rule="ba"/>
    <span id="s0_sp1" child="s0_sp2 s0_sp35" category="NP" rule="ba"/>
    <span id="s0_sp2" child="s0_sp3 s0_sp25" category="NP" rule="ba"/>
    <span id="s0_sp3" child="s0_sp4 s0_sp13" category="NP" rule="ba"/>
    <span id="s0_sp4" child="s0_sp5 s0_sp11" category="NP" rule="ba"/>
    <span id="s0_sp5" child="s0_sp6" category="NP" rule="lex"/>
    <span id="s0_sp6" child="s0_sp7 s0_sp8" category="N" rule="fa"/>
    <span start="0" span="1" pos="CD" chunk="I-NP" entity="I-TIM" id="s0_sp7" surf="1" base="1" terminal="t0_0" category="N/N"/>
    <span id="s0_sp8" child="s0_sp9 s0_sp10" category="N" rule="fa"/>
    <span start="1" span="1" pos="NN" chunk="I-NP" entity="I-TIM" id="s0_sp9" surf="&lt;" base="&lt;" terminal="t0_1" category="N/N"/>
    <span start="2" span="1" pos="NN" chunk="I-NP" entity="I-TIM" id="s0_sp10" surf="sup" base="sup" terminal="t0_2" category="N"/>
    <span id="s0_sp11" child="s0_sp12" category="NP\NP" rule="lex"/>
    <span start="3" span="1" pos="VBD" chunk="I-VP" entity="I-TIM" id="s0_sp12" surf="&gt;" base="&gt;" terminal="t0_3" category="S[dcl=true]\NP"/>
    <span id="s0_sp13" child="s0_sp14" category="NP\NP" rule="lex"/>
    <span id="s0_sp14" child="s0_sp15 s0_sp24" category="S[dcl=true]/NP" rule="fc"/>
    <span id="s0_sp15" child="s0_sp16" category="S[X=true]/(S[X=true]\NP)" rule="tr"/>
    <span id="s0_sp16" child="s0_sp17" category="NP" rule="lex"/>
    <span id="s0_sp17" child="s0_sp18 s0_sp19" category="N" rule="fa"/>
    <span start="4" span="1" pos="CD" chunk="I-NP" entity="I-TIM" id="s0_sp18" surf="2" base="2" terminal="t0_4" category="N/N"/>
    <span id="s0_sp19" child="s0_sp20 s0_sp21" category="N" rule="fa"/>
    <span start="5" span="1" pos="JJ" chunk="I-NP" entity="I-TIM" id="s0_sp20" surf="&lt;" base="&lt;" terminal="t0_5" category="N/N"/>
    <span id="s0_sp21" child="s0_sp22 s0_sp23" category="N" rule="fa"/>
    <span start="6" span="1" pos="NN" chunk="I-NP" entity="I-TIM" id="s0_sp22" surf="/sup" base="/sup" terminal="t0_6" category="N/N"/>
    <span start="7" span="1" pos="NNS" chunk="I-NP" entity="I-TIM" id="s0_sp23" surf="&gt;" base="&gt;" terminal="t0_7" category="N"/>
    <span start="8" span="1" pos="VBP" chunk="I-VP" entity="I-TIM" id="s0_sp24" surf="+" base="+" terminal="t0_8" category="(S[dcl=true]\NP)/NP"/>
    <span id="s0_sp25" child="s0_sp26" category="NP\NP" rule="lex"/>
    <span id="s0_sp26" child="s0_sp27 s0_sp34" category="S[dcl=true]/NP" rule="fc"/>
    <span id="s0_sp27" child="s0_sp28" category="S[X=true]/(S[X=true]\NP)" rule="tr"/>
    <span id="s0_sp28" child="s0_sp29" category="NP" rule="lex"/>
    <span id="s0_sp29" child="s0_sp30 s0_sp31" category="N" rule="fa"/>
    <span start="9" span="1" pos="CD" chunk="I-NP" entity="I-TIM" id="s0_sp30" surf="0" base="0" terminal="t0_9" category="N/N"/>
    <span id="s0_sp31" child="s0_sp32 s0_sp33" category="N" rule="fa"/>
    <span start="10" span="1" pos="JJ" chunk="I-NP" entity="I-TIM" id="s0_sp32" surf="&lt;" base="&lt;" terminal="t0_10" category="N/N"/>
    <span start="11" span="1" pos="NN" chunk="I-NP" entity="I-TIM" id="s0_sp33" surf="sup" base="sup" terminal="t0_11" category="N"/>
    <span start="12" span="1" pos="VBD" chunk="I-VP" entity="I-TIM" id="s0_sp34" surf="&gt;" base="&gt;" terminal="t0_12" category="(S[dcl=true]\NP)/NP"/>
    <span id="s0_sp35" child="s0_sp36" category="NP\NP" rule="lex"/>
    <span id="s0_sp36" child="s0_sp37 s0_sp48" category="S[dcl=true]/NP" rule="bx"/>
    <span id="s0_sp37" child="s0_sp38 s0_sp47" category="S[dcl=true]/NP" rule="fc"/>
    <span id="s0_sp38" child="s0_sp39" category="S[X=true]/(S[X=true]\NP)" rule="tr"/>
    <span id="s0_sp39" child="s0_sp40" category="NP" rule="lex"/>
    <span id="s0_sp40" child="s0_sp41 s0_sp42" category="N" rule="fa"/>
    <span start="13" span="1" pos="CD" chunk="I-NP" entity="I-TIM" id="s0_sp41" surf="2" base="2" terminal="t0_13" category="N/N"/>
    <span id="s0_sp42" child="s0_sp43 s0_sp44" category="N" rule="fa"/>
    <span start="14" span="1" pos="JJ" chunk="I-NP" entity="I-TIM" id="s0_sp43" surf="&lt;" base="&lt;" terminal="t0_14" category="N/N"/>
    <span id="s0_sp44" child="s0_sp45 s0_sp46" category="N" rule="fa"/>
    <span start="15" span="1" pos="NN" chunk="I-NP" entity="I-TIM" id="s0_sp45" surf="/sup" base="/sup" terminal="t0_15" category="N/N"/>
    <span start="16" span="1" pos="NNS" chunk="I-NP" entity="I-TIM" id="s0_sp46" surf="&gt;" base="&gt;" terminal="t0_16" category="N"/>
    <span start="17" span="1" pos="VBP" chunk="I-VP" entity="I-TIM" id="s0_sp47" surf="+" base="+" terminal="t0_17" category="(S[dcl=true]\NP)/NP"/>
    <span id="s0_sp48" child="s0_sp49" category="S[X=true]\S[X=true]" rule="lex"/>
    <span id="s0_sp49" child="s0_sp50 s0_sp56" category="S[dcl=true]" rule="ba"/>
    <span id="s0_sp50" child="s0_sp51" category="NP" rule="lex"/>
    <span id="s0_sp51" child="s0_sp52 s0_sp53" category="N" rule="fa"/>
    <span start="18" span="1" pos="CD" chunk="I-NP" entity="I-TIM" id="s0_sp52" surf="0" base="0" terminal="t0_18" category="N/N"/>
    <span id="s0_sp53" child="s0_sp54 s0_sp55" category="N" rule="fa"/>
    <span start="19" span="1" pos="JJ" chunk="I-NP" entity="I-TIM" id="s0_sp54" surf="&lt;" base="&lt;" terminal="t0_19" category="N/N"/>
    <span start="20" span="1" pos="NN" chunk="I-NP" entity="I-TIM" id="s0_sp55" surf="sup" base="sup" terminal="t0_20" category="N"/>
    <span id="s0_sp56" child="s0_sp57 s0_sp58" category="S[dcl=true]\NP" rule="fa"/>
    <span start="21" span="1" pos="VBD" chunk="I-VP" entity="I-TIM" id="s0_sp57" surf="&gt;" base="&gt;" terminal="t0_21" category="(S[dcl=true]\NP)/NP"/>
    <span id="s0_sp58" child="s0_sp59" category="NP" rule="lex"/>
    <span id="s0_sp59" child="s0_sp60 s0_sp61" category="N" rule="fa"/>
    <span start="22" span="1" pos="CD" chunk="I-NP" entity="I-TIM" id="s0_sp60" surf="2" base="2" terminal="t0_22" category="N/N"/>
    <span id="s0_sp61" child="s0_sp62 s0_sp63" category="N" rule="fa"/>
    <span start="23" span="1" pos="JJ" chunk="I-NP" entity="I-TIM" id="s0_sp62" surf="&lt;" base="&lt;" terminal="t0_23" category="N/N"/>
    <span id="s0_sp63" child="s0_sp64 s0_sp65" category="N" rule="fa"/>
    <span start="24" span="1" pos="NN" chunk="I-NP" entity="I-TIM" id="s0_sp64" surf="/sup" base="/sup" terminal="t0_24" category="N/N"/>
    <span start="25" span="1" pos="NN" chunk="I-NP" entity="I-TIM" id="s0_sp65" surf="&gt;" base="&gt;" terminal="t0_25" category="N"/>
    <span id="s0_sp66" child="s0_sp67 s0_sp68" category="S[dcl=true]\NP" rule="ba"/>
    <span start="26" span="1" pos="VBD" chunk="I-VP" entity="I-TIM" id="s0_sp67" surf="=" base="=" terminal="t0_26" category="S[dcl=true]\NP"/>
    <span start="27" span="1" pos="CD" chunk="I-NP" entity="I-TIM" id="s0_sp68" surf="1" base="1" terminal="t0_27" category="(S\NP)\(S\NP)"/>
  </ccg>
</sentence>

