ERROR:root:Failed to parse \Q1 Q2 K.Q2(\x.TrueP,\x.Q1(\y.TrueP,\y.exists e.((_ = {VBZ})(e) & (Subj(e) = x) & (Acc(e) = y) & K(e)))). Error: The function '(_ = {VBZ})' is not a Lambda Expression, an Application Expression, or a functional predicate, so it may not take arguments.
\Q1 Q2 K.Q2(\x.TrueP,\x.Q1(\y.TrueP,\y.exists e.((_ = {VBZ})(e) & (Subj(e) = x) & (Acc(e) = y) & K(e))))
                                                           ^
ERROR:root:An error occurred: The function '(_ = {VBZ})' is not a Lambda Expression, an Application Expression, or a functional predicate, so it may not take arguments.
\Q1 Q2 K.Q2(\x.TrueP,\x.Q1(\y.TrueP,\y.exists e.((_ = {VBZ})(e) & (Subj(e) = x) & (Acc(e) = y) & K(e))))
                                                           ^
Sentence: 1 < sup > 2 < /sup > + 9 < sup > 2 < /sup > = 82
Tree XML:
<sentence>
  <tokens>
    <token start="0" span="1" pos="CD" chunk="I-NP" entity="I-TIM" cat="N/N" id="t0_0" surf="1" base="1"/>
    <token start="1" span="1" pos="NN" chunk="I-NP" entity="I-TIM" cat="N/N" id="t0_1" surf="&lt;" base="&lt;"/>
    <token start="2" span="1" pos="NN" chunk="I-NP" entity="I-TIM" cat="N" id="t0_2" surf="sup" base="sup"/>
    <token start="3" span="1" pos="VBD" chunk="I-VP" entity="I-TIM" cat="S[dcl]\NP" id="t0_3" surf="&gt;" base="&gt;"/>
    <token start="4" span="1" pos="CD" chunk="I-NP" entity="I-TIM" cat="N/N" id="t0_4" surf="2" base="2"/>
    <token start="5" span="1" pos="JJ" chunk="I-NP" entity="I-TIM" cat="N/N" id="t0_5" surf="&lt;" base="&lt;"/>
    <token start="6" span="1" pos="NN" chunk="I-NP" entity="I-TIM" cat="N/N" id="t0_6" surf="/sup" base="/sup"/>
    <token start="7" span="1" pos="NN" chunk="I-NP" entity="I-TIM" cat="N" id="t0_7" surf="&gt;" base="&gt;"/>
    <token start="8" span="1" pos="VBD" chunk="I-VP" entity="I-TIM" cat="(S[dcl]\NP)/NP" id="t0_8" surf="+" base="+"/>
    <token start="9" span="1" pos="CD" chunk="I-NP" entity="I-TIM" cat="N/N" id="t0_9" surf="9" base="9"/>
    <token start="10" span="1" pos="NN" chunk="I-NP" entity="I-TIM" cat="N/N" id="t0_10" surf="&lt;" base="&lt;"/>
    <token start="11" span="1" pos="NN" chunk="I-NP" entity="I-TIM" cat="N" id="t0_11" surf="sup" base="sup"/>
    <token start="12" span="1" pos="VBD" chunk="I-VP" entity="I-TIM" cat="(S[dcl]\NP)/NP" id="t0_12" surf="&gt;" base="&gt;"/>
    <token start="13" span="1" pos="CD" chunk="I-NP" entity="I-TIM" cat="N/N" id="t0_13" surf="2" base="2"/>
    <token start="14" span="1" pos="JJ" chunk="I-NP" entity="I-TIM" cat="N/N" id="t0_14" surf="&lt;" base="&lt;"/>
    <token start="15" span="1" pos="NN" chunk="I-NP" entity="I-TIM" cat="N/N" id="t0_15" surf="/sup" base="/sup"/>
    <token start="16" span="1" pos="NN" chunk="I-NP" entity="I-TIM" cat="N" id="t0_16" surf="&gt;" base="&gt;"/>
    <token start="17" span="1" pos="VBZ" chunk="I-VP" entity="I-TIM" cat="(S[dcl]\NP)/NP" id="t0_17" surf="=" base="="/>
    <token start="18" span="1" pos="CD" chunk="I-NP" entity="I-TIM" cat="N" id="t0_18" surf="82" base="82"/>
  </tokens>
  <ccg root="s0_sp0" id="s0_ccg0">
    <span root="true" id="s0_sp0" child="s0_sp1 s0_sp42" category="S[dcl=true]" rule="ba"/>
    <span id="s0_sp1" child="s0_sp2 s0_sp11" category="NP" rule="ba"/>
    <span id="s0_sp2" child="s0_sp3 s0_sp9" category="NP" rule="ba"/>
    <span id="s0_sp3" child="s0_sp4" category="NP" rule="lex"/>
    <span id="s0_sp4" child="s0_sp5 s0_sp6" category="N" rule="fa"/>
    <span start="0" span="1" pos="CD" chunk="I-NP" entity="I-TIM" id="s0_sp5" surf="1" base="1" terminal="t0_0" category="N/N"/>
    <span id="s0_sp6" child="s0_sp7 s0_sp8" category="N" rule="fa"/>
    <span start="1" span="1" pos="NN" chunk="I-NP" entity="I-TIM" id="s0_sp7" surf="&lt;" base="&lt;" terminal="t0_1" category="N/N"/>
    <span start="2" span="1" pos="NN" chunk="I-NP" entity="I-TIM" id="s0_sp8" surf="sup" base="sup" terminal="t0_2" category="N"/>
    <span id="s0_sp9" child="s0_sp10" category="NP\NP" rule="lex"/>
    <span start="3" span="1" pos="VBD" chunk="I-VP" entity="I-TIM" id="s0_sp10" surf="&gt;" base="&gt;" terminal="t0_3" category="S[dcl=true]\NP"/>
    <span id="s0_sp11" child="s0_sp12" category="NP\NP" rule="lex"/>
    <span id="s0_sp12" child="s0_sp13 s0_sp24" category="S[dcl=true]/NP" rule="bx"/>
    <span id="s0_sp13" child="s0_sp14 s0_sp23" category="S[dcl=true]/NP" rule="fc"/>
    <span id="s0_sp14" child="s0_sp15" category="S[X=true]/(S[X=true]\NP)" rule="tr"/>
    <span id="s0_sp15" child="s0_sp16" category="NP" rule="lex"/>
    <span id="s0_sp16" child="s0_sp17 s0_sp18" category="N" rule="fa"/>
    <span start="4" span="1" pos="CD" chunk="I-NP" entity="I-TIM" id="s0_sp17" surf="2" base="2" terminal="t0_4" category="N/N"/>
    <span id="s0_sp18" child="s0_sp19 s0_sp20" category="N" rule="fa"/>
    <span start="5" span="1" pos="JJ" chunk="I-NP" entity="I-TIM" id="s0_sp19" surf="&lt;" base="&lt;" terminal="t0_5" category="N/N"/>
    <span id="s0_sp20" child="s0_sp21 s0_sp22" category="N" rule="fa"/>
    <span start="6" span="1" pos="NN" chunk="I-NP" entity="I-TIM" id="s0_sp21" surf="/sup" base="/sup" terminal="t0_6" category="N/N"/>
    <span start="7" span="1" pos="NN" chunk="I-NP" entity="I-TIM" id="s0_sp22" surf="&gt;" base="&gt;" terminal="t0_7" category="N"/>
    <span start="8" span="1" pos="VBD" chunk="I-VP" entity="I-TIM" id="s0_sp23" surf="+" base="+" terminal="t0_8" category="(S[dcl=true]\NP)/NP"/>
    <span id="s0_sp24" child="s0_sp25" category="S[X=true]\S[X=true]" rule="lex"/>
    <span id="s0_sp25" child="s0_sp26 s0_sp32" category="S[dcl=true]" rule="ba"/>
    <span id="s0_sp26" child="s0_sp27" category="NP" rule="lex"/>
    <span id="s0_sp27" child="s0_sp28 s0_sp29" category="N" rule="fa"/>
    <span start="9" span="1" pos="CD" chunk="I-NP" entity="I-TIM" id="s0_sp28" surf="9" base="9" terminal="t0_9" category="N/N"/>
    <span id="s0_sp29" child="s0_sp30 s0_sp31" category="N" rule="fa"/>
    <span start="10" span="1" pos="NN" chunk="I-NP" entity="I-TIM" id="s0_sp30" surf="&lt;" base="&lt;" terminal="t0_10" category="N/N"/>
    <span start="11" span="1" pos="NN" chunk="I-NP" entity="I-TIM" id="s0_sp31" surf="sup" base="sup" terminal="t0_11" category="N"/>
    <span id="s0_sp32" child="s0_sp33 s0_sp34" category="S[dcl=true]\NP" rule="fa"/>
    <span start="12" span="1" pos="VBD" chunk="I-VP" entity="I-TIM" id="s0_sp33" surf="&gt;" base="&gt;" terminal="t0_12" category="(S[dcl=true]\NP)/NP"/>
    <span id="s0_sp34" child="s0_sp35" category="NP" rule="lex"/>
    <span id="s0_sp35" child="s0_sp36 s0_sp37" category="N" rule="fa"/>
    <span start="13" span="1" pos="CD" chunk="I-NP" entity="I-TIM" id="s0_sp36" surf="2" base="2" terminal="t0_13" category="N/N"/>
    <span id="s0_sp37" child="s0_sp38 s0_sp39" category="N" rule="fa"/>
    <span start="14" span="1" pos="JJ" chunk="I-NP" entity="I-TIM" id="s0_sp38" surf="&lt;" base="&lt;" terminal="t0_14" category="N/N"/>
    <span id="s0_sp39" child="s0_sp40 s0_sp41" category="N" rule="fa"/>
    <span start="15" span="1" pos="NN" chunk="I-NP" entity="I-TIM" id="s0_sp40" surf="/sup" base="/sup" terminal="t0_15" category="N/N"/>
    <span start="16" span="1" pos="NN" chunk="I-NP" entity="I-TIM" id="s0_sp41" surf="&gt;" base="&gt;" terminal="t0_16" category="N"/>
    <span id="s0_sp42" child="s0_sp43 s0_sp44" category="S[dcl=true]\NP" rule="fa"/>
    <span start="17" span="1" pos="VBZ" chunk="I-VP" entity="I-TIM" id="s0_sp43" surf="=" base="=" terminal="t0_17" category="(S[dcl=true]\NP)/NP"/>
    <span id="s0_sp44" child="s0_sp45" category="NP" rule="lex"/>
    <span start="18" span="1" pos="CD" chunk="I-NP" entity="I-TIM" id="s0_sp45" surf="82" base="82" terminal="t0_18" category="N"/>
  </ccg>
</sentence>

