ERROR:root:Failed to parse \F1 F2.(exists x.(_index{NN}(x) & exists z2.(exists e.(_first{JJ}(e) & (Subj(e) = z2) & _occurrence{NN}(z2)) & exists z1.(_needle{NN}(z1) & TrueP & exists e.(_of{IN}(e,z1) & (Subj(e) = z2) & TrueP)) & exists e.(_of{IN}(e,z2) & (Subj(e) = x) & exists z3.(_haystack{NN}(z3) & TrueP & exists e.(_in{IN}(e,z3) & (Subj(e) = x) & F1(x))))) & F2(x)) & \F8.(exists x.(_index{NN}(x) & exists z2.(exists e.(_first{JJ}(e) & (Subj(e) = z2) & _occurrence{NN}(z2)) & exists z1.(_needle{NN}(z1) & TrueP & exists e.(_of{IN}(e,z1) & (Subj(e) = z2) & TrueP)) & exists e.(_of{IN}(e,z2) & (Subj(e) = x) & F1(x))) & F2(x))(F8) & F1(\x.(exists e.(_`_dash_1`{JJ}(e) & (Subj(e) = x) & TrueP) & F2(x)),F8))). Error: The function '(_index{NN}(x) & exists z2.(exists e.(_first{JJ}(e) & (Subj(e) = z2) & _occurrence{NN}(z2)) & exists z1.(_needle{NN}(z1) & TrueP & exists e.(_of{IN}(e,z1) & (Subj(e) = z2) & TrueP)) & exists e.(_of{IN}(e,z2) & (Subj(e) = x) & F1(x))) & F2(x))' is not a Lambda Expression, an Application Expression, or a functional predicate, so it may not take arguments.
\F1 F2.(exists x.(_index{NN}(x) & exists z2.(exists e.(_first{JJ}(e) & (Subj(e) = z2) & _occurrence{NN}(z2)) & exists z1.(_needle{NN}(z1) & TrueP & exists e.(_of{IN}(e,z1) & (Subj(e) = z2) & TrueP)) & exists e.(_of{IN}(e,z2) & (Subj(e) = x) & exists z3.(_haystack{NN}(z3) & TrueP & exists e.(_in{IN}(e,z3) & (Subj(e) = x) & F1(x))))) & F2(x)) & \F8.(exists x.(_index{NN}(x) & exists z2.(exists e.(_first{JJ}(e) & (Subj(e) = z2) & _occurrence{NN}(z2)) & exists z1.(_needle{NN}(z1) & TrueP & exists e.(_of{IN}(e,z1) & (Subj(e) = z2) & TrueP)) & exists e.(_of{IN}(e,z2) & (Subj(e) = x) & F1(x))) & F2(x))(F8) & F1(\x.(exists e.(_`_dash_1`{JJ}(e) & (Subj(e) = x) & TrueP) & F2(x)),F8)))
                                                                                                                                                                                                                                                                                                                                                                                                                                                                                                                                                                                                                        ^
ERROR:root:An error occurred: The function '(_index{NN}(x) & exists z2.(exists e.(_first{JJ}(e) & (Subj(e) = z2) & _occurrence{NN}(z2)) & exists z1.(_needle{NN}(z1) & TrueP & exists e.(_of{IN}(e,z1) & (Subj(e) = z2) & TrueP)) & exists e.(_of{IN}(e,z2) & (Subj(e) = x) & F1(x))) & F2(x))' is not a Lambda Expression, an Application Expression, or a functional predicate, so it may not take arguments.
\F1 F2.(exists x.(_index{NN}(x) & exists z2.(exists e.(_first{JJ}(e) & (Subj(e) = z2) & _occurrence{NN}(z2)) & exists z1.(_needle{NN}(z1) & TrueP & exists e.(_of{IN}(e,z1) & (Subj(e) = z2) & TrueP)) & exists e.(_of{IN}(e,z2) & (Subj(e) = x) & exists z3.(_haystack{NN}(z3) & TrueP & exists e.(_in{IN}(e,z3) & (Subj(e) = x) & F1(x))))) & F2(x)) & \F8.(exists x.(_index{NN}(x) & exists z2.(exists e.(_first{JJ}(e) & (Subj(e) = z2) & _occurrence{NN}(z2)) & exists z1.(_needle{NN}(z1) & TrueP & exists e.(_of{IN}(e,z1) & (Subj(e) = z2) & TrueP)) & exists e.(_of{IN}(e,z2) & (Subj(e) = x) & F1(x))) & F2(x))(F8) & F1(\x.(exists e.(_`_dash_1`{JJ}(e) & (Subj(e) = x) & TrueP) & F2(x)),F8)))
                                                                                                                                                                                                                                                                                                                                                                                                                                                                                                                                                                                                                        ^
Sentence: Return the index of the first occurrence of needle in haystack , or `-1` if `needle` is not part of `haystack` .
Tree XML:
<sentence>
  <tokens>
    <token start="0" span="1" pos="VB" chunk="I-VP" entity="O" cat="(S[b]\NP)/NP" id="t0_0" surf="Return" base="return"/>
    <token start="1" span="1" pos="DT" chunk="I-NP" entity="O" cat="NP[nb]/N" id="t0_1" surf="the" base="the"/>
    <token start="2" span="1" pos="NN" chunk="I-NP" entity="O" cat="N" id="t0_2" surf="index" base="index"/>
    <token start="3" span="1" pos="IN" chunk="I-PP" entity="O" cat="(NP\NP)/NP" id="t0_3" surf="of" base="of"/>
    <token start="4" span="1" pos="DT" chunk="I-NP" entity="O" cat="NP[nb]/N" id="t0_4" surf="the" base="the"/>
    <token start="5" span="1" pos="JJ" chunk="I-NP" entity="O" cat="N/N" id="t0_5" surf="first" base="first"/>
    <token start="6" span="1" pos="NN" chunk="I-NP" entity="O" cat="N" id="t0_6" surf="occurrence" base="occurrence"/>
    <token start="7" span="1" pos="IN" chunk="I-PP" entity="O" cat="(NP\NP)/NP" id="t0_7" surf="of" base="of"/>
    <token start="8" span="1" pos="NN" chunk="I-NP" entity="O" cat="N" id="t0_8" surf="needle" base="needle"/>
    <token start="9" span="1" pos="IN" chunk="I-PP" entity="O" cat="(NP\NP)/NP" id="t0_9" surf="in" base="in"/>
    <token start="10" span="1" pos="NN" chunk="I-NP" entity="O" cat="N" id="t0_10" surf="haystack" base="haystack"/>
    <token start="11" span="1" pos="," chunk="O" entity="O" cat="," id="t0_11" surf="," base=","/>
    <token start="12" span="1" pos="CC" chunk="O" entity="O" cat="conj" id="t0_12" surf="or" base="or"/>
    <token start="13" span="1" pos="JJ" chunk="I-ADJP" entity="O" cat="S[adj]\NP" id="t0_13" surf="`-1`" base="`-1`"/>
    <token start="14" span="1" pos="IN" chunk="I-SBAR" entity="O" cat="((S\NP)\(S\NP))/S[dcl]" id="t0_14" surf="if" base="if"/>
    <token start="15" span="1" pos="NN" chunk="I-NP" entity="O" cat="N" id="t0_15" surf="`needle`" base="`needle`"/>
    <token start="16" span="1" pos="VBZ" chunk="I-VP" entity="O" cat="(S[dcl]\NP)/NP" id="t0_16" surf="is" base="be"/>
    <token start="17" span="1" pos="RB" chunk="O" entity="O" cat="(S\NP)\(S\NP)" id="t0_17" surf="not" base="not"/>
    <token start="18" span="1" pos="NN" chunk="I-NP" entity="O" cat="N" id="t0_18" surf="part" base="part"/>
    <token start="19" span="1" pos="IN" chunk="I-PP" entity="O" cat="(NP\NP)/NP" id="t0_19" surf="of" base="of"/>
    <token start="20" span="1" pos="NN" chunk="I-NP" entity="O" cat="N" id="t0_20" surf="`haystack`" base="`haystack`"/>
    <token start="21" span="1" pos="." chunk="O" entity="O" cat="." id="t0_21" surf="." base="."/>
  </tokens>
  <ccg root="s0_sp0" id="s0_ccg0">
    <span root="true" id="s0_sp0" child="s0_sp1 s0_sp31" category="S[b=true]\NP" rule="ba"/>
    <span id="s0_sp1" child="s0_sp2 s0_sp3" category="S[b=true]\NP" rule="fa"/>
    <span start="0" span="1" pos="VB" chunk="I-VP" entity="O" id="s0_sp2" surf="Return" base="return" terminal="t0_0" category="(S[b=true]\NP)/NP"/>
    <span id="s0_sp3" child="s0_sp4 s0_sp20" category="NP" rule="ba"/>
    <span id="s0_sp4" child="s0_sp5 s0_sp8" category="NP" rule="ba"/>
    <span id="s0_sp5" child="s0_sp6 s0_sp7" category="NP[nb=true]" rule="fa"/>
    <span start="1" span="1" pos="DT" chunk="I-NP" entity="O" id="s0_sp6" surf="the" base="the" terminal="t0_1" category="NP[nb=true]/N"/>
    <span start="2" span="1" pos="NN" chunk="I-NP" entity="O" id="s0_sp7" surf="index" base="index" terminal="t0_2" category="N"/>
    <span id="s0_sp8" child="s0_sp9 s0_sp10" category="NP\NP" rule="fa"/>
    <span start="3" span="1" pos="IN" chunk="I-PP" entity="O" id="s0_sp9" surf="of" base="of" terminal="t0_3" category="(NP\NP)/NP"/>
    <span id="s0_sp10" child="s0_sp11 s0_sp16" category="NP" rule="ba"/>
    <span id="s0_sp11" child="s0_sp12 s0_sp13" category="NP[nb=true]" rule="fa"/>
    <span start="4" span="1" pos="DT" chunk="I-NP" entity="O" id="s0_sp12" surf="the" base="the" terminal="t0_4" category="NP[nb=true]/N"/>
    <span id="s0_sp13" child="s0_sp14 s0_sp15" category="N" rule="fa"/>
    <span start="5" span="1" pos="JJ" chunk="I-NP" entity="O" id="s0_sp14" surf="first" base="first" terminal="t0_5" category="N/N"/>
    <span start="6" span="1" pos="NN" chunk="I-NP" entity="O" id="s0_sp15" surf="occurrence" base="occurrence" terminal="t0_6" category="N"/>
    <span id="s0_sp16" child="s0_sp17 s0_sp18" category="NP\NP" rule="fa"/>
    <span start="7" span="1" pos="IN" chunk="I-PP" entity="O" id="s0_sp17" surf="of" base="of" terminal="t0_7" category="(NP\NP)/NP"/>
    <span id="s0_sp18" child="s0_sp19" category="NP" rule="lex"/>
    <span start="8" span="1" pos="NN" chunk="I-NP" entity="O" id="s0_sp19" surf="needle" base="needle" terminal="t0_8" category="N"/>
    <span id="s0_sp20" child="s0_sp21 s0_sp25" category="NP\NP" rule="ba"/>
    <span id="s0_sp21" child="s0_sp22 s0_sp23" category="NP\NP" rule="fa"/>
    <span start="9" span="1" pos="IN" chunk="I-PP" entity="O" id="s0_sp22" surf="in" base="in" terminal="t0_9" category="(NP\NP)/NP"/>
    <span id="s0_sp23" child="s0_sp24" category="NP" rule="lex"/>
    <span start="10" span="1" pos="NN" chunk="I-NP" entity="O" id="s0_sp24" surf="haystack" base="haystack" terminal="t0_10" category="N"/>
    <span id="s0_sp25" child="s0_sp26 s0_sp27" category="(NP\NP)\(NP\NP)" rule="conj"/>
    <span start="11" span="1" pos="," chunk="O" entity="O" id="s0_sp26" surf="," base="," terminal="t0_11" category="=true,"/>
    <span id="s0_sp27" child="s0_sp28 s0_sp29" category="(NP\NP)\(NP\NP)" rule="conj"/>
    <span start="12" span="1" pos="CC" chunk="O" entity="O" id="s0_sp28" surf="or" base="or" terminal="t0_12" category="conj"/>
    <span id="s0_sp29" child="s0_sp30" category="NP\NP" rule="lex"/>
    <span start="13" span="1" pos="JJ" chunk="I-ADJP" entity="O" id="s0_sp30" surf="`-1`" base="`-1`" terminal="t0_13" category="S[adj=true]\NP"/>
    <span id="s0_sp31" child="s0_sp32 s0_sp33" category="(S[X=true]\NP)\(S[X=true]\NP)" rule="fa"/>
    <span start="14" span="1" pos="IN" chunk="I-SBAR" entity="O" id="s0_sp32" surf="if" base="if" terminal="t0_14" category="((S\NP)\(S\NP))/S[dcl=true]"/>
    <span id="s0_sp33" child="s0_sp34 s0_sp48" category="S[dcl=true]" rule="rp"/>
    <span id="s0_sp34" child="s0_sp35 s0_sp37" category="S[dcl=true]" rule="ba"/>
    <span id="s0_sp35" child="s0_sp36" category="NP" rule="lex"/>
    <span start="15" span="1" pos="NN" chunk="I-NP" entity="O" id="s0_sp36" surf="`needle`" base="`needle`" terminal="t0_15" category="N"/>
    <span id="s0_sp37" child="s0_sp38 s0_sp41" category="S[dcl=true]\NP" rule="fa"/>
    <span id="s0_sp38" child="s0_sp39 s0_sp40" category="(S[dcl=true]\NP)/NP" rule="bx"/>
    <span start="16" span="1" pos="VBZ" chunk="I-VP" entity="O" id="s0_sp39" surf="is" base="be" terminal="t0_16" category="(S[dcl=true]\NP)/NP"/>
    <span start="17" span="1" pos="RB" chunk="O" entity="O" id="s0_sp40" surf="not" base="not" terminal="t0_17" category="(S\NP)\(S\NP)"/>
    <span id="s0_sp41" child="s0_sp42 s0_sp44" category="NP" rule="ba"/>
    <span id="s0_sp42" child="s0_sp43" category="NP" rule="lex"/>
    <span start="18" span="1" pos="NN" chunk="I-NP" entity="O" id="s0_sp43" surf="part" base="part" terminal="t0_18" category="N"/>
    <span id="s0_sp44" child="s0_sp45 s0_sp46" category="NP\NP" rule="fa"/>
    <span start="19" span="1" pos="IN" chunk="I-PP" entity="O" id="s0_sp45" surf="of" base="of" terminal="t0_19" category="(NP\NP)/NP"/>
    <span id="s0_sp46" child="s0_sp47" category="NP" rule="lex"/>
    <span start="20" span="1" pos="NN" chunk="I-NP" entity="O" id="s0_sp47" surf="`haystack`" base="`haystack`" terminal="t0_20" category="N"/>
    <span start="21" span="1" pos="." chunk="O" entity="O" id="s0_sp48" surf="." base="." terminal="t0_21" category="."/>
  </ccg>
</sentence>

