ERROR:root:Failed to parse \x.exists e.(_needle{JJ}(e) & (Subj(e) = x) & (_ = {NN})(x)). Error: The function '(_ = {NN})' is not a Lambda Expression, an Application Expression, or a functional predicate, so it may not take arguments.
\x.exists e.(_needle{JJ}(e) & (Subj(e) = x) & (_ = {NN})(x))
                                                       ^
ERROR:root:An error occurred: The function '(_ = {NN})' is not a Lambda Expression, an Application Expression, or a functional predicate, so it may not take arguments.
\x.exists e.(_needle{JJ}(e) & (Subj(e) = x) & (_ = {NN})(x))
                                                       ^
Sentence: Input : haystack = `` hello '' , needle = `` ll ''
Tree XML:
<sentence>
  <tokens>
    <token start="0" span="1" pos="NNP" chunk="I-NP" entity="O" cat="N" id="t0_0" surf="Input" base="input"/>
    <token start="1" span="1" pos="IN" chunk="O" entity="O" cat="(NP\NP)/S[dcl]" id="t0_1" surf=":" base=":"/>
    <token start="2" span="1" pos="NN" chunk="I-NP" entity="O" cat="N" id="t0_2" surf="haystack" base="haystack"/>
    <token start="3" span="1" pos="VBP" chunk="I-VP" entity="O" cat="(S[dcl]\NP)/NP" id="t0_3" surf="=" base="="/>
    <token start="4" span="1" pos="LQU" chunk="I-NP" entity="O" cat="LQU" id="t0_4" surf="``" base="``"/>
    <token start="5" span="1" pos="UH" chunk="I-NP" entity="O" cat="N" id="t0_5" surf="hello" base="hello"/>
    <token start="6" span="1" pos="RQU" chunk="O" entity="O" cat="RQU" id="t0_6" surf="''" base="''"/>
    <token start="7" span="1" pos="," chunk="O" entity="O" cat="," id="t0_7" surf="," base=","/>
    <token start="8" span="1" pos="JJ" chunk="I-NP" entity="O" cat="N/N" id="t0_8" surf="needle" base="needle"/>
    <token start="9" span="1" pos="NN" chunk="I-NP" entity="O" cat="N" id="t0_9" surf="=" base="="/>
    <token start="10" span="1" pos="LQU" chunk="I-NP" entity="O" cat="LQU" id="t0_10" surf="``" base="``"/>
    <token start="11" span="1" pos="NN" chunk="I-NP" entity="O" cat="S[adj]\NP" id="t0_11" surf="ll" base="ll"/>
    <token start="12" span="1" pos="RQU" chunk="O" entity="O" cat="RQU" id="t0_12" surf="''" base="''"/>
  </tokens>
  <ccg root="s0_sp0" id="s0_ccg0">
    <span root="true" id="s0_sp0" child="s0_sp1 s0_sp29" category="NP" rule="rp"/>
    <span id="s0_sp1" child="s0_sp2 s0_sp4" category="NP" rule="ba"/>
    <span id="s0_sp2" child="s0_sp3" category="NP" rule="lex"/>
    <span start="0" span="1" pos="NNP" chunk="I-NP" entity="O" id="s0_sp3" surf="Input" base="input" terminal="t0_0" category="N"/>
    <span id="s0_sp4" child="s0_sp5 s0_sp6" category="NP\NP" rule="fa"/>
    <span start="1" span="1" pos="IN" chunk="O" entity="O" id="s0_sp5" surf=":" base=":" terminal="t0_1" category="(NP\NP)/S[dcl=true]"/>
    <span id="s0_sp6" child="s0_sp7 s0_sp9" category="S[dcl=true]" rule="ba"/>
    <span id="s0_sp7" child="s0_sp8" category="NP" rule="lex"/>
    <span start="2" span="1" pos="NN" chunk="I-NP" entity="O" id="s0_sp8" surf="haystack" base="haystack" terminal="t0_2" category="N"/>
    <span id="s0_sp9" child="s0_sp10 s0_sp11" category="S[dcl=true]\NP" rule="fa"/>
    <span start="3" span="1" pos="VBP" chunk="I-VP" entity="O" id="s0_sp10" surf="=" base="=" terminal="t0_3" category="(S[dcl=true]\NP)/NP"/>
    <span id="s0_sp11" child="s0_sp12 s0_sp13" category="NP" rule="lp"/>
    <span start="4" span="1" pos="LQU" chunk="I-NP" entity="O" id="s0_sp12" surf="``" base="``" terminal="t0_4" category="LQU"/>
    <span id="s0_sp13" child="s0_sp14 s0_sp25" category="NP" rule="ba"/>
    <span id="s0_sp14" child="s0_sp15 s0_sp19" category="NP" rule="ba"/>
    <span id="s0_sp15" child="s0_sp16 s0_sp18" category="NP" rule="rp"/>
    <span id="s0_sp16" child="s0_sp17" category="NP" rule="lex"/>
    <span start="5" span="1" pos="UH" chunk="I-NP" entity="O" id="s0_sp17" surf="hello" base="hello" terminal="t0_5" category="N"/>
    <span start="6" span="1" pos="RQU" chunk="O" entity="O" id="s0_sp18" surf="''" base="''" terminal="t0_6" category="RQU"/>
    <span id="s0_sp19" child="s0_sp20 s0_sp21" category="NP\NP" rule="conj"/>
    <span start="7" span="1" pos="," chunk="O" entity="O" id="s0_sp20" surf="," base="," terminal="t0_7" category="=true,"/>
    <span id="s0_sp21" child="s0_sp22" category="NP" rule="lex"/>
    <span id="s0_sp22" child="s0_sp23 s0_sp24" category="N" rule="fa"/>
    <span start="8" span="1" pos="JJ" chunk="I-NP" entity="O" id="s0_sp23" surf="needle" base="needle" terminal="t0_8" category="N/N"/>
    <span start="9" span="1" pos="NN" chunk="I-NP" entity="O" id="s0_sp24" surf="=" base="=" terminal="t0_9" category="N"/>
    <span id="s0_sp25" child="s0_sp26" category="NP\NP" rule="lex"/>
    <span id="s0_sp26" child="s0_sp27 s0_sp28" category="S[adj=true]\NP" rule="lp"/>
    <span start="10" span="1" pos="LQU" chunk="I-NP" entity="O" id="s0_sp27" surf="``" base="``" terminal="t0_10" category="LQU"/>
    <span start="11" span="1" pos="NN" chunk="I-NP" entity="O" id="s0_sp28" surf="ll" base="ll" terminal="t0_11" category="S[adj=true]\NP"/>
    <span start="12" span="1" pos="RQU" chunk="O" entity="O" id="s0_sp29" surf="''" base="''" terminal="t0_12" category="RQU"/>
  </ccg>
</sentence>

