ERROR:root:Failed to parse \x.((_ = {NN})(x) & _6{CD}(x)). Error: The function '(_ = {NN})' is not a Lambda Expression, an Application Expression, or a functional predicate, so it may not take arguments.
\x.((_ = {NN})(x) & _6{CD}(x))
             ^
ERROR:root:An error occurred: The function '(_ = {NN})' is not a Lambda Expression, an Application Expression, or a functional predicate, so it may not take arguments.
\x.((_ = {NN})(x) & _6{CD}(x))
             ^
Sentence: Explanation : [ 4 , -1 , 2 , 1 ] has the largest sum = 6 .
Tree XML:
<sentence>
  <tokens>
    <token start="0" span="1" pos="NN" chunk="I-NP" entity="O" cat="N" id="t0_0" surf="Explanation" base="explanation"/>
    <token start="1" span="1" pos="IN" chunk="O" entity="O" cat="(NP\NP)/NP" id="t0_1" surf=":" base=":"/>
    <token start="2" span="1" pos="NNP" chunk="I-NP" entity="I-DAT" cat="N/N[num]" id="t0_2" surf="[" base="["/>
    <token start="3" span="1" pos="CD" chunk="I-NP" entity="I-DAT" cat="N[num]" id="t0_3" surf="4" base="4"/>
    <token start="4" span="1" pos="," chunk="I-NP" entity="I-DAT" cat="," id="t0_4" surf="," base=","/>
    <token start="5" span="1" pos="CD" chunk="I-NP" entity="I-DAT" cat="N" id="t0_5" surf="-1" base="-1"/>
    <token start="6" span="1" pos="," chunk="I-NP" entity="I-DAT" cat="," id="t0_6" surf="," base=","/>
    <token start="7" span="1" pos="CD" chunk="I-NP" entity="I-DAT" cat="N" id="t0_7" surf="2" base="2"/>
    <token start="8" span="1" pos="," chunk="I-NP" entity="I-DAT" cat="," id="t0_8" surf="," base=","/>
    <token start="9" span="1" pos="CD" chunk="I-NP" entity="I-DAT" cat="N/N" id="t0_9" surf="1" base="1"/>
    <token start="10" span="1" pos="NN" chunk="I-NP" entity="I-DAT" cat="N" id="t0_10" surf="]" base="]"/>
    <token start="11" span="1" pos="VBZ" chunk="I-VP" entity="O" cat="(S[dcl]\NP)/NP" id="t0_11" surf="has" base="have"/>
    <token start="12" span="1" pos="DT" chunk="I-NP" entity="O" cat="NP[nb]/N" id="t0_12" surf="the" base="the"/>
    <token start="13" span="1" pos="JJS" chunk="I-NP" entity="O" cat="N/N" id="t0_13" surf="largest" base="largest"/>
    <token start="14" span="1" pos="NN" chunk="I-NP" entity="O" cat="N/N" id="t0_14" surf="sum" base="sum"/>
    <token start="15" span="1" pos="NN" chunk="I-NP" entity="I-DAT" cat="N" id="t0_15" surf="=" base="="/>
    <token start="16" span="1" pos="CD" chunk="I-NP" entity="I-DAT" cat="N\N" id="t0_16" surf="6" base="6"/>
    <token start="17" span="1" pos="." chunk="O" entity="O" cat="." id="t0_17" surf="." base="."/>
  </tokens>
  <ccg root="s0_sp0" id="s0_ccg0">
    <span root="true" id="s0_sp0" child="s0_sp1 s0_sp39" category="S[dcl=true]" rule="rp"/>
    <span id="s0_sp1" child="s0_sp2 s0_sp28" category="S[dcl=true]" rule="ba"/>
    <span id="s0_sp2" child="s0_sp3 s0_sp5" category="NP" rule="ba"/>
    <span id="s0_sp3" child="s0_sp4" category="NP" rule="lex"/>
    <span start="0" span="1" pos="NN" chunk="I-NP" entity="O" id="s0_sp4" surf="Explanation" base="explanation" terminal="t0_0" category="N"/>
    <span id="s0_sp5" child="s0_sp6 s0_sp7" category="NP\NP" rule="fa"/>
    <span start="1" span="1" pos="IN" chunk="O" entity="O" id="s0_sp6" surf=":" base=":" terminal="t0_1" category="(NP\NP)/NP"/>
    <span id="s0_sp7" child="s0_sp8 s0_sp12" category="NP" rule="ba"/>
    <span id="s0_sp8" child="s0_sp9" category="NP" rule="lex"/>
    <span id="s0_sp9" child="s0_sp10 s0_sp11" category="N" rule="fa"/>
    <span start="2" span="1" pos="NNP" chunk="I-NP" entity="I-DAT" id="s0_sp10" surf="[" base="[" terminal="t0_2" category="N/N[num=true]"/>
    <span start="3" span="1" pos="CD" chunk="I-NP" entity="I-DAT" id="s0_sp11" surf="4" base="4" terminal="t0_3" category="N[num=true]"/>
    <span id="s0_sp12" child="s0_sp13 s0_sp14" category="NP\NP" rule="conj"/>
    <span start="4" span="1" pos="," chunk="I-NP" entity="I-DAT" id="s0_sp13" surf="," base="," terminal="t0_4" category="=true,"/>
    <span id="s0_sp14" child="s0_sp15 s0_sp17" category="NP" rule="ba"/>
    <span id="s0_sp15" child="s0_sp16" category="NP" rule="lex"/>
    <span start="5" span="1" pos="CD" chunk="I-NP" entity="I-DAT" id="s0_sp16" surf="-1" base="-1" terminal="t0_5" category="N"/>
    <span id="s0_sp17" child="s0_sp18 s0_sp19" category="NP\NP" rule="conj"/>
    <span start="6" span="1" pos="," chunk="I-NP" entity="I-DAT" id="s0_sp18" surf="," base="," terminal="t0_6" category="=true,"/>
    <span id="s0_sp19" child="s0_sp20 s0_sp22" category="NP" rule="ba"/>
    <span id="s0_sp20" child="s0_sp21" category="NP" rule="lex"/>
    <span start="7" span="1" pos="CD" chunk="I-NP" entity="I-DAT" id="s0_sp21" surf="2" base="2" terminal="t0_7" category="N"/>
    <span id="s0_sp22" child="s0_sp23 s0_sp24" category="NP\NP" rule="conj"/>
    <span start="8" span="1" pos="," chunk="I-NP" entity="I-DAT" id="s0_sp23" surf="," base="," terminal="t0_8" category="=true,"/>
    <span id="s0_sp24" child="s0_sp25" category="NP" rule="lex"/>
    <span id="s0_sp25" child="s0_sp26 s0_sp27" category="N" rule="fa"/>
    <span start="9" span="1" pos="CD" chunk="I-NP" entity="I-DAT" id="s0_sp26" surf="1" base="1" terminal="t0_9" category="N/N"/>
    <span start="10" span="1" pos="NN" chunk="I-NP" entity="I-DAT" id="s0_sp27" surf="]" base="]" terminal="t0_10" category="N"/>
    <span id="s0_sp28" child="s0_sp29 s0_sp30" category="S[dcl=true]\NP" rule="fa"/>
    <span start="11" span="1" pos="VBZ" chunk="I-VP" entity="O" id="s0_sp29" surf="has" base="have" terminal="t0_11" category="(S[dcl=true]\NP)/NP"/>
    <span id="s0_sp30" child="s0_sp31 s0_sp32" category="NP[nb=true]" rule="fa"/>
    <span start="12" span="1" pos="DT" chunk="I-NP" entity="O" id="s0_sp31" surf="the" base="the" terminal="t0_12" category="NP[nb=true]/N"/>
    <span id="s0_sp32" child="s0_sp33 s0_sp34" category="N" rule="fa"/>
    <span start="13" span="1" pos="JJS" chunk="I-NP" entity="O" id="s0_sp33" surf="largest" base="largest" terminal="t0_13" category="N/N"/>
    <span id="s0_sp34" child="s0_sp35 s0_sp36" category="N" rule="fa"/>
    <span start="14" span="1" pos="NN" chunk="I-NP" entity="O" id="s0_sp35" surf="sum" base="sum" terminal="t0_14" category="N/N"/>
    <span id="s0_sp36" child="s0_sp37 s0_sp38" category="N" rule="ba"/>
    <span start="15" span="1" pos="NN" chunk="I-NP" entity="I-DAT" id="s0_sp37" surf="=" base="=" terminal="t0_15" category="N"/>
    <span start="16" span="1" pos="CD" chunk="I-NP" entity="I-DAT" id="s0_sp38" surf="6" base="6" terminal="t0_16" category="N\N"/>
    <span start="17" span="1" pos="." chunk="O" entity="O" id="s0_sp39" surf="." base="." terminal="t0_17" category="."/>
  </ccg>
</sentence>

