ERROR:root:Failed to parse \x.((_ = {NN})(x) & _<{NN}(x)). Error: The function '(_ = {NN})' is not a Lambda Expression, an Application Expression, or a functional predicate, so it may not take arguments.
\x.((_ = {NN})(x) & _<{NN}(x))
             ^
ERROR:root:An error occurred: The function '(_ = {NN})' is not a Lambda Expression, an Application Expression, or a functional predicate, so it may not take arguments.
\x.((_ = {NN})(x) & _<{NN}(x))
             ^
Sentence: < code > 0 < = left < sub > i < /sub > < right < sub > i < /sub > < = 2 < sup > 31 < /sup > - 1 < /code >
Tree XML:
<sentence>
  <tokens>
    <token start="0" span="1" pos="JJ" chunk="I-NP" entity="O" cat="N/N" id="t0_0" surf="&lt;" base="&lt;"/>
    <token start="1" span="1" pos="NN" chunk="I-NP" entity="O" cat="N/N" id="t0_1" surf="code" base="code"/>
    <token start="2" span="1" pos="NN" chunk="I-NP" entity="O" cat="N/N" id="t0_2" surf="&gt;" base="&gt;"/>
    <token start="3" span="1" pos="CD" chunk="I-NP" entity="O" cat="N/N" id="t0_3" surf="0" base="0"/>
    <token start="4" span="1" pos="NN" chunk="I-NP" entity="O" cat="N/N" id="t0_4" surf="&lt;" base="&lt;"/>
    <token start="5" span="1" pos="NN" chunk="I-NP" entity="O" cat="N" id="t0_5" surf="=" base="="/>
    <token start="6" span="1" pos="VBD" chunk="I-VP" entity="O" cat="(S[dcl]\NP)/NP" id="t0_6" surf="left" base="leave"/>
    <token start="7" span="1" pos="NNP" chunk="I-NP" entity="O" cat="N/N" id="t0_7" surf="&lt;" base="&lt;"/>
    <token start="8" span="1" pos="NNP" chunk="I-NP" entity="O" cat="N/N" id="t0_8" surf="sub" base="sub"/>
    <token start="9" span="1" pos="NNP" chunk="I-NP" entity="O" cat="N/N" id="t0_9" surf="&gt;" base="&gt;"/>
    <token start="10" span="1" pos="NNP" chunk="I-NP" entity="O" cat="N/N" id="t0_10" surf="i" base="i"/>
    <token start="11" span="1" pos="NNP" chunk="I-NP" entity="O" cat="N/N" id="t0_11" surf="&lt;" base="&lt;"/>
    <token start="12" span="1" pos="NNP" chunk="I-NP" entity="O" cat="N/N" id="t0_12" surf="/sub" base="/sub"/>
    <token start="13" span="1" pos="NNP" chunk="I-NP" entity="O" cat="N/N" id="t0_13" surf="&gt;" base="&gt;"/>
    <token start="14" span="1" pos="NNP" chunk="I-NP" entity="O" cat="N/N" id="t0_14" surf="&lt;" base="&lt;"/>
    <token start="15" span="1" pos="JJ" chunk="I-NP" entity="O" cat="N/N" id="t0_15" surf="right" base="right"/>
    <token start="16" span="1" pos="NN" chunk="I-NP" entity="O" cat="N/N" id="t0_16" surf="&lt;" base="&lt;"/>
    <token start="17" span="1" pos="NN" chunk="I-NP" entity="O" cat="N/N" id="t0_17" surf="sub" base="sub"/>
    <token start="18" span="1" pos="NNP" chunk="I-NP" entity="I-PER" cat="N/N" id="t0_18" surf="&gt;" base="&gt;"/>
    <token start="19" span="1" pos="NNP" chunk="I-NP" entity="I-PER" cat="N/N" id="t0_19" surf="i" base="i"/>
    <token start="20" span="1" pos="NNP" chunk="I-NP" entity="I-PER" cat="N/N" id="t0_20" surf="&lt;" base="&lt;"/>
    <token start="21" span="1" pos="NNP" chunk="I-NP" entity="I-PER" cat="N/N" id="t0_21" surf="/sub" base="/sub"/>
    <token start="22" span="1" pos="NNP" chunk="I-NP" entity="I-PER" cat="N/N" id="t0_22" surf="&gt;" base="&gt;"/>
    <token start="23" span="1" pos="NNP" chunk="I-NP" entity="I-PER" cat="N" id="t0_23" surf="&lt;" base="&lt;"/>
    <token start="24" span="1" pos="VBD" chunk="I-VP" entity="I-PER" cat="(S[dcl]\NP)/NP" id="t0_24" surf="=" base="="/>
    <token start="25" span="1" pos="CD" chunk="I-NP" entity="I-TIM" cat="(N/N)/(N/N)" id="t0_25" surf="2" base="2"/>
    <token start="26" span="1" pos="CD" chunk="I-NP" entity="I-TIM" cat="N/N" id="t0_26" surf="&lt;" base="&lt;"/>
    <token start="27" span="1" pos="NN" chunk="I-NP" entity="I-TIM" cat="N/N" id="t0_27" surf="sup" base="sup"/>
    <token start="28" span="1" pos="NNP" chunk="B-NP" entity="I-TIM" cat="N/N" id="t0_28" surf="&gt;" base="&gt;"/>
    <token start="29" span="1" pos="CD" chunk="I-NP" entity="I-TIM" cat="N/N" id="t0_29" surf="31" base="31"/>
    <token start="30" span="1" pos="NN" chunk="I-NP" entity="I-TIM" cat="N/N" id="t0_30" surf="&lt;" base="&lt;"/>
    <token start="31" span="1" pos="NN" chunk="I-NP" entity="I-TIM" cat="N/N" id="t0_31" surf="/sup" base="/sup"/>
    <token start="32" span="1" pos="SYM" chunk="B-NP" entity="I-TIM" cat="N" id="t0_32" surf="&gt;" base="&gt;"/>
    <token start="33" span="1" pos=":" chunk="O" entity="I-TIM" cat=":" id="t0_33" surf="-" base="-"/>
    <token start="34" span="1" pos="CD" chunk="I-NP" entity="I-TIM" cat="N/N" id="t0_34" surf="1" base="1"/>
    <token start="35" span="1" pos="JJ" chunk="I-NP" entity="I-TIM" cat="N/N" id="t0_35" surf="&lt;" base="&lt;"/>
    <token start="36" span="1" pos="NN" chunk="I-NP" entity="I-TIM" cat="N/N" id="t0_36" surf="/code" base="/code"/>
    <token start="37" span="1" pos="NN" chunk="I-NP" entity="I-TIM" cat="N" id="t0_37" surf="&gt;" base="&gt;"/>
  </tokens>
  <ccg root="s0_sp0" id="s0_ccg0">
    <span root="true" id="s0_sp0" child="s0_sp1 s0_sp73" category="S[dcl=true]" rule="fa"/>
    <span id="s0_sp1" child="s0_sp2 s0_sp17" category="S[dcl=true]/NP" rule="bx"/>
    <span id="s0_sp2" child="s0_sp3 s0_sp16" category="S[dcl=true]/NP" rule="fc"/>
    <span id="s0_sp3" child="s0_sp4" category="S[X=true]/(S[X=true]\NP)" rule="tr"/>
    <span id="s0_sp4" child="s0_sp5" category="NP" rule="lex"/>
    <span id="s0_sp5" child="s0_sp6 s0_sp7" category="N" rule="fa"/>
    <span start="0" span="1" pos="JJ" chunk="I-NP" entity="O" id="s0_sp6" surf="&lt;" base="&lt;" terminal="t0_0" category="N/N"/>
    <span id="s0_sp7" child="s0_sp8 s0_sp9" category="N" rule="fa"/>
    <span start="1" span="1" pos="NN" chunk="I-NP" entity="O" id="s0_sp8" surf="code" base="code" terminal="t0_1" category="N/N"/>
    <span id="s0_sp9" child="s0_sp10 s0_sp11" category="N" rule="fa"/>
    <span start="2" span="1" pos="NN" chunk="I-NP" entity="O" id="s0_sp10" surf="&gt;" base="&gt;" terminal="t0_2" category="N/N"/>
    <span id="s0_sp11" child="s0_sp12 s0_sp13" category="N" rule="fa"/>
    <span start="3" span="1" pos="CD" chunk="I-NP" entity="O" id="s0_sp12" surf="0" base="0" terminal="t0_3" category="N/N"/>
    <span id="s0_sp13" child="s0_sp14 s0_sp15" category="N" rule="fa"/>
    <span start="4" span="1" pos="NN" chunk="I-NP" entity="O" id="s0_sp14" surf="&lt;" base="&lt;" terminal="t0_4" category="N/N"/>
    <span start="5" span="1" pos="NN" chunk="I-NP" entity="O" id="s0_sp15" surf="=" base="=" terminal="t0_5" category="N"/>
    <span start="6" span="1" pos="VBD" chunk="I-VP" entity="O" id="s0_sp16" surf="left" base="leave" terminal="t0_6" category="(S[dcl=true]\NP)/NP"/>
    <span id="s0_sp17" child="s0_sp18" category="S[X=true]\S[X=true]" rule="lex"/>
    <span id="s0_sp18" child="s0_sp19 s0_sp53" category="S[dcl=true]" rule="ba"/>
    <span id="s0_sp19" child="s0_sp20" category="NP" rule="lex"/>
    <span id="s0_sp20" child="s0_sp21 s0_sp22" category="N" rule="fa"/>
    <span start="7" span="1" pos="NNP" chunk="I-NP" entity="O" id="s0_sp21" surf="&lt;" base="&lt;" terminal="t0_7" category="N/N"/>
    <span id="s0_sp22" child="s0_sp23 s0_sp24" category="N" rule="fa"/>
    <span start="8" span="1" pos="NNP" chunk="I-NP" entity="O" id="s0_sp23" surf="sub" base="sub" terminal="t0_8" category="N/N"/>
    <span id="s0_sp24" child="s0_sp25 s0_sp26" category="N" rule="fa"/>
    <span start="9" span="1" pos="NNP" chunk="I-NP" entity="O" id="s0_sp25" surf="&gt;" base="&gt;" terminal="t0_9" category="N/N"/>
    <span id="s0_sp26" child="s0_sp27 s0_sp28" category="N" rule="fa"/>
    <span start="10" span="1" pos="NNP" chunk="I-NP" entity="O" id="s0_sp27" surf="i" base="i" terminal="t0_10" category="N/N"/>
    <span id="s0_sp28" child="s0_sp29 s0_sp30" category="N" rule="fa"/>
    <span start="11" span="1" pos="NNP" chunk="I-NP" entity="O" id="s0_sp29" surf="&lt;" base="&lt;" terminal="t0_11" category="N/N"/>
    <span id="s0_sp30" child="s0_sp31 s0_sp32" category="N" rule="fa"/>
    <span start="12" span="1" pos="NNP" chunk="I-NP" entity="O" id="s0_sp31" surf="/sub" base="/sub" terminal="t0_12" category="N/N"/>
    <span id="s0_sp32" child="s0_sp33 s0_sp34" category="N" rule="fa"/>
    <span start="13" span="1" pos="NNP" chunk="I-NP" entity="O" id="s0_sp33" surf="&gt;" base="&gt;" terminal="t0_13" category="N/N"/>
    <span id="s0_sp34" child="s0_sp35 s0_sp36" category="N" rule="fa"/>
    <span start="14" span="1" pos="NNP" chunk="I-NP" entity="O" id="s0_sp35" surf="&lt;" base="&lt;" terminal="t0_14" category="N/N"/>
    <span id="s0_sp36" child="s0_sp37 s0_sp38" category="N" rule="fa"/>
    <span start="15" span="1" pos="JJ" chunk="I-NP" entity="O" id="s0_sp37" surf="right" base="right" terminal="t0_15" category="N/N"/>
    <span id="s0_sp38" child="s0_sp39 s0_sp40" category="N" rule="fa"/>
    <span start="16" span="1" pos="NN" chunk="I-NP" entity="O" id="s0_sp39" surf="&lt;" base="&lt;" terminal="t0_16" category="N/N"/>
    <span id="s0_sp40" child="s0_sp41 s0_sp42" category="N" rule="fa"/>
    <span start="17" span="1" pos="NN" chunk="I-NP" entity="O" id="s0_sp41" surf="sub" base="sub" terminal="t0_17" category="N/N"/>
    <span id="s0_sp42" child="s0_sp43 s0_sp44" category="N" rule="fa"/>
    <span start="18" span="1" pos="NNP" chunk="I-NP" entity="I-PER" id="s0_sp43" surf="&gt;" base="&gt;" terminal="t0_18" category="N/N"/>
    <span id="s0_sp44" child="s0_sp45 s0_sp46" category="N" rule="fa"/>
    <span start="19" span="1" pos="NNP" chunk="I-NP" entity="I-PER" id="s0_sp45" surf="i" base="i" terminal="t0_19" category="N/N"/>
    <span id="s0_sp46" child="s0_sp47 s0_sp48" category="N" rule="fa"/>
    <span start="20" span="1" pos="NNP" chunk="I-NP" entity="I-PER" id="s0_sp47" surf="&lt;" base="&lt;" terminal="t0_20" category="N/N"/>
    <span id="s0_sp48" child="s0_sp49 s0_sp50" category="N" rule="fa"/>
    <span start="21" span="1" pos="NNP" chunk="I-NP" entity="I-PER" id="s0_sp49" surf="/sub" base="/sub" terminal="t0_21" category="N/N"/>
    <span id="s0_sp50" child="s0_sp51 s0_sp52" category="N" rule="fa"/>
    <span start="22" span="1" pos="NNP" chunk="I-NP" entity="I-PER" id="s0_sp51" surf="&gt;" base="&gt;" terminal="t0_22" category="N/N"/>
    <span start="23" span="1" pos="NNP" chunk="I-NP" entity="I-PER" id="s0_sp52" surf="&lt;" base="&lt;" terminal="t0_23" category="N"/>
    <span id="s0_sp53" child="s0_sp54 s0_sp55" category="S[dcl=true]\NP" rule="fa"/>
    <span start="24" span="1" pos="VBD" chunk="I-VP" entity="I-PER" id="s0_sp54" surf="=" base="=" terminal="t0_24" category="(S[dcl=true]\NP)/NP"/>
    <span id="s0_sp55" child="s0_sp56 s0_sp72" category="NP" rule="rp"/>
    <span id="s0_sp56" child="s0_sp57" category="NP" rule="lex"/>
    <span id="s0_sp57" child="s0_sp58 s0_sp61" category="N" rule="fa"/>
    <span id="s0_sp58" child="s0_sp59 s0_sp60" category="N/N" rule="fa"/>
    <span start="25" span="1" pos="CD" chunk="I-NP" entity="I-TIM" id="s0_sp59" surf="2" base="2" terminal="t0_25" category="(N/N)/(N/N)"/>
    <span start="26" span="1" pos="CD" chunk="I-NP" entity="I-TIM" id="s0_sp60" surf="&lt;" base="&lt;" terminal="t0_26" category="N/N"/>
    <span id="s0_sp61" child="s0_sp62 s0_sp63" category="N" rule="fa"/>
    <span start="27" span="1" pos="NN" chunk="I-NP" entity="I-TIM" id="s0_sp62" surf="sup" base="sup" terminal="t0_27" category="N/N"/>
    <span id="s0_sp63" child="s0_sp64 s0_sp65" category="N" rule="fa"/>
    <span start="28" span="1" pos="NNP" chunk="B-NP" entity="I-TIM" id="s0_sp64" surf="&gt;" base="&gt;" terminal="t0_28" category="N/N"/>
    <span id="s0_sp65" child="s0_sp66 s0_sp67" category="N" rule="fa"/>
    <span start="29" span="1" pos="CD" chunk="I-NP" entity="I-TIM" id="s0_sp66" surf="31" base="31" terminal="t0_29" category="N/N"/>
    <span id="s0_sp67" child="s0_sp68 s0_sp69" category="N" rule="fa"/>
    <span start="30" span="1" pos="NN" chunk="I-NP" entity="I-TIM" id="s0_sp68" surf="&lt;" base="&lt;" terminal="t0_30" category="N/N"/>
    <span id="s0_sp69" child="s0_sp70 s0_sp71" category="N" rule="fa"/>
    <span start="31" span="1" pos="NN" chunk="I-NP" entity="I-TIM" id="s0_sp70" surf="/sup" base="/sup" terminal="t0_31" category="N/N"/>
    <span start="32" span="1" pos="SYM" chunk="B-NP" entity="I-TIM" id="s0_sp71" surf="&gt;" base="&gt;" terminal="t0_32" category="N"/>
    <span start="33" span="1" pos=":" chunk="O" entity="I-TIM" id="s0_sp72" surf="-" base="-" terminal="t0_33" category=":"/>
    <span id="s0_sp73" child="s0_sp74" category="NP" rule="lex"/>
    <span id="s0_sp74" child="s0_sp75 s0_sp76" category="N" rule="fa"/>
    <span start="34" span="1" pos="CD" chunk="I-NP" entity="I-TIM" id="s0_sp75" surf="1" base="1" terminal="t0_34" category="N/N"/>
    <span id="s0_sp76" child="s0_sp77 s0_sp78" category="N" rule="fa"/>
    <span start="35" span="1" pos="JJ" chunk="I-NP" entity="I-TIM" id="s0_sp77" surf="&lt;" base="&lt;" terminal="t0_35" category="N/N"/>
    <span id="s0_sp78" child="s0_sp79 s0_sp80" category="N" rule="fa"/>
    <span start="36" span="1" pos="NN" chunk="I-NP" entity="I-TIM" id="s0_sp79" surf="/code" base="/code" terminal="t0_36" category="N/N"/>
    <span start="37" span="1" pos="NN" chunk="I-NP" entity="I-TIM" id="s0_sp80" surf="&gt;" base="&gt;" terminal="t0_37" category="N"/>
  </ccg>
</sentence>

