ERROR:root:Failed to parse \F x.exists e.((_ = {JJ})(e) & (Subj(e) = x) & F(x)). Error: The function '(_ = {JJ})' is not a Lambda Expression, an Application Expression, or a functional predicate, so it may not take arguments.
\F x.exists e.((_ = {JJ})(e) & (Subj(e) = x) & F(x))
                        ^
ERROR:root:An error occurred: The function '(_ = {JJ})' is not a Lambda Expression, an Application Expression, or a functional predicate, so it may not take arguments.
\F x.exists e.((_ = {JJ})(e) & (Subj(e) = x) & F(x))
                        ^
Sentence: < code > 1 < = height < sub > i < /sub > < = 2 < sup > 31 < /sup > - 1 < /code >
Tree XML:
<sentence>
  <tokens>
    <token start="0" span="1" pos="JJ" chunk="I-NP" entity="O" cat="N/N" id="t0_0" surf="&lt;" base="&lt;"/>
    <token start="1" span="1" pos="NN" chunk="I-NP" entity="O" cat="N" id="t0_1" surf="code" base="code"/>
    <token start="2" span="1" pos="VBD" chunk="I-VP" entity="O" cat="(S[dcl]\NP)/NP" id="t0_2" surf="&gt;" base="&gt;"/>
    <token start="3" span="1" pos="CD" chunk="I-NP" entity="O" cat="(N/N)/(N/N)" id="t0_3" surf="1" base="1"/>
    <token start="4" span="1" pos="CD" chunk="I-NP" entity="O" cat="N/N" id="t0_4" surf="&lt;" base="&lt;"/>
    <token start="5" span="1" pos="JJ" chunk="I-NP" entity="O" cat="N/N" id="t0_5" surf="=" base="="/>
    <token start="6" span="1" pos="NN" chunk="I-NP" entity="O" cat="N/N" id="t0_6" surf="height" base="height"/>
    <token start="7" span="1" pos="NN" chunk="I-NP" entity="O" cat="N/N" id="t0_7" surf="&lt;" base="&lt;"/>
    <token start="8" span="1" pos="NN" chunk="I-NP" entity="O" cat="N/N" id="t0_8" surf="sub" base="sub"/>
    <token start="9" span="1" pos="NNP" chunk="I-NP" entity="I-PER" cat="N/N" id="t0_9" surf="&gt;" base="&gt;"/>
    <token start="10" span="1" pos="NNP" chunk="I-NP" entity="I-PER" cat="N/N" id="t0_10" surf="i" base="i"/>
    <token start="11" span="1" pos="NNP" chunk="I-NP" entity="I-PER" cat="N/N" id="t0_11" surf="&lt;" base="&lt;"/>
    <token start="12" span="1" pos="NNP" chunk="I-NP" entity="I-PER" cat="N/N" id="t0_12" surf="/sub" base="/sub"/>
    <token start="13" span="1" pos="NNP" chunk="I-NP" entity="I-PER" cat="N/N" id="t0_13" surf="&gt;" base="&gt;"/>
    <token start="14" span="1" pos="NNP" chunk="I-NP" entity="I-PER" cat="N" id="t0_14" surf="&lt;" base="&lt;"/>
    <token start="15" span="1" pos="VBD" chunk="I-VP" entity="I-PER" cat="(S[dcl]\NP)/NP" id="t0_15" surf="=" base="="/>
    <token start="16" span="1" pos="CD" chunk="I-NP" entity="I-TIM" cat="(N/N)/(N/N)" id="t0_16" surf="2" base="2"/>
    <token start="17" span="1" pos="CD" chunk="I-NP" entity="I-TIM" cat="N/N" id="t0_17" surf="&lt;" base="&lt;"/>
    <token start="18" span="1" pos="NN" chunk="I-NP" entity="I-TIM" cat="N/N" id="t0_18" surf="sup" base="sup"/>
    <token start="19" span="1" pos="NNP" chunk="B-NP" entity="I-TIM" cat="N/N" id="t0_19" surf="&gt;" base="&gt;"/>
    <token start="20" span="1" pos="CD" chunk="I-NP" entity="I-TIM" cat="N/N" id="t0_20" surf="31" base="31"/>
    <token start="21" span="1" pos="NN" chunk="I-NP" entity="I-TIM" cat="N/N" id="t0_21" surf="&lt;" base="&lt;"/>
    <token start="22" span="1" pos="NN" chunk="I-NP" entity="I-TIM" cat="N/N" id="t0_22" surf="/sup" base="/sup"/>
    <token start="23" span="1" pos="SYM" chunk="B-NP" entity="I-TIM" cat="N" id="t0_23" surf="&gt;" base="&gt;"/>
    <token start="24" span="1" pos=":" chunk="O" entity="I-TIM" cat=":" id="t0_24" surf="-" base="-"/>
    <token start="25" span="1" pos="CD" chunk="I-NP" entity="I-TIM" cat="N/N" id="t0_25" surf="1" base="1"/>
    <token start="26" span="1" pos="JJ" chunk="I-NP" entity="I-TIM" cat="N/N" id="t0_26" surf="&lt;" base="&lt;"/>
    <token start="27" span="1" pos="NN" chunk="I-NP" entity="I-TIM" cat="N/N" id="t0_27" surf="/code" base="/code"/>
    <token start="28" span="1" pos="NN" chunk="I-NP" entity="I-TIM" cat="N" id="t0_28" surf="&gt;" base="&gt;"/>
  </tokens>
  <ccg root="s0_sp0" id="s0_ccg0">
    <span root="true" id="s0_sp0" child="s0_sp1 s0_sp55" category="S[dcl=true]" rule="fa"/>
    <span id="s0_sp1" child="s0_sp2 s0_sp9" category="S[dcl=true]/NP" rule="bx"/>
    <span id="s0_sp2" child="s0_sp3 s0_sp8" category="S[dcl=true]/NP" rule="fc"/>
    <span id="s0_sp3" child="s0_sp4" category="S[X=true]/(S[X=true]\NP)" rule="tr"/>
    <span id="s0_sp4" child="s0_sp5" category="NP" rule="lex"/>
    <span id="s0_sp5" child="s0_sp6 s0_sp7" category="N" rule="fa"/>
    <span start="0" span="1" pos="JJ" chunk="I-NP" entity="O" id="s0_sp6" surf="&lt;" base="&lt;" terminal="t0_0" category="N/N"/>
    <span start="1" span="1" pos="NN" chunk="I-NP" entity="O" id="s0_sp7" surf="code" base="code" terminal="t0_1" category="N"/>
    <span start="2" span="1" pos="VBD" chunk="I-VP" entity="O" id="s0_sp8" surf="&gt;" base="&gt;" terminal="t0_2" category="(S[dcl=true]\NP)/NP"/>
    <span id="s0_sp9" child="s0_sp10" category="S[X=true]\S[X=true]" rule="lex"/>
    <span id="s0_sp10" child="s0_sp11 s0_sp35" category="S[dcl=true]" rule="ba"/>
    <span id="s0_sp11" child="s0_sp12" category="NP" rule="lex"/>
    <span id="s0_sp12" child="s0_sp13 s0_sp16" category="N" rule="fa"/>
    <span id="s0_sp13" child="s0_sp14 s0_sp15" category="N/N" rule="fa"/>
    <span start="3" span="1" pos="CD" chunk="I-NP" entity="O" id="s0_sp14" surf="1" base="1" terminal="t0_3" category="(N/N)/(N/N)"/>
    <span start="4" span="1" pos="CD" chunk="I-NP" entity="O" id="s0_sp15" surf="&lt;" base="&lt;" terminal="t0_4" category="N/N"/>
    <span id="s0_sp16" child="s0_sp17 s0_sp18" category="N" rule="fa"/>
    <span start="5" span="1" pos="JJ" chunk="I-NP" entity="O" id="s0_sp17" surf="=" base="=" terminal="t0_5" category="N/N"/>
    <span id="s0_sp18" child="s0_sp19 s0_sp20" category="N" rule="fa"/>
    <span start="6" span="1" pos="NN" chunk="I-NP" entity="O" id="s0_sp19" surf="height" base="height" terminal="t0_6" category="N/N"/>
    <span id="s0_sp20" child="s0_sp21 s0_sp22" category="N" rule="fa"/>
    <span start="7" span="1" pos="NN" chunk="I-NP" entity="O" id="s0_sp21" surf="&lt;" base="&lt;" terminal="t0_7" category="N/N"/>
    <span id="s0_sp22" child="s0_sp23 s0_sp24" category="N" rule="fa"/>
    <span start="8" span="1" pos="NN" chunk="I-NP" entity="O" id="s0_sp23" surf="sub" base="sub" terminal="t0_8" category="N/N"/>
    <span id="s0_sp24" child="s0_sp25 s0_sp26" category="N" rule="fa"/>
    <span start="9" span="1" pos="NNP" chunk="I-NP" entity="I-PER" id="s0_sp25" surf="&gt;" base="&gt;" terminal="t0_9" category="N/N"/>
    <span id="s0_sp26" child="s0_sp27 s0_sp28" category="N" rule="fa"/>
    <span start="10" span="1" pos="NNP" chunk="I-NP" entity="I-PER" id="s0_sp27" surf="i" base="i" terminal="t0_10" category="N/N"/>
    <span id="s0_sp28" child="s0_sp29 s0_sp30" category="N" rule="fa"/>
    <span start="11" span="1" pos="NNP" chunk="I-NP" entity="I-PER" id="s0_sp29" surf="&lt;" base="&lt;" terminal="t0_11" category="N/N"/>
    <span id="s0_sp30" child="s0_sp31 s0_sp32" category="N" rule="fa"/>
    <span start="12" span="1" pos="NNP" chunk="I-NP" entity="I-PER" id="s0_sp31" surf="/sub" base="/sub" terminal="t0_12" category="N/N"/>
    <span id="s0_sp32" child="s0_sp33 s0_sp34" category="N" rule="fa"/>
    <span start="13" span="1" pos="NNP" chunk="I-NP" entity="I-PER" id="s0_sp33" surf="&gt;" base="&gt;" terminal="t0_13" category="N/N"/>
    <span start="14" span="1" pos="NNP" chunk="I-NP" entity="I-PER" id="s0_sp34" surf="&lt;" base="&lt;" terminal="t0_14" category="N"/>
    <span id="s0_sp35" child="s0_sp36 s0_sp37" category="S[dcl=true]\NP" rule="fa"/>
    <span start="15" span="1" pos="VBD" chunk="I-VP" entity="I-PER" id="s0_sp36" surf="=" base="=" terminal="t0_15" category="(S[dcl=true]\NP)/NP"/>
    <span id="s0_sp37" child="s0_sp38 s0_sp54" category="NP" rule="rp"/>
    <span id="s0_sp38" child="s0_sp39" category="NP" rule="lex"/>
    <span id="s0_sp39" child="s0_sp40 s0_sp43" category="N" rule="fa"/>
    <span id="s0_sp40" child="s0_sp41 s0_sp42" category="N/N" rule="fa"/>
    <span start="16" span="1" pos="CD" chunk="I-NP" entity="I-TIM" id="s0_sp41" surf="2" base="2" terminal="t0_16" category="(N/N)/(N/N)"/>
    <span start="17" span="1" pos="CD" chunk="I-NP" entity="I-TIM" id="s0_sp42" surf="&lt;" base="&lt;" terminal="t0_17" category="N/N"/>
    <span id="s0_sp43" child="s0_sp44 s0_sp45" category="N" rule="fa"/>
    <span start="18" span="1" pos="NN" chunk="I-NP" entity="I-TIM" id="s0_sp44" surf="sup" base="sup" terminal="t0_18" category="N/N"/>
    <span id="s0_sp45" child="s0_sp46 s0_sp47" category="N" rule="fa"/>
    <span start="19" span="1" pos="NNP" chunk="B-NP" entity="I-TIM" id="s0_sp46" surf="&gt;" base="&gt;" terminal="t0_19" category="N/N"/>
    <span id="s0_sp47" child="s0_sp48 s0_sp49" category="N" rule="fa"/>
    <span start="20" span="1" pos="CD" chunk="I-NP" entity="I-TIM" id="s0_sp48" surf="31" base="31" terminal="t0_20" category="N/N"/>
    <span id="s0_sp49" child="s0_sp50 s0_sp51" category="N" rule="fa"/>
    <span start="21" span="1" pos="NN" chunk="I-NP" entity="I-TIM" id="s0_sp50" surf="&lt;" base="&lt;" terminal="t0_21" category="N/N"/>
    <span id="s0_sp51" child="s0_sp52 s0_sp53" category="N" rule="fa"/>
    <span start="22" span="1" pos="NN" chunk="I-NP" entity="I-TIM" id="s0_sp52" surf="/sup" base="/sup" terminal="t0_22" category="N/N"/>
    <span start="23" span="1" pos="SYM" chunk="B-NP" entity="I-TIM" id="s0_sp53" surf="&gt;" base="&gt;" terminal="t0_23" category="N"/>
    <span start="24" span="1" pos=":" chunk="O" entity="I-TIM" id="s0_sp54" surf="-" base="-" terminal="t0_24" category=":"/>
    <span id="s0_sp55" child="s0_sp56" category="NP" rule="lex"/>
    <span id="s0_sp56" child="s0_sp57 s0_sp58" category="N" rule="fa"/>
    <span start="25" span="1" pos="CD" chunk="I-NP" entity="I-TIM" id="s0_sp57" surf="1" base="1" terminal="t0_25" category="N/N"/>
    <span id="s0_sp58" child="s0_sp59 s0_sp60" category="N" rule="fa"/>
    <span start="26" span="1" pos="JJ" chunk="I-NP" entity="I-TIM" id="s0_sp59" surf="&lt;" base="&lt;" terminal="t0_26" category="N/N"/>
    <span id="s0_sp60" child="s0_sp61 s0_sp62" category="N" rule="fa"/>
    <span start="27" span="1" pos="NN" chunk="I-NP" entity="I-TIM" id="s0_sp61" surf="/code" base="/code" terminal="t0_27" category="N/N"/>
    <span start="28" span="1" pos="NN" chunk="I-NP" entity="I-TIM" id="s0_sp62" surf="&gt;" base="&gt;" terminal="t0_28" category="N"/>
  </ccg>
</sentence>

