[05/24 20:46:49] [INFO   ] org.mutationtesting.major.plugin.MajorPluginTaskListener.<init>:
    Created MajorPluginTaskListener with options: [mml:../../major/mml/all.mml.bin]
[05/24 20:46:49] [INFO   ] org.mutationtesting.major.mutation.Mutator.initOperatorSymbols:
    Initializing operator symbols for opcode mapping
[05/24 20:46:49] [INFO   ] org.mutationtesting.major.mutation.Mutator.mutateTree:
    Mutating tree: Env[AttrContext[Scope[super, this]],outer=Env[AttrContext[Scope[g0001_0100.s0007_reverse_integer.Solution]]]]
[05/24 20:46:49] [INFO   ] org.mutationtesting.major.mutation.Mutator.visitClassDef:
    CLASS: g0001_0100.s0007_reverse_integer.Solution
[05/24 20:46:49] [INFO   ] org.mutationtesting.major.mutation.Mutator.visitMethodDef:
    METHOD: <init>([])null
[05/24 20:46:49] [INFO   ] org.mutationtesting.major.mutation.Mutator.visitMethodDef:
    METHOD: reverse([int x])int
[05/24 20:46:49] [INFO   ] org.mutationtesting.major.mutation.Mutator.nextMutant:
    Creating mutant 1
[05/24 20:46:49] [INFO   ] org.mutationtesting.major.mutation.Mutator.logMutant:
    Logging mutant 1: Solution.reverse(line 11, col 18)
            mutation operator group:   ROR
            mutation operator:         !=(int,int) |==> <(int,int)
            original:                  x != 0 
            mutant:                    x < 0
[05/24 20:46:49] [INFO   ] org.mutationtesting.major.mutation.Mutator.nextMutant:
    Creating mutant 2
[05/24 20:46:49] [INFO   ] org.mutationtesting.major.mutation.Mutator.logMutant:
    Logging mutant 2: Solution.reverse(line 11, col 18)
            mutation operator group:   ROR
            mutation operator:         !=(int,int) |==> >(int,int)
            original:                  x != 0 
            mutant:                    x > 0
[05/24 20:46:49] [INFO   ] org.mutationtesting.major.mutation.Mutator.nextMutant:
    Creating mutant 3
[05/24 20:46:49] [INFO   ] org.mutationtesting.major.mutation.Mutator.logMutant:
    Logging mutant 3: Solution.reverse(line 11, col 18)
            mutation operator group:   ROR
            mutation operator:         !=(int,int) |==> TRUE(int,int)
            original:                  x != 0 
            mutant:                    true
[05/24 20:46:49] [INFO   ] org.mutationtesting.major.mutation.Mutator.nextMutant:
    Creating mutant 4
[05/24 20:46:49] [INFO   ] org.mutationtesting.major.mutation.Mutator.logMutant:
    Logging mutant 4: Solution.reverse(line 12, col 24)
            mutation operator group:   AOR
            mutation operator:         *(long,long) |==> %(long,long)
            original:                  rev * 10 
            mutant:                    rev % 10
[05/24 20:46:49] [INFO   ] org.mutationtesting.major.mutation.Mutator.nextMutant:
    Creating mutant 5
[05/24 20:46:49] [INFO   ] org.mutationtesting.major.mutation.Mutator.logMutant:
    Logging mutant 5: Solution.reverse(line 12, col 24)
            mutation operator group:   AOR
            mutation operator:         *(long,long) |==> +(long,long)
            original:                  rev * 10 
            mutant:                    rev + 10
[05/24 20:46:49] [INFO   ] org.mutationtesting.major.mutation.Mutator.nextMutant:
    Creating mutant 6
[05/24 20:46:49] [INFO   ] org.mutationtesting.major.mutation.Mutator.logMutant:
    Logging mutant 6: Solution.reverse(line 12, col 24)
            mutation operator group:   AOR
            mutation operator:         *(long,long) |==> -(long,long)
            original:                  rev * 10 
            mutant:                    rev - 10
[05/24 20:46:49] [INFO   ] org.mutationtesting.major.mutation.Mutator.nextMutant:
    Creating mutant 7
[05/24 20:46:49] [INFO   ] org.mutationtesting.major.mutation.Mutator.logMutant:
    Logging mutant 7: Solution.reverse(line 12, col 24)
            mutation operator group:   AOR
            mutation operator:         *(long,long) |==> /(long,long)
            original:                  rev * 10 
            mutant:                    rev / 10
[05/24 20:46:49] [INFO   ] org.mutationtesting.major.mutation.Mutator.nextMutant:
    Creating mutant 8
[05/24 20:46:49] [INFO   ] org.mutationtesting.major.mutation.Mutator.logMutant:
    Logging mutant 8: Solution.reverse(line 12, col 35)
            mutation operator group:   AOR
            mutation operator:         %(int,int) |==> *(int,int)
            original:                  x % 10 
            mutant:                    x * 10
[05/24 20:46:49] [INFO   ] org.mutationtesting.major.mutation.Mutator.nextMutant:
    Creating mutant 9
[05/24 20:46:49] [INFO   ] org.mutationtesting.major.mutation.Mutator.logMutant:
    Logging mutant 9: Solution.reverse(line 12, col 35)
            mutation operator group:   AOR
            mutation operator:         %(int,int) |==> +(int,int)
            original:                  x % 10 
            mutant:                    x + 10
[05/24 20:46:49] [INFO   ] org.mutationtesting.major.mutation.Mutator.nextMutant:
    Creating mutant 10
[05/24 20:46:49] [INFO   ] org.mutationtesting.major.mutation.Mutator.logMutant:
    Logging mutant 10: Solution.reverse(line 12, col 35)
            mutation operator group:   AOR
            mutation operator:         %(int,int) |==> -(int,int)
            original:                  x % 10 
            mutant:                    x - 10
[05/24 20:46:49] [INFO   ] org.mutationtesting.major.mutation.Mutator.nextMutant:
    Creating mutant 11
[05/24 20:46:49] [INFO   ] org.mutationtesting.major.mutation.Mutator.logMutant:
    Logging mutant 11: Solution.reverse(line 12, col 35)
            mutation operator group:   AOR
            mutation operator:         %(int,int) |==> /(int,int)
            original:                  x % 10 
            mutant:                    x / 10
[05/24 20:46:49] [INFO   ] org.mutationtesting.major.mutation.Mutator.nextMutant:
    Creating mutant 12
[05/24 20:46:49] [INFO   ] org.mutationtesting.major.mutation.Mutator.logMutant:
    Logging mutant 12: Solution.reverse(line 12, col 30)
            mutation operator group:   AOR
            mutation operator:         +(long,long) |==> %(long,long)
            original:                  (rev * 10) + (x % 10) 
            mutant:                    (rev * 10) % (x % 10)
[05/24 20:46:49] [INFO   ] org.mutationtesting.major.mutation.Mutator.nextMutant:
    Creating mutant 13
[05/24 20:46:49] [INFO   ] org.mutationtesting.major.mutation.Mutator.logMutant:
    Logging mutant 13: Solution.reverse(line 12, col 30)
            mutation operator group:   AOR
            mutation operator:         +(long,long) |==> *(long,long)
            original:                  (rev * 10) + (x % 10) 
            mutant:                    (rev * 10) * (x % 10)
[05/24 20:46:49] [INFO   ] org.mutationtesting.major.mutation.Mutator.nextMutant:
    Creating mutant 14
[05/24 20:46:49] [INFO   ] org.mutationtesting.major.mutation.Mutator.logMutant:
    Logging mutant 14: Solution.reverse(line 12, col 30)
            mutation operator group:   AOR
            mutation operator:         +(long,long) |==> -(long,long)
            original:                  (rev * 10) + (x % 10) 
            mutant:                    (rev * 10) - (x % 10)
[05/24 20:46:49] [INFO   ] org.mutationtesting.major.mutation.Mutator.nextMutant:
    Creating mutant 15
[05/24 20:46:49] [INFO   ] org.mutationtesting.major.mutation.Mutator.logMutant:
    Logging mutant 15: Solution.reverse(line 12, col 30)
            mutation operator group:   AOR
            mutation operator:         +(long,long) |==> /(long,long)
            original:                  (rev * 10) + (x % 10) 
            mutant:                    (rev * 10) / (x % 10)
[05/24 20:46:49] [INFO   ] org.mutationtesting.major.mutation.Mutator.nextMutant:
    Creating mutant 16
[05/24 20:46:49] [INFO   ] org.mutationtesting.major.mutation.Mutator.logMutantSTD:
    Logging mutantSTD 16: (STD) rev = (rev * 10) + (x % 10); -> <NO-OP>
[05/24 20:46:49] [INFO   ] org.mutationtesting.major.mutation.Mutator.nextMutant:
    Creating mutant 17
[05/24 20:46:49] [INFO   ] org.mutationtesting.major.mutation.Mutator.logMutantSTD:
    Logging mutantSTD 17: (STD) x /= 10; -> <NO-OP>
[05/24 20:46:49] [INFO   ] org.mutationtesting.major.mutation.Mutator.nextMutant:
    Creating mutant 18
[05/24 20:46:49] [INFO   ] org.mutationtesting.major.mutation.Mutator.logMutant:
    Logging mutant 18: Solution.reverse(line 15, col 17)
            mutation operator group:   ROR
            mutation operator:         >(long,long) |==> !=(long,long)
            original:                  rev > Integer.MAX_VALUE 
            mutant:                    rev != Integer.MAX_VALUE
[05/24 20:46:49] [INFO   ] org.mutationtesting.major.mutation.Mutator.nextMutant:
    Creating mutant 19
[05/24 20:46:49] [INFO   ] org.mutationtesting.major.mutation.Mutator.logMutant:
    Logging mutant 19: Solution.reverse(line 15, col 17)
            mutation operator group:   ROR
            mutation operator:         >(long,long) |==> >=(long,long)
            original:                  rev > Integer.MAX_VALUE 
            mutant:                    rev >= Integer.MAX_VALUE
[05/24 20:46:49] [INFO   ] org.mutationtesting.major.mutation.Mutator.nextMutant:
    Creating mutant 20
[05/24 20:46:49] [INFO   ] org.mutationtesting.major.mutation.Mutator.logMutant:
    Logging mutant 20: Solution.reverse(line 15, col 17)
            mutation operator group:   ROR
            mutation operator:         >(long,long) |==> FALSE(long,long)
            original:                  rev > Integer.MAX_VALUE 
            mutant:                    false
[05/24 20:46:49] [INFO   ] org.mutationtesting.major.mutation.Mutator.nextMutant:
    Creating mutant 21
[05/24 20:46:49] [INFO   ] org.mutationtesting.major.mutation.Mutator.logMutant:
    Logging mutant 21: Solution.reverse(line 15, col 44)
            mutation operator group:   ROR
            mutation operator:         <(long,long) |==> !=(long,long)
            original:                  rev < Integer.MIN_VALUE 
            mutant:                    rev != Integer.MIN_VALUE
[05/24 20:46:49] [INFO   ] org.mutationtesting.major.mutation.Mutator.nextMutant:
    Creating mutant 22
[05/24 20:46:49] [INFO   ] org.mutationtesting.major.mutation.Mutator.logMutant:
    Logging mutant 22: Solution.reverse(line 15, col 44)
            mutation operator group:   ROR
            mutation operator:         <(long,long) |==> <=(long,long)
            original:                  rev < Integer.MIN_VALUE 
            mutant:                    rev <= Integer.MIN_VALUE
[05/24 20:46:49] [INFO   ] org.mutationtesting.major.mutation.Mutator.nextMutant:
    Creating mutant 23
[05/24 20:46:49] [INFO   ] org.mutationtesting.major.mutation.Mutator.logMutant:
    Logging mutant 23: Solution.reverse(line 15, col 44)
            mutation operator group:   ROR
            mutation operator:         <(long,long) |==> FALSE(long,long)
            original:                  rev < Integer.MIN_VALUE 
            mutant:                    false
[05/24 20:46:49] [INFO   ] org.mutationtesting.major.mutation.Mutator.nextMutant:
    Creating mutant 24
[05/24 20:46:49] [INFO   ] org.mutationtesting.major.mutation.Mutator.logMutant:
    Logging mutant 24: Solution.reverse(line 15, col 37)
            mutation operator group:   COR
            mutation operator:         ||(boolean,boolean) |==> !=(boolean,boolean)
            original:                  rev > Integer.MAX_VALUE || rev < Integer.MIN_VALUE 
            mutant:                    rev > Integer.MAX_VALUE != rev < Integer.MIN_VALUE
[05/24 20:46:49] [INFO   ] org.mutationtesting.major.mutation.Mutator.nextMutant:
    Creating mutant 25
[05/24 20:46:49] [INFO   ] org.mutationtesting.major.mutation.Mutator.logMutant:
    Logging mutant 25: Solution.reverse(line 15, col 17)
            mutation operator group:   COR
            mutation operator:         ||(boolean,boolean) |==> LHS(boolean,boolean)
            original:                  rev > Integer.MAX_VALUE || rev < Integer.MIN_VALUE 
            mutant:                    rev > Integer.MAX_VALUE
[05/24 20:46:49] [INFO   ] org.mutationtesting.major.mutation.Mutator.nextMutant:
    Creating mutant 26
[05/24 20:46:49] [INFO   ] org.mutationtesting.major.mutation.Mutator.logMutant:
    Logging mutant 26: Solution.reverse(line 15, col 44)
            mutation operator group:   COR
            mutation operator:         ||(boolean,boolean) |==> RHS(boolean,boolean)
            original:                  rev > Integer.MAX_VALUE || rev < Integer.MIN_VALUE 
            mutant:                    rev < Integer.MIN_VALUE
[05/24 20:46:49] [INFO   ] org.mutationtesting.major.mutation.Mutator.nextMutant:
    Creating mutant 27
[05/24 20:46:49] [INFO   ] org.mutationtesting.major.mutation.Mutator.logMutant:
    Logging mutant 27: Solution.reverse(line 15, col 37)
            mutation operator group:   COR
            mutation operator:         ||(boolean,boolean) |==> TRUE(boolean,boolean)
            original:                  rev > Integer.MAX_VALUE || rev < Integer.MIN_VALUE 
            mutant:                    true
[05/24 20:46:49] [INFO   ] org.mutationtesting.major.mutation.Mutator.nextMutant:
    Creating mutant 28
[05/24 20:46:49] [INFO   ] org.mutationtesting.major.mutation.Mutator.logMutantSTD:
    Logging mutantSTD 28: (STD) return 0; -> <NO-OP>
[05/24 20:46:49] [INFO   ] org.mutationtesting.major.plugin.MajorPluginTaskListener.mutate:
    Generated 28 mutants (101 ms)
