[05/24 20:47:32] [INFO   ] org.mutationtesting.major.plugin.MajorPluginTaskListener.<init>:
    Created MajorPluginTaskListener with options: [mml:../../major/mml/all.mml.bin]
[05/24 20:47:33] [INFO   ] org.mutationtesting.major.mutation.Mutator.initOperatorSymbols:
    Initializing operator symbols for opcode mapping
[05/24 20:47:33] [INFO   ] org.mutationtesting.major.mutation.Mutator.mutateTree:
    Mutating tree: Env[AttrContext[Scope[super, this]],outer=Env[AttrContext[Scope[g0301_0400.s0392_is_subsequence.Solution]]]]
[05/24 20:47:33] [INFO   ] org.mutationtesting.major.mutation.Mutator.visitClassDef:
    CLASS: g0301_0400.s0392_is_subsequence.Solution
[05/24 20:47:33] [INFO   ] org.mutationtesting.major.mutation.Mutator.visitMethodDef:
    METHOD: <init>([])null
[05/24 20:47:33] [INFO   ] org.mutationtesting.major.mutation.Mutator.visitMethodDef:
    METHOD: isSubsequence([String s, String t])boolean
[05/24 20:47:33] [INFO   ] org.mutationtesting.major.mutation.Mutator.nextMutant:
    Creating mutant 1
[05/24 20:47:33] [INFO   ] org.mutationtesting.major.mutation.Mutator.logMutant:
    Logging mutant 1: Solution.isSubsequence(line 7, col 98)
            mutation operator group:   ROR
            mutation operator:         <(int,int) |==> !=(int,int)
            original:                  sIndex < s.length() 
            mutant:                    sIndex != s.length()
[05/24 20:47:33] [INFO   ] org.mutationtesting.major.mutation.Mutator.nextMutant:
    Creating mutant 2
[05/24 20:47:33] [INFO   ] org.mutationtesting.major.mutation.Mutator.logMutant:
    Logging mutant 2: Solution.isSubsequence(line 7, col 98)
            mutation operator group:   ROR
            mutation operator:         <(int,int) |==> <=(int,int)
            original:                  sIndex < s.length() 
            mutant:                    sIndex <= s.length()
[05/24 20:47:33] [INFO   ] org.mutationtesting.major.mutation.Mutator.nextMutant:
    Creating mutant 3
[05/24 20:47:33] [INFO   ] org.mutationtesting.major.mutation.Mutator.logMutant:
    Logging mutant 3: Solution.isSubsequence(line 7, col 98)
            mutation operator group:   ROR
            mutation operator:         <(int,int) |==> FALSE(int,int)
            original:                  sIndex < s.length() 
            mutant:                    false
[05/24 20:47:33] [INFO   ] org.mutationtesting.major.mutation.Mutator.nextMutant:
    Creating mutant 4
[05/24 20:47:33] [INFO   ] org.mutationtesting.major.mutation.Mutator.logMutant:
    Logging mutant 4: Solution.isSubsequence(line 7, col 121)
            mutation operator group:   ROR
            mutation operator:         <(int,int) |==> !=(int,int)
            original:                  tIndex < t.length() 
            mutant:                    tIndex != t.length()
[05/24 20:47:33] [INFO   ] org.mutationtesting.major.mutation.Mutator.nextMutant:
    Creating mutant 5
[05/24 20:47:33] [INFO   ] org.mutationtesting.major.mutation.Mutator.logMutant:
    Logging mutant 5: Solution.isSubsequence(line 7, col 121)
            mutation operator group:   ROR
            mutation operator:         <(int,int) |==> <=(int,int)
            original:                  tIndex < t.length() 
            mutant:                    tIndex <= t.length()
[05/24 20:47:33] [INFO   ] org.mutationtesting.major.mutation.Mutator.nextMutant:
    Creating mutant 6
[05/24 20:47:33] [INFO   ] org.mutationtesting.major.mutation.Mutator.logMutant:
    Logging mutant 6: Solution.isSubsequence(line 7, col 121)
            mutation operator group:   ROR
            mutation operator:         <(int,int) |==> FALSE(int,int)
            original:                  tIndex < t.length() 
            mutant:                    false
[05/24 20:47:33] [INFO   ] org.mutationtesting.major.mutation.Mutator.nextMutant:
    Creating mutant 7
[05/24 20:47:33] [INFO   ] org.mutationtesting.major.mutation.Mutator.logMutant:
    Logging mutant 7: Solution.isSubsequence(line 7, col 111)
            mutation operator group:   COR
            mutation operator:         &&(boolean,boolean) |==> ==(boolean,boolean)
            original:                  sIndex < s.length() && tIndex < t.length() 
            mutant:                    sIndex < s.length() == tIndex < t.length()
[05/24 20:47:33] [INFO   ] org.mutationtesting.major.mutation.Mutator.nextMutant:
    Creating mutant 8
[05/24 20:47:33] [INFO   ] org.mutationtesting.major.mutation.Mutator.logMutant:
    Logging mutant 8: Solution.isSubsequence(line 7, col 111)
            mutation operator group:   COR
            mutation operator:         &&(boolean,boolean) |==> FALSE(boolean,boolean)
            original:                  sIndex < s.length() && tIndex < t.length() 
            mutant:                    false
[05/24 20:47:33] [INFO   ] org.mutationtesting.major.mutation.Mutator.nextMutant:
    Creating mutant 9
[05/24 20:47:33] [INFO   ] org.mutationtesting.major.mutation.Mutator.logMutant:
    Logging mutant 9: Solution.isSubsequence(line 7, col 98)
            mutation operator group:   COR
            mutation operator:         &&(boolean,boolean) |==> LHS(boolean,boolean)
            original:                  sIndex < s.length() && tIndex < t.length() 
            mutant:                    sIndex < s.length()
[05/24 20:47:33] [INFO   ] org.mutationtesting.major.mutation.Mutator.nextMutant:
    Creating mutant 10
[05/24 20:47:33] [INFO   ] org.mutationtesting.major.mutation.Mutator.logMutant:
    Logging mutant 10: Solution.isSubsequence(line 7, col 121)
            mutation operator group:   COR
            mutation operator:         &&(boolean,boolean) |==> RHS(boolean,boolean)
            original:                  sIndex < s.length() && tIndex < t.length() 
            mutant:                    tIndex < t.length()
[05/24 20:47:33] [INFO   ] org.mutationtesting.major.mutation.Mutator.nextMutant:
    Creating mutant 11
[05/24 20:47:33] [INFO   ] org.mutationtesting.major.mutation.Mutator.logMutant:
    Logging mutant 11: Solution.isSubsequence(line 7, col 158)
            mutation operator group:   ROR
            mutation operator:         ==(int,int) |==> <=(int,int)
            original:                  s.charAt(sIndex) == t.charAt(tIndex) 
            mutant:                    s.charAt(sIndex) <= t.charAt(tIndex)
[05/24 20:47:33] [INFO   ] org.mutationtesting.major.mutation.Mutator.nextMutant:
    Creating mutant 12
[05/24 20:47:33] [INFO   ] org.mutationtesting.major.mutation.Mutator.logMutant:
    Logging mutant 12: Solution.isSubsequence(line 7, col 158)
            mutation operator group:   ROR
            mutation operator:         ==(int,int) |==> >=(int,int)
            original:                  s.charAt(sIndex) == t.charAt(tIndex) 
            mutant:                    s.charAt(sIndex) >= t.charAt(tIndex)
[05/24 20:47:33] [INFO   ] org.mutationtesting.major.mutation.Mutator.nextMutant:
    Creating mutant 13
[05/24 20:47:33] [INFO   ] org.mutationtesting.major.mutation.Mutator.logMutant:
    Logging mutant 13: Solution.isSubsequence(line 7, col 158)
            mutation operator group:   ROR
            mutation operator:         ==(int,int) |==> FALSE(int,int)
            original:                  s.charAt(sIndex) == t.charAt(tIndex) 
            mutant:                    false
[05/24 20:47:33] [INFO   ] org.mutationtesting.major.mutation.Mutator.nextMutant:
    Creating mutant 14
[05/24 20:47:33] [INFO   ] org.mutationtesting.major.mutation.Mutator.logMutantSTD:
    Logging mutantSTD 14: (STD) sIndex++; -> <NO-OP>
[05/24 20:47:33] [INFO   ] org.mutationtesting.major.mutation.Mutator.nextMutant:
    Creating mutant 15
[05/24 20:47:33] [INFO   ] org.mutationtesting.major.mutation.Mutator.logMutantSTD:
    Logging mutantSTD 15: (STD) tIndex++; -> <NO-OP>
[05/24 20:47:33] [INFO   ] org.mutationtesting.major.mutation.Mutator.nextMutant:
    Creating mutant 16
[05/24 20:47:33] [INFO   ] org.mutationtesting.major.mutation.Mutator.logMutant:
    Logging mutant 16: Solution.isSubsequence(line 7, col 219)
            mutation operator group:   ROR
            mutation operator:         ==(int,int) |==> <=(int,int)
            original:                  sIndex == s.length() 
            mutant:                    sIndex <= s.length()
[05/24 20:47:33] [INFO   ] org.mutationtesting.major.mutation.Mutator.nextMutant:
    Creating mutant 17
[05/24 20:47:33] [INFO   ] org.mutationtesting.major.mutation.Mutator.logMutant:
    Logging mutant 17: Solution.isSubsequence(line 7, col 219)
            mutation operator group:   ROR
            mutation operator:         ==(int,int) |==> >=(int,int)
            original:                  sIndex == s.length() 
            mutant:                    sIndex >= s.length()
[05/24 20:47:33] [INFO   ] org.mutationtesting.major.mutation.Mutator.nextMutant:
    Creating mutant 18
[05/24 20:47:33] [INFO   ] org.mutationtesting.major.mutation.Mutator.logMutant:
    Logging mutant 18: Solution.isSubsequence(line 7, col 219)
            mutation operator group:   ROR
            mutation operator:         ==(int,int) |==> FALSE(int,int)
            original:                  sIndex == s.length() 
            mutant:                    false
[05/24 20:47:33] [INFO   ] org.mutationtesting.major.mutation.Mutator.visitMethodDef:
    METHOD: isSubsequence([String s, String t])boolean
[05/24 20:47:33] [INFO   ] org.mutationtesting.major.mutation.Mutator.nextMutant:
    Creating mutant 19
[05/24 20:47:33] [INFO   ] org.mutationtesting.major.mutation.Mutator.logMutant:
    Logging mutant 19: Solution.isSubsequence(line 15, col 15)
            mutation operator group:   ROR
            mutation operator:         ==(int,int) |==> <=(int,int)
            original:                  m == 0 
            mutant:                    m <= 0
[05/24 20:47:33] [INFO   ] org.mutationtesting.major.mutation.Mutator.nextMutant:
    Creating mutant 20
[05/24 20:47:33] [INFO   ] org.mutationtesting.major.mutation.Mutator.logMutant:
    Logging mutant 20: Solution.isSubsequence(line 15, col 15)
            mutation operator group:   ROR
            mutation operator:         ==(int,int) |==> >=(int,int)
            original:                  m == 0 
            mutant:                    m >= 0
[05/24 20:47:33] [INFO   ] org.mutationtesting.major.mutation.Mutator.nextMutant:
    Creating mutant 21
[05/24 20:47:33] [INFO   ] org.mutationtesting.major.mutation.Mutator.logMutant:
    Logging mutant 21: Solution.isSubsequence(line 15, col 15)
            mutation operator group:   ROR
            mutation operator:         ==(int,int) |==> FALSE(int,int)
            original:                  m == 0 
            mutant:                    false
[05/24 20:47:33] [INFO   ] org.mutationtesting.major.mutation.Mutator.nextMutant:
    Creating mutant 22
[05/24 20:47:33] [INFO   ] org.mutationtesting.major.mutation.Mutator.logMutantSTD:
    Logging mutantSTD 22: (STD) return true; -> <NO-OP>
[05/24 20:47:33] [INFO   ] org.mutationtesting.major.mutation.Mutator.nextMutant:
    Creating mutant 23
[05/24 20:47:33] [INFO   ] org.mutationtesting.major.mutation.Mutator.logMutant:
    Logging mutant 23: Solution.isSubsequence(line 18, col 18)
            mutation operator group:   ROR
            mutation operator:         <(int,int) |==> !=(int,int)
            original:                  j < n 
            mutant:                    j != n
[05/24 20:47:33] [INFO   ] org.mutationtesting.major.mutation.Mutator.nextMutant:
    Creating mutant 24
[05/24 20:47:33] [INFO   ] org.mutationtesting.major.mutation.Mutator.logMutant:
    Logging mutant 24: Solution.isSubsequence(line 18, col 18)
            mutation operator group:   ROR
            mutation operator:         <(int,int) |==> <=(int,int)
            original:                  j < n 
            mutant:                    j <= n
[05/24 20:47:33] [INFO   ] org.mutationtesting.major.mutation.Mutator.nextMutant:
    Creating mutant 25
[05/24 20:47:33] [INFO   ] org.mutationtesting.major.mutation.Mutator.logMutant:
    Logging mutant 25: Solution.isSubsequence(line 18, col 18)
            mutation operator group:   ROR
            mutation operator:         <(int,int) |==> FALSE(int,int)
            original:                  j < n 
            mutant:                    false
[05/24 20:47:33] [INFO   ] org.mutationtesting.major.mutation.Mutator.nextMutant:
    Creating mutant 26
[05/24 20:47:33] [INFO   ] org.mutationtesting.major.mutation.Mutator.logMutant:
    Logging mutant 26: Solution.isSubsequence(line 19, col 29)
            mutation operator group:   ROR
            mutation operator:         ==(int,int) |==> <=(int,int)
            original:                  s.charAt(i) == t.charAt(j) 
            mutant:                    s.charAt(i) <= t.charAt(j)
[05/24 20:47:33] [INFO   ] org.mutationtesting.major.mutation.Mutator.nextMutant:
    Creating mutant 27
[05/24 20:47:33] [INFO   ] org.mutationtesting.major.mutation.Mutator.logMutant:
    Logging mutant 27: Solution.isSubsequence(line 19, col 29)
            mutation operator group:   ROR
            mutation operator:         ==(int,int) |==> >=(int,int)
            original:                  s.charAt(i) == t.charAt(j) 
            mutant:                    s.charAt(i) >= t.charAt(j)
[05/24 20:47:33] [INFO   ] org.mutationtesting.major.mutation.Mutator.nextMutant:
    Creating mutant 28
[05/24 20:47:33] [INFO   ] org.mutationtesting.major.mutation.Mutator.logMutant:
    Logging mutant 28: Solution.isSubsequence(line 19, col 29)
            mutation operator group:   ROR
            mutation operator:         ==(int,int) |==> FALSE(int,int)
            original:                  s.charAt(i) == t.charAt(j) 
            mutant:                    false
[05/24 20:47:33] [INFO   ] org.mutationtesting.major.mutation.Mutator.nextMutant:
    Creating mutant 29
[05/24 20:47:33] [INFO   ] org.mutationtesting.major.mutation.Mutator.logMutantSTD:
    Logging mutantSTD 29: (STD) i++; -> <NO-OP>
[05/24 20:47:33] [INFO   ] org.mutationtesting.major.mutation.Mutator.nextMutant:
    Creating mutant 30
[05/24 20:47:33] [INFO   ] org.mutationtesting.major.mutation.Mutator.logMutant:
    Logging mutant 30: Solution.isSubsequence(line 21, col 23)
            mutation operator group:   ROR
            mutation operator:         ==(int,int) |==> <=(int,int)
            original:                  i == m 
            mutant:                    i <= m
[05/24 20:47:33] [INFO   ] org.mutationtesting.major.mutation.Mutator.nextMutant:
    Creating mutant 31
[05/24 20:47:33] [INFO   ] org.mutationtesting.major.mutation.Mutator.logMutant:
    Logging mutant 31: Solution.isSubsequence(line 21, col 23)
            mutation operator group:   ROR
            mutation operator:         ==(int,int) |==> >=(int,int)
            original:                  i == m 
            mutant:                    i >= m
[05/24 20:47:33] [INFO   ] org.mutationtesting.major.mutation.Mutator.nextMutant:
    Creating mutant 32
[05/24 20:47:33] [INFO   ] org.mutationtesting.major.mutation.Mutator.logMutant:
    Logging mutant 32: Solution.isSubsequence(line 21, col 23)
            mutation operator group:   ROR
            mutation operator:         ==(int,int) |==> FALSE(int,int)
            original:                  i == m 
            mutant:                    false
[05/24 20:47:33] [INFO   ] org.mutationtesting.major.mutation.Mutator.nextMutant:
    Creating mutant 33
[05/24 20:47:33] [INFO   ] org.mutationtesting.major.mutation.Mutator.logMutantSTD:
    Logging mutantSTD 33: (STD) return true; -> <NO-OP>
[05/24 20:47:33] [INFO   ] org.mutationtesting.major.mutation.Mutator.nextMutant:
    Creating mutant 34
[05/24 20:47:33] [INFO   ] org.mutationtesting.major.mutation.Mutator.logMutantSTD:
    Logging mutantSTD 34: (STD) j++; -> <NO-OP>
[05/24 20:47:33] [INFO   ] org.mutationtesting.major.plugin.MajorPluginTaskListener.mutate:
    Generated 34 mutants (143 ms)
