[04/24 17:42:04] [INFO   ] org.mutationtesting.major.plugin.MajorPluginTaskListener.<init>:
    Created MajorPluginTaskListener with options: [mml:../../major/mml/all.mml.bin]
[04/24 17:42:04] [INFO   ] org.mutationtesting.major.mutation.Mutator.initOperatorSymbols:
    Initializing operator symbols for opcode mapping
[04/24 17:42:04] [INFO   ] org.mutationtesting.major.mutation.Mutator.mutateTree:
    Mutating tree: Env[AttrContext[Scope[super, this]],outer=Env[AttrContext[Scope[java.util.Arrays, g0001_0100.s0057_insert_interval.Solution]]]]
[04/24 17:42:04] [INFO   ] org.mutationtesting.major.mutation.Mutator.visitClassDef:
    CLASS: g0001_0100.s0057_insert_interval.Solution
[04/24 17:42:04] [INFO   ] org.mutationtesting.major.mutation.Mutator.visitMethodDef:
    METHOD: <init>([])null
[04/24 17:42:04] [INFO   ] org.mutationtesting.major.mutation.Mutator.visitMethodDef:
    METHOD: insert([int[][] intervals, int[] newInterval])int[][]
[04/24 17:42:04] [INFO   ] org.mutationtesting.major.mutation.Mutator.nextMutant:
    Creating mutant 1
[04/24 17:42:04] [INFO   ] org.mutationtesting.major.mutation.Mutator.logMutant:
    Logging mutant 1: Solution.insert(line 13, col 19)
            mutation operator group:   AOR
            mutation operator:         -(int,int) |==> %(int,int)
            original:                  n - 1 
            mutant:                    n % 1
[04/24 17:42:04] [INFO   ] org.mutationtesting.major.mutation.Mutator.nextMutant:
    Creating mutant 2
[04/24 17:42:04] [INFO   ] org.mutationtesting.major.mutation.Mutator.logMutant:
    Logging mutant 2: Solution.insert(line 13, col 19)
            mutation operator group:   AOR
            mutation operator:         -(int,int) |==> *(int,int)
            original:                  n - 1 
            mutant:                    n * 1
[04/24 17:42:04] [INFO   ] org.mutationtesting.major.mutation.Mutator.nextMutant:
    Creating mutant 3
[04/24 17:42:04] [INFO   ] org.mutationtesting.major.mutation.Mutator.logMutant:
    Logging mutant 3: Solution.insert(line 13, col 19)
            mutation operator group:   AOR
            mutation operator:         -(int,int) |==> +(int,int)
            original:                  n - 1 
            mutant:                    n + 1
[04/24 17:42:04] [INFO   ] org.mutationtesting.major.mutation.Mutator.nextMutant:
    Creating mutant 4
[04/24 17:42:04] [INFO   ] org.mutationtesting.major.mutation.Mutator.logMutant:
    Logging mutant 4: Solution.insert(line 13, col 19)
            mutation operator group:   AOR
            mutation operator:         -(int,int) |==> /(int,int)
            original:                  n - 1 
            mutant:                    n / 1
[04/24 17:42:04] [INFO   ] org.mutationtesting.major.mutation.Mutator.nextMutant:
    Creating mutant 5
[04/24 17:42:04] [INFO   ] org.mutationtesting.major.mutation.Mutator.logMutant:
    Logging mutant 5: Solution.insert(line 14, col 18)
            mutation operator group:   ROR
            mutation operator:         <(int,int) |==> !=(int,int)
            original:                  l < n 
            mutant:                    l != n
[04/24 17:42:04] [INFO   ] org.mutationtesting.major.mutation.Mutator.nextMutant:
    Creating mutant 6
[04/24 17:42:04] [INFO   ] org.mutationtesting.major.mutation.Mutator.logMutant:
    Logging mutant 6: Solution.insert(line 14, col 18)
            mutation operator group:   ROR
            mutation operator:         <(int,int) |==> <=(int,int)
            original:                  l < n 
            mutant:                    l <= n
[04/24 17:42:04] [INFO   ] org.mutationtesting.major.mutation.Mutator.nextMutant:
    Creating mutant 7
[04/24 17:42:04] [INFO   ] org.mutationtesting.major.mutation.Mutator.logMutant:
    Logging mutant 7: Solution.insert(line 14, col 18)
            mutation operator group:   ROR
            mutation operator:         <(int,int) |==> FALSE(int,int)
            original:                  l < n 
            mutant:                    false
[04/24 17:42:04] [INFO   ] org.mutationtesting.major.mutation.Mutator.nextMutant:
    Creating mutant 8
[04/24 17:42:04] [INFO   ] org.mutationtesting.major.mutation.Mutator.logMutant:
    Logging mutant 8: Solution.insert(line 14, col 40)
            mutation operator group:   ROR
            mutation operator:         >(int,int) |==> !=(int,int)
            original:                  newInterval[0] > intervals[l][1] 
            mutant:                    newInterval[0] != intervals[l][1]
[04/24 17:42:04] [INFO   ] org.mutationtesting.major.mutation.Mutator.nextMutant:
    Creating mutant 9
[04/24 17:42:04] [INFO   ] org.mutationtesting.major.mutation.Mutator.logMutant:
    Logging mutant 9: Solution.insert(line 14, col 40)
            mutation operator group:   ROR
            mutation operator:         >(int,int) |==> >=(int,int)
            original:                  newInterval[0] > intervals[l][1] 
            mutant:                    newInterval[0] >= intervals[l][1]
[04/24 17:42:04] [INFO   ] org.mutationtesting.major.mutation.Mutator.nextMutant:
    Creating mutant 10
[04/24 17:42:04] [INFO   ] org.mutationtesting.major.mutation.Mutator.logMutant:
    Logging mutant 10: Solution.insert(line 14, col 40)
            mutation operator group:   ROR
            mutation operator:         >(int,int) |==> FALSE(int,int)
            original:                  newInterval[0] > intervals[l][1] 
            mutant:                    false
[04/24 17:42:04] [INFO   ] org.mutationtesting.major.mutation.Mutator.nextMutant:
    Creating mutant 11
[04/24 17:42:04] [INFO   ] org.mutationtesting.major.mutation.Mutator.logMutant:
    Logging mutant 11: Solution.insert(line 14, col 22)
            mutation operator group:   COR
            mutation operator:         &&(boolean,boolean) |==> ==(boolean,boolean)
            original:                  l < n && newInterval[0] > intervals[l][1] 
            mutant:                    l < n == newInterval[0] > intervals[l][1]
[04/24 17:42:04] [INFO   ] org.mutationtesting.major.mutation.Mutator.nextMutant:
    Creating mutant 12
[04/24 17:42:04] [INFO   ] org.mutationtesting.major.mutation.Mutator.logMutant:
    Logging mutant 12: Solution.insert(line 14, col 22)
            mutation operator group:   COR
            mutation operator:         &&(boolean,boolean) |==> FALSE(boolean,boolean)
            original:                  l < n && newInterval[0] > intervals[l][1] 
            mutant:                    false
[04/24 17:42:04] [INFO   ] org.mutationtesting.major.mutation.Mutator.nextMutant:
    Creating mutant 13
[04/24 17:42:04] [INFO   ] org.mutationtesting.major.mutation.Mutator.logMutant:
    Logging mutant 13: Solution.insert(line 14, col 18)
            mutation operator group:   COR
            mutation operator:         &&(boolean,boolean) |==> LHS(boolean,boolean)
            original:                  l < n && newInterval[0] > intervals[l][1] 
            mutant:                    l < n
[04/24 17:42:04] [INFO   ] org.mutationtesting.major.mutation.Mutator.nextMutant:
    Creating mutant 14
[04/24 17:42:04] [INFO   ] org.mutationtesting.major.mutation.Mutator.logMutant:
    Logging mutant 14: Solution.insert(line 14, col 40)
            mutation operator group:   COR
            mutation operator:         &&(boolean,boolean) |==> RHS(boolean,boolean)
            original:                  l < n && newInterval[0] > intervals[l][1] 
            mutant:                    newInterval[0] > intervals[l][1]
[04/24 17:42:04] [INFO   ] org.mutationtesting.major.mutation.Mutator.nextMutant:
    Creating mutant 15
[04/24 17:42:04] [INFO   ] org.mutationtesting.major.mutation.Mutator.logMutantSTD:
    Logging mutantSTD 15: (STD) l++; -> <NO-OP>
[04/24 17:42:04] [INFO   ] org.mutationtesting.major.mutation.Mutator.nextMutant:
    Creating mutant 16
[04/24 17:42:04] [INFO   ] org.mutationtesting.major.mutation.Mutator.logMutant:
    Logging mutant 16: Solution.insert(line 17, col 18)
            mutation operator group:   ROR
            mutation operator:         >=(int,int) |==> ==(int,int)
            original:                  r >= 0 
            mutant:                    r == 0
[04/24 17:42:04] [INFO   ] org.mutationtesting.major.mutation.Mutator.nextMutant:
    Creating mutant 17
[04/24 17:42:04] [INFO   ] org.mutationtesting.major.mutation.Mutator.logMutant:
    Logging mutant 17: Solution.insert(line 17, col 18)
            mutation operator group:   ROR
            mutation operator:         >=(int,int) |==> >(int,int)
            original:                  r >= 0 
            mutant:                    r > 0
[04/24 17:42:04] [INFO   ] org.mutationtesting.major.mutation.Mutator.nextMutant:
    Creating mutant 18
[04/24 17:42:04] [INFO   ] org.mutationtesting.major.mutation.Mutator.logMutant:
    Logging mutant 18: Solution.insert(line 17, col 18)
            mutation operator group:   ROR
            mutation operator:         >=(int,int) |==> TRUE(int,int)
            original:                  r >= 0 
            mutant:                    true
[04/24 17:42:04] [INFO   ] org.mutationtesting.major.mutation.Mutator.nextMutant:
    Creating mutant 19
[04/24 17:42:04] [INFO   ] org.mutationtesting.major.mutation.Mutator.logMutant:
    Logging mutant 19: Solution.insert(line 17, col 41)
            mutation operator group:   ROR
            mutation operator:         <(int,int) |==> !=(int,int)
            original:                  newInterval[1] < intervals[r][0] 
            mutant:                    newInterval[1] != intervals[r][0]
[04/24 17:42:04] [INFO   ] org.mutationtesting.major.mutation.Mutator.nextMutant:
    Creating mutant 20
[04/24 17:42:04] [INFO   ] org.mutationtesting.major.mutation.Mutator.logMutant:
    Logging mutant 20: Solution.insert(line 17, col 41)
            mutation operator group:   ROR
            mutation operator:         <(int,int) |==> <=(int,int)
            original:                  newInterval[1] < intervals[r][0] 
            mutant:                    newInterval[1] <= intervals[r][0]
[04/24 17:42:04] [INFO   ] org.mutationtesting.major.mutation.Mutator.nextMutant:
    Creating mutant 21
[04/24 17:42:04] [INFO   ] org.mutationtesting.major.mutation.Mutator.logMutant:
    Logging mutant 21: Solution.insert(line 17, col 41)
            mutation operator group:   ROR
            mutation operator:         <(int,int) |==> FALSE(int,int)
            original:                  newInterval[1] < intervals[r][0] 
            mutant:                    false
[04/24 17:42:04] [INFO   ] org.mutationtesting.major.mutation.Mutator.nextMutant:
    Creating mutant 22
[04/24 17:42:04] [INFO   ] org.mutationtesting.major.mutation.Mutator.logMutant:
    Logging mutant 22: Solution.insert(line 17, col 23)
            mutation operator group:   COR
            mutation operator:         &&(boolean,boolean) |==> ==(boolean,boolean)
            original:                  r >= 0 && newInterval[1] < intervals[r][0] 
            mutant:                    r >= 0 == newInterval[1] < intervals[r][0]
[04/24 17:42:04] [INFO   ] org.mutationtesting.major.mutation.Mutator.nextMutant:
    Creating mutant 23
[04/24 17:42:04] [INFO   ] org.mutationtesting.major.mutation.Mutator.logMutant:
    Logging mutant 23: Solution.insert(line 17, col 23)
            mutation operator group:   COR
            mutation operator:         &&(boolean,boolean) |==> FALSE(boolean,boolean)
            original:                  r >= 0 && newInterval[1] < intervals[r][0] 
            mutant:                    false
[04/24 17:42:04] [INFO   ] org.mutationtesting.major.mutation.Mutator.nextMutant:
    Creating mutant 24
[04/24 17:42:04] [INFO   ] org.mutationtesting.major.mutation.Mutator.logMutant:
    Logging mutant 24: Solution.insert(line 17, col 18)
            mutation operator group:   COR
            mutation operator:         &&(boolean,boolean) |==> LHS(boolean,boolean)
            original:                  r >= 0 && newInterval[1] < intervals[r][0] 
            mutant:                    r >= 0
[04/24 17:42:04] [INFO   ] org.mutationtesting.major.mutation.Mutator.nextMutant:
    Creating mutant 25
[04/24 17:42:04] [INFO   ] org.mutationtesting.major.mutation.Mutator.logMutant:
    Logging mutant 25: Solution.insert(line 17, col 41)
            mutation operator group:   COR
            mutation operator:         &&(boolean,boolean) |==> RHS(boolean,boolean)
            original:                  r >= 0 && newInterval[1] < intervals[r][0] 
            mutant:                    newInterval[1] < intervals[r][0]
[04/24 17:42:04] [INFO   ] org.mutationtesting.major.mutation.Mutator.nextMutant:
    Creating mutant 26
[04/24 17:42:04] [INFO   ] org.mutationtesting.major.mutation.Mutator.logMutantSTD:
    Logging mutantSTD 26: (STD) r--; -> <NO-OP>
[04/24 17:42:04] [INFO   ] org.mutationtesting.major.mutation.Mutator.nextMutant:
    Creating mutant 27
[04/24 17:42:04] [INFO   ] org.mutationtesting.major.mutation.Mutator.logMutant:
    Logging mutant 27: Solution.insert(line 20, col 33)
            mutation operator group:   AOR
            mutation operator:         +(int,int) |==> %(int,int)
            original:                  l + n 
            mutant:                    l % n
[04/24 17:42:04] [INFO   ] org.mutationtesting.major.mutation.Mutator.nextMutant:
    Creating mutant 28
[04/24 17:42:04] [INFO   ] org.mutationtesting.major.mutation.Mutator.logMutant:
    Logging mutant 28: Solution.insert(line 20, col 33)
            mutation operator group:   AOR
            mutation operator:         +(int,int) |==> *(int,int)
            original:                  l + n 
            mutant:                    l * n
[04/24 17:42:04] [INFO   ] org.mutationtesting.major.mutation.Mutator.nextMutant:
    Creating mutant 29
[04/24 17:42:04] [INFO   ] org.mutationtesting.major.mutation.Mutator.logMutant:
    Logging mutant 29: Solution.insert(line 20, col 33)
            mutation operator group:   AOR
            mutation operator:         +(int,int) |==> -(int,int)
            original:                  l + n 
            mutant:                    l - n
[04/24 17:42:04] [INFO   ] org.mutationtesting.major.mutation.Mutator.nextMutant:
    Creating mutant 30
[04/24 17:42:04] [INFO   ] org.mutationtesting.major.mutation.Mutator.logMutant:
    Logging mutant 30: Solution.insert(line 20, col 33)
            mutation operator group:   AOR
            mutation operator:         +(int,int) |==> /(int,int)
            original:                  l + n 
            mutant:                    l / n
[04/24 17:42:04] [INFO   ] org.mutationtesting.major.mutation.Mutator.nextMutant:
    Creating mutant 31
[04/24 17:42:04] [INFO   ] org.mutationtesting.major.mutation.Mutator.logMutant:
    Logging mutant 31: Solution.insert(line 20, col 37)
            mutation operator group:   AOR
            mutation operator:         -(int,int) |==> %(int,int)
            original:                  l + n - r 
            mutant:                    (l + n) % r
[04/24 17:42:04] [INFO   ] org.mutationtesting.major.mutation.Mutator.nextMutant:
    Creating mutant 32
[04/24 17:42:04] [INFO   ] org.mutationtesting.major.mutation.Mutator.logMutant:
    Logging mutant 32: Solution.insert(line 20, col 37)
            mutation operator group:   AOR
            mutation operator:         -(int,int) |==> *(int,int)
            original:                  l + n - r 
            mutant:                    (l + n) * r
[04/24 17:42:04] [INFO   ] org.mutationtesting.major.mutation.Mutator.nextMutant:
    Creating mutant 33
[04/24 17:42:04] [INFO   ] org.mutationtesting.major.mutation.Mutator.logMutant:
    Logging mutant 33: Solution.insert(line 20, col 37)
            mutation operator group:   AOR
            mutation operator:         -(int,int) |==> +(int,int)
            original:                  l + n - r 
            mutant:                    l + n + r
[04/24 17:42:04] [INFO   ] org.mutationtesting.major.mutation.Mutator.nextMutant:
    Creating mutant 34
[04/24 17:42:04] [INFO   ] org.mutationtesting.major.mutation.Mutator.logMutant:
    Logging mutant 34: Solution.insert(line 20, col 37)
            mutation operator group:   AOR
            mutation operator:         -(int,int) |==> /(int,int)
            original:                  l + n - r 
            mutant:                    (l + n) / r
[04/24 17:42:04] [INFO   ] org.mutationtesting.major.mutation.Mutator.nextMutant:
    Creating mutant 35
[04/24 17:42:04] [INFO   ] org.mutationtesting.major.mutation.Mutator.logMutant:
    Logging mutant 35: Solution.insert(line 21, col 27)
            mutation operator group:   ROR
            mutation operator:         <(int,int) |==> !=(int,int)
            original:                  i < l 
            mutant:                    i != l
[04/24 17:42:04] [INFO   ] org.mutationtesting.major.mutation.Mutator.nextMutant:
    Creating mutant 36
[04/24 17:42:04] [INFO   ] org.mutationtesting.major.mutation.Mutator.logMutant:
    Logging mutant 36: Solution.insert(line 21, col 27)
            mutation operator group:   ROR
            mutation operator:         <(int,int) |==> <=(int,int)
            original:                  i < l 
            mutant:                    i <= l
[04/24 17:42:04] [INFO   ] org.mutationtesting.major.mutation.Mutator.nextMutant:
    Creating mutant 37
[04/24 17:42:04] [INFO   ] org.mutationtesting.major.mutation.Mutator.logMutant:
    Logging mutant 37: Solution.insert(line 21, col 27)
            mutation operator group:   ROR
            mutation operator:         <(int,int) |==> FALSE(int,int)
            original:                  i < l 
            mutant:                    false
[04/24 17:42:04] [INFO   ] org.mutationtesting.major.mutation.Mutator.nextMutant:
    Creating mutant 38
[04/24 17:42:04] [INFO   ] org.mutationtesting.major.mutation.Mutator.logMutantSTD:
    Logging mutantSTD 38: (STD) res[i] = Arrays.copyOf(intervals[i], intervals[i].length); -> <NO-OP>
[04/24 17:42:04] [INFO   ] org.mutationtesting.major.mutation.Mutator.nextMutant:
    Creating mutant 39
[04/24 17:42:04] [INFO   ] org.mutationtesting.major.mutation.Mutator.logMutant:
    Logging mutant 39: Solution.insert(line 24, col 48)
            mutation operator group:   ROR
            mutation operator:         ==(int,int) |==> <=(int,int)
            original:                  l == n 
            mutant:                    l <= n
[04/24 17:42:04] [INFO   ] org.mutationtesting.major.mutation.Mutator.nextMutant:
    Creating mutant 40
[04/24 17:42:04] [INFO   ] org.mutationtesting.major.mutation.Mutator.logMutant:
    Logging mutant 40: Solution.insert(line 24, col 48)
            mutation operator group:   ROR
            mutation operator:         ==(int,int) |==> >=(int,int)
            original:                  l == n 
            mutant:                    l >= n
[04/24 17:42:04] [INFO   ] org.mutationtesting.major.mutation.Mutator.nextMutant:
    Creating mutant 41
[04/24 17:42:04] [INFO   ] org.mutationtesting.major.mutation.Mutator.logMutant:
    Logging mutant 41: Solution.insert(line 24, col 48)
            mutation operator group:   ROR
            mutation operator:         ==(int,int) |==> FALSE(int,int)
            original:                  l == n 
            mutant:                    false
[04/24 17:42:04] [INFO   ] org.mutationtesting.major.mutation.Mutator.nextMutant:
    Creating mutant 42
[04/24 17:42:04] [INFO   ] org.mutationtesting.major.mutation.Mutator.logMutantSTD:
    Logging mutantSTD 42: (STD) res[l][0] = Math.min(newInterval[0], l == n ? newInterval[0] : intervals[l][0]); -> <NO-OP>
[04/24 17:42:04] [INFO   ] org.mutationtesting.major.mutation.Mutator.nextMutant:
    Creating mutant 43
[04/24 17:42:04] [INFO   ] org.mutationtesting.major.mutation.Mutator.logMutant:
    Logging mutant 43: Solution.insert(line 25, col 48)
            mutation operator group:   ROR
            mutation operator:         ==(int,int) |==> <=(int,int)
            original:                  r == -1 
            mutant:                    r <= -1
[04/24 17:42:04] [INFO   ] org.mutationtesting.major.mutation.Mutator.nextMutant:
    Creating mutant 44
[04/24 17:42:04] [INFO   ] org.mutationtesting.major.mutation.Mutator.logMutant:
    Logging mutant 44: Solution.insert(line 25, col 48)
            mutation operator group:   ROR
            mutation operator:         ==(int,int) |==> >=(int,int)
            original:                  r == -1 
            mutant:                    r >= -1
[04/24 17:42:04] [INFO   ] org.mutationtesting.major.mutation.Mutator.nextMutant:
    Creating mutant 45
[04/24 17:42:04] [INFO   ] org.mutationtesting.major.mutation.Mutator.logMutant:
    Logging mutant 45: Solution.insert(line 25, col 48)
            mutation operator group:   ROR
            mutation operator:         ==(int,int) |==> FALSE(int,int)
            original:                  r == -1 
            mutant:                    false
[04/24 17:42:04] [INFO   ] org.mutationtesting.major.mutation.Mutator.nextMutant:
    Creating mutant 46
[04/24 17:42:04] [INFO   ] org.mutationtesting.major.mutation.Mutator.logMutantSTD:
    Logging mutantSTD 46: (STD) res[l][1] = Math.max(newInterval[1], r == -1 ? newInterval[1] : intervals[r][1]); -> <NO-OP>
[04/24 17:42:04] [INFO   ] org.mutationtesting.major.mutation.Mutator.nextMutant:
    Creating mutant 47
[04/24 17:42:04] [INFO   ] org.mutationtesting.major.mutation.Mutator.logMutant:
    Logging mutant 47: Solution.insert(line 26, col 24)
            mutation operator group:   AOR
            mutation operator:         +(int,int) |==> %(int,int)
            original:                  l + 1 
            mutant:                    l % 1
[04/24 17:42:04] [INFO   ] org.mutationtesting.major.mutation.Mutator.nextMutant:
    Creating mutant 48
[04/24 17:42:04] [INFO   ] org.mutationtesting.major.mutation.Mutator.logMutant:
    Logging mutant 48: Solution.insert(line 26, col 24)
            mutation operator group:   AOR
            mutation operator:         +(int,int) |==> *(int,int)
            original:                  l + 1 
            mutant:                    l * 1
[04/24 17:42:04] [INFO   ] org.mutationtesting.major.mutation.Mutator.nextMutant:
    Creating mutant 49
[04/24 17:42:04] [INFO   ] org.mutationtesting.major.mutation.Mutator.logMutant:
    Logging mutant 49: Solution.insert(line 26, col 24)
            mutation operator group:   AOR
            mutation operator:         +(int,int) |==> -(int,int)
            original:                  l + 1 
            mutant:                    l - 1
[04/24 17:42:04] [INFO   ] org.mutationtesting.major.mutation.Mutator.nextMutant:
    Creating mutant 50
[04/24 17:42:04] [INFO   ] org.mutationtesting.major.mutation.Mutator.logMutant:
    Logging mutant 50: Solution.insert(line 26, col 24)
            mutation operator group:   AOR
            mutation operator:         +(int,int) |==> /(int,int)
            original:                  l + 1 
            mutant:                    l / 1
[04/24 17:42:04] [INFO   ] org.mutationtesting.major.mutation.Mutator.nextMutant:
    Creating mutant 51
[04/24 17:42:04] [INFO   ] org.mutationtesting.major.mutation.Mutator.logMutant:
    Logging mutant 51: Solution.insert(line 26, col 35)
            mutation operator group:   AOR
            mutation operator:         +(int,int) |==> %(int,int)
            original:                  r + 1 
            mutant:                    r % 1
[04/24 17:42:04] [INFO   ] org.mutationtesting.major.mutation.Mutator.nextMutant:
    Creating mutant 52
[04/24 17:42:04] [INFO   ] org.mutationtesting.major.mutation.Mutator.logMutant:
    Logging mutant 52: Solution.insert(line 26, col 35)
            mutation operator group:   AOR
            mutation operator:         +(int,int) |==> *(int,int)
            original:                  r + 1 
            mutant:                    r * 1
[04/24 17:42:04] [INFO   ] org.mutationtesting.major.mutation.Mutator.nextMutant:
    Creating mutant 53
[04/24 17:42:04] [INFO   ] org.mutationtesting.major.mutation.Mutator.logMutant:
    Logging mutant 53: Solution.insert(line 26, col 35)
            mutation operator group:   AOR
            mutation operator:         +(int,int) |==> -(int,int)
            original:                  r + 1 
            mutant:                    r - 1
[04/24 17:42:04] [INFO   ] org.mutationtesting.major.mutation.Mutator.nextMutant:
    Creating mutant 54
[04/24 17:42:04] [INFO   ] org.mutationtesting.major.mutation.Mutator.logMutant:
    Logging mutant 54: Solution.insert(line 26, col 35)
            mutation operator group:   AOR
            mutation operator:         +(int,int) |==> /(int,int)
            original:                  r + 1 
            mutant:                    r / 1
[04/24 17:42:04] [INFO   ] org.mutationtesting.major.mutation.Mutator.nextMutant:
    Creating mutant 55
[04/24 17:42:04] [INFO   ] org.mutationtesting.major.mutation.Mutator.logMutant:
    Logging mutant 55: Solution.insert(line 26, col 42)
            mutation operator group:   ROR
            mutation operator:         <(int,int) |==> !=(int,int)
            original:                  j < n 
            mutant:                    j != n
[04/24 17:42:04] [INFO   ] org.mutationtesting.major.mutation.Mutator.nextMutant:
    Creating mutant 56
[04/24 17:42:04] [INFO   ] org.mutationtesting.major.mutation.Mutator.logMutant:
    Logging mutant 56: Solution.insert(line 26, col 42)
            mutation operator group:   ROR
            mutation operator:         <(int,int) |==> <=(int,int)
            original:                  j < n 
            mutant:                    j <= n
[04/24 17:42:04] [INFO   ] org.mutationtesting.major.mutation.Mutator.nextMutant:
    Creating mutant 57
[04/24 17:42:04] [INFO   ] org.mutationtesting.major.mutation.Mutator.logMutant:
    Logging mutant 57: Solution.insert(line 26, col 42)
            mutation operator group:   ROR
            mutation operator:         <(int,int) |==> FALSE(int,int)
            original:                  j < n 
            mutant:                    false
[04/24 17:42:04] [INFO   ] org.mutationtesting.major.mutation.Mutator.nextMutant:
    Creating mutant 58
[04/24 17:42:04] [INFO   ] org.mutationtesting.major.mutation.Mutator.logMutantSTD:
    Logging mutantSTD 58: (STD) res[i] = intervals[j]; -> <NO-OP>
[04/24 17:42:04] [INFO   ] org.mutationtesting.major.plugin.MajorPluginTaskListener.mutate:
    Generated 58 mutants (90 ms)
