1:ROR:<(int,int):!=(int,int):g0001_0100.s0076_minimum_window_substring.Solution@minWindow(java.lang.String,java.lang.String):12:i < t.length() |==> i != t.length()
2:ROR:<(int,int):<=(int,int):g0001_0100.s0076_minimum_window_substring.Solution@minWindow(java.lang.String,java.lang.String):12:i < t.length() |==> i <= t.length()
3:ROR:<(int,int):FALSE(int,int):g0001_0100.s0076_minimum_window_substring.Solution@minWindow(java.lang.String,java.lang.String):12:i < t.length() |==> false
4:AOR:-(int,int):%(int,int):g0001_0100.s0076_minimum_window_substring.Solution@minWindow(java.lang.String,java.lang.String):13:t.charAt(i) - 'A' |==> t.charAt(i) % 'A'
5:AOR:-(int,int):*(int,int):g0001_0100.s0076_minimum_window_substring.Solution@minWindow(java.lang.String,java.lang.String):13:t.charAt(i) - 'A' |==> t.charAt(i) * 'A'
6:AOR:-(int,int):+(int,int):g0001_0100.s0076_minimum_window_substring.Solution@minWindow(java.lang.String,java.lang.String):13:t.charAt(i) - 'A' |==> t.charAt(i) + 'A'
7:AOR:-(int,int):/(int,int):g0001_0100.s0076_minimum_window_substring.Solution@minWindow(java.lang.String,java.lang.String):13:t.charAt(i) - 'A' |==> t.charAt(i) / 'A'
8:STD:<INC>:<NO-OP>:g0001_0100.s0076_minimum_window_substring.Solution@minWindow(java.lang.String,java.lang.String):13:map[t.charAt(i) - 'A']++; |==> <NO-OP>
9:ROR:<(int,int):!=(int,int):g0001_0100.s0076_minimum_window_substring.Solution@minWindow(java.lang.String,java.lang.String):20:end < s.length() |==> end != s.length()
10:ROR:<(int,int):<=(int,int):g0001_0100.s0076_minimum_window_substring.Solution@minWindow(java.lang.String,java.lang.String):20:end < s.length() |==> end <= s.length()
11:ROR:<(int,int):FALSE(int,int):g0001_0100.s0076_minimum_window_substring.Solution@minWindow(java.lang.String,java.lang.String):20:end < s.length() |==> false
12:AOR:-(int,int):%(int,int):g0001_0100.s0076_minimum_window_substring.Solution@minWindow(java.lang.String,java.lang.String):21:s.charAt(end++) - 'A' |==> s.charAt(end++) % 'A'
13:AOR:-(int,int):*(int,int):g0001_0100.s0076_minimum_window_substring.Solution@minWindow(java.lang.String,java.lang.String):21:s.charAt(end++) - 'A' |==> s.charAt(end++) * 'A'
14:AOR:-(int,int):+(int,int):g0001_0100.s0076_minimum_window_substring.Solution@minWindow(java.lang.String,java.lang.String):21:s.charAt(end++) - 'A' |==> s.charAt(end++) + 'A'
15:AOR:-(int,int):/(int,int):g0001_0100.s0076_minimum_window_substring.Solution@minWindow(java.lang.String,java.lang.String):21:s.charAt(end++) - 'A' |==> s.charAt(end++) / 'A'
16:ROR:>(int,int):!=(int,int):g0001_0100.s0076_minimum_window_substring.Solution@minWindow(java.lang.String,java.lang.String):21:map[s.charAt(end++) - 'A']-- > 0 |==> map[s.charAt(end++) - 'A']-- != 0
17:ROR:>(int,int):>=(int,int):g0001_0100.s0076_minimum_window_substring.Solution@minWindow(java.lang.String,java.lang.String):21:map[s.charAt(end++) - 'A']-- > 0 |==> map[s.charAt(end++) - 'A']-- >= 0
18:ROR:>(int,int):FALSE(int,int):g0001_0100.s0076_minimum_window_substring.Solution@minWindow(java.lang.String,java.lang.String):21:map[s.charAt(end++) - 'A']-- > 0 |==> false
19:STD:<DEC>:<NO-OP>:g0001_0100.s0076_minimum_window_substring.Solution@minWindow(java.lang.String,java.lang.String):22:count--; |==> <NO-OP>
20:ROR:==(int,int):<=(int,int):g0001_0100.s0076_minimum_window_substring.Solution@minWindow(java.lang.String,java.lang.String):24:count == 0 |==> count <= 0
21:ROR:==(int,int):>=(int,int):g0001_0100.s0076_minimum_window_substring.Solution@minWindow(java.lang.String,java.lang.String):24:count == 0 |==> count >= 0
22:ROR:==(int,int):FALSE(int,int):g0001_0100.s0076_minimum_window_substring.Solution@minWindow(java.lang.String,java.lang.String):24:count == 0 |==> false
23:AOR:-(int,int):%(int,int):g0001_0100.s0076_minimum_window_substring.Solution@minWindow(java.lang.String,java.lang.String):25:end - begin |==> end % begin
24:AOR:-(int,int):*(int,int):g0001_0100.s0076_minimum_window_substring.Solution@minWindow(java.lang.String,java.lang.String):25:end - begin |==> end * begin
25:AOR:-(int,int):+(int,int):g0001_0100.s0076_minimum_window_substring.Solution@minWindow(java.lang.String,java.lang.String):25:end - begin |==> end + begin
26:AOR:-(int,int):/(int,int):g0001_0100.s0076_minimum_window_substring.Solution@minWindow(java.lang.String,java.lang.String):25:end - begin |==> end / begin
27:ROR:<(int,int):!=(int,int):g0001_0100.s0076_minimum_window_substring.Solution@minWindow(java.lang.String,java.lang.String):25:end - begin < d |==> end - begin != d
28:ROR:<(int,int):<=(int,int):g0001_0100.s0076_minimum_window_substring.Solution@minWindow(java.lang.String,java.lang.String):25:end - begin < d |==> end - begin <= d
29:ROR:<(int,int):FALSE(int,int):g0001_0100.s0076_minimum_window_substring.Solution@minWindow(java.lang.String,java.lang.String):25:end - begin < d |==> false
30:AOR:-(int,int):%(int,int):g0001_0100.s0076_minimum_window_substring.Solution@minWindow(java.lang.String,java.lang.String):26:end - begin |==> end % begin
31:AOR:-(int,int):*(int,int):g0001_0100.s0076_minimum_window_substring.Solution@minWindow(java.lang.String,java.lang.String):26:end - begin |==> end * begin
32:AOR:-(int,int):+(int,int):g0001_0100.s0076_minimum_window_substring.Solution@minWindow(java.lang.String,java.lang.String):26:end - begin |==> end + begin
33:AOR:-(int,int):/(int,int):g0001_0100.s0076_minimum_window_substring.Solution@minWindow(java.lang.String,java.lang.String):26:end - begin |==> end / begin
34:STD:<ASSIGN>:<NO-OP>:g0001_0100.s0076_minimum_window_substring.Solution@minWindow(java.lang.String,java.lang.String):26:d = end - begin; |==> <NO-OP>
35:STD:<ASSIGN>:<NO-OP>:g0001_0100.s0076_minimum_window_substring.Solution@minWindow(java.lang.String,java.lang.String):27:head = begin; |==> <NO-OP>
36:AOR:-(int,int):%(int,int):g0001_0100.s0076_minimum_window_substring.Solution@minWindow(java.lang.String,java.lang.String):29:s.charAt(begin++) - 'A' |==> s.charAt(begin++) % 'A'
37:AOR:-(int,int):*(int,int):g0001_0100.s0076_minimum_window_substring.Solution@minWindow(java.lang.String,java.lang.String):29:s.charAt(begin++) - 'A' |==> s.charAt(begin++) * 'A'
38:AOR:-(int,int):+(int,int):g0001_0100.s0076_minimum_window_substring.Solution@minWindow(java.lang.String,java.lang.String):29:s.charAt(begin++) - 'A' |==> s.charAt(begin++) + 'A'
39:AOR:-(int,int):/(int,int):g0001_0100.s0076_minimum_window_substring.Solution@minWindow(java.lang.String,java.lang.String):29:s.charAt(begin++) - 'A' |==> s.charAt(begin++) / 'A'
40:ROR:==(int,int):<=(int,int):g0001_0100.s0076_minimum_window_substring.Solution@minWindow(java.lang.String,java.lang.String):29:map[s.charAt(begin++) - 'A']++ == 0 |==> map[s.charAt(begin++) - 'A']++ <= 0
41:ROR:==(int,int):>=(int,int):g0001_0100.s0076_minimum_window_substring.Solution@minWindow(java.lang.String,java.lang.String):29:map[s.charAt(begin++) - 'A']++ == 0 |==> map[s.charAt(begin++) - 'A']++ >= 0
42:ROR:==(int,int):FALSE(int,int):g0001_0100.s0076_minimum_window_substring.Solution@minWindow(java.lang.String,java.lang.String):29:map[s.charAt(begin++) - 'A']++ == 0 |==> false
43:STD:<INC>:<NO-OP>:g0001_0100.s0076_minimum_window_substring.Solution@minWindow(java.lang.String,java.lang.String):30:count++; |==> <NO-OP>
44:ROR:==(int,int):<=(int,int):g0001_0100.s0076_minimum_window_substring.Solution@minWindow(java.lang.String,java.lang.String):34:d == Integer.MAX_VALUE |==> d <= Integer.MAX_VALUE
45:ROR:==(int,int):>=(int,int):g0001_0100.s0076_minimum_window_substring.Solution@minWindow(java.lang.String,java.lang.String):34:d == Integer.MAX_VALUE |==> d >= Integer.MAX_VALUE
46:ROR:==(int,int):FALSE(int,int):g0001_0100.s0076_minimum_window_substring.Solution@minWindow(java.lang.String,java.lang.String):34:d == Integer.MAX_VALUE |==> false
47:AOR:+(int,int):%(int,int):g0001_0100.s0076_minimum_window_substring.Solution@minWindow(java.lang.String,java.lang.String):34:head + d |==> head % d
48:AOR:+(int,int):*(int,int):g0001_0100.s0076_minimum_window_substring.Solution@minWindow(java.lang.String,java.lang.String):34:head + d |==> head * d
49:AOR:+(int,int):-(int,int):g0001_0100.s0076_minimum_window_substring.Solution@minWindow(java.lang.String,java.lang.String):34:head + d |==> head - d
50:AOR:+(int,int):/(int,int):g0001_0100.s0076_minimum_window_substring.Solution@minWindow(java.lang.String,java.lang.String):34:head + d |==> head / d
