1:AOR:-(int,int):%(int,int):g0001_0100.s0080_remove_duplicates_from_sorted_array_ii.Solution@removeDuplicates(int[]):12:nums.length - 1 |==> nums.length % 1
2:AOR:-(int,int):*(int,int):g0001_0100.s0080_remove_duplicates_from_sorted_array_ii.Solution@removeDuplicates(int[]):12:nums.length - 1 |==> nums.length * 1
3:AOR:-(int,int):+(int,int):g0001_0100.s0080_remove_duplicates_from_sorted_array_ii.Solution@removeDuplicates(int[]):12:nums.length - 1 |==> nums.length + 1
4:AOR:-(int,int):/(int,int):g0001_0100.s0080_remove_duplicates_from_sorted_array_ii.Solution@removeDuplicates(int[]):12:nums.length - 1 |==> nums.length / 1
5:ROR:<(int,int):!=(int,int):g0001_0100.s0080_remove_duplicates_from_sorted_array_ii.Solution@removeDuplicates(int[]):12:i < nums.length - 1 |==> i != nums.length - 1
6:ROR:<(int,int):<=(int,int):g0001_0100.s0080_remove_duplicates_from_sorted_array_ii.Solution@removeDuplicates(int[]):12:i < nums.length - 1 |==> i <= nums.length - 1
7:ROR:<(int,int):FALSE(int,int):g0001_0100.s0080_remove_duplicates_from_sorted_array_ii.Solution@removeDuplicates(int[]):12:i < nums.length - 1 |==> false
8:STD:<INC>:<NO-OP>:g0001_0100.s0080_remove_duplicates_from_sorted_array_ii.Solution@removeDuplicates(int[]):13:++count; |==> <NO-OP>
9:ROR:<=(int,int):<(int,int):g0001_0100.s0080_remove_duplicates_from_sorted_array_ii.Solution@removeDuplicates(int[]):14:count <= 2 |==> count < 2
10:ROR:<=(int,int):==(int,int):g0001_0100.s0080_remove_duplicates_from_sorted_array_ii.Solution@removeDuplicates(int[]):14:count <= 2 |==> count == 2
11:ROR:<=(int,int):TRUE(int,int):g0001_0100.s0080_remove_duplicates_from_sorted_array_ii.Solution@removeDuplicates(int[]):14:count <= 2 |==> true
12:STD:<ASSIGN>:<NO-OP>:g0001_0100.s0080_remove_duplicates_from_sorted_array_ii.Solution@removeDuplicates(int[]):15:nums[k++] = nums[i]; |==> <NO-OP>
13:AOR:+(int,int):%(int,int):g0001_0100.s0080_remove_duplicates_from_sorted_array_ii.Solution@removeDuplicates(int[]):17:i + 1 |==> i % 1
14:AOR:+(int,int):*(int,int):g0001_0100.s0080_remove_duplicates_from_sorted_array_ii.Solution@removeDuplicates(int[]):17:i + 1 |==> i * 1
15:AOR:+(int,int):-(int,int):g0001_0100.s0080_remove_duplicates_from_sorted_array_ii.Solution@removeDuplicates(int[]):17:i + 1 |==> i - 1
16:AOR:+(int,int):/(int,int):g0001_0100.s0080_remove_duplicates_from_sorted_array_ii.Solution@removeDuplicates(int[]):17:i + 1 |==> i / 1
17:ROR:!=(int,int):<(int,int):g0001_0100.s0080_remove_duplicates_from_sorted_array_ii.Solution@removeDuplicates(int[]):17:nums[i] != nums[i + 1] |==> nums[i] < nums[i + 1]
18:ROR:!=(int,int):>(int,int):g0001_0100.s0080_remove_duplicates_from_sorted_array_ii.Solution@removeDuplicates(int[]):17:nums[i] != nums[i + 1] |==> nums[i] > nums[i + 1]
19:ROR:!=(int,int):TRUE(int,int):g0001_0100.s0080_remove_duplicates_from_sorted_array_ii.Solution@removeDuplicates(int[]):17:nums[i] != nums[i + 1] |==> true
20:STD:<ASSIGN>:<NO-OP>:g0001_0100.s0080_remove_duplicates_from_sorted_array_ii.Solution@removeDuplicates(int[]):18:count = 0; |==> <NO-OP>
21:STD:<INC>:<NO-OP>:g0001_0100.s0080_remove_duplicates_from_sorted_array_ii.Solution@removeDuplicates(int[]):19:i++; |==> <NO-OP>
22:STD:<CONT>:<NO-OP>:g0001_0100.s0080_remove_duplicates_from_sorted_array_ii.Solution@removeDuplicates(int[]):20:continue; |==> <NO-OP>
23:STD:<INC>:<NO-OP>:g0001_0100.s0080_remove_duplicates_from_sorted_array_ii.Solution@removeDuplicates(int[]):22:i++; |==> <NO-OP>
24:STD:<INC>:<NO-OP>:g0001_0100.s0080_remove_duplicates_from_sorted_array_ii.Solution@removeDuplicates(int[]):24:++count; |==> <NO-OP>
25:ROR:<=(int,int):<(int,int):g0001_0100.s0080_remove_duplicates_from_sorted_array_ii.Solution@removeDuplicates(int[]):25:count <= 2 |==> count < 2
26:ROR:<=(int,int):==(int,int):g0001_0100.s0080_remove_duplicates_from_sorted_array_ii.Solution@removeDuplicates(int[]):25:count <= 2 |==> count == 2
27:ROR:<=(int,int):TRUE(int,int):g0001_0100.s0080_remove_duplicates_from_sorted_array_ii.Solution@removeDuplicates(int[]):25:count <= 2 |==> true
28:STD:<ASSIGN>:<NO-OP>:g0001_0100.s0080_remove_duplicates_from_sorted_array_ii.Solution@removeDuplicates(int[]):26:nums[k++] = nums[i]; |==> <NO-OP>
