[05/24 20:47:22] [INFO   ] org.mutationtesting.major.plugin.MajorPluginTaskListener.<init>:
    Created MajorPluginTaskListener with options: [mml:../../major/mml/all.mml.bin]
[05/24 20:47:22] [INFO   ] org.mutationtesting.major.mutation.Mutator.initOperatorSymbols:
    Initializing operator symbols for opcode mapping
[05/24 20:47:22] [INFO   ] org.mutationtesting.major.mutation.Mutator.mutateTree:
    Mutating tree: Env[AttrContext[Scope[super, this]],outer=Env[AttrContext[Scope[g0201_0300.s0258_add_digits.Solution]]]]
[05/24 20:47:22] [INFO   ] org.mutationtesting.major.mutation.Mutator.visitClassDef:
    CLASS: g0201_0300.s0258_add_digits.Solution
[05/24 20:47:22] [INFO   ] org.mutationtesting.major.mutation.Mutator.visitMethodDef:
    METHOD: <init>([])null
[05/24 20:47:22] [INFO   ] org.mutationtesting.major.mutation.Mutator.visitMethodDef:
    METHOD: addDigits([int num])int
[05/24 20:47:22] [INFO   ] org.mutationtesting.major.mutation.Mutator.nextMutant:
    Creating mutant 1
[05/24 20:47:22] [INFO   ] org.mutationtesting.major.mutation.Mutator.logMutant:
    Logging mutant 1: Solution.addDigits(line 11, col 17)
            mutation operator group:   ROR
            mutation operator:         ==(int,int) |==> <=(int,int)
            original:                  num == 0 
            mutant:                    num <= 0
[05/24 20:47:22] [INFO   ] org.mutationtesting.major.mutation.Mutator.nextMutant:
    Creating mutant 2
[05/24 20:47:22] [INFO   ] org.mutationtesting.major.mutation.Mutator.logMutant:
    Logging mutant 2: Solution.addDigits(line 11, col 17)
            mutation operator group:   ROR
            mutation operator:         ==(int,int) |==> >=(int,int)
            original:                  num == 0 
            mutant:                    num >= 0
[05/24 20:47:22] [INFO   ] org.mutationtesting.major.mutation.Mutator.nextMutant:
    Creating mutant 3
[05/24 20:47:22] [INFO   ] org.mutationtesting.major.mutation.Mutator.logMutant:
    Logging mutant 3: Solution.addDigits(line 11, col 17)
            mutation operator group:   ROR
            mutation operator:         ==(int,int) |==> FALSE(int,int)
            original:                  num == 0 
            mutant:                    false
[05/24 20:47:22] [INFO   ] org.mutationtesting.major.mutation.Mutator.nextMutant:
    Creating mutant 4
[05/24 20:47:22] [INFO   ] org.mutationtesting.major.mutation.Mutator.logMutantSTD:
    Logging mutantSTD 4: (STD) return 0; -> <NO-OP>
[05/24 20:47:22] [INFO   ] org.mutationtesting.major.mutation.Mutator.nextMutant:
    Creating mutant 5
[05/24 20:47:22] [INFO   ] org.mutationtesting.major.mutation.Mutator.logMutant:
    Logging mutant 5: Solution.addDigits(line 14, col 17)
            mutation operator group:   AOR
            mutation operator:         %(int,int) |==> *(int,int)
            original:                  num % 9 
            mutant:                    num * 9
[05/24 20:47:22] [INFO   ] org.mutationtesting.major.mutation.Mutator.nextMutant:
    Creating mutant 6
[05/24 20:47:22] [INFO   ] org.mutationtesting.major.mutation.Mutator.logMutant:
    Logging mutant 6: Solution.addDigits(line 14, col 17)
            mutation operator group:   AOR
            mutation operator:         %(int,int) |==> +(int,int)
            original:                  num % 9 
            mutant:                    num + 9
[05/24 20:47:22] [INFO   ] org.mutationtesting.major.mutation.Mutator.nextMutant:
    Creating mutant 7
[05/24 20:47:22] [INFO   ] org.mutationtesting.major.mutation.Mutator.logMutant:
    Logging mutant 7: Solution.addDigits(line 14, col 17)
            mutation operator group:   AOR
            mutation operator:         %(int,int) |==> -(int,int)
            original:                  num % 9 
            mutant:                    num - 9
[05/24 20:47:22] [INFO   ] org.mutationtesting.major.mutation.Mutator.nextMutant:
    Creating mutant 8
[05/24 20:47:22] [INFO   ] org.mutationtesting.major.mutation.Mutator.logMutant:
    Logging mutant 8: Solution.addDigits(line 14, col 17)
            mutation operator group:   AOR
            mutation operator:         %(int,int) |==> /(int,int)
            original:                  num % 9 
            mutant:                    num / 9
[05/24 20:47:22] [INFO   ] org.mutationtesting.major.mutation.Mutator.nextMutant:
    Creating mutant 9
[05/24 20:47:22] [INFO   ] org.mutationtesting.major.mutation.Mutator.logMutant:
    Logging mutant 9: Solution.addDigits(line 14, col 21)
            mutation operator group:   ROR
            mutation operator:         ==(int,int) |==> <=(int,int)
            original:                  num % 9 == 0 
            mutant:                    num % 9 <= 0
[05/24 20:47:22] [INFO   ] org.mutationtesting.major.mutation.Mutator.nextMutant:
    Creating mutant 10
[05/24 20:47:22] [INFO   ] org.mutationtesting.major.mutation.Mutator.logMutant:
    Logging mutant 10: Solution.addDigits(line 14, col 21)
            mutation operator group:   ROR
            mutation operator:         ==(int,int) |==> >=(int,int)
            original:                  num % 9 == 0 
            mutant:                    num % 9 >= 0
[05/24 20:47:22] [INFO   ] org.mutationtesting.major.mutation.Mutator.nextMutant:
    Creating mutant 11
[05/24 20:47:22] [INFO   ] org.mutationtesting.major.mutation.Mutator.logMutant:
    Logging mutant 11: Solution.addDigits(line 14, col 21)
            mutation operator group:   ROR
            mutation operator:         ==(int,int) |==> FALSE(int,int)
            original:                  num % 9 == 0 
            mutant:                    false
[05/24 20:47:22] [INFO   ] org.mutationtesting.major.mutation.Mutator.nextMutant:
    Creating mutant 12
[05/24 20:47:22] [INFO   ] org.mutationtesting.major.mutation.Mutator.logMutantSTD:
    Logging mutantSTD 12: (STD) return 9; -> <NO-OP>
[05/24 20:47:22] [INFO   ] org.mutationtesting.major.mutation.Mutator.nextMutant:
    Creating mutant 13
[05/24 20:47:22] [INFO   ] org.mutationtesting.major.mutation.Mutator.logMutant:
    Logging mutant 13: Solution.addDigits(line 17, col 20)
            mutation operator group:   AOR
            mutation operator:         %(int,int) |==> *(int,int)
            original:                  num % 9 
            mutant:                    num * 9
[05/24 20:47:22] [INFO   ] org.mutationtesting.major.mutation.Mutator.nextMutant:
    Creating mutant 14
[05/24 20:47:22] [INFO   ] org.mutationtesting.major.mutation.Mutator.logMutant:
    Logging mutant 14: Solution.addDigits(line 17, col 20)
            mutation operator group:   AOR
            mutation operator:         %(int,int) |==> +(int,int)
            original:                  num % 9 
            mutant:                    num + 9
[05/24 20:47:22] [INFO   ] org.mutationtesting.major.mutation.Mutator.nextMutant:
    Creating mutant 15
[05/24 20:47:22] [INFO   ] org.mutationtesting.major.mutation.Mutator.logMutant:
    Logging mutant 15: Solution.addDigits(line 17, col 20)
            mutation operator group:   AOR
            mutation operator:         %(int,int) |==> -(int,int)
            original:                  num % 9 
            mutant:                    num - 9
[05/24 20:47:22] [INFO   ] org.mutationtesting.major.mutation.Mutator.nextMutant:
    Creating mutant 16
[05/24 20:47:22] [INFO   ] org.mutationtesting.major.mutation.Mutator.logMutant:
    Logging mutant 16: Solution.addDigits(line 17, col 20)
            mutation operator group:   AOR
            mutation operator:         %(int,int) |==> /(int,int)
            original:                  num % 9 
            mutant:                    num / 9
[05/24 20:47:22] [INFO   ] org.mutationtesting.major.plugin.MajorPluginTaskListener.mutate:
    Generated 16 mutants (60 ms)
