[06/24 16:49:52] [INFO   ] org.mutationtesting.major.plugin.MajorPluginTaskListener.<init>:
    Created MajorPluginTaskListener with options: [mml:../../major/mml/all.mml.bin]
[06/24 16:49:52] [INFO   ] org.mutationtesting.major.mutation.Mutator.initOperatorSymbols:
    Initializing operator symbols for opcode mapping
[06/24 16:49:52] [INFO   ] org.mutationtesting.major.mutation.Mutator.mutateTree:
    Mutating tree: Env[AttrContext[Scope[super, this]],outer=Env[AttrContext[Scope[java.util.Collections, java.util.Arrays, java.util.Set, java.util.HashSet, g0201_0300.s0217_contains_duplicate.Solution]]]]
[06/24 16:49:52] [INFO   ] org.mutationtesting.major.mutation.Mutator.visitClassDef:
    CLASS: g0201_0300.s0217_contains_duplicate.Solution
[06/24 16:49:52] [INFO   ] org.mutationtesting.major.mutation.Mutator.visitMethodDef:
    METHOD: <init>([])null
[06/24 16:49:52] [INFO   ] org.mutationtesting.major.mutation.Mutator.visitMethodDef:
    METHOD: containsDuplicate([int[] nums])boolean
[06/24 16:49:52] [INFO   ] org.mutationtesting.major.mutation.Mutator.nextMutant:
    Creating mutant 1
[06/24 16:49:52] [INFO   ] org.mutationtesting.major.mutation.Mutator.nextMutant:
    Creating mutant 2
[06/24 16:49:52] [INFO   ] org.mutationtesting.major.mutation.Mutator.logMutant:
    Logging mutant 1: Solution.containsDuplicate(line 21, col 29)
            mutation operator group:   COR
            mutation operator:         <METHOD_INVOCATION(boolean)> |==> TRUE
            original:                  set.contains(n) 
            mutant:                    false
[06/24 16:49:52] [INFO   ] org.mutationtesting.major.mutation.Mutator.logMutant:
    Logging mutant 2: Solution.containsDuplicate(line 21, col 29)
            mutation operator group:   COR
            mutation operator:         <METHOD_INVOCATION(boolean)> |==> FALSE
            original:                  set.contains(n) 
            mutant:                    true
[06/24 16:49:52] [INFO   ] org.mutationtesting.major.mutation.Mutator.nextMutant:
    Creating mutant 3
[06/24 16:49:52] [INFO   ] org.mutationtesting.major.mutation.Mutator.logMutantSTD:
    Logging mutantSTD 3: (STD) return true; -> <NO-OP>
[06/24 16:49:52] [INFO   ] org.mutationtesting.major.mutation.Mutator.nextMutant:
    Creating mutant 4
[06/24 16:49:52] [INFO   ] org.mutationtesting.major.mutation.Mutator.logMutantSTD:
    Logging mutantSTD 4: (STD) set.add(n); -> <NO-OP>
[06/24 16:49:52] [INFO   ] org.mutationtesting.major.plugin.MajorPluginTaskListener.mutate:
    Generated 4 mutants (45 ms)
