[06/24 16:49:38] [INFO   ] org.mutationtesting.major.plugin.MajorPluginTaskListener.<init>:
    Created MajorPluginTaskListener with options: [mml:../../major/mml/all.mml.bin]
[06/24 16:49:38] [INFO   ] org.mutationtesting.major.mutation.Mutator.initOperatorSymbols:
    Initializing operator symbols for opcode mapping
[06/24 16:49:38] [INFO   ] org.mutationtesting.major.mutation.Mutator.mutateTree:
    Mutating tree: Env[AttrContext[Scope[super, this]],outer=Env[AttrContext[Scope[java.util.Collections, java.util.Arrays, g0001_0100.s0066_plus_one.Solution]]]]
[06/24 16:49:38] [INFO   ] org.mutationtesting.major.mutation.Mutator.visitClassDef:
    CLASS: g0001_0100.s0066_plus_one.Solution
[06/24 16:49:38] [INFO   ] org.mutationtesting.major.mutation.Mutator.visitMethodDef:
    METHOD: <init>([])null
[06/24 16:49:38] [INFO   ] org.mutationtesting.major.mutation.Mutator.visitMethodDef:
    METHOD: plusOne([int[] digits])int[]
[06/24 16:49:38] [INFO   ] org.mutationtesting.major.mutation.Mutator.nextMutant:
    Creating mutant 1
[06/24 16:49:38] [INFO   ] org.mutationtesting.major.mutation.Mutator.logMutant:
    Logging mutant 1: Solution.plusOne(line 20, col 36)
            mutation operator group:   AOR
            mutation operator:         -(int,int) |==> %(int,int)
            original:                  digits.length - 1 
            mutant:                    digits.length % 1
[06/24 16:49:38] [INFO   ] org.mutationtesting.major.mutation.Mutator.nextMutant:
    Creating mutant 2
[06/24 16:49:38] [INFO   ] org.mutationtesting.major.mutation.Mutator.logMutant:
    Logging mutant 2: Solution.plusOne(line 20, col 36)
            mutation operator group:   AOR
            mutation operator:         -(int,int) |==> *(int,int)
            original:                  digits.length - 1 
            mutant:                    digits.length * 1
[06/24 16:49:38] [INFO   ] org.mutationtesting.major.mutation.Mutator.nextMutant:
    Creating mutant 3
[06/24 16:49:38] [INFO   ] org.mutationtesting.major.mutation.Mutator.logMutant:
    Logging mutant 3: Solution.plusOne(line 20, col 36)
            mutation operator group:   AOR
            mutation operator:         -(int,int) |==> +(int,int)
            original:                  digits.length - 1 
            mutant:                    digits.length + 1
[06/24 16:49:38] [INFO   ] org.mutationtesting.major.mutation.Mutator.nextMutant:
    Creating mutant 4
[06/24 16:49:38] [INFO   ] org.mutationtesting.major.mutation.Mutator.logMutant:
    Logging mutant 4: Solution.plusOne(line 20, col 36)
            mutation operator group:   AOR
            mutation operator:         -(int,int) |==> /(int,int)
            original:                  digits.length - 1 
            mutant:                    digits.length / 1
[06/24 16:49:38] [INFO   ] org.mutationtesting.major.mutation.Mutator.nextMutant:
    Creating mutant 5
[06/24 16:49:38] [INFO   ] org.mutationtesting.major.mutation.Mutator.logMutant:
    Logging mutant 5: Solution.plusOne(line 20, col 43)
            mutation operator group:   ROR
            mutation operator:         >=(int,int) |==> ==(int,int)
            original:                  i >= 0 
            mutant:                    i == 0
[06/24 16:49:38] [INFO   ] org.mutationtesting.major.mutation.Mutator.nextMutant:
    Creating mutant 6
[06/24 16:49:38] [INFO   ] org.mutationtesting.major.mutation.Mutator.logMutant:
    Logging mutant 6: Solution.plusOne(line 20, col 43)
            mutation operator group:   ROR
            mutation operator:         >=(int,int) |==> >(int,int)
            original:                  i >= 0 
            mutant:                    i > 0
[06/24 16:49:38] [INFO   ] org.mutationtesting.major.mutation.Mutator.nextMutant:
    Creating mutant 7
[06/24 16:49:38] [INFO   ] org.mutationtesting.major.mutation.Mutator.logMutant:
    Logging mutant 7: Solution.plusOne(line 20, col 43)
            mutation operator group:   ROR
            mutation operator:         >=(int,int) |==> TRUE(int,int)
            original:                  i >= 0 
            mutant:                    true
[06/24 16:49:38] [INFO   ] org.mutationtesting.major.mutation.Mutator.nextMutant:
    Creating mutant 8
[06/24 16:49:38] [INFO   ] org.mutationtesting.major.mutation.Mutator.logMutant:
    Logging mutant 8: Solution.plusOne(line 21, col 36)
            mutation operator group:   AOR
            mutation operator:         -(int,int) |==> %(int,int)
            original:                  digits.length - 1 
            mutant:                    digits.length % 1
[06/24 16:49:38] [INFO   ] org.mutationtesting.major.mutation.Mutator.nextMutant:
    Creating mutant 9
[06/24 16:49:38] [INFO   ] org.mutationtesting.major.mutation.Mutator.logMutant:
    Logging mutant 9: Solution.plusOne(line 21, col 36)
            mutation operator group:   AOR
            mutation operator:         -(int,int) |==> *(int,int)
            original:                  digits.length - 1 
            mutant:                    digits.length * 1
[06/24 16:49:38] [INFO   ] org.mutationtesting.major.mutation.Mutator.nextMutant:
    Creating mutant 10
[06/24 16:49:38] [INFO   ] org.mutationtesting.major.mutation.Mutator.logMutant:
    Logging mutant 10: Solution.plusOne(line 21, col 36)
            mutation operator group:   AOR
            mutation operator:         -(int,int) |==> +(int,int)
            original:                  digits.length - 1 
            mutant:                    digits.length + 1
[06/24 16:49:38] [INFO   ] org.mutationtesting.major.mutation.Mutator.nextMutant:
    Creating mutant 11
[06/24 16:49:38] [INFO   ] org.mutationtesting.major.mutation.Mutator.logMutant:
    Logging mutant 11: Solution.plusOne(line 21, col 36)
            mutation operator group:   AOR
            mutation operator:         -(int,int) |==> /(int,int)
            original:                  digits.length - 1 
            mutant:                    digits.length / 1
[06/24 16:49:38] [INFO   ] org.mutationtesting.major.mutation.Mutator.nextMutant:
    Creating mutant 12
[06/24 16:49:38] [INFO   ] org.mutationtesting.major.mutation.Mutator.logMutant:
    Logging mutant 12: Solution.plusOne(line 21, col 19)
            mutation operator group:   ROR
            mutation operator:         ==(int,int) |==> <=(int,int)
            original:                  i == digits.length - 1 
            mutant:                    i <= digits.length - 1
[06/24 16:49:38] [INFO   ] org.mutationtesting.major.mutation.Mutator.nextMutant:
    Creating mutant 13
[06/24 16:49:38] [INFO   ] org.mutationtesting.major.mutation.Mutator.logMutant:
    Logging mutant 13: Solution.plusOne(line 21, col 19)
            mutation operator group:   ROR
            mutation operator:         ==(int,int) |==> >=(int,int)
            original:                  i == digits.length - 1 
            mutant:                    i >= digits.length - 1
[06/24 16:49:38] [INFO   ] org.mutationtesting.major.mutation.Mutator.nextMutant:
    Creating mutant 14
[06/24 16:49:38] [INFO   ] org.mutationtesting.major.mutation.Mutator.logMutant:
    Logging mutant 14: Solution.plusOne(line 21, col 19)
            mutation operator group:   ROR
            mutation operator:         ==(int,int) |==> FALSE(int,int)
            original:                  i == digits.length - 1 
            mutant:                    false
[06/24 16:49:38] [INFO   ] org.mutationtesting.major.mutation.Mutator.nextMutant:
    Creating mutant 15
[06/24 16:49:38] [INFO   ] org.mutationtesting.major.mutation.Mutator.logMutant:
    Logging mutant 15: Solution.plusOne(line 22, col 33)
            mutation operator group:   AOR
            mutation operator:         +(int,int) |==> %(int,int)
            original:                  digits[i] + carry 
            mutant:                    digits[i] % carry
[06/24 16:49:38] [INFO   ] org.mutationtesting.major.mutation.Mutator.nextMutant:
    Creating mutant 16
[06/24 16:49:38] [INFO   ] org.mutationtesting.major.mutation.Mutator.logMutant:
    Logging mutant 16: Solution.plusOne(line 22, col 33)
            mutation operator group:   AOR
            mutation operator:         +(int,int) |==> *(int,int)
            original:                  digits[i] + carry 
            mutant:                    digits[i] * carry
[06/24 16:49:38] [INFO   ] org.mutationtesting.major.mutation.Mutator.nextMutant:
    Creating mutant 17
[06/24 16:49:38] [INFO   ] org.mutationtesting.major.mutation.Mutator.logMutant:
    Logging mutant 17: Solution.plusOne(line 22, col 33)
            mutation operator group:   AOR
            mutation operator:         +(int,int) |==> -(int,int)
            original:                  digits[i] + carry 
            mutant:                    digits[i] - carry
[06/24 16:49:38] [INFO   ] org.mutationtesting.major.mutation.Mutator.nextMutant:
    Creating mutant 18
[06/24 16:49:38] [INFO   ] org.mutationtesting.major.mutation.Mutator.logMutant:
    Logging mutant 18: Solution.plusOne(line 22, col 33)
            mutation operator group:   AOR
            mutation operator:         +(int,int) |==> /(int,int)
            original:                  digits[i] + carry 
            mutant:                    digits[i] / carry
[06/24 16:49:38] [INFO   ] org.mutationtesting.major.mutation.Mutator.nextMutant:
    Creating mutant 19
[06/24 16:49:38] [INFO   ] org.mutationtesting.major.mutation.Mutator.logMutant:
    Logging mutant 19: Solution.plusOne(line 22, col 41)
            mutation operator group:   AOR
            mutation operator:         +(int,int) |==> %(int,int)
            original:                  digits[i] + carry + num 
            mutant:                    (digits[i] + carry) % num
[06/24 16:49:38] [INFO   ] org.mutationtesting.major.mutation.Mutator.nextMutant:
    Creating mutant 20
[06/24 16:49:38] [INFO   ] org.mutationtesting.major.mutation.Mutator.logMutant:
    Logging mutant 20: Solution.plusOne(line 22, col 41)
            mutation operator group:   AOR
            mutation operator:         +(int,int) |==> *(int,int)
            original:                  digits[i] + carry + num 
            mutant:                    (digits[i] + carry) * num
[06/24 16:49:38] [INFO   ] org.mutationtesting.major.mutation.Mutator.nextMutant:
    Creating mutant 21
[06/24 16:49:38] [INFO   ] org.mutationtesting.major.mutation.Mutator.logMutant:
    Logging mutant 21: Solution.plusOne(line 22, col 41)
            mutation operator group:   AOR
            mutation operator:         +(int,int) |==> -(int,int)
            original:                  digits[i] + carry + num 
            mutant:                    digits[i] + carry - num
[06/24 16:49:38] [INFO   ] org.mutationtesting.major.mutation.Mutator.nextMutant:
    Creating mutant 22
[06/24 16:49:38] [INFO   ] org.mutationtesting.major.mutation.Mutator.logMutant:
    Logging mutant 22: Solution.plusOne(line 22, col 41)
            mutation operator group:   AOR
            mutation operator:         +(int,int) |==> /(int,int)
            original:                  digits[i] + carry + num 
            mutant:                    (digits[i] + carry) / num
[06/24 16:49:38] [INFO   ] org.mutationtesting.major.mutation.Mutator.nextMutant:
    Creating mutant 23
[06/24 16:49:38] [INFO   ] org.mutationtesting.major.mutation.Mutator.logMutant:
    Logging mutant 23: Solution.plusOne(line 24, col 33)
            mutation operator group:   AOR
            mutation operator:         +(int,int) |==> %(int,int)
            original:                  digits[i] + carry 
            mutant:                    digits[i] % carry
[06/24 16:49:38] [INFO   ] org.mutationtesting.major.mutation.Mutator.nextMutant:
    Creating mutant 24
[06/24 16:49:38] [INFO   ] org.mutationtesting.major.mutation.Mutator.logMutant:
    Logging mutant 24: Solution.plusOne(line 24, col 33)
            mutation operator group:   AOR
            mutation operator:         +(int,int) |==> *(int,int)
            original:                  digits[i] + carry 
            mutant:                    digits[i] * carry
[06/24 16:49:38] [INFO   ] org.mutationtesting.major.mutation.Mutator.nextMutant:
    Creating mutant 25
[06/24 16:49:38] [INFO   ] org.mutationtesting.major.mutation.Mutator.logMutant:
    Logging mutant 25: Solution.plusOne(line 24, col 33)
            mutation operator group:   AOR
            mutation operator:         +(int,int) |==> -(int,int)
            original:                  digits[i] + carry 
            mutant:                    digits[i] - carry
[06/24 16:49:38] [INFO   ] org.mutationtesting.major.mutation.Mutator.nextMutant:
    Creating mutant 26
[06/24 16:49:38] [INFO   ] org.mutationtesting.major.mutation.Mutator.logMutant:
    Logging mutant 26: Solution.plusOne(line 24, col 33)
            mutation operator group:   AOR
            mutation operator:         +(int,int) |==> /(int,int)
            original:                  digits[i] + carry 
            mutant:                    digits[i] / carry
[06/24 16:49:38] [INFO   ] org.mutationtesting.major.mutation.Mutator.nextMutant:
    Creating mutant 27
[06/24 16:49:38] [INFO   ] org.mutationtesting.major.mutation.Mutator.logMutant:
    Logging mutant 27: Solution.plusOne(line 26, col 25)
            mutation operator group:   AOR
            mutation operator:         /(int,int) |==> %(int,int)
            original:                  sum / 10 
            mutant:                    sum % 10
[06/24 16:49:38] [INFO   ] org.mutationtesting.major.mutation.Mutator.nextMutant:
    Creating mutant 28
[06/24 16:49:38] [INFO   ] org.mutationtesting.major.mutation.Mutator.logMutant:
    Logging mutant 28: Solution.plusOne(line 26, col 25)
            mutation operator group:   AOR
            mutation operator:         /(int,int) |==> *(int,int)
            original:                  sum / 10 
            mutant:                    sum * 10
[06/24 16:49:38] [INFO   ] org.mutationtesting.major.mutation.Mutator.nextMutant:
    Creating mutant 29
[06/24 16:49:38] [INFO   ] org.mutationtesting.major.mutation.Mutator.logMutant:
    Logging mutant 29: Solution.plusOne(line 26, col 25)
            mutation operator group:   AOR
            mutation operator:         /(int,int) |==> +(int,int)
            original:                  sum / 10 
            mutant:                    sum + 10
[06/24 16:49:38] [INFO   ] org.mutationtesting.major.mutation.Mutator.nextMutant:
    Creating mutant 30
[06/24 16:49:38] [INFO   ] org.mutationtesting.major.mutation.Mutator.logMutant:
    Logging mutant 30: Solution.plusOne(line 26, col 25)
            mutation operator group:   AOR
            mutation operator:         /(int,int) |==> -(int,int)
            original:                  sum / 10 
            mutant:                    sum - 10
[06/24 16:49:38] [INFO   ] org.mutationtesting.major.mutation.Mutator.nextMutant:
    Creating mutant 31
[06/24 16:49:38] [INFO   ] org.mutationtesting.major.mutation.Mutator.logMutantSTD:
    Logging mutantSTD 31: (STD) carry = sum / 10; -> <NO-OP>
[06/24 16:49:38] [INFO   ] org.mutationtesting.major.mutation.Mutator.nextMutant:
    Creating mutant 32
[06/24 16:49:38] [INFO   ] org.mutationtesting.major.mutation.Mutator.logMutant:
    Logging mutant 32: Solution.plusOne(line 27, col 29)
            mutation operator group:   AOR
            mutation operator:         %(int,int) |==> *(int,int)
            original:                  sum % 10 
            mutant:                    sum * 10
[06/24 16:49:38] [INFO   ] org.mutationtesting.major.mutation.Mutator.nextMutant:
    Creating mutant 33
[06/24 16:49:38] [INFO   ] org.mutationtesting.major.mutation.Mutator.logMutant:
    Logging mutant 33: Solution.plusOne(line 27, col 29)
            mutation operator group:   AOR
            mutation operator:         %(int,int) |==> +(int,int)
            original:                  sum % 10 
            mutant:                    sum + 10
[06/24 16:49:38] [INFO   ] org.mutationtesting.major.mutation.Mutator.nextMutant:
    Creating mutant 34
[06/24 16:49:38] [INFO   ] org.mutationtesting.major.mutation.Mutator.logMutant:
    Logging mutant 34: Solution.plusOne(line 27, col 29)
            mutation operator group:   AOR
            mutation operator:         %(int,int) |==> -(int,int)
            original:                  sum % 10 
            mutant:                    sum - 10
[06/24 16:49:38] [INFO   ] org.mutationtesting.major.mutation.Mutator.nextMutant:
    Creating mutant 35
[06/24 16:49:38] [INFO   ] org.mutationtesting.major.mutation.Mutator.logMutant:
    Logging mutant 35: Solution.plusOne(line 27, col 29)
            mutation operator group:   AOR
            mutation operator:         %(int,int) |==> /(int,int)
            original:                  sum % 10 
            mutant:                    sum / 10
[06/24 16:49:38] [INFO   ] org.mutationtesting.major.mutation.Mutator.nextMutant:
    Creating mutant 36
[06/24 16:49:38] [INFO   ] org.mutationtesting.major.mutation.Mutator.logMutantSTD:
    Logging mutantSTD 36: (STD) digits[i] = sum % 10; -> <NO-OP>
[06/24 16:49:38] [INFO   ] org.mutationtesting.major.mutation.Mutator.nextMutant:
    Creating mutant 37
[06/24 16:49:38] [INFO   ] org.mutationtesting.major.mutation.Mutator.logMutant:
    Logging mutant 37: Solution.plusOne(line 29, col 19)
            mutation operator group:   ROR
            mutation operator:         !=(int,int) |==> <(int,int)
            original:                  carry != 0 
            mutant:                    carry < 0
[06/24 16:49:38] [INFO   ] org.mutationtesting.major.mutation.Mutator.nextMutant:
    Creating mutant 38
[06/24 16:49:38] [INFO   ] org.mutationtesting.major.mutation.Mutator.logMutant:
    Logging mutant 38: Solution.plusOne(line 29, col 19)
            mutation operator group:   ROR
            mutation operator:         !=(int,int) |==> >(int,int)
            original:                  carry != 0 
            mutant:                    carry > 0
[06/24 16:49:38] [INFO   ] org.mutationtesting.major.mutation.Mutator.nextMutant:
    Creating mutant 39
[06/24 16:49:38] [INFO   ] org.mutationtesting.major.mutation.Mutator.logMutant:
    Logging mutant 39: Solution.plusOne(line 29, col 19)
            mutation operator group:   ROR
            mutation operator:         !=(int,int) |==> TRUE(int,int)
            original:                  carry != 0 
            mutant:                    true
[06/24 16:49:39] [INFO   ] org.mutationtesting.major.mutation.Mutator.nextMutant:
    Creating mutant 40
[06/24 16:49:39] [INFO   ] org.mutationtesting.major.mutation.Mutator.logMutant:
    Logging mutant 40: Solution.plusOne(line 30, col 47)
            mutation operator group:   AOR
            mutation operator:         +(int,int) |==> %(int,int)
            original:                  digits.length + 1 
            mutant:                    digits.length % 1
[06/24 16:49:39] [INFO   ] org.mutationtesting.major.mutation.Mutator.nextMutant:
    Creating mutant 41
[06/24 16:49:39] [INFO   ] org.mutationtesting.major.mutation.Mutator.logMutant:
    Logging mutant 41: Solution.plusOne(line 30, col 47)
            mutation operator group:   AOR
            mutation operator:         +(int,int) |==> *(int,int)
            original:                  digits.length + 1 
            mutant:                    digits.length * 1
[06/24 16:49:39] [INFO   ] org.mutationtesting.major.mutation.Mutator.nextMutant:
    Creating mutant 42
[06/24 16:49:39] [INFO   ] org.mutationtesting.major.mutation.Mutator.logMutant:
    Logging mutant 42: Solution.plusOne(line 30, col 47)
            mutation operator group:   AOR
            mutation operator:         +(int,int) |==> -(int,int)
            original:                  digits.length + 1 
            mutant:                    digits.length - 1
[06/24 16:49:39] [INFO   ] org.mutationtesting.major.mutation.Mutator.nextMutant:
    Creating mutant 43
[06/24 16:49:39] [INFO   ] org.mutationtesting.major.mutation.Mutator.logMutant:
    Logging mutant 43: Solution.plusOne(line 30, col 47)
            mutation operator group:   AOR
            mutation operator:         +(int,int) |==> /(int,int)
            original:                  digits.length + 1 
            mutant:                    digits.length / 1
[06/24 16:49:39] [INFO   ] org.mutationtesting.major.mutation.Mutator.nextMutant:
    Creating mutant 44
[06/24 16:49:39] [INFO   ] org.mutationtesting.major.mutation.Mutator.logMutantSTD:
    Logging mutantSTD 44: (STD) ans[0] = carry; -> <NO-OP>
[06/24 16:49:39] [INFO   ] org.mutationtesting.major.mutation.Mutator.nextMutant:
    Creating mutant 45
[06/24 16:49:39] [INFO   ] org.mutationtesting.major.mutation.Mutator.logMutant:
    Logging mutant 45: Solution.plusOne(line 32, col 60)
            mutation operator group:   AOR
            mutation operator:         -(int,int) |==> %(int,int)
            original:                  ans.length - 1 
            mutant:                    ans.length % 1
[06/24 16:49:39] [INFO   ] org.mutationtesting.major.mutation.Mutator.nextMutant:
    Creating mutant 46
[06/24 16:49:39] [INFO   ] org.mutationtesting.major.mutation.Mutator.logMutant:
    Logging mutant 46: Solution.plusOne(line 32, col 60)
            mutation operator group:   AOR
            mutation operator:         -(int,int) |==> *(int,int)
            original:                  ans.length - 1 
            mutant:                    ans.length * 1
[06/24 16:49:39] [INFO   ] org.mutationtesting.major.mutation.Mutator.nextMutant:
    Creating mutant 47
[06/24 16:49:39] [INFO   ] org.mutationtesting.major.mutation.Mutator.logMutant:
    Logging mutant 47: Solution.plusOne(line 32, col 60)
            mutation operator group:   AOR
            mutation operator:         -(int,int) |==> +(int,int)
            original:                  ans.length - 1 
            mutant:                    ans.length + 1
[06/24 16:49:39] [INFO   ] org.mutationtesting.major.mutation.Mutator.nextMutant:
    Creating mutant 48
[06/24 16:49:39] [INFO   ] org.mutationtesting.major.mutation.Mutator.logMutant:
    Logging mutant 48: Solution.plusOne(line 32, col 60)
            mutation operator group:   AOR
            mutation operator:         -(int,int) |==> /(int,int)
            original:                  ans.length - 1 
            mutant:                    ans.length / 1
[06/24 16:49:39] [INFO   ] org.mutationtesting.major.mutation.Mutator.nextMutant:
    Creating mutant 49
[06/24 16:49:39] [INFO   ] org.mutationtesting.major.mutation.Mutator.logMutantSTD:
    Logging mutantSTD 49: (STD) System.arraycopy(digits, 0, ans, 1, ans.length - 1); -> <NO-OP>
[06/24 16:49:39] [INFO   ] org.mutationtesting.major.mutation.Mutator.nextMutant:
    Creating mutant 50
[06/24 16:49:39] [INFO   ] org.mutationtesting.major.mutation.Mutator.logMutantSTD:
    Logging mutantSTD 50: (STD) return ans; -> <NO-OP>
[06/24 16:49:39] [INFO   ] org.mutationtesting.major.plugin.MajorPluginTaskListener.mutate:
    Generated 50 mutants (152 ms)
