1:ROR:<(int,int):!=(int,int):g0001_0100.s0074_search_a_2d_matrix.Solution@searchMatrix(int[][],int):18:i < endRow |==> i != endRow
2:ROR:<(int,int):<=(int,int):g0001_0100.s0074_search_a_2d_matrix.Solution@searchMatrix(int[][],int):18:i < endRow |==> i <= endRow
3:ROR:<(int,int):FALSE(int,int):g0001_0100.s0074_search_a_2d_matrix.Solution@searchMatrix(int[][],int):18:i < endRow |==> false
4:AOR:-(int,int):%(int,int):g0001_0100.s0074_search_a_2d_matrix.Solution@searchMatrix(int[][],int):19:endCol - 1 |==> endCol % 1
5:AOR:-(int,int):*(int,int):g0001_0100.s0074_search_a_2d_matrix.Solution@searchMatrix(int[][],int):19:endCol - 1 |==> endCol * 1
6:AOR:-(int,int):+(int,int):g0001_0100.s0074_search_a_2d_matrix.Solution@searchMatrix(int[][],int):19:endCol - 1 |==> endCol + 1
7:AOR:-(int,int):/(int,int):g0001_0100.s0074_search_a_2d_matrix.Solution@searchMatrix(int[][],int):19:endCol - 1 |==> endCol / 1
8:ROR:>=(int,int):==(int,int):g0001_0100.s0074_search_a_2d_matrix.Solution@searchMatrix(int[][],int):19:matrix[i][endCol - 1] >= target |==> matrix[i][endCol - 1] == target
9:ROR:>=(int,int):>(int,int):g0001_0100.s0074_search_a_2d_matrix.Solution@searchMatrix(int[][],int):19:matrix[i][endCol - 1] >= target |==> matrix[i][endCol - 1] > target
10:ROR:>=(int,int):TRUE(int,int):g0001_0100.s0074_search_a_2d_matrix.Solution@searchMatrix(int[][],int):19:matrix[i][endCol - 1] >= target |==> true
11:STD:<ASSIGN>:<NO-OP>:g0001_0100.s0074_search_a_2d_matrix.Solution@searchMatrix(int[][],int):20:targetRow = i; |==> <NO-OP>
12:STD:<BREAK>:<NO-OP>:g0001_0100.s0074_search_a_2d_matrix.Solution@searchMatrix(int[][],int):21:break; |==> <NO-OP>
13:ROR:<(int,int):!=(int,int):g0001_0100.s0074_search_a_2d_matrix.Solution@searchMatrix(int[][],int):24:i < endCol |==> i != endCol
14:ROR:<(int,int):<=(int,int):g0001_0100.s0074_search_a_2d_matrix.Solution@searchMatrix(int[][],int):24:i < endCol |==> i <= endCol
15:ROR:<(int,int):FALSE(int,int):g0001_0100.s0074_search_a_2d_matrix.Solution@searchMatrix(int[][],int):24:i < endCol |==> false
16:ROR:==(int,int):<=(int,int):g0001_0100.s0074_search_a_2d_matrix.Solution@searchMatrix(int[][],int):25:matrix[targetRow][i] == target |==> matrix[targetRow][i] <= target
17:ROR:==(int,int):>=(int,int):g0001_0100.s0074_search_a_2d_matrix.Solution@searchMatrix(int[][],int):25:matrix[targetRow][i] == target |==> matrix[targetRow][i] >= target
18:ROR:==(int,int):FALSE(int,int):g0001_0100.s0074_search_a_2d_matrix.Solution@searchMatrix(int[][],int):25:matrix[targetRow][i] == target |==> false
19:STD:<ASSIGN>:<NO-OP>:g0001_0100.s0074_search_a_2d_matrix.Solution@searchMatrix(int[][],int):26:result = true; |==> <NO-OP>
20:STD:<BREAK>:<NO-OP>:g0001_0100.s0074_search_a_2d_matrix.Solution@searchMatrix(int[][],int):27:break; |==> <NO-OP>
