ERROR:root:Failed to parse \F x.(F(x) & (_ = {NN})(x)). Error: The function '(_ = {NN})' is not a Lambda Expression, an Application Expression, or a functional predicate, so it may not take arguments.
\F x.(F(x) & (_ = {NN})(x))
                      ^
ERROR:root:An error occurred: The function '(_ = {NN})' is not a Lambda Expression, an Application Expression, or a functional predicate, so it may not take arguments.
\F x.(F(x) & (_ = {NN})(x))
                      ^
Sentence: < code > 0 < = x , y < = 2 < sup > 31 < /sup > - 1 < /code >
Tree XML:
<sentence>
  <tokens>
    <token start="0" span="1" pos="JJ" chunk="I-NP" entity="O" cat="N/N" id="t0_0" surf="&lt;" base="&lt;"/>
    <token start="1" span="1" pos="NN" chunk="I-NP" entity="O" cat="N/N" id="t0_1" surf="code" base="code"/>
    <token start="2" span="1" pos="NN" chunk="I-NP" entity="O" cat="N/N" id="t0_2" surf="&gt;" base="&gt;"/>
    <token start="3" span="1" pos="CD" chunk="I-NP" entity="O" cat="N/N" id="t0_3" surf="0" base="0"/>
    <token start="4" span="1" pos="NN" chunk="I-NP" entity="O" cat="N/N" id="t0_4" surf="&lt;" base="&lt;"/>
    <token start="5" span="1" pos="NN" chunk="I-NP" entity="O" cat="N/N" id="t0_5" surf="=" base="="/>
    <token start="6" span="1" pos="NN" chunk="I-NP" entity="O" cat="N" id="t0_6" surf="x" base="x"/>
    <token start="7" span="1" pos="," chunk="O" entity="O" cat="," id="t0_7" surf="," base=","/>
    <token start="8" span="1" pos="JJ" chunk="I-NP" entity="O" cat="N/N" id="t0_8" surf="y" base="y"/>
    <token start="9" span="1" pos="NN" chunk="I-NP" entity="O" cat="N" id="t0_9" surf="&lt;" base="&lt;"/>
    <token start="10" span="1" pos="VBD" chunk="I-VP" entity="O" cat="(S[dcl]\NP)/NP" id="t0_10" surf="=" base="="/>
    <token start="11" span="1" pos="CD" chunk="I-NP" entity="I-TIM" cat="(N/N)/(N/N)" id="t0_11" surf="2" base="2"/>
    <token start="12" span="1" pos="CD" chunk="I-NP" entity="I-TIM" cat="N/N" id="t0_12" surf="&lt;" base="&lt;"/>
    <token start="13" span="1" pos="NN" chunk="I-NP" entity="I-TIM" cat="N/N" id="t0_13" surf="sup" base="sup"/>
    <token start="14" span="1" pos="NNP" chunk="B-NP" entity="I-TIM" cat="N/N" id="t0_14" surf="&gt;" base="&gt;"/>
    <token start="15" span="1" pos="CD" chunk="I-NP" entity="I-TIM" cat="N/N" id="t0_15" surf="31" base="31"/>
    <token start="16" span="1" pos="NN" chunk="I-NP" entity="I-TIM" cat="N/N" id="t0_16" surf="&lt;" base="&lt;"/>
    <token start="17" span="1" pos="NN" chunk="I-NP" entity="I-TIM" cat="N/N" id="t0_17" surf="/sup" base="/sup"/>
    <token start="18" span="1" pos="SYM" chunk="B-NP" entity="I-TIM" cat="N" id="t0_18" surf="&gt;" base="&gt;"/>
    <token start="19" span="1" pos=":" chunk="O" entity="I-TIM" cat="(NP\NP)/NP" id="t0_19" surf="-" base="-"/>
    <token start="20" span="1" pos="CD" chunk="I-NP" entity="I-TIM" cat="N/N" id="t0_20" surf="1" base="1"/>
    <token start="21" span="1" pos="JJ" chunk="I-NP" entity="I-TIM" cat="N/N" id="t0_21" surf="&lt;" base="&lt;"/>
    <token start="22" span="1" pos="NN" chunk="I-NP" entity="I-TIM" cat="N/N" id="t0_22" surf="/code" base="/code"/>
    <token start="23" span="1" pos="NN" chunk="I-NP" entity="I-TIM" cat="N" id="t0_23" surf="&gt;" base="&gt;"/>
  </tokens>
  <ccg root="s0_sp0" id="s0_ccg0">
    <span root="true" id="s0_sp0" child="s0_sp1 s0_sp22" category="S[dcl=true]" rule="ba"/>
    <span id="s0_sp1" child="s0_sp2 s0_sp16" category="NP" rule="ba"/>
    <span id="s0_sp2" child="s0_sp3" category="NP" rule="lex"/>
    <span id="s0_sp3" child="s0_sp4 s0_sp5" category="N" rule="fa"/>
    <span start="0" span="1" pos="JJ" chunk="I-NP" entity="O" id="s0_sp4" surf="&lt;" base="&lt;" terminal="t0_0" category="N/N"/>
    <span id="s0_sp5" child="s0_sp6 s0_sp7" category="N" rule="fa"/>
    <span start="1" span="1" pos="NN" chunk="I-NP" entity="O" id="s0_sp6" surf="code" base="code" terminal="t0_1" category="N/N"/>
    <span id="s0_sp7" child="s0_sp8 s0_sp9" category="N" rule="fa"/>
    <span start="2" span="1" pos="NN" chunk="I-NP" entity="O" id="s0_sp8" surf="&gt;" base="&gt;" terminal="t0_2" category="N/N"/>
    <span id="s0_sp9" child="s0_sp10 s0_sp11" category="N" rule="fa"/>
    <span start="3" span="1" pos="CD" chunk="I-NP" entity="O" id="s0_sp10" surf="0" base="0" terminal="t0_3" category="N/N"/>
    <span id="s0_sp11" child="s0_sp12 s0_sp13" category="N" rule="fa"/>
    <span start="4" span="1" pos="NN" chunk="I-NP" entity="O" id="s0_sp12" surf="&lt;" base="&lt;" terminal="t0_4" category="N/N"/>
    <span id="s0_sp13" child="s0_sp14 s0_sp15" category="N" rule="fa"/>
    <span start="5" span="1" pos="NN" chunk="I-NP" entity="O" id="s0_sp14" surf="=" base="=" terminal="t0_5" category="N/N"/>
    <span start="6" span="1" pos="NN" chunk="I-NP" entity="O" id="s0_sp15" surf="x" base="x" terminal="t0_6" category="N"/>
    <span id="s0_sp16" child="s0_sp17 s0_sp18" category="NP\NP" rule="conj"/>
    <span start="7" span="1" pos="," chunk="O" entity="O" id="s0_sp17" surf="," base="," terminal="t0_7" category="=true,"/>
    <span id="s0_sp18" child="s0_sp19" category="NP" rule="lex"/>
    <span id="s0_sp19" child="s0_sp20 s0_sp21" category="N" rule="fa"/>
    <span start="8" span="1" pos="JJ" chunk="I-NP" entity="O" id="s0_sp20" surf="y" base="y" terminal="t0_8" category="N/N"/>
    <span start="9" span="1" pos="NN" chunk="I-NP" entity="O" id="s0_sp21" surf="&lt;" base="&lt;" terminal="t0_9" category="N"/>
    <span id="s0_sp22" child="s0_sp23 s0_sp24" category="S[dcl=true]\NP" rule="fa"/>
    <span start="10" span="1" pos="VBD" chunk="I-VP" entity="O" id="s0_sp23" surf="=" base="=" terminal="t0_10" category="(S[dcl=true]\NP)/NP"/>
    <span id="s0_sp24" child="s0_sp25 s0_sp41" category="NP" rule="ba"/>
    <span id="s0_sp25" child="s0_sp26" category="NP" rule="lex"/>
    <span id="s0_sp26" child="s0_sp27 s0_sp30" category="N" rule="fa"/>
    <span id="s0_sp27" child="s0_sp28 s0_sp29" category="N/N" rule="fa"/>
    <span start="11" span="1" pos="CD" chunk="I-NP" entity="I-TIM" id="s0_sp28" surf="2" base="2" terminal="t0_11" category="(N/N)/(N/N)"/>
    <span start="12" span="1" pos="CD" chunk="I-NP" entity="I-TIM" id="s0_sp29" surf="&lt;" base="&lt;" terminal="t0_12" category="N/N"/>
    <span id="s0_sp30" child="s0_sp31 s0_sp32" category="N" rule="fa"/>
    <span start="13" span="1" pos="NN" chunk="I-NP" entity="I-TIM" id="s0_sp31" surf="sup" base="sup" terminal="t0_13" category="N/N"/>
    <span id="s0_sp32" child="s0_sp33 s0_sp34" category="N" rule="fa"/>
    <span start="14" span="1" pos="NNP" chunk="B-NP" entity="I-TIM" id="s0_sp33" surf="&gt;" base="&gt;" terminal="t0_14" category="N/N"/>
    <span id="s0_sp34" child="s0_sp35 s0_sp36" category="N" rule="fa"/>
    <span start="15" span="1" pos="CD" chunk="I-NP" entity="I-TIM" id="s0_sp35" surf="31" base="31" terminal="t0_15" category="N/N"/>
    <span id="s0_sp36" child="s0_sp37 s0_sp38" category="N" rule="fa"/>
    <span start="16" span="1" pos="NN" chunk="I-NP" entity="I-TIM" id="s0_sp37" surf="&lt;" base="&lt;" terminal="t0_16" category="N/N"/>
    <span id="s0_sp38" child="s0_sp39 s0_sp40" category="N" rule="fa"/>
    <span start="17" span="1" pos="NN" chunk="I-NP" entity="I-TIM" id="s0_sp39" surf="/sup" base="/sup" terminal="t0_17" category="N/N"/>
    <span start="18" span="1" pos="SYM" chunk="B-NP" entity="I-TIM" id="s0_sp40" surf="&gt;" base="&gt;" terminal="t0_18" category="N"/>
    <span id="s0_sp41" child="s0_sp42 s0_sp43" category="NP\NP" rule="fa"/>
    <span start="19" span="1" pos=":" chunk="O" entity="I-TIM" id="s0_sp42" surf="-" base="-" terminal="t0_19" category="(NP\NP)/NP"/>
    <span id="s0_sp43" child="s0_sp44" category="NP" rule="lex"/>
    <span id="s0_sp44" child="s0_sp45 s0_sp46" category="N" rule="fa"/>
    <span start="20" span="1" pos="CD" chunk="I-NP" entity="I-TIM" id="s0_sp45" surf="1" base="1" terminal="t0_20" category="N/N"/>
    <span id="s0_sp46" child="s0_sp47 s0_sp48" category="N" rule="fa"/>
    <span start="21" span="1" pos="JJ" chunk="I-NP" entity="I-TIM" id="s0_sp47" surf="&lt;" base="&lt;" terminal="t0_21" category="N/N"/>
    <span id="s0_sp48" child="s0_sp49 s0_sp50" category="N" rule="fa"/>
    <span start="22" span="1" pos="NN" chunk="I-NP" entity="I-TIM" id="s0_sp49" surf="/code" base="/code" terminal="t0_22" category="N/N"/>
    <span start="23" span="1" pos="NN" chunk="I-NP" entity="I-TIM" id="s0_sp50" surf="&gt;" base="&gt;" terminal="t0_23" category="N"/>
  </ccg>
</sentence>

