ERROR:root:Failed to parse \F x.(F(x) & (_ = {NNP})(x)). Error: The function '(_ = {NNP})' is not a Lambda Expression, an Application Expression, or a functional predicate, so it may not take arguments.
\F x.(F(x) & (_ = {NNP})(x))
                       ^
ERROR:root:An error occurred: The function '(_ = {NNP})' is not a Lambda Expression, an Application Expression, or a functional predicate, so it may not take arguments.
\F x.(F(x) & (_ = {NNP})(x))
                       ^
Sentence: Input : x = 1 , y = 4
Tree XML:
<sentence>
  <tokens>
    <token start="0" span="1" pos="NNP" chunk="I-NP" entity="O" cat="N" id="t0_0" surf="Input" base="input"/>
    <token start="1" span="1" pos="IN" chunk="O" entity="O" cat="(NP\NP)/NP" id="t0_1" surf=":" base=":"/>
    <token start="2" span="1" pos="NNP" chunk="I-NP" entity="O" cat="N/N" id="t0_2" surf="x" base="x"/>
    <token start="3" span="1" pos="NNP" chunk="I-NP" entity="O" cat="N/N[num]" id="t0_3" surf="=" base="="/>
    <token start="4" span="1" pos="CD" chunk="I-NP" entity="O" cat="N[num]" id="t0_4" surf="1" base="1"/>
    <token start="5" span="1" pos="," chunk="I-NP" entity="O" cat="," id="t0_5" surf="," base=","/>
    <token start="6" span="1" pos="CD" chunk="I-NP" entity="O" cat="N/N" id="t0_6" surf="y" base="y"/>
    <token start="7" span="1" pos="NN" chunk="I-NP" entity="O" cat="N" id="t0_7" surf="=" base="="/>
    <token start="8" span="1" pos="CD" chunk="I-NP" entity="O" cat="N\N" id="t0_8" surf="4" base="4"/>
  </tokens>
  <ccg root="s0_sp0" id="s0_ccg0">
    <span root="true" id="s0_sp0" child="s0_sp1 s0_sp3" category="NP" rule="ba"/>
    <span id="s0_sp1" child="s0_sp2" category="NP" rule="lex"/>
    <span start="0" span="1" pos="NNP" chunk="I-NP" entity="O" id="s0_sp2" surf="Input" base="input" terminal="t0_0" category="N"/>
    <span id="s0_sp3" child="s0_sp4 s0_sp5" category="NP\NP" rule="fa"/>
    <span start="1" span="1" pos="IN" chunk="O" entity="O" id="s0_sp4" surf=":" base=":" terminal="t0_1" category="(NP\NP)/NP"/>
    <span id="s0_sp5" child="s0_sp6 s0_sp12" category="NP" rule="ba"/>
    <span id="s0_sp6" child="s0_sp7" category="NP" rule="lex"/>
    <span id="s0_sp7" child="s0_sp8 s0_sp9" category="N" rule="fa"/>
    <span start="2" span="1" pos="NNP" chunk="I-NP" entity="O" id="s0_sp8" surf="x" base="x" terminal="t0_2" category="N/N"/>
    <span id="s0_sp9" child="s0_sp10 s0_sp11" category="N" rule="fa"/>
    <span start="3" span="1" pos="NNP" chunk="I-NP" entity="O" id="s0_sp10" surf="=" base="=" terminal="t0_3" category="N/N[num=true]"/>
    <span start="4" span="1" pos="CD" chunk="I-NP" entity="O" id="s0_sp11" surf="1" base="1" terminal="t0_4" category="N[num=true]"/>
    <span id="s0_sp12" child="s0_sp13 s0_sp14" category="NP\NP" rule="conj"/>
    <span start="5" span="1" pos="," chunk="I-NP" entity="O" id="s0_sp13" surf="," base="," terminal="t0_5" category="=true,"/>
    <span id="s0_sp14" child="s0_sp15" category="NP" rule="lex"/>
    <span id="s0_sp15" child="s0_sp16 s0_sp19" category="N" rule="ba"/>
    <span id="s0_sp16" child="s0_sp17 s0_sp18" category="N" rule="fa"/>
    <span start="6" span="1" pos="CD" chunk="I-NP" entity="O" id="s0_sp17" surf="y" base="y" terminal="t0_6" category="N/N"/>
    <span start="7" span="1" pos="NN" chunk="I-NP" entity="O" id="s0_sp18" surf="=" base="=" terminal="t0_7" category="N"/>
    <span start="8" span="1" pos="CD" chunk="I-NP" entity="O" id="s0_sp19" surf="4" base="4" terminal="t0_8" category="N\N"/>
  </ccg>
</sentence>

