ERROR:root:Failed to parse \F x.(F(x) & (_ = {NN})(x)). Error: The function '(_ = {NN})' is not a Lambda Expression, an Application Expression, or a functional predicate, so it may not take arguments.
\F x.(F(x) & (_ = {NN})(x))
                      ^
ERROR:root:An error occurred: The function '(_ = {NN})' is not a Lambda Expression, an Application Expression, or a functional predicate, so it may not take arguments.
\F x.(F(x) & (_ = {NN})(x))
                      ^
Sentence: `0 < = word1.length , word2.length < = 500`
Tree XML:
<sentence>
  <tokens>
    <token start="0" span="1" pos="CD" chunk="I-NP" entity="I-PCT" cat="N/N" id="t0_0" surf="`0" base="`0"/>
    <token start="1" span="1" pos="NN" chunk="I-NP" entity="I-PCT" cat="N/N" id="t0_1" surf="&lt;" base="&lt;"/>
    <token start="2" span="1" pos="NN" chunk="I-NP" entity="I-PCT" cat="N/N" id="t0_2" surf="=" base="="/>
    <token start="3" span="1" pos="NN" chunk="I-NP" entity="I-PCT" cat="N" id="t0_3" surf="word1.length" base="word1.length"/>
    <token start="4" span="1" pos="," chunk="O" entity="O" cat="," id="t0_4" surf="," base=","/>
    <token start="5" span="1" pos="JJ" chunk="I-NP" entity="O" cat="N/N" id="t0_5" surf="word2.length" base="word2.length"/>
    <token start="6" span="1" pos="NN" chunk="I-NP" entity="O" cat="N/N" id="t0_6" surf="&lt;" base="&lt;"/>
    <token start="7" span="1" pos="NN" chunk="I-NP" entity="O" cat="N" id="t0_7" surf="=" base="="/>
    <token start="8" span="1" pos="CD" chunk="I-NP" entity="O" cat="N\N" id="t0_8" surf="500`" base="500`"/>
  </tokens>
  <ccg root="s0_sp0" id="s0_ccg0">
    <span root="true" id="s0_sp0" child="s0_sp1 s0_sp9" category="NP" rule="ba"/>
    <span id="s0_sp1" child="s0_sp2" category="NP" rule="lex"/>
    <span id="s0_sp2" child="s0_sp3 s0_sp4" category="N" rule="fa"/>
    <span start="0" span="1" pos="CD" chunk="I-NP" entity="I-PCT" id="s0_sp3" surf="`0" base="`0" terminal="t0_0" category="N/N"/>
    <span id="s0_sp4" child="s0_sp5 s0_sp6" category="N" rule="fa"/>
    <span start="1" span="1" pos="NN" chunk="I-NP" entity="I-PCT" id="s0_sp5" surf="&lt;" base="&lt;" terminal="t0_1" category="N/N"/>
    <span id="s0_sp6" child="s0_sp7 s0_sp8" category="N" rule="fa"/>
    <span start="2" span="1" pos="NN" chunk="I-NP" entity="I-PCT" id="s0_sp7" surf="=" base="=" terminal="t0_2" category="N/N"/>
    <span start="3" span="1" pos="NN" chunk="I-NP" entity="I-PCT" id="s0_sp8" surf="word1.length" base="word1.length" terminal="t0_3" category="N"/>
    <span id="s0_sp9" child="s0_sp10 s0_sp11" category="NP\NP" rule="conj"/>
    <span start="4" span="1" pos="," chunk="O" entity="O" id="s0_sp10" surf="," base="," terminal="t0_4" category="=true,"/>
    <span id="s0_sp11" child="s0_sp12" category="NP" rule="lex"/>
    <span id="s0_sp12" child="s0_sp13 s0_sp14" category="N" rule="fa"/>
    <span start="5" span="1" pos="JJ" chunk="I-NP" entity="O" id="s0_sp13" surf="word2.length" base="word2.length" terminal="t0_5" category="N/N"/>
    <span id="s0_sp14" child="s0_sp15 s0_sp16" category="N" rule="fa"/>
    <span start="6" span="1" pos="NN" chunk="I-NP" entity="O" id="s0_sp15" surf="&lt;" base="&lt;" terminal="t0_6" category="N/N"/>
    <span id="s0_sp16" child="s0_sp17 s0_sp18" category="N" rule="ba"/>
    <span start="7" span="1" pos="NN" chunk="I-NP" entity="O" id="s0_sp17" surf="=" base="=" terminal="t0_7" category="N"/>
    <span start="8" span="1" pos="CD" chunk="I-NP" entity="O" id="s0_sp18" surf="500`" base="500`" terminal="t0_8" category="N\N"/>
  </ccg>
</sentence>

