ERROR:root:Failed to parse \x.((_ = {NNS})(x) & _word1{CD}(x)). Error: The function '(_ = {NNS})' is not a Lambda Expression, an Application Expression, or a functional predicate, so it may not take arguments.
\x.((_ = {NNS})(x) & _word1{CD}(x))
              ^
ERROR:root:An error occurred: The function '(_ = {NNS})' is not a Lambda Expression, an Application Expression, or a functional predicate, so it may not take arguments.
\x.((_ = {NNS})(x) & _word1{CD}(x))
              ^
Sentence: Input : word1 = `` intention '' , word2 = `` execution ''
Tree XML:
<sentence>
  <tokens>
    <token start="0" span="1" pos="NNP" chunk="I-NP" entity="O" cat="N" id="t0_0" surf="Input" base="input"/>
    <token start="1" span="1" pos="IN" chunk="O" entity="O" cat="(NP\NP)/S[dcl]" id="t0_1" surf=":" base=":"/>
    <token start="2" span="1" pos="CD" chunk="I-NP" entity="O" cat="N/N" id="t0_2" surf="word1" base="word1"/>
    <token start="3" span="1" pos="NNS" chunk="I-NP" entity="O" cat="N" id="t0_3" surf="=" base="="/>
    <token start="4" span="1" pos="LQU" chunk="I-NP" entity="O" cat="LQU" id="t0_4" surf="``" base="``"/>
    <token start="5" span="1" pos="NN" chunk="I-NP" entity="O" cat="S[dcl]\NP" id="t0_5" surf="intention" base="intention"/>
    <token start="6" span="1" pos="RQU" chunk="O" entity="O" cat="RQU" id="t0_6" surf="''" base="''"/>
    <token start="7" span="1" pos="," chunk="O" entity="O" cat="," id="t0_7" surf="," base=","/>
    <token start="8" span="1" pos="CD" chunk="I-NP" entity="O" cat="N/N" id="t0_8" surf="word2" base="word2"/>
    <token start="9" span="1" pos="NNS" chunk="I-NP" entity="O" cat="N" id="t0_9" surf="=" base="="/>
    <token start="10" span="1" pos="LQU" chunk="I-NP" entity="O" cat="LQU" id="t0_10" surf="``" base="``"/>
    <token start="11" span="1" pos="NN" chunk="I-NP" entity="O" cat="S[dcl]\NP" id="t0_11" surf="execution" base="execution"/>
    <token start="12" span="1" pos="RQU" chunk="O" entity="O" cat="RQU" id="t0_12" surf="''" base="''"/>
  </tokens>
  <ccg root="s0_sp0" id="s0_ccg0">
    <span root="true" id="s0_sp0" child="s0_sp1 s0_sp27" category="S[dcl=true]" rule="rp"/>
    <span id="s0_sp1" child="s0_sp2 s0_sp24" category="S[dcl=true]" rule="ba"/>
    <span id="s0_sp2" child="s0_sp3 s0_sp18" category="NP" rule="ba"/>
    <span id="s0_sp3" child="s0_sp4 s0_sp6" category="NP" rule="ba"/>
    <span id="s0_sp4" child="s0_sp5" category="NP" rule="lex"/>
    <span start="0" span="1" pos="NNP" chunk="I-NP" entity="O" id="s0_sp5" surf="Input" base="input" terminal="t0_0" category="N"/>
    <span id="s0_sp6" child="s0_sp7 s0_sp8" category="NP\NP" rule="fa"/>
    <span start="1" span="1" pos="IN" chunk="O" entity="O" id="s0_sp7" surf=":" base=":" terminal="t0_1" category="(NP\NP)/S[dcl=true]"/>
    <span id="s0_sp8" child="s0_sp9 s0_sp13" category="S[dcl=true]" rule="ba"/>
    <span id="s0_sp9" child="s0_sp10" category="NP" rule="lex"/>
    <span id="s0_sp10" child="s0_sp11 s0_sp12" category="N" rule="fa"/>
    <span start="2" span="1" pos="CD" chunk="I-NP" entity="O" id="s0_sp11" surf="word1" base="word1" terminal="t0_2" category="N/N"/>
    <span start="3" span="1" pos="NNS" chunk="I-NP" entity="O" id="s0_sp12" surf="=" base="=" terminal="t0_3" category="N"/>
    <span id="s0_sp13" child="s0_sp14 s0_sp15" category="S[dcl=true]\NP" rule="lp"/>
    <span start="4" span="1" pos="LQU" chunk="I-NP" entity="O" id="s0_sp14" surf="``" base="``" terminal="t0_4" category="LQU"/>
    <span id="s0_sp15" child="s0_sp16 s0_sp17" category="S[dcl=true]\NP" rule="rp"/>
    <span start="5" span="1" pos="NN" chunk="I-NP" entity="O" id="s0_sp16" surf="intention" base="intention" terminal="t0_5" category="S[dcl=true]\NP"/>
    <span start="6" span="1" pos="RQU" chunk="O" entity="O" id="s0_sp17" surf="''" base="''" terminal="t0_6" category="RQU"/>
    <span id="s0_sp18" child="s0_sp19 s0_sp20" category="NP\NP" rule="conj"/>
    <span start="7" span="1" pos="," chunk="O" entity="O" id="s0_sp19" surf="," base="," terminal="t0_7" category="=true,"/>
    <span id="s0_sp20" child="s0_sp21" category="NP" rule="lex"/>
    <span id="s0_sp21" child="s0_sp22 s0_sp23" category="N" rule="fa"/>
    <span start="8" span="1" pos="CD" chunk="I-NP" entity="O" id="s0_sp22" surf="word2" base="word2" terminal="t0_8" category="N/N"/>
    <span start="9" span="1" pos="NNS" chunk="I-NP" entity="O" id="s0_sp23" surf="=" base="=" terminal="t0_9" category="N"/>
    <span id="s0_sp24" child="s0_sp25 s0_sp26" category="S[dcl=true]\NP" rule="lp"/>
    <span start="10" span="1" pos="LQU" chunk="I-NP" entity="O" id="s0_sp25" surf="``" base="``" terminal="t0_10" category="LQU"/>
    <span start="11" span="1" pos="NN" chunk="I-NP" entity="O" id="s0_sp26" surf="execution" base="execution" terminal="t0_11" category="S[dcl=true]\NP"/>
    <span start="12" span="1" pos="RQU" chunk="O" entity="O" id="s0_sp27" surf="''" base="''" terminal="t0_12" category="RQU"/>
  </ccg>
</sentence>

