[04/24 17:41:18] [INFO   ] org.mutationtesting.major.plugin.MajorPluginTaskListener.<init>:
    Created MajorPluginTaskListener with options: [mml:../../major/mml/all.mml.bin]
[04/24 17:41:18] [INFO   ] org.mutationtesting.major.mutation.Mutator.initOperatorSymbols:
    Initializing operator symbols for opcode mapping
[04/24 17:41:18] [INFO   ] org.mutationtesting.major.mutation.Mutator.mutateTree:
    Mutating tree: Env[AttrContext[Scope[super, this]],outer=Env[AttrContext[Scope[g0001_0100.s0084_largest_rectangle_in_histogram.Solution]]]]
[04/24 17:41:18] [INFO   ] org.mutationtesting.major.mutation.Mutator.visitClassDef:
    CLASS: g0001_0100.s0084_largest_rectangle_in_histogram.Solution
[04/24 17:41:18] [INFO   ] org.mutationtesting.major.mutation.Mutator.visitMethodDef:
    METHOD: <init>([])null
[04/24 17:41:18] [INFO   ] org.mutationtesting.major.mutation.Mutator.visitMethodDef:
    METHOD: largestRectangleArea([int[] heights])int
[04/24 17:41:18] [INFO   ] org.mutationtesting.major.mutation.Mutator.visitMethodDef:
    METHOD: largestArea([int[] a, int start, int limit])int
[04/24 17:41:18] [INFO   ] org.mutationtesting.major.mutation.Mutator.nextMutant:
    Creating mutant 1
[04/24 17:41:18] [INFO   ] org.mutationtesting.major.mutation.Mutator.logMutant:
    Logging mutant 1: Solution.largestArea(line 17, col 15)
            mutation operator group:   ROR
            mutation operator:         ==(java.lang.Object,java.lang.Object) |==> FALSE(java.lang.Object,java.lang.Object)
            original:                  a == null 
            mutant:                    false
[04/24 17:41:18] [INFO   ] org.mutationtesting.major.mutation.Mutator.nextMutant:
    Creating mutant 2
[04/24 17:41:18] [INFO   ] org.mutationtesting.major.mutation.Mutator.logMutant:
    Logging mutant 2: Solution.largestArea(line 17, col 35)
            mutation operator group:   ROR
            mutation operator:         ==(int,int) |==> <=(int,int)
            original:                  a.length == 0 
            mutant:                    a.length <= 0
[04/24 17:41:18] [INFO   ] org.mutationtesting.major.mutation.Mutator.nextMutant:
    Creating mutant 3
[04/24 17:41:18] [INFO   ] org.mutationtesting.major.mutation.Mutator.logMutant:
    Logging mutant 3: Solution.largestArea(line 17, col 35)
            mutation operator group:   ROR
            mutation operator:         ==(int,int) |==> >=(int,int)
            original:                  a.length == 0 
            mutant:                    a.length >= 0
[04/24 17:41:18] [INFO   ] org.mutationtesting.major.mutation.Mutator.nextMutant:
    Creating mutant 4
[04/24 17:41:18] [INFO   ] org.mutationtesting.major.mutation.Mutator.logMutant:
    Logging mutant 4: Solution.largestArea(line 17, col 35)
            mutation operator group:   ROR
            mutation operator:         ==(int,int) |==> FALSE(int,int)
            original:                  a.length == 0 
            mutant:                    false
[04/24 17:41:18] [INFO   ] org.mutationtesting.major.mutation.Mutator.nextMutant:
    Creating mutant 5
[04/24 17:41:18] [INFO   ] org.mutationtesting.major.mutation.Mutator.logMutant:
    Logging mutant 5: Solution.largestArea(line 17, col 23)
            mutation operator group:   COR
            mutation operator:         ||(boolean,boolean) |==> !=(boolean,boolean)
            original:                  a == null || a.length == 0 
            mutant:                    a == null != (a.length == 0)
[04/24 17:41:18] [INFO   ] org.mutationtesting.major.mutation.Mutator.nextMutant:
    Creating mutant 6
[04/24 17:41:18] [INFO   ] org.mutationtesting.major.mutation.Mutator.logMutant:
    Logging mutant 6: Solution.largestArea(line 17, col 15)
            mutation operator group:   COR
            mutation operator:         ||(boolean,boolean) |==> LHS(boolean,boolean)
            original:                  a == null || a.length == 0 
            mutant:                    a == null
[04/24 17:41:18] [INFO   ] org.mutationtesting.major.mutation.Mutator.nextMutant:
    Creating mutant 7
[04/24 17:41:18] [INFO   ] org.mutationtesting.major.mutation.Mutator.logMutant:
    Logging mutant 7: Solution.largestArea(line 17, col 35)
            mutation operator group:   COR
            mutation operator:         ||(boolean,boolean) |==> RHS(boolean,boolean)
            original:                  a == null || a.length == 0 
            mutant:                    a.length == 0
[04/24 17:41:18] [INFO   ] org.mutationtesting.major.mutation.Mutator.nextMutant:
    Creating mutant 8
[04/24 17:41:18] [INFO   ] org.mutationtesting.major.mutation.Mutator.logMutant:
    Logging mutant 8: Solution.largestArea(line 17, col 23)
            mutation operator group:   COR
            mutation operator:         ||(boolean,boolean) |==> TRUE(boolean,boolean)
            original:                  a == null || a.length == 0 
            mutant:                    true
[04/24 17:41:18] [INFO   ] org.mutationtesting.major.mutation.Mutator.nextMutant:
    Creating mutant 9
[04/24 17:41:18] [INFO   ] org.mutationtesting.major.mutation.Mutator.logMutantSTD:
    Logging mutantSTD 9: (STD) return 0; -> <NO-OP>
[04/24 17:41:18] [INFO   ] org.mutationtesting.major.mutation.Mutator.nextMutant:
    Creating mutant 10
[04/24 17:41:18] [INFO   ] org.mutationtesting.major.mutation.Mutator.logMutant:
    Logging mutant 10: Solution.largestArea(line 20, col 19)
            mutation operator group:   ROR
            mutation operator:         ==(int,int) |==> <=(int,int)
            original:                  start == limit 
            mutant:                    start <= limit
[04/24 17:41:18] [INFO   ] org.mutationtesting.major.mutation.Mutator.nextMutant:
    Creating mutant 11
[04/24 17:41:18] [INFO   ] org.mutationtesting.major.mutation.Mutator.logMutant:
    Logging mutant 11: Solution.largestArea(line 20, col 19)
            mutation operator group:   ROR
            mutation operator:         ==(int,int) |==> >=(int,int)
            original:                  start == limit 
            mutant:                    start >= limit
[04/24 17:41:18] [INFO   ] org.mutationtesting.major.mutation.Mutator.nextMutant:
    Creating mutant 12
[04/24 17:41:18] [INFO   ] org.mutationtesting.major.mutation.Mutator.logMutant:
    Logging mutant 12: Solution.largestArea(line 20, col 19)
            mutation operator group:   ROR
            mutation operator:         ==(int,int) |==> FALSE(int,int)
            original:                  start == limit 
            mutant:                    false
[04/24 17:41:18] [INFO   ] org.mutationtesting.major.mutation.Mutator.nextMutant:
    Creating mutant 13
[04/24 17:41:18] [INFO   ] org.mutationtesting.major.mutation.Mutator.logMutantSTD:
    Logging mutantSTD 13: (STD) return 0; -> <NO-OP>
[04/24 17:41:18] [INFO   ] org.mutationtesting.major.mutation.Mutator.nextMutant:
    Creating mutant 14
[04/24 17:41:18] [INFO   ] org.mutationtesting.major.mutation.Mutator.logMutant:
    Logging mutant 14: Solution.largestArea(line 23, col 19)
            mutation operator group:   AOR
            mutation operator:         -(int,int) |==> %(int,int)
            original:                  limit - start 
            mutant:                    limit % start
[04/24 17:41:18] [INFO   ] org.mutationtesting.major.mutation.Mutator.nextMutant:
    Creating mutant 15
[04/24 17:41:18] [INFO   ] org.mutationtesting.major.mutation.Mutator.logMutant:
    Logging mutant 15: Solution.largestArea(line 23, col 19)
            mutation operator group:   AOR
            mutation operator:         -(int,int) |==> *(int,int)
            original:                  limit - start 
            mutant:                    limit * start
[04/24 17:41:18] [INFO   ] org.mutationtesting.major.mutation.Mutator.nextMutant:
    Creating mutant 16
[04/24 17:41:18] [INFO   ] org.mutationtesting.major.mutation.Mutator.logMutant:
    Logging mutant 16: Solution.largestArea(line 23, col 19)
            mutation operator group:   AOR
            mutation operator:         -(int,int) |==> +(int,int)
            original:                  limit - start 
            mutant:                    limit + start
[04/24 17:41:18] [INFO   ] org.mutationtesting.major.mutation.Mutator.nextMutant:
    Creating mutant 17
[04/24 17:41:18] [INFO   ] org.mutationtesting.major.mutation.Mutator.logMutant:
    Logging mutant 17: Solution.largestArea(line 23, col 19)
            mutation operator group:   AOR
            mutation operator:         -(int,int) |==> /(int,int)
            original:                  limit - start 
            mutant:                    limit / start
[04/24 17:41:18] [INFO   ] org.mutationtesting.major.mutation.Mutator.nextMutant:
    Creating mutant 18
[04/24 17:41:18] [INFO   ] org.mutationtesting.major.mutation.Mutator.logMutant:
    Logging mutant 18: Solution.largestArea(line 23, col 27)
            mutation operator group:   ROR
            mutation operator:         ==(int,int) |==> <=(int,int)
            original:                  limit - start == 1 
            mutant:                    limit - start <= 1
[04/24 17:41:18] [INFO   ] org.mutationtesting.major.mutation.Mutator.nextMutant:
    Creating mutant 19
[04/24 17:41:18] [INFO   ] org.mutationtesting.major.mutation.Mutator.logMutant:
    Logging mutant 19: Solution.largestArea(line 23, col 27)
            mutation operator group:   ROR
            mutation operator:         ==(int,int) |==> >=(int,int)
            original:                  limit - start == 1 
            mutant:                    limit - start >= 1
[04/24 17:41:18] [INFO   ] org.mutationtesting.major.mutation.Mutator.nextMutant:
    Creating mutant 20
[04/24 17:41:18] [INFO   ] org.mutationtesting.major.mutation.Mutator.logMutant:
    Logging mutant 20: Solution.largestArea(line 23, col 27)
            mutation operator group:   ROR
            mutation operator:         ==(int,int) |==> FALSE(int,int)
            original:                  limit - start == 1 
            mutant:                    false
[04/24 17:41:18] [INFO   ] org.mutationtesting.major.mutation.Mutator.nextMutant:
    Creating mutant 21
[04/24 17:41:18] [INFO   ] org.mutationtesting.major.mutation.Mutator.logMutantSTD:
    Logging mutantSTD 21: (STD) return a[start]; -> <NO-OP>
[04/24 17:41:18] [INFO   ] org.mutationtesting.major.mutation.Mutator.nextMutant:
    Creating mutant 22
[04/24 17:41:18] [INFO   ] org.mutationtesting.major.mutation.Mutator.logMutant:
    Logging mutant 22: Solution.largestArea(line 26, col 19)
            mutation operator group:   AOR
            mutation operator:         -(int,int) |==> %(int,int)
            original:                  limit - start 
            mutant:                    limit % start
[04/24 17:41:18] [INFO   ] org.mutationtesting.major.mutation.Mutator.nextMutant:
    Creating mutant 23
[04/24 17:41:18] [INFO   ] org.mutationtesting.major.mutation.Mutator.logMutant:
    Logging mutant 23: Solution.largestArea(line 26, col 19)
            mutation operator group:   AOR
            mutation operator:         -(int,int) |==> *(int,int)
            original:                  limit - start 
            mutant:                    limit * start
[04/24 17:41:18] [INFO   ] org.mutationtesting.major.mutation.Mutator.nextMutant:
    Creating mutant 24
[04/24 17:41:18] [INFO   ] org.mutationtesting.major.mutation.Mutator.logMutant:
    Logging mutant 24: Solution.largestArea(line 26, col 19)
            mutation operator group:   AOR
            mutation operator:         -(int,int) |==> +(int,int)
            original:                  limit - start 
            mutant:                    limit + start
[04/24 17:41:18] [INFO   ] org.mutationtesting.major.mutation.Mutator.nextMutant:
    Creating mutant 25
[04/24 17:41:18] [INFO   ] org.mutationtesting.major.mutation.Mutator.logMutant:
    Logging mutant 25: Solution.largestArea(line 26, col 19)
            mutation operator group:   AOR
            mutation operator:         -(int,int) |==> /(int,int)
            original:                  limit - start 
            mutant:                    limit / start
[04/24 17:41:18] [INFO   ] org.mutationtesting.major.mutation.Mutator.nextMutant:
    Creating mutant 26
[04/24 17:41:18] [INFO   ] org.mutationtesting.major.mutation.Mutator.logMutant:
    Logging mutant 26: Solution.largestArea(line 26, col 27)
            mutation operator group:   ROR
            mutation operator:         ==(int,int) |==> <=(int,int)
            original:                  limit - start == 2 
            mutant:                    limit - start <= 2
[04/24 17:41:18] [INFO   ] org.mutationtesting.major.mutation.Mutator.nextMutant:
    Creating mutant 27
[04/24 17:41:18] [INFO   ] org.mutationtesting.major.mutation.Mutator.logMutant:
    Logging mutant 27: Solution.largestArea(line 26, col 27)
            mutation operator group:   ROR
            mutation operator:         ==(int,int) |==> >=(int,int)
            original:                  limit - start == 2 
            mutant:                    limit - start >= 2
[04/24 17:41:18] [INFO   ] org.mutationtesting.major.mutation.Mutator.nextMutant:
    Creating mutant 28
[04/24 17:41:18] [INFO   ] org.mutationtesting.major.mutation.Mutator.logMutant:
    Logging mutant 28: Solution.largestArea(line 26, col 27)
            mutation operator group:   ROR
            mutation operator:         ==(int,int) |==> FALSE(int,int)
            original:                  limit - start == 2 
            mutant:                    false
[04/24 17:41:18] [INFO   ] org.mutationtesting.major.mutation.Mutator.nextMutant:
    Creating mutant 29
[04/24 17:41:18] [INFO   ] org.mutationtesting.major.mutation.Mutator.logMutant:
    Logging mutant 29: Solution.largestArea(line 27, col 59)
            mutation operator group:   AOR
            mutation operator:         +(int,int) |==> %(int,int)
            original:                  start + 1 
            mutant:                    start % 1
[04/24 17:41:18] [INFO   ] org.mutationtesting.major.mutation.Mutator.nextMutant:
    Creating mutant 30
[04/24 17:41:18] [INFO   ] org.mutationtesting.major.mutation.Mutator.logMutant:
    Logging mutant 30: Solution.largestArea(line 27, col 59)
            mutation operator group:   AOR
            mutation operator:         +(int,int) |==> *(int,int)
            original:                  start + 1 
            mutant:                    start * 1
[04/24 17:41:18] [INFO   ] org.mutationtesting.major.mutation.Mutator.nextMutant:
    Creating mutant 31
[04/24 17:41:18] [INFO   ] org.mutationtesting.major.mutation.Mutator.logMutant:
    Logging mutant 31: Solution.largestArea(line 27, col 59)
            mutation operator group:   AOR
            mutation operator:         +(int,int) |==> -(int,int)
            original:                  start + 1 
            mutant:                    start - 1
[04/24 17:41:18] [INFO   ] org.mutationtesting.major.mutation.Mutator.nextMutant:
    Creating mutant 32
[04/24 17:41:18] [INFO   ] org.mutationtesting.major.mutation.Mutator.logMutant:
    Logging mutant 32: Solution.largestArea(line 27, col 59)
            mutation operator group:   AOR
            mutation operator:         +(int,int) |==> /(int,int)
            original:                  start + 1 
            mutant:                    start / 1
[04/24 17:41:18] [INFO   ] org.mutationtesting.major.mutation.Mutator.nextMutant:
    Creating mutant 33
[04/24 17:41:18] [INFO   ] org.mutationtesting.major.mutation.Mutator.logMutant:
    Logging mutant 33: Solution.largestArea(line 28, col 58)
            mutation operator group:   AOR
            mutation operator:         +(int,int) |==> %(int,int)
            original:                  start + 1 
            mutant:                    start % 1
[04/24 17:41:18] [INFO   ] org.mutationtesting.major.mutation.Mutator.nextMutant:
    Creating mutant 34
[04/24 17:41:18] [INFO   ] org.mutationtesting.major.mutation.Mutator.logMutant:
    Logging mutant 34: Solution.largestArea(line 28, col 58)
            mutation operator group:   AOR
            mutation operator:         +(int,int) |==> *(int,int)
            original:                  start + 1 
            mutant:                    start * 1
[04/24 17:41:18] [INFO   ] org.mutationtesting.major.mutation.Mutator.nextMutant:
    Creating mutant 35
[04/24 17:41:18] [INFO   ] org.mutationtesting.major.mutation.Mutator.logMutant:
    Logging mutant 35: Solution.largestArea(line 28, col 58)
            mutation operator group:   AOR
            mutation operator:         +(int,int) |==> -(int,int)
            original:                  start + 1 
            mutant:                    start - 1
[04/24 17:41:18] [INFO   ] org.mutationtesting.major.mutation.Mutator.nextMutant:
    Creating mutant 36
[04/24 17:41:18] [INFO   ] org.mutationtesting.major.mutation.Mutator.logMutant:
    Logging mutant 36: Solution.largestArea(line 28, col 58)
            mutation operator group:   AOR
            mutation operator:         +(int,int) |==> /(int,int)
            original:                  start + 1 
            mutant:                    start / 1
[04/24 17:41:18] [INFO   ] org.mutationtesting.major.mutation.Mutator.nextMutant:
    Creating mutant 37
[04/24 17:41:18] [INFO   ] org.mutationtesting.major.mutation.Mutator.logMutant:
    Logging mutant 37: Solution.largestArea(line 28, col 64)
            mutation operator group:   AOR
            mutation operator:         *(int,int) |==> %(int,int)
            original:                  Math.min(a[start], a[start + 1]) * 2 
            mutant:                    Math.min(a[start], a[start + 1]) % 2
[04/24 17:41:18] [INFO   ] org.mutationtesting.major.mutation.Mutator.nextMutant:
    Creating mutant 38
[04/24 17:41:18] [INFO   ] org.mutationtesting.major.mutation.Mutator.logMutant:
    Logging mutant 38: Solution.largestArea(line 28, col 64)
            mutation operator group:   AOR
            mutation operator:         *(int,int) |==> +(int,int)
            original:                  Math.min(a[start], a[start + 1]) * 2 
            mutant:                    Math.min(a[start], a[start + 1]) + 2
[04/24 17:41:18] [INFO   ] org.mutationtesting.major.mutation.Mutator.nextMutant:
    Creating mutant 39
[04/24 17:41:18] [INFO   ] org.mutationtesting.major.mutation.Mutator.logMutant:
    Logging mutant 39: Solution.largestArea(line 28, col 64)
            mutation operator group:   AOR
            mutation operator:         *(int,int) |==> -(int,int)
            original:                  Math.min(a[start], a[start + 1]) * 2 
            mutant:                    Math.min(a[start], a[start + 1]) - 2
[04/24 17:41:18] [INFO   ] org.mutationtesting.major.mutation.Mutator.nextMutant:
    Creating mutant 40
[04/24 17:41:18] [INFO   ] org.mutationtesting.major.mutation.Mutator.logMutant:
    Logging mutant 40: Solution.largestArea(line 28, col 64)
            mutation operator group:   AOR
            mutation operator:         *(int,int) |==> /(int,int)
            original:                  Math.min(a[start], a[start + 1]) * 2 
            mutant:                    Math.min(a[start], a[start + 1]) / 2
[04/24 17:41:18] [INFO   ] org.mutationtesting.major.mutation.Mutator.nextMutant:
    Creating mutant 41
[04/24 17:41:18] [INFO   ] org.mutationtesting.major.mutation.Mutator.logMutantSTD:
    Logging mutantSTD 41: (STD) return Math.max(maxOfTwoBars, areaFromTwo); -> <NO-OP>
[04/24 17:41:18] [INFO   ] org.mutationtesting.major.mutation.Mutator.nextMutant:
    Creating mutant 42
[04/24 17:41:18] [INFO   ] org.mutationtesting.major.mutation.Mutator.nextMutant:
    Creating mutant 43
[04/24 17:41:18] [INFO   ] org.mutationtesting.major.mutation.Mutator.logMutant:
    Logging mutant 42: Solution.largestArea(line 31, col 26)
            mutation operator group:   COR
            mutation operator:         <METHOD_INVOCATION(boolean)> |==> TRUE
            original:                  checkIfSorted(a, start, limit) 
            mutant:                    false
[04/24 17:41:18] [INFO   ] org.mutationtesting.major.mutation.Mutator.logMutant:
    Logging mutant 43: Solution.largestArea(line 31, col 26)
            mutation operator group:   COR
            mutation operator:         <METHOD_INVOCATION(boolean)> |==> FALSE
            original:                  checkIfSorted(a, start, limit) 
            mutant:                    true
[04/24 17:41:18] [INFO   ] org.mutationtesting.major.mutation.Mutator.nextMutant:
    Creating mutant 44
[04/24 17:41:18] [INFO   ] org.mutationtesting.major.mutation.Mutator.logMutant:
    Logging mutant 44: Solution.largestArea(line 33, col 35)
            mutation operator group:   ROR
            mutation operator:         <(int,int) |==> !=(int,int)
            original:                  i < limit 
            mutant:                    i != limit
[04/24 17:41:18] [INFO   ] org.mutationtesting.major.mutation.Mutator.nextMutant:
    Creating mutant 45
[04/24 17:41:18] [INFO   ] org.mutationtesting.major.mutation.Mutator.logMutant:
    Logging mutant 45: Solution.largestArea(line 33, col 35)
            mutation operator group:   ROR
            mutation operator:         <(int,int) |==> <=(int,int)
            original:                  i < limit 
            mutant:                    i <= limit
[04/24 17:41:18] [INFO   ] org.mutationtesting.major.mutation.Mutator.nextMutant:
    Creating mutant 46
[04/24 17:41:18] [INFO   ] org.mutationtesting.major.mutation.Mutator.logMutant:
    Logging mutant 46: Solution.largestArea(line 33, col 35)
            mutation operator group:   ROR
            mutation operator:         <(int,int) |==> FALSE(int,int)
            original:                  i < limit 
            mutant:                    false
[04/24 17:41:18] [INFO   ] org.mutationtesting.major.mutation.Mutator.nextMutant:
    Creating mutant 47
[04/24 17:41:18] [INFO   ] org.mutationtesting.major.mutation.Mutator.logMutant:
    Logging mutant 47: Solution.largestArea(line 34, col 35)
            mutation operator group:   AOR
            mutation operator:         -(int,int) |==> %(int,int)
            original:                  limit - i 
            mutant:                    limit % i
[04/24 17:41:18] [INFO   ] org.mutationtesting.major.mutation.Mutator.nextMutant:
    Creating mutant 48
[04/24 17:41:18] [INFO   ] org.mutationtesting.major.mutation.Mutator.logMutant:
    Logging mutant 48: Solution.largestArea(line 34, col 35)
            mutation operator group:   AOR
            mutation operator:         -(int,int) |==> *(int,int)
            original:                  limit - i 
            mutant:                    limit * i
[04/24 17:41:18] [INFO   ] org.mutationtesting.major.mutation.Mutator.nextMutant:
    Creating mutant 49
[04/24 17:41:18] [INFO   ] org.mutationtesting.major.mutation.Mutator.logMutant:
    Logging mutant 49: Solution.largestArea(line 34, col 35)
            mutation operator group:   AOR
            mutation operator:         -(int,int) |==> +(int,int)
            original:                  limit - i 
            mutant:                    limit + i
[04/24 17:41:18] [INFO   ] org.mutationtesting.major.mutation.Mutator.nextMutant:
    Creating mutant 50
[04/24 17:41:18] [INFO   ] org.mutationtesting.major.mutation.Mutator.logMutant:
    Logging mutant 50: Solution.largestArea(line 34, col 35)
            mutation operator group:   AOR
            mutation operator:         -(int,int) |==> /(int,int)
            original:                  limit - i 
            mutant:                    limit / i
[04/24 17:41:18] [INFO   ] org.mutationtesting.major.mutation.Mutator.nextMutant:
    Creating mutant 51
[04/24 17:41:18] [INFO   ] org.mutationtesting.major.mutation.Mutator.logMutant:
    Logging mutant 51: Solution.largestArea(line 34, col 26)
            mutation operator group:   AOR
            mutation operator:         *(int,int) |==> %(int,int)
            original:                  a[i] * (limit - i) 
            mutant:                    a[i] % (limit - i)
[04/24 17:41:18] [INFO   ] org.mutationtesting.major.mutation.Mutator.nextMutant:
    Creating mutant 52
[04/24 17:41:18] [INFO   ] org.mutationtesting.major.mutation.Mutator.logMutant:
    Logging mutant 52: Solution.largestArea(line 34, col 26)
            mutation operator group:   AOR
            mutation operator:         *(int,int) |==> +(int,int)
            original:                  a[i] * (limit - i) 
            mutant:                    a[i] + (limit - i)
[04/24 17:41:18] [INFO   ] org.mutationtesting.major.mutation.Mutator.nextMutant:
    Creating mutant 53
[04/24 17:41:18] [INFO   ] org.mutationtesting.major.mutation.Mutator.logMutant:
    Logging mutant 53: Solution.largestArea(line 34, col 26)
            mutation operator group:   AOR
            mutation operator:         *(int,int) |==> -(int,int)
            original:                  a[i] * (limit - i) 
            mutant:                    a[i] - (limit - i)
[04/24 17:41:18] [INFO   ] org.mutationtesting.major.mutation.Mutator.nextMutant:
    Creating mutant 54
[04/24 17:41:18] [INFO   ] org.mutationtesting.major.mutation.Mutator.logMutant:
    Logging mutant 54: Solution.largestArea(line 34, col 26)
            mutation operator group:   AOR
            mutation operator:         *(int,int) |==> /(int,int)
            original:                  a[i] * (limit - i) 
            mutant:                    a[i] / (limit - i)
[04/24 17:41:18] [INFO   ] org.mutationtesting.major.mutation.Mutator.nextMutant:
    Creating mutant 55
[04/24 17:41:18] [INFO   ] org.mutationtesting.major.mutation.Mutator.logMutant:
    Logging mutant 55: Solution.largestArea(line 34, col 40)
            mutation operator group:   ROR
            mutation operator:         >(int,int) |==> !=(int,int)
            original:                  a[i] * (limit - i) > maxWhenSorted 
            mutant:                    a[i] * (limit - i) != maxWhenSorted
[04/24 17:41:18] [INFO   ] org.mutationtesting.major.mutation.Mutator.nextMutant:
    Creating mutant 56
[04/24 17:41:18] [INFO   ] org.mutationtesting.major.mutation.Mutator.logMutant:
    Logging mutant 56: Solution.largestArea(line 34, col 40)
            mutation operator group:   ROR
            mutation operator:         >(int,int) |==> >=(int,int)
            original:                  a[i] * (limit - i) > maxWhenSorted 
            mutant:                    a[i] * (limit - i) >= maxWhenSorted
[04/24 17:41:18] [INFO   ] org.mutationtesting.major.mutation.Mutator.nextMutant:
    Creating mutant 57
[04/24 17:41:18] [INFO   ] org.mutationtesting.major.mutation.Mutator.logMutant:
    Logging mutant 57: Solution.largestArea(line 34, col 40)
            mutation operator group:   ROR
            mutation operator:         >(int,int) |==> FALSE(int,int)
            original:                  a[i] * (limit - i) > maxWhenSorted 
            mutant:                    false
[04/24 17:41:18] [INFO   ] org.mutationtesting.major.mutation.Mutator.nextMutant:
    Creating mutant 58
[04/24 17:41:18] [INFO   ] org.mutationtesting.major.mutation.Mutator.logMutant:
    Logging mutant 58: Solution.largestArea(line 35, col 51)
            mutation operator group:   AOR
            mutation operator:         -(int,int) |==> %(int,int)
            original:                  limit - i 
            mutant:                    limit % i
[04/24 17:41:18] [INFO   ] org.mutationtesting.major.mutation.Mutator.nextMutant:
    Creating mutant 59
[04/24 17:41:18] [INFO   ] org.mutationtesting.major.mutation.Mutator.logMutant:
    Logging mutant 59: Solution.largestArea(line 35, col 51)
            mutation operator group:   AOR
            mutation operator:         -(int,int) |==> *(int,int)
            original:                  limit - i 
            mutant:                    limit * i
[04/24 17:41:18] [INFO   ] org.mutationtesting.major.mutation.Mutator.nextMutant:
    Creating mutant 60
[04/24 17:41:18] [INFO   ] org.mutationtesting.major.mutation.Mutator.logMutant:
    Logging mutant 60: Solution.largestArea(line 35, col 51)
            mutation operator group:   AOR
            mutation operator:         -(int,int) |==> +(int,int)
            original:                  limit - i 
            mutant:                    limit + i
[04/24 17:41:18] [INFO   ] org.mutationtesting.major.mutation.Mutator.nextMutant:
    Creating mutant 61
[04/24 17:41:18] [INFO   ] org.mutationtesting.major.mutation.Mutator.logMutant:
    Logging mutant 61: Solution.largestArea(line 35, col 51)
            mutation operator group:   AOR
            mutation operator:         -(int,int) |==> /(int,int)
            original:                  limit - i 
            mutant:                    limit / i
[04/24 17:41:18] [INFO   ] org.mutationtesting.major.mutation.Mutator.nextMutant:
    Creating mutant 62
[04/24 17:41:18] [INFO   ] org.mutationtesting.major.mutation.Mutator.logMutant:
    Logging mutant 62: Solution.largestArea(line 35, col 42)
            mutation operator group:   AOR
            mutation operator:         *(int,int) |==> %(int,int)
            original:                  a[i] * (limit - i) 
            mutant:                    a[i] % (limit - i)
[04/24 17:41:18] [INFO   ] org.mutationtesting.major.mutation.Mutator.nextMutant:
    Creating mutant 63
[04/24 17:41:18] [INFO   ] org.mutationtesting.major.mutation.Mutator.logMutant:
    Logging mutant 63: Solution.largestArea(line 35, col 42)
            mutation operator group:   AOR
            mutation operator:         *(int,int) |==> +(int,int)
            original:                  a[i] * (limit - i) 
            mutant:                    a[i] + (limit - i)
[04/24 17:41:18] [INFO   ] org.mutationtesting.major.mutation.Mutator.nextMutant:
    Creating mutant 64
[04/24 17:41:18] [INFO   ] org.mutationtesting.major.mutation.Mutator.logMutant:
    Logging mutant 64: Solution.largestArea(line 35, col 42)
            mutation operator group:   AOR
            mutation operator:         *(int,int) |==> -(int,int)
            original:                  a[i] * (limit - i) 
            mutant:                    a[i] - (limit - i)
[04/24 17:41:18] [INFO   ] org.mutationtesting.major.mutation.Mutator.nextMutant:
    Creating mutant 65
[04/24 17:41:18] [INFO   ] org.mutationtesting.major.mutation.Mutator.logMutant:
    Logging mutant 65: Solution.largestArea(line 35, col 42)
            mutation operator group:   AOR
            mutation operator:         *(int,int) |==> /(int,int)
            original:                  a[i] * (limit - i) 
            mutant:                    a[i] / (limit - i)
[04/24 17:41:18] [INFO   ] org.mutationtesting.major.mutation.Mutator.nextMutant:
    Creating mutant 66
[04/24 17:41:18] [INFO   ] org.mutationtesting.major.mutation.Mutator.logMutantSTD:
    Logging mutantSTD 66: (STD) maxWhenSorted = a[i] * (limit - i); -> <NO-OP>
[04/24 17:41:18] [INFO   ] org.mutationtesting.major.mutation.Mutator.nextMutant:
    Creating mutant 67
[04/24 17:41:18] [INFO   ] org.mutationtesting.major.mutation.Mutator.logMutant:
    Logging mutant 67: Solution.largestArea(line 43, col 40)
            mutation operator group:   AOR
            mutation operator:         -(int,int) |==> %(int,int)
            original:                  limit - start 
            mutant:                    limit % start
[04/24 17:41:18] [INFO   ] org.mutationtesting.major.mutation.Mutator.nextMutant:
    Creating mutant 68
[04/24 17:41:18] [INFO   ] org.mutationtesting.major.mutation.Mutator.logMutant:
    Logging mutant 68: Solution.largestArea(line 43, col 40)
            mutation operator group:   AOR
            mutation operator:         -(int,int) |==> *(int,int)
            original:                  limit - start 
            mutant:                    limit * start
[04/24 17:41:18] [INFO   ] org.mutationtesting.major.mutation.Mutator.nextMutant:
    Creating mutant 69
[04/24 17:41:18] [INFO   ] org.mutationtesting.major.mutation.Mutator.logMutant:
    Logging mutant 69: Solution.largestArea(line 43, col 40)
            mutation operator group:   AOR
            mutation operator:         -(int,int) |==> +(int,int)
            original:                  limit - start 
            mutant:                    limit + start
[04/24 17:41:18] [INFO   ] org.mutationtesting.major.mutation.Mutator.nextMutant:
    Creating mutant 70
[04/24 17:41:18] [INFO   ] org.mutationtesting.major.mutation.Mutator.logMutant:
    Logging mutant 70: Solution.largestArea(line 43, col 40)
            mutation operator group:   AOR
            mutation operator:         -(int,int) |==> /(int,int)
            original:                  limit - start 
            mutant:                    limit / start
[04/24 17:41:18] [INFO   ] org.mutationtesting.major.mutation.Mutator.nextMutant:
    Creating mutant 71
[04/24 17:41:18] [INFO   ] org.mutationtesting.major.mutation.Mutator.logMutant:
    Logging mutant 71: Solution.largestArea(line 43, col 31)
            mutation operator group:   AOR
            mutation operator:         *(int,int) |==> %(int,int)
            original:                  a[minInd] * (limit - start) 
            mutant:                    a[minInd] % (limit - start)
[04/24 17:41:18] [INFO   ] org.mutationtesting.major.mutation.Mutator.nextMutant:
    Creating mutant 72
[04/24 17:41:18] [INFO   ] org.mutationtesting.major.mutation.Mutator.logMutant:
    Logging mutant 72: Solution.largestArea(line 43, col 31)
            mutation operator group:   AOR
            mutation operator:         *(int,int) |==> +(int,int)
            original:                  a[minInd] * (limit - start) 
            mutant:                    a[minInd] + (limit - start)
[04/24 17:41:18] [INFO   ] org.mutationtesting.major.mutation.Mutator.nextMutant:
    Creating mutant 73
[04/24 17:41:18] [INFO   ] org.mutationtesting.major.mutation.Mutator.logMutant:
    Logging mutant 73: Solution.largestArea(line 43, col 31)
            mutation operator group:   AOR
            mutation operator:         *(int,int) |==> -(int,int)
            original:                  a[minInd] * (limit - start) 
            mutant:                    a[minInd] - (limit - start)
[04/24 17:41:18] [INFO   ] org.mutationtesting.major.mutation.Mutator.nextMutant:
    Creating mutant 74
[04/24 17:41:18] [INFO   ] org.mutationtesting.major.mutation.Mutator.logMutant:
    Logging mutant 74: Solution.largestArea(line 43, col 31)
            mutation operator group:   AOR
            mutation operator:         *(int,int) |==> /(int,int)
            original:                  a[minInd] * (limit - start) 
            mutant:                    a[minInd] / (limit - start)
[04/24 17:41:18] [INFO   ] org.mutationtesting.major.mutation.Mutator.nextMutant:
    Creating mutant 75
[04/24 17:41:18] [INFO   ] org.mutationtesting.major.mutation.Mutator.logMutant:
    Logging mutant 75: Solution.largestArea(line 44, col 43)
            mutation operator group:   AOR
            mutation operator:         +(int,int) |==> %(int,int)
            original:                  minInd + 1 
            mutant:                    minInd % 1
[04/24 17:41:18] [INFO   ] org.mutationtesting.major.mutation.Mutator.nextMutant:
    Creating mutant 76
[04/24 17:41:18] [INFO   ] org.mutationtesting.major.mutation.Mutator.logMutant:
    Logging mutant 76: Solution.largestArea(line 44, col 43)
            mutation operator group:   AOR
            mutation operator:         +(int,int) |==> *(int,int)
            original:                  minInd + 1 
            mutant:                    minInd * 1
[04/24 17:41:18] [INFO   ] org.mutationtesting.major.mutation.Mutator.nextMutant:
    Creating mutant 77
[04/24 17:41:18] [INFO   ] org.mutationtesting.major.mutation.Mutator.logMutant:
    Logging mutant 77: Solution.largestArea(line 44, col 43)
            mutation operator group:   AOR
            mutation operator:         +(int,int) |==> -(int,int)
            original:                  minInd + 1 
            mutant:                    minInd - 1
[04/24 17:41:18] [INFO   ] org.mutationtesting.major.mutation.Mutator.nextMutant:
    Creating mutant 78
[04/24 17:41:18] [INFO   ] org.mutationtesting.major.mutation.Mutator.logMutant:
    Logging mutant 78: Solution.largestArea(line 44, col 43)
            mutation operator group:   AOR
            mutation operator:         +(int,int) |==> /(int,int)
            original:                  minInd + 1 
            mutant:                    minInd / 1
[04/24 17:41:18] [INFO   ] org.mutationtesting.major.mutation.Mutator.visitMethodDef:
    METHOD: findMinInArray([int[] a, int start, int limit])int
[04/24 17:41:18] [INFO   ] org.mutationtesting.major.mutation.Mutator.nextMutant:
    Creating mutant 79
[04/24 17:41:18] [INFO   ] org.mutationtesting.major.mutation.Mutator.logMutant:
    Logging mutant 79: Solution.findMinInArray(line 51, col 39)
            mutation operator group:   ROR
            mutation operator:         <(int,int) |==> !=(int,int)
            original:                  index < limit 
            mutant:                    index != limit
[04/24 17:41:18] [INFO   ] org.mutationtesting.major.mutation.Mutator.nextMutant:
    Creating mutant 80
[04/24 17:41:18] [INFO   ] org.mutationtesting.major.mutation.Mutator.logMutant:
    Logging mutant 80: Solution.findMinInArray(line 51, col 39)
            mutation operator group:   ROR
            mutation operator:         <(int,int) |==> <=(int,int)
            original:                  index < limit 
            mutant:                    index <= limit
[04/24 17:41:18] [INFO   ] org.mutationtesting.major.mutation.Mutator.nextMutant:
    Creating mutant 81
[04/24 17:41:18] [INFO   ] org.mutationtesting.major.mutation.Mutator.logMutant:
    Logging mutant 81: Solution.findMinInArray(line 51, col 39)
            mutation operator group:   ROR
            mutation operator:         <(int,int) |==> FALSE(int,int)
            original:                  index < limit 
            mutant:                    false
[04/24 17:41:18] [INFO   ] org.mutationtesting.major.mutation.Mutator.nextMutant:
    Creating mutant 82
[04/24 17:41:18] [INFO   ] org.mutationtesting.major.mutation.Mutator.logMutant:
    Logging mutant 82: Solution.findMinInArray(line 52, col 26)
            mutation operator group:   ROR
            mutation operator:         <(int,int) |==> !=(int,int)
            original:                  a[index] < min 
            mutant:                    a[index] != min
[04/24 17:41:18] [INFO   ] org.mutationtesting.major.mutation.Mutator.nextMutant:
    Creating mutant 83
[04/24 17:41:18] [INFO   ] org.mutationtesting.major.mutation.Mutator.logMutant:
    Logging mutant 83: Solution.findMinInArray(line 52, col 26)
            mutation operator group:   ROR
            mutation operator:         <(int,int) |==> <=(int,int)
            original:                  a[index] < min 
            mutant:                    a[index] <= min
[04/24 17:41:18] [INFO   ] org.mutationtesting.major.mutation.Mutator.nextMutant:
    Creating mutant 84
[04/24 17:41:18] [INFO   ] org.mutationtesting.major.mutation.Mutator.logMutant:
    Logging mutant 84: Solution.findMinInArray(line 52, col 26)
            mutation operator group:   ROR
            mutation operator:         <(int,int) |==> FALSE(int,int)
            original:                  a[index] < min 
            mutant:                    false
[04/24 17:41:18] [INFO   ] org.mutationtesting.major.mutation.Mutator.nextMutant:
    Creating mutant 85
[04/24 17:41:18] [INFO   ] org.mutationtesting.major.mutation.Mutator.logMutantSTD:
    Logging mutantSTD 85: (STD) min = a[index]; -> <NO-OP>
[04/24 17:41:18] [INFO   ] org.mutationtesting.major.mutation.Mutator.nextMutant:
    Creating mutant 86
[04/24 17:41:18] [INFO   ] org.mutationtesting.major.mutation.Mutator.logMutantSTD:
    Logging mutantSTD 86: (STD) minIndex = index; -> <NO-OP>
[04/24 17:41:18] [INFO   ] org.mutationtesting.major.mutation.Mutator.visitMethodDef:
    METHOD: checkIfSorted([int[] a, int start, int limit])boolean
[04/24 17:41:18] [INFO   ] org.mutationtesting.major.mutation.Mutator.nextMutant:
    Creating mutant 87
[04/24 17:41:18] [INFO   ] org.mutationtesting.major.mutation.Mutator.logMutant:
    Logging mutant 87: Solution.checkIfSorted(line 61, col 28)
            mutation operator group:   AOR
            mutation operator:         +(int,int) |==> %(int,int)
            original:                  start + 1 
            mutant:                    start % 1
[04/24 17:41:18] [INFO   ] org.mutationtesting.major.mutation.Mutator.nextMutant:
    Creating mutant 88
[04/24 17:41:18] [INFO   ] org.mutationtesting.major.mutation.Mutator.logMutant:
    Logging mutant 88: Solution.checkIfSorted(line 61, col 28)
            mutation operator group:   AOR
            mutation operator:         +(int,int) |==> *(int,int)
            original:                  start + 1 
            mutant:                    start * 1
[04/24 17:41:18] [INFO   ] org.mutationtesting.major.mutation.Mutator.nextMutant:
    Creating mutant 89
[04/24 17:41:18] [INFO   ] org.mutationtesting.major.mutation.Mutator.logMutant:
    Logging mutant 89: Solution.checkIfSorted(line 61, col 28)
            mutation operator group:   AOR
            mutation operator:         +(int,int) |==> -(int,int)
            original:                  start + 1 
            mutant:                    start - 1
[04/24 17:41:18] [INFO   ] org.mutationtesting.major.mutation.Mutator.nextMutant:
    Creating mutant 90
[04/24 17:41:18] [INFO   ] org.mutationtesting.major.mutation.Mutator.logMutant:
    Logging mutant 90: Solution.checkIfSorted(line 61, col 28)
            mutation operator group:   AOR
            mutation operator:         +(int,int) |==> /(int,int)
            original:                  start + 1 
            mutant:                    start / 1
[04/24 17:41:18] [INFO   ] org.mutationtesting.major.mutation.Mutator.nextMutant:
    Creating mutant 91
[04/24 17:41:18] [INFO   ] org.mutationtesting.major.mutation.Mutator.logMutant:
    Logging mutant 91: Solution.checkIfSorted(line 61, col 35)
            mutation operator group:   ROR
            mutation operator:         <(int,int) |==> !=(int,int)
            original:                  i < limit 
            mutant:                    i != limit
[04/24 17:41:18] [INFO   ] org.mutationtesting.major.mutation.Mutator.nextMutant:
    Creating mutant 92
[04/24 17:41:18] [INFO   ] org.mutationtesting.major.mutation.Mutator.logMutant:
    Logging mutant 92: Solution.checkIfSorted(line 61, col 35)
            mutation operator group:   ROR
            mutation operator:         <(int,int) |==> <=(int,int)
            original:                  i < limit 
            mutant:                    i <= limit
[04/24 17:41:18] [INFO   ] org.mutationtesting.major.mutation.Mutator.nextMutant:
    Creating mutant 93
[04/24 17:41:18] [INFO   ] org.mutationtesting.major.mutation.Mutator.logMutant:
    Logging mutant 93: Solution.checkIfSorted(line 61, col 35)
            mutation operator group:   ROR
            mutation operator:         <(int,int) |==> FALSE(int,int)
            original:                  i < limit 
            mutant:                    false
[04/24 17:41:18] [INFO   ] org.mutationtesting.major.mutation.Mutator.nextMutant:
    Creating mutant 94
[04/24 17:41:18] [INFO   ] org.mutationtesting.major.mutation.Mutator.logMutant:
    Logging mutant 94: Solution.checkIfSorted(line 62, col 28)
            mutation operator group:   AOR
            mutation operator:         -(int,int) |==> %(int,int)
            original:                  i - 1 
            mutant:                    i % 1
[04/24 17:41:18] [INFO   ] org.mutationtesting.major.mutation.Mutator.nextMutant:
    Creating mutant 95
[04/24 17:41:18] [INFO   ] org.mutationtesting.major.mutation.Mutator.logMutant:
    Logging mutant 95: Solution.checkIfSorted(line 62, col 28)
            mutation operator group:   AOR
            mutation operator:         -(int,int) |==> *(int,int)
            original:                  i - 1 
            mutant:                    i * 1
[04/24 17:41:18] [INFO   ] org.mutationtesting.major.mutation.Mutator.nextMutant:
    Creating mutant 96
[04/24 17:41:18] [INFO   ] org.mutationtesting.major.mutation.Mutator.logMutant:
    Logging mutant 96: Solution.checkIfSorted(line 62, col 28)
            mutation operator group:   AOR
            mutation operator:         -(int,int) |==> +(int,int)
            original:                  i - 1 
            mutant:                    i + 1
[04/24 17:41:18] [INFO   ] org.mutationtesting.major.mutation.Mutator.nextMutant:
    Creating mutant 97
[04/24 17:41:18] [INFO   ] org.mutationtesting.major.mutation.Mutator.logMutant:
    Logging mutant 97: Solution.checkIfSorted(line 62, col 28)
            mutation operator group:   AOR
            mutation operator:         -(int,int) |==> /(int,int)
            original:                  i - 1 
            mutant:                    i / 1
[04/24 17:41:18] [INFO   ] org.mutationtesting.major.mutation.Mutator.nextMutant:
    Creating mutant 98
[04/24 17:41:18] [INFO   ] org.mutationtesting.major.mutation.Mutator.logMutant:
    Logging mutant 98: Solution.checkIfSorted(line 62, col 22)
            mutation operator group:   ROR
            mutation operator:         <(int,int) |==> !=(int,int)
            original:                  a[i] < a[i - 1] 
            mutant:                    a[i] != a[i - 1]
[04/24 17:41:18] [INFO   ] org.mutationtesting.major.mutation.Mutator.nextMutant:
    Creating mutant 99
[04/24 17:41:18] [INFO   ] org.mutationtesting.major.mutation.Mutator.logMutant:
    Logging mutant 99: Solution.checkIfSorted(line 62, col 22)
            mutation operator group:   ROR
            mutation operator:         <(int,int) |==> <=(int,int)
            original:                  a[i] < a[i - 1] 
            mutant:                    a[i] <= a[i - 1]
[04/24 17:41:18] [INFO   ] org.mutationtesting.major.mutation.Mutator.nextMutant:
    Creating mutant 100
[04/24 17:41:18] [INFO   ] org.mutationtesting.major.mutation.Mutator.logMutant:
    Logging mutant 100: Solution.checkIfSorted(line 62, col 22)
            mutation operator group:   ROR
            mutation operator:         <(int,int) |==> FALSE(int,int)
            original:                  a[i] < a[i - 1] 
            mutant:                    false
[04/24 17:41:18] [INFO   ] org.mutationtesting.major.mutation.Mutator.nextMutant:
    Creating mutant 101
[04/24 17:41:18] [INFO   ] org.mutationtesting.major.mutation.Mutator.logMutantSTD:
    Logging mutantSTD 101: (STD) return false; -> <NO-OP>
[04/24 17:41:18] [INFO   ] org.mutationtesting.major.mutation.Mutator.visitMethodDef:
    METHOD: maxOfThreeNums([int a, int b, int c])int
[04/24 17:41:18] [INFO   ] org.mutationtesting.major.plugin.MajorPluginTaskListener.mutate:
    Generated 101 mutants (140 ms)
