1:ROR:==(java.lang.Object,java.lang.Object):FALSE(java.lang.Object,java.lang.Object):g0001_0100.s0084_largest_rectangle_in_histogram.Solution@largestArea(int[],int,int):17:a == null |==> false
2:ROR:==(int,int):<=(int,int):g0001_0100.s0084_largest_rectangle_in_histogram.Solution@largestArea(int[],int,int):17:a.length == 0 |==> a.length <= 0
3:ROR:==(int,int):>=(int,int):g0001_0100.s0084_largest_rectangle_in_histogram.Solution@largestArea(int[],int,int):17:a.length == 0 |==> a.length >= 0
4:ROR:==(int,int):FALSE(int,int):g0001_0100.s0084_largest_rectangle_in_histogram.Solution@largestArea(int[],int,int):17:a.length == 0 |==> false
5:COR:||(boolean,boolean):!=(boolean,boolean):g0001_0100.s0084_largest_rectangle_in_histogram.Solution@largestArea(int[],int,int):17:a == null || a.length == 0 |==> a == null != (a.length == 0)
6:COR:||(boolean,boolean):LHS(boolean,boolean):g0001_0100.s0084_largest_rectangle_in_histogram.Solution@largestArea(int[],int,int):17:a == null || a.length == 0 |==> a == null
7:COR:||(boolean,boolean):RHS(boolean,boolean):g0001_0100.s0084_largest_rectangle_in_histogram.Solution@largestArea(int[],int,int):17:a == null || a.length == 0 |==> a.length == 0
8:COR:||(boolean,boolean):TRUE(boolean,boolean):g0001_0100.s0084_largest_rectangle_in_histogram.Solution@largestArea(int[],int,int):17:a == null || a.length == 0 |==> true
9:STD:<RETURN>:<NO-OP>:g0001_0100.s0084_largest_rectangle_in_histogram.Solution@largestArea(int[],int,int):18:return 0; |==> <NO-OP>
10:ROR:==(int,int):<=(int,int):g0001_0100.s0084_largest_rectangle_in_histogram.Solution@largestArea(int[],int,int):20:start == limit |==> start <= limit
11:ROR:==(int,int):>=(int,int):g0001_0100.s0084_largest_rectangle_in_histogram.Solution@largestArea(int[],int,int):20:start == limit |==> start >= limit
12:ROR:==(int,int):FALSE(int,int):g0001_0100.s0084_largest_rectangle_in_histogram.Solution@largestArea(int[],int,int):20:start == limit |==> false
13:STD:<RETURN>:<NO-OP>:g0001_0100.s0084_largest_rectangle_in_histogram.Solution@largestArea(int[],int,int):21:return 0; |==> <NO-OP>
14:AOR:-(int,int):%(int,int):g0001_0100.s0084_largest_rectangle_in_histogram.Solution@largestArea(int[],int,int):23:limit - start |==> limit % start
15:AOR:-(int,int):*(int,int):g0001_0100.s0084_largest_rectangle_in_histogram.Solution@largestArea(int[],int,int):23:limit - start |==> limit * start
16:AOR:-(int,int):+(int,int):g0001_0100.s0084_largest_rectangle_in_histogram.Solution@largestArea(int[],int,int):23:limit - start |==> limit + start
17:AOR:-(int,int):/(int,int):g0001_0100.s0084_largest_rectangle_in_histogram.Solution@largestArea(int[],int,int):23:limit - start |==> limit / start
18:ROR:==(int,int):<=(int,int):g0001_0100.s0084_largest_rectangle_in_histogram.Solution@largestArea(int[],int,int):23:limit - start == 1 |==> limit - start <= 1
19:ROR:==(int,int):>=(int,int):g0001_0100.s0084_largest_rectangle_in_histogram.Solution@largestArea(int[],int,int):23:limit - start == 1 |==> limit - start >= 1
20:ROR:==(int,int):FALSE(int,int):g0001_0100.s0084_largest_rectangle_in_histogram.Solution@largestArea(int[],int,int):23:limit - start == 1 |==> false
21:STD:<RETURN>:<NO-OP>:g0001_0100.s0084_largest_rectangle_in_histogram.Solution@largestArea(int[],int,int):24:return a[start]; |==> <NO-OP>
22:AOR:-(int,int):%(int,int):g0001_0100.s0084_largest_rectangle_in_histogram.Solution@largestArea(int[],int,int):26:limit - start |==> limit % start
23:AOR:-(int,int):*(int,int):g0001_0100.s0084_largest_rectangle_in_histogram.Solution@largestArea(int[],int,int):26:limit - start |==> limit * start
24:AOR:-(int,int):+(int,int):g0001_0100.s0084_largest_rectangle_in_histogram.Solution@largestArea(int[],int,int):26:limit - start |==> limit + start
25:AOR:-(int,int):/(int,int):g0001_0100.s0084_largest_rectangle_in_histogram.Solution@largestArea(int[],int,int):26:limit - start |==> limit / start
26:ROR:==(int,int):<=(int,int):g0001_0100.s0084_largest_rectangle_in_histogram.Solution@largestArea(int[],int,int):26:limit - start == 2 |==> limit - start <= 2
27:ROR:==(int,int):>=(int,int):g0001_0100.s0084_largest_rectangle_in_histogram.Solution@largestArea(int[],int,int):26:limit - start == 2 |==> limit - start >= 2
28:ROR:==(int,int):FALSE(int,int):g0001_0100.s0084_largest_rectangle_in_histogram.Solution@largestArea(int[],int,int):26:limit - start == 2 |==> false
29:AOR:+(int,int):%(int,int):g0001_0100.s0084_largest_rectangle_in_histogram.Solution@largestArea(int[],int,int):27:start + 1 |==> start % 1
30:AOR:+(int,int):*(int,int):g0001_0100.s0084_largest_rectangle_in_histogram.Solution@largestArea(int[],int,int):27:start + 1 |==> start * 1
31:AOR:+(int,int):-(int,int):g0001_0100.s0084_largest_rectangle_in_histogram.Solution@largestArea(int[],int,int):27:start + 1 |==> start - 1
32:AOR:+(int,int):/(int,int):g0001_0100.s0084_largest_rectangle_in_histogram.Solution@largestArea(int[],int,int):27:start + 1 |==> start / 1
33:AOR:+(int,int):%(int,int):g0001_0100.s0084_largest_rectangle_in_histogram.Solution@largestArea(int[],int,int):28:start + 1 |==> start % 1
34:AOR:+(int,int):*(int,int):g0001_0100.s0084_largest_rectangle_in_histogram.Solution@largestArea(int[],int,int):28:start + 1 |==> start * 1
35:AOR:+(int,int):-(int,int):g0001_0100.s0084_largest_rectangle_in_histogram.Solution@largestArea(int[],int,int):28:start + 1 |==> start - 1
36:AOR:+(int,int):/(int,int):g0001_0100.s0084_largest_rectangle_in_histogram.Solution@largestArea(int[],int,int):28:start + 1 |==> start / 1
37:AOR:*(int,int):%(int,int):g0001_0100.s0084_largest_rectangle_in_histogram.Solution@largestArea(int[],int,int):28:Math.min(a[start], a[start + 1]) * 2 |==> Math.min(a[start], a[start + 1]) % 2
38:AOR:*(int,int):+(int,int):g0001_0100.s0084_largest_rectangle_in_histogram.Solution@largestArea(int[],int,int):28:Math.min(a[start], a[start + 1]) * 2 |==> Math.min(a[start], a[start + 1]) + 2
39:AOR:*(int,int):-(int,int):g0001_0100.s0084_largest_rectangle_in_histogram.Solution@largestArea(int[],int,int):28:Math.min(a[start], a[start + 1]) * 2 |==> Math.min(a[start], a[start + 1]) - 2
40:AOR:*(int,int):/(int,int):g0001_0100.s0084_largest_rectangle_in_histogram.Solution@largestArea(int[],int,int):28:Math.min(a[start], a[start + 1]) * 2 |==> Math.min(a[start], a[start + 1]) / 2
41:STD:<RETURN>:<NO-OP>:g0001_0100.s0084_largest_rectangle_in_histogram.Solution@largestArea(int[],int,int):29:return Math.max(maxOfTwoBars, areaFromTwo); |==> <NO-OP>
42:COR:<METHOD_INVOCATION(boolean)>:TRUE:g0001_0100.s0084_largest_rectangle_in_histogram.Solution@largestArea(int[],int,int):31:checkIfSorted(a, start, limit) |==> false
43:COR:<METHOD_INVOCATION(boolean)>:FALSE:g0001_0100.s0084_largest_rectangle_in_histogram.Solution@largestArea(int[],int,int):31:checkIfSorted(a, start, limit) |==> true
44:ROR:<(int,int):!=(int,int):g0001_0100.s0084_largest_rectangle_in_histogram.Solution@largestArea(int[],int,int):33:i < limit |==> i != limit
45:ROR:<(int,int):<=(int,int):g0001_0100.s0084_largest_rectangle_in_histogram.Solution@largestArea(int[],int,int):33:i < limit |==> i <= limit
46:ROR:<(int,int):FALSE(int,int):g0001_0100.s0084_largest_rectangle_in_histogram.Solution@largestArea(int[],int,int):33:i < limit |==> false
47:AOR:-(int,int):%(int,int):g0001_0100.s0084_largest_rectangle_in_histogram.Solution@largestArea(int[],int,int):34:limit - i |==> limit % i
48:AOR:-(int,int):*(int,int):g0001_0100.s0084_largest_rectangle_in_histogram.Solution@largestArea(int[],int,int):34:limit - i |==> limit * i
49:AOR:-(int,int):+(int,int):g0001_0100.s0084_largest_rectangle_in_histogram.Solution@largestArea(int[],int,int):34:limit - i |==> limit + i
50:AOR:-(int,int):/(int,int):g0001_0100.s0084_largest_rectangle_in_histogram.Solution@largestArea(int[],int,int):34:limit - i |==> limit / i
51:AOR:*(int,int):%(int,int):g0001_0100.s0084_largest_rectangle_in_histogram.Solution@largestArea(int[],int,int):34:a[i] * (limit - i) |==> a[i] % (limit - i)
52:AOR:*(int,int):+(int,int):g0001_0100.s0084_largest_rectangle_in_histogram.Solution@largestArea(int[],int,int):34:a[i] * (limit - i) |==> a[i] + (limit - i)
53:AOR:*(int,int):-(int,int):g0001_0100.s0084_largest_rectangle_in_histogram.Solution@largestArea(int[],int,int):34:a[i] * (limit - i) |==> a[i] - (limit - i)
54:AOR:*(int,int):/(int,int):g0001_0100.s0084_largest_rectangle_in_histogram.Solution@largestArea(int[],int,int):34:a[i] * (limit - i) |==> a[i] / (limit - i)
55:ROR:>(int,int):!=(int,int):g0001_0100.s0084_largest_rectangle_in_histogram.Solution@largestArea(int[],int,int):34:a[i] * (limit - i) > maxWhenSorted |==> a[i] * (limit - i) != maxWhenSorted
56:ROR:>(int,int):>=(int,int):g0001_0100.s0084_largest_rectangle_in_histogram.Solution@largestArea(int[],int,int):34:a[i] * (limit - i) > maxWhenSorted |==> a[i] * (limit - i) >= maxWhenSorted
57:ROR:>(int,int):FALSE(int,int):g0001_0100.s0084_largest_rectangle_in_histogram.Solution@largestArea(int[],int,int):34:a[i] * (limit - i) > maxWhenSorted |==> false
58:AOR:-(int,int):%(int,int):g0001_0100.s0084_largest_rectangle_in_histogram.Solution@largestArea(int[],int,int):35:limit - i |==> limit % i
59:AOR:-(int,int):*(int,int):g0001_0100.s0084_largest_rectangle_in_histogram.Solution@largestArea(int[],int,int):35:limit - i |==> limit * i
60:AOR:-(int,int):+(int,int):g0001_0100.s0084_largest_rectangle_in_histogram.Solution@largestArea(int[],int,int):35:limit - i |==> limit + i
61:AOR:-(int,int):/(int,int):g0001_0100.s0084_largest_rectangle_in_histogram.Solution@largestArea(int[],int,int):35:limit - i |==> limit / i
62:AOR:*(int,int):%(int,int):g0001_0100.s0084_largest_rectangle_in_histogram.Solution@largestArea(int[],int,int):35:a[i] * (limit - i) |==> a[i] % (limit - i)
63:AOR:*(int,int):+(int,int):g0001_0100.s0084_largest_rectangle_in_histogram.Solution@largestArea(int[],int,int):35:a[i] * (limit - i) |==> a[i] + (limit - i)
64:AOR:*(int,int):-(int,int):g0001_0100.s0084_largest_rectangle_in_histogram.Solution@largestArea(int[],int,int):35:a[i] * (limit - i) |==> a[i] - (limit - i)
65:AOR:*(int,int):/(int,int):g0001_0100.s0084_largest_rectangle_in_histogram.Solution@largestArea(int[],int,int):35:a[i] * (limit - i) |==> a[i] / (limit - i)
66:STD:<ASSIGN>:<NO-OP>:g0001_0100.s0084_largest_rectangle_in_histogram.Solution@largestArea(int[],int,int):35:maxWhenSorted = a[i] * (limit - i); |==> <NO-OP>
67:AOR:-(int,int):%(int,int):g0001_0100.s0084_largest_rectangle_in_histogram.Solution@largestArea(int[],int,int):43:limit - start |==> limit % start
68:AOR:-(int,int):*(int,int):g0001_0100.s0084_largest_rectangle_in_histogram.Solution@largestArea(int[],int,int):43:limit - start |==> limit * start
69:AOR:-(int,int):+(int,int):g0001_0100.s0084_largest_rectangle_in_histogram.Solution@largestArea(int[],int,int):43:limit - start |==> limit + start
70:AOR:-(int,int):/(int,int):g0001_0100.s0084_largest_rectangle_in_histogram.Solution@largestArea(int[],int,int):43:limit - start |==> limit / start
71:AOR:*(int,int):%(int,int):g0001_0100.s0084_largest_rectangle_in_histogram.Solution@largestArea(int[],int,int):43:a[minInd] * (limit - start) |==> a[minInd] % (limit - start)
72:AOR:*(int,int):+(int,int):g0001_0100.s0084_largest_rectangle_in_histogram.Solution@largestArea(int[],int,int):43:a[minInd] * (limit - start) |==> a[minInd] + (limit - start)
73:AOR:*(int,int):-(int,int):g0001_0100.s0084_largest_rectangle_in_histogram.Solution@largestArea(int[],int,int):43:a[minInd] * (limit - start) |==> a[minInd] - (limit - start)
74:AOR:*(int,int):/(int,int):g0001_0100.s0084_largest_rectangle_in_histogram.Solution@largestArea(int[],int,int):43:a[minInd] * (limit - start) |==> a[minInd] / (limit - start)
75:AOR:+(int,int):%(int,int):g0001_0100.s0084_largest_rectangle_in_histogram.Solution@largestArea(int[],int,int):44:minInd + 1 |==> minInd % 1
76:AOR:+(int,int):*(int,int):g0001_0100.s0084_largest_rectangle_in_histogram.Solution@largestArea(int[],int,int):44:minInd + 1 |==> minInd * 1
77:AOR:+(int,int):-(int,int):g0001_0100.s0084_largest_rectangle_in_histogram.Solution@largestArea(int[],int,int):44:minInd + 1 |==> minInd - 1
78:AOR:+(int,int):/(int,int):g0001_0100.s0084_largest_rectangle_in_histogram.Solution@largestArea(int[],int,int):44:minInd + 1 |==> minInd / 1
79:ROR:<(int,int):!=(int,int):g0001_0100.s0084_largest_rectangle_in_histogram.Solution@findMinInArray(int[],int,int):51:index < limit |==> index != limit
80:ROR:<(int,int):<=(int,int):g0001_0100.s0084_largest_rectangle_in_histogram.Solution@findMinInArray(int[],int,int):51:index < limit |==> index <= limit
81:ROR:<(int,int):FALSE(int,int):g0001_0100.s0084_largest_rectangle_in_histogram.Solution@findMinInArray(int[],int,int):51:index < limit |==> false
82:ROR:<(int,int):!=(int,int):g0001_0100.s0084_largest_rectangle_in_histogram.Solution@findMinInArray(int[],int,int):52:a[index] < min |==> a[index] != min
83:ROR:<(int,int):<=(int,int):g0001_0100.s0084_largest_rectangle_in_histogram.Solution@findMinInArray(int[],int,int):52:a[index] < min |==> a[index] <= min
84:ROR:<(int,int):FALSE(int,int):g0001_0100.s0084_largest_rectangle_in_histogram.Solution@findMinInArray(int[],int,int):52:a[index] < min |==> false
85:STD:<ASSIGN>:<NO-OP>:g0001_0100.s0084_largest_rectangle_in_histogram.Solution@findMinInArray(int[],int,int):53:min = a[index]; |==> <NO-OP>
86:STD:<ASSIGN>:<NO-OP>:g0001_0100.s0084_largest_rectangle_in_histogram.Solution@findMinInArray(int[],int,int):54:minIndex = index; |==> <NO-OP>
87:AOR:+(int,int):%(int,int):g0001_0100.s0084_largest_rectangle_in_histogram.Solution@checkIfSorted(int[],int,int):61:start + 1 |==> start % 1
88:AOR:+(int,int):*(int,int):g0001_0100.s0084_largest_rectangle_in_histogram.Solution@checkIfSorted(int[],int,int):61:start + 1 |==> start * 1
89:AOR:+(int,int):-(int,int):g0001_0100.s0084_largest_rectangle_in_histogram.Solution@checkIfSorted(int[],int,int):61:start + 1 |==> start - 1
90:AOR:+(int,int):/(int,int):g0001_0100.s0084_largest_rectangle_in_histogram.Solution@checkIfSorted(int[],int,int):61:start + 1 |==> start / 1
91:ROR:<(int,int):!=(int,int):g0001_0100.s0084_largest_rectangle_in_histogram.Solution@checkIfSorted(int[],int,int):61:i < limit |==> i != limit
92:ROR:<(int,int):<=(int,int):g0001_0100.s0084_largest_rectangle_in_histogram.Solution@checkIfSorted(int[],int,int):61:i < limit |==> i <= limit
93:ROR:<(int,int):FALSE(int,int):g0001_0100.s0084_largest_rectangle_in_histogram.Solution@checkIfSorted(int[],int,int):61:i < limit |==> false
94:AOR:-(int,int):%(int,int):g0001_0100.s0084_largest_rectangle_in_histogram.Solution@checkIfSorted(int[],int,int):62:i - 1 |==> i % 1
95:AOR:-(int,int):*(int,int):g0001_0100.s0084_largest_rectangle_in_histogram.Solution@checkIfSorted(int[],int,int):62:i - 1 |==> i * 1
96:AOR:-(int,int):+(int,int):g0001_0100.s0084_largest_rectangle_in_histogram.Solution@checkIfSorted(int[],int,int):62:i - 1 |==> i + 1
97:AOR:-(int,int):/(int,int):g0001_0100.s0084_largest_rectangle_in_histogram.Solution@checkIfSorted(int[],int,int):62:i - 1 |==> i / 1
98:ROR:<(int,int):!=(int,int):g0001_0100.s0084_largest_rectangle_in_histogram.Solution@checkIfSorted(int[],int,int):62:a[i] < a[i - 1] |==> a[i] != a[i - 1]
99:ROR:<(int,int):<=(int,int):g0001_0100.s0084_largest_rectangle_in_histogram.Solution@checkIfSorted(int[],int,int):62:a[i] < a[i - 1] |==> a[i] <= a[i - 1]
100:ROR:<(int,int):FALSE(int,int):g0001_0100.s0084_largest_rectangle_in_histogram.Solution@checkIfSorted(int[],int,int):62:a[i] < a[i - 1] |==> false
101:STD:<RETURN>:<NO-OP>:g0001_0100.s0084_largest_rectangle_in_histogram.Solution@checkIfSorted(int[],int,int):63:return false; |==> <NO-OP>
