[04/24 17:42:11] [INFO   ] org.mutationtesting.major.plugin.MajorPluginTaskListener.<init>:
    Created MajorPluginTaskListener with options: [mml:../../major/mml/all.mml.bin]
[04/24 17:42:11] [INFO   ] org.mutationtesting.major.mutation.Mutator.initOperatorSymbols:
    Initializing operator symbols for opcode mapping
[04/24 17:42:11] [INFO   ] org.mutationtesting.major.mutation.Mutator.mutateTree:
    Mutating tree: Env[AttrContext[Scope[super, this]],outer=Env[AttrContext[Scope[g0001_0100.s0070_climbing_stairs.Solution]]]]
[04/24 17:42:11] [INFO   ] org.mutationtesting.major.mutation.Mutator.visitClassDef:
    CLASS: g0001_0100.s0070_climbing_stairs.Solution
[04/24 17:42:11] [INFO   ] org.mutationtesting.major.mutation.Mutator.visitMethodDef:
    METHOD: <init>([])null
[04/24 17:42:11] [INFO   ] org.mutationtesting.major.mutation.Mutator.visitMethodDef:
    METHOD: climbStairs([int n])int
[04/24 17:42:11] [INFO   ] org.mutationtesting.major.mutation.Mutator.nextMutant:
    Creating mutant 1
[04/24 17:42:11] [INFO   ] org.mutationtesting.major.mutation.Mutator.logMutant:
    Logging mutant 1: Solution.climbStairs(line 11, col 15)
            mutation operator group:   ROR
            mutation operator:         <(int,int) |==> !=(int,int)
            original:                  n < 2 
            mutant:                    n != 2
[04/24 17:42:11] [INFO   ] org.mutationtesting.major.mutation.Mutator.nextMutant:
    Creating mutant 2
[04/24 17:42:11] [INFO   ] org.mutationtesting.major.mutation.Mutator.logMutant:
    Logging mutant 2: Solution.climbStairs(line 11, col 15)
            mutation operator group:   ROR
            mutation operator:         <(int,int) |==> <=(int,int)
            original:                  n < 2 
            mutant:                    n <= 2
[04/24 17:42:11] [INFO   ] org.mutationtesting.major.mutation.Mutator.nextMutant:
    Creating mutant 3
[04/24 17:42:11] [INFO   ] org.mutationtesting.major.mutation.Mutator.logMutant:
    Logging mutant 3: Solution.climbStairs(line 11, col 15)
            mutation operator group:   ROR
            mutation operator:         <(int,int) |==> FALSE(int,int)
            original:                  n < 2 
            mutant:                    false
[04/24 17:42:11] [INFO   ] org.mutationtesting.major.mutation.Mutator.nextMutant:
    Creating mutant 4
[04/24 17:42:11] [INFO   ] org.mutationtesting.major.mutation.Mutator.logMutantSTD:
    Logging mutantSTD 4: (STD) return n; -> <NO-OP>
[04/24 17:42:11] [INFO   ] org.mutationtesting.major.mutation.Mutator.nextMutant:
    Creating mutant 5
[04/24 17:42:11] [INFO   ] org.mutationtesting.major.mutation.Mutator.logMutantSTD:
    Logging mutantSTD 5: (STD) cache[0] = 1; -> <NO-OP>
[04/24 17:42:11] [INFO   ] org.mutationtesting.major.mutation.Mutator.nextMutant:
    Creating mutant 6
[04/24 17:42:11] [INFO   ] org.mutationtesting.major.mutation.Mutator.logMutantSTD:
    Logging mutantSTD 6: (STD) cache[1] = 2; -> <NO-OP>
[04/24 17:42:11] [INFO   ] org.mutationtesting.major.mutation.Mutator.nextMutant:
    Creating mutant 7
[04/24 17:42:11] [INFO   ] org.mutationtesting.major.mutation.Mutator.logMutant:
    Logging mutant 7: Solution.climbStairs(line 24, col 27)
            mutation operator group:   ROR
            mutation operator:         <(int,int) |==> !=(int,int)
            original:                  i < n 
            mutant:                    i != n
[04/24 17:42:11] [INFO   ] org.mutationtesting.major.mutation.Mutator.nextMutant:
    Creating mutant 8
[04/24 17:42:11] [INFO   ] org.mutationtesting.major.mutation.Mutator.logMutant:
    Logging mutant 8: Solution.climbStairs(line 24, col 27)
            mutation operator group:   ROR
            mutation operator:         <(int,int) |==> <=(int,int)
            original:                  i < n 
            mutant:                    i <= n
[04/24 17:42:11] [INFO   ] org.mutationtesting.major.mutation.Mutator.nextMutant:
    Creating mutant 9
[04/24 17:42:11] [INFO   ] org.mutationtesting.major.mutation.Mutator.logMutant:
    Logging mutant 9: Solution.climbStairs(line 24, col 27)
            mutation operator group:   ROR
            mutation operator:         <(int,int) |==> FALSE(int,int)
            original:                  i < n 
            mutant:                    false
[04/24 17:42:11] [INFO   ] org.mutationtesting.major.mutation.Mutator.nextMutant:
    Creating mutant 10
[04/24 17:42:11] [INFO   ] org.mutationtesting.major.mutation.Mutator.logMutant:
    Logging mutant 10: Solution.climbStairs(line 25, col 32)
            mutation operator group:   AOR
            mutation operator:         -(int,int) |==> %(int,int)
            original:                  i - 1 
            mutant:                    i % 1
[04/24 17:42:11] [INFO   ] org.mutationtesting.major.mutation.Mutator.nextMutant:
    Creating mutant 11
[04/24 17:42:11] [INFO   ] org.mutationtesting.major.mutation.Mutator.logMutant:
    Logging mutant 11: Solution.climbStairs(line 25, col 32)
            mutation operator group:   AOR
            mutation operator:         -(int,int) |==> *(int,int)
            original:                  i - 1 
            mutant:                    i * 1
[04/24 17:42:11] [INFO   ] org.mutationtesting.major.mutation.Mutator.nextMutant:
    Creating mutant 12
[04/24 17:42:11] [INFO   ] org.mutationtesting.major.mutation.Mutator.logMutant:
    Logging mutant 12: Solution.climbStairs(line 25, col 32)
            mutation operator group:   AOR
            mutation operator:         -(int,int) |==> +(int,int)
            original:                  i - 1 
            mutant:                    i + 1
[04/24 17:42:11] [INFO   ] org.mutationtesting.major.mutation.Mutator.nextMutant:
    Creating mutant 13
[04/24 17:42:11] [INFO   ] org.mutationtesting.major.mutation.Mutator.logMutant:
    Logging mutant 13: Solution.climbStairs(line 25, col 32)
            mutation operator group:   AOR
            mutation operator:         -(int,int) |==> /(int,int)
            original:                  i - 1 
            mutant:                    i / 1
[04/24 17:42:11] [INFO   ] org.mutationtesting.major.mutation.Mutator.nextMutant:
    Creating mutant 14
[04/24 17:42:11] [INFO   ] org.mutationtesting.major.mutation.Mutator.logMutant:
    Logging mutant 14: Solution.climbStairs(line 25, col 47)
            mutation operator group:   AOR
            mutation operator:         -(int,int) |==> %(int,int)
            original:                  i - 2 
            mutant:                    i % 2
[04/24 17:42:11] [INFO   ] org.mutationtesting.major.mutation.Mutator.nextMutant:
    Creating mutant 15
[04/24 17:42:11] [INFO   ] org.mutationtesting.major.mutation.Mutator.logMutant:
    Logging mutant 15: Solution.climbStairs(line 25, col 47)
            mutation operator group:   AOR
            mutation operator:         -(int,int) |==> *(int,int)
            original:                  i - 2 
            mutant:                    i * 2
[04/24 17:42:11] [INFO   ] org.mutationtesting.major.mutation.Mutator.nextMutant:
    Creating mutant 16
[04/24 17:42:11] [INFO   ] org.mutationtesting.major.mutation.Mutator.logMutant:
    Logging mutant 16: Solution.climbStairs(line 25, col 47)
            mutation operator group:   AOR
            mutation operator:         -(int,int) |==> +(int,int)
            original:                  i - 2 
            mutant:                    i + 2
[04/24 17:42:11] [INFO   ] org.mutationtesting.major.mutation.Mutator.nextMutant:
    Creating mutant 17
[04/24 17:42:11] [INFO   ] org.mutationtesting.major.mutation.Mutator.logMutant:
    Logging mutant 17: Solution.climbStairs(line 25, col 47)
            mutation operator group:   AOR
            mutation operator:         -(int,int) |==> /(int,int)
            original:                  i - 2 
            mutant:                    i / 2
[04/24 17:42:11] [INFO   ] org.mutationtesting.major.mutation.Mutator.nextMutant:
    Creating mutant 18
[04/24 17:42:11] [INFO   ] org.mutationtesting.major.mutation.Mutator.logMutant:
    Logging mutant 18: Solution.climbStairs(line 25, col 37)
            mutation operator group:   AOR
            mutation operator:         +(int,int) |==> %(int,int)
            original:                  cache[i - 1] + cache[i - 2] 
            mutant:                    cache[i - 1] % cache[i - 2]
[04/24 17:42:11] [INFO   ] org.mutationtesting.major.mutation.Mutator.nextMutant:
    Creating mutant 19
[04/24 17:42:11] [INFO   ] org.mutationtesting.major.mutation.Mutator.logMutant:
    Logging mutant 19: Solution.climbStairs(line 25, col 37)
            mutation operator group:   AOR
            mutation operator:         +(int,int) |==> *(int,int)
            original:                  cache[i - 1] + cache[i - 2] 
            mutant:                    cache[i - 1] * cache[i - 2]
[04/24 17:42:11] [INFO   ] org.mutationtesting.major.mutation.Mutator.nextMutant:
    Creating mutant 20
[04/24 17:42:11] [INFO   ] org.mutationtesting.major.mutation.Mutator.logMutant:
    Logging mutant 20: Solution.climbStairs(line 25, col 37)
            mutation operator group:   AOR
            mutation operator:         +(int,int) |==> -(int,int)
            original:                  cache[i - 1] + cache[i - 2] 
            mutant:                    cache[i - 1] - cache[i - 2]
[04/24 17:42:11] [INFO   ] org.mutationtesting.major.mutation.Mutator.nextMutant:
    Creating mutant 21
[04/24 17:42:11] [INFO   ] org.mutationtesting.major.mutation.Mutator.logMutant:
    Logging mutant 21: Solution.climbStairs(line 25, col 37)
            mutation operator group:   AOR
            mutation operator:         +(int,int) |==> /(int,int)
            original:                  cache[i - 1] + cache[i - 2] 
            mutant:                    cache[i - 1] / cache[i - 2]
[04/24 17:42:11] [INFO   ] org.mutationtesting.major.mutation.Mutator.nextMutant:
    Creating mutant 22
[04/24 17:42:11] [INFO   ] org.mutationtesting.major.mutation.Mutator.logMutantSTD:
    Logging mutantSTD 22: (STD) cache[i] = cache[i - 1] + cache[i - 2]; -> <NO-OP>
[04/24 17:42:11] [INFO   ] org.mutationtesting.major.mutation.Mutator.nextMutant:
    Creating mutant 23
[04/24 17:42:11] [INFO   ] org.mutationtesting.major.mutation.Mutator.logMutant:
    Logging mutant 23: Solution.climbStairs(line 27, col 24)
            mutation operator group:   AOR
            mutation operator:         -(int,int) |==> %(int,int)
            original:                  n - 1 
            mutant:                    n % 1
[04/24 17:42:11] [INFO   ] org.mutationtesting.major.mutation.Mutator.nextMutant:
    Creating mutant 24
[04/24 17:42:11] [INFO   ] org.mutationtesting.major.mutation.Mutator.logMutant:
    Logging mutant 24: Solution.climbStairs(line 27, col 24)
            mutation operator group:   AOR
            mutation operator:         -(int,int) |==> *(int,int)
            original:                  n - 1 
            mutant:                    n * 1
[04/24 17:42:11] [INFO   ] org.mutationtesting.major.mutation.Mutator.nextMutant:
    Creating mutant 25
[04/24 17:42:11] [INFO   ] org.mutationtesting.major.mutation.Mutator.logMutant:
    Logging mutant 25: Solution.climbStairs(line 27, col 24)
            mutation operator group:   AOR
            mutation operator:         -(int,int) |==> +(int,int)
            original:                  n - 1 
            mutant:                    n + 1
[04/24 17:42:11] [INFO   ] org.mutationtesting.major.mutation.Mutator.nextMutant:
    Creating mutant 26
[04/24 17:42:11] [INFO   ] org.mutationtesting.major.mutation.Mutator.logMutant:
    Logging mutant 26: Solution.climbStairs(line 27, col 24)
            mutation operator group:   AOR
            mutation operator:         -(int,int) |==> /(int,int)
            original:                  n - 1 
            mutant:                    n / 1
[04/24 17:42:11] [INFO   ] org.mutationtesting.major.plugin.MajorPluginTaskListener.mutate:
    Generated 26 mutants (47 ms)
