[06/24 16:50:30] [INFO   ] org.mutationtesting.major.plugin.MajorPluginTaskListener.<init>:
    Created MajorPluginTaskListener with options: [mml:../../major/mml/all.mml.bin]
[06/24 16:50:31] [INFO   ] org.mutationtesting.major.mutation.Mutator.initOperatorSymbols:
    Initializing operator symbols for opcode mapping
[06/24 16:50:31] [INFO   ] org.mutationtesting.major.mutation.Mutator.mutateTree:
    Mutating tree: Env[AttrContext[Scope[super, this]],outer=Env[AttrContext[Scope[java.util.Collections, java.util.Arrays, g0901_1000.s0908_smallest_range_i.Solution]]]]
[06/24 16:50:31] [INFO   ] org.mutationtesting.major.mutation.Mutator.visitClassDef:
    CLASS: g0901_1000.s0908_smallest_range_i.Solution
[06/24 16:50:31] [INFO   ] org.mutationtesting.major.mutation.Mutator.visitMethodDef:
    METHOD: <init>([])null
[06/24 16:50:31] [INFO   ] org.mutationtesting.major.mutation.Mutator.visitMethodDef:
    METHOD: smallestRangeI([int[] nums, int k])int
[06/24 16:50:31] [INFO   ] org.mutationtesting.major.mutation.Mutator.nextMutant:
    Creating mutant 1
[06/24 16:50:31] [INFO   ] org.mutationtesting.major.mutation.Mutator.logMutantSTD:
    Logging mutantSTD 1: (STD) min = Math.min(min, num); -> <NO-OP>
[06/24 16:50:31] [INFO   ] org.mutationtesting.major.mutation.Mutator.nextMutant:
    Creating mutant 2
[06/24 16:50:31] [INFO   ] org.mutationtesting.major.mutation.Mutator.logMutantSTD:
    Logging mutantSTD 2: (STD) max = Math.max(max, num); -> <NO-OP>
[06/24 16:50:31] [INFO   ] org.mutationtesting.major.mutation.Mutator.nextMutant:
    Creating mutant 3
[06/24 16:50:31] [INFO   ] org.mutationtesting.major.mutation.Mutator.logMutant:
    Logging mutant 3: Solution.smallestRangeI(line 23, col 17)
            mutation operator group:   AOR
            mutation operator:         +(int,int) |==> %(int,int)
            original:                  min + k 
            mutant:                    min % k
[06/24 16:50:31] [INFO   ] org.mutationtesting.major.mutation.Mutator.nextMutant:
    Creating mutant 4
[06/24 16:50:31] [INFO   ] org.mutationtesting.major.mutation.Mutator.logMutant:
    Logging mutant 4: Solution.smallestRangeI(line 23, col 17)
            mutation operator group:   AOR
            mutation operator:         +(int,int) |==> *(int,int)
            original:                  min + k 
            mutant:                    min * k
[06/24 16:50:31] [INFO   ] org.mutationtesting.major.mutation.Mutator.nextMutant:
    Creating mutant 5
[06/24 16:50:31] [INFO   ] org.mutationtesting.major.mutation.Mutator.logMutant:
    Logging mutant 5: Solution.smallestRangeI(line 23, col 17)
            mutation operator group:   AOR
            mutation operator:         +(int,int) |==> -(int,int)
            original:                  min + k 
            mutant:                    min - k
[06/24 16:50:31] [INFO   ] org.mutationtesting.major.mutation.Mutator.nextMutant:
    Creating mutant 6
[06/24 16:50:31] [INFO   ] org.mutationtesting.major.mutation.Mutator.logMutant:
    Logging mutant 6: Solution.smallestRangeI(line 23, col 17)
            mutation operator group:   AOR
            mutation operator:         +(int,int) |==> /(int,int)
            original:                  min + k 
            mutant:                    min / k
[06/24 16:50:31] [INFO   ] org.mutationtesting.major.mutation.Mutator.nextMutant:
    Creating mutant 7
[06/24 16:50:31] [INFO   ] org.mutationtesting.major.mutation.Mutator.logMutant:
    Logging mutant 7: Solution.smallestRangeI(line 23, col 28)
            mutation operator group:   AOR
            mutation operator:         -(int,int) |==> %(int,int)
            original:                  max - k 
            mutant:                    max % k
[06/24 16:50:31] [INFO   ] org.mutationtesting.major.mutation.Mutator.nextMutant:
    Creating mutant 8
[06/24 16:50:31] [INFO   ] org.mutationtesting.major.mutation.Mutator.logMutant:
    Logging mutant 8: Solution.smallestRangeI(line 23, col 28)
            mutation operator group:   AOR
            mutation operator:         -(int,int) |==> *(int,int)
            original:                  max - k 
            mutant:                    max * k
[06/24 16:50:31] [INFO   ] org.mutationtesting.major.mutation.Mutator.nextMutant:
    Creating mutant 9
[06/24 16:50:31] [INFO   ] org.mutationtesting.major.mutation.Mutator.logMutant:
    Logging mutant 9: Solution.smallestRangeI(line 23, col 28)
            mutation operator group:   AOR
            mutation operator:         -(int,int) |==> +(int,int)
            original:                  max - k 
            mutant:                    max + k
[06/24 16:50:31] [INFO   ] org.mutationtesting.major.mutation.Mutator.nextMutant:
    Creating mutant 10
[06/24 16:50:31] [INFO   ] org.mutationtesting.major.mutation.Mutator.logMutant:
    Logging mutant 10: Solution.smallestRangeI(line 23, col 28)
            mutation operator group:   AOR
            mutation operator:         -(int,int) |==> /(int,int)
            original:                  max - k 
            mutant:                    max / k
[06/24 16:50:31] [INFO   ] org.mutationtesting.major.mutation.Mutator.nextMutant:
    Creating mutant 11
[06/24 16:50:31] [INFO   ] org.mutationtesting.major.mutation.Mutator.logMutant:
    Logging mutant 11: Solution.smallestRangeI(line 23, col 21)
            mutation operator group:   ROR
            mutation operator:         >=(int,int) |==> ==(int,int)
            original:                  min + k >= max - k 
            mutant:                    min + k == max - k
[06/24 16:50:31] [INFO   ] org.mutationtesting.major.mutation.Mutator.nextMutant:
    Creating mutant 12
[06/24 16:50:31] [INFO   ] org.mutationtesting.major.mutation.Mutator.logMutant:
    Logging mutant 12: Solution.smallestRangeI(line 23, col 21)
            mutation operator group:   ROR
            mutation operator:         >=(int,int) |==> >(int,int)
            original:                  min + k >= max - k 
            mutant:                    min + k > max - k
[06/24 16:50:31] [INFO   ] org.mutationtesting.major.mutation.Mutator.nextMutant:
    Creating mutant 13
[06/24 16:50:31] [INFO   ] org.mutationtesting.major.mutation.Mutator.logMutant:
    Logging mutant 13: Solution.smallestRangeI(line 23, col 21)
            mutation operator group:   ROR
            mutation operator:         >=(int,int) |==> TRUE(int,int)
            original:                  min + k >= max - k 
            mutant:                    true
[06/24 16:50:31] [INFO   ] org.mutationtesting.major.mutation.Mutator.nextMutant:
    Creating mutant 14
[06/24 16:50:31] [INFO   ] org.mutationtesting.major.mutation.Mutator.logMutantSTD:
    Logging mutantSTD 14: (STD) return 0; -> <NO-OP>
[06/24 16:50:31] [INFO   ] org.mutationtesting.major.mutation.Mutator.nextMutant:
    Creating mutant 15
[06/24 16:50:31] [INFO   ] org.mutationtesting.major.mutation.Mutator.logMutant:
    Logging mutant 15: Solution.smallestRangeI(line 26, col 21)
            mutation operator group:   AOR
            mutation operator:         -(int,int) |==> %(int,int)
            original:                  max - k 
            mutant:                    max % k
[06/24 16:50:31] [INFO   ] org.mutationtesting.major.mutation.Mutator.nextMutant:
    Creating mutant 16
[06/24 16:50:31] [INFO   ] org.mutationtesting.major.mutation.Mutator.logMutant:
    Logging mutant 16: Solution.smallestRangeI(line 26, col 21)
            mutation operator group:   AOR
            mutation operator:         -(int,int) |==> *(int,int)
            original:                  max - k 
            mutant:                    max * k
[06/24 16:50:31] [INFO   ] org.mutationtesting.major.mutation.Mutator.nextMutant:
    Creating mutant 17
[06/24 16:50:31] [INFO   ] org.mutationtesting.major.mutation.Mutator.logMutant:
    Logging mutant 17: Solution.smallestRangeI(line 26, col 21)
            mutation operator group:   AOR
            mutation operator:         -(int,int) |==> +(int,int)
            original:                  max - k 
            mutant:                    max + k
[06/24 16:50:31] [INFO   ] org.mutationtesting.major.mutation.Mutator.nextMutant:
    Creating mutant 18
[06/24 16:50:31] [INFO   ] org.mutationtesting.major.mutation.Mutator.logMutant:
    Logging mutant 18: Solution.smallestRangeI(line 26, col 21)
            mutation operator group:   AOR
            mutation operator:         -(int,int) |==> /(int,int)
            original:                  max - k 
            mutant:                    max / k
[06/24 16:50:31] [INFO   ] org.mutationtesting.major.mutation.Mutator.nextMutant:
    Creating mutant 19
[06/24 16:50:31] [INFO   ] org.mutationtesting.major.mutation.Mutator.logMutant:
    Logging mutant 19: Solution.smallestRangeI(line 26, col 33)
            mutation operator group:   AOR
            mutation operator:         +(int,int) |==> %(int,int)
            original:                  min + k 
            mutant:                    min % k
[06/24 16:50:31] [INFO   ] org.mutationtesting.major.mutation.Mutator.nextMutant:
    Creating mutant 20
[06/24 16:50:31] [INFO   ] org.mutationtesting.major.mutation.Mutator.logMutant:
    Logging mutant 20: Solution.smallestRangeI(line 26, col 33)
            mutation operator group:   AOR
            mutation operator:         +(int,int) |==> *(int,int)
            original:                  min + k 
            mutant:                    min * k
[06/24 16:50:31] [INFO   ] org.mutationtesting.major.mutation.Mutator.nextMutant:
    Creating mutant 21
[06/24 16:50:31] [INFO   ] org.mutationtesting.major.mutation.Mutator.logMutant:
    Logging mutant 21: Solution.smallestRangeI(line 26, col 33)
            mutation operator group:   AOR
            mutation operator:         +(int,int) |==> -(int,int)
            original:                  min + k 
            mutant:                    min - k
[06/24 16:50:31] [INFO   ] org.mutationtesting.major.mutation.Mutator.nextMutant:
    Creating mutant 22
[06/24 16:50:31] [INFO   ] org.mutationtesting.major.mutation.Mutator.logMutant:
    Logging mutant 22: Solution.smallestRangeI(line 26, col 33)
            mutation operator group:   AOR
            mutation operator:         +(int,int) |==> /(int,int)
            original:                  min + k 
            mutant:                    min / k
[06/24 16:50:31] [INFO   ] org.mutationtesting.major.mutation.Mutator.nextMutant:
    Creating mutant 23
[06/24 16:50:31] [INFO   ] org.mutationtesting.major.mutation.Mutator.logMutant:
    Logging mutant 23: Solution.smallestRangeI(line 26, col 26)
            mutation operator group:   AOR
            mutation operator:         -(int,int) |==> %(int,int)
            original:                  (max - k) - (min + k) 
            mutant:                    (max - k) % (min + k)
[06/24 16:50:31] [INFO   ] org.mutationtesting.major.mutation.Mutator.nextMutant:
    Creating mutant 24
[06/24 16:50:31] [INFO   ] org.mutationtesting.major.mutation.Mutator.logMutant:
    Logging mutant 24: Solution.smallestRangeI(line 26, col 26)
            mutation operator group:   AOR
            mutation operator:         -(int,int) |==> *(int,int)
            original:                  (max - k) - (min + k) 
            mutant:                    (max - k) * (min + k)
[06/24 16:50:31] [INFO   ] org.mutationtesting.major.mutation.Mutator.nextMutant:
    Creating mutant 25
[06/24 16:50:31] [INFO   ] org.mutationtesting.major.mutation.Mutator.logMutant:
    Logging mutant 25: Solution.smallestRangeI(line 26, col 26)
            mutation operator group:   AOR
            mutation operator:         -(int,int) |==> +(int,int)
            original:                  (max - k) - (min + k) 
            mutant:                    (max - k) + (min + k)
[06/24 16:50:31] [INFO   ] org.mutationtesting.major.mutation.Mutator.nextMutant:
    Creating mutant 26
[06/24 16:50:31] [INFO   ] org.mutationtesting.major.mutation.Mutator.logMutant:
    Logging mutant 26: Solution.smallestRangeI(line 26, col 26)
            mutation operator group:   AOR
            mutation operator:         -(int,int) |==> /(int,int)
            original:                  (max - k) - (min + k) 
            mutant:                    (max - k) / (min + k)
[06/24 16:50:31] [INFO   ] org.mutationtesting.major.plugin.MajorPluginTaskListener.mutate:
    Generated 26 mutants (104 ms)
