[04/24 17:41:08] [INFO   ] org.mutationtesting.major.plugin.MajorPluginTaskListener.<init>:
    Created MajorPluginTaskListener with options: [mml:../../major/mml/all.mml.bin]
[04/24 17:41:09] [INFO   ] org.mutationtesting.major.mutation.Mutator.initOperatorSymbols:
    Initializing operator symbols for opcode mapping
[04/24 17:41:09] [INFO   ] org.mutationtesting.major.mutation.Mutator.mutateTree:
    Mutating tree: Env[AttrContext[Scope[super, this]],outer=Env[AttrContext[Scope[java.util.List, java.util.ArrayList, g0001_0100.s0068_text_justification.Solution]]]]
[04/24 17:41:09] [INFO   ] org.mutationtesting.major.mutation.Mutator.visitClassDef:
    CLASS: g0001_0100.s0068_text_justification.Solution
[04/24 17:41:09] [INFO   ] org.mutationtesting.major.mutation.Mutator.visitMethodDef:
    METHOD: <init>([])null
[04/24 17:41:09] [INFO   ] org.mutationtesting.major.mutation.Mutator.visitMethodDef:
    METHOD: fullJustify([String[] words, int maxWidth])List<String>
[04/24 17:41:09] [INFO   ] org.mutationtesting.major.mutation.Mutator.nextMutant:
    Creating mutant 1
[04/24 17:41:09] [INFO   ] org.mutationtesting.major.mutation.Mutator.logMutant:
    Logging mutant 1: Solution.fullJustify(line 27, col 61)
            mutation operator group:   AOR
            mutation operator:         +(int,int) |==> %(int,int)
            original:                  words.length + 1 
            mutant:                    words.length % 1
[04/24 17:41:09] [INFO   ] org.mutationtesting.major.mutation.Mutator.nextMutant:
    Creating mutant 2
[04/24 17:41:09] [INFO   ] org.mutationtesting.major.mutation.Mutator.logMutant:
    Logging mutant 2: Solution.fullJustify(line 27, col 61)
            mutation operator group:   AOR
            mutation operator:         +(int,int) |==> *(int,int)
            original:                  words.length + 1 
            mutant:                    words.length * 1
[04/24 17:41:09] [INFO   ] org.mutationtesting.major.mutation.Mutator.nextMutant:
    Creating mutant 3
[04/24 17:41:09] [INFO   ] org.mutationtesting.major.mutation.Mutator.logMutant:
    Logging mutant 3: Solution.fullJustify(line 27, col 61)
            mutation operator group:   AOR
            mutation operator:         +(int,int) |==> -(int,int)
            original:                  words.length + 1 
            mutant:                    words.length - 1
[04/24 17:41:09] [INFO   ] org.mutationtesting.major.mutation.Mutator.nextMutant:
    Creating mutant 4
[04/24 17:41:09] [INFO   ] org.mutationtesting.major.mutation.Mutator.logMutant:
    Logging mutant 4: Solution.fullJustify(line 27, col 61)
            mutation operator group:   AOR
            mutation operator:         +(int,int) |==> /(int,int)
            original:                  words.length + 1 
            mutant:                    words.length / 1
[04/24 17:41:09] [INFO   ] org.mutationtesting.major.mutation.Mutator.nextMutant:
    Creating mutant 5
[04/24 17:41:09] [INFO   ] org.mutationtesting.major.mutation.Mutator.logMutant:
    Logging mutant 5: Solution.fullJustify(line 27, col 82)
            mutation operator group:   AOR
            mutation operator:         /(int,int) |==> %(int,int)
            original:                  maxWidth / 7 
            mutant:                    maxWidth % 7
[04/24 17:41:09] [INFO   ] org.mutationtesting.major.mutation.Mutator.nextMutant:
    Creating mutant 6
[04/24 17:41:09] [INFO   ] org.mutationtesting.major.mutation.Mutator.logMutant:
    Logging mutant 6: Solution.fullJustify(line 27, col 82)
            mutation operator group:   AOR
            mutation operator:         /(int,int) |==> *(int,int)
            original:                  maxWidth / 7 
            mutant:                    maxWidth * 7
[04/24 17:41:09] [INFO   ] org.mutationtesting.major.mutation.Mutator.nextMutant:
    Creating mutant 7
[04/24 17:41:09] [INFO   ] org.mutationtesting.major.mutation.Mutator.logMutant:
    Logging mutant 7: Solution.fullJustify(line 27, col 82)
            mutation operator group:   AOR
            mutation operator:         /(int,int) |==> +(int,int)
            original:                  maxWidth / 7 
            mutant:                    maxWidth + 7
[04/24 17:41:09] [INFO   ] org.mutationtesting.major.mutation.Mutator.nextMutant:
    Creating mutant 8
[04/24 17:41:09] [INFO   ] org.mutationtesting.major.mutation.Mutator.logMutant:
    Logging mutant 8: Solution.fullJustify(line 27, col 82)
            mutation operator group:   AOR
            mutation operator:         /(int,int) |==> -(int,int)
            original:                  maxWidth / 7 
            mutant:                    maxWidth - 7
[04/24 17:41:09] [INFO   ] org.mutationtesting.major.mutation.Mutator.nextMutant:
    Creating mutant 9
[04/24 17:41:09] [INFO   ] org.mutationtesting.major.mutation.Mutator.logMutant:
    Logging mutant 9: Solution.fullJustify(line 27, col 71)
            mutation operator group:   AOR
            mutation operator:         +(int,int) |==> %(int,int)
            original:                  1 + maxWidth / 7 
            mutant:                    1 % (maxWidth / 7)
[04/24 17:41:09] [INFO   ] org.mutationtesting.major.mutation.Mutator.nextMutant:
    Creating mutant 10
[04/24 17:41:09] [INFO   ] org.mutationtesting.major.mutation.Mutator.logMutant:
    Logging mutant 10: Solution.fullJustify(line 27, col 71)
            mutation operator group:   AOR
            mutation operator:         +(int,int) |==> *(int,int)
            original:                  1 + maxWidth / 7 
            mutant:                    1 * (maxWidth / 7)
[04/24 17:41:09] [INFO   ] org.mutationtesting.major.mutation.Mutator.nextMutant:
    Creating mutant 11
[04/24 17:41:09] [INFO   ] org.mutationtesting.major.mutation.Mutator.logMutant:
    Logging mutant 11: Solution.fullJustify(line 27, col 71)
            mutation operator group:   AOR
            mutation operator:         +(int,int) |==> -(int,int)
            original:                  1 + maxWidth / 7 
            mutant:                    1 - maxWidth / 7
[04/24 17:41:09] [INFO   ] org.mutationtesting.major.mutation.Mutator.nextMutant:
    Creating mutant 12
[04/24 17:41:09] [INFO   ] org.mutationtesting.major.mutation.Mutator.logMutant:
    Logging mutant 12: Solution.fullJustify(line 27, col 71)
            mutation operator group:   AOR
            mutation operator:         +(int,int) |==> /(int,int)
            original:                  1 + maxWidth / 7 
            mutant:                    1 / (maxWidth / 7)
[04/24 17:41:09] [INFO   ] org.mutationtesting.major.mutation.Mutator.nextMutant:
    Creating mutant 13
[04/24 17:41:09] [INFO   ] org.mutationtesting.major.mutation.Mutator.logMutant:
    Logging mutant 13: Solution.fullJustify(line 27, col 66)
            mutation operator group:   AOR
            mutation operator:         /(int,int) |==> %(int,int)
            original:                  (words.length + 1) / (1 + maxWidth / 7) 
            mutant:                    (words.length + 1) % (1 + maxWidth / 7)
[04/24 17:41:09] [INFO   ] org.mutationtesting.major.mutation.Mutator.nextMutant:
    Creating mutant 14
[04/24 17:41:09] [INFO   ] org.mutationtesting.major.mutation.Mutator.logMutant:
    Logging mutant 14: Solution.fullJustify(line 27, col 66)
            mutation operator group:   AOR
            mutation operator:         /(int,int) |==> *(int,int)
            original:                  (words.length + 1) / (1 + maxWidth / 7) 
            mutant:                    (words.length + 1) * (1 + maxWidth / 7)
[04/24 17:41:09] [INFO   ] org.mutationtesting.major.mutation.Mutator.nextMutant:
    Creating mutant 15
[04/24 17:41:09] [INFO   ] org.mutationtesting.major.mutation.Mutator.logMutant:
    Logging mutant 15: Solution.fullJustify(line 27, col 66)
            mutation operator group:   AOR
            mutation operator:         /(int,int) |==> +(int,int)
            original:                  (words.length + 1) / (1 + maxWidth / 7) 
            mutant:                    (words.length + 1) + (1 + maxWidth / 7)
[04/24 17:41:09] [INFO   ] org.mutationtesting.major.mutation.Mutator.nextMutant:
    Creating mutant 16
[04/24 17:41:09] [INFO   ] org.mutationtesting.major.mutation.Mutator.logMutant:
    Logging mutant 16: Solution.fullJustify(line 27, col 66)
            mutation operator group:   AOR
            mutation operator:         /(int,int) |==> -(int,int)
            original:                  (words.length + 1) / (1 + maxWidth / 7) 
            mutant:                    (words.length + 1) - (1 + maxWidth / 7)
[04/24 17:41:09] [INFO   ] org.mutationtesting.major.mutation.Mutator.nextMutant:
    Creating mutant 17
[04/24 17:41:09] [INFO   ] org.mutationtesting.major.mutation.Mutator.logMutant:
    Logging mutant 17: Solution.fullJustify(line 35, col 42)
            mutation operator group:   AOR
            mutation operator:         -(int,int) |==> %(int,int)
            original:                  words.length - 1 
            mutant:                    words.length % 1
[04/24 17:41:09] [INFO   ] org.mutationtesting.major.mutation.Mutator.nextMutant:
    Creating mutant 18
[04/24 17:41:09] [INFO   ] org.mutationtesting.major.mutation.Mutator.logMutant:
    Logging mutant 18: Solution.fullJustify(line 35, col 42)
            mutation operator group:   AOR
            mutation operator:         -(int,int) |==> *(int,int)
            original:                  words.length - 1 
            mutant:                    words.length * 1
[04/24 17:41:09] [INFO   ] org.mutationtesting.major.mutation.Mutator.nextMutant:
    Creating mutant 19
[04/24 17:41:09] [INFO   ] org.mutationtesting.major.mutation.Mutator.logMutant:
    Logging mutant 19: Solution.fullJustify(line 35, col 42)
            mutation operator group:   AOR
            mutation operator:         -(int,int) |==> +(int,int)
            original:                  words.length - 1 
            mutant:                    words.length + 1
[04/24 17:41:09] [INFO   ] org.mutationtesting.major.mutation.Mutator.nextMutant:
    Creating mutant 20
[04/24 17:41:09] [INFO   ] org.mutationtesting.major.mutation.Mutator.logMutant:
    Logging mutant 20: Solution.fullJustify(line 35, col 42)
            mutation operator group:   AOR
            mutation operator:         -(int,int) |==> /(int,int)
            original:                  words.length - 1 
            mutant:                    words.length / 1
[04/24 17:41:09] [INFO   ] org.mutationtesting.major.mutation.Mutator.nextMutant:
    Creating mutant 21
[04/24 17:41:09] [INFO   ] org.mutationtesting.major.mutation.Mutator.logMutant:
    Logging mutant 21: Solution.fullJustify(line 35, col 27)
            mutation operator group:   ROR
            mutation operator:         <(int,int) |==> !=(int,int)
            original:                  i < words.length - 1 
            mutant:                    i != words.length - 1
[04/24 17:41:09] [INFO   ] org.mutationtesting.major.mutation.Mutator.nextMutant:
    Creating mutant 22
[04/24 17:41:09] [INFO   ] org.mutationtesting.major.mutation.Mutator.logMutant:
    Logging mutant 22: Solution.fullJustify(line 35, col 27)
            mutation operator group:   ROR
            mutation operator:         <(int,int) |==> <=(int,int)
            original:                  i < words.length - 1 
            mutant:                    i <= words.length - 1
[04/24 17:41:09] [INFO   ] org.mutationtesting.major.mutation.Mutator.nextMutant:
    Creating mutant 23
[04/24 17:41:09] [INFO   ] org.mutationtesting.major.mutation.Mutator.logMutant:
    Logging mutant 23: Solution.fullJustify(line 35, col 27)
            mutation operator group:   ROR
            mutation operator:         <(int,int) |==> FALSE(int,int)
            original:                  i < words.length - 1 
            mutant:                    false
[04/24 17:41:09] [INFO   ] org.mutationtesting.major.mutation.Mutator.nextMutant:
    Creating mutant 24
[04/24 17:41:09] [INFO   ] org.mutationtesting.major.mutation.Mutator.logMutantSTD:
    Logging mutantSTD 24: (STD) lineTotal += words[i].length(); -> <NO-OP>
[04/24 17:41:09] [INFO   ] org.mutationtesting.major.mutation.Mutator.nextMutant:
    Creating mutant 25
[04/24 17:41:09] [INFO   ] org.mutationtesting.major.mutation.Mutator.logMutantSTD:
    Logging mutantSTD 25: (STD) numWordsOnLine++; -> <NO-OP>
[04/24 17:41:09] [INFO   ] org.mutationtesting.major.mutation.Mutator.nextMutant:
    Creating mutant 26
[04/24 17:41:09] [INFO   ] org.mutationtesting.major.mutation.Mutator.logMutant:
    Logging mutant 26: Solution.fullJustify(line 40, col 27)
            mutation operator group:   AOR
            mutation operator:         +(int,int) |==> %(int,int)
            original:                  lineTotal + numWordsOnLine 
            mutant:                    lineTotal % numWordsOnLine
[04/24 17:41:09] [INFO   ] org.mutationtesting.major.mutation.Mutator.nextMutant:
    Creating mutant 27
[04/24 17:41:09] [INFO   ] org.mutationtesting.major.mutation.Mutator.logMutant:
    Logging mutant 27: Solution.fullJustify(line 40, col 27)
            mutation operator group:   AOR
            mutation operator:         +(int,int) |==> *(int,int)
            original:                  lineTotal + numWordsOnLine 
            mutant:                    lineTotal * numWordsOnLine
[04/24 17:41:09] [INFO   ] org.mutationtesting.major.mutation.Mutator.nextMutant:
    Creating mutant 28
[04/24 17:41:09] [INFO   ] org.mutationtesting.major.mutation.Mutator.logMutant:
    Logging mutant 28: Solution.fullJustify(line 40, col 27)
            mutation operator group:   AOR
            mutation operator:         +(int,int) |==> -(int,int)
            original:                  lineTotal + numWordsOnLine 
            mutant:                    lineTotal - numWordsOnLine
[04/24 17:41:09] [INFO   ] org.mutationtesting.major.mutation.Mutator.nextMutant:
    Creating mutant 29
[04/24 17:41:09] [INFO   ] org.mutationtesting.major.mutation.Mutator.logMutant:
    Logging mutant 29: Solution.fullJustify(line 40, col 27)
            mutation operator group:   AOR
            mutation operator:         +(int,int) |==> /(int,int)
            original:                  lineTotal + numWordsOnLine 
            mutant:                    lineTotal / numWordsOnLine
[04/24 17:41:09] [INFO   ] org.mutationtesting.major.mutation.Mutator.nextMutant:
    Creating mutant 30
[04/24 17:41:09] [INFO   ] org.mutationtesting.major.mutation.Mutator.logMutant:
    Logging mutant 30: Solution.fullJustify(line 40, col 54)
            mutation operator group:   AOR
            mutation operator:         +(int,int) |==> %(int,int)
            original:                  i + 1 
            mutant:                    i % 1
[04/24 17:41:09] [INFO   ] org.mutationtesting.major.mutation.Mutator.nextMutant:
    Creating mutant 31
[04/24 17:41:09] [INFO   ] org.mutationtesting.major.mutation.Mutator.logMutant:
    Logging mutant 31: Solution.fullJustify(line 40, col 54)
            mutation operator group:   AOR
            mutation operator:         +(int,int) |==> *(int,int)
            original:                  i + 1 
            mutant:                    i * 1
[04/24 17:41:09] [INFO   ] org.mutationtesting.major.mutation.Mutator.nextMutant:
    Creating mutant 32
[04/24 17:41:09] [INFO   ] org.mutationtesting.major.mutation.Mutator.logMutant:
    Logging mutant 32: Solution.fullJustify(line 40, col 54)
            mutation operator group:   AOR
            mutation operator:         +(int,int) |==> -(int,int)
            original:                  i + 1 
            mutant:                    i - 1
[04/24 17:41:09] [INFO   ] org.mutationtesting.major.mutation.Mutator.nextMutant:
    Creating mutant 33
[04/24 17:41:09] [INFO   ] org.mutationtesting.major.mutation.Mutator.logMutant:
    Logging mutant 33: Solution.fullJustify(line 40, col 54)
            mutation operator group:   AOR
            mutation operator:         +(int,int) |==> /(int,int)
            original:                  i + 1 
            mutant:                    i / 1
[04/24 17:41:09] [INFO   ] org.mutationtesting.major.mutation.Mutator.nextMutant:
    Creating mutant 34
[04/24 17:41:09] [INFO   ] org.mutationtesting.major.mutation.Mutator.logMutant:
    Logging mutant 34: Solution.fullJustify(line 40, col 44)
            mutation operator group:   AOR
            mutation operator:         +(int,int) |==> %(int,int)
            original:                  lineTotal + numWordsOnLine + words[i + 1].length() 
            mutant:                    (lineTotal + numWordsOnLine) % words[i + 1].length()
[04/24 17:41:09] [INFO   ] org.mutationtesting.major.mutation.Mutator.nextMutant:
    Creating mutant 35
[04/24 17:41:09] [INFO   ] org.mutationtesting.major.mutation.Mutator.logMutant:
    Logging mutant 35: Solution.fullJustify(line 40, col 44)
            mutation operator group:   AOR
            mutation operator:         +(int,int) |==> *(int,int)
            original:                  lineTotal + numWordsOnLine + words[i + 1].length() 
            mutant:                    (lineTotal + numWordsOnLine) * words[i + 1].length()
[04/24 17:41:09] [INFO   ] org.mutationtesting.major.mutation.Mutator.nextMutant:
    Creating mutant 36
[04/24 17:41:09] [INFO   ] org.mutationtesting.major.mutation.Mutator.logMutant:
    Logging mutant 36: Solution.fullJustify(line 40, col 44)
            mutation operator group:   AOR
            mutation operator:         +(int,int) |==> -(int,int)
            original:                  lineTotal + numWordsOnLine + words[i + 1].length() 
            mutant:                    lineTotal + numWordsOnLine - words[i + 1].length()
[04/24 17:41:09] [INFO   ] org.mutationtesting.major.mutation.Mutator.nextMutant:
    Creating mutant 37
[04/24 17:41:09] [INFO   ] org.mutationtesting.major.mutation.Mutator.logMutant:
    Logging mutant 37: Solution.fullJustify(line 40, col 44)
            mutation operator group:   AOR
            mutation operator:         +(int,int) |==> /(int,int)
            original:                  lineTotal + numWordsOnLine + words[i + 1].length() 
            mutant:                    (lineTotal + numWordsOnLine) / words[i + 1].length()
[04/24 17:41:09] [INFO   ] org.mutationtesting.major.mutation.Mutator.nextMutant:
    Creating mutant 38
[04/24 17:41:09] [INFO   ] org.mutationtesting.major.mutation.Mutator.logMutant:
    Logging mutant 38: Solution.fullJustify(line 40, col 68)
            mutation operator group:   ROR
            mutation operator:         >(int,int) |==> !=(int,int)
            original:                  lineTotal + numWordsOnLine + words[i + 1].length() > maxWidth 
            mutant:                    lineTotal + numWordsOnLine + words[i + 1].length() != maxWidth
[04/24 17:41:09] [INFO   ] org.mutationtesting.major.mutation.Mutator.nextMutant:
    Creating mutant 39
[04/24 17:41:09] [INFO   ] org.mutationtesting.major.mutation.Mutator.logMutant:
    Logging mutant 39: Solution.fullJustify(line 40, col 68)
            mutation operator group:   ROR
            mutation operator:         >(int,int) |==> >=(int,int)
            original:                  lineTotal + numWordsOnLine + words[i + 1].length() > maxWidth 
            mutant:                    lineTotal + numWordsOnLine + words[i + 1].length() >= maxWidth
[04/24 17:41:09] [INFO   ] org.mutationtesting.major.mutation.Mutator.nextMutant:
    Creating mutant 40
[04/24 17:41:09] [INFO   ] org.mutationtesting.major.mutation.Mutator.logMutant:
    Logging mutant 40: Solution.fullJustify(line 40, col 68)
            mutation operator group:   ROR
            mutation operator:         >(int,int) |==> FALSE(int,int)
            original:                  lineTotal + numWordsOnLine + words[i + 1].length() > maxWidth 
            mutant:                    false
[04/24 17:41:09] [INFO   ] org.mutationtesting.major.mutation.Mutator.nextMutant:
    Creating mutant 41
[04/24 17:41:09] [INFO   ] org.mutationtesting.major.mutation.Mutator.logMutant:
    Logging mutant 41: Solution.fullJustify(line 42, col 36)
            mutation operator group:   ROR
            mutation operator:         ==(int,int) |==> <=(int,int)
            original:                  numWordsOnLine == 1 
            mutant:                    numWordsOnLine <= 1
[04/24 17:41:09] [INFO   ] org.mutationtesting.major.mutation.Mutator.nextMutant:
    Creating mutant 42
[04/24 17:41:09] [INFO   ] org.mutationtesting.major.mutation.Mutator.logMutant:
    Logging mutant 42: Solution.fullJustify(line 42, col 36)
            mutation operator group:   ROR
            mutation operator:         ==(int,int) |==> >=(int,int)
            original:                  numWordsOnLine == 1 
            mutant:                    numWordsOnLine >= 1
[04/24 17:41:09] [INFO   ] org.mutationtesting.major.mutation.Mutator.nextMutant:
    Creating mutant 43
[04/24 17:41:09] [INFO   ] org.mutationtesting.major.mutation.Mutator.logMutant:
    Logging mutant 43: Solution.fullJustify(line 42, col 36)
            mutation operator group:   ROR
            mutation operator:         ==(int,int) |==> FALSE(int,int)
            original:                  numWordsOnLine == 1 
            mutant:                    false
[04/24 17:41:09] [INFO   ] org.mutationtesting.major.mutation.Mutator.nextMutant:
    Creating mutant 44
[04/24 17:41:09] [INFO   ] org.mutationtesting.major.mutation.Mutator.logMutantSTD:
    Logging mutantSTD 44: (STD) sb.append(words[i]); -> <NO-OP>
[04/24 17:41:09] [INFO   ] org.mutationtesting.major.mutation.Mutator.nextMutant:
    Creating mutant 45
[04/24 17:41:09] [INFO   ] org.mutationtesting.major.mutation.Mutator.logMutant:
    Logging mutant 45: Solution.fullJustify(line 46, col 40)
            mutation operator group:   ROR
            mutation operator:         <(int,int) |==> !=(int,int)
            original:                  lineTotal++ < maxWidth 
            mutant:                    lineTotal++ != maxWidth
[04/24 17:41:09] [INFO   ] org.mutationtesting.major.mutation.Mutator.nextMutant:
    Creating mutant 46
[04/24 17:41:09] [INFO   ] org.mutationtesting.major.mutation.Mutator.logMutant:
    Logging mutant 46: Solution.fullJustify(line 46, col 40)
            mutation operator group:   ROR
            mutation operator:         <(int,int) |==> <=(int,int)
            original:                  lineTotal++ < maxWidth 
            mutant:                    lineTotal++ <= maxWidth
[04/24 17:41:09] [INFO   ] org.mutationtesting.major.mutation.Mutator.nextMutant:
    Creating mutant 47
[04/24 17:41:09] [INFO   ] org.mutationtesting.major.mutation.Mutator.logMutant:
    Logging mutant 47: Solution.fullJustify(line 46, col 40)
            mutation operator group:   ROR
            mutation operator:         <(int,int) |==> FALSE(int,int)
            original:                  lineTotal++ < maxWidth 
            mutant:                    false
[04/24 17:41:09] [INFO   ] org.mutationtesting.major.mutation.Mutator.nextMutant:
    Creating mutant 48
[04/24 17:41:09] [INFO   ] org.mutationtesting.major.mutation.Mutator.logMutantSTD:
    Logging mutantSTD 48: (STD) sb.append(' '); -> <NO-OP>
[04/24 17:41:09] [INFO   ] org.mutationtesting.major.mutation.Mutator.nextMutant:
    Creating mutant 49
[04/24 17:41:09] [INFO   ] org.mutationtesting.major.mutation.Mutator.logMutant:
    Logging mutant 49: Solution.fullJustify(line 51, col 45)
            mutation operator group:   AOR
            mutation operator:         -(int,int) |==> %(int,int)
            original:                  maxWidth - lineTotal 
            mutant:                    maxWidth % lineTotal
[04/24 17:41:09] [INFO   ] org.mutationtesting.major.mutation.Mutator.nextMutant:
    Creating mutant 50
[04/24 17:41:09] [INFO   ] org.mutationtesting.major.mutation.Mutator.logMutant:
    Logging mutant 50: Solution.fullJustify(line 51, col 45)
            mutation operator group:   AOR
            mutation operator:         -(int,int) |==> *(int,int)
            original:                  maxWidth - lineTotal 
            mutant:                    maxWidth * lineTotal
[04/24 17:41:09] [INFO   ] org.mutationtesting.major.mutation.Mutator.nextMutant:
    Creating mutant 51
[04/24 17:41:09] [INFO   ] org.mutationtesting.major.mutation.Mutator.logMutant:
    Logging mutant 51: Solution.fullJustify(line 51, col 45)
            mutation operator group:   AOR
            mutation operator:         -(int,int) |==> +(int,int)
            original:                  maxWidth - lineTotal 
            mutant:                    maxWidth + lineTotal
[04/24 17:41:09] [INFO   ] org.mutationtesting.major.mutation.Mutator.nextMutant:
    Creating mutant 52
[04/24 17:41:09] [INFO   ] org.mutationtesting.major.mutation.Mutator.logMutant:
    Logging mutant 52: Solution.fullJustify(line 51, col 45)
            mutation operator group:   AOR
            mutation operator:         -(int,int) |==> /(int,int)
            original:                  maxWidth - lineTotal 
            mutant:                    maxWidth / lineTotal
[04/24 17:41:09] [INFO   ] org.mutationtesting.major.mutation.Mutator.nextMutant:
    Creating mutant 53
[04/24 17:41:09] [INFO   ] org.mutationtesting.major.mutation.Mutator.logMutant:
    Logging mutant 53: Solution.fullJustify(line 51, col 76)
            mutation operator group:   AOR
            mutation operator:         -(int,int) |==> %(int,int)
            original:                  numWordsOnLine - 1 
            mutant:                    numWordsOnLine % 1
[04/24 17:41:09] [INFO   ] org.mutationtesting.major.mutation.Mutator.nextMutant:
    Creating mutant 54
[04/24 17:41:09] [INFO   ] org.mutationtesting.major.mutation.Mutator.logMutant:
    Logging mutant 54: Solution.fullJustify(line 51, col 76)
            mutation operator group:   AOR
            mutation operator:         -(int,int) |==> *(int,int)
            original:                  numWordsOnLine - 1 
            mutant:                    numWordsOnLine * 1
[04/24 17:41:09] [INFO   ] org.mutationtesting.major.mutation.Mutator.nextMutant:
    Creating mutant 55
[04/24 17:41:09] [INFO   ] org.mutationtesting.major.mutation.Mutator.logMutant:
    Logging mutant 55: Solution.fullJustify(line 51, col 76)
            mutation operator group:   AOR
            mutation operator:         -(int,int) |==> +(int,int)
            original:                  numWordsOnLine - 1 
            mutant:                    numWordsOnLine + 1
[04/24 17:41:09] [INFO   ] org.mutationtesting.major.mutation.Mutator.nextMutant:
    Creating mutant 56
[04/24 17:41:09] [INFO   ] org.mutationtesting.major.mutation.Mutator.logMutant:
    Logging mutant 56: Solution.fullJustify(line 51, col 76)
            mutation operator group:   AOR
            mutation operator:         -(int,int) |==> /(int,int)
            original:                  numWordsOnLine - 1 
            mutant:                    numWordsOnLine / 1
[04/24 17:41:09] [INFO   ] org.mutationtesting.major.mutation.Mutator.nextMutant:
    Creating mutant 57
[04/24 17:41:09] [INFO   ] org.mutationtesting.major.mutation.Mutator.logMutant:
    Logging mutant 57: Solution.fullJustify(line 51, col 58)
            mutation operator group:   AOR
            mutation operator:         %(int,int) |==> *(int,int)
            original:                  (maxWidth - lineTotal) % (numWordsOnLine - 1) 
            mutant:                    (maxWidth - lineTotal) * (numWordsOnLine - 1)
[04/24 17:41:09] [INFO   ] org.mutationtesting.major.mutation.Mutator.nextMutant:
    Creating mutant 58
[04/24 17:41:09] [INFO   ] org.mutationtesting.major.mutation.Mutator.logMutant:
    Logging mutant 58: Solution.fullJustify(line 51, col 58)
            mutation operator group:   AOR
            mutation operator:         %(int,int) |==> +(int,int)
            original:                  (maxWidth - lineTotal) % (numWordsOnLine - 1) 
            mutant:                    (maxWidth - lineTotal) + (numWordsOnLine - 1)
[04/24 17:41:09] [INFO   ] org.mutationtesting.major.mutation.Mutator.nextMutant:
    Creating mutant 59
[04/24 17:41:09] [INFO   ] org.mutationtesting.major.mutation.Mutator.logMutant:
    Logging mutant 59: Solution.fullJustify(line 51, col 58)
            mutation operator group:   AOR
            mutation operator:         %(int,int) |==> -(int,int)
            original:                  (maxWidth - lineTotal) % (numWordsOnLine - 1) 
            mutant:                    (maxWidth - lineTotal) - (numWordsOnLine - 1)
[04/24 17:41:09] [INFO   ] org.mutationtesting.major.mutation.Mutator.nextMutant:
    Creating mutant 60
[04/24 17:41:09] [INFO   ] org.mutationtesting.major.mutation.Mutator.logMutant:
    Logging mutant 60: Solution.fullJustify(line 51, col 58)
            mutation operator group:   AOR
            mutation operator:         %(int,int) |==> /(int,int)
            original:                  (maxWidth - lineTotal) % (numWordsOnLine - 1) 
            mutant:                    (maxWidth - lineTotal) / (numWordsOnLine - 1)
[04/24 17:41:09] [INFO   ] org.mutationtesting.major.mutation.Mutator.nextMutant:
    Creating mutant 61
[04/24 17:41:09] [INFO   ] org.mutationtesting.major.mutation.Mutator.logMutant:
    Logging mutant 61: Solution.fullJustify(line 54, col 60)
            mutation operator group:   AOR
            mutation operator:         +(int,int) |==> %(int,int)
            original:                  startWord + numWordsOnLine 
            mutant:                    startWord % numWordsOnLine
[04/24 17:41:09] [INFO   ] org.mutationtesting.major.mutation.Mutator.nextMutant:
    Creating mutant 62
[04/24 17:41:09] [INFO   ] org.mutationtesting.major.mutation.Mutator.logMutant:
    Logging mutant 62: Solution.fullJustify(line 54, col 60)
            mutation operator group:   AOR
            mutation operator:         +(int,int) |==> *(int,int)
            original:                  startWord + numWordsOnLine 
            mutant:                    startWord * numWordsOnLine
[04/24 17:41:09] [INFO   ] org.mutationtesting.major.mutation.Mutator.nextMutant:
    Creating mutant 63
[04/24 17:41:09] [INFO   ] org.mutationtesting.major.mutation.Mutator.logMutant:
    Logging mutant 63: Solution.fullJustify(line 54, col 60)
            mutation operator group:   AOR
            mutation operator:         +(int,int) |==> -(int,int)
            original:                  startWord + numWordsOnLine 
            mutant:                    startWord - numWordsOnLine
[04/24 17:41:09] [INFO   ] org.mutationtesting.major.mutation.Mutator.nextMutant:
    Creating mutant 64
[04/24 17:41:09] [INFO   ] org.mutationtesting.major.mutation.Mutator.logMutant:
    Logging mutant 64: Solution.fullJustify(line 54, col 60)
            mutation operator group:   AOR
            mutation operator:         +(int,int) |==> /(int,int)
            original:                  startWord + numWordsOnLine 
            mutant:                    startWord / numWordsOnLine
[04/24 17:41:09] [INFO   ] org.mutationtesting.major.mutation.Mutator.nextMutant:
    Creating mutant 65
[04/24 17:41:09] [INFO   ] org.mutationtesting.major.mutation.Mutator.logMutant:
    Logging mutant 65: Solution.fullJustify(line 54, col 77)
            mutation operator group:   AOR
            mutation operator:         -(int,int) |==> %(int,int)
            original:                  startWord + numWordsOnLine - 1 
            mutant:                    (startWord + numWordsOnLine) % 1
[04/24 17:41:09] [INFO   ] org.mutationtesting.major.mutation.Mutator.nextMutant:
    Creating mutant 66
[04/24 17:41:09] [INFO   ] org.mutationtesting.major.mutation.Mutator.logMutant:
    Logging mutant 66: Solution.fullJustify(line 54, col 77)
            mutation operator group:   AOR
            mutation operator:         -(int,int) |==> *(int,int)
            original:                  startWord + numWordsOnLine - 1 
            mutant:                    (startWord + numWordsOnLine) * 1
[04/24 17:41:09] [INFO   ] org.mutationtesting.major.mutation.Mutator.nextMutant:
    Creating mutant 67
[04/24 17:41:09] [INFO   ] org.mutationtesting.major.mutation.Mutator.logMutant:
    Logging mutant 67: Solution.fullJustify(line 54, col 77)
            mutation operator group:   AOR
            mutation operator:         -(int,int) |==> +(int,int)
            original:                  startWord + numWordsOnLine - 1 
            mutant:                    startWord + numWordsOnLine + 1
[04/24 17:41:09] [INFO   ] org.mutationtesting.major.mutation.Mutator.nextMutant:
    Creating mutant 68
[04/24 17:41:09] [INFO   ] org.mutationtesting.major.mutation.Mutator.logMutant:
    Logging mutant 68: Solution.fullJustify(line 54, col 77)
            mutation operator group:   AOR
            mutation operator:         -(int,int) |==> /(int,int)
            original:                  startWord + numWordsOnLine - 1 
            mutant:                    (startWord + numWordsOnLine) / 1
[04/24 17:41:09] [INFO   ] org.mutationtesting.major.mutation.Mutator.nextMutant:
    Creating mutant 69
[04/24 17:41:09] [INFO   ] org.mutationtesting.major.mutation.Mutator.logMutant:
    Logging mutant 69: Solution.fullJustify(line 54, col 47)
            mutation operator group:   ROR
            mutation operator:         <(int,int) |==> !=(int,int)
            original:                  j < (startWord + numWordsOnLine - 1) 
            mutant:                    j != (startWord + numWordsOnLine - 1)
[04/24 17:41:09] [INFO   ] org.mutationtesting.major.mutation.Mutator.nextMutant:
    Creating mutant 70
[04/24 17:41:09] [INFO   ] org.mutationtesting.major.mutation.Mutator.logMutant:
    Logging mutant 70: Solution.fullJustify(line 54, col 47)
            mutation operator group:   ROR
            mutation operator:         <(int,int) |==> <=(int,int)
            original:                  j < (startWord + numWordsOnLine - 1) 
            mutant:                    j <= (startWord + numWordsOnLine - 1)
[04/24 17:41:09] [INFO   ] org.mutationtesting.major.mutation.Mutator.nextMutant:
    Creating mutant 71
[04/24 17:41:09] [INFO   ] org.mutationtesting.major.mutation.Mutator.logMutant:
    Logging mutant 71: Solution.fullJustify(line 54, col 47)
            mutation operator group:   ROR
            mutation operator:         <(int,int) |==> FALSE(int,int)
            original:                  j < (startWord + numWordsOnLine - 1) 
            mutant:                    false
[04/24 17:41:09] [INFO   ] org.mutationtesting.major.mutation.Mutator.nextMutant:
    Creating mutant 72
[04/24 17:41:09] [INFO   ] org.mutationtesting.major.mutation.Mutator.logMutantSTD:
    Logging mutantSTD 72: (STD) sb.append(words[j]); -> <NO-OP>
[04/24 17:41:09] [INFO   ] org.mutationtesting.major.mutation.Mutator.nextMutant:
    Creating mutant 73
[04/24 17:41:09] [INFO   ] org.mutationtesting.major.mutation.Mutator.logMutant:
    Logging mutant 73: Solution.fullJustify(line 57, col 39)
            mutation operator group:   ROR
            mutation operator:         >(int,int) |==> !=(int,int)
            original:                  extraSp-- > 0 
            mutant:                    extraSp-- != 0
[04/24 17:41:09] [INFO   ] org.mutationtesting.major.mutation.Mutator.nextMutant:
    Creating mutant 74
[04/24 17:41:09] [INFO   ] org.mutationtesting.major.mutation.Mutator.logMutant:
    Logging mutant 74: Solution.fullJustify(line 57, col 39)
            mutation operator group:   ROR
            mutation operator:         >(int,int) |==> >=(int,int)
            original:                  extraSp-- > 0 
            mutant:                    extraSp-- >= 0
[04/24 17:41:09] [INFO   ] org.mutationtesting.major.mutation.Mutator.nextMutant:
    Creating mutant 75
[04/24 17:41:09] [INFO   ] org.mutationtesting.major.mutation.Mutator.logMutant:
    Logging mutant 75: Solution.fullJustify(line 57, col 39)
            mutation operator group:   ROR
            mutation operator:         >(int,int) |==> FALSE(int,int)
            original:                  extraSp-- > 0 
            mutant:                    false
[04/24 17:41:09] [INFO   ] org.mutationtesting.major.mutation.Mutator.nextMutant:
    Creating mutant 76
[04/24 17:41:09] [INFO   ] org.mutationtesting.major.mutation.Mutator.logMutantSTD:
    Logging mutantSTD 76: (STD) sb.append(' '); -> <NO-OP>
[04/24 17:41:09] [INFO   ] org.mutationtesting.major.mutation.Mutator.nextMutant:
    Creating mutant 77
[04/24 17:41:09] [INFO   ] org.mutationtesting.major.mutation.Mutator.logMutant:
    Logging mutant 77: Solution.fullJustify(line 62, col 55)
            mutation operator group:   AOR
            mutation operator:         -(int,int) |==> %(int,int)
            original:                  maxWidth - lineTotal 
            mutant:                    maxWidth % lineTotal
[04/24 17:41:09] [INFO   ] org.mutationtesting.major.mutation.Mutator.nextMutant:
    Creating mutant 78
[04/24 17:41:09] [INFO   ] org.mutationtesting.major.mutation.Mutator.logMutant:
    Logging mutant 78: Solution.fullJustify(line 62, col 55)
            mutation operator group:   AOR
            mutation operator:         -(int,int) |==> *(int,int)
            original:                  maxWidth - lineTotal 
            mutant:                    maxWidth * lineTotal
[04/24 17:41:09] [INFO   ] org.mutationtesting.major.mutation.Mutator.nextMutant:
    Creating mutant 79
[04/24 17:41:09] [INFO   ] org.mutationtesting.major.mutation.Mutator.logMutant:
    Logging mutant 79: Solution.fullJustify(line 62, col 55)
            mutation operator group:   AOR
            mutation operator:         -(int,int) |==> +(int,int)
            original:                  maxWidth - lineTotal 
            mutant:                    maxWidth + lineTotal
[04/24 17:41:09] [INFO   ] org.mutationtesting.major.mutation.Mutator.nextMutant:
    Creating mutant 80
[04/24 17:41:09] [INFO   ] org.mutationtesting.major.mutation.Mutator.logMutant:
    Logging mutant 80: Solution.fullJustify(line 62, col 55)
            mutation operator group:   AOR
            mutation operator:         -(int,int) |==> /(int,int)
            original:                  maxWidth - lineTotal 
            mutant:                    maxWidth / lineTotal
[04/24 17:41:09] [INFO   ] org.mutationtesting.major.mutation.Mutator.nextMutant:
    Creating mutant 81
[04/24 17:41:09] [INFO   ] org.mutationtesting.major.mutation.Mutator.logMutant:
    Logging mutant 81: Solution.fullJustify(line 62, col 86)
            mutation operator group:   AOR
            mutation operator:         -(int,int) |==> %(int,int)
            original:                  numWordsOnLine - 1 
            mutant:                    numWordsOnLine % 1
[04/24 17:41:09] [INFO   ] org.mutationtesting.major.mutation.Mutator.nextMutant:
    Creating mutant 82
[04/24 17:41:09] [INFO   ] org.mutationtesting.major.mutation.Mutator.logMutant:
    Logging mutant 82: Solution.fullJustify(line 62, col 86)
            mutation operator group:   AOR
            mutation operator:         -(int,int) |==> *(int,int)
            original:                  numWordsOnLine - 1 
            mutant:                    numWordsOnLine * 1
[04/24 17:41:09] [INFO   ] org.mutationtesting.major.mutation.Mutator.nextMutant:
    Creating mutant 83
[04/24 17:41:09] [INFO   ] org.mutationtesting.major.mutation.Mutator.logMutant:
    Logging mutant 83: Solution.fullJustify(line 62, col 86)
            mutation operator group:   AOR
            mutation operator:         -(int,int) |==> +(int,int)
            original:                  numWordsOnLine - 1 
            mutant:                    numWordsOnLine + 1
[04/24 17:41:09] [INFO   ] org.mutationtesting.major.mutation.Mutator.nextMutant:
    Creating mutant 84
[04/24 17:41:09] [INFO   ] org.mutationtesting.major.mutation.Mutator.logMutant:
    Logging mutant 84: Solution.fullJustify(line 62, col 86)
            mutation operator group:   AOR
            mutation operator:         -(int,int) |==> /(int,int)
            original:                  numWordsOnLine - 1 
            mutant:                    numWordsOnLine / 1
[04/24 17:41:09] [INFO   ] org.mutationtesting.major.mutation.Mutator.nextMutant:
    Creating mutant 85
[04/24 17:41:09] [INFO   ] org.mutationtesting.major.mutation.Mutator.logMutant:
    Logging mutant 85: Solution.fullJustify(line 62, col 68)
            mutation operator group:   AOR
            mutation operator:         /(int,int) |==> %(int,int)
            original:                  (maxWidth - lineTotal) / (numWordsOnLine - 1) 
            mutant:                    (maxWidth - lineTotal) % (numWordsOnLine - 1)
[04/24 17:41:09] [INFO   ] org.mutationtesting.major.mutation.Mutator.nextMutant:
    Creating mutant 86
[04/24 17:41:09] [INFO   ] org.mutationtesting.major.mutation.Mutator.logMutant:
    Logging mutant 86: Solution.fullJustify(line 62, col 68)
            mutation operator group:   AOR
            mutation operator:         /(int,int) |==> *(int,int)
            original:                  (maxWidth - lineTotal) / (numWordsOnLine - 1) 
            mutant:                    (maxWidth - lineTotal) * (numWordsOnLine - 1)
[04/24 17:41:09] [INFO   ] org.mutationtesting.major.mutation.Mutator.nextMutant:
    Creating mutant 87
[04/24 17:41:09] [INFO   ] org.mutationtesting.major.mutation.Mutator.logMutant:
    Logging mutant 87: Solution.fullJustify(line 62, col 68)
            mutation operator group:   AOR
            mutation operator:         /(int,int) |==> +(int,int)
            original:                  (maxWidth - lineTotal) / (numWordsOnLine - 1) 
            mutant:                    (maxWidth - lineTotal) + (numWordsOnLine - 1)
[04/24 17:41:09] [INFO   ] org.mutationtesting.major.mutation.Mutator.nextMutant:
    Creating mutant 88
[04/24 17:41:09] [INFO   ] org.mutationtesting.major.mutation.Mutator.logMutant:
    Logging mutant 88: Solution.fullJustify(line 62, col 68)
            mutation operator group:   AOR
            mutation operator:         /(int,int) |==> -(int,int)
            original:                  (maxWidth - lineTotal) / (numWordsOnLine - 1) 
            mutant:                    (maxWidth - lineTotal) - (numWordsOnLine - 1)
[04/24 17:41:09] [INFO   ] org.mutationtesting.major.mutation.Mutator.nextMutant:
    Creating mutant 89
[04/24 17:41:09] [INFO   ] org.mutationtesting.major.mutation.Mutator.logMutant:
    Logging mutant 89: Solution.fullJustify(line 62, col 43)
            mutation operator group:   ROR
            mutation operator:         <(int,int) |==> !=(int,int)
            original:                  k < (maxWidth - lineTotal) / (numWordsOnLine - 1) 
            mutant:                    k != (maxWidth - lineTotal) / (numWordsOnLine - 1)
[04/24 17:41:09] [INFO   ] org.mutationtesting.major.mutation.Mutator.nextMutant:
    Creating mutant 90
[04/24 17:41:09] [INFO   ] org.mutationtesting.major.mutation.Mutator.logMutant:
    Logging mutant 90: Solution.fullJustify(line 62, col 43)
            mutation operator group:   ROR
            mutation operator:         <(int,int) |==> <=(int,int)
            original:                  k < (maxWidth - lineTotal) / (numWordsOnLine - 1) 
            mutant:                    k <= (maxWidth - lineTotal) / (numWordsOnLine - 1)
[04/24 17:41:09] [INFO   ] org.mutationtesting.major.mutation.Mutator.nextMutant:
    Creating mutant 91
[04/24 17:41:09] [INFO   ] org.mutationtesting.major.mutation.Mutator.logMutant:
    Logging mutant 91: Solution.fullJustify(line 62, col 43)
            mutation operator group:   ROR
            mutation operator:         <(int,int) |==> FALSE(int,int)
            original:                  k < (maxWidth - lineTotal) / (numWordsOnLine - 1) 
            mutant:                    false
[04/24 17:41:09] [INFO   ] org.mutationtesting.major.mutation.Mutator.nextMutant:
    Creating mutant 92
[04/24 17:41:09] [INFO   ] org.mutationtesting.major.mutation.Mutator.logMutantSTD:
    Logging mutantSTD 92: (STD) sb.append(' '); -> <NO-OP>
[04/24 17:41:09] [INFO   ] org.mutationtesting.major.mutation.Mutator.nextMutant:
    Creating mutant 93
[04/24 17:41:09] [INFO   ] org.mutationtesting.major.mutation.Mutator.logMutant:
    Logging mutant 93: Solution.fullJustify(line 67, col 47)
            mutation operator group:   AOR
            mutation operator:         +(int,int) |==> %(int,int)
            original:                  startWord + numWordsOnLine 
            mutant:                    startWord % numWordsOnLine
[04/24 17:41:09] [INFO   ] org.mutationtesting.major.mutation.Mutator.nextMutant:
    Creating mutant 94
[04/24 17:41:09] [INFO   ] org.mutationtesting.major.mutation.Mutator.logMutant:
    Logging mutant 94: Solution.fullJustify(line 67, col 47)
            mutation operator group:   AOR
            mutation operator:         +(int,int) |==> *(int,int)
            original:                  startWord + numWordsOnLine 
            mutant:                    startWord * numWordsOnLine
[04/24 17:41:09] [INFO   ] org.mutationtesting.major.mutation.Mutator.nextMutant:
    Creating mutant 95
[04/24 17:41:09] [INFO   ] org.mutationtesting.major.mutation.Mutator.logMutant:
    Logging mutant 95: Solution.fullJustify(line 67, col 47)
            mutation operator group:   AOR
            mutation operator:         +(int,int) |==> -(int,int)
            original:                  startWord + numWordsOnLine 
            mutant:                    startWord - numWordsOnLine
[04/24 17:41:09] [INFO   ] org.mutationtesting.major.mutation.Mutator.nextMutant:
    Creating mutant 96
[04/24 17:41:09] [INFO   ] org.mutationtesting.major.mutation.Mutator.logMutant:
    Logging mutant 96: Solution.fullJustify(line 67, col 47)
            mutation operator group:   AOR
            mutation operator:         +(int,int) |==> /(int,int)
            original:                  startWord + numWordsOnLine 
            mutant:                    startWord / numWordsOnLine
[04/24 17:41:09] [INFO   ] org.mutationtesting.major.mutation.Mutator.nextMutant:
    Creating mutant 97
[04/24 17:41:09] [INFO   ] org.mutationtesting.major.mutation.Mutator.logMutant:
    Logging mutant 97: Solution.fullJustify(line 67, col 64)
            mutation operator group:   AOR
            mutation operator:         -(int,int) |==> %(int,int)
            original:                  startWord + numWordsOnLine - 1 
            mutant:                    (startWord + numWordsOnLine) % 1
[04/24 17:41:09] [INFO   ] org.mutationtesting.major.mutation.Mutator.nextMutant:
    Creating mutant 98
[04/24 17:41:09] [INFO   ] org.mutationtesting.major.mutation.Mutator.logMutant:
    Logging mutant 98: Solution.fullJustify(line 67, col 64)
            mutation operator group:   AOR
            mutation operator:         -(int,int) |==> *(int,int)
            original:                  startWord + numWordsOnLine - 1 
            mutant:                    (startWord + numWordsOnLine) * 1
[04/24 17:41:09] [INFO   ] org.mutationtesting.major.mutation.Mutator.nextMutant:
    Creating mutant 99
[04/24 17:41:09] [INFO   ] org.mutationtesting.major.mutation.Mutator.logMutant:
    Logging mutant 99: Solution.fullJustify(line 67, col 64)
            mutation operator group:   AOR
            mutation operator:         -(int,int) |==> +(int,int)
            original:                  startWord + numWordsOnLine - 1 
            mutant:                    startWord + numWordsOnLine + 1
[04/24 17:41:09] [INFO   ] org.mutationtesting.major.mutation.Mutator.nextMutant:
    Creating mutant 100
[04/24 17:41:09] [INFO   ] org.mutationtesting.major.mutation.Mutator.logMutant:
    Logging mutant 100: Solution.fullJustify(line 67, col 64)
            mutation operator group:   AOR
            mutation operator:         -(int,int) |==> /(int,int)
            original:                  startWord + numWordsOnLine - 1 
            mutant:                    (startWord + numWordsOnLine) / 1
[04/24 17:41:09] [INFO   ] org.mutationtesting.major.mutation.Mutator.nextMutant:
    Creating mutant 101
[04/24 17:41:09] [INFO   ] org.mutationtesting.major.mutation.Mutator.logMutantSTD:
    Logging mutantSTD 101: (STD) sb.append(words[startWord + numWordsOnLine - 1]); -> <NO-OP>
[04/24 17:41:09] [INFO   ] org.mutationtesting.major.mutation.Mutator.nextMutant:
    Creating mutant 102
[04/24 17:41:09] [INFO   ] org.mutationtesting.major.mutation.Mutator.logMutantSTD:
    Logging mutantSTD 102: (STD) output.add(sb.toString()); -> <NO-OP>
[04/24 17:41:09] [INFO   ] org.mutationtesting.major.mutation.Mutator.nextMutant:
    Creating mutant 103
[04/24 17:41:09] [INFO   ] org.mutationtesting.major.mutation.Mutator.logMutant:
    Logging mutant 103: Solution.fullJustify(line 73, col 31)
            mutation operator group:   AOR
            mutation operator:         +(int,int) |==> %(int,int)
            original:                  i + 1 
            mutant:                    i % 1
[04/24 17:41:09] [INFO   ] org.mutationtesting.major.mutation.Mutator.nextMutant:
    Creating mutant 104
[04/24 17:41:09] [INFO   ] org.mutationtesting.major.mutation.Mutator.logMutant:
    Logging mutant 104: Solution.fullJustify(line 73, col 31)
            mutation operator group:   AOR
            mutation operator:         +(int,int) |==> *(int,int)
            original:                  i + 1 
            mutant:                    i * 1
[04/24 17:41:09] [INFO   ] org.mutationtesting.major.mutation.Mutator.nextMutant:
    Creating mutant 105
[04/24 17:41:09] [INFO   ] org.mutationtesting.major.mutation.Mutator.logMutant:
    Logging mutant 105: Solution.fullJustify(line 73, col 31)
            mutation operator group:   AOR
            mutation operator:         +(int,int) |==> -(int,int)
            original:                  i + 1 
            mutant:                    i - 1
[04/24 17:41:09] [INFO   ] org.mutationtesting.major.mutation.Mutator.nextMutant:
    Creating mutant 106
[04/24 17:41:09] [INFO   ] org.mutationtesting.major.mutation.Mutator.logMutant:
    Logging mutant 106: Solution.fullJustify(line 73, col 31)
            mutation operator group:   AOR
            mutation operator:         +(int,int) |==> /(int,int)
            original:                  i + 1 
            mutant:                    i / 1
[04/24 17:41:09] [INFO   ] org.mutationtesting.major.mutation.Mutator.nextMutant:
    Creating mutant 107
[04/24 17:41:09] [INFO   ] org.mutationtesting.major.mutation.Mutator.logMutantSTD:
    Logging mutantSTD 107: (STD) startWord = i + 1; -> <NO-OP>
[04/24 17:41:09] [INFO   ] org.mutationtesting.major.mutation.Mutator.nextMutant:
    Creating mutant 108
[04/24 17:41:09] [INFO   ] org.mutationtesting.major.mutation.Mutator.logMutantSTD:
    Logging mutantSTD 108: (STD) numWordsOnLine = lineTotal = 0; -> <NO-OP>
[04/24 17:41:09] [INFO   ] org.mutationtesting.major.mutation.Mutator.nextMutant:
    Creating mutant 109
[04/24 17:41:09] [INFO   ] org.mutationtesting.major.mutation.Mutator.logMutantSTD:
    Logging mutantSTD 109: (STD) sb = new StringBuilder(maxWidth); -> <NO-OP>
[04/24 17:41:09] [INFO   ] org.mutationtesting.major.mutation.Mutator.nextMutant:
    Creating mutant 110
[04/24 17:41:09] [INFO   ] org.mutationtesting.major.mutation.Mutator.logMutantSTD:
    Logging mutantSTD 110: (STD) lineTotal = 0; -> <NO-OP>
[04/24 17:41:09] [INFO   ] org.mutationtesting.major.mutation.Mutator.nextMutant:
    Creating mutant 111
[04/24 17:41:09] [INFO   ] org.mutationtesting.major.mutation.Mutator.logMutant:
    Logging mutant 111: Solution.fullJustify(line 82, col 35)
            mutation operator group:   ROR
            mutation operator:         <(int,int) |==> !=(int,int)
            original:                  i < words.length 
            mutant:                    i != words.length
[04/24 17:41:09] [INFO   ] org.mutationtesting.major.mutation.Mutator.nextMutant:
    Creating mutant 112
[04/24 17:41:09] [INFO   ] org.mutationtesting.major.mutation.Mutator.logMutant:
    Logging mutant 112: Solution.fullJustify(line 82, col 35)
            mutation operator group:   ROR
            mutation operator:         <(int,int) |==> <=(int,int)
            original:                  i < words.length 
            mutant:                    i <= words.length
[04/24 17:41:09] [INFO   ] org.mutationtesting.major.mutation.Mutator.nextMutant:
    Creating mutant 113
[04/24 17:41:09] [INFO   ] org.mutationtesting.major.mutation.Mutator.logMutant:
    Logging mutant 113: Solution.fullJustify(line 82, col 35)
            mutation operator group:   ROR
            mutation operator:         <(int,int) |==> FALSE(int,int)
            original:                  i < words.length 
            mutant:                    false
[04/24 17:41:09] [INFO   ] org.mutationtesting.major.mutation.Mutator.nextMutant:
    Creating mutant 114
[04/24 17:41:09] [INFO   ] org.mutationtesting.major.mutation.Mutator.logMutantSTD:
    Logging mutantSTD 114: (STD) lineTotal += words[i].length(); -> <NO-OP>
[04/24 17:41:09] [INFO   ] org.mutationtesting.major.mutation.Mutator.nextMutant:
    Creating mutant 115
[04/24 17:41:09] [INFO   ] org.mutationtesting.major.mutation.Mutator.logMutantSTD:
    Logging mutantSTD 115: (STD) sb.append(words[i]); -> <NO-OP>
[04/24 17:41:09] [INFO   ] org.mutationtesting.major.mutation.Mutator.nextMutant:
    Creating mutant 116
[04/24 17:41:09] [INFO   ] org.mutationtesting.major.mutation.Mutator.logMutant:
    Logging mutant 116: Solution.fullJustify(line 85, col 29)
            mutation operator group:   ROR
            mutation operator:         <(int,int) |==> !=(int,int)
            original:                  lineTotal++ < maxWidth 
            mutant:                    lineTotal++ != maxWidth
[04/24 17:41:09] [INFO   ] org.mutationtesting.major.mutation.Mutator.nextMutant:
    Creating mutant 117
[04/24 17:41:09] [INFO   ] org.mutationtesting.major.mutation.Mutator.logMutant:
    Logging mutant 117: Solution.fullJustify(line 85, col 29)
            mutation operator group:   ROR
            mutation operator:         <(int,int) |==> <=(int,int)
            original:                  lineTotal++ < maxWidth 
            mutant:                    lineTotal++ <= maxWidth
[04/24 17:41:09] [INFO   ] org.mutationtesting.major.mutation.Mutator.nextMutant:
    Creating mutant 118
[04/24 17:41:09] [INFO   ] org.mutationtesting.major.mutation.Mutator.logMutant:
    Logging mutant 118: Solution.fullJustify(line 85, col 29)
            mutation operator group:   ROR
            mutation operator:         <(int,int) |==> FALSE(int,int)
            original:                  lineTotal++ < maxWidth 
            mutant:                    false
[04/24 17:41:09] [INFO   ] org.mutationtesting.major.mutation.Mutator.nextMutant:
    Creating mutant 119
[04/24 17:41:09] [INFO   ] org.mutationtesting.major.mutation.Mutator.logMutantSTD:
    Logging mutantSTD 119: (STD) sb.append(' '); -> <NO-OP>
[04/24 17:41:09] [INFO   ] org.mutationtesting.major.mutation.Mutator.nextMutant:
    Creating mutant 120
[04/24 17:41:09] [INFO   ] org.mutationtesting.major.mutation.Mutator.logMutant:
    Logging mutant 120: Solution.fullJustify(line 90, col 28)
            mutation operator group:   ROR
            mutation operator:         <(int,int) |==> !=(int,int)
            original:                  lineTotal++ < maxWidth 
            mutant:                    lineTotal++ != maxWidth
[04/24 17:41:09] [INFO   ] org.mutationtesting.major.mutation.Mutator.nextMutant:
    Creating mutant 121
[04/24 17:41:09] [INFO   ] org.mutationtesting.major.mutation.Mutator.logMutant:
    Logging mutant 121: Solution.fullJustify(line 90, col 28)
            mutation operator group:   ROR
            mutation operator:         <(int,int) |==> <=(int,int)
            original:                  lineTotal++ < maxWidth 
            mutant:                    lineTotal++ <= maxWidth
[04/24 17:41:09] [INFO   ] org.mutationtesting.major.mutation.Mutator.nextMutant:
    Creating mutant 122
[04/24 17:41:09] [INFO   ] org.mutationtesting.major.mutation.Mutator.logMutant:
    Logging mutant 122: Solution.fullJustify(line 90, col 28)
            mutation operator group:   ROR
            mutation operator:         <(int,int) |==> FALSE(int,int)
            original:                  lineTotal++ < maxWidth 
            mutant:                    false
[04/24 17:41:09] [INFO   ] org.mutationtesting.major.mutation.Mutator.nextMutant:
    Creating mutant 123
[04/24 17:41:09] [INFO   ] org.mutationtesting.major.mutation.Mutator.logMutantSTD:
    Logging mutantSTD 123: (STD) sb.append(' '); -> <NO-OP>
[04/24 17:41:09] [INFO   ] org.mutationtesting.major.mutation.Mutator.nextMutant:
    Creating mutant 124
[04/24 17:41:09] [INFO   ] org.mutationtesting.major.mutation.Mutator.logMutantSTD:
    Logging mutantSTD 124: (STD) output.add(sb.toString()); -> <NO-OP>
[04/24 17:41:09] [INFO   ] org.mutationtesting.major.plugin.MajorPluginTaskListener.mutate:
    Generated 124 mutants (148 ms)
