ERROR:root:Failed to parse \F x.(F(x) & (_ = {CD})(x)). Error: The function '(_ = {CD})' is not a Lambda Expression, an Application Expression, or a functional predicate, so it may not take arguments.
\F x.(F(x) & (_ = {CD})(x))
                      ^
ERROR:root:An error occurred: The function '(_ = {CD})' is not a Lambda Expression, an Application Expression, or a functional predicate, so it may not take arguments.
\F x.(F(x) & (_ = {CD})(x))
                      ^
Sentence: Explanation : 0 + 2 + 1 = -6 + 6 - 7 + 9 + 1 = 2 + 0 + 1
Tree XML:
<sentence>
  <tokens>
    <token start="0" span="1" pos="NN" chunk="I-NP" entity="I-TIM" cat="N" id="t0_0" surf="Explanation" base="explanation"/>
    <token start="1" span="1" pos="IN" chunk="O" entity="I-TIM" cat="(NP\NP)/NP" id="t0_1" surf=":" base=":"/>
    <token start="2" span="1" pos="CD" chunk="I-NP" entity="I-TIM" cat="N/N" id="t0_2" surf="0" base="0"/>
    <token start="3" span="1" pos="NN" chunk="I-NP" entity="I-TIM" cat="N" id="t0_3" surf="+" base="+"/>
    <token start="4" span="1" pos="CD" chunk="I-NP" entity="I-TIM" cat="N\N" id="t0_4" surf="2" base="2"/>
    <token start="5" span="1" pos="VBD" chunk="I-VP" entity="I-TIM" cat="(S[dcl]\NP)/NP" id="t0_5" surf="+" base="+"/>
    <token start="6" span="1" pos="CD" chunk="I-NP" entity="I-TIM" cat="(N/N)/(N/N)" id="t0_6" surf="1" base="1"/>
    <token start="7" span="1" pos="CD" chunk="I-NP" entity="I-TIM" cat="N/N" id="t0_7" surf="=" base="="/>
    <token start="8" span="1" pos="JJ" chunk="I-NP" entity="I-TIM" cat="N/N" id="t0_8" surf="-6" base="-6"/>
    <token start="9" span="1" pos="NNP" chunk="I-NP" entity="I-TIM" cat="N/N[num]" id="t0_9" surf="+" base="+"/>
    <token start="10" span="1" pos="CD" chunk="I-NP" entity="I-TIM" cat="N[num]" id="t0_10" surf="6" base="6"/>
    <token start="11" span="1" pos="IN" chunk="I-NP" entity="I-TIM" cat="(NP\NP)/NP" id="t0_11" surf="-" base="-"/>
    <token start="12" span="1" pos="CD" chunk="I-NP" entity="I-TIM" cat="N/N" id="t0_12" surf="7" base="7"/>
    <token start="13" span="1" pos="NN" chunk="I-NP" entity="I-TIM" cat="N/N" id="t0_13" surf="+" base="+"/>
    <token start="14" span="1" pos="CD" chunk="I-NP" entity="I-TIM" cat="N/N" id="t0_14" surf="9" base="9"/>
    <token start="15" span="1" pos="NN" chunk="I-NP" entity="I-TIM" cat="N/N" id="t0_15" surf="+" base="+"/>
    <token start="16" span="1" pos="CD" chunk="I-NP" entity="I-TIM" cat="N/N" id="t0_16" surf="1" base="1"/>
    <token start="17" span="1" pos="NN" chunk="I-NP" entity="I-TIM" cat="N/N" id="t0_17" surf="=" base="="/>
    <token start="18" span="1" pos="CD" chunk="I-NP" entity="I-TIM" cat="N/N" id="t0_18" surf="2" base="2"/>
    <token start="19" span="1" pos="NN" chunk="I-NP" entity="I-TIM" cat="N/N" id="t0_19" surf="+" base="+"/>
    <token start="20" span="1" pos="CD" chunk="I-NP" entity="I-TIM" cat="N/N" id="t0_20" surf="0" base="0"/>
    <token start="21" span="1" pos="NN" chunk="I-NP" entity="I-TIM" cat="N" id="t0_21" surf="+" base="+"/>
    <token start="22" span="1" pos="CD" chunk="I-NP" entity="I-TIM" cat="N\N" id="t0_22" surf="1" base="1"/>
  </tokens>
  <ccg root="s0_sp0" id="s0_ccg0">
    <span root="true" id="s0_sp0" child="s0_sp1 s0_sp12" category="S[dcl=true]" rule="ba"/>
    <span id="s0_sp1" child="s0_sp2 s0_sp4" category="NP" rule="ba"/>
    <span id="s0_sp2" child="s0_sp3" category="NP" rule="lex"/>
    <span start="0" span="1" pos="NN" chunk="I-NP" entity="I-TIM" id="s0_sp3" surf="Explanation" base="explanation" terminal="t0_0" category="N"/>
    <span id="s0_sp4" child="s0_sp5 s0_sp6" category="NP\NP" rule="fa"/>
    <span start="1" span="1" pos="IN" chunk="O" entity="I-TIM" id="s0_sp5" surf=":" base=":" terminal="t0_1" category="(NP\NP)/NP"/>
    <span id="s0_sp6" child="s0_sp7" category="NP" rule="lex"/>
    <span id="s0_sp7" child="s0_sp8 s0_sp9" category="N" rule="fa"/>
    <span start="2" span="1" pos="CD" chunk="I-NP" entity="I-TIM" id="s0_sp8" surf="0" base="0" terminal="t0_2" category="N/N"/>
    <span id="s0_sp9" child="s0_sp10 s0_sp11" category="N" rule="ba"/>
    <span start="3" span="1" pos="NN" chunk="I-NP" entity="I-TIM" id="s0_sp10" surf="+" base="+" terminal="t0_3" category="N"/>
    <span start="4" span="1" pos="CD" chunk="I-NP" entity="I-TIM" id="s0_sp11" surf="2" base="2" terminal="t0_4" category="N\N"/>
    <span id="s0_sp12" child="s0_sp13 s0_sp14" category="S[dcl=true]\NP" rule="fa"/>
    <span start="5" span="1" pos="VBD" chunk="I-VP" entity="I-TIM" id="s0_sp13" surf="+" base="+" terminal="t0_5" category="(S[dcl=true]\NP)/NP"/>
    <span id="s0_sp14" child="s0_sp15 s0_sp25" category="NP" rule="ba"/>
    <span id="s0_sp15" child="s0_sp16" category="NP" rule="lex"/>
    <span id="s0_sp16" child="s0_sp17 s0_sp20" category="N" rule="fa"/>
    <span id="s0_sp17" child="s0_sp18 s0_sp19" category="N/N" rule="fa"/>
    <span start="6" span="1" pos="CD" chunk="I-NP" entity="I-TIM" id="s0_sp18" surf="1" base="1" terminal="t0_6" category="(N/N)/(N/N)"/>
    <span start="7" span="1" pos="CD" chunk="I-NP" entity="I-TIM" id="s0_sp19" surf="=" base="=" terminal="t0_7" category="N/N"/>
    <span id="s0_sp20" child="s0_sp21 s0_sp22" category="N" rule="fa"/>
    <span start="8" span="1" pos="JJ" chunk="I-NP" entity="I-TIM" id="s0_sp21" surf="-6" base="-6" terminal="t0_8" category="N/N"/>
    <span id="s0_sp22" child="s0_sp23 s0_sp24" category="N" rule="fa"/>
    <span start="9" span="1" pos="NNP" chunk="I-NP" entity="I-TIM" id="s0_sp23" surf="+" base="+" terminal="t0_9" category="N/N[num=true]"/>
    <span start="10" span="1" pos="CD" chunk="I-NP" entity="I-TIM" id="s0_sp24" surf="6" base="6" terminal="t0_10" category="N[num=true]"/>
    <span id="s0_sp25" child="s0_sp26 s0_sp27" category="NP\NP" rule="fa"/>
    <span start="11" span="1" pos="IN" chunk="I-NP" entity="I-TIM" id="s0_sp26" surf="-" base="-" terminal="t0_11" category="(NP\NP)/NP"/>
    <span id="s0_sp27" child="s0_sp28" category="NP" rule="lex"/>
    <span id="s0_sp28" child="s0_sp29 s0_sp30" category="N" rule="fa"/>
    <span start="12" span="1" pos="CD" chunk="I-NP" entity="I-TIM" id="s0_sp29" surf="7" base="7" terminal="t0_12" category="N/N"/>
    <span id="s0_sp30" child="s0_sp31 s0_sp32" category="N" rule="fa"/>
    <span start="13" span="1" pos="NN" chunk="I-NP" entity="I-TIM" id="s0_sp31" surf="+" base="+" terminal="t0_13" category="N/N"/>
    <span id="s0_sp32" child="s0_sp33 s0_sp34" category="N" rule="fa"/>
    <span start="14" span="1" pos="CD" chunk="I-NP" entity="I-TIM" id="s0_sp33" surf="9" base="9" terminal="t0_14" category="N/N"/>
    <span id="s0_sp34" child="s0_sp35 s0_sp36" category="N" rule="fa"/>
    <span start="15" span="1" pos="NN" chunk="I-NP" entity="I-TIM" id="s0_sp35" surf="+" base="+" terminal="t0_15" category="N/N"/>
    <span id="s0_sp36" child="s0_sp37 s0_sp38" category="N" rule="fa"/>
    <span start="16" span="1" pos="CD" chunk="I-NP" entity="I-TIM" id="s0_sp37" surf="1" base="1" terminal="t0_16" category="N/N"/>
    <span id="s0_sp38" child="s0_sp39 s0_sp40" category="N" rule="fa"/>
    <span start="17" span="1" pos="NN" chunk="I-NP" entity="I-TIM" id="s0_sp39" surf="=" base="=" terminal="t0_17" category="N/N"/>
    <span id="s0_sp40" child="s0_sp41 s0_sp42" category="N" rule="fa"/>
    <span start="18" span="1" pos="CD" chunk="I-NP" entity="I-TIM" id="s0_sp41" surf="2" base="2" terminal="t0_18" category="N/N"/>
    <span id="s0_sp42" child="s0_sp43 s0_sp44" category="N" rule="fa"/>
    <span start="19" span="1" pos="NN" chunk="I-NP" entity="I-TIM" id="s0_sp43" surf="+" base="+" terminal="t0_19" category="N/N"/>
    <span id="s0_sp44" child="s0_sp45 s0_sp46" category="N" rule="fa"/>
    <span start="20" span="1" pos="CD" chunk="I-NP" entity="I-TIM" id="s0_sp45" surf="0" base="0" terminal="t0_20" category="N/N"/>
    <span id="s0_sp46" child="s0_sp47 s0_sp48" category="N" rule="ba"/>
    <span start="21" span="1" pos="NN" chunk="I-NP" entity="I-TIM" id="s0_sp47" surf="+" base="+" terminal="t0_21" category="N"/>
    <span start="22" span="1" pos="CD" chunk="I-NP" entity="I-TIM" id="s0_sp48" surf="1" base="1" terminal="t0_22" category="N\N"/>
  </ccg>
</sentence>

