ERROR:root:Failed to parse \F x.(F(x) & (_ = {NN})(x)). Error: The function '(_ = {NN})' is not a Lambda Expression, an Application Expression, or a functional predicate, so it may not take arguments.
\F x.(F(x) & (_ = {NN})(x))
                      ^
ERROR:root:An error occurred: The function '(_ = {NN})' is not a Lambda Expression, an Application Expression, or a functional predicate, so it may not take arguments.
\F x.(F(x) & (_ = {NN})(x))
                      ^
Sentence: < code > 3 < = arr.length < = 5 10 < sup > 4 < /sup > < /code >
Tree XML:
<sentence>
  <tokens>
    <token start="0" span="1" pos="JJ" chunk="I-NP" entity="O" cat="N/N" id="t0_0" surf="&lt;" base="&lt;"/>
    <token start="1" span="1" pos="NN" chunk="I-NP" entity="O" cat="N" id="t0_1" surf="code" base="code"/>
    <token start="2" span="1" pos="VBD" chunk="I-VP" entity="O" cat="(S[dcl]\NP)/NP" id="t0_2" surf="&gt;" base="&gt;"/>
    <token start="3" span="1" pos="CD" chunk="I-NP" entity="I-TIM" cat="N/N" id="t0_3" surf="3" base="3"/>
    <token start="4" span="1" pos="NN" chunk="I-NP" entity="I-TIM" cat="N/N" id="t0_4" surf="&lt;" base="&lt;"/>
    <token start="5" span="1" pos="NN" chunk="I-NP" entity="I-TIM" cat="N/N" id="t0_5" surf="=" base="="/>
    <token start="6" span="1" pos="NN" chunk="I-NP" entity="I-TIM" cat="N/N" id="t0_6" surf="arr.length" base="arr.length"/>
    <token start="7" span="1" pos="NN" chunk="I-NP" entity="I-TIM" cat="N" id="t0_7" surf="&lt;" base="&lt;"/>
    <token start="8" span="1" pos="IN" chunk="I-PP" entity="I-TIM" cat="((S\NP)\(S\NP))/NP" id="t0_8" surf="=" base="="/>
    <token start="9" span="1" pos="CD" chunk="I-NP" entity="I-TIM" cat="N/N" id="t0_9" surf="5" base="5"/>
    <token start="10" span="1" pos="CD" chunk="I-NP" entity="I-TIM" cat="N/N" id="t0_10" surf="10" base="10"/>
    <token start="11" span="1" pos="NN" chunk="I-NP" entity="I-TIM" cat="N/N" id="t0_11" surf="&lt;" base="&lt;"/>
    <token start="12" span="1" pos="NN" chunk="I-NP" entity="I-TIM" cat="N" id="t0_12" surf="sup" base="sup"/>
    <token start="13" span="1" pos="VBD" chunk="I-VP" entity="I-TIM" cat="(S[dcl]\NP)/NP" id="t0_13" surf="&gt;" base="&gt;"/>
    <token start="14" span="1" pos="CD" chunk="I-NP" entity="I-TIM" cat="N/N" id="t0_14" surf="4" base="4"/>
    <token start="15" span="1" pos="NNS" chunk="I-NP" entity="I-TIM" cat="N" id="t0_15" surf="&lt;" base="&lt;"/>
    <token start="16" span="1" pos="JJ" chunk="I-NP" entity="I-TIM" cat="(S[adj]\NP)/NP" id="t0_16" surf="/sup" base="/sup"/>
    <token start="17" span="1" pos="NNP" chunk="I-NP" entity="I-TIM" cat="N/N" id="t0_17" surf="&gt;" base="&gt;"/>
    <token start="18" span="1" pos="NNP" chunk="I-NP" entity="I-TIM" cat="N/N" id="t0_18" surf="&lt;" base="&lt;"/>
    <token start="19" span="1" pos="NNP" chunk="I-NP" entity="I-TIM" cat="N/N" id="t0_19" surf="/code" base="/code"/>
    <token start="20" span="1" pos="NNP" chunk="I-NP" entity="I-TIM" cat="N" id="t0_20" surf="&gt;" base="&gt;"/>
  </tokens>
  <ccg root="s0_sp0" id="s0_ccg0">
    <span root="true" id="s0_sp0" child="s0_sp1 s0_sp5" category="S[dcl=true]" rule="ba"/>
    <span id="s0_sp1" child="s0_sp2" category="NP" rule="lex"/>
    <span id="s0_sp2" child="s0_sp3 s0_sp4" category="N" rule="fa"/>
    <span start="0" span="1" pos="JJ" chunk="I-NP" entity="O" id="s0_sp3" surf="&lt;" base="&lt;" terminal="t0_0" category="N/N"/>
    <span start="1" span="1" pos="NN" chunk="I-NP" entity="O" id="s0_sp4" surf="code" base="code" terminal="t0_1" category="N"/>
    <span id="s0_sp5" child="s0_sp6 s0_sp18" category="S[dcl=true]\NP" rule="ba"/>
    <span id="s0_sp6" child="s0_sp7 s0_sp8" category="S[dcl=true]\NP" rule="fa"/>
    <span start="2" span="1" pos="VBD" chunk="I-VP" entity="O" id="s0_sp7" surf="&gt;" base="&gt;" terminal="t0_2" category="(S[dcl=true]\NP)/NP"/>
    <span id="s0_sp8" child="s0_sp9" category="NP" rule="lex"/>
    <span id="s0_sp9" child="s0_sp10 s0_sp11" category="N" rule="fa"/>
    <span start="3" span="1" pos="CD" chunk="I-NP" entity="I-TIM" id="s0_sp10" surf="3" base="3" terminal="t0_3" category="N/N"/>
    <span id="s0_sp11" child="s0_sp12 s0_sp13" category="N" rule="fa"/>
    <span start="4" span="1" pos="NN" chunk="I-NP" entity="I-TIM" id="s0_sp12" surf="&lt;" base="&lt;" terminal="t0_4" category="N/N"/>
    <span id="s0_sp13" child="s0_sp14 s0_sp15" category="N" rule="fa"/>
    <span start="5" span="1" pos="NN" chunk="I-NP" entity="I-TIM" id="s0_sp14" surf="=" base="=" terminal="t0_5" category="N/N"/>
    <span id="s0_sp15" child="s0_sp16 s0_sp17" category="N" rule="fa"/>
    <span start="6" span="1" pos="NN" chunk="I-NP" entity="I-TIM" id="s0_sp16" surf="arr.length" base="arr.length" terminal="t0_6" category="N/N"/>
    <span start="7" span="1" pos="NN" chunk="I-NP" entity="I-TIM" id="s0_sp17" surf="&lt;" base="&lt;" terminal="t0_7" category="N"/>
    <span id="s0_sp18" child="s0_sp19 s0_sp20" category="(S[X=true]\NP)\(S[X=true]\NP)" rule="fa"/>
    <span start="8" span="1" pos="IN" chunk="I-PP" entity="I-TIM" id="s0_sp19" surf="=" base="=" terminal="t0_8" category="((S\NP)\(S\NP))/NP"/>
    <span id="s0_sp20" child="s0_sp21 s0_sp29" category="NP" rule="ba"/>
    <span id="s0_sp21" child="s0_sp22" category="NP" rule="lex"/>
    <span id="s0_sp22" child="s0_sp23 s0_sp24" category="N" rule="fa"/>
    <span start="9" span="1" pos="CD" chunk="I-NP" entity="I-TIM" id="s0_sp23" surf="5" base="5" terminal="t0_9" category="N/N"/>
    <span id="s0_sp24" child="s0_sp25 s0_sp26" category="N" rule="fa"/>
    <span start="10" span="1" pos="CD" chunk="I-NP" entity="I-TIM" id="s0_sp25" surf="10" base="10" terminal="t0_10" category="N/N"/>
    <span id="s0_sp26" child="s0_sp27 s0_sp28" category="N" rule="fa"/>
    <span start="11" span="1" pos="NN" chunk="I-NP" entity="I-TIM" id="s0_sp27" surf="&lt;" base="&lt;" terminal="t0_11" category="N/N"/>
    <span start="12" span="1" pos="NN" chunk="I-NP" entity="I-TIM" id="s0_sp28" surf="sup" base="sup" terminal="t0_12" category="N"/>
    <span id="s0_sp29" child="s0_sp30" category="NP\NP" rule="lex"/>
    <span id="s0_sp30" child="s0_sp31 s0_sp32" category="S[dcl=true]\NP" rule="fa"/>
    <span start="13" span="1" pos="VBD" chunk="I-VP" entity="I-TIM" id="s0_sp31" surf="&gt;" base="&gt;" terminal="t0_13" category="(S[dcl=true]\NP)/NP"/>
    <span id="s0_sp32" child="s0_sp33 s0_sp37" category="NP" rule="ba"/>
    <span id="s0_sp33" child="s0_sp34" category="NP" rule="lex"/>
    <span id="s0_sp34" child="s0_sp35 s0_sp36" category="N" rule="fa"/>
    <span start="14" span="1" pos="CD" chunk="I-NP" entity="I-TIM" id="s0_sp35" surf="4" base="4" terminal="t0_14" category="N/N"/>
    <span start="15" span="1" pos="NNS" chunk="I-NP" entity="I-TIM" id="s0_sp36" surf="&lt;" base="&lt;" terminal="t0_15" category="N"/>
    <span id="s0_sp37" child="s0_sp38" category="NP\NP" rule="lex"/>
    <span id="s0_sp38" child="s0_sp39 s0_sp40" category="S[adj=true]\NP" rule="fa"/>
    <span start="16" span="1" pos="JJ" chunk="I-NP" entity="I-TIM" id="s0_sp39" surf="/sup" base="/sup" terminal="t0_16" category="(S[adj=true]\NP)/NP"/>
    <span id="s0_sp40" child="s0_sp41" category="NP" rule="lex"/>
    <span id="s0_sp41" child="s0_sp42 s0_sp43" category="N" rule="fa"/>
    <span start="17" span="1" pos="NNP" chunk="I-NP" entity="I-TIM" id="s0_sp42" surf="&gt;" base="&gt;" terminal="t0_17" category="N/N"/>
    <span id="s0_sp43" child="s0_sp44 s0_sp45" category="N" rule="fa"/>
    <span start="18" span="1" pos="NNP" chunk="I-NP" entity="I-TIM" id="s0_sp44" surf="&lt;" base="&lt;" terminal="t0_18" category="N/N"/>
    <span id="s0_sp45" child="s0_sp46 s0_sp47" category="N" rule="fa"/>
    <span start="19" span="1" pos="NNP" chunk="I-NP" entity="I-TIM" id="s0_sp46" surf="/code" base="/code" terminal="t0_19" category="N/N"/>
    <span start="20" span="1" pos="NNP" chunk="I-NP" entity="I-TIM" id="s0_sp47" surf="&gt;" base="&gt;" terminal="t0_20" category="N"/>
  </ccg>
</sentence>

