ERROR:root:Failed to parse \x.((_ = {NN})(x) & _5{CD}(x)). Error: The function '(_ = {NN})' is not a Lambda Expression, an Application Expression, or a functional predicate, so it may not take arguments.
\x.((_ = {NN})(x) & _5{CD}(x))
             ^
ERROR:root:An error occurred: The function '(_ = {NN})' is not a Lambda Expression, an Application Expression, or a functional predicate, so it may not take arguments.
\x.((_ = {NN})(x) & _5{CD}(x))
             ^
Sentence: Explanation : 3 + 3 = 6 = 5 - 2 + 2 + 5 + 1 - 9 + 4
Tree XML:
<sentence>
  <tokens>
    <token start="0" span="1" pos="NN" chunk="I-NP" entity="I-TIM" cat="N" id="t0_0" surf="Explanation" base="explanation"/>
    <token start="1" span="1" pos="IN" chunk="O" entity="I-TIM" cat="(NP\NP)/NP" id="t0_1" surf=":" base=":"/>
    <token start="2" span="1" pos="CD" chunk="I-NP" entity="I-TIM" cat="N/N" id="t0_2" surf="3" base="3"/>
    <token start="3" span="1" pos="NN" chunk="I-NP" entity="I-TIM" cat="N/N" id="t0_3" surf="+" base="+"/>
    <token start="4" span="1" pos="CD" chunk="B-NP" entity="I-TIM" cat="N/N" id="t0_4" surf="3" base="3"/>
    <token start="5" span="1" pos="CC" chunk="I-NP" entity="I-TIM" cat="((N/N)\(N/N))/(N/N)" id="t0_5" surf="=" base="="/>
    <token start="6" span="1" pos="CD" chunk="I-NP" entity="I-TIM" cat="N/N" id="t0_6" surf="6" base="6"/>
    <token start="7" span="1" pos="NN" chunk="I-NP" entity="I-TIM" cat="N" id="t0_7" surf="=" base="="/>
    <token start="8" span="1" pos="CD" chunk="I-NP" entity="I-TIM" cat="N\N" id="t0_8" surf="5" base="5"/>
    <token start="9" span="1" pos=":" chunk="I-NP" entity="I-TIM" cat=":" id="t0_9" surf="-" base="-"/>
    <token start="10" span="1" pos="CD" chunk="I-NP" entity="I-TIM" cat="((S[adj]\NP)/(S[adj]\NP))/((S[adj]\NP)/(S[adj]\NP))" id="t0_10" surf="2" base="2"/>
    <token start="11" span="1" pos="NN" chunk="I-NP" entity="I-TIM" cat="(S[adj]\NP)/(S[adj]\NP)" id="t0_11" surf="+" base="+"/>
    <token start="12" span="1" pos="CD" chunk="B-NP" entity="I-TIM" cat="S[adj]\NP" id="t0_12" surf="2" base="2"/>
    <token start="13" span="1" pos="CC" chunk="I-NP" entity="I-TIM" cat="conj" id="t0_13" surf="+" base="+"/>
    <token start="14" span="1" pos="CD" chunk="I-NP" entity="I-TIM" cat="N/N" id="t0_14" surf="5" base="5"/>
    <token start="15" span="1" pos="NN" chunk="I-NP" entity="I-TIM" cat="N" id="t0_15" surf="+" base="+"/>
    <token start="16" span="1" pos="CD" chunk="I-NP" entity="I-TIM" cat="N\N" id="t0_16" surf="1" base="1"/>
    <token start="17" span="1" pos=":" chunk="I-NP" entity="I-TIM" cat="(NP\NP)/NP" id="t0_17" surf="-" base="-"/>
    <token start="18" span="1" pos="CD" chunk="I-NP" entity="I-TIM" cat="N/N" id="t0_18" surf="9" base="9"/>
    <token start="19" span="1" pos="NN" chunk="I-NP" entity="I-TIM" cat="N" id="t0_19" surf="+" base="+"/>
    <token start="20" span="1" pos="CD" chunk="I-NP" entity="I-TIM" cat="N\N" id="t0_20" surf="4" base="4"/>
  </tokens>
  <ccg root="s0_sp0" id="s0_ccg0">
    <span root="true" id="s0_sp0" child="s0_sp1 s0_sp3" category="NP" rule="ba"/>
    <span id="s0_sp1" child="s0_sp2" category="NP" rule="lex"/>
    <span start="0" span="1" pos="NN" chunk="I-NP" entity="I-TIM" id="s0_sp2" surf="Explanation" base="explanation" terminal="t0_0" category="N"/>
    <span id="s0_sp3" child="s0_sp4 s0_sp5" category="NP\NP" rule="fa"/>
    <span start="1" span="1" pos="IN" chunk="O" entity="I-TIM" id="s0_sp4" surf=":" base=":" terminal="t0_1" category="(NP\NP)/NP"/>
    <span id="s0_sp5" child="s0_sp6 s0_sp29" category="NP" rule="ba"/>
    <span id="s0_sp6" child="s0_sp7 s0_sp21" category="NP" rule="ba"/>
    <span id="s0_sp7" child="s0_sp8" category="NP" rule="lex"/>
    <span id="s0_sp8" child="s0_sp9 s0_sp10" category="N" rule="fa"/>
    <span start="2" span="1" pos="CD" chunk="I-NP" entity="I-TIM" id="s0_sp9" surf="3" base="3" terminal="t0_2" category="N/N"/>
    <span id="s0_sp10" child="s0_sp11 s0_sp12" category="N" rule="fa"/>
    <span start="3" span="1" pos="NN" chunk="I-NP" entity="I-TIM" id="s0_sp11" surf="+" base="+" terminal="t0_3" category="N/N"/>
    <span id="s0_sp12" child="s0_sp13 s0_sp18" category="N" rule="fa"/>
    <span id="s0_sp13" child="s0_sp14 s0_sp15" category="N/N" rule="ba"/>
    <span start="4" span="1" pos="CD" chunk="B-NP" entity="I-TIM" id="s0_sp14" surf="3" base="3" terminal="t0_4" category="N/N"/>
    <span id="s0_sp15" child="s0_sp16 s0_sp17" category="(N/N)\(N/N)" rule="fa"/>
    <span start="5" span="1" pos="CC" chunk="I-NP" entity="I-TIM" id="s0_sp16" surf="=" base="=" terminal="t0_5" category="((N/N)\(N/N))/(N/N)"/>
    <span start="6" span="1" pos="CD" chunk="I-NP" entity="I-TIM" id="s0_sp17" surf="6" base="6" terminal="t0_6" category="N/N"/>
    <span id="s0_sp18" child="s0_sp19 s0_sp20" category="N" rule="ba"/>
    <span start="7" span="1" pos="NN" chunk="I-NP" entity="I-TIM" id="s0_sp19" surf="=" base="=" terminal="t0_7" category="N"/>
    <span start="8" span="1" pos="CD" chunk="I-NP" entity="I-TIM" id="s0_sp20" surf="5" base="5" terminal="t0_8" category="N\N"/>
    <span id="s0_sp21" child="s0_sp22 s0_sp23" category="NP\NP" rule="lp"/>
    <span start="9" span="1" pos=":" chunk="I-NP" entity="I-TIM" id="s0_sp22" surf="-" base="-" terminal="t0_9" category=":"/>
    <span id="s0_sp23" child="s0_sp24" category="NP\NP" rule="lex"/>
    <span id="s0_sp24" child="s0_sp25 s0_sp28" category="S[adj=true]\NP" rule="fa"/>
    <span id="s0_sp25" child="s0_sp26 s0_sp27" category="(S[adj=true]\NP)/(S[adj=true]\NP)" rule="fa"/>
    <span start="10" span="1" pos="CD" chunk="I-NP" entity="I-TIM" id="s0_sp26" surf="2" base="2" terminal="t0_10" category="((S[adj=true]\NP)/(S[adj=true]\NP))/((S[adj=true]\NP)/(S[adj=true]\NP))"/>
    <span start="11" span="1" pos="NN" chunk="I-NP" entity="I-TIM" id="s0_sp27" surf="+" base="+" terminal="t0_11" category="(S[adj=true]\NP)/(S[adj=true]\NP)"/>
    <span start="12" span="1" pos="CD" chunk="B-NP" entity="I-TIM" id="s0_sp28" surf="2" base="2" terminal="t0_12" category="S[adj=true]\NP"/>
    <span id="s0_sp29" child="s0_sp30 s0_sp31" category="NP\NP" rule="conj"/>
    <span start="13" span="1" pos="CC" chunk="I-NP" entity="I-TIM" id="s0_sp30" surf="+" base="+" terminal="t0_13" category="conj"/>
    <span id="s0_sp31" child="s0_sp32 s0_sp38" category="NP" rule="ba"/>
    <span id="s0_sp32" child="s0_sp33" category="NP" rule="lex"/>
    <span id="s0_sp33" child="s0_sp34 s0_sp35" category="N" rule="fa"/>
    <span start="14" span="1" pos="CD" chunk="I-NP" entity="I-TIM" id="s0_sp34" surf="5" base="5" terminal="t0_14" category="N/N"/>
    <span id="s0_sp35" child="s0_sp36 s0_sp37" category="N" rule="ba"/>
    <span start="15" span="1" pos="NN" chunk="I-NP" entity="I-TIM" id="s0_sp36" surf="+" base="+" terminal="t0_15" category="N"/>
    <span start="16" span="1" pos="CD" chunk="I-NP" entity="I-TIM" id="s0_sp37" surf="1" base="1" terminal="t0_16" category="N\N"/>
    <span id="s0_sp38" child="s0_sp39 s0_sp40" category="NP\NP" rule="fa"/>
    <span start="17" span="1" pos=":" chunk="I-NP" entity="I-TIM" id="s0_sp39" surf="-" base="-" terminal="t0_17" category="(NP\NP)/NP"/>
    <span id="s0_sp40" child="s0_sp41" category="NP" rule="lex"/>
    <span id="s0_sp41" child="s0_sp42 s0_sp43" category="N" rule="fa"/>
    <span start="18" span="1" pos="CD" chunk="I-NP" entity="I-TIM" id="s0_sp42" surf="9" base="9" terminal="t0_18" category="N/N"/>
    <span id="s0_sp43" child="s0_sp44 s0_sp45" category="N" rule="ba"/>
    <span start="19" span="1" pos="NN" chunk="I-NP" entity="I-TIM" id="s0_sp44" surf="+" base="+" terminal="t0_19" category="N"/>
    <span start="20" span="1" pos="CD" chunk="I-NP" entity="I-TIM" id="s0_sp45" surf="4" base="4" terminal="t0_20" category="N\N"/>
  </ccg>
</sentence>

