[04/24 17:42:26] [INFO   ] org.mutationtesting.major.plugin.MajorPluginTaskListener.<init>:
    Created MajorPluginTaskListener with options: [mml:../../major/mml/all.mml.bin]
[04/24 17:42:26] [INFO   ] org.mutationtesting.major.mutation.Mutator.initOperatorSymbols:
    Initializing operator symbols for opcode mapping
[04/24 17:42:26] [INFO   ] org.mutationtesting.major.mutation.Mutator.mutateTree:
    Mutating tree: Env[AttrContext[Scope[super, this]],outer=Env[AttrContext[Scope[g0101_0200.s0121_best_time_to_buy_and_sell_stock.Solution]]]]
[04/24 17:42:26] [INFO   ] org.mutationtesting.major.mutation.Mutator.visitClassDef:
    CLASS: g0101_0200.s0121_best_time_to_buy_and_sell_stock.Solution
[04/24 17:42:26] [INFO   ] org.mutationtesting.major.mutation.Mutator.visitMethodDef:
    METHOD: <init>([])null
[04/24 17:42:26] [INFO   ] org.mutationtesting.major.mutation.Mutator.visitMethodDef:
    METHOD: maxProfit([int[] prices])int
[04/24 17:42:26] [INFO   ] org.mutationtesting.major.mutation.Mutator.nextMutant:
    Creating mutant 1
[04/24 17:42:26] [INFO   ] org.mutationtesting.major.mutation.Mutator.logMutant:
    Logging mutant 1: Solution.maxProfit(line 14, col 27)
            mutation operator group:   ROR
            mutation operator:         <(int,int) |==> !=(int,int)
            original:                  i < prices.length 
            mutant:                    i != prices.length
[04/24 17:42:26] [INFO   ] org.mutationtesting.major.mutation.Mutator.nextMutant:
    Creating mutant 2
[04/24 17:42:26] [INFO   ] org.mutationtesting.major.mutation.Mutator.logMutant:
    Logging mutant 2: Solution.maxProfit(line 14, col 27)
            mutation operator group:   ROR
            mutation operator:         <(int,int) |==> <=(int,int)
            original:                  i < prices.length 
            mutant:                    i <= prices.length
[04/24 17:42:26] [INFO   ] org.mutationtesting.major.mutation.Mutator.nextMutant:
    Creating mutant 3
[04/24 17:42:26] [INFO   ] org.mutationtesting.major.mutation.Mutator.logMutant:
    Logging mutant 3: Solution.maxProfit(line 14, col 27)
            mutation operator group:   ROR
            mutation operator:         <(int,int) |==> FALSE(int,int)
            original:                  i < prices.length 
            mutant:                    false
[04/24 17:42:26] [INFO   ] org.mutationtesting.major.mutation.Mutator.nextMutant:
    Creating mutant 4
[04/24 17:42:26] [INFO   ] org.mutationtesting.major.mutation.Mutator.logMutant:
    Logging mutant 4: Solution.maxProfit(line 15, col 27)
            mutation operator group:   ROR
            mutation operator:         >(int,int) |==> !=(int,int)
            original:                  prices[i] > min 
            mutant:                    prices[i] != min
[04/24 17:42:26] [INFO   ] org.mutationtesting.major.mutation.Mutator.nextMutant:
    Creating mutant 5
[04/24 17:42:26] [INFO   ] org.mutationtesting.major.mutation.Mutator.logMutant:
    Logging mutant 5: Solution.maxProfit(line 15, col 27)
            mutation operator group:   ROR
            mutation operator:         >(int,int) |==> >=(int,int)
            original:                  prices[i] > min 
            mutant:                    prices[i] >= min
[04/24 17:42:26] [INFO   ] org.mutationtesting.major.mutation.Mutator.nextMutant:
    Creating mutant 6
[04/24 17:42:26] [INFO   ] org.mutationtesting.major.mutation.Mutator.logMutant:
    Logging mutant 6: Solution.maxProfit(line 15, col 27)
            mutation operator group:   ROR
            mutation operator:         >(int,int) |==> FALSE(int,int)
            original:                  prices[i] > min 
            mutant:                    false
[04/24 17:42:26] [INFO   ] org.mutationtesting.major.mutation.Mutator.nextMutant:
    Creating mutant 7
[04/24 17:42:26] [INFO   ] org.mutationtesting.major.mutation.Mutator.logMutant:
    Logging mutant 7: Solution.maxProfit(line 16, col 59)
            mutation operator group:   AOR
            mutation operator:         -(int,int) |==> %(int,int)
            original:                  prices[i] - min 
            mutant:                    prices[i] % min
[04/24 17:42:26] [INFO   ] org.mutationtesting.major.mutation.Mutator.nextMutant:
    Creating mutant 8
[04/24 17:42:26] [INFO   ] org.mutationtesting.major.mutation.Mutator.logMutant:
    Logging mutant 8: Solution.maxProfit(line 16, col 59)
            mutation operator group:   AOR
            mutation operator:         -(int,int) |==> *(int,int)
            original:                  prices[i] - min 
            mutant:                    prices[i] * min
[04/24 17:42:26] [INFO   ] org.mutationtesting.major.mutation.Mutator.nextMutant:
    Creating mutant 9
[04/24 17:42:26] [INFO   ] org.mutationtesting.major.mutation.Mutator.logMutant:
    Logging mutant 9: Solution.maxProfit(line 16, col 59)
            mutation operator group:   AOR
            mutation operator:         -(int,int) |==> +(int,int)
            original:                  prices[i] - min 
            mutant:                    prices[i] + min
[04/24 17:42:26] [INFO   ] org.mutationtesting.major.mutation.Mutator.nextMutant:
    Creating mutant 10
[04/24 17:42:26] [INFO   ] org.mutationtesting.major.mutation.Mutator.logMutant:
    Logging mutant 10: Solution.maxProfit(line 16, col 59)
            mutation operator group:   AOR
            mutation operator:         -(int,int) |==> /(int,int)
            original:                  prices[i] - min 
            mutant:                    prices[i] / min
[04/24 17:42:26] [INFO   ] org.mutationtesting.major.mutation.Mutator.nextMutant:
    Creating mutant 11
[04/24 17:42:26] [INFO   ] org.mutationtesting.major.mutation.Mutator.logMutantSTD:
    Logging mutantSTD 11: (STD) maxProfit = Math.max(maxProfit, prices[i] - min); -> <NO-OP>
[04/24 17:42:26] [INFO   ] org.mutationtesting.major.mutation.Mutator.nextMutant:
    Creating mutant 12
[04/24 17:42:26] [INFO   ] org.mutationtesting.major.mutation.Mutator.logMutantSTD:
    Logging mutantSTD 12: (STD) min = prices[i]; -> <NO-OP>
[04/24 17:42:26] [INFO   ] org.mutationtesting.major.plugin.MajorPluginTaskListener.mutate:
    Generated 12 mutants (40 ms)
