[06/24 16:50:30] [INFO   ] org.mutationtesting.major.plugin.MajorPluginTaskListener.<init>:
    Created MajorPluginTaskListener with options: [mml:../../major/mml/all.mml.bin]
[06/24 16:50:30] [INFO   ] org.mutationtesting.major.mutation.Mutator.initOperatorSymbols:
    Initializing operator symbols for opcode mapping
[06/24 16:50:30] [INFO   ] org.mutationtesting.major.mutation.Mutator.mutateTree:
    Mutating tree: Env[AttrContext[Scope[super, this]],outer=Env[AttrContext[Scope[java.util.Collections, java.util.Arrays, java.util.HashSet, g0801_0900.s0888_fair_candy_swap.Solution]]]]
[06/24 16:50:30] [INFO   ] org.mutationtesting.major.mutation.Mutator.visitClassDef:
    CLASS: g0801_0900.s0888_fair_candy_swap.Solution
[06/24 16:50:30] [INFO   ] org.mutationtesting.major.mutation.Mutator.visitMethodDef:
    METHOD: <init>([])null
[06/24 16:50:30] [INFO   ] org.mutationtesting.major.mutation.Mutator.visitMethodDef:
    METHOD: fairCandySwap([int[] aliceSizes, int[] bobSizes])int[]
[06/24 16:50:30] [INFO   ] org.mutationtesting.major.mutation.Mutator.nextMutant:
    Creating mutant 1
[06/24 16:50:30] [INFO   ] org.mutationtesting.major.mutation.Mutator.logMutantSTD:
    Logging mutantSTD 1: (STD) aSum += bar; -> <NO-OP>
[06/24 16:50:30] [INFO   ] org.mutationtesting.major.mutation.Mutator.nextMutant:
    Creating mutant 2
[06/24 16:50:30] [INFO   ] org.mutationtesting.major.mutation.Mutator.logMutantSTD:
    Logging mutantSTD 2: (STD) bSum += bar; -> <NO-OP>
[06/24 16:50:30] [INFO   ] org.mutationtesting.major.mutation.Mutator.nextMutant:
    Creating mutant 3
[06/24 16:50:30] [INFO   ] org.mutationtesting.major.mutation.Mutator.logMutant:
    Logging mutant 3: Solution.fairCandySwap(line 29, col 21)
            mutation operator group:   AOR
            mutation operator:         -(int,int) |==> %(int,int)
            original:                  aSum - bSum 
            mutant:                    aSum % bSum
[06/24 16:50:30] [INFO   ] org.mutationtesting.major.mutation.Mutator.nextMutant:
    Creating mutant 4
[06/24 16:50:30] [INFO   ] org.mutationtesting.major.mutation.Mutator.logMutant:
    Logging mutant 4: Solution.fairCandySwap(line 29, col 21)
            mutation operator group:   AOR
            mutation operator:         -(int,int) |==> *(int,int)
            original:                  aSum - bSum 
            mutant:                    aSum * bSum
[06/24 16:50:30] [INFO   ] org.mutationtesting.major.mutation.Mutator.nextMutant:
    Creating mutant 5
[06/24 16:50:30] [INFO   ] org.mutationtesting.major.mutation.Mutator.logMutant:
    Logging mutant 5: Solution.fairCandySwap(line 29, col 21)
            mutation operator group:   AOR
            mutation operator:         -(int,int) |==> +(int,int)
            original:                  aSum - bSum 
            mutant:                    aSum + bSum
[06/24 16:50:30] [INFO   ] org.mutationtesting.major.mutation.Mutator.nextMutant:
    Creating mutant 6
[06/24 16:50:30] [INFO   ] org.mutationtesting.major.mutation.Mutator.logMutant:
    Logging mutant 6: Solution.fairCandySwap(line 29, col 21)
            mutation operator group:   AOR
            mutation operator:         -(int,int) |==> /(int,int)
            original:                  aSum - bSum 
            mutant:                    aSum / bSum
[06/24 16:50:30] [INFO   ] org.mutationtesting.major.mutation.Mutator.nextMutant:
    Creating mutant 7
[06/24 16:50:30] [INFO   ] org.mutationtesting.major.mutation.Mutator.logMutantSTD:
    Logging mutantSTD 7: (STD) set.add(bar); -> <NO-OP>
[06/24 16:50:30] [INFO   ] org.mutationtesting.major.mutation.Mutator.nextMutant:
    Creating mutant 8
[06/24 16:50:30] [INFO   ] org.mutationtesting.major.mutation.Mutator.logMutant:
    Logging mutant 8: Solution.fairCandySwap(line 35, col 41)
            mutation operator group:   AOR
            mutation operator:         /(int,int) |==> %(int,int)
            original:                  diff / 2 
            mutant:                    diff % 2
[06/24 16:50:30] [INFO   ] org.mutationtesting.major.mutation.Mutator.nextMutant:
    Creating mutant 9
[06/24 16:50:30] [INFO   ] org.mutationtesting.major.mutation.Mutator.logMutant:
    Logging mutant 9: Solution.fairCandySwap(line 35, col 41)
            mutation operator group:   AOR
            mutation operator:         /(int,int) |==> *(int,int)
            original:                  diff / 2 
            mutant:                    diff * 2
[06/24 16:50:30] [INFO   ] org.mutationtesting.major.mutation.Mutator.nextMutant:
    Creating mutant 10
[06/24 16:50:30] [INFO   ] org.mutationtesting.major.mutation.Mutator.logMutant:
    Logging mutant 10: Solution.fairCandySwap(line 35, col 41)
            mutation operator group:   AOR
            mutation operator:         /(int,int) |==> +(int,int)
            original:                  diff / 2 
            mutant:                    diff + 2
[06/24 16:50:30] [INFO   ] org.mutationtesting.major.mutation.Mutator.nextMutant:
    Creating mutant 11
[06/24 16:50:30] [INFO   ] org.mutationtesting.major.mutation.Mutator.logMutant:
    Logging mutant 11: Solution.fairCandySwap(line 35, col 41)
            mutation operator group:   AOR
            mutation operator:         /(int,int) |==> -(int,int)
            original:                  diff / 2 
            mutant:                    diff - 2
[06/24 16:50:30] [INFO   ] org.mutationtesting.major.mutation.Mutator.nextMutant:
    Creating mutant 12
[06/24 16:50:30] [INFO   ] org.mutationtesting.major.mutation.Mutator.logMutant:
    Logging mutant 12: Solution.fairCandySwap(line 35, col 34)
            mutation operator group:   AOR
            mutation operator:         +(int,int) |==> %(int,int)
            original:                  bar + diff / 2 
            mutant:                    bar % (diff / 2)
[06/24 16:50:30] [INFO   ] org.mutationtesting.major.mutation.Mutator.nextMutant:
    Creating mutant 13
[06/24 16:50:30] [INFO   ] org.mutationtesting.major.mutation.Mutator.logMutant:
    Logging mutant 13: Solution.fairCandySwap(line 35, col 34)
            mutation operator group:   AOR
            mutation operator:         +(int,int) |==> *(int,int)
            original:                  bar + diff / 2 
            mutant:                    bar * (diff / 2)
[06/24 16:50:30] [INFO   ] org.mutationtesting.major.mutation.Mutator.nextMutant:
    Creating mutant 14
[06/24 16:50:30] [INFO   ] org.mutationtesting.major.mutation.Mutator.logMutant:
    Logging mutant 14: Solution.fairCandySwap(line 35, col 34)
            mutation operator group:   AOR
            mutation operator:         +(int,int) |==> -(int,int)
            original:                  bar + diff / 2 
            mutant:                    bar - diff / 2
[06/24 16:50:30] [INFO   ] org.mutationtesting.major.mutation.Mutator.nextMutant:
    Creating mutant 15
[06/24 16:50:30] [INFO   ] org.mutationtesting.major.mutation.Mutator.logMutant:
    Logging mutant 15: Solution.fairCandySwap(line 35, col 34)
            mutation operator group:   AOR
            mutation operator:         +(int,int) |==> /(int,int)
            original:                  bar + diff / 2 
            mutant:                    bar / (diff / 2)
[06/24 16:50:30] [INFO   ] org.mutationtesting.major.mutation.Mutator.nextMutant:
    Creating mutant 16
[06/24 16:50:30] [INFO   ] org.mutationtesting.major.mutation.Mutator.nextMutant:
    Creating mutant 17
[06/24 16:50:30] [INFO   ] org.mutationtesting.major.mutation.Mutator.logMutant:
    Logging mutant 16: Solution.fairCandySwap(line 35, col 29)
            mutation operator group:   COR
            mutation operator:         <METHOD_INVOCATION(boolean)> |==> TRUE
            original:                  set.contains(bar + diff / 2) 
            mutant:                    false
[06/24 16:50:30] [INFO   ] org.mutationtesting.major.mutation.Mutator.logMutant:
    Logging mutant 17: Solution.fairCandySwap(line 35, col 29)
            mutation operator group:   COR
            mutation operator:         <METHOD_INVOCATION(boolean)> |==> FALSE
            original:                  set.contains(bar + diff / 2) 
            mutant:                    true
[06/24 16:50:30] [INFO   ] org.mutationtesting.major.mutation.Mutator.nextMutant:
    Creating mutant 18
[06/24 16:50:30] [INFO   ] org.mutationtesting.major.mutation.Mutator.logMutant:
    Logging mutant 18: Solution.fairCandySwap(line 36, col 37)
            mutation operator group:   AOR
            mutation operator:         /(int,int) |==> %(int,int)
            original:                  diff / 2 
            mutant:                    diff % 2
[06/24 16:50:30] [INFO   ] org.mutationtesting.major.mutation.Mutator.nextMutant:
    Creating mutant 19
[06/24 16:50:30] [INFO   ] org.mutationtesting.major.mutation.Mutator.logMutant:
    Logging mutant 19: Solution.fairCandySwap(line 36, col 37)
            mutation operator group:   AOR
            mutation operator:         /(int,int) |==> *(int,int)
            original:                  diff / 2 
            mutant:                    diff * 2
[06/24 16:50:30] [INFO   ] org.mutationtesting.major.mutation.Mutator.nextMutant:
    Creating mutant 20
[06/24 16:50:30] [INFO   ] org.mutationtesting.major.mutation.Mutator.logMutant:
    Logging mutant 20: Solution.fairCandySwap(line 36, col 37)
            mutation operator group:   AOR
            mutation operator:         /(int,int) |==> +(int,int)
            original:                  diff / 2 
            mutant:                    diff + 2
[06/24 16:50:30] [INFO   ] org.mutationtesting.major.mutation.Mutator.nextMutant:
    Creating mutant 21
[06/24 16:50:30] [INFO   ] org.mutationtesting.major.mutation.Mutator.logMutant:
    Logging mutant 21: Solution.fairCandySwap(line 36, col 37)
            mutation operator group:   AOR
            mutation operator:         /(int,int) |==> -(int,int)
            original:                  diff / 2 
            mutant:                    diff - 2
[06/24 16:50:30] [INFO   ] org.mutationtesting.major.mutation.Mutator.nextMutant:
    Creating mutant 22
[06/24 16:50:30] [INFO   ] org.mutationtesting.major.mutation.Mutator.logMutant:
    Logging mutant 22: Solution.fairCandySwap(line 36, col 30)
            mutation operator group:   AOR
            mutation operator:         +(int,int) |==> %(int,int)
            original:                  bar + diff / 2 
            mutant:                    bar % (diff / 2)
[06/24 16:50:30] [INFO   ] org.mutationtesting.major.mutation.Mutator.nextMutant:
    Creating mutant 23
[06/24 16:50:30] [INFO   ] org.mutationtesting.major.mutation.Mutator.logMutant:
    Logging mutant 23: Solution.fairCandySwap(line 36, col 30)
            mutation operator group:   AOR
            mutation operator:         +(int,int) |==> *(int,int)
            original:                  bar + diff / 2 
            mutant:                    bar * (diff / 2)
[06/24 16:50:30] [INFO   ] org.mutationtesting.major.mutation.Mutator.nextMutant:
    Creating mutant 24
[06/24 16:50:30] [INFO   ] org.mutationtesting.major.mutation.Mutator.logMutant:
    Logging mutant 24: Solution.fairCandySwap(line 36, col 30)
            mutation operator group:   AOR
            mutation operator:         +(int,int) |==> -(int,int)
            original:                  bar + diff / 2 
            mutant:                    bar - diff / 2
[06/24 16:50:30] [INFO   ] org.mutationtesting.major.mutation.Mutator.nextMutant:
    Creating mutant 25
[06/24 16:50:30] [INFO   ] org.mutationtesting.major.mutation.Mutator.logMutant:
    Logging mutant 25: Solution.fairCandySwap(line 36, col 30)
            mutation operator group:   AOR
            mutation operator:         +(int,int) |==> /(int,int)
            original:                  bar + diff / 2 
            mutant:                    bar / (diff / 2)
[06/24 16:50:30] [INFO   ] org.mutationtesting.major.mutation.Mutator.nextMutant:
    Creating mutant 26
[06/24 16:50:30] [INFO   ] org.mutationtesting.major.mutation.Mutator.logMutantSTD:
    Logging mutantSTD 26: (STD) ans[0] = bar + diff / 2; -> <NO-OP>
[06/24 16:50:30] [INFO   ] org.mutationtesting.major.mutation.Mutator.nextMutant:
    Creating mutant 27
[06/24 16:50:30] [INFO   ] org.mutationtesting.major.mutation.Mutator.logMutantSTD:
    Logging mutantSTD 27: (STD) ans[1] = bar; -> <NO-OP>
[06/24 16:50:30] [INFO   ] org.mutationtesting.major.mutation.Mutator.nextMutant:
    Creating mutant 28
[06/24 16:50:30] [INFO   ] org.mutationtesting.major.mutation.Mutator.logMutantSTD:
    Logging mutantSTD 28: (STD) break; -> <NO-OP>
[06/24 16:50:30] [INFO   ] org.mutationtesting.major.plugin.MajorPluginTaskListener.mutate:
    Generated 28 mutants (127 ms)
