[04/24 17:41:22] [INFO   ] org.mutationtesting.major.plugin.MajorPluginTaskListener.<init>:
    Created MajorPluginTaskListener with options: [mml:../../major/mml/all.mml.bin]
[04/24 17:41:22] [INFO   ] org.mutationtesting.major.mutation.Mutator.initOperatorSymbols:
    Initializing operator symbols for opcode mapping
[04/24 17:41:22] [INFO   ] org.mutationtesting.major.mutation.Mutator.mutateTree:
    Mutating tree: Env[AttrContext[Scope[super, this]],outer=Env[AttrContext[Scope[java.util.List, java.util.ArrayList, g0001_0100.s0093_restore_ip_addresses.Solution]]]]
[04/24 17:41:22] [INFO   ] org.mutationtesting.major.mutation.Mutator.visitClassDef:
    CLASS: g0001_0100.s0093_restore_ip_addresses.Solution
[04/24 17:41:22] [INFO   ] org.mutationtesting.major.mutation.Mutator.visitMethodDef:
    METHOD: <init>([])null
[04/24 17:41:22] [INFO   ] org.mutationtesting.major.mutation.Mutator.visitMethodDef:
    METHOD: restoreIpAddresses([String s])List<String>
[04/24 17:41:22] [INFO   ] org.mutationtesting.major.mutation.Mutator.nextMutant:
    Creating mutant 1
[04/24 17:41:22] [INFO   ] org.mutationtesting.major.mutation.Mutator.logMutantSTD:
    Logging mutantSTD 1: (STD) step(s, 0, new int[4], 0, results); -> <NO-OP>
[04/24 17:41:22] [INFO   ] org.mutationtesting.major.mutation.Mutator.visitMethodDef:
    METHOD: step([String s, int pos, int[] octets, int count, List<String> results])void
[04/24 17:41:22] [INFO   ] org.mutationtesting.major.mutation.Mutator.nextMutant:
    Creating mutant 2
[04/24 17:41:22] [INFO   ] org.mutationtesting.major.mutation.Mutator.logMutant:
    Logging mutant 2: Solution.step(line 22, col 19)
            mutation operator group:   ROR
            mutation operator:         ==(int,int) |==> <=(int,int)
            original:                  count == 4 
            mutant:                    count <= 4
[04/24 17:41:22] [INFO   ] org.mutationtesting.major.mutation.Mutator.nextMutant:
    Creating mutant 3
[04/24 17:41:22] [INFO   ] org.mutationtesting.major.mutation.Mutator.logMutant:
    Logging mutant 3: Solution.step(line 22, col 19)
            mutation operator group:   ROR
            mutation operator:         ==(int,int) |==> >=(int,int)
            original:                  count == 4 
            mutant:                    count >= 4
[04/24 17:41:22] [INFO   ] org.mutationtesting.major.mutation.Mutator.nextMutant:
    Creating mutant 4
[04/24 17:41:22] [INFO   ] org.mutationtesting.major.mutation.Mutator.logMutant:
    Logging mutant 4: Solution.step(line 22, col 19)
            mutation operator group:   ROR
            mutation operator:         ==(int,int) |==> FALSE(int,int)
            original:                  count == 4 
            mutant:                    false
[04/24 17:41:22] [INFO   ] org.mutationtesting.major.mutation.Mutator.nextMutant:
    Creating mutant 5
[04/24 17:41:22] [INFO   ] org.mutationtesting.major.mutation.Mutator.logMutant:
    Logging mutant 5: Solution.step(line 22, col 31)
            mutation operator group:   ROR
            mutation operator:         ==(int,int) |==> <=(int,int)
            original:                  pos == s.length() 
            mutant:                    pos <= s.length()
[04/24 17:41:22] [INFO   ] org.mutationtesting.major.mutation.Mutator.nextMutant:
    Creating mutant 6
[04/24 17:41:22] [INFO   ] org.mutationtesting.major.mutation.Mutator.logMutant:
    Logging mutant 6: Solution.step(line 22, col 31)
            mutation operator group:   ROR
            mutation operator:         ==(int,int) |==> >=(int,int)
            original:                  pos == s.length() 
            mutant:                    pos >= s.length()
[04/24 17:41:22] [INFO   ] org.mutationtesting.major.mutation.Mutator.nextMutant:
    Creating mutant 7
[04/24 17:41:22] [INFO   ] org.mutationtesting.major.mutation.Mutator.logMutant:
    Logging mutant 7: Solution.step(line 22, col 31)
            mutation operator group:   ROR
            mutation operator:         ==(int,int) |==> FALSE(int,int)
            original:                  pos == s.length() 
            mutant:                    false
[04/24 17:41:22] [INFO   ] org.mutationtesting.major.mutation.Mutator.nextMutant:
    Creating mutant 8
[04/24 17:41:22] [INFO   ] org.mutationtesting.major.mutation.Mutator.logMutant:
    Logging mutant 8: Solution.step(line 22, col 24)
            mutation operator group:   COR
            mutation operator:         &&(boolean,boolean) |==> ==(boolean,boolean)
            original:                  count == 4 && pos == s.length() 
            mutant:                    count == 4 == (pos == s.length())
[04/24 17:41:22] [INFO   ] org.mutationtesting.major.mutation.Mutator.nextMutant:
    Creating mutant 9
[04/24 17:41:22] [INFO   ] org.mutationtesting.major.mutation.Mutator.logMutant:
    Logging mutant 9: Solution.step(line 22, col 24)
            mutation operator group:   COR
            mutation operator:         &&(boolean,boolean) |==> FALSE(boolean,boolean)
            original:                  count == 4 && pos == s.length() 
            mutant:                    false
[04/24 17:41:22] [INFO   ] org.mutationtesting.major.mutation.Mutator.nextMutant:
    Creating mutant 10
[04/24 17:41:22] [INFO   ] org.mutationtesting.major.mutation.Mutator.logMutant:
    Logging mutant 10: Solution.step(line 22, col 19)
            mutation operator group:   COR
            mutation operator:         &&(boolean,boolean) |==> LHS(boolean,boolean)
            original:                  count == 4 && pos == s.length() 
            mutant:                    count == 4
[04/24 17:41:22] [INFO   ] org.mutationtesting.major.mutation.Mutator.nextMutant:
    Creating mutant 11
[04/24 17:41:22] [INFO   ] org.mutationtesting.major.mutation.Mutator.logMutant:
    Logging mutant 11: Solution.step(line 22, col 31)
            mutation operator group:   COR
            mutation operator:         &&(boolean,boolean) |==> RHS(boolean,boolean)
            original:                  count == 4 && pos == s.length() 
            mutant:                    pos == s.length()
[04/24 17:41:22] [INFO   ] org.mutationtesting.major.mutation.Mutator.nextMutant:
    Creating mutant 12
[04/24 17:41:22] [INFO   ] org.mutationtesting.major.mutation.Mutator.logMutantSTD:
    Logging mutantSTD 12: (STD) results.add(String.valueOf(octets[0]) + '.' + octets[1] + '.' + octets[2] + '.' + octets[3]); -> <NO-OP>
[04/24 17:41:22] [INFO   ] org.mutationtesting.major.mutation.Mutator.nextMutant:
    Creating mutant 13
[04/24 17:41:22] [INFO   ] org.mutationtesting.major.mutation.Mutator.logMutant:
    Logging mutant 13: Solution.step(line 31, col 26)
            mutation operator group:   ROR
            mutation operator:         <(int,int) |==> !=(int,int)
            original:                  count < 4 
            mutant:                    count != 4
[04/24 17:41:22] [INFO   ] org.mutationtesting.major.mutation.Mutator.nextMutant:
    Creating mutant 14
[04/24 17:41:22] [INFO   ] org.mutationtesting.major.mutation.Mutator.logMutant:
    Logging mutant 14: Solution.step(line 31, col 26)
            mutation operator group:   ROR
            mutation operator:         <(int,int) |==> <=(int,int)
            original:                  count < 4 
            mutant:                    count <= 4
[04/24 17:41:22] [INFO   ] org.mutationtesting.major.mutation.Mutator.nextMutant:
    Creating mutant 15
[04/24 17:41:22] [INFO   ] org.mutationtesting.major.mutation.Mutator.logMutant:
    Logging mutant 15: Solution.step(line 31, col 26)
            mutation operator group:   ROR
            mutation operator:         <(int,int) |==> FALSE(int,int)
            original:                  count < 4 
            mutant:                    false
[04/24 17:41:22] [INFO   ] org.mutationtesting.major.mutation.Mutator.nextMutant:
    Creating mutant 16
[04/24 17:41:22] [INFO   ] org.mutationtesting.major.mutation.Mutator.logMutant:
    Logging mutant 16: Solution.step(line 31, col 37)
            mutation operator group:   ROR
            mutation operator:         <(int,int) |==> !=(int,int)
            original:                  pos < 12 
            mutant:                    pos != 12
[04/24 17:41:22] [INFO   ] org.mutationtesting.major.mutation.Mutator.nextMutant:
    Creating mutant 17
[04/24 17:41:22] [INFO   ] org.mutationtesting.major.mutation.Mutator.logMutant:
    Logging mutant 17: Solution.step(line 31, col 37)
            mutation operator group:   ROR
            mutation operator:         <(int,int) |==> <=(int,int)
            original:                  pos < 12 
            mutant:                    pos <= 12
[04/24 17:41:22] [INFO   ] org.mutationtesting.major.mutation.Mutator.nextMutant:
    Creating mutant 18
[04/24 17:41:22] [INFO   ] org.mutationtesting.major.mutation.Mutator.logMutant:
    Logging mutant 18: Solution.step(line 31, col 37)
            mutation operator group:   ROR
            mutation operator:         <(int,int) |==> FALSE(int,int)
            original:                  pos < 12 
            mutant:                    false
[04/24 17:41:22] [INFO   ] org.mutationtesting.major.mutation.Mutator.nextMutant:
    Creating mutant 19
[04/24 17:41:22] [INFO   ] org.mutationtesting.major.mutation.Mutator.logMutant:
    Logging mutant 19: Solution.step(line 31, col 30)
            mutation operator group:   COR
            mutation operator:         &&(boolean,boolean) |==> ==(boolean,boolean)
            original:                  count < 4 && pos < 12 
            mutant:                    count < 4 == pos < 12
[04/24 17:41:22] [INFO   ] org.mutationtesting.major.mutation.Mutator.nextMutant:
    Creating mutant 20
[04/24 17:41:22] [INFO   ] org.mutationtesting.major.mutation.Mutator.logMutant:
    Logging mutant 20: Solution.step(line 31, col 30)
            mutation operator group:   COR
            mutation operator:         &&(boolean,boolean) |==> FALSE(boolean,boolean)
            original:                  count < 4 && pos < 12 
            mutant:                    false
[04/24 17:41:22] [INFO   ] org.mutationtesting.major.mutation.Mutator.nextMutant:
    Creating mutant 21
[04/24 17:41:22] [INFO   ] org.mutationtesting.major.mutation.Mutator.logMutant:
    Logging mutant 21: Solution.step(line 31, col 26)
            mutation operator group:   COR
            mutation operator:         &&(boolean,boolean) |==> LHS(boolean,boolean)
            original:                  count < 4 && pos < 12 
            mutant:                    count < 4
[04/24 17:41:22] [INFO   ] org.mutationtesting.major.mutation.Mutator.nextMutant:
    Creating mutant 22
[04/24 17:41:22] [INFO   ] org.mutationtesting.major.mutation.Mutator.logMutant:
    Logging mutant 22: Solution.step(line 31, col 37)
            mutation operator group:   COR
            mutation operator:         &&(boolean,boolean) |==> RHS(boolean,boolean)
            original:                  count < 4 && pos < 12 
            mutant:                    pos < 12
[04/24 17:41:22] [INFO   ] org.mutationtesting.major.mutation.Mutator.nextMutant:
    Creating mutant 23
[04/24 17:41:22] [INFO   ] org.mutationtesting.major.mutation.Mutator.logMutant:
    Logging mutant 23: Solution.step(line 33, col 31)
            mutation operator group:   ROR
            mutation operator:         <(int,int) |==> !=(int,int)
            original:                  i < 3 
            mutant:                    i != 3
[04/24 17:41:22] [INFO   ] org.mutationtesting.major.mutation.Mutator.nextMutant:
    Creating mutant 24
[04/24 17:41:22] [INFO   ] org.mutationtesting.major.mutation.Mutator.logMutant:
    Logging mutant 24: Solution.step(line 33, col 31)
            mutation operator group:   ROR
            mutation operator:         <(int,int) |==> <=(int,int)
            original:                  i < 3 
            mutant:                    i <= 3
[04/24 17:41:22] [INFO   ] org.mutationtesting.major.mutation.Mutator.nextMutant:
    Creating mutant 25
[04/24 17:41:22] [INFO   ] org.mutationtesting.major.mutation.Mutator.logMutant:
    Logging mutant 25: Solution.step(line 33, col 31)
            mutation operator group:   ROR
            mutation operator:         <(int,int) |==> FALSE(int,int)
            original:                  i < 3 
            mutant:                    false
[04/24 17:41:22] [INFO   ] org.mutationtesting.major.mutation.Mutator.nextMutant:
    Creating mutant 26
[04/24 17:41:22] [INFO   ] org.mutationtesting.major.mutation.Mutator.logMutant:
    Logging mutant 26: Solution.step(line 34, col 25)
            mutation operator group:   AOR
            mutation operator:         +(int,int) |==> %(int,int)
            original:                  pos + i 
            mutant:                    pos % i
[04/24 17:41:22] [INFO   ] org.mutationtesting.major.mutation.Mutator.nextMutant:
    Creating mutant 27
[04/24 17:41:22] [INFO   ] org.mutationtesting.major.mutation.Mutator.logMutant:
    Logging mutant 27: Solution.step(line 34, col 25)
            mutation operator group:   AOR
            mutation operator:         +(int,int) |==> *(int,int)
            original:                  pos + i 
            mutant:                    pos * i
[04/24 17:41:22] [INFO   ] org.mutationtesting.major.mutation.Mutator.nextMutant:
    Creating mutant 28
[04/24 17:41:22] [INFO   ] org.mutationtesting.major.mutation.Mutator.logMutant:
    Logging mutant 28: Solution.step(line 34, col 25)
            mutation operator group:   AOR
            mutation operator:         +(int,int) |==> -(int,int)
            original:                  pos + i 
            mutant:                    pos - i
[04/24 17:41:22] [INFO   ] org.mutationtesting.major.mutation.Mutator.nextMutant:
    Creating mutant 29
[04/24 17:41:22] [INFO   ] org.mutationtesting.major.mutation.Mutator.logMutant:
    Logging mutant 29: Solution.step(line 34, col 25)
            mutation operator group:   AOR
            mutation operator:         +(int,int) |==> /(int,int)
            original:                  pos + i 
            mutant:                    pos / i
[04/24 17:41:22] [INFO   ] org.mutationtesting.major.mutation.Mutator.nextMutant:
    Creating mutant 30
[04/24 17:41:22] [INFO   ] org.mutationtesting.major.mutation.Mutator.logMutant:
    Logging mutant 30: Solution.step(line 34, col 29)
            mutation operator group:   ROR
            mutation operator:         <(int,int) |==> !=(int,int)
            original:                  pos + i < s.length() 
            mutant:                    pos + i != s.length()
[04/24 17:41:22] [INFO   ] org.mutationtesting.major.mutation.Mutator.nextMutant:
    Creating mutant 31
[04/24 17:41:22] [INFO   ] org.mutationtesting.major.mutation.Mutator.logMutant:
    Logging mutant 31: Solution.step(line 34, col 29)
            mutation operator group:   ROR
            mutation operator:         <(int,int) |==> <=(int,int)
            original:                  pos + i < s.length() 
            mutant:                    pos + i <= s.length()
[04/24 17:41:22] [INFO   ] org.mutationtesting.major.mutation.Mutator.nextMutant:
    Creating mutant 32
[04/24 17:41:22] [INFO   ] org.mutationtesting.major.mutation.Mutator.logMutant:
    Logging mutant 32: Solution.step(line 34, col 29)
            mutation operator group:   ROR
            mutation operator:         <(int,int) |==> FALSE(int,int)
            original:                  pos + i < s.length() 
            mutant:                    false
[04/24 17:41:22] [INFO   ] org.mutationtesting.major.mutation.Mutator.nextMutant:
    Creating mutant 33
[04/24 17:41:22] [INFO   ] org.mutationtesting.major.mutation.Mutator.logMutant:
    Logging mutant 33: Solution.step(line 35, col 46)
            mutation operator group:   AOR
            mutation operator:         +(int,int) |==> %(int,int)
            original:                  pos + i 
            mutant:                    pos % i
[04/24 17:41:22] [INFO   ] org.mutationtesting.major.mutation.Mutator.nextMutant:
    Creating mutant 34
[04/24 17:41:22] [INFO   ] org.mutationtesting.major.mutation.Mutator.logMutant:
    Logging mutant 34: Solution.step(line 35, col 46)
            mutation operator group:   AOR
            mutation operator:         +(int,int) |==> *(int,int)
            original:                  pos + i 
            mutant:                    pos * i
[04/24 17:41:22] [INFO   ] org.mutationtesting.major.mutation.Mutator.nextMutant:
    Creating mutant 35
[04/24 17:41:22] [INFO   ] org.mutationtesting.major.mutation.Mutator.logMutant:
    Logging mutant 35: Solution.step(line 35, col 46)
            mutation operator group:   AOR
            mutation operator:         +(int,int) |==> -(int,int)
            original:                  pos + i 
            mutant:                    pos - i
[04/24 17:41:22] [INFO   ] org.mutationtesting.major.mutation.Mutator.nextMutant:
    Creating mutant 36
[04/24 17:41:22] [INFO   ] org.mutationtesting.major.mutation.Mutator.logMutant:
    Logging mutant 36: Solution.step(line 35, col 46)
            mutation operator group:   AOR
            mutation operator:         +(int,int) |==> /(int,int)
            original:                  pos + i 
            mutant:                    pos / i
[04/24 17:41:22] [INFO   ] org.mutationtesting.major.mutation.Mutator.nextMutant:
    Creating mutant 37
[04/24 17:41:22] [INFO   ] org.mutationtesting.major.mutation.Mutator.logMutant:
    Logging mutant 37: Solution.step(line 35, col 51)
            mutation operator group:   AOR
            mutation operator:         -(int,int) |==> %(int,int)
            original:                  s.charAt(pos + i) - '0' 
            mutant:                    s.charAt(pos + i) % '0'
[04/24 17:41:22] [INFO   ] org.mutationtesting.major.mutation.Mutator.nextMutant:
    Creating mutant 38
[04/24 17:41:22] [INFO   ] org.mutationtesting.major.mutation.Mutator.logMutant:
    Logging mutant 38: Solution.step(line 35, col 51)
            mutation operator group:   AOR
            mutation operator:         -(int,int) |==> *(int,int)
            original:                  s.charAt(pos + i) - '0' 
            mutant:                    s.charAt(pos + i) * '0'
[04/24 17:41:22] [INFO   ] org.mutationtesting.major.mutation.Mutator.nextMutant:
    Creating mutant 39
[04/24 17:41:22] [INFO   ] org.mutationtesting.major.mutation.Mutator.logMutant:
    Logging mutant 39: Solution.step(line 35, col 51)
            mutation operator group:   AOR
            mutation operator:         -(int,int) |==> +(int,int)
            original:                  s.charAt(pos + i) - '0' 
            mutant:                    s.charAt(pos + i) + '0'
[04/24 17:41:22] [INFO   ] org.mutationtesting.major.mutation.Mutator.nextMutant:
    Creating mutant 40
[04/24 17:41:22] [INFO   ] org.mutationtesting.major.mutation.Mutator.logMutant:
    Logging mutant 40: Solution.step(line 35, col 51)
            mutation operator group:   AOR
            mutation operator:         -(int,int) |==> /(int,int)
            original:                  s.charAt(pos + i) - '0' 
            mutant:                    s.charAt(pos + i) / '0'
[04/24 17:41:22] [INFO   ] org.mutationtesting.major.mutation.Mutator.nextMutant:
    Creating mutant 41
[04/24 17:41:22] [INFO   ] org.mutationtesting.major.mutation.Mutator.logMutant:
    Logging mutant 41: Solution.step(line 36, col 35)
            mutation operator group:   AOR
            mutation operator:         *(int,int) |==> %(int,int)
            original:                  octet * 10 
            mutant:                    octet % 10
[04/24 17:41:22] [INFO   ] org.mutationtesting.major.mutation.Mutator.nextMutant:
    Creating mutant 42
[04/24 17:41:22] [INFO   ] org.mutationtesting.major.mutation.Mutator.logMutant:
    Logging mutant 42: Solution.step(line 36, col 35)
            mutation operator group:   AOR
            mutation operator:         *(int,int) |==> +(int,int)
            original:                  octet * 10 
            mutant:                    octet + 10
[04/24 17:41:22] [INFO   ] org.mutationtesting.major.mutation.Mutator.nextMutant:
    Creating mutant 43
[04/24 17:41:22] [INFO   ] org.mutationtesting.major.mutation.Mutator.logMutant:
    Logging mutant 43: Solution.step(line 36, col 35)
            mutation operator group:   AOR
            mutation operator:         *(int,int) |==> -(int,int)
            original:                  octet * 10 
            mutant:                    octet - 10
[04/24 17:41:22] [INFO   ] org.mutationtesting.major.mutation.Mutator.nextMutant:
    Creating mutant 44
[04/24 17:41:22] [INFO   ] org.mutationtesting.major.mutation.Mutator.logMutant:
    Logging mutant 44: Solution.step(line 36, col 35)
            mutation operator group:   AOR
            mutation operator:         *(int,int) |==> /(int,int)
            original:                  octet * 10 
            mutant:                    octet / 10
[04/24 17:41:22] [INFO   ] org.mutationtesting.major.mutation.Mutator.nextMutant:
    Creating mutant 45
[04/24 17:41:22] [INFO   ] org.mutationtesting.major.mutation.Mutator.logMutant:
    Logging mutant 45: Solution.step(line 36, col 40)
            mutation operator group:   AOR
            mutation operator:         +(int,int) |==> %(int,int)
            original:                  octet * 10 + digit 
            mutant:                    octet * 10 % digit
[04/24 17:41:22] [INFO   ] org.mutationtesting.major.mutation.Mutator.nextMutant:
    Creating mutant 46
[04/24 17:41:22] [INFO   ] org.mutationtesting.major.mutation.Mutator.logMutant:
    Logging mutant 46: Solution.step(line 36, col 40)
            mutation operator group:   AOR
            mutation operator:         +(int,int) |==> *(int,int)
            original:                  octet * 10 + digit 
            mutant:                    octet * 10 * digit
[04/24 17:41:22] [INFO   ] org.mutationtesting.major.mutation.Mutator.nextMutant:
    Creating mutant 47
[04/24 17:41:22] [INFO   ] org.mutationtesting.major.mutation.Mutator.logMutant:
    Logging mutant 47: Solution.step(line 36, col 40)
            mutation operator group:   AOR
            mutation operator:         +(int,int) |==> -(int,int)
            original:                  octet * 10 + digit 
            mutant:                    octet * 10 - digit
[04/24 17:41:22] [INFO   ] org.mutationtesting.major.mutation.Mutator.nextMutant:
    Creating mutant 48
[04/24 17:41:22] [INFO   ] org.mutationtesting.major.mutation.Mutator.logMutant:
    Logging mutant 48: Solution.step(line 36, col 40)
            mutation operator group:   AOR
            mutation operator:         +(int,int) |==> /(int,int)
            original:                  octet * 10 + digit 
            mutant:                    octet * 10 / digit
[04/24 17:41:22] [INFO   ] org.mutationtesting.major.mutation.Mutator.nextMutant:
    Creating mutant 49
[04/24 17:41:22] [INFO   ] org.mutationtesting.major.mutation.Mutator.logMutantSTD:
    Logging mutantSTD 49: (STD) octet = octet * 10 + digit; -> <NO-OP>
[04/24 17:41:22] [INFO   ] org.mutationtesting.major.mutation.Mutator.nextMutant:
    Creating mutant 50
[04/24 17:41:22] [INFO   ] org.mutationtesting.major.mutation.Mutator.logMutant:
    Logging mutant 50: Solution.step(line 37, col 31)
            mutation operator group:   ROR
            mutation operator:         <(int,int) |==> !=(int,int)
            original:                  octet < 256 
            mutant:                    octet != 256
[04/24 17:41:22] [INFO   ] org.mutationtesting.major.mutation.Mutator.nextMutant:
    Creating mutant 51
[04/24 17:41:22] [INFO   ] org.mutationtesting.major.mutation.Mutator.logMutant:
    Logging mutant 51: Solution.step(line 37, col 31)
            mutation operator group:   ROR
            mutation operator:         <(int,int) |==> <=(int,int)
            original:                  octet < 256 
            mutant:                    octet <= 256
[04/24 17:41:22] [INFO   ] org.mutationtesting.major.mutation.Mutator.nextMutant:
    Creating mutant 52
[04/24 17:41:22] [INFO   ] org.mutationtesting.major.mutation.Mutator.logMutant:
    Logging mutant 52: Solution.step(line 37, col 31)
            mutation operator group:   ROR
            mutation operator:         <(int,int) |==> FALSE(int,int)
            original:                  octet < 256 
            mutant:                    false
[04/24 17:41:22] [INFO   ] org.mutationtesting.major.mutation.Mutator.nextMutant:
    Creating mutant 53
[04/24 17:41:22] [INFO   ] org.mutationtesting.major.mutation.Mutator.logMutantSTD:
    Logging mutantSTD 53: (STD) octets[count] = octet; -> <NO-OP>
[04/24 17:41:22] [INFO   ] org.mutationtesting.major.mutation.Mutator.nextMutant:
    Creating mutant 54
[04/24 17:41:22] [INFO   ] org.mutationtesting.major.mutation.Mutator.logMutant:
    Logging mutant 54: Solution.step(line 39, col 37)
            mutation operator group:   AOR
            mutation operator:         +(int,int) |==> %(int,int)
            original:                  pos + i 
            mutant:                    pos % i
[04/24 17:41:22] [INFO   ] org.mutationtesting.major.mutation.Mutator.nextMutant:
    Creating mutant 55
[04/24 17:41:22] [INFO   ] org.mutationtesting.major.mutation.Mutator.logMutant:
    Logging mutant 55: Solution.step(line 39, col 37)
            mutation operator group:   AOR
            mutation operator:         +(int,int) |==> *(int,int)
            original:                  pos + i 
            mutant:                    pos * i
[04/24 17:41:22] [INFO   ] org.mutationtesting.major.mutation.Mutator.nextMutant:
    Creating mutant 56
[04/24 17:41:22] [INFO   ] org.mutationtesting.major.mutation.Mutator.logMutant:
    Logging mutant 56: Solution.step(line 39, col 37)
            mutation operator group:   AOR
            mutation operator:         +(int,int) |==> -(int,int)
            original:                  pos + i 
            mutant:                    pos - i
[04/24 17:41:22] [INFO   ] org.mutationtesting.major.mutation.Mutator.nextMutant:
    Creating mutant 57
[04/24 17:41:22] [INFO   ] org.mutationtesting.major.mutation.Mutator.logMutant:
    Logging mutant 57: Solution.step(line 39, col 37)
            mutation operator group:   AOR
            mutation operator:         +(int,int) |==> /(int,int)
            original:                  pos + i 
            mutant:                    pos / i
[04/24 17:41:22] [INFO   ] org.mutationtesting.major.mutation.Mutator.nextMutant:
    Creating mutant 58
[04/24 17:41:22] [INFO   ] org.mutationtesting.major.mutation.Mutator.logMutant:
    Logging mutant 58: Solution.step(line 39, col 41)
            mutation operator group:   AOR
            mutation operator:         +(int,int) |==> %(int,int)
            original:                  pos + i + 1 
            mutant:                    (pos + i) % 1
[04/24 17:41:22] [INFO   ] org.mutationtesting.major.mutation.Mutator.nextMutant:
    Creating mutant 59
[04/24 17:41:22] [INFO   ] org.mutationtesting.major.mutation.Mutator.logMutant:
    Logging mutant 59: Solution.step(line 39, col 41)
            mutation operator group:   AOR
            mutation operator:         +(int,int) |==> *(int,int)
            original:                  pos + i + 1 
            mutant:                    (pos + i) * 1
[04/24 17:41:22] [INFO   ] org.mutationtesting.major.mutation.Mutator.nextMutant:
    Creating mutant 60
[04/24 17:41:22] [INFO   ] org.mutationtesting.major.mutation.Mutator.logMutant:
    Logging mutant 60: Solution.step(line 39, col 41)
            mutation operator group:   AOR
            mutation operator:         +(int,int) |==> -(int,int)
            original:                  pos + i + 1 
            mutant:                    pos + i - 1
[04/24 17:41:22] [INFO   ] org.mutationtesting.major.mutation.Mutator.nextMutant:
    Creating mutant 61
[04/24 17:41:22] [INFO   ] org.mutationtesting.major.mutation.Mutator.logMutant:
    Logging mutant 61: Solution.step(line 39, col 41)
            mutation operator group:   AOR
            mutation operator:         +(int,int) |==> /(int,int)
            original:                  pos + i + 1 
            mutant:                    (pos + i) / 1
[04/24 17:41:22] [INFO   ] org.mutationtesting.major.mutation.Mutator.nextMutant:
    Creating mutant 62
[04/24 17:41:22] [INFO   ] org.mutationtesting.major.mutation.Mutator.logMutant:
    Logging mutant 62: Solution.step(line 39, col 60)
            mutation operator group:   AOR
            mutation operator:         +(int,int) |==> %(int,int)
            original:                  count + 1 
            mutant:                    count % 1
[04/24 17:41:22] [INFO   ] org.mutationtesting.major.mutation.Mutator.nextMutant:
    Creating mutant 63
[04/24 17:41:22] [INFO   ] org.mutationtesting.major.mutation.Mutator.logMutant:
    Logging mutant 63: Solution.step(line 39, col 60)
            mutation operator group:   AOR
            mutation operator:         +(int,int) |==> *(int,int)
            original:                  count + 1 
            mutant:                    count * 1
[04/24 17:41:22] [INFO   ] org.mutationtesting.major.mutation.Mutator.nextMutant:
    Creating mutant 64
[04/24 17:41:22] [INFO   ] org.mutationtesting.major.mutation.Mutator.logMutant:
    Logging mutant 64: Solution.step(line 39, col 60)
            mutation operator group:   AOR
            mutation operator:         +(int,int) |==> -(int,int)
            original:                  count + 1 
            mutant:                    count - 1
[04/24 17:41:22] [INFO   ] org.mutationtesting.major.mutation.Mutator.nextMutant:
    Creating mutant 65
[04/24 17:41:22] [INFO   ] org.mutationtesting.major.mutation.Mutator.logMutant:
    Logging mutant 65: Solution.step(line 39, col 60)
            mutation operator group:   AOR
            mutation operator:         +(int,int) |==> /(int,int)
            original:                  count + 1 
            mutant:                    count / 1
[04/24 17:41:22] [INFO   ] org.mutationtesting.major.mutation.Mutator.nextMutant:
    Creating mutant 66
[04/24 17:41:22] [INFO   ] org.mutationtesting.major.mutation.Mutator.logMutantSTD:
    Logging mutantSTD 66: (STD) step(s, pos + i + 1, octets, count + 1, results); -> <NO-OP>
[04/24 17:41:22] [INFO   ] org.mutationtesting.major.mutation.Mutator.nextMutant:
    Creating mutant 67
[04/24 17:41:22] [INFO   ] org.mutationtesting.major.mutation.Mutator.logMutant:
    Logging mutant 67: Solution.step(line 41, col 27)
            mutation operator group:   ROR
            mutation operator:         ==(int,int) |==> <=(int,int)
            original:                  i == 0 
            mutant:                    i <= 0
[04/24 17:41:22] [INFO   ] org.mutationtesting.major.mutation.Mutator.nextMutant:
    Creating mutant 68
[04/24 17:41:22] [INFO   ] org.mutationtesting.major.mutation.Mutator.logMutant:
    Logging mutant 68: Solution.step(line 41, col 27)
            mutation operator group:   ROR
            mutation operator:         ==(int,int) |==> >=(int,int)
            original:                  i == 0 
            mutant:                    i >= 0
[04/24 17:41:22] [INFO   ] org.mutationtesting.major.mutation.Mutator.nextMutant:
    Creating mutant 69
[04/24 17:41:22] [INFO   ] org.mutationtesting.major.mutation.Mutator.logMutant:
    Logging mutant 69: Solution.step(line 41, col 27)
            mutation operator group:   ROR
            mutation operator:         ==(int,int) |==> FALSE(int,int)
            original:                  i == 0 
            mutant:                    false
[04/24 17:41:22] [INFO   ] org.mutationtesting.major.mutation.Mutator.nextMutant:
    Creating mutant 70
[04/24 17:41:22] [INFO   ] org.mutationtesting.major.mutation.Mutator.logMutant:
    Logging mutant 70: Solution.step(line 41, col 41)
            mutation operator group:   ROR
            mutation operator:         ==(int,int) |==> <=(int,int)
            original:                  digit == 0 
            mutant:                    digit <= 0
[04/24 17:41:22] [INFO   ] org.mutationtesting.major.mutation.Mutator.nextMutant:
    Creating mutant 71
[04/24 17:41:22] [INFO   ] org.mutationtesting.major.mutation.Mutator.logMutant:
    Logging mutant 71: Solution.step(line 41, col 41)
            mutation operator group:   ROR
            mutation operator:         ==(int,int) |==> >=(int,int)
            original:                  digit == 0 
            mutant:                    digit >= 0
[04/24 17:41:22] [INFO   ] org.mutationtesting.major.mutation.Mutator.nextMutant:
    Creating mutant 72
[04/24 17:41:22] [INFO   ] org.mutationtesting.major.mutation.Mutator.logMutant:
    Logging mutant 72: Solution.step(line 41, col 41)
            mutation operator group:   ROR
            mutation operator:         ==(int,int) |==> FALSE(int,int)
            original:                  digit == 0 
            mutant:                    false
[04/24 17:41:22] [INFO   ] org.mutationtesting.major.mutation.Mutator.nextMutant:
    Creating mutant 73
[04/24 17:41:22] [INFO   ] org.mutationtesting.major.mutation.Mutator.logMutant:
    Logging mutant 73: Solution.step(line 41, col 32)
            mutation operator group:   COR
            mutation operator:         &&(boolean,boolean) |==> ==(boolean,boolean)
            original:                  i == 0 && digit == 0 
            mutant:                    i == 0 == (digit == 0)
[04/24 17:41:22] [INFO   ] org.mutationtesting.major.mutation.Mutator.nextMutant:
    Creating mutant 74
[04/24 17:41:22] [INFO   ] org.mutationtesting.major.mutation.Mutator.logMutant:
    Logging mutant 74: Solution.step(line 41, col 32)
            mutation operator group:   COR
            mutation operator:         &&(boolean,boolean) |==> FALSE(boolean,boolean)
            original:                  i == 0 && digit == 0 
            mutant:                    false
[04/24 17:41:22] [INFO   ] org.mutationtesting.major.mutation.Mutator.nextMutant:
    Creating mutant 75
[04/24 17:41:22] [INFO   ] org.mutationtesting.major.mutation.Mutator.logMutant:
    Logging mutant 75: Solution.step(line 41, col 27)
            mutation operator group:   COR
            mutation operator:         &&(boolean,boolean) |==> LHS(boolean,boolean)
            original:                  i == 0 && digit == 0 
            mutant:                    i == 0
[04/24 17:41:22] [INFO   ] org.mutationtesting.major.mutation.Mutator.nextMutant:
    Creating mutant 76
[04/24 17:41:22] [INFO   ] org.mutationtesting.major.mutation.Mutator.logMutant:
    Logging mutant 76: Solution.step(line 41, col 41)
            mutation operator group:   COR
            mutation operator:         &&(boolean,boolean) |==> RHS(boolean,boolean)
            original:                  i == 0 && digit == 0 
            mutant:                    digit == 0
[04/24 17:41:22] [INFO   ] org.mutationtesting.major.mutation.Mutator.nextMutant:
    Creating mutant 77
[04/24 17:41:22] [INFO   ] org.mutationtesting.major.mutation.Mutator.logMutantSTD:
    Logging mutantSTD 77: (STD) break; -> <NO-OP>
[04/24 17:41:22] [INFO   ] org.mutationtesting.major.plugin.MajorPluginTaskListener.mutate:
    Generated 77 mutants (94 ms)
