ERROR:root:Failed to parse \F x.(F(x) & (_ = {NN})(x)). Error: The function '(_ = {NN})' is not a Lambda Expression, an Application Expression, or a functional predicate, so it may not take arguments.
\F x.(F(x) & (_ = {NN})(x))
                      ^
ERROR:root:An error occurred: The function '(_ = {NN})' is not a Lambda Expression, an Application Expression, or a functional predicate, so it may not take arguments.
\F x.(F(x) & (_ = {NN})(x))
                      ^
Sentence: assert k == expectedNums.length ;
Tree XML:
<sentence>
  <tokens>
    <token start="0" span="1" pos="JJ" chunk="I-VP" entity="O" cat="N/N" id="t0_0" surf="assert" base="assert"/>
    <token start="1" span="1" pos="NN" chunk="I-NP" entity="O" cat="N/N" id="t0_1" surf="k" base="k"/>
    <token start="2" span="1" pos="NN" chunk="I-NP" entity="O" cat="N/N" id="t0_2" surf="==" base="=="/>
    <token start="3" span="1" pos="NN" chunk="I-NP" entity="O" cat="N" id="t0_3" surf="expectedNums.length" base="expectednums.length"/>
    <token start="4" span="1" pos=";" chunk="O" entity="O" cat=";" id="t0_4" surf=";" base=";"/>
  </tokens>
  <ccg root="s0_sp0" id="s0_ccg0">
    <span root="true" id="s0_sp0" child="s0_sp1 s0_sp9" category="NP" rule="rp"/>
    <span id="s0_sp1" child="s0_sp2" category="NP" rule="lex"/>
    <span id="s0_sp2" child="s0_sp3 s0_sp4" category="N" rule="fa"/>
    <span start="0" span="1" pos="JJ" chunk="I-VP" entity="O" id="s0_sp3" surf="assert" base="assert" terminal="t0_0" category="N/N"/>
    <span id="s0_sp4" child="s0_sp5 s0_sp6" category="N" rule="fa"/>
    <span start="1" span="1" pos="NN" chunk="I-NP" entity="O" id="s0_sp5" surf="k" base="k" terminal="t0_1" category="N/N"/>
    <span id="s0_sp6" child="s0_sp7 s0_sp8" category="N" rule="fa"/>
    <span start="2" span="1" pos="NN" chunk="I-NP" entity="O" id="s0_sp7" surf="==" base="==" terminal="t0_2" category="N/N"/>
    <span start="3" span="1" pos="NN" chunk="I-NP" entity="O" id="s0_sp8" surf="expectedNums.length" base="expectednums.length" terminal="t0_3" category="N"/>
    <span start="4" span="1" pos=";" chunk="O" entity="O" id="s0_sp9" surf=";" base=";" terminal="t0_4" category=";"/>
  </ccg>
</sentence>

