ERROR:root:Failed to parse \Q F1 F2.Q(\x.(exists z3.((z3 = _you{PRP}) & TrueP & TrueP)(\e.TrueP) & F1(x)),F2). Error: The function '((z3 = _you{PRP}) & TrueP & TrueP)' is not a Lambda Expression, an Application Expression, or a functional predicate, so it may not take arguments.
\Q F1 F2.Q(\x.(exists z3.((z3 = _you{PRP}) & TrueP & TrueP)(\e.TrueP) & F1(x)),F2)
                                                          ^
ERROR:root:An error occurred: The function '((z3 = _you{PRP}) & TrueP & TrueP)' is not a Lambda Expression, an Application Expression, or a functional predicate, so it may not take arguments.
\Q F1 F2.Q(\x.(exists z3.((z3 = _you{PRP}) & TrueP & TrueP)(\e.TrueP) & F1(x)),F2)
                                                          ^
Sentence: Since it is impossible to change the length of the array in some languages , you must instead have the result be placed in the first part of the array `nums` .
Tree XML:
<sentence>
  <tokens>
    <token start="0" span="1" pos="IN" chunk="I-SBAR" entity="O" cat="(S/S)/S[dcl]" id="t0_0" surf="Since" base="since"/>
    <token start="1" span="1" pos="PRP" chunk="I-NP" entity="O" cat="NP[expl]" id="t0_1" surf="it" base="it"/>
    <token start="2" span="1" pos="VBZ" chunk="I-VP" entity="O" cat="((S[dcl]\NP[expl])/(S[to]\NP))/(S[adj]\NP)" id="t0_2" surf="is" base="be"/>
    <token start="3" span="1" pos="JJ" chunk="I-ADJP" entity="O" cat="S[adj]\NP" id="t0_3" surf="impossible" base="impossible"/>
    <token start="4" span="1" pos="TO" chunk="I-VP" entity="O" cat="(S[to]\NP)/(S[b]\NP)" id="t0_4" surf="to" base="to"/>
    <token start="5" span="1" pos="VB" chunk="I-VP" entity="O" cat="(S[b]\NP)/NP" id="t0_5" surf="change" base="change"/>
    <token start="6" span="1" pos="DT" chunk="I-NP" entity="O" cat="NP[nb]/N" id="t0_6" surf="the" base="the"/>
    <token start="7" span="1" pos="NN" chunk="I-NP" entity="O" cat="N" id="t0_7" surf="length" base="length"/>
    <token start="8" span="1" pos="IN" chunk="I-PP" entity="O" cat="(NP\NP)/NP" id="t0_8" surf="of" base="of"/>
    <token start="9" span="1" pos="DT" chunk="I-NP" entity="O" cat="NP[nb]/N" id="t0_9" surf="the" base="the"/>
    <token start="10" span="1" pos="NN" chunk="I-NP" entity="O" cat="N" id="t0_10" surf="array" base="array"/>
    <token start="11" span="1" pos="IN" chunk="I-PP" entity="O" cat="(NP\NP)/NP" id="t0_11" surf="in" base="in"/>
    <token start="12" span="1" pos="DT" chunk="I-NP" entity="O" cat="NP[nb]/N" id="t0_12" surf="some" base="some"/>
    <token start="13" span="1" pos="NNS" chunk="I-NP" entity="O" cat="N" id="t0_13" surf="languages" base="language"/>
    <token start="14" span="1" pos="," chunk="O" entity="O" cat="," id="t0_14" surf="," base=","/>
    <token start="15" span="1" pos="PRP" chunk="I-NP" entity="O" cat="NP" id="t0_15" surf="you" base="you"/>
    <token start="16" span="1" pos="MD" chunk="I-VP" entity="O" cat="(S[dcl]\NP)/(S[b]\NP)" id="t0_16" surf="must" base="must"/>
    <token start="17" span="1" pos="RB" chunk="I-VP" entity="O" cat="(S\NP)\(S\NP)" id="t0_17" surf="instead" base="instead"/>
    <token start="18" span="1" pos="VB" chunk="I-VP" entity="O" cat="(S[b]\NP)/NP" id="t0_18" surf="have" base="have"/>
    <token start="19" span="1" pos="DT" chunk="I-NP" entity="O" cat="NP[nb]/N" id="t0_19" surf="the" base="the"/>
    <token start="20" span="1" pos="NN" chunk="I-NP" entity="O" cat="N" id="t0_20" surf="result" base="result"/>
    <token start="21" span="1" pos="VB" chunk="I-VP" entity="O" cat="(S[b]\NP)/(S[pss]\NP)" id="t0_21" surf="be" base="be"/>
    <token start="22" span="1" pos="VBN" chunk="I-VP" entity="O" cat="S[pss]\NP" id="t0_22" surf="placed" base="place"/>
    <token start="23" span="1" pos="IN" chunk="I-PP" entity="O" cat="((S\NP)\(S\NP))/NP" id="t0_23" surf="in" base="in"/>
    <token start="24" span="1" pos="DT" chunk="I-NP" entity="O" cat="NP[nb]/N" id="t0_24" surf="the" base="the"/>
    <token start="25" span="1" pos="JJ" chunk="I-NP" entity="O" cat="N/N" id="t0_25" surf="first" base="first"/>
    <token start="26" span="1" pos="NN" chunk="I-NP" entity="O" cat="N" id="t0_26" surf="part" base="part"/>
    <token start="27" span="1" pos="IN" chunk="I-PP" entity="O" cat="(NP\NP)/NP" id="t0_27" surf="of" base="of"/>
    <token start="28" span="1" pos="DT" chunk="I-NP" entity="O" cat="NP[nb]/N" id="t0_28" surf="the" base="the"/>
    <token start="29" span="1" pos="NN" chunk="I-NP" entity="O" cat="N/N" id="t0_29" surf="array" base="array"/>
    <token start="30" span="1" pos="NN" chunk="I-NP" entity="O" cat="N" id="t0_30" surf="`nums`" base="`nums`"/>
    <token start="31" span="1" pos="." chunk="O" entity="O" cat="." id="t0_31" surf="." base="."/>
  </tokens>
  <ccg root="s0_sp0" id="s0_ccg0">
    <span root="true" id="s0_sp0" child="s0_sp1 s0_sp40" category="S[b=true]" rule="fa"/>
    <span id="s0_sp1" child="s0_sp2 s0_sp3" category="S[X=true]/S[X=true]" rule="fa"/>
    <span start="0" span="1" pos="IN" chunk="I-SBAR" entity="O" id="s0_sp2" surf="Since" base="since" terminal="t0_0" category="(S/S)/S[dcl=true]"/>
    <span id="s0_sp3" child="s0_sp4 s0_sp5" category="S[dcl=true]" rule="ba"/>
    <span start="1" span="1" pos="PRP" chunk="I-NP" entity="O" id="s0_sp4" surf="it" base="it" terminal="t0_1" category="NP[expl=true]"/>
    <span id="s0_sp5" child="s0_sp6 s0_sp9" category="S[dcl=true]\NP[expl=true]" rule="fa"/>
    <span id="s0_sp6" child="s0_sp7 s0_sp8" category="(S[dcl=true]\NP[expl=true])/(S[to=true]\NP)" rule="fa"/>
    <span start="2" span="1" pos="VBZ" chunk="I-VP" entity="O" id="s0_sp7" surf="is" base="be" terminal="t0_2" category="((S[dcl=true]\NP[expl=true])/(S[to=true]\NP))/(S[adj=true]\NP)"/>
    <span start="3" span="1" pos="JJ" chunk="I-ADJP" entity="O" id="s0_sp8" surf="impossible" base="impossible" terminal="t0_3" category="S[adj=true]\NP"/>
    <span id="s0_sp9" child="s0_sp10 s0_sp11" category="S[to=true]\NP" rule="fa"/>
    <span start="4" span="1" pos="TO" chunk="I-VP" entity="O" id="s0_sp10" surf="to" base="to" terminal="t0_4" category="(S[to=true]\NP)/(S[b=true]\NP)"/>
    <span id="s0_sp11" child="s0_sp12 s0_sp13" category="S[b=true]\NP" rule="fa"/>
    <span start="5" span="1" pos="VB" chunk="I-VP" entity="O" id="s0_sp12" surf="change" base="change" terminal="t0_5" category="(S[b=true]\NP)/NP"/>
    <span id="s0_sp13" child="s0_sp14 s0_sp17" category="NP" rule="ba"/>
    <span id="s0_sp14" child="s0_sp15 s0_sp16" category="NP[nb=true]" rule="fa"/>
    <span start="6" span="1" pos="DT" chunk="I-NP" entity="O" id="s0_sp15" surf="the" base="the" terminal="t0_6" category="NP[nb=true]/N"/>
    <span start="7" span="1" pos="NN" chunk="I-NP" entity="O" id="s0_sp16" surf="length" base="length" terminal="t0_7" category="N"/>
    <span id="s0_sp17" child="s0_sp18 s0_sp19" category="NP\NP" rule="fa"/>
    <span start="8" span="1" pos="IN" chunk="I-PP" entity="O" id="s0_sp18" surf="of" base="of" terminal="t0_8" category="(NP\NP)/NP"/>
    <span id="s0_sp19" child="s0_sp20 s0_sp23" category="NP" rule="ba"/>
    <span id="s0_sp20" child="s0_sp21 s0_sp22" category="NP[nb=true]" rule="fa"/>
    <span start="9" span="1" pos="DT" chunk="I-NP" entity="O" id="s0_sp21" surf="the" base="the" terminal="t0_9" category="NP[nb=true]/N"/>
    <span start="10" span="1" pos="NN" chunk="I-NP" entity="O" id="s0_sp22" surf="array" base="array" terminal="t0_10" category="N"/>
    <span id="s0_sp23" child="s0_sp24 s0_sp25" category="NP\NP" rule="fa"/>
    <span start="11" span="1" pos="IN" chunk="I-PP" entity="O" id="s0_sp24" surf="in" base="in" terminal="t0_11" category="(NP\NP)/NP"/>
    <span id="s0_sp25" child="s0_sp26 s0_sp29" category="NP" rule="ba"/>
    <span id="s0_sp26" child="s0_sp27 s0_sp28" category="NP[nb=true]" rule="fa"/>
    <span start="12" span="1" pos="DT" chunk="I-NP" entity="O" id="s0_sp27" surf="some" base="some" terminal="t0_12" category="NP[nb=true]/N"/>
    <span start="13" span="1" pos="NNS" chunk="I-NP" entity="O" id="s0_sp28" surf="languages" base="language" terminal="t0_13" category="N"/>
    <span id="s0_sp29" child="s0_sp30" category="NP\NP" rule="lex"/>
    <span id="s0_sp30" child="s0_sp31 s0_sp32" category="S[dcl=true]/NP" rule="lp"/>
    <span start="14" span="1" pos="," chunk="O" entity="O" id="s0_sp31" surf="," base="," terminal="t0_14" category="=true,"/>
    <span id="s0_sp32" child="s0_sp33 s0_sp35" category="S[dcl=true]/NP" rule="fc"/>
    <span id="s0_sp33" child="s0_sp34" category="S[X=true]/(S[X=true]\NP)" rule="tr"/>
    <span start="15" span="1" pos="PRP" chunk="I-NP" entity="O" id="s0_sp34" surf="you" base="you" terminal="t0_15" category="NP"/>
    <span id="s0_sp35" child="s0_sp36 s0_sp39" category="(S[dcl=true]\NP)/NP" rule="fc"/>
    <span id="s0_sp36" child="s0_sp37 s0_sp38" category="(S[dcl=true]\NP)/(S[b=true]\NP)" rule="bx"/>
    <span start="16" span="1" pos="MD" chunk="I-VP" entity="O" id="s0_sp37" surf="must" base="must" terminal="t0_16" category="(S[dcl=true]\NP)/(S[b=true]\NP)"/>
    <span start="17" span="1" pos="RB" chunk="I-VP" entity="O" id="s0_sp38" surf="instead" base="instead" terminal="t0_17" category="(S\NP)\(S\NP)"/>
    <span start="18" span="1" pos="VB" chunk="I-VP" entity="O" id="s0_sp39" surf="have" base="have" terminal="t0_18" category="(S[b=true]\NP)/NP"/>
    <span id="s0_sp40" child="s0_sp41 s0_sp64" category="S[b=true]" rule="rp"/>
    <span id="s0_sp41" child="s0_sp42 s0_sp45" category="S[b=true]" rule="ba"/>
    <span id="s0_sp42" child="s0_sp43 s0_sp44" category="NP[nb=true]" rule="fa"/>
    <span start="19" span="1" pos="DT" chunk="I-NP" entity="O" id="s0_sp43" surf="the" base="the" terminal="t0_19" category="NP[nb=true]/N"/>
    <span start="20" span="1" pos="NN" chunk="I-NP" entity="O" id="s0_sp44" surf="result" base="result" terminal="t0_20" category="N"/>
    <span id="s0_sp45" child="s0_sp46 s0_sp47" category="S[b=true]\NP" rule="fa"/>
    <span start="21" span="1" pos="VB" chunk="I-VP" entity="O" id="s0_sp46" surf="be" base="be" terminal="t0_21" category="(S[b=true]\NP)/(S[pss=true]\NP)"/>
    <span id="s0_sp47" child="s0_sp48 s0_sp49" category="S[pss=true]\NP" rule="ba"/>
    <span start="22" span="1" pos="VBN" chunk="I-VP" entity="O" id="s0_sp48" surf="placed" base="place" terminal="t0_22" category="S[pss=true]\NP"/>
    <span id="s0_sp49" child="s0_sp50 s0_sp51" category="(S[X=true]\NP)\(S[X=true]\NP)" rule="fa"/>
    <span start="23" span="1" pos="IN" chunk="I-PP" entity="O" id="s0_sp50" surf="in" base="in" terminal="t0_23" category="((S\NP)\(S\NP))/NP"/>
    <span id="s0_sp51" child="s0_sp52 s0_sp57" category="NP" rule="ba"/>
    <span id="s0_sp52" child="s0_sp53 s0_sp54" category="NP[nb=true]" rule="fa"/>
    <span start="24" span="1" pos="DT" chunk="I-NP" entity="O" id="s0_sp53" surf="the" base="the" terminal="t0_24" category="NP[nb=true]/N"/>
    <span id="s0_sp54" child="s0_sp55 s0_sp56" category="N" rule="fa"/>
    <span start="25" span="1" pos="JJ" chunk="I-NP" entity="O" id="s0_sp55" surf="first" base="first" terminal="t0_25" category="N/N"/>
    <span start="26" span="1" pos="NN" chunk="I-NP" entity="O" id="s0_sp56" surf="part" base="part" terminal="t0_26" category="N"/>
    <span id="s0_sp57" child="s0_sp58 s0_sp59" category="NP\NP" rule="fa"/>
    <span start="27" span="1" pos="IN" chunk="I-PP" entity="O" id="s0_sp58" surf="of" base="of" terminal="t0_27" category="(NP\NP)/NP"/>
    <span id="s0_sp59" child="s0_sp60 s0_sp61" category="NP[nb=true]" rule="fa"/>
    <span start="28" span="1" pos="DT" chunk="I-NP" entity="O" id="s0_sp60" surf="the" base="the" terminal="t0_28" category="NP[nb=true]/N"/>
    <span id="s0_sp61" child="s0_sp62 s0_sp63" category="N" rule="fa"/>
    <span start="29" span="1" pos="NN" chunk="I-NP" entity="O" id="s0_sp62" surf="array" base="array" terminal="t0_29" category="N/N"/>
    <span start="30" span="1" pos="NN" chunk="I-NP" entity="O" id="s0_sp63" surf="`nums`" base="`nums`" terminal="t0_30" category="N"/>
    <span start="31" span="1" pos="." chunk="O" entity="O" id="s0_sp64" surf="." base="." terminal="t0_31" category="."/>
  </ccg>
</sentence>

