ERROR:root:Failed to parse \x.((_ = {NN})(x) & _0{CD}(x)). Error: The function '(_ = {NN})' is not a Lambda Expression, an Application Expression, or a functional predicate, so it may not take arguments.
\x.((_ = {NN})(x) & _0{CD}(x))
             ^
ERROR:root:An error occurred: The function '(_ = {NN})' is not a Lambda Expression, an Application Expression, or a functional predicate, so it may not take arguments.
\x.((_ = {NN})(x) & _0{CD}(x))
             ^
Sentence: for ( int i = 0 ; i < k ; i++ ) {
Tree XML:
<sentence>
  <tokens>
    <token start="0" span="1" pos="IN" chunk="I-PP" entity="O" cat="PP/NP" id="t0_0" surf="for" base="for"/>
    <token start="1" span="1" pos="LRB" chunk="O" entity="O" cat="LRB" id="t0_1" surf="(" base="("/>
    <token start="2" span="1" pos="JJ" chunk="I-NP" entity="O" cat="N/N" id="t0_2" surf="int" base="int"/>
    <token start="3" span="1" pos="NN" chunk="I-NP" entity="O" cat="N/N" id="t0_3" surf="i" base="i"/>
    <token start="4" span="1" pos="NN" chunk="I-NP" entity="O" cat="N" id="t0_4" surf="=" base="="/>
    <token start="5" span="1" pos="CD" chunk="I-NP" entity="O" cat="N\N" id="t0_5" surf="0" base="0"/>
    <token start="6" span="1" pos=";" chunk="O" entity="O" cat=";" id="t0_6" surf=";" base=";"/>
    <token start="7" span="1" pos="NNP" chunk="I-NP" entity="O" cat="N/N" id="t0_7" surf="i" base="i"/>
    <token start="8" span="1" pos="NNP" chunk="I-NP" entity="O" cat="N/N" id="t0_8" surf="&lt;" base="&lt;"/>
    <token start="9" span="1" pos="NN" chunk="I-NP" entity="O" cat="N" id="t0_9" surf="k" base="k"/>
    <token start="10" span="1" pos=";" chunk="O" entity="O" cat=";" id="t0_10" surf=";" base=";"/>
    <token start="11" span="1" pos="NN" chunk="I-NP" entity="O" cat="N" id="t0_11" surf="i++" base="i++"/>
    <token start="12" span="1" pos="RRB" chunk="O" entity="O" cat="RRB" id="t0_12" surf=")" base=")"/>
    <token start="13" span="1" pos="LRB" chunk="O" entity="O" cat="LRB" id="t0_13" surf="{" base="{"/>
  </tokens>
  <ccg root="s0_sp0" id="s0_ccg0">
    <span root="true" id="s0_sp0" child="s0_sp1 s0_sp2" category="PP" rule="fa"/>
    <span start="0" span="1" pos="IN" chunk="I-PP" entity="O" id="s0_sp1" surf="for" base="for" terminal="t0_0" category="PP/NP"/>
    <span id="s0_sp2" child="s0_sp3 s0_sp29" category="NP" rule="rp"/>
    <span id="s0_sp3" child="s0_sp4 s0_sp28" category="NP" rule="rp"/>
    <span id="s0_sp4" child="s0_sp5 s0_sp15" category="NP" rule="ba"/>
    <span id="s0_sp5" child="s0_sp6 s0_sp7" category="NP" rule="lp"/>
    <span start="1" span="1" pos="LRB" chunk="O" entity="O" id="s0_sp6" surf="(" base="(" terminal="t0_1" category="LRB"/>
    <span id="s0_sp7" child="s0_sp8" category="NP" rule="lex"/>
    <span id="s0_sp8" child="s0_sp9 s0_sp10" category="N" rule="fa"/>
    <span start="2" span="1" pos="JJ" chunk="I-NP" entity="O" id="s0_sp9" surf="int" base="int" terminal="t0_2" category="N/N"/>
    <span id="s0_sp10" child="s0_sp11 s0_sp12" category="N" rule="fa"/>
    <span start="3" span="1" pos="NN" chunk="I-NP" entity="O" id="s0_sp11" surf="i" base="i" terminal="t0_3" category="N/N"/>
    <span id="s0_sp12" child="s0_sp13 s0_sp14" category="N" rule="ba"/>
    <span start="4" span="1" pos="NN" chunk="I-NP" entity="O" id="s0_sp13" surf="=" base="=" terminal="t0_4" category="N"/>
    <span start="5" span="1" pos="CD" chunk="I-NP" entity="O" id="s0_sp14" surf="0" base="0" terminal="t0_5" category="N\N"/>
    <span id="s0_sp15" child="s0_sp16 s0_sp17" category="NP\NP" rule="conj"/>
    <span start="6" span="1" pos=";" chunk="O" entity="O" id="s0_sp16" surf=";" base=";" terminal="t0_6" category=";"/>
    <span id="s0_sp17" child="s0_sp18 s0_sp24" category="NP" rule="ba"/>
    <span id="s0_sp18" child="s0_sp19" category="NP" rule="lex"/>
    <span id="s0_sp19" child="s0_sp20 s0_sp21" category="N" rule="fa"/>
    <span start="7" span="1" pos="NNP" chunk="I-NP" entity="O" id="s0_sp20" surf="i" base="i" terminal="t0_7" category="N/N"/>
    <span id="s0_sp21" child="s0_sp22 s0_sp23" category="N" rule="fa"/>
    <span start="8" span="1" pos="NNP" chunk="I-NP" entity="O" id="s0_sp22" surf="&lt;" base="&lt;" terminal="t0_8" category="N/N"/>
    <span start="9" span="1" pos="NN" chunk="I-NP" entity="O" id="s0_sp23" surf="k" base="k" terminal="t0_9" category="N"/>
    <span id="s0_sp24" child="s0_sp25 s0_sp26" category="NP\NP" rule="conj"/>
    <span start="10" span="1" pos=";" chunk="O" entity="O" id="s0_sp25" surf=";" base=";" terminal="t0_10" category=";"/>
    <span id="s0_sp26" child="s0_sp27" category="NP" rule="lex"/>
    <span start="11" span="1" pos="NN" chunk="I-NP" entity="O" id="s0_sp27" surf="i++" base="i++" terminal="t0_11" category="N"/>
    <span start="12" span="1" pos="RRB" chunk="O" entity="O" id="s0_sp28" surf=")" base=")" terminal="t0_12" category="RRB"/>
    <span start="13" span="1" pos="LRB" chunk="O" entity="O" id="s0_sp29" surf="{" base="{" terminal="t0_13" category="LRB"/>
  </ccg>
</sentence>

