ERROR:root:Failed to parse \x.((_ = {NN})(x) & _2{CD}(x)). Error: The function '(_ = {NN})' is not a Lambda Expression, an Application Expression, or a functional predicate, so it may not take arguments.
\x.((_ = {NN})(x) & _2{CD}(x))
             ^
ERROR:root:An error occurred: The function '(_ = {NN})' is not a Lambda Expression, an Application Expression, or a functional predicate, so it may not take arguments.
\x.((_ = {NN})(x) & _2{CD}(x))
             ^
Sentence: Explanation : Your function should return k = 2 , with the first two elements of nums being 1 and 2 respectively .
Tree XML:
<sentence>
  <tokens>
    <token start="0" span="1" pos="NN" chunk="I-NP" entity="O" cat="N" id="t0_0" surf="Explanation" base="explanation"/>
    <token start="1" span="1" pos="IN" chunk="O" entity="O" cat="(NP\NP)/NP" id="t0_1" surf=":" base=":"/>
    <token start="2" span="1" pos="PRP$" chunk="I-NP" entity="O" cat="NP[nb]/N" id="t0_2" surf="Your" base="your"/>
    <token start="3" span="1" pos="NN" chunk="I-NP" entity="O" cat="N" id="t0_3" surf="function" base="function"/>
    <token start="4" span="1" pos="MD" chunk="I-VP" entity="O" cat="(S[dcl]\NP)/(S[b]\NP)" id="t0_4" surf="should" base="should"/>
    <token start="5" span="1" pos="VB" chunk="I-VP" entity="O" cat="(S[b]\NP)/NP" id="t0_5" surf="return" base="return"/>
    <token start="6" span="1" pos="NN" chunk="I-NP" entity="O" cat="N/N" id="t0_6" surf="k" base="k"/>
    <token start="7" span="1" pos="NN" chunk="I-NP" entity="O" cat="N" id="t0_7" surf="=" base="="/>
    <token start="8" span="1" pos="CD" chunk="I-NP" entity="O" cat="N\N" id="t0_8" surf="2" base="2"/>
    <token start="9" span="1" pos="," chunk="O" entity="O" cat="," id="t0_9" surf="," base=","/>
    <token start="10" span="1" pos="IN" chunk="I-PP" entity="O" cat="(((S\NP)\(S\NP))/(S[ng]\NP))/NP" id="t0_10" surf="with" base="with"/>
    <token start="11" span="1" pos="DT" chunk="I-NP" entity="O" cat="NP[nb]/N" id="t0_11" surf="the" base="the"/>
    <token start="12" span="1" pos="JJ" chunk="I-NP" entity="O" cat="N/N" id="t0_12" surf="first" base="first"/>
    <token start="13" span="1" pos="CD" chunk="I-NP" entity="O" cat="N/N" id="t0_13" surf="two" base="two"/>
    <token start="14" span="1" pos="NNS" chunk="I-NP" entity="O" cat="N" id="t0_14" surf="elements" base="element"/>
    <token start="15" span="1" pos="IN" chunk="I-PP" entity="O" cat="(NP\NP)/NP" id="t0_15" surf="of" base="of"/>
    <token start="16" span="1" pos="NNS" chunk="I-NP" entity="O" cat="N" id="t0_16" surf="nums" base="num"/>
    <token start="17" span="1" pos="VBG" chunk="I-VP" entity="O" cat="(S[ng]\NP)/NP" id="t0_17" surf="being" base="be"/>
    <token start="18" span="1" pos="CD" chunk="I-NP" entity="O" cat="N" id="t0_18" surf="1" base="1"/>
    <token start="19" span="1" pos="CC" chunk="I-NP" entity="O" cat="conj" id="t0_19" surf="and" base="and"/>
    <token start="20" span="1" pos="CD" chunk="I-NP" entity="O" cat="N" id="t0_20" surf="2" base="2"/>
    <token start="21" span="1" pos="RB" chunk="I-ADVP" entity="O" cat="(S\NP)\(S\NP)" id="t0_21" surf="respectively" base="respectively"/>
    <token start="22" span="1" pos="." chunk="O" entity="O" cat="." id="t0_22" surf="." base="."/>
  </tokens>
  <ccg root="s0_sp0" id="s0_ccg0">
    <span root="true" id="s0_sp0" child="s0_sp1 s0_sp48" category="S[dcl=true]" rule="rp"/>
    <span id="s0_sp1" child="s0_sp2 s0_sp10" category="S[dcl=true]" rule="ba"/>
    <span id="s0_sp2" child="s0_sp3 s0_sp5" category="NP" rule="ba"/>
    <span id="s0_sp3" child="s0_sp4" category="NP" rule="lex"/>
    <span start="0" span="1" pos="NN" chunk="I-NP" entity="O" id="s0_sp4" surf="Explanation" base="explanation" terminal="t0_0" category="N"/>
    <span id="s0_sp5" child="s0_sp6 s0_sp7" category="NP\NP" rule="fa"/>
    <span start="1" span="1" pos="IN" chunk="O" entity="O" id="s0_sp6" surf=":" base=":" terminal="t0_1" category="(NP\NP)/NP"/>
    <span id="s0_sp7" child="s0_sp8 s0_sp9" category="NP[nb=true]" rule="fa"/>
    <span start="2" span="1" pos="PRP$" chunk="I-NP" entity="O" id="s0_sp8" surf="Your" base="your" terminal="t0_2" category="NP[nb=true]/N"/>
    <span start="3" span="1" pos="NN" chunk="I-NP" entity="O" id="s0_sp9" surf="function" base="function" terminal="t0_3" category="N"/>
    <span id="s0_sp10" child="s0_sp11 s0_sp12" category="S[dcl=true]\NP" rule="fa"/>
    <span start="4" span="1" pos="MD" chunk="I-VP" entity="O" id="s0_sp11" surf="should" base="should" terminal="t0_4" category="(S[dcl=true]\NP)/(S[b=true]\NP)"/>
    <span id="s0_sp12" child="s0_sp13 s0_sp47" category="S[b=true]\NP" rule="ba"/>
    <span id="s0_sp13" child="s0_sp14 s0_sp24" category="S[b=true]\NP" rule="ba"/>
    <span id="s0_sp14" child="s0_sp15 s0_sp23" category="S[b=true]\NP" rule="rp"/>
    <span id="s0_sp15" child="s0_sp16 s0_sp17" category="S[b=true]\NP" rule="fa"/>
    <span start="5" span="1" pos="VB" chunk="I-VP" entity="O" id="s0_sp16" surf="return" base="return" terminal="t0_5" category="(S[b=true]\NP)/NP"/>
    <span id="s0_sp17" child="s0_sp18" category="NP" rule="lex"/>
    <span id="s0_sp18" child="s0_sp19 s0_sp20" category="N" rule="fa"/>
    <span start="6" span="1" pos="NN" chunk="I-NP" entity="O" id="s0_sp19" surf="k" base="k" terminal="t0_6" category="N/N"/>
    <span id="s0_sp20" child="s0_sp21 s0_sp22" category="N" rule="ba"/>
    <span start="7" span="1" pos="NN" chunk="I-NP" entity="O" id="s0_sp21" surf="=" base="=" terminal="t0_7" category="N"/>
    <span start="8" span="1" pos="CD" chunk="I-NP" entity="O" id="s0_sp22" surf="2" base="2" terminal="t0_8" category="N\N"/>
    <span start="9" span="1" pos="," chunk="O" entity="O" id="s0_sp23" surf="," base="," terminal="t0_9" category="=true,"/>
    <span id="s0_sp24" child="s0_sp25 s0_sp39" category="(S[X=true]\NP)\(S[X=true]\NP)" rule="fa"/>
    <span id="s0_sp25" child="s0_sp26 s0_sp27" category="((S[X=true]\NP)\(S[X=true]\NP))/(S[ng=true]\NP)" rule="fa"/>
    <span start="10" span="1" pos="IN" chunk="I-PP" entity="O" id="s0_sp26" surf="with" base="with" terminal="t0_10" category="(((S\NP)\(S\NP))/(S[ng=true]\NP))/NP"/>
    <span id="s0_sp27" child="s0_sp28 s0_sp35" category="NP" rule="ba"/>
    <span id="s0_sp28" child="s0_sp29 s0_sp30" category="NP[nb=true]" rule="fa"/>
    <span start="11" span="1" pos="DT" chunk="I-NP" entity="O" id="s0_sp29" surf="the" base="the" terminal="t0_11" category="NP[nb=true]/N"/>
    <span id="s0_sp30" child="s0_sp31 s0_sp32" category="N" rule="fa"/>
    <span start="12" span="1" pos="JJ" chunk="I-NP" entity="O" id="s0_sp31" surf="first" base="first" terminal="t0_12" category="N/N"/>
    <span id="s0_sp32" child="s0_sp33 s0_sp34" category="N" rule="fa"/>
    <span start="13" span="1" pos="CD" chunk="I-NP" entity="O" id="s0_sp33" surf="two" base="two" terminal="t0_13" category="N/N"/>
    <span start="14" span="1" pos="NNS" chunk="I-NP" entity="O" id="s0_sp34" surf="elements" base="element" terminal="t0_14" category="N"/>
    <span id="s0_sp35" child="s0_sp36 s0_sp37" category="NP\NP" rule="fa"/>
    <span start="15" span="1" pos="IN" chunk="I-PP" entity="O" id="s0_sp36" surf="of" base="of" terminal="t0_15" category="(NP\NP)/NP"/>
    <span id="s0_sp37" child="s0_sp38" category="NP" rule="lex"/>
    <span start="16" span="1" pos="NNS" chunk="I-NP" entity="O" id="s0_sp38" surf="nums" base="num" terminal="t0_16" category="N"/>
    <span id="s0_sp39" child="s0_sp40 s0_sp41" category="S[ng=true]\NP" rule="fa"/>
    <span start="17" span="1" pos="VBG" chunk="I-VP" entity="O" id="s0_sp40" surf="being" base="be" terminal="t0_17" category="(S[ng=true]\NP)/NP"/>
    <span id="s0_sp41" child="s0_sp42" category="NP" rule="lex"/>
    <span id="s0_sp42" child="s0_sp43 s0_sp44" category="N" rule="ba"/>
    <span start="18" span="1" pos="CD" chunk="I-NP" entity="O" id="s0_sp43" surf="1" base="1" terminal="t0_18" category="N"/>
    <span id="s0_sp44" child="s0_sp45 s0_sp46" category="N\N" rule="conj"/>
    <span start="19" span="1" pos="CC" chunk="I-NP" entity="O" id="s0_sp45" surf="and" base="and" terminal="t0_19" category="conj"/>
    <span start="20" span="1" pos="CD" chunk="I-NP" entity="O" id="s0_sp46" surf="2" base="2" terminal="t0_20" category="N"/>
    <span start="21" span="1" pos="RB" chunk="I-ADVP" entity="O" id="s0_sp47" surf="respectively" base="respectively" terminal="t0_21" category="(S\NP)\(S\NP)"/>
    <span start="22" span="1" pos="." chunk="O" entity="O" id="s0_sp48" surf="." base="." terminal="t0_22" category="."/>
  </ccg>
</sentence>

