ERROR:root:Failed to parse \Q1 Q2 K.Q2(\x.TrueP,\x.Q1(\y.TrueP,\y.exists e.((_ = {VBP})(e) & (Subj(e) = x) & (Acc(e) = y) & K(e)))). Error: The function '(_ = {VBP})' is not a Lambda Expression, an Application Expression, or a functional predicate, so it may not take arguments.
\Q1 Q2 K.Q2(\x.TrueP,\x.Q1(\y.TrueP,\y.exists e.((_ = {VBP})(e) & (Subj(e) = x) & (Acc(e) = y) & K(e))))
                                                           ^
ERROR:root:An error occurred: The function '(_ = {VBP})' is not a Lambda Expression, an Application Expression, or a functional predicate, so it may not take arguments.
\Q1 Q2 K.Q2(\x.TrueP,\x.Q1(\y.TrueP,\y.exists e.((_ = {VBP})(e) & (Subj(e) = x) & (Acc(e) = y) & K(e))))
                                                           ^
Sentence: int [ ] nums = [ ... ] ; // Input array
Tree XML:
<sentence>
  <tokens>
    <token start="0" span="1" pos="JJ" chunk="I-NP" entity="O" cat="N/N" id="t0_0" surf="int" base="int"/>
    <token start="1" span="1" pos="JJ" chunk="I-NP" entity="O" cat="N/N" id="t0_1" surf="[" base="["/>
    <token start="2" span="1" pos="NN" chunk="I-NP" entity="O" cat="N/N" id="t0_2" surf="]" base="]"/>
    <token start="3" span="1" pos="NNS" chunk="I-NP" entity="O" cat="N" id="t0_3" surf="nums" base="num"/>
    <token start="4" span="1" pos="VBP" chunk="I-VP" entity="O" cat="(S[dcl]\NP)/NP" id="t0_4" surf="=" base="="/>
    <token start="5" span="1" pos="NN" chunk="I-NP" entity="O" cat="N/N" id="t0_5" surf="[" base="["/>
    <token start="6" span="1" pos=":" chunk="O" entity="O" cat=":" id="t0_6" surf="..." base="..."/>
    <token start="7" span="1" pos="NN" chunk="I-NP" entity="O" cat="N" id="t0_7" surf="]" base="]"/>
    <token start="8" span="1" pos=";" chunk="O" entity="O" cat=";" id="t0_8" surf=";" base=";"/>
    <token start="9" span="1" pos="NNP" chunk="I-NP" entity="I-ORG" cat="N/N" id="t0_9" surf="//" base="//"/>
    <token start="10" span="1" pos="NNP" chunk="I-NP" entity="I-ORG" cat="N/N" id="t0_10" surf="Input" base="input"/>
    <token start="11" span="1" pos="NN" chunk="I-NP" entity="O" cat="N" id="t0_11" surf="array" base="array"/>
  </tokens>
  <ccg root="s0_sp0" id="s0_ccg0">
    <span root="true" id="s0_sp0" child="s0_sp1 s0_sp9" category="S[dcl=true]" rule="ba"/>
    <span id="s0_sp1" child="s0_sp2" category="NP" rule="lex"/>
    <span id="s0_sp2" child="s0_sp3 s0_sp4" category="N" rule="fa"/>
    <span start="0" span="1" pos="JJ" chunk="I-NP" entity="O" id="s0_sp3" surf="int" base="int" terminal="t0_0" category="N/N"/>
    <span id="s0_sp4" child="s0_sp5 s0_sp6" category="N" rule="fa"/>
    <span start="1" span="1" pos="JJ" chunk="I-NP" entity="O" id="s0_sp5" surf="[" base="[" terminal="t0_1" category="N/N"/>
    <span id="s0_sp6" child="s0_sp7 s0_sp8" category="N" rule="fa"/>
    <span start="2" span="1" pos="NN" chunk="I-NP" entity="O" id="s0_sp7" surf="]" base="]" terminal="t0_2" category="N/N"/>
    <span start="3" span="1" pos="NNS" chunk="I-NP" entity="O" id="s0_sp8" surf="nums" base="num" terminal="t0_3" category="N"/>
    <span id="s0_sp9" child="s0_sp10 s0_sp11" category="S[dcl=true]\NP" rule="fa"/>
    <span start="4" span="1" pos="VBP" chunk="I-VP" entity="O" id="s0_sp10" surf="=" base="=" terminal="t0_4" category="(S[dcl=true]\NP)/NP"/>
    <span id="s0_sp11" child="s0_sp12 s0_sp18" category="NP" rule="ba"/>
    <span id="s0_sp12" child="s0_sp13" category="NP" rule="lex"/>
    <span id="s0_sp13" child="s0_sp14 s0_sp15" category="N" rule="fa"/>
    <span start="5" span="1" pos="NN" chunk="I-NP" entity="O" id="s0_sp14" surf="[" base="[" terminal="t0_5" category="N/N"/>
    <span id="s0_sp15" child="s0_sp16 s0_sp17" category="N" rule="lp"/>
    <span start="6" span="1" pos=":" chunk="O" entity="O" id="s0_sp16" surf="..." base="..." terminal="t0_6" category=":"/>
    <span start="7" span="1" pos="NN" chunk="I-NP" entity="O" id="s0_sp17" surf="]" base="]" terminal="t0_7" category="N"/>
    <span id="s0_sp18" child="s0_sp19 s0_sp20" category="NP\NP" rule="conj"/>
    <span start="8" span="1" pos=";" chunk="O" entity="O" id="s0_sp19" surf=";" base=";" terminal="t0_8" category=";"/>
    <span id="s0_sp20" child="s0_sp21" category="NP" rule="lex"/>
    <span id="s0_sp21" child="s0_sp22 s0_sp23" category="N" rule="fa"/>
    <span start="9" span="1" pos="NNP" chunk="I-NP" entity="I-ORG" id="s0_sp22" surf="//" base="//" terminal="t0_9" category="N/N"/>
    <span id="s0_sp23" child="s0_sp24 s0_sp25" category="N" rule="fa"/>
    <span start="10" span="1" pos="NNP" chunk="I-NP" entity="I-ORG" id="s0_sp24" surf="Input" base="input" terminal="t0_10" category="N/N"/>
    <span start="11" span="1" pos="NN" chunk="I-NP" entity="O" id="s0_sp25" surf="array" base="array" terminal="t0_11" category="N"/>
  </ccg>
</sentence>

