ERROR:root:Failed to parse \F x.(F(x) & (_ = {NNP})(x)). Error: The function '(_ = {NNP})' is not a Lambda Expression, an Application Expression, or a functional predicate, so it may not take arguments.
\F x.(F(x) & (_ = {NNP})(x))
                       ^
ERROR:root:An error occurred: The function '(_ = {NNP})' is not a Lambda Expression, an Application Expression, or a functional predicate, so it may not take arguments.
\F x.(F(x) & (_ = {NNP})(x))
                       ^
Sentence: int [ ] expectedNums = [ ... ] ; // The expected answer with correct length
Tree XML:
<sentence>
  <tokens>
    <token start="0" span="1" pos="JJ" chunk="I-NP" entity="O" cat="N/N" id="t0_0" surf="int" base="int"/>
    <token start="1" span="1" pos="NNS" chunk="I-NP" entity="O" cat="N" id="t0_1" surf="[" base="["/>
    <token start="2" span="1" pos="VBP" chunk="I-VP" entity="O" cat="((S[dcl]\NP)/NP)/NP" id="t0_2" surf="]" base="]"/>
    <token start="3" span="1" pos="NNP" chunk="I-NP" entity="O" cat="N/N" id="t0_3" surf="expectedNums" base="expectednums"/>
    <token start="4" span="1" pos="NNP" chunk="I-NP" entity="O" cat="N/N" id="t0_4" surf="=" base="="/>
    <token start="5" span="1" pos="NNP" chunk="I-NP" entity="O" cat="N" id="t0_5" surf="[" base="["/>
    <token start="6" span="1" pos=":" chunk="O" entity="O" cat=":" id="t0_6" surf="..." base="..."/>
    <token start="7" span="1" pos="NNP" chunk="I-NP" entity="O" cat="(NP\NP)/NP" id="t0_7" surf="]" base="]"/>
    <token start="8" span="1" pos=";" chunk="O" entity="O" cat=";" id="t0_8" surf=";" base=";"/>
    <token start="9" span="1" pos="NN" chunk="I-NP" entity="O" cat="N" id="t0_9" surf="//" base="//"/>
    <token start="10" span="1" pos="DT" chunk="I-NP" entity="O" cat="NP[nb]/N" id="t0_10" surf="The" base="the"/>
    <token start="11" span="1" pos="VBN" chunk="I-NP" entity="O" cat="N/N" id="t0_11" surf="expected" base="expect"/>
    <token start="12" span="1" pos="NN" chunk="I-NP" entity="O" cat="N" id="t0_12" surf="answer" base="answer"/>
    <token start="13" span="1" pos="IN" chunk="I-PP" entity="O" cat="(NP\NP)/NP" id="t0_13" surf="with" base="with"/>
    <token start="14" span="1" pos="JJ" chunk="I-NP" entity="O" cat="N/N" id="t0_14" surf="correct" base="correct"/>
    <token start="15" span="1" pos="NN" chunk="I-NP" entity="O" cat="N" id="t0_15" surf="length" base="length"/>
  </tokens>
  <ccg root="s0_sp0" id="s0_ccg0">
    <span root="true" id="s0_sp0" child="s0_sp1 s0_sp5" category="S[dcl=true]" rule="ba"/>
    <span id="s0_sp1" child="s0_sp2" category="NP" rule="lex"/>
    <span id="s0_sp2" child="s0_sp3 s0_sp4" category="N" rule="fa"/>
    <span start="0" span="1" pos="JJ" chunk="I-NP" entity="O" id="s0_sp3" surf="int" base="int" terminal="t0_0" category="N/N"/>
    <span start="1" span="1" pos="NNS" chunk="I-NP" entity="O" id="s0_sp4" surf="[" base="[" terminal="t0_1" category="N"/>
    <span id="s0_sp5" child="s0_sp6 s0_sp23" category="S[dcl=true]\NP" rule="fa"/>
    <span id="s0_sp6" child="s0_sp7 s0_sp8" category="(S[dcl=true]\NP)/NP" rule="fa"/>
    <span start="2" span="1" pos="VBP" chunk="I-VP" entity="O" id="s0_sp7" surf="]" base="]" terminal="t0_2" category="((S[dcl=true]\NP)/NP)/NP"/>
    <span id="s0_sp8" child="s0_sp9 s0_sp15" category="NP" rule="ba"/>
    <span id="s0_sp9" child="s0_sp10" category="NP" rule="lex"/>
    <span id="s0_sp10" child="s0_sp11 s0_sp12" category="N" rule="fa"/>
    <span start="3" span="1" pos="NNP" chunk="I-NP" entity="O" id="s0_sp11" surf="expectedNums" base="expectednums" terminal="t0_3" category="N/N"/>
    <span id="s0_sp12" child="s0_sp13 s0_sp14" category="N" rule="fa"/>
    <span start="4" span="1" pos="NNP" chunk="I-NP" entity="O" id="s0_sp13" surf="=" base="=" terminal="t0_4" category="N/N"/>
    <span start="5" span="1" pos="NNP" chunk="I-NP" entity="O" id="s0_sp14" surf="[" base="[" terminal="t0_5" category="N"/>
    <span id="s0_sp15" child="s0_sp16 s0_sp17" category="NP\NP" rule="lp"/>
    <span start="6" span="1" pos=":" chunk="O" entity="O" id="s0_sp16" surf="..." base="..." terminal="t0_6" category=":"/>
    <span id="s0_sp17" child="s0_sp18 s0_sp19" category="NP\NP" rule="fa"/>
    <span start="7" span="1" pos="NNP" chunk="I-NP" entity="O" id="s0_sp18" surf="]" base="]" terminal="t0_7" category="(NP\NP)/NP"/>
    <span id="s0_sp19" child="s0_sp20 s0_sp21" category="NP" rule="lp"/>
    <span start="8" span="1" pos=";" chunk="O" entity="O" id="s0_sp20" surf=";" base=";" terminal="t0_8" category=";"/>
    <span id="s0_sp21" child="s0_sp22" category="NP" rule="lex"/>
    <span start="9" span="1" pos="NN" chunk="I-NP" entity="O" id="s0_sp22" surf="//" base="//" terminal="t0_9" category="N"/>
    <span id="s0_sp23" child="s0_sp24 s0_sp29" category="NP" rule="ba"/>
    <span id="s0_sp24" child="s0_sp25 s0_sp26" category="NP[nb=true]" rule="fa"/>
    <span start="10" span="1" pos="DT" chunk="I-NP" entity="O" id="s0_sp25" surf="The" base="the" terminal="t0_10" category="NP[nb=true]/N"/>
    <span id="s0_sp26" child="s0_sp27 s0_sp28" category="N" rule="fa"/>
    <span start="11" span="1" pos="VBN" chunk="I-NP" entity="O" id="s0_sp27" surf="expected" base="expect" terminal="t0_11" category="N/N"/>
    <span start="12" span="1" pos="NN" chunk="I-NP" entity="O" id="s0_sp28" surf="answer" base="answer" terminal="t0_12" category="N"/>
    <span id="s0_sp29" child="s0_sp30 s0_sp31" category="NP\NP" rule="fa"/>
    <span start="13" span="1" pos="IN" chunk="I-PP" entity="O" id="s0_sp30" surf="with" base="with" terminal="t0_13" category="(NP\NP)/NP"/>
    <span id="s0_sp31" child="s0_sp32" category="NP" rule="lex"/>
    <span id="s0_sp32" child="s0_sp33 s0_sp34" category="N" rule="fa"/>
    <span start="14" span="1" pos="JJ" chunk="I-NP" entity="O" id="s0_sp33" surf="correct" base="correct" terminal="t0_14" category="N/N"/>
    <span start="15" span="1" pos="NN" chunk="I-NP" entity="O" id="s0_sp34" surf="length" base="length" terminal="t0_15" category="N"/>
  </ccg>
</sentence>

