ERROR:root:Failed to parse \F x.(F(x) & (_ = {NNP})(x)). Error: The function '(_ = {NNP})' is not a Lambda Expression, an Application Expression, or a functional predicate, so it may not take arguments.
\F x.(F(x) & (_ = {NNP})(x))
                       ^
ERROR:root:An error occurred: The function '(_ = {NNP})' is not a Lambda Expression, an Application Expression, or a functional predicate, so it may not take arguments.
\F x.(F(x) & (_ = {NNP})(x))
                       ^
Sentence: Output : 5 , nums = [ 0 , 1 , 2 , 3 , 4 , \ , \ , \ , \ , \ ]
Tree XML:
<sentence>
  <tokens>
    <token start="0" span="1" pos="NN" chunk="I-NP" entity="I-TIM" cat="N" id="t0_0" surf="Output" base="output"/>
    <token start="1" span="1" pos="IN" chunk="O" entity="I-TIM" cat="(NP\NP)/NP" id="t0_1" surf=":" base=":"/>
    <token start="2" span="1" pos="CD" chunk="I-NP" entity="I-TIM" cat="N" id="t0_2" surf="5" base="5"/>
    <token start="3" span="1" pos="," chunk="O" entity="O" cat="," id="t0_3" surf="," base=","/>
    <token start="4" span="1" pos="VBZ" chunk="I-VP" entity="O" cat="(S[dcl]\NP)/NP" id="t0_4" surf="nums" base="num"/>
    <token start="5" span="1" pos="NNP" chunk="I-NP" entity="O" cat="N/N" id="t0_5" surf="=" base="="/>
    <token start="6" span="1" pos="NNP" chunk="I-NP" entity="I-DAT" cat="N" id="t0_6" surf="[" base="["/>
    <token start="7" span="1" pos="CD" chunk="I-NP" entity="I-DAT" cat="N\N" id="t0_7" surf="0" base="0"/>
    <token start="8" span="1" pos="," chunk="I-NP" entity="I-DAT" cat="," id="t0_8" surf="," base=","/>
    <token start="9" span="1" pos="CD" chunk="I-NP" entity="I-DAT" cat="N\N" id="t0_9" surf="1" base="1"/>
    <token start="10" span="1" pos="," chunk="I-NP" entity="I-DAT" cat="," id="t0_10" surf="," base=","/>
    <token start="11" span="1" pos="CD" chunk="I-NP" entity="I-DAT" cat="N\N" id="t0_11" surf="2" base="2"/>
    <token start="12" span="1" pos="," chunk="I-NP" entity="I-DAT" cat="," id="t0_12" surf="," base=","/>
    <token start="13" span="1" pos="CD" chunk="I-NP" entity="I-DAT" cat="N\N" id="t0_13" surf="3" base="3"/>
    <token start="14" span="1" pos="," chunk="I-NP" entity="I-DAT" cat="," id="t0_14" surf="," base=","/>
    <token start="15" span="1" pos="CD" chunk="I-NP" entity="I-DAT" cat="N" id="t0_15" surf="4" base="4"/>
    <token start="16" span="1" pos="," chunk="O" entity="O" cat="," id="t0_16" surf="," base=","/>
    <token start="17" span="1" pos="NNP" chunk="I-NP" entity="I-LOC" cat="NP\NP" id="t0_17" surf="\" base="\"/>
    <token start="18" span="1" pos="," chunk="O" entity="O" cat="," id="t0_18" surf="," base=","/>
    <token start="19" span="1" pos="NNP" chunk="I-NP" entity="I-LOC" cat="NP\NP" id="t0_19" surf="\" base="\"/>
    <token start="20" span="1" pos="," chunk="O" entity="O" cat="," id="t0_20" surf="," base=","/>
    <token start="21" span="1" pos="NNP" chunk="I-NP" entity="I-LOC" cat="NP\NP" id="t0_21" surf="\" base="\"/>
    <token start="22" span="1" pos="," chunk="O" entity="O" cat="," id="t0_22" surf="," base=","/>
    <token start="23" span="1" pos="NNP" chunk="I-NP" entity="I-LOC" cat="NP\NP" id="t0_23" surf="\" base="\"/>
    <token start="24" span="1" pos="," chunk="O" entity="O" cat="," id="t0_24" surf="," base=","/>
    <token start="25" span="1" pos="NNP" chunk="I-NP" entity="I-LOC" cat="(NP\NP)/(NP\NP)" id="t0_25" surf="\" base="\"/>
    <token start="26" span="1" pos="NNP" chunk="I-NP" entity="I-LOC" cat="NP\NP" id="t0_26" surf="]" base="]"/>
  </tokens>
  <ccg root="s0_sp0" id="s0_ccg0">
    <span root="true" id="s0_sp0" child="s0_sp1 s0_sp37" category="NP\NP" rule="ba"/>
    <span id="s0_sp1" child="s0_sp2" category="NP\NP" rule="lex"/>
    <span id="s0_sp2" child="s0_sp3 s0_sp12" category="S[dcl=true]" rule="ba"/>
    <span id="s0_sp3" child="s0_sp4 s0_sp11" category="NP" rule="rp"/>
    <span id="s0_sp4" child="s0_sp5 s0_sp7" category="NP" rule="ba"/>
    <span id="s0_sp5" child="s0_sp6" category="NP" rule="lex"/>
    <span start="0" span="1" pos="NN" chunk="I-NP" entity="I-TIM" id="s0_sp6" surf="Output" base="output" terminal="t0_0" category="N"/>
    <span id="s0_sp7" child="s0_sp8 s0_sp9" category="NP\NP" rule="fa"/>
    <span start="1" span="1" pos="IN" chunk="O" entity="I-TIM" id="s0_sp8" surf=":" base=":" terminal="t0_1" category="(NP\NP)/NP"/>
    <span id="s0_sp9" child="s0_sp10" category="NP" rule="lex"/>
    <span start="2" span="1" pos="CD" chunk="I-NP" entity="I-TIM" id="s0_sp10" surf="5" base="5" terminal="t0_2" category="N"/>
    <span start="3" span="1" pos="," chunk="O" entity="O" id="s0_sp11" surf="," base="," terminal="t0_3" category="=true,"/>
    <span id="s0_sp12" child="s0_sp13 s0_sp14" category="S[dcl=true]\NP" rule="fa"/>
    <span start="4" span="1" pos="VBZ" chunk="I-VP" entity="O" id="s0_sp13" surf="nums" base="num" terminal="t0_4" category="(S[dcl=true]\NP)/NP"/>
    <span id="s0_sp14" child="s0_sp15 s0_sp33" category="NP" rule="ba"/>
    <span id="s0_sp15" child="s0_sp16" category="NP" rule="lex"/>
    <span id="s0_sp16" child="s0_sp17 s0_sp18" category="N" rule="fa"/>
    <span start="5" span="1" pos="NNP" chunk="I-NP" entity="O" id="s0_sp17" surf="=" base="=" terminal="t0_5" category="N/N"/>
    <span id="s0_sp18" child="s0_sp19 s0_sp32" category="N" rule="ba"/>
    <span id="s0_sp19" child="s0_sp20 s0_sp31" category="N" rule="rp"/>
    <span id="s0_sp20" child="s0_sp21 s0_sp30" category="N" rule="ba"/>
    <span id="s0_sp21" child="s0_sp22 s0_sp29" category="N" rule="rp"/>
    <span id="s0_sp22" child="s0_sp23 s0_sp28" category="N" rule="ba"/>
    <span id="s0_sp23" child="s0_sp24 s0_sp27" category="N" rule="rp"/>
    <span id="s0_sp24" child="s0_sp25 s0_sp26" category="N" rule="ba"/>
    <span start="6" span="1" pos="NNP" chunk="I-NP" entity="I-DAT" id="s0_sp25" surf="[" base="[" terminal="t0_6" category="N"/>
    <span start="7" span="1" pos="CD" chunk="I-NP" entity="I-DAT" id="s0_sp26" surf="0" base="0" terminal="t0_7" category="N\N"/>
    <span start="8" span="1" pos="," chunk="I-NP" entity="I-DAT" id="s0_sp27" surf="," base="," terminal="t0_8" category="=true,"/>
    <span start="9" span="1" pos="CD" chunk="I-NP" entity="I-DAT" id="s0_sp28" surf="1" base="1" terminal="t0_9" category="N\N"/>
    <span start="10" span="1" pos="," chunk="I-NP" entity="I-DAT" id="s0_sp29" surf="," base="," terminal="t0_10" category="=true,"/>
    <span start="11" span="1" pos="CD" chunk="I-NP" entity="I-DAT" id="s0_sp30" surf="2" base="2" terminal="t0_11" category="N\N"/>
    <span start="12" span="1" pos="," chunk="I-NP" entity="I-DAT" id="s0_sp31" surf="," base="," terminal="t0_12" category="=true,"/>
    <span start="13" span="1" pos="CD" chunk="I-NP" entity="I-DAT" id="s0_sp32" surf="3" base="3" terminal="t0_13" category="N\N"/>
    <span id="s0_sp33" child="s0_sp34 s0_sp35" category="NP\NP" rule="conj"/>
    <span start="14" span="1" pos="," chunk="I-NP" entity="I-DAT" id="s0_sp34" surf="," base="," terminal="t0_14" category="=true,"/>
    <span id="s0_sp35" child="s0_sp36" category="NP" rule="lex"/>
    <span start="15" span="1" pos="CD" chunk="I-NP" entity="I-DAT" id="s0_sp36" surf="4" base="4" terminal="t0_15" category="N"/>
    <span id="s0_sp37" child="s0_sp38 s0_sp39" category="(NP\NP)\(NP\NP)" rule="conj"/>
    <span start="16" span="1" pos="," chunk="O" entity="O" id="s0_sp38" surf="," base="," terminal="t0_16" category="=true,"/>
    <span id="s0_sp39" child="s0_sp40 s0_sp41" category="NP\NP" rule="ba"/>
    <span start="17" span="1" pos="NNP" chunk="I-NP" entity="I-LOC" id="s0_sp40" surf="\" base="\" terminal="t0_17" category="NP\NP"/>
    <span id="s0_sp41" child="s0_sp42 s0_sp43" category="(NP\NP)\(NP\NP)" rule="conj"/>
    <span start="18" span="1" pos="," chunk="O" entity="O" id="s0_sp42" surf="," base="," terminal="t0_18" category="=true,"/>
    <span id="s0_sp43" child="s0_sp44 s0_sp45" category="NP\NP" rule="ba"/>
    <span start="19" span="1" pos="NNP" chunk="I-NP" entity="I-LOC" id="s0_sp44" surf="\" base="\" terminal="t0_19" category="NP\NP"/>
    <span id="s0_sp45" child="s0_sp46 s0_sp47" category="(NP\NP)\(NP\NP)" rule="conj"/>
    <span start="20" span="1" pos="," chunk="O" entity="O" id="s0_sp46" surf="," base="," terminal="t0_20" category="=true,"/>
    <span id="s0_sp47" child="s0_sp48 s0_sp49" category="NP\NP" rule="ba"/>
    <span start="21" span="1" pos="NNP" chunk="I-NP" entity="I-LOC" id="s0_sp48" surf="\" base="\" terminal="t0_21" category="NP\NP"/>
    <span id="s0_sp49" child="s0_sp50 s0_sp51" category="(NP\NP)\(NP\NP)" rule="conj"/>
    <span start="22" span="1" pos="," chunk="O" entity="O" id="s0_sp50" surf="," base="," terminal="t0_22" category="=true,"/>
    <span id="s0_sp51" child="s0_sp52 s0_sp53" category="NP\NP" rule="ba"/>
    <span start="23" span="1" pos="NNP" chunk="I-NP" entity="I-LOC" id="s0_sp52" surf="\" base="\" terminal="t0_23" category="NP\NP"/>
    <span id="s0_sp53" child="s0_sp54 s0_sp55" category="(NP\NP)\(NP\NP)" rule="conj"/>
    <span start="24" span="1" pos="," chunk="O" entity="O" id="s0_sp54" surf="," base="," terminal="t0_24" category="=true,"/>
    <span id="s0_sp55" child="s0_sp56 s0_sp57" category="NP\NP" rule="fa"/>
    <span start="25" span="1" pos="NNP" chunk="I-NP" entity="I-LOC" id="s0_sp56" surf="\" base="\" terminal="t0_25" category="(NP\NP)/(NP\NP)"/>
    <span start="26" span="1" pos="NNP" chunk="I-NP" entity="I-LOC" id="s0_sp57" surf="]" base="]" terminal="t0_26" category="NP\NP"/>
  </ccg>
</sentence>

