ERROR:root:Failed to parse \F x.(F(x) & (_ = {NNP})(x)). Error: The function '(_ = {NNP})' is not a Lambda Expression, an Application Expression, or a functional predicate, so it may not take arguments.
\F x.(F(x) & (_ = {NNP})(x))
                       ^
ERROR:root:An error occurred: The function '(_ = {NNP})' is not a Lambda Expression, an Application Expression, or a functional predicate, so it may not take arguments.
\F x.(F(x) & (_ = {NNP})(x))
                       ^
Sentence: Output : 2 , nums = [ 1 , 2 , \ ]
Tree XML:
<sentence>
  <tokens>
    <token start="0" span="1" pos="NN" chunk="I-NP" entity="I-TIM" cat="N" id="t0_0" surf="Output" base="output"/>
    <token start="1" span="1" pos="IN" chunk="O" entity="I-TIM" cat="(NP\NP)/NP" id="t0_1" surf=":" base=":"/>
    <token start="2" span="1" pos="CD" chunk="I-NP" entity="I-TIM" cat="N" id="t0_2" surf="2" base="2"/>
    <token start="3" span="1" pos="," chunk="O" entity="O" cat="," id="t0_3" surf="," base=","/>
    <token start="4" span="1" pos="VBZ" chunk="I-VP" entity="O" cat="(S[dcl]\NP)/NP" id="t0_4" surf="nums" base="num"/>
    <token start="5" span="1" pos="NNP" chunk="I-NP" entity="O" cat="N/N" id="t0_5" surf="=" base="="/>
    <token start="6" span="1" pos="NNP" chunk="I-NP" entity="O" cat="N" id="t0_6" surf="[" base="["/>
    <token start="7" span="1" pos="CD" chunk="I-NP" entity="O" cat="N\N" id="t0_7" surf="1" base="1"/>
    <token start="8" span="1" pos="," chunk="I-NP" entity="O" cat="," id="t0_8" surf="," base=","/>
    <token start="9" span="1" pos="CD" chunk="I-NP" entity="O" cat="N\N" id="t0_9" surf="2" base="2"/>
    <token start="10" span="1" pos="," chunk="I-NP" entity="O" cat="," id="t0_10" surf="," base=","/>
    <token start="11" span="1" pos="CD" chunk="I-NP" entity="O" cat="N/N" id="t0_11" surf="\" base="\"/>
    <token start="12" span="1" pos="NNS" chunk="I-NP" entity="O" cat="N" id="t0_12" surf="]" base="]"/>
  </tokens>
  <ccg root="s0_sp0" id="s0_ccg0">
    <span root="true" id="s0_sp0" child="s0_sp1 s0_sp10" category="S[dcl=true]" rule="ba"/>
    <span id="s0_sp1" child="s0_sp2 s0_sp9" category="NP" rule="rp"/>
    <span id="s0_sp2" child="s0_sp3 s0_sp5" category="NP" rule="ba"/>
    <span id="s0_sp3" child="s0_sp4" category="NP" rule="lex"/>
    <span start="0" span="1" pos="NN" chunk="I-NP" entity="I-TIM" id="s0_sp4" surf="Output" base="output" terminal="t0_0" category="N"/>
    <span id="s0_sp5" child="s0_sp6 s0_sp7" category="NP\NP" rule="fa"/>
    <span start="1" span="1" pos="IN" chunk="O" entity="I-TIM" id="s0_sp6" surf=":" base=":" terminal="t0_1" category="(NP\NP)/NP"/>
    <span id="s0_sp7" child="s0_sp8" category="NP" rule="lex"/>
    <span start="2" span="1" pos="CD" chunk="I-NP" entity="I-TIM" id="s0_sp8" surf="2" base="2" terminal="t0_2" category="N"/>
    <span start="3" span="1" pos="," chunk="O" entity="O" id="s0_sp9" surf="," base="," terminal="t0_3" category="=true,"/>
    <span id="s0_sp10" child="s0_sp11 s0_sp12" category="S[dcl=true]\NP" rule="fa"/>
    <span start="4" span="1" pos="VBZ" chunk="I-VP" entity="O" id="s0_sp11" surf="nums" base="num" terminal="t0_4" category="(S[dcl=true]\NP)/NP"/>
    <span id="s0_sp12" child="s0_sp13 s0_sp23" category="NP" rule="ba"/>
    <span id="s0_sp13" child="s0_sp14" category="NP" rule="lex"/>
    <span id="s0_sp14" child="s0_sp15 s0_sp16" category="N" rule="fa"/>
    <span start="5" span="1" pos="NNP" chunk="I-NP" entity="O" id="s0_sp15" surf="=" base="=" terminal="t0_5" category="N/N"/>
    <span id="s0_sp16" child="s0_sp17 s0_sp22" category="N" rule="ba"/>
    <span id="s0_sp17" child="s0_sp18 s0_sp21" category="N" rule="rp"/>
    <span id="s0_sp18" child="s0_sp19 s0_sp20" category="N" rule="ba"/>
    <span start="6" span="1" pos="NNP" chunk="I-NP" entity="O" id="s0_sp19" surf="[" base="[" terminal="t0_6" category="N"/>
    <span start="7" span="1" pos="CD" chunk="I-NP" entity="O" id="s0_sp20" surf="1" base="1" terminal="t0_7" category="N\N"/>
    <span start="8" span="1" pos="," chunk="I-NP" entity="O" id="s0_sp21" surf="," base="," terminal="t0_8" category="=true,"/>
    <span start="9" span="1" pos="CD" chunk="I-NP" entity="O" id="s0_sp22" surf="2" base="2" terminal="t0_9" category="N\N"/>
    <span id="s0_sp23" child="s0_sp24 s0_sp25" category="NP\NP" rule="conj"/>
    <span start="10" span="1" pos="," chunk="I-NP" entity="O" id="s0_sp24" surf="," base="," terminal="t0_10" category="=true,"/>
    <span id="s0_sp25" child="s0_sp26" category="NP" rule="lex"/>
    <span id="s0_sp26" child="s0_sp27 s0_sp28" category="N" rule="fa"/>
    <span start="11" span="1" pos="CD" chunk="I-NP" entity="O" id="s0_sp27" surf="\" base="\" terminal="t0_11" category="N/N"/>
    <span start="12" span="1" pos="NNS" chunk="I-NP" entity="O" id="s0_sp28" surf="]" base="]" terminal="t0_12" category="N"/>
  </ccg>
</sentence>

