ERROR:root:Failed to parse \x.((_ = {NN})(x) & _k{NN}(x)). Error: The function '(_ = {NN})' is not a Lambda Expression, an Application Expression, or a functional predicate, so it may not take arguments.
\x.((_ = {NN})(x) & _k{NN}(x))
             ^
ERROR:root:An error occurred: The function '(_ = {NN})' is not a Lambda Expression, an Application Expression, or a functional predicate, so it may not take arguments.
\x.((_ = {NN})(x) & _k{NN}(x))
             ^
Sentence: int k = removeDuplicates ( nums ) ; // Calls your implementation
Tree XML:
<sentence>
  <tokens>
    <token start="0" span="1" pos="JJ" chunk="I-NP" entity="O" cat="N/N" id="t0_0" surf="int" base="int"/>
    <token start="1" span="1" pos="NN" chunk="I-NP" entity="O" cat="N/N" id="t0_1" surf="k" base="k"/>
    <token start="2" span="1" pos="NN" chunk="I-NP" entity="O" cat="N" id="t0_2" surf="=" base="="/>
    <token start="3" span="1" pos="VBZ" chunk="I-VP" entity="O" cat="(S[dcl]\NP)/NP" id="t0_3" surf="removeDuplicates" base="removeduplicate"/>
    <token start="4" span="1" pos="LRB" chunk="O" entity="O" cat="LRB" id="t0_4" surf="(" base="("/>
    <token start="5" span="1" pos="NNS" chunk="I-NP" entity="O" cat="N" id="t0_5" surf="nums" base="num"/>
    <token start="6" span="1" pos="RRB" chunk="O" entity="O" cat="RRB" id="t0_6" surf=")" base=")"/>
    <token start="7" span="1" pos=";" chunk="O" entity="O" cat=";" id="t0_7" surf=";" base=";"/>
    <token start="8" span="1" pos="NNP" chunk="I-NP" entity="I-ORG" cat="N/N" id="t0_8" surf="//" base="//"/>
    <token start="9" span="1" pos="NNPS" chunk="I-NP" entity="I-ORG" cat="N" id="t0_9" surf="Calls" base="calls"/>
    <token start="10" span="1" pos="PRP$" chunk="B-NP" entity="O" cat="(NP\NP)/N" id="t0_10" surf="your" base="your"/>
    <token start="11" span="1" pos="NN" chunk="I-NP" entity="O" cat="N" id="t0_11" surf="implementation" base="implementation"/>
  </tokens>
  <ccg root="s0_sp0" id="s0_ccg0">
    <span root="true" id="s0_sp0" child="s0_sp1 s0_sp7" category="S[dcl=true]" rule="ba"/>
    <span id="s0_sp1" child="s0_sp2" category="NP" rule="lex"/>
    <span id="s0_sp2" child="s0_sp3 s0_sp4" category="N" rule="fa"/>
    <span start="0" span="1" pos="JJ" chunk="I-NP" entity="O" id="s0_sp3" surf="int" base="int" terminal="t0_0" category="N/N"/>
    <span id="s0_sp4" child="s0_sp5 s0_sp6" category="N" rule="fa"/>
    <span start="1" span="1" pos="NN" chunk="I-NP" entity="O" id="s0_sp5" surf="k" base="k" terminal="t0_1" category="N/N"/>
    <span start="2" span="1" pos="NN" chunk="I-NP" entity="O" id="s0_sp6" surf="=" base="=" terminal="t0_2" category="N"/>
    <span id="s0_sp7" child="s0_sp8 s0_sp9" category="S[dcl=true]\NP" rule="fa"/>
    <span start="3" span="1" pos="VBZ" chunk="I-VP" entity="O" id="s0_sp8" surf="removeDuplicates" base="removeduplicate" terminal="t0_3" category="(S[dcl=true]\NP)/NP"/>
    <span id="s0_sp9" child="s0_sp10 s0_sp16" category="NP" rule="ba"/>
    <span id="s0_sp10" child="s0_sp11 s0_sp12" category="NP" rule="lp"/>
    <span start="4" span="1" pos="LRB" chunk="O" entity="O" id="s0_sp11" surf="(" base="(" terminal="t0_4" category="LRB"/>
    <span id="s0_sp12" child="s0_sp13 s0_sp15" category="NP" rule="rp"/>
    <span id="s0_sp13" child="s0_sp14" category="NP" rule="lex"/>
    <span start="5" span="1" pos="NNS" chunk="I-NP" entity="O" id="s0_sp14" surf="nums" base="num" terminal="t0_5" category="N"/>
    <span start="6" span="1" pos="RRB" chunk="O" entity="O" id="s0_sp15" surf=")" base=")" terminal="t0_6" category="RRB"/>
    <span id="s0_sp16" child="s0_sp17 s0_sp18" category="NP\NP" rule="conj"/>
    <span start="7" span="1" pos=";" chunk="O" entity="O" id="s0_sp17" surf=";" base=";" terminal="t0_7" category=";"/>
    <span id="s0_sp18" child="s0_sp19 s0_sp23" category="NP" rule="ba"/>
    <span id="s0_sp19" child="s0_sp20" category="NP" rule="lex"/>
    <span id="s0_sp20" child="s0_sp21 s0_sp22" category="N" rule="fa"/>
    <span start="8" span="1" pos="NNP" chunk="I-NP" entity="I-ORG" id="s0_sp21" surf="//" base="//" terminal="t0_8" category="N/N"/>
    <span start="9" span="1" pos="NNPS" chunk="I-NP" entity="I-ORG" id="s0_sp22" surf="Calls" base="calls" terminal="t0_9" category="N"/>
    <span id="s0_sp23" child="s0_sp24 s0_sp25" category="NP\NP" rule="fa"/>
    <span start="10" span="1" pos="PRP$" chunk="B-NP" entity="O" id="s0_sp24" surf="your" base="your" terminal="t0_10" category="(NP\NP)/N"/>
    <span start="11" span="1" pos="NN" chunk="I-NP" entity="O" id="s0_sp25" surf="implementation" base="implementation" terminal="t0_11" category="N"/>
  </ccg>
</sentence>

