ERROR:root:Failed to parse \F x.(F(x) & (_ = {NNP})(x)). Error: The function '(_ = {NNP})' is not a Lambda Expression, an Application Expression, or a functional predicate, so it may not take arguments.
\F x.(F(x) & (_ = {NNP})(x))
                       ^
ERROR:root:An error occurred: The function '(_ = {NNP})' is not a Lambda Expression, an Application Expression, or a functional predicate, so it may not take arguments.
\F x.(F(x) & (_ = {NNP})(x))
                       ^
Sentence: assert nums [ i ] == expectedNums [ i ] ;
Tree XML:
<sentence>
  <tokens>
    <token start="0" span="1" pos="NN" chunk="I-VP" entity="O" cat="N/N" id="t0_0" surf="assert" base="assert"/>
    <token start="1" span="1" pos="NNS" chunk="I-NP" entity="O" cat="N" id="t0_1" surf="nums" base="num"/>
    <token start="2" span="1" pos="VBP" chunk="I-VP" entity="O" cat="(S[dcl]\NP)/NP" id="t0_2" surf="[" base="["/>
    <token start="3" span="1" pos="JJ" chunk="I-NP" entity="O" cat="N/N" id="t0_3" surf="i" base="i"/>
    <token start="4" span="1" pos="NNP" chunk="I-NP" entity="I-PER" cat="N/N" id="t0_4" surf="]" base="]"/>
    <token start="5" span="1" pos="NNP" chunk="I-NP" entity="I-PER" cat="N/N" id="t0_5" surf="==" base="=="/>
    <token start="6" span="1" pos="NNP" chunk="I-NP" entity="I-PER" cat="N/N" id="t0_6" surf="expectedNums" base="expectednums"/>
    <token start="7" span="1" pos="NNP" chunk="I-NP" entity="I-PER" cat="N/N" id="t0_7" surf="[" base="["/>
    <token start="8" span="1" pos="NNP" chunk="I-NP" entity="I-PER" cat="N/N" id="t0_8" surf="i" base="i"/>
    <token start="9" span="1" pos="NNP" chunk="I-NP" entity="I-PER" cat="N" id="t0_9" surf="]" base="]"/>
    <token start="10" span="1" pos=";" chunk="O" entity="O" cat=";" id="t0_10" surf=";" base=";"/>
  </tokens>
  <ccg root="s0_sp0" id="s0_ccg0">
    <span root="true" id="s0_sp0" child="s0_sp1 s0_sp22" category="S[dcl=true]" rule="rp"/>
    <span id="s0_sp1" child="s0_sp2 s0_sp6" category="S[dcl=true]" rule="ba"/>
    <span id="s0_sp2" child="s0_sp3" category="NP" rule="lex"/>
    <span id="s0_sp3" child="s0_sp4 s0_sp5" category="N" rule="fa"/>
    <span start="0" span="1" pos="NN" chunk="I-VP" entity="O" id="s0_sp4" surf="assert" base="assert" terminal="t0_0" category="N/N"/>
    <span start="1" span="1" pos="NNS" chunk="I-NP" entity="O" id="s0_sp5" surf="nums" base="num" terminal="t0_1" category="N"/>
    <span id="s0_sp6" child="s0_sp7 s0_sp8" category="S[dcl=true]\NP" rule="fa"/>
    <span start="2" span="1" pos="VBP" chunk="I-VP" entity="O" id="s0_sp7" surf="[" base="[" terminal="t0_2" category="(S[dcl=true]\NP)/NP"/>
    <span id="s0_sp8" child="s0_sp9" category="NP" rule="lex"/>
    <span id="s0_sp9" child="s0_sp10 s0_sp11" category="N" rule="fa"/>
    <span start="3" span="1" pos="JJ" chunk="I-NP" entity="O" id="s0_sp10" surf="i" base="i" terminal="t0_3" category="N/N"/>
    <span id="s0_sp11" child="s0_sp12 s0_sp13" category="N" rule="fa"/>
    <span start="4" span="1" pos="NNP" chunk="I-NP" entity="I-PER" id="s0_sp12" surf="]" base="]" terminal="t0_4" category="N/N"/>
    <span id="s0_sp13" child="s0_sp14 s0_sp15" category="N" rule="fa"/>
    <span start="5" span="1" pos="NNP" chunk="I-NP" entity="I-PER" id="s0_sp14" surf="==" base="==" terminal="t0_5" category="N/N"/>
    <span id="s0_sp15" child="s0_sp16 s0_sp17" category="N" rule="fa"/>
    <span start="6" span="1" pos="NNP" chunk="I-NP" entity="I-PER" id="s0_sp16" surf="expectedNums" base="expectednums" terminal="t0_6" category="N/N"/>
    <span id="s0_sp17" child="s0_sp18 s0_sp19" category="N" rule="fa"/>
    <span start="7" span="1" pos="NNP" chunk="I-NP" entity="I-PER" id="s0_sp18" surf="[" base="[" terminal="t0_7" category="N/N"/>
    <span id="s0_sp19" child="s0_sp20 s0_sp21" category="N" rule="fa"/>
    <span start="8" span="1" pos="NNP" chunk="I-NP" entity="I-PER" id="s0_sp20" surf="i" base="i" terminal="t0_8" category="N/N"/>
    <span start="9" span="1" pos="NNP" chunk="I-NP" entity="I-PER" id="s0_sp21" surf="]" base="]" terminal="t0_9" category="N"/>
    <span start="10" span="1" pos=";" chunk="O" entity="O" id="s0_sp22" surf=";" base=";" terminal="t0_10" category=";"/>
  </ccg>
</sentence>

