ERROR:root:Failed to parse \F x.(F(x) & (_ = {NN})(x)). Error: The function '(_ = {NN})' is not a Lambda Expression, an Application Expression, or a functional predicate, so it may not take arguments.
\F x.(F(x) & (_ = {NN})(x))
                      ^
ERROR:root:An error occurred: The function '(_ = {NN})' is not a Lambda Expression, an Application Expression, or a functional predicate, so it may not take arguments.
\F x.(F(x) & (_ = {NN})(x))
                      ^
Sentence: Given an integer array `nums` and an integer `k` , return `true` if there are two distinct indices `i` and `j` in the array such that `nums [ i ] == nums [ j ] ` and `abs ( i - j ) < = k` .
Tree XML:
<sentence>
  <tokens>
    <token start="0" span="1" pos="VBN" chunk="I-PP" entity="O" cat="(S[pss]\NP)/NP" id="t0_0" surf="Given" base="give"/>
    <token start="1" span="1" pos="DT" chunk="I-NP" entity="O" cat="NP[nb]/N" id="t0_1" surf="an" base="an"/>
    <token start="2" span="1" pos="NN" chunk="I-NP" entity="O" cat="N/N" id="t0_2" surf="integer" base="integer"/>
    <token start="3" span="1" pos="NN" chunk="I-NP" entity="O" cat="N/N" id="t0_3" surf="array" base="array"/>
    <token start="4" span="1" pos="NN" chunk="I-NP" entity="O" cat="N" id="t0_4" surf="`nums`" base="`nums`"/>
    <token start="5" span="1" pos="CC" chunk="O" entity="O" cat="conj" id="t0_5" surf="and" base="and"/>
    <token start="6" span="1" pos="DT" chunk="I-NP" entity="O" cat="NP[nb]/N" id="t0_6" surf="an" base="an"/>
    <token start="7" span="1" pos="NN" chunk="I-NP" entity="O" cat="N/N" id="t0_7" surf="integer" base="integer"/>
    <token start="8" span="1" pos="NN" chunk="I-NP" entity="O" cat="N" id="t0_8" surf="`k`" base="`k`"/>
    <token start="9" span="1" pos="," chunk="O" entity="O" cat="," id="t0_9" surf="," base=","/>
    <token start="10" span="1" pos="NN" chunk="I-NP" entity="O" cat="N/N" id="t0_10" surf="return" base="return"/>
    <token start="11" span="1" pos="NN" chunk="I-NP" entity="O" cat="N" id="t0_11" surf="`true`" base="`true`"/>
    <token start="12" span="1" pos="IN" chunk="I-SBAR" entity="O" cat="((S\NP)\(S\NP))/S[dcl]" id="t0_12" surf="if" base="if"/>
    <token start="13" span="1" pos="EX" chunk="I-NP" entity="O" cat="NP[thr]" id="t0_13" surf="there" base="there"/>
    <token start="14" span="1" pos="VBP" chunk="I-VP" entity="O" cat="(S[dcl]\NP[thr])/NP" id="t0_14" surf="are" base="be"/>
    <token start="15" span="1" pos="CD" chunk="I-NP" entity="O" cat="N/N" id="t0_15" surf="two" base="two"/>
    <token start="16" span="1" pos="JJ" chunk="I-NP" entity="O" cat="N/N" id="t0_16" surf="distinct" base="distinct"/>
    <token start="17" span="1" pos="NNS" chunk="I-NP" entity="O" cat="N/N" id="t0_17" surf="indices" base="index"/>
    <token start="18" span="1" pos="NN" chunk="I-NP" entity="O" cat="N" id="t0_18" surf="`i`" base="`i`"/>
    <token start="19" span="1" pos="CC" chunk="I-NP" entity="O" cat="conj" id="t0_19" surf="and" base="and"/>
    <token start="20" span="1" pos="NN" chunk="I-NP" entity="O" cat="N" id="t0_20" surf="`j`" base="`j`"/>
    <token start="21" span="1" pos="IN" chunk="I-PP" entity="O" cat="((S\NP)\(S\NP))/NP" id="t0_21" surf="in" base="in"/>
    <token start="22" span="1" pos="DT" chunk="I-NP" entity="O" cat="NP[nb]/N" id="t0_22" surf="the" base="the"/>
    <token start="23" span="1" pos="NN" chunk="I-NP" entity="O" cat="N" id="t0_23" surf="array" base="array"/>
    <token start="24" span="1" pos="JJ" chunk="I-PP" entity="O" cat="(S[adj]\NP)/S[em]" id="t0_24" surf="such" base="such"/>
    <token start="25" span="1" pos="IN" chunk="I-SBAR" entity="O" cat="S[em]/S[dcl]" id="t0_25" surf="that" base="that"/>
    <token start="26" span="1" pos="NNS" chunk="I-NP" entity="O" cat="N" id="t0_26" surf="`nums" base="`nums"/>
    <token start="27" span="1" pos="VBP" chunk="I-VP" entity="O" cat="(S[dcl]\NP)/NP" id="t0_27" surf="[" base="["/>
    <token start="28" span="1" pos="JJ" chunk="I-NP" entity="O" cat="N/N" id="t0_28" surf="i" base="i"/>
    <token start="29" span="1" pos="JJ" chunk="I-NP" entity="O" cat="N/N" id="t0_29" surf="]" base="]"/>
    <token start="30" span="1" pos="NN" chunk="I-NP" entity="O" cat="N/N" id="t0_30" surf="==" base="=="/>
    <token start="31" span="1" pos="NNS" chunk="I-NP" entity="O" cat="N" id="t0_31" surf="nums" base="num"/>
    <token start="32" span="1" pos="VBP" chunk="I-VP" entity="O" cat="(S[dcl]\NP)/NP" id="t0_32" surf="[" base="["/>
    <token start="33" span="1" pos="NN" chunk="I-NP" entity="O" cat="N/N" id="t0_33" surf="j" base="j"/>
    <token start="34" span="1" pos="NNS" chunk="I-NP" entity="O" cat="N" id="t0_34" surf="]" base="]"/>
    <token start="35" span="1" pos="LQU" chunk="O" entity="O" cat="LQU" id="t0_35" surf="`" base="`"/>
    <token start="36" span="1" pos="CC" chunk="O" entity="O" cat="conj" id="t0_36" surf="and" base="and"/>
    <token start="37" span="1" pos="NNS" chunk="I-NP" entity="O" cat="N" id="t0_37" surf="`abs" base="`abs"/>
    <token start="38" span="1" pos="LRB" chunk="O" entity="O" cat="(NP\NP)/NP" id="t0_38" surf="(" base="("/>
    <token start="39" span="1" pos="SYM" chunk="I-NP" entity="O" cat="NP/NP" id="t0_39" surf="i" base="i"/>
    <token start="40" span="1" pos=":" chunk="O" entity="O" cat=":" id="t0_40" surf="-" base="-"/>
    <token start="41" span="1" pos="NN" chunk="I-NP" entity="O" cat="N/N" id="t0_41" surf="j" base="j"/>
    <token start="42" span="1" pos="RRB" chunk="O" entity="O" cat="RRB" id="t0_42" surf=")" base=")"/>
    <token start="43" span="1" pos="NN" chunk="I-NP" entity="O" cat="N/N" id="t0_43" surf="&lt;" base="&lt;"/>
    <token start="44" span="1" pos="NN" chunk="I-NP" entity="O" cat="N/N" id="t0_44" surf="=" base="="/>
    <token start="45" span="1" pos="NN" chunk="I-NP" entity="O" cat="N" id="t0_45" surf="k`" base="k`"/>
    <token start="46" span="1" pos="." chunk="O" entity="O" cat="." id="t0_46" surf="." base="."/>
  </tokens>
  <ccg root="s0_sp0" id="s0_ccg0">
    <span root="true" id="s0_sp0" child="s0_sp1 s0_sp25" category="S[pss=true]\NP" rule="ba"/>
    <span id="s0_sp1" child="s0_sp2 s0_sp3" category="S[pss=true]\NP" rule="fa"/>
    <span start="0" span="1" pos="VBN" chunk="I-PP" entity="O" id="s0_sp2" surf="Given" base="give" terminal="t0_0" category="(S[pss=true]\NP)/NP"/>
    <span id="s0_sp3" child="s0_sp4 s0_sp11" category="NP" rule="ba"/>
    <span id="s0_sp4" child="s0_sp5 s0_sp6" category="NP[nb=true]" rule="fa"/>
    <span start="1" span="1" pos="DT" chunk="I-NP" entity="O" id="s0_sp5" surf="an" base="an" terminal="t0_1" category="NP[nb=true]/N"/>
    <span id="s0_sp6" child="s0_sp7 s0_sp8" category="N" rule="fa"/>
    <span start="2" span="1" pos="NN" chunk="I-NP" entity="O" id="s0_sp7" surf="integer" base="integer" terminal="t0_2" category="N/N"/>
    <span id="s0_sp8" child="s0_sp9 s0_sp10" category="N" rule="fa"/>
    <span start="3" span="1" pos="NN" chunk="I-NP" entity="O" id="s0_sp9" surf="array" base="array" terminal="t0_3" category="N/N"/>
    <span start="4" span="1" pos="NN" chunk="I-NP" entity="O" id="s0_sp10" surf="`nums`" base="`nums`" terminal="t0_4" category="N"/>
    <span id="s0_sp11" child="s0_sp12 s0_sp13" category="NP\NP" rule="conj"/>
    <span start="5" span="1" pos="CC" chunk="O" entity="O" id="s0_sp12" surf="and" base="and" terminal="t0_5" category="conj"/>
    <span id="s0_sp13" child="s0_sp14 s0_sp19" category="NP" rule="ba"/>
    <span id="s0_sp14" child="s0_sp15 s0_sp16" category="NP[nb=true]" rule="fa"/>
    <span start="6" span="1" pos="DT" chunk="I-NP" entity="O" id="s0_sp15" surf="an" base="an" terminal="t0_6" category="NP[nb=true]/N"/>
    <span id="s0_sp16" child="s0_sp17 s0_sp18" category="N" rule="fa"/>
    <span start="7" span="1" pos="NN" chunk="I-NP" entity="O" id="s0_sp17" surf="integer" base="integer" terminal="t0_7" category="N/N"/>
    <span start="8" span="1" pos="NN" chunk="I-NP" entity="O" id="s0_sp18" surf="`k`" base="`k`" terminal="t0_8" category="N"/>
    <span id="s0_sp19" child="s0_sp20 s0_sp21" category="NP\NP" rule="conj"/>
    <span start="9" span="1" pos="," chunk="O" entity="O" id="s0_sp20" surf="," base="," terminal="t0_9" category="=true,"/>
    <span id="s0_sp21" child="s0_sp22" category="NP" rule="lex"/>
    <span id="s0_sp22" child="s0_sp23 s0_sp24" category="N" rule="fa"/>
    <span start="10" span="1" pos="NN" chunk="I-NP" entity="O" id="s0_sp23" surf="return" base="return" terminal="t0_10" category="N/N"/>
    <span start="11" span="1" pos="NN" chunk="I-NP" entity="O" id="s0_sp24" surf="`true`" base="`true`" terminal="t0_11" category="N"/>
    <span id="s0_sp25" child="s0_sp26 s0_sp27" category="(S[X=true]\NP)\(S[X=true]\NP)" rule="fa"/>
    <span start="12" span="1" pos="IN" chunk="I-SBAR" entity="O" id="s0_sp26" surf="if" base="if" terminal="t0_12" category="((S\NP)\(S\NP))/S[dcl=true]"/>
    <span id="s0_sp27" child="s0_sp28 s0_sp29" category="S[dcl=true]" rule="ba"/>
    <span start="13" span="1" pos="EX" chunk="I-NP" entity="O" id="s0_sp28" surf="there" base="there" terminal="t0_13" category="NP[thr=true]"/>
    <span id="s0_sp29" child="s0_sp30 s0_sp44" category="S[dcl=true]\NP" rule="ba"/>
    <span id="s0_sp30" child="s0_sp31 s0_sp32" category="S[dcl=true]\NP[thr=true]" rule="fa"/>
    <span start="14" span="1" pos="VBP" chunk="I-VP" entity="O" id="s0_sp31" surf="are" base="be" terminal="t0_14" category="(S[dcl=true]\NP[thr=true])/NP"/>
    <span id="s0_sp32" child="s0_sp33" category="NP" rule="lex"/>
    <span id="s0_sp33" child="s0_sp34 s0_sp35" category="N" rule="fa"/>
    <span start="15" span="1" pos="CD" chunk="I-NP" entity="O" id="s0_sp34" surf="two" base="two" terminal="t0_15" category="N/N"/>
    <span id="s0_sp35" child="s0_sp36 s0_sp37" category="N" rule="fa"/>
    <span start="16" span="1" pos="JJ" chunk="I-NP" entity="O" id="s0_sp36" surf="distinct" base="distinct" terminal="t0_16" category="N/N"/>
    <span id="s0_sp37" child="s0_sp38 s0_sp39" category="N" rule="fa"/>
    <span start="17" span="1" pos="NNS" chunk="I-NP" entity="O" id="s0_sp38" surf="indices" base="index" terminal="t0_17" category="N/N"/>
    <span id="s0_sp39" child="s0_sp40 s0_sp41" category="N" rule="ba"/>
    <span start="18" span="1" pos="NN" chunk="I-NP" entity="O" id="s0_sp40" surf="`i`" base="`i`" terminal="t0_18" category="N"/>
    <span id="s0_sp41" child="s0_sp42 s0_sp43" category="N\N" rule="conj"/>
    <span start="19" span="1" pos="CC" chunk="I-NP" entity="O" id="s0_sp42" surf="and" base="and" terminal="t0_19" category="conj"/>
    <span start="20" span="1" pos="NN" chunk="I-NP" entity="O" id="s0_sp43" surf="`j`" base="`j`" terminal="t0_20" category="N"/>
    <span id="s0_sp44" child="s0_sp45 s0_sp46" category="(S[X=true]\NP)\(S[X=true]\NP)" rule="fa"/>
    <span start="21" span="1" pos="IN" chunk="I-PP" entity="O" id="s0_sp45" surf="in" base="in" terminal="t0_21" category="((S\NP)\(S\NP))/NP"/>
    <span id="s0_sp46" child="s0_sp47 s0_sp50" category="NP" rule="ba"/>
    <span id="s0_sp47" child="s0_sp48 s0_sp49" category="NP[nb=true]" rule="fa"/>
    <span start="22" span="1" pos="DT" chunk="I-NP" entity="O" id="s0_sp48" surf="the" base="the" terminal="t0_22" category="NP[nb=true]/N"/>
    <span start="23" span="1" pos="NN" chunk="I-NP" entity="O" id="s0_sp49" surf="array" base="array" terminal="t0_23" category="N"/>
    <span id="s0_sp50" child="s0_sp51" category="NP\NP" rule="lex"/>
    <span id="s0_sp51" child="s0_sp52 s0_sp53" category="S[adj=true]\NP" rule="fa"/>
    <span start="24" span="1" pos="JJ" chunk="I-PP" entity="O" id="s0_sp52" surf="such" base="such" terminal="t0_24" category="(S[adj=true]\NP)/S[em=true]"/>
    <span id="s0_sp53" child="s0_sp54 s0_sp55" category="S[em=true]" rule="fa"/>
    <span start="25" span="1" pos="IN" chunk="I-SBAR" entity="O" id="s0_sp54" surf="that" base="that" terminal="t0_25" category="S[em=true]/S[dcl=true]"/>
    <span id="s0_sp55" child="s0_sp56 s0_sp102" category="S[dcl=true]" rule="rp"/>
    <span id="s0_sp56" child="s0_sp57 s0_sp79" category="S[dcl=true]" rule="fa"/>
    <span id="s0_sp57" child="s0_sp58 s0_sp63" category="S[dcl=true]/NP" rule="bx"/>
    <span id="s0_sp58" child="s0_sp59 s0_sp62" category="S[dcl=true]/NP" rule="fc"/>
    <span id="s0_sp59" child="s0_sp60" category="S[X=true]/(S[X=true]\NP)" rule="tr"/>
    <span id="s0_sp60" child="s0_sp61" category="NP" rule="lex"/>
    <span start="26" span="1" pos="NNS" chunk="I-NP" entity="O" id="s0_sp61" surf="`nums" base="`nums" terminal="t0_26" category="N"/>
    <span start="27" span="1" pos="VBP" chunk="I-VP" entity="O" id="s0_sp62" surf="[" base="[" terminal="t0_27" category="(S[dcl=true]\NP)/NP"/>
    <span id="s0_sp63" child="s0_sp64" category="S[X=true]\S[X=true]" rule="lex"/>
    <span id="s0_sp64" child="s0_sp65 s0_sp73" category="S[dcl=true]" rule="ba"/>
    <span id="s0_sp65" child="s0_sp66" category="NP" rule="lex"/>
    <span id="s0_sp66" child="s0_sp67 s0_sp68" category="N" rule="fa"/>
    <span start="28" span="1" pos="JJ" chunk="I-NP" entity="O" id="s0_sp67" surf="i" base="i" terminal="t0_28" category="N/N"/>
    <span id="s0_sp68" child="s0_sp69 s0_sp70" category="N" rule="fa"/>
    <span start="29" span="1" pos="JJ" chunk="I-NP" entity="O" id="s0_sp69" surf="]" base="]" terminal="t0_29" category="N/N"/>
    <span id="s0_sp70" child="s0_sp71 s0_sp72" category="N" rule="fa"/>
    <span start="30" span="1" pos="NN" chunk="I-NP" entity="O" id="s0_sp71" surf="==" base="==" terminal="t0_30" category="N/N"/>
    <span start="31" span="1" pos="NNS" chunk="I-NP" entity="O" id="s0_sp72" surf="nums" base="num" terminal="t0_31" category="N"/>
    <span id="s0_sp73" child="s0_sp74 s0_sp75" category="S[dcl=true]\NP" rule="fa"/>
    <span start="32" span="1" pos="VBP" chunk="I-VP" entity="O" id="s0_sp74" surf="[" base="[" terminal="t0_32" category="(S[dcl=true]\NP)/NP"/>
    <span id="s0_sp75" child="s0_sp76" category="NP" rule="lex"/>
    <span id="s0_sp76" child="s0_sp77 s0_sp78" category="N" rule="fa"/>
    <span start="33" span="1" pos="NN" chunk="I-NP" entity="O" id="s0_sp77" surf="j" base="j" terminal="t0_33" category="N/N"/>
    <span start="34" span="1" pos="NNS" chunk="I-NP" entity="O" id="s0_sp78" surf="]" base="]" terminal="t0_34" category="N"/>
    <span id="s0_sp79" child="s0_sp80 s0_sp81" category="NP" rule="lp"/>
    <span start="35" span="1" pos="LQU" chunk="O" entity="O" id="s0_sp80" surf="`" base="`" terminal="t0_35" category="LQU"/>
    <span id="s0_sp81" child="s0_sp82 s0_sp86" category="NP" rule="ba"/>
    <span id="s0_sp82" child="s0_sp83" category="NP" rule="lex"/>
    <span id="s0_sp83" child="s0_sp84 s0_sp85" category="N" rule="funny"/>
    <span start="36" span="1" pos="CC" chunk="O" entity="O" id="s0_sp84" surf="and" base="and" terminal="t0_36" category="conj"/>
    <span start="37" span="1" pos="NNS" chunk="I-NP" entity="O" id="s0_sp85" surf="`abs" base="`abs" terminal="t0_37" category="N"/>
    <span id="s0_sp86" child="s0_sp87 s0_sp88" category="NP\NP" rule="fa"/>
    <span start="38" span="1" pos="LRB" chunk="O" entity="O" id="s0_sp87" surf="(" base="(" terminal="t0_38" category="(NP\NP)/NP"/>
    <span id="s0_sp88" child="s0_sp89 s0_sp90" category="NP" rule="fa"/>
    <span start="39" span="1" pos="SYM" chunk="I-NP" entity="O" id="s0_sp89" surf="i" base="i" terminal="t0_39" category="NP/NP"/>
    <span id="s0_sp90" child="s0_sp91" category="NP" rule="lex"/>
    <span id="s0_sp91" child="s0_sp92 s0_sp93" category="N" rule="lp"/>
    <span start="40" span="1" pos=":" chunk="O" entity="O" id="s0_sp92" surf="-" base="-" terminal="t0_40" category=":"/>
    <span id="s0_sp93" child="s0_sp94 s0_sp95" category="N" rule="fa"/>
    <span start="41" span="1" pos="NN" chunk="I-NP" entity="O" id="s0_sp94" surf="j" base="j" terminal="t0_41" category="N/N"/>
    <span id="s0_sp95" child="s0_sp96 s0_sp97" category="N" rule="lp"/>
    <span start="42" span="1" pos="RRB" chunk="O" entity="O" id="s0_sp96" surf=")" base=")" terminal="t0_42" category="RRB"/>
    <span id="s0_sp97" child="s0_sp98 s0_sp99" category="N" rule="fa"/>
    <span start="43" span="1" pos="NN" chunk="I-NP" entity="O" id="s0_sp98" surf="&lt;" base="&lt;" terminal="t0_43" category="N/N"/>
    <span id="s0_sp99" child="s0_sp100 s0_sp101" category="N" rule="fa"/>
    <span start="44" span="1" pos="NN" chunk="I-NP" entity="O" id="s0_sp100" surf="=" base="=" terminal="t0_44" category="N/N"/>
    <span start="45" span="1" pos="NN" chunk="I-NP" entity="O" id="s0_sp101" surf="k`" base="k`" terminal="t0_45" category="N"/>
    <span start="46" span="1" pos="." chunk="O" entity="O" id="s0_sp102" surf="." base="." terminal="t0_46" category="."/>
  </ccg>
</sentence>

