ERROR:root:Failed to parse \Q1 Q2 K.Q2(\x.TrueP,\x.Q1(\y.TrueP,\y.exists e.((_ = {VBP})(e) & (Subj(e) = x) & (Acc(e) = y) & K(e)))). Error: The function '(_ = {VBP})' is not a Lambda Expression, an Application Expression, or a functional predicate, so it may not take arguments.
\Q1 Q2 K.Q2(\x.TrueP,\x.Q1(\y.TrueP,\y.exists e.((_ = {VBP})(e) & (Subj(e) = x) & (Acc(e) = y) & K(e))))
                                                           ^
ERROR:root:An error occurred: The function '(_ = {VBP})' is not a Lambda Expression, an Application Expression, or a functional predicate, so it may not take arguments.
\Q1 Q2 K.Q2(\x.TrueP,\x.Q1(\y.TrueP,\y.exists e.((_ = {VBP})(e) & (Subj(e) = x) & (Acc(e) = y) & K(e))))
                                                           ^
Sentence: Input : nums = [ 1 , 2 , 3 , 1 , 2 , 3 ] , k = 2
Tree XML:
<sentence>
  <tokens>
    <token start="0" span="1" pos="NNP" chunk="I-NP" entity="O" cat="N" id="t0_0" surf="Input" base="input"/>
    <token start="1" span="1" pos="IN" chunk="O" entity="O" cat="(NP\NP)/S[dcl]" id="t0_1" surf=":" base=":"/>
    <token start="2" span="1" pos="NNS" chunk="I-NP" entity="O" cat="N" id="t0_2" surf="nums" base="num"/>
    <token start="3" span="1" pos="VBP" chunk="I-VP" entity="O" cat="(S[dcl]\NP)/NP" id="t0_3" surf="=" base="="/>
    <token start="4" span="1" pos="NNP" chunk="I-NP" entity="I-DAT" cat="N/N[num]" id="t0_4" surf="[" base="["/>
    <token start="5" span="1" pos="CD" chunk="I-NP" entity="I-DAT" cat="N[num]" id="t0_5" surf="1" base="1"/>
    <token start="6" span="1" pos="," chunk="I-NP" entity="I-DAT" cat="," id="t0_6" surf="," base=","/>
    <token start="7" span="1" pos="CD" chunk="I-NP" entity="I-DAT" cat="N\N" id="t0_7" surf="2" base="2"/>
    <token start="8" span="1" pos="," chunk="I-NP" entity="I-DAT" cat="," id="t0_8" surf="," base=","/>
    <token start="9" span="1" pos="CD" chunk="I-NP" entity="I-DAT" cat="N\N" id="t0_9" surf="3" base="3"/>
    <token start="10" span="1" pos="," chunk="I-NP" entity="I-DAT" cat="," id="t0_10" surf="," base=","/>
    <token start="11" span="1" pos="CD" chunk="I-NP" entity="I-DAT" cat="N\N" id="t0_11" surf="1" base="1"/>
    <token start="12" span="1" pos="," chunk="I-NP" entity="I-DAT" cat="," id="t0_12" surf="," base=","/>
    <token start="13" span="1" pos="CD" chunk="I-NP" entity="I-DAT" cat="N\N" id="t0_13" surf="2" base="2"/>
    <token start="14" span="1" pos="," chunk="I-NP" entity="I-DAT" cat="," id="t0_14" surf="," base=","/>
    <token start="15" span="1" pos="CD" chunk="I-NP" entity="I-DAT" cat="N/N" id="t0_15" surf="3" base="3"/>
    <token start="16" span="1" pos="NN" chunk="I-NP" entity="I-DAT" cat="N" id="t0_16" surf="]" base="]"/>
    <token start="17" span="1" pos="," chunk="I-NP" entity="O" cat="," id="t0_17" surf="," base=","/>
    <token start="18" span="1" pos="NN" chunk="I-NP" entity="O" cat="N/N" id="t0_18" surf="k" base="k"/>
    <token start="19" span="1" pos="NN" chunk="I-NP" entity="O" cat="N" id="t0_19" surf="=" base="="/>
    <token start="20" span="1" pos="CD" chunk="I-NP" entity="O" cat="N\N" id="t0_20" surf="2" base="2"/>
  </tokens>
  <ccg root="s0_sp0" id="s0_ccg0">
    <span root="true" id="s0_sp0" child="s0_sp1 s0_sp31" category="NP" rule="ba"/>
    <span id="s0_sp1" child="s0_sp2 s0_sp4" category="NP" rule="ba"/>
    <span id="s0_sp2" child="s0_sp3" category="NP" rule="lex"/>
    <span start="0" span="1" pos="NNP" chunk="I-NP" entity="O" id="s0_sp3" surf="Input" base="input" terminal="t0_0" category="N"/>
    <span id="s0_sp4" child="s0_sp5 s0_sp6" category="NP\NP" rule="fa"/>
    <span start="1" span="1" pos="IN" chunk="O" entity="O" id="s0_sp5" surf=":" base=":" terminal="t0_1" category="(NP\NP)/S[dcl=true]"/>
    <span id="s0_sp6" child="s0_sp7 s0_sp9" category="S[dcl=true]" rule="ba"/>
    <span id="s0_sp7" child="s0_sp8" category="NP" rule="lex"/>
    <span start="2" span="1" pos="NNS" chunk="I-NP" entity="O" id="s0_sp8" surf="nums" base="num" terminal="t0_2" category="N"/>
    <span id="s0_sp9" child="s0_sp10 s0_sp11" category="S[dcl=true]\NP" rule="fa"/>
    <span start="3" span="1" pos="VBP" chunk="I-VP" entity="O" id="s0_sp10" surf="=" base="=" terminal="t0_3" category="(S[dcl=true]\NP)/NP"/>
    <span id="s0_sp11" child="s0_sp12" category="NP" rule="lex"/>
    <span id="s0_sp12" child="s0_sp13 s0_sp30" category="N" rule="ba"/>
    <span id="s0_sp13" child="s0_sp14 s0_sp29" category="N" rule="rp"/>
    <span id="s0_sp14" child="s0_sp15 s0_sp28" category="N" rule="ba"/>
    <span id="s0_sp15" child="s0_sp16 s0_sp27" category="N" rule="rp"/>
    <span id="s0_sp16" child="s0_sp17 s0_sp26" category="N" rule="ba"/>
    <span id="s0_sp17" child="s0_sp18 s0_sp25" category="N" rule="rp"/>
    <span id="s0_sp18" child="s0_sp19 s0_sp24" category="N" rule="ba"/>
    <span id="s0_sp19" child="s0_sp20 s0_sp23" category="N" rule="rp"/>
    <span id="s0_sp20" child="s0_sp21 s0_sp22" category="N" rule="fa"/>
    <span start="4" span="1" pos="NNP" chunk="I-NP" entity="I-DAT" id="s0_sp21" surf="[" base="[" terminal="t0_4" category="N/N[num=true]"/>
    <span start="5" span="1" pos="CD" chunk="I-NP" entity="I-DAT" id="s0_sp22" surf="1" base="1" terminal="t0_5" category="N[num=true]"/>
    <span start="6" span="1" pos="," chunk="I-NP" entity="I-DAT" id="s0_sp23" surf="," base="," terminal="t0_6" category="=true,"/>
    <span start="7" span="1" pos="CD" chunk="I-NP" entity="I-DAT" id="s0_sp24" surf="2" base="2" terminal="t0_7" category="N\N"/>
    <span start="8" span="1" pos="," chunk="I-NP" entity="I-DAT" id="s0_sp25" surf="," base="," terminal="t0_8" category="=true,"/>
    <span start="9" span="1" pos="CD" chunk="I-NP" entity="I-DAT" id="s0_sp26" surf="3" base="3" terminal="t0_9" category="N\N"/>
    <span start="10" span="1" pos="," chunk="I-NP" entity="I-DAT" id="s0_sp27" surf="," base="," terminal="t0_10" category="=true,"/>
    <span start="11" span="1" pos="CD" chunk="I-NP" entity="I-DAT" id="s0_sp28" surf="1" base="1" terminal="t0_11" category="N\N"/>
    <span start="12" span="1" pos="," chunk="I-NP" entity="I-DAT" id="s0_sp29" surf="," base="," terminal="t0_12" category="=true,"/>
    <span start="13" span="1" pos="CD" chunk="I-NP" entity="I-DAT" id="s0_sp30" surf="2" base="2" terminal="t0_13" category="N\N"/>
    <span id="s0_sp31" child="s0_sp32 s0_sp33" category="NP\NP" rule="conj"/>
    <span start="14" span="1" pos="," chunk="I-NP" entity="I-DAT" id="s0_sp32" surf="," base="," terminal="t0_14" category="=true,"/>
    <span id="s0_sp33" child="s0_sp34 s0_sp38" category="NP" rule="ba"/>
    <span id="s0_sp34" child="s0_sp35" category="NP" rule="lex"/>
    <span id="s0_sp35" child="s0_sp36 s0_sp37" category="N" rule="fa"/>
    <span start="15" span="1" pos="CD" chunk="I-NP" entity="I-DAT" id="s0_sp36" surf="3" base="3" terminal="t0_15" category="N/N"/>
    <span start="16" span="1" pos="NN" chunk="I-NP" entity="I-DAT" id="s0_sp37" surf="]" base="]" terminal="t0_16" category="N"/>
    <span id="s0_sp38" child="s0_sp39 s0_sp40" category="NP\NP" rule="conj"/>
    <span start="17" span="1" pos="," chunk="I-NP" entity="O" id="s0_sp39" surf="," base="," terminal="t0_17" category="=true,"/>
    <span id="s0_sp40" child="s0_sp41" category="NP" rule="lex"/>
    <span id="s0_sp41" child="s0_sp42 s0_sp43" category="N" rule="fa"/>
    <span start="18" span="1" pos="NN" chunk="I-NP" entity="O" id="s0_sp42" surf="k" base="k" terminal="t0_18" category="N/N"/>
    <span id="s0_sp43" child="s0_sp44 s0_sp45" category="N" rule="ba"/>
    <span start="19" span="1" pos="NN" chunk="I-NP" entity="O" id="s0_sp44" surf="=" base="=" terminal="t0_19" category="N"/>
    <span start="20" span="1" pos="CD" chunk="I-NP" entity="O" id="s0_sp45" surf="2" base="2" terminal="t0_20" category="N\N"/>
  </ccg>
</sentence>

