1:AOR:/(int,int):%(int,int):g0001_0100.s0048_rotate_image.Solution@rotate(int[][]):11:n / 2 |==> n % 2
2:AOR:/(int,int):*(int,int):g0001_0100.s0048_rotate_image.Solution@rotate(int[][]):11:n / 2 |==> n * 2
3:AOR:/(int,int):+(int,int):g0001_0100.s0048_rotate_image.Solution@rotate(int[][]):11:n / 2 |==> n + 2
4:AOR:/(int,int):-(int,int):g0001_0100.s0048_rotate_image.Solution@rotate(int[][]):11:n / 2 |==> n - 2
5:ROR:<(int,int):!=(int,int):g0001_0100.s0048_rotate_image.Solution@rotate(int[][]):11:i < n / 2 |==> i != n / 2
6:ROR:<(int,int):<=(int,int):g0001_0100.s0048_rotate_image.Solution@rotate(int[][]):11:i < n / 2 |==> i <= n / 2
7:ROR:<(int,int):FALSE(int,int):g0001_0100.s0048_rotate_image.Solution@rotate(int[][]):11:i < n / 2 |==> false
8:AOR:-(int,int):%(int,int):g0001_0100.s0048_rotate_image.Solution@rotate(int[][]):12:n - i |==> n % i
9:AOR:-(int,int):*(int,int):g0001_0100.s0048_rotate_image.Solution@rotate(int[][]):12:n - i |==> n * i
10:AOR:-(int,int):+(int,int):g0001_0100.s0048_rotate_image.Solution@rotate(int[][]):12:n - i |==> n + i
11:AOR:-(int,int):/(int,int):g0001_0100.s0048_rotate_image.Solution@rotate(int[][]):12:n - i |==> n / i
12:AOR:-(int,int):%(int,int):g0001_0100.s0048_rotate_image.Solution@rotate(int[][]):12:n - i - 1 |==> (n - i) % 1
13:AOR:-(int,int):*(int,int):g0001_0100.s0048_rotate_image.Solution@rotate(int[][]):12:n - i - 1 |==> (n - i) * 1
14:AOR:-(int,int):+(int,int):g0001_0100.s0048_rotate_image.Solution@rotate(int[][]):12:n - i - 1 |==> n - i + 1
15:AOR:-(int,int):/(int,int):g0001_0100.s0048_rotate_image.Solution@rotate(int[][]):12:n - i - 1 |==> (n - i) / 1
16:ROR:<(int,int):!=(int,int):g0001_0100.s0048_rotate_image.Solution@rotate(int[][]):12:j < n - i - 1 |==> j != n - i - 1
17:ROR:<(int,int):<=(int,int):g0001_0100.s0048_rotate_image.Solution@rotate(int[][]):12:j < n - i - 1 |==> j <= n - i - 1
18:ROR:<(int,int):FALSE(int,int):g0001_0100.s0048_rotate_image.Solution@rotate(int[][]):12:j < n - i - 1 |==> false
19:AOR:-(int,int):%(int,int):g0001_0100.s0048_rotate_image.Solution@rotate(int[][]):15:n - 1 |==> n % 1
20:AOR:-(int,int):*(int,int):g0001_0100.s0048_rotate_image.Solution@rotate(int[][]):15:n - 1 |==> n * 1
21:AOR:-(int,int):+(int,int):g0001_0100.s0048_rotate_image.Solution@rotate(int[][]):15:n - 1 |==> n + 1
22:AOR:-(int,int):/(int,int):g0001_0100.s0048_rotate_image.Solution@rotate(int[][]):15:n - 1 |==> n / 1
23:AOR:-(int,int):%(int,int):g0001_0100.s0048_rotate_image.Solution@rotate(int[][]):15:n - 1 - i |==> (n - 1) % i
24:AOR:-(int,int):*(int,int):g0001_0100.s0048_rotate_image.Solution@rotate(int[][]):15:n - 1 - i |==> (n - 1) * i
25:AOR:-(int,int):+(int,int):g0001_0100.s0048_rotate_image.Solution@rotate(int[][]):15:n - 1 - i |==> n - 1 + i
26:AOR:-(int,int):/(int,int):g0001_0100.s0048_rotate_image.Solution@rotate(int[][]):15:n - 1 - i |==> (n - 1) / i
27:AOR:-(int,int):%(int,int):g0001_0100.s0048_rotate_image.Solution@rotate(int[][]):15:n - 1 |==> n % 1
28:AOR:-(int,int):*(int,int):g0001_0100.s0048_rotate_image.Solution@rotate(int[][]):15:n - 1 |==> n * 1
29:AOR:-(int,int):+(int,int):g0001_0100.s0048_rotate_image.Solution@rotate(int[][]):15:n - 1 |==> n + 1
30:AOR:-(int,int):/(int,int):g0001_0100.s0048_rotate_image.Solution@rotate(int[][]):15:n - 1 |==> n / 1
31:AOR:-(int,int):%(int,int):g0001_0100.s0048_rotate_image.Solution@rotate(int[][]):15:n - 1 - i |==> (n - 1) % i
32:AOR:-(int,int):*(int,int):g0001_0100.s0048_rotate_image.Solution@rotate(int[][]):15:n - 1 - i |==> (n - 1) * i
33:AOR:-(int,int):+(int,int):g0001_0100.s0048_rotate_image.Solution@rotate(int[][]):15:n - 1 - i |==> n - 1 + i
34:AOR:-(int,int):/(int,int):g0001_0100.s0048_rotate_image.Solution@rotate(int[][]):15:n - 1 - i |==> (n - 1) / i
35:AOR:-(int,int):%(int,int):g0001_0100.s0048_rotate_image.Solution@rotate(int[][]):15:n - 1 |==> n % 1
36:AOR:-(int,int):*(int,int):g0001_0100.s0048_rotate_image.Solution@rotate(int[][]):15:n - 1 |==> n * 1
37:AOR:-(int,int):+(int,int):g0001_0100.s0048_rotate_image.Solution@rotate(int[][]):15:n - 1 |==> n + 1
38:AOR:-(int,int):/(int,int):g0001_0100.s0048_rotate_image.Solution@rotate(int[][]):15:n - 1 |==> n / 1
39:AOR:-(int,int):%(int,int):g0001_0100.s0048_rotate_image.Solution@rotate(int[][]):15:n - 1 - j |==> (n - 1) % j
40:AOR:-(int,int):*(int,int):g0001_0100.s0048_rotate_image.Solution@rotate(int[][]):15:n - 1 - j |==> (n - 1) * j
41:AOR:-(int,int):+(int,int):g0001_0100.s0048_rotate_image.Solution@rotate(int[][]):15:n - 1 - j |==> n - 1 + j
42:AOR:-(int,int):/(int,int):g0001_0100.s0048_rotate_image.Solution@rotate(int[][]):15:n - 1 - j |==> (n - 1) / j
43:AOR:-(int,int):%(int,int):g0001_0100.s0048_rotate_image.Solution@rotate(int[][]):15:n - 1 |==> n % 1
44:AOR:-(int,int):*(int,int):g0001_0100.s0048_rotate_image.Solution@rotate(int[][]):15:n - 1 |==> n * 1
45:AOR:-(int,int):+(int,int):g0001_0100.s0048_rotate_image.Solution@rotate(int[][]):15:n - 1 |==> n + 1
46:AOR:-(int,int):/(int,int):g0001_0100.s0048_rotate_image.Solution@rotate(int[][]):15:n - 1 |==> n / 1
47:AOR:-(int,int):%(int,int):g0001_0100.s0048_rotate_image.Solution@rotate(int[][]):15:n - 1 - j |==> (n - 1) % j
48:AOR:-(int,int):*(int,int):g0001_0100.s0048_rotate_image.Solution@rotate(int[][]):15:n - 1 - j |==> (n - 1) * j
49:AOR:-(int,int):+(int,int):g0001_0100.s0048_rotate_image.Solution@rotate(int[][]):15:n - 1 - j |==> n - 1 + j
50:AOR:-(int,int):/(int,int):g0001_0100.s0048_rotate_image.Solution@rotate(int[][]):15:n - 1 - j |==> (n - 1) / j
51:ROR:<(int,int):!=(int,int):g0001_0100.s0048_rotate_image.Solution@rotate(int[][]):18:k < pos.length |==> k != pos.length
52:ROR:<(int,int):<=(int,int):g0001_0100.s0048_rotate_image.Solution@rotate(int[][]):18:k < pos.length |==> k <= pos.length
53:ROR:<(int,int):FALSE(int,int):g0001_0100.s0048_rotate_image.Solution@rotate(int[][]):18:k < pos.length |==> false
54:STD:<ASSIGN>:<NO-OP>:g0001_0100.s0048_rotate_image.Solution@rotate(int[][]):20:matrix[pos[k][0]][pos[k][1]] = t; |==> <NO-OP>
55:STD:<ASSIGN>:<NO-OP>:g0001_0100.s0048_rotate_image.Solution@rotate(int[][]):21:t = temp; |==> <NO-OP>
56:STD:<ASSIGN>:<NO-OP>:g0001_0100.s0048_rotate_image.Solution@rotate(int[][]):23:matrix[pos[0][0]][pos[0][1]] = t; |==> <NO-OP>
