[05/24 20:47:28] [INFO   ] org.mutationtesting.major.plugin.MajorPluginTaskListener.<init>:
    Created MajorPluginTaskListener with options: [mml:../../major/mml/all.mml.bin]
[05/24 20:47:29] [INFO   ] org.mutationtesting.major.mutation.Mutator.initOperatorSymbols:
    Initializing operator symbols for opcode mapping
[05/24 20:47:29] [INFO   ] org.mutationtesting.major.mutation.Mutator.mutateTree:
    Mutating tree: Env[AttrContext[Scope[super, this]],outer=Env[AttrContext[Scope[g0301_0400.s0342_power_of_four.Solution]]]]
[05/24 20:47:29] [INFO   ] org.mutationtesting.major.mutation.Mutator.visitClassDef:
    CLASS: g0301_0400.s0342_power_of_four.Solution
[05/24 20:47:29] [INFO   ] org.mutationtesting.major.mutation.Mutator.visitMethodDef:
    METHOD: <init>([])null
[05/24 20:47:29] [INFO   ] org.mutationtesting.major.mutation.Mutator.visitMethodDef:
    METHOD: isPowerOfFour([int n])boolean
[05/24 20:47:29] [INFO   ] org.mutationtesting.major.mutation.Mutator.nextMutant:
    Creating mutant 1
[05/24 20:47:29] [INFO   ] org.mutationtesting.major.mutation.Mutator.logMutant:
    Logging mutant 1: Solution.isPowerOfFour(line 10, col 18)
            mutation operator group:   ROR
            mutation operator:         >=(int,int) |==> ==(int,int)
            original:                  n >= 4 
            mutant:                    n == 4
[05/24 20:47:29] [INFO   ] org.mutationtesting.major.mutation.Mutator.nextMutant:
    Creating mutant 2
[05/24 20:47:29] [INFO   ] org.mutationtesting.major.mutation.Mutator.logMutant:
    Logging mutant 2: Solution.isPowerOfFour(line 10, col 18)
            mutation operator group:   ROR
            mutation operator:         >=(int,int) |==> >(int,int)
            original:                  n >= 4 
            mutant:                    n > 4
[05/24 20:47:29] [INFO   ] org.mutationtesting.major.mutation.Mutator.nextMutant:
    Creating mutant 3
[05/24 20:47:29] [INFO   ] org.mutationtesting.major.mutation.Mutator.logMutant:
    Logging mutant 3: Solution.isPowerOfFour(line 10, col 18)
            mutation operator group:   ROR
            mutation operator:         >=(int,int) |==> TRUE(int,int)
            original:                  n >= 4 
            mutant:                    true
[05/24 20:47:29] [INFO   ] org.mutationtesting.major.mutation.Mutator.nextMutant:
    Creating mutant 4
[05/24 20:47:29] [INFO   ] org.mutationtesting.major.mutation.Mutator.logMutant:
    Logging mutant 4: Solution.isPowerOfFour(line 11, col 19)
            mutation operator group:   AOR
            mutation operator:         %(int,int) |==> *(int,int)
            original:                  n % 4 
            mutant:                    n * 4
[05/24 20:47:29] [INFO   ] org.mutationtesting.major.mutation.Mutator.nextMutant:
    Creating mutant 5
[05/24 20:47:29] [INFO   ] org.mutationtesting.major.mutation.Mutator.logMutant:
    Logging mutant 5: Solution.isPowerOfFour(line 11, col 19)
            mutation operator group:   AOR
            mutation operator:         %(int,int) |==> +(int,int)
            original:                  n % 4 
            mutant:                    n + 4
[05/24 20:47:29] [INFO   ] org.mutationtesting.major.mutation.Mutator.nextMutant:
    Creating mutant 6
[05/24 20:47:29] [INFO   ] org.mutationtesting.major.mutation.Mutator.logMutant:
    Logging mutant 6: Solution.isPowerOfFour(line 11, col 19)
            mutation operator group:   AOR
            mutation operator:         %(int,int) |==> -(int,int)
            original:                  n % 4 
            mutant:                    n - 4
[05/24 20:47:29] [INFO   ] org.mutationtesting.major.mutation.Mutator.nextMutant:
    Creating mutant 7
[05/24 20:47:29] [INFO   ] org.mutationtesting.major.mutation.Mutator.logMutant:
    Logging mutant 7: Solution.isPowerOfFour(line 11, col 19)
            mutation operator group:   AOR
            mutation operator:         %(int,int) |==> /(int,int)
            original:                  n % 4 
            mutant:                    n / 4
[05/24 20:47:29] [INFO   ] org.mutationtesting.major.mutation.Mutator.nextMutant:
    Creating mutant 8
[05/24 20:47:29] [INFO   ] org.mutationtesting.major.mutation.Mutator.logMutant:
    Logging mutant 8: Solution.isPowerOfFour(line 11, col 23)
            mutation operator group:   ROR
            mutation operator:         !=(int,int) |==> <(int,int)
            original:                  n % 4 != 0 
            mutant:                    n % 4 < 0
[05/24 20:47:29] [INFO   ] org.mutationtesting.major.mutation.Mutator.nextMutant:
    Creating mutant 9
[05/24 20:47:29] [INFO   ] org.mutationtesting.major.mutation.Mutator.logMutant:
    Logging mutant 9: Solution.isPowerOfFour(line 11, col 23)
            mutation operator group:   ROR
            mutation operator:         !=(int,int) |==> >(int,int)
            original:                  n % 4 != 0 
            mutant:                    n % 4 > 0
[05/24 20:47:29] [INFO   ] org.mutationtesting.major.mutation.Mutator.nextMutant:
    Creating mutant 10
[05/24 20:47:29] [INFO   ] org.mutationtesting.major.mutation.Mutator.logMutant:
    Logging mutant 10: Solution.isPowerOfFour(line 11, col 23)
            mutation operator group:   ROR
            mutation operator:         !=(int,int) |==> TRUE(int,int)
            original:                  n % 4 != 0 
            mutant:                    true
[05/24 20:47:29] [INFO   ] org.mutationtesting.major.mutation.Mutator.nextMutant:
    Creating mutant 11
[05/24 20:47:29] [INFO   ] org.mutationtesting.major.mutation.Mutator.logMutantSTD:
    Logging mutantSTD 11: (STD) return false; -> <NO-OP>
[05/24 20:47:29] [INFO   ] org.mutationtesting.major.mutation.Mutator.nextMutant:
    Creating mutant 12
[05/24 20:47:29] [INFO   ] org.mutationtesting.major.mutation.Mutator.logMutant:
    Logging mutant 12: Solution.isPowerOfFour(line 14, col 19)
            mutation operator group:   AOR
            mutation operator:         /(int,int) |==> %(int,int)
            original:                  n / 4 
            mutant:                    n % 4
[05/24 20:47:29] [INFO   ] org.mutationtesting.major.mutation.Mutator.nextMutant:
    Creating mutant 13
[05/24 20:47:29] [INFO   ] org.mutationtesting.major.mutation.Mutator.logMutant:
    Logging mutant 13: Solution.isPowerOfFour(line 14, col 19)
            mutation operator group:   AOR
            mutation operator:         /(int,int) |==> *(int,int)
            original:                  n / 4 
            mutant:                    n * 4
[05/24 20:47:29] [INFO   ] org.mutationtesting.major.mutation.Mutator.nextMutant:
    Creating mutant 14
[05/24 20:47:29] [INFO   ] org.mutationtesting.major.mutation.Mutator.logMutant:
    Logging mutant 14: Solution.isPowerOfFour(line 14, col 19)
            mutation operator group:   AOR
            mutation operator:         /(int,int) |==> +(int,int)
            original:                  n / 4 
            mutant:                    n + 4
[05/24 20:47:29] [INFO   ] org.mutationtesting.major.mutation.Mutator.nextMutant:
    Creating mutant 15
[05/24 20:47:29] [INFO   ] org.mutationtesting.major.mutation.Mutator.logMutant:
    Logging mutant 15: Solution.isPowerOfFour(line 14, col 19)
            mutation operator group:   AOR
            mutation operator:         /(int,int) |==> -(int,int)
            original:                  n / 4 
            mutant:                    n - 4
[05/24 20:47:29] [INFO   ] org.mutationtesting.major.mutation.Mutator.nextMutant:
    Creating mutant 16
[05/24 20:47:29] [INFO   ] org.mutationtesting.major.mutation.Mutator.logMutantSTD:
    Logging mutantSTD 16: (STD) n = n / 4; -> <NO-OP>
[05/24 20:47:29] [INFO   ] org.mutationtesting.major.mutation.Mutator.nextMutant:
    Creating mutant 17
[05/24 20:47:29] [INFO   ] org.mutationtesting.major.mutation.Mutator.logMutant:
    Logging mutant 17: Solution.isPowerOfFour(line 16, col 18)
            mutation operator group:   ROR
            mutation operator:         ==(int,int) |==> <=(int,int)
            original:                  n == 1 
            mutant:                    n <= 1
[05/24 20:47:29] [INFO   ] org.mutationtesting.major.mutation.Mutator.nextMutant:
    Creating mutant 18
[05/24 20:47:29] [INFO   ] org.mutationtesting.major.mutation.Mutator.logMutant:
    Logging mutant 18: Solution.isPowerOfFour(line 16, col 18)
            mutation operator group:   ROR
            mutation operator:         ==(int,int) |==> >=(int,int)
            original:                  n == 1 
            mutant:                    n >= 1
[05/24 20:47:29] [INFO   ] org.mutationtesting.major.mutation.Mutator.nextMutant:
    Creating mutant 19
[05/24 20:47:29] [INFO   ] org.mutationtesting.major.mutation.Mutator.logMutant:
    Logging mutant 19: Solution.isPowerOfFour(line 16, col 18)
            mutation operator group:   ROR
            mutation operator:         ==(int,int) |==> FALSE(int,int)
            original:                  n == 1 
            mutant:                    false
[05/24 20:47:29] [INFO   ] org.mutationtesting.major.plugin.MajorPluginTaskListener.mutate:
    Generated 19 mutants (68 ms)
