ERROR:root:Failed to parse \F x.(F(x) & (_ = {NNP})(x)). Error: The function '(_ = {NNP})' is not a Lambda Expression, an Application Expression, or a functional predicate, so it may not take arguments.
\F x.(F(x) & (_ = {NNP})(x))
                       ^
ERROR:root:An error occurred: The function '(_ = {NNP})' is not a Lambda Expression, an Application Expression, or a functional predicate, so it may not take arguments.
\F x.(F(x) & (_ = {NNP})(x))
                       ^
Sentence: Explanation : Only two moves are needed ( remember each move increments or decrements one element ) : [ 1 , 2 , 3 ] = > [ 2 , 2 , 3 ] = > [ 2 , 2 , 2 ]
Tree XML:
<sentence>
  <tokens>
    <token start="0" span="1" pos="NN" chunk="I-NP" entity="O" cat="N" id="t0_0" surf="Explanation" base="explanation"/>
    <token start="1" span="1" pos="IN" chunk="O" entity="O" cat="(NP\NP)/NP" id="t0_1" surf=":" base=":"/>
    <token start="2" span="1" pos="RB" chunk="I-NP" entity="O" cat="(N/N)/(N/N)" id="t0_2" surf="Only" base="only"/>
    <token start="3" span="1" pos="CD" chunk="I-NP" entity="O" cat="N/N" id="t0_3" surf="two" base="two"/>
    <token start="4" span="1" pos="NNS" chunk="I-NP" entity="O" cat="N" id="t0_4" surf="moves" base="move"/>
    <token start="5" span="1" pos="VBP" chunk="I-VP" entity="O" cat="(S[dcl]\NP)/(S[pss]\NP)" id="t0_5" surf="are" base="be"/>
    <token start="6" span="1" pos="VBN" chunk="I-VP" entity="O" cat="S[pss]\NP" id="t0_6" surf="needed" base="need"/>
    <token start="7" span="1" pos="LRB" chunk="O" entity="O" cat="((S\NP)\(S\NP))/(S[b]\NP)" id="t0_7" surf="(" base="("/>
    <token start="8" span="1" pos="VB" chunk="I-VP" entity="O" cat="(S[b]\NP)/NP" id="t0_8" surf="remember" base="remember"/>
    <token start="9" span="1" pos="DT" chunk="I-NP" entity="O" cat="NP[nb]/N" id="t0_9" surf="each" base="each"/>
    <token start="10" span="1" pos="NN" chunk="I-NP" entity="O" cat="N" id="t0_10" surf="move" base="move"/>
    <token start="11" span="1" pos="VBZ" chunk="I-VP" entity="O" cat="(S[dcl]\NP)/NP" id="t0_11" surf="increments" base="increment"/>
    <token start="12" span="1" pos="CC" chunk="I-VP" entity="O" cat="conj" id="t0_12" surf="or" base="or"/>
    <token start="13" span="1" pos="VBZ" chunk="I-VP" entity="O" cat="(S[dcl]\NP)/NP" id="t0_13" surf="decrements" base="decrement"/>
    <token start="14" span="1" pos="CD" chunk="I-NP" entity="O" cat="N/N" id="t0_14" surf="one" base="one"/>
    <token start="15" span="1" pos="NN" chunk="I-NP" entity="O" cat="N" id="t0_15" surf="element" base="element"/>
    <token start="16" span="1" pos="RRB" chunk="O" entity="O" cat="RRB" id="t0_16" surf=")" base=")"/>
    <token start="17" span="1" pos="IN" chunk="O" entity="O" cat="(NP\NP)/NP" id="t0_17" surf=":" base=":"/>
    <token start="18" span="1" pos="NNP" chunk="I-NP" entity="I-DAT" cat="N/N[num]" id="t0_18" surf="[" base="["/>
    <token start="19" span="1" pos="CD" chunk="I-NP" entity="I-DAT" cat="N[num]" id="t0_19" surf="1" base="1"/>
    <token start="20" span="1" pos="," chunk="I-NP" entity="I-DAT" cat="," id="t0_20" surf="," base=","/>
    <token start="21" span="1" pos="CD" chunk="I-NP" entity="I-DAT" cat="N\N" id="t0_21" surf="2" base="2"/>
    <token start="22" span="1" pos="," chunk="I-NP" entity="I-DAT" cat="," id="t0_22" surf="," base=","/>
    <token start="23" span="1" pos="CD" chunk="I-NP" entity="I-DAT" cat="N/N" id="t0_23" surf="3" base="3"/>
    <token start="24" span="1" pos="NNP" chunk="I-NP" entity="I-DAT" cat="N/N" id="t0_24" surf="]" base="]"/>
    <token start="25" span="1" pos="NNP" chunk="I-NP" entity="I-DAT" cat="N/N" id="t0_25" surf="=" base="="/>
    <token start="26" span="1" pos="NNP" chunk="I-NP" entity="I-DAT" cat="N/N" id="t0_26" surf="&gt;" base="&gt;"/>
    <token start="27" span="1" pos="NNP" chunk="I-NP" entity="I-DAT" cat="N" id="t0_27" surf="[" base="["/>
    <token start="28" span="1" pos="CD" chunk="I-NP" entity="I-DAT" cat="N\N" id="t0_28" surf="2" base="2"/>
    <token start="29" span="1" pos="," chunk="I-NP" entity="I-DAT" cat="," id="t0_29" surf="," base=","/>
    <token start="30" span="1" pos="CD" chunk="I-NP" entity="I-DAT" cat="N\N" id="t0_30" surf="2" base="2"/>
    <token start="31" span="1" pos="," chunk="I-NP" entity="I-DAT" cat="," id="t0_31" surf="," base=","/>
    <token start="32" span="1" pos="CD" chunk="I-NP" entity="I-DAT" cat="N/N" id="t0_32" surf="3" base="3"/>
    <token start="33" span="1" pos="NNP" chunk="I-NP" entity="I-DAT" cat="N/N" id="t0_33" surf="]" base="]"/>
    <token start="34" span="1" pos="NNP" chunk="I-NP" entity="I-DAT" cat="N/N" id="t0_34" surf="=" base="="/>
    <token start="35" span="1" pos="NNP" chunk="I-NP" entity="I-DAT" cat="N/N" id="t0_35" surf="&gt;" base="&gt;"/>
    <token start="36" span="1" pos="NNP" chunk="I-NP" entity="I-DAT" cat="N" id="t0_36" surf="[" base="["/>
    <token start="37" span="1" pos="CD" chunk="I-NP" entity="I-DAT" cat="N\N" id="t0_37" surf="2" base="2"/>
    <token start="38" span="1" pos="," chunk="I-NP" entity="I-DAT" cat="," id="t0_38" surf="," base=","/>
    <token start="39" span="1" pos="CD" chunk="I-NP" entity="I-DAT" cat="N\N" id="t0_39" surf="2" base="2"/>
    <token start="40" span="1" pos="," chunk="I-NP" entity="I-DAT" cat="," id="t0_40" surf="," base=","/>
    <token start="41" span="1" pos="CD" chunk="I-NP" entity="I-DAT" cat="N/N" id="t0_41" surf="2" base="2"/>
    <token start="42" span="1" pos="NNS" chunk="I-NP" entity="O" cat="N" id="t0_42" surf="]" base="]"/>
  </tokens>
  <ccg root="s0_sp0" id="s0_ccg0">
    <span root="true" id="s0_sp0" child="s0_sp1 s0_sp25" category="S[dcl=true]" rule="ba"/>
    <span id="s0_sp1" child="s0_sp2 s0_sp4" category="NP" rule="ba"/>
    <span id="s0_sp2" child="s0_sp3" category="NP" rule="lex"/>
    <span start="0" span="1" pos="NN" chunk="I-NP" entity="O" id="s0_sp3" surf="Explanation" base="explanation" terminal="t0_0" category="N"/>
    <span id="s0_sp4" child="s0_sp5 s0_sp6" category="NP\NP" rule="fa"/>
    <span start="1" span="1" pos="IN" chunk="O" entity="O" id="s0_sp5" surf=":" base=":" terminal="t0_1" category="(NP\NP)/NP"/>
    <span id="s0_sp6" child="s0_sp7 s0_sp13" category="NP" rule="ba"/>
    <span id="s0_sp7" child="s0_sp8" category="NP" rule="lex"/>
    <span id="s0_sp8" child="s0_sp9 s0_sp12" category="N" rule="fa"/>
    <span id="s0_sp9" child="s0_sp10 s0_sp11" category="N/N" rule="fa"/>
    <span start="2" span="1" pos="RB" chunk="I-NP" entity="O" id="s0_sp10" surf="Only" base="only" terminal="t0_2" category="(N/N)/(N/N)"/>
    <span start="3" span="1" pos="CD" chunk="I-NP" entity="O" id="s0_sp11" surf="two" base="two" terminal="t0_3" category="N/N"/>
    <span start="4" span="1" pos="NNS" chunk="I-NP" entity="O" id="s0_sp12" surf="moves" base="move" terminal="t0_4" category="N"/>
    <span id="s0_sp13" child="s0_sp14" category="NP\NP" rule="lex"/>
    <span id="s0_sp14" child="s0_sp15 s0_sp16" category="S[dcl=true]\NP" rule="fa"/>
    <span start="5" span="1" pos="VBP" chunk="I-VP" entity="O" id="s0_sp15" surf="are" base="be" terminal="t0_5" category="(S[dcl=true]\NP)/(S[pss=true]\NP)"/>
    <span id="s0_sp16" child="s0_sp17 s0_sp18" category="S[pss=true]\NP" rule="ba"/>
    <span start="6" span="1" pos="VBN" chunk="I-VP" entity="O" id="s0_sp17" surf="needed" base="need" terminal="t0_6" category="S[pss=true]\NP"/>
    <span id="s0_sp18" child="s0_sp19 s0_sp20" category="(S[X=true]\NP)\(S[X=true]\NP)" rule="fa"/>
    <span start="7" span="1" pos="LRB" chunk="O" entity="O" id="s0_sp19" surf="(" base="(" terminal="t0_7" category="((S\NP)\(S\NP))/(S[b=true]\NP)"/>
    <span id="s0_sp20" child="s0_sp21 s0_sp22" category="S[b=true]\NP" rule="fa"/>
    <span start="8" span="1" pos="VB" chunk="I-VP" entity="O" id="s0_sp21" surf="remember" base="remember" terminal="t0_8" category="(S[b=true]\NP)/NP"/>
    <span id="s0_sp22" child="s0_sp23 s0_sp24" category="NP[nb=true]" rule="fa"/>
    <span start="9" span="1" pos="DT" chunk="I-NP" entity="O" id="s0_sp23" surf="each" base="each" terminal="t0_9" category="NP[nb=true]/N"/>
    <span start="10" span="1" pos="NN" chunk="I-NP" entity="O" id="s0_sp24" surf="move" base="move" terminal="t0_10" category="N"/>
    <span id="s0_sp25" child="s0_sp26 s0_sp31" category="S[dcl=true]\NP" rule="fa"/>
    <span id="s0_sp26" child="s0_sp27 s0_sp28" category="(S[dcl=true]\NP)/NP" rule="ba"/>
    <span start="11" span="1" pos="VBZ" chunk="I-VP" entity="O" id="s0_sp27" surf="increments" base="increment" terminal="t0_11" category="(S[dcl=true]\NP)/NP"/>
    <span id="s0_sp28" child="s0_sp29 s0_sp30" category="((S[dcl=true]\NP)/NP)\((S[dcl=true]\NP)/NP)" rule="conj"/>
    <span start="12" span="1" pos="CC" chunk="I-VP" entity="O" id="s0_sp29" surf="or" base="or" terminal="t0_12" category="conj"/>
    <span start="13" span="1" pos="VBZ" chunk="I-VP" entity="O" id="s0_sp30" surf="decrements" base="decrement" terminal="t0_13" category="(S[dcl=true]\NP)/NP"/>
    <span id="s0_sp31" child="s0_sp32 s0_sp38" category="NP" rule="ba"/>
    <span id="s0_sp32" child="s0_sp33 s0_sp37" category="NP" rule="rp"/>
    <span id="s0_sp33" child="s0_sp34" category="NP" rule="lex"/>
    <span id="s0_sp34" child="s0_sp35 s0_sp36" category="N" rule="fa"/>
    <span start="14" span="1" pos="CD" chunk="I-NP" entity="O" id="s0_sp35" surf="one" base="one" terminal="t0_14" category="N/N"/>
    <span start="15" span="1" pos="NN" chunk="I-NP" entity="O" id="s0_sp36" surf="element" base="element" terminal="t0_15" category="N"/>
    <span start="16" span="1" pos="RRB" chunk="O" entity="O" id="s0_sp37" surf=")" base=")" terminal="t0_16" category="RRB"/>
    <span id="s0_sp38" child="s0_sp39 s0_sp40" category="NP\NP" rule="fa"/>
    <span start="17" span="1" pos="IN" chunk="O" entity="O" id="s0_sp39" surf=":" base=":" terminal="t0_17" category="(NP\NP)/NP"/>
    <span id="s0_sp40" child="s0_sp41 s0_sp49" category="NP" rule="ba"/>
    <span id="s0_sp41" child="s0_sp42" category="NP" rule="lex"/>
    <span id="s0_sp42" child="s0_sp43 s0_sp48" category="N" rule="ba"/>
    <span id="s0_sp43" child="s0_sp44 s0_sp47" category="N" rule="rp"/>
    <span id="s0_sp44" child="s0_sp45 s0_sp46" category="N" rule="fa"/>
    <span start="18" span="1" pos="NNP" chunk="I-NP" entity="I-DAT" id="s0_sp45" surf="[" base="[" terminal="t0_18" category="N/N[num=true]"/>
    <span start="19" span="1" pos="CD" chunk="I-NP" entity="I-DAT" id="s0_sp46" surf="1" base="1" terminal="t0_19" category="N[num=true]"/>
    <span start="20" span="1" pos="," chunk="I-NP" entity="I-DAT" id="s0_sp47" surf="," base="," terminal="t0_20" category="=true,"/>
    <span start="21" span="1" pos="CD" chunk="I-NP" entity="I-DAT" id="s0_sp48" surf="2" base="2" terminal="t0_21" category="N\N"/>
    <span id="s0_sp49" child="s0_sp50 s0_sp51" category="NP\NP" rule="conj"/>
    <span start="22" span="1" pos="," chunk="I-NP" entity="I-DAT" id="s0_sp50" surf="," base="," terminal="t0_22" category="=true,"/>
    <span id="s0_sp51" child="s0_sp52 s0_sp68" category="NP" rule="ba"/>
    <span id="s0_sp52" child="s0_sp53" category="NP" rule="lex"/>
    <span id="s0_sp53" child="s0_sp54 s0_sp55" category="N" rule="fa"/>
    <span start="23" span="1" pos="CD" chunk="I-NP" entity="I-DAT" id="s0_sp54" surf="3" base="3" terminal="t0_23" category="N/N"/>
    <span id="s0_sp55" child="s0_sp56 s0_sp57" category="N" rule="fa"/>
    <span start="24" span="1" pos="NNP" chunk="I-NP" entity="I-DAT" id="s0_sp56" surf="]" base="]" terminal="t0_24" category="N/N"/>
    <span id="s0_sp57" child="s0_sp58 s0_sp59" category="N" rule="fa"/>
    <span start="25" span="1" pos="NNP" chunk="I-NP" entity="I-DAT" id="s0_sp58" surf="=" base="=" terminal="t0_25" category="N/N"/>
    <span id="s0_sp59" child="s0_sp60 s0_sp67" category="N" rule="ba"/>
    <span id="s0_sp60" child="s0_sp61 s0_sp66" category="N" rule="rp"/>
    <span id="s0_sp61" child="s0_sp62 s0_sp63" category="N" rule="fa"/>
    <span start="26" span="1" pos="NNP" chunk="I-NP" entity="I-DAT" id="s0_sp62" surf="&gt;" base="&gt;" terminal="t0_26" category="N/N"/>
    <span id="s0_sp63" child="s0_sp64 s0_sp65" category="N" rule="ba"/>
    <span start="27" span="1" pos="NNP" chunk="I-NP" entity="I-DAT" id="s0_sp64" surf="[" base="[" terminal="t0_27" category="N"/>
    <span start="28" span="1" pos="CD" chunk="I-NP" entity="I-DAT" id="s0_sp65" surf="2" base="2" terminal="t0_28" category="N\N"/>
    <span start="29" span="1" pos="," chunk="I-NP" entity="I-DAT" id="s0_sp66" surf="," base="," terminal="t0_29" category="=true,"/>
    <span start="30" span="1" pos="CD" chunk="I-NP" entity="I-DAT" id="s0_sp67" surf="2" base="2" terminal="t0_30" category="N\N"/>
    <span id="s0_sp68" child="s0_sp69 s0_sp70" category="NP\NP" rule="conj"/>
    <span start="31" span="1" pos="," chunk="I-NP" entity="I-DAT" id="s0_sp69" surf="," base="," terminal="t0_31" category="=true,"/>
    <span id="s0_sp70" child="s0_sp71 s0_sp87" category="NP" rule="ba"/>
    <span id="s0_sp71" child="s0_sp72" category="NP" rule="lex"/>
    <span id="s0_sp72" child="s0_sp73 s0_sp74" category="N" rule="fa"/>
    <span start="32" span="1" pos="CD" chunk="I-NP" entity="I-DAT" id="s0_sp73" surf="3" base="3" terminal="t0_32" category="N/N"/>
    <span id="s0_sp74" child="s0_sp75 s0_sp76" category="N" rule="fa"/>
    <span start="33" span="1" pos="NNP" chunk="I-NP" entity="I-DAT" id="s0_sp75" surf="]" base="]" terminal="t0_33" category="N/N"/>
    <span id="s0_sp76" child="s0_sp77 s0_sp78" category="N" rule="fa"/>
    <span start="34" span="1" pos="NNP" chunk="I-NP" entity="I-DAT" id="s0_sp77" surf="=" base="=" terminal="t0_34" category="N/N"/>
    <span id="s0_sp78" child="s0_sp79 s0_sp86" category="N" rule="ba"/>
    <span id="s0_sp79" child="s0_sp80 s0_sp85" category="N" rule="rp"/>
    <span id="s0_sp80" child="s0_sp81 s0_sp82" category="N" rule="fa"/>
    <span start="35" span="1" pos="NNP" chunk="I-NP" entity="I-DAT" id="s0_sp81" surf="&gt;" base="&gt;" terminal="t0_35" category="N/N"/>
    <span id="s0_sp82" child="s0_sp83 s0_sp84" category="N" rule="ba"/>
    <span start="36" span="1" pos="NNP" chunk="I-NP" entity="I-DAT" id="s0_sp83" surf="[" base="[" terminal="t0_36" category="N"/>
    <span start="37" span="1" pos="CD" chunk="I-NP" entity="I-DAT" id="s0_sp84" surf="2" base="2" terminal="t0_37" category="N\N"/>
    <span start="38" span="1" pos="," chunk="I-NP" entity="I-DAT" id="s0_sp85" surf="," base="," terminal="t0_38" category="=true,"/>
    <span start="39" span="1" pos="CD" chunk="I-NP" entity="I-DAT" id="s0_sp86" surf="2" base="2" terminal="t0_39" category="N\N"/>
    <span id="s0_sp87" child="s0_sp88 s0_sp89" category="NP\NP" rule="conj"/>
    <span start="40" span="1" pos="," chunk="I-NP" entity="I-DAT" id="s0_sp88" surf="," base="," terminal="t0_40" category="=true,"/>
    <span id="s0_sp89" child="s0_sp90" category="NP" rule="lex"/>
    <span id="s0_sp90" child="s0_sp91 s0_sp92" category="N" rule="fa"/>
    <span start="41" span="1" pos="CD" chunk="I-NP" entity="I-DAT" id="s0_sp91" surf="2" base="2" terminal="t0_41" category="N/N"/>
    <span start="42" span="1" pos="NNS" chunk="I-NP" entity="O" id="s0_sp92" surf="]" base="]" terminal="t0_42" category="N"/>
  </ccg>
</sentence>

