[04/24 17:41:17] [INFO   ] org.mutationtesting.major.plugin.MajorPluginTaskListener.<init>:
    Created MajorPluginTaskListener with options: [mml:../../major/mml/all.mml.bin]
[04/24 17:41:17] [INFO   ] org.mutationtesting.major.mutation.Mutator.initOperatorSymbols:
    Initializing operator symbols for opcode mapping
[04/24 17:41:17] [INFO   ] org.mutationtesting.major.mutation.Mutator.mutateTree:
    Mutating tree: Env[AttrContext[Scope[super, this]],outer=Env[AttrContext[Scope[g0001_0100.s0081_search_in_rotated_sorted_array_ii.Solution]]]]
[04/24 17:41:17] [INFO   ] org.mutationtesting.major.mutation.Mutator.visitClassDef:
    CLASS: g0001_0100.s0081_search_in_rotated_sorted_array_ii.Solution
[04/24 17:41:17] [INFO   ] org.mutationtesting.major.mutation.Mutator.visitMethodDef:
    METHOD: <init>([])null
[04/24 17:41:17] [INFO   ] org.mutationtesting.major.mutation.Mutator.visitMethodDef:
    METHOD: search([int[] nums, int target])boolean
[04/24 17:41:17] [INFO   ] org.mutationtesting.major.mutation.Mutator.nextMutant:
    Creating mutant 1
[04/24 17:41:17] [INFO   ] org.mutationtesting.major.mutation.Mutator.logMutant:
    Logging mutant 1: Solution.search(line 12, col 44)
            mutation operator group:   AOR
            mutation operator:         -(int,int) |==> %(int,int)
            original:                  nums.length - 1 
            mutant:                    nums.length % 1
[04/24 17:41:17] [INFO   ] org.mutationtesting.major.mutation.Mutator.nextMutant:
    Creating mutant 2
[04/24 17:41:17] [INFO   ] org.mutationtesting.major.mutation.Mutator.logMutant:
    Logging mutant 2: Solution.search(line 12, col 44)
            mutation operator group:   AOR
            mutation operator:         -(int,int) |==> *(int,int)
            original:                  nums.length - 1 
            mutant:                    nums.length * 1
[04/24 17:41:17] [INFO   ] org.mutationtesting.major.mutation.Mutator.nextMutant:
    Creating mutant 3
[04/24 17:41:17] [INFO   ] org.mutationtesting.major.mutation.Mutator.logMutant:
    Logging mutant 3: Solution.search(line 12, col 44)
            mutation operator group:   AOR
            mutation operator:         -(int,int) |==> +(int,int)
            original:                  nums.length - 1 
            mutant:                    nums.length + 1
[04/24 17:41:17] [INFO   ] org.mutationtesting.major.mutation.Mutator.nextMutant:
    Creating mutant 4
[04/24 17:41:17] [INFO   ] org.mutationtesting.major.mutation.Mutator.logMutant:
    Logging mutant 4: Solution.search(line 12, col 44)
            mutation operator group:   AOR
            mutation operator:         -(int,int) |==> /(int,int)
            original:                  nums.length - 1 
            mutant:                    nums.length / 1
[04/24 17:41:17] [INFO   ] org.mutationtesting.major.mutation.Mutator.visitMethodDef:
    METHOD: binary([int[] a, int i, int j, int t])boolean
[04/24 17:41:17] [INFO   ] org.mutationtesting.major.mutation.Mutator.nextMutant:
    Creating mutant 5
[04/24 17:41:17] [INFO   ] org.mutationtesting.major.mutation.Mutator.logMutant:
    Logging mutant 5: Solution.binary(line 16, col 15)
            mutation operator group:   ROR
            mutation operator:         >(int,int) |==> !=(int,int)
            original:                  i > j 
            mutant:                    i != j
[04/24 17:41:17] [INFO   ] org.mutationtesting.major.mutation.Mutator.nextMutant:
    Creating mutant 6
[04/24 17:41:17] [INFO   ] org.mutationtesting.major.mutation.Mutator.logMutant:
    Logging mutant 6: Solution.binary(line 16, col 15)
            mutation operator group:   ROR
            mutation operator:         >(int,int) |==> >=(int,int)
            original:                  i > j 
            mutant:                    i >= j
[04/24 17:41:17] [INFO   ] org.mutationtesting.major.mutation.Mutator.nextMutant:
    Creating mutant 7
[04/24 17:41:17] [INFO   ] org.mutationtesting.major.mutation.Mutator.logMutant:
    Logging mutant 7: Solution.binary(line 16, col 15)
            mutation operator group:   ROR
            mutation operator:         >(int,int) |==> FALSE(int,int)
            original:                  i > j 
            mutant:                    false
[04/24 17:41:17] [INFO   ] org.mutationtesting.major.mutation.Mutator.nextMutant:
    Creating mutant 8
[04/24 17:41:17] [INFO   ] org.mutationtesting.major.mutation.Mutator.logMutantSTD:
    Logging mutantSTD 8: (STD) return false; -> <NO-OP>
[04/24 17:41:17] [INFO   ] org.mutationtesting.major.mutation.Mutator.nextMutant:
    Creating mutant 9
[04/24 17:41:17] [INFO   ] org.mutationtesting.major.mutation.Mutator.logMutant:
    Logging mutant 9: Solution.binary(line 19, col 22)
            mutation operator group:   AOR
            mutation operator:         +(int,int) |==> %(int,int)
            original:                  i + j 
            mutant:                    i % j
[04/24 17:41:17] [INFO   ] org.mutationtesting.major.mutation.Mutator.nextMutant:
    Creating mutant 10
[04/24 17:41:17] [INFO   ] org.mutationtesting.major.mutation.Mutator.logMutant:
    Logging mutant 10: Solution.binary(line 19, col 22)
            mutation operator group:   AOR
            mutation operator:         +(int,int) |==> *(int,int)
            original:                  i + j 
            mutant:                    i * j
[04/24 17:41:17] [INFO   ] org.mutationtesting.major.mutation.Mutator.nextMutant:
    Creating mutant 11
[04/24 17:41:17] [INFO   ] org.mutationtesting.major.mutation.Mutator.logMutant:
    Logging mutant 11: Solution.binary(line 19, col 22)
            mutation operator group:   AOR
            mutation operator:         +(int,int) |==> -(int,int)
            original:                  i + j 
            mutant:                    i - j
[04/24 17:41:17] [INFO   ] org.mutationtesting.major.mutation.Mutator.nextMutant:
    Creating mutant 12
[04/24 17:41:17] [INFO   ] org.mutationtesting.major.mutation.Mutator.logMutant:
    Logging mutant 12: Solution.binary(line 19, col 22)
            mutation operator group:   AOR
            mutation operator:         +(int,int) |==> /(int,int)
            original:                  i + j 
            mutant:                    i / j
[04/24 17:41:17] [INFO   ] org.mutationtesting.major.mutation.Mutator.nextMutant:
    Creating mutant 13
[04/24 17:41:17] [INFO   ] org.mutationtesting.major.mutation.Mutator.logMutant:
    Logging mutant 13: Solution.binary(line 19, col 27)
            mutation operator group:   AOR
            mutation operator:         /(int,int) |==> %(int,int)
            original:                  (i + j) / 2 
            mutant:                    (i + j) % 2
[04/24 17:41:17] [INFO   ] org.mutationtesting.major.mutation.Mutator.nextMutant:
    Creating mutant 14
[04/24 17:41:17] [INFO   ] org.mutationtesting.major.mutation.Mutator.logMutant:
    Logging mutant 14: Solution.binary(line 19, col 27)
            mutation operator group:   AOR
            mutation operator:         /(int,int) |==> *(int,int)
            original:                  (i + j) / 2 
            mutant:                    (i + j) * 2
[04/24 17:41:17] [INFO   ] org.mutationtesting.major.mutation.Mutator.nextMutant:
    Creating mutant 15
[04/24 17:41:17] [INFO   ] org.mutationtesting.major.mutation.Mutator.logMutant:
    Logging mutant 15: Solution.binary(line 19, col 27)
            mutation operator group:   AOR
            mutation operator:         /(int,int) |==> +(int,int)
            original:                  (i + j) / 2 
            mutant:                    (i + j) + 2
[04/24 17:41:17] [INFO   ] org.mutationtesting.major.mutation.Mutator.nextMutant:
    Creating mutant 16
[04/24 17:41:17] [INFO   ] org.mutationtesting.major.mutation.Mutator.logMutant:
    Logging mutant 16: Solution.binary(line 19, col 27)
            mutation operator group:   AOR
            mutation operator:         /(int,int) |==> -(int,int)
            original:                  (i + j) / 2 
            mutant:                    (i + j) - 2
[04/24 17:41:17] [INFO   ] org.mutationtesting.major.mutation.Mutator.nextMutant:
    Creating mutant 17
[04/24 17:41:17] [INFO   ] org.mutationtesting.major.mutation.Mutator.logMutant:
    Logging mutant 17: Solution.binary(line 20, col 20)
            mutation operator group:   ROR
            mutation operator:         ==(int,int) |==> <=(int,int)
            original:                  a[mid] == t 
            mutant:                    a[mid] <= t
[04/24 17:41:17] [INFO   ] org.mutationtesting.major.mutation.Mutator.nextMutant:
    Creating mutant 18
[04/24 17:41:17] [INFO   ] org.mutationtesting.major.mutation.Mutator.logMutant:
    Logging mutant 18: Solution.binary(line 20, col 20)
            mutation operator group:   ROR
            mutation operator:         ==(int,int) |==> >=(int,int)
            original:                  a[mid] == t 
            mutant:                    a[mid] >= t
[04/24 17:41:17] [INFO   ] org.mutationtesting.major.mutation.Mutator.nextMutant:
    Creating mutant 19
[04/24 17:41:17] [INFO   ] org.mutationtesting.major.mutation.Mutator.logMutant:
    Logging mutant 19: Solution.binary(line 20, col 20)
            mutation operator group:   ROR
            mutation operator:         ==(int,int) |==> FALSE(int,int)
            original:                  a[mid] == t 
            mutant:                    false
[04/24 17:41:17] [INFO   ] org.mutationtesting.major.mutation.Mutator.nextMutant:
    Creating mutant 20
[04/24 17:41:17] [INFO   ] org.mutationtesting.major.mutation.Mutator.logMutantSTD:
    Logging mutantSTD 20: (STD) return true; -> <NO-OP>
[04/24 17:41:17] [INFO   ] org.mutationtesting.major.mutation.Mutator.nextMutant:
    Creating mutant 21
[04/24 17:41:17] [INFO   ] org.mutationtesting.major.mutation.Mutator.logMutant:
    Logging mutant 21: Solution.binary(line 23, col 39)
            mutation operator group:   AOR
            mutation operator:         -(int,int) |==> %(int,int)
            original:                  mid - 1 
            mutant:                    mid % 1
[04/24 17:41:17] [INFO   ] org.mutationtesting.major.mutation.Mutator.nextMutant:
    Creating mutant 22
[04/24 17:41:17] [INFO   ] org.mutationtesting.major.mutation.Mutator.logMutant:
    Logging mutant 22: Solution.binary(line 23, col 39)
            mutation operator group:   AOR
            mutation operator:         -(int,int) |==> *(int,int)
            original:                  mid - 1 
            mutant:                    mid * 1
[04/24 17:41:17] [INFO   ] org.mutationtesting.major.mutation.Mutator.nextMutant:
    Creating mutant 23
[04/24 17:41:17] [INFO   ] org.mutationtesting.major.mutation.Mutator.logMutant:
    Logging mutant 23: Solution.binary(line 23, col 39)
            mutation operator group:   AOR
            mutation operator:         -(int,int) |==> +(int,int)
            original:                  mid - 1 
            mutant:                    mid + 1
[04/24 17:41:17] [INFO   ] org.mutationtesting.major.mutation.Mutator.nextMutant:
    Creating mutant 24
[04/24 17:41:17] [INFO   ] org.mutationtesting.major.mutation.Mutator.logMutant:
    Logging mutant 24: Solution.binary(line 23, col 39)
            mutation operator group:   AOR
            mutation operator:         -(int,int) |==> /(int,int)
            original:                  mid - 1 
            mutant:                    mid / 1
[04/24 17:41:17] [INFO   ] org.mutationtesting.major.mutation.Mutator.nextMutant:
    Creating mutant 25
[04/24 17:41:17] [INFO   ] org.mutationtesting.major.mutation.Mutator.logMutant:
    Logging mutant 25: Solution.binary(line 24, col 36)
            mutation operator group:   AOR
            mutation operator:         +(int,int) |==> %(int,int)
            original:                  mid + 1 
            mutant:                    mid % 1
[04/24 17:41:17] [INFO   ] org.mutationtesting.major.mutation.Mutator.nextMutant:
    Creating mutant 26
[04/24 17:41:17] [INFO   ] org.mutationtesting.major.mutation.Mutator.logMutant:
    Logging mutant 26: Solution.binary(line 24, col 36)
            mutation operator group:   AOR
            mutation operator:         +(int,int) |==> *(int,int)
            original:                  mid + 1 
            mutant:                    mid * 1
[04/24 17:41:17] [INFO   ] org.mutationtesting.major.mutation.Mutator.nextMutant:
    Creating mutant 27
[04/24 17:41:17] [INFO   ] org.mutationtesting.major.mutation.Mutator.logMutant:
    Logging mutant 27: Solution.binary(line 24, col 36)
            mutation operator group:   AOR
            mutation operator:         +(int,int) |==> -(int,int)
            original:                  mid + 1 
            mutant:                    mid - 1
[04/24 17:41:17] [INFO   ] org.mutationtesting.major.mutation.Mutator.nextMutant:
    Creating mutant 28
[04/24 17:41:17] [INFO   ] org.mutationtesting.major.mutation.Mutator.logMutant:
    Logging mutant 28: Solution.binary(line 24, col 36)
            mutation operator group:   AOR
            mutation operator:         +(int,int) |==> /(int,int)
            original:                  mid + 1 
            mutant:                    mid / 1
[04/24 17:41:17] [INFO   ] org.mutationtesting.major.mutation.Mutator.nextMutant:
    Creating mutant 29
[04/24 17:41:17] [INFO   ] org.mutationtesting.major.mutation.Mutator.logMutant:
    Logging mutant 29: Solution.binary(line 25, col 19)
            mutation operator group:   COR
            mutation operator:         ||(boolean,boolean) |==> !=(boolean,boolean)
            original:                  c1 || c2 
            mutant:                    c1 != c2
[04/24 17:41:17] [INFO   ] org.mutationtesting.major.mutation.Mutator.nextMutant:
    Creating mutant 30
[04/24 17:41:17] [INFO   ] org.mutationtesting.major.mutation.Mutator.logMutant:
    Logging mutant 30: Solution.binary(line 25, col 16)
            mutation operator group:   COR
            mutation operator:         ||(boolean,boolean) |==> LHS(boolean,boolean)
            original:                  c1 || c2 
            mutant:                    c1
[04/24 17:41:17] [INFO   ] org.mutationtesting.major.mutation.Mutator.nextMutant:
    Creating mutant 31
[04/24 17:41:17] [INFO   ] org.mutationtesting.major.mutation.Mutator.logMutant:
    Logging mutant 31: Solution.binary(line 25, col 22)
            mutation operator group:   COR
            mutation operator:         ||(boolean,boolean) |==> RHS(boolean,boolean)
            original:                  c1 || c2 
            mutant:                    c2
[04/24 17:41:17] [INFO   ] org.mutationtesting.major.mutation.Mutator.nextMutant:
    Creating mutant 32
[04/24 17:41:17] [INFO   ] org.mutationtesting.major.mutation.Mutator.logMutant:
    Logging mutant 32: Solution.binary(line 25, col 19)
            mutation operator group:   COR
            mutation operator:         ||(boolean,boolean) |==> TRUE(boolean,boolean)
            original:                  c1 || c2 
            mutant:                    true
[04/24 17:41:17] [INFO   ] org.mutationtesting.major.plugin.MajorPluginTaskListener.mutate:
    Generated 32 mutants (55 ms)
