[04/24 17:41:14] [INFO   ] org.mutationtesting.major.plugin.MajorPluginTaskListener.<init>:
    Created MajorPluginTaskListener with options: [mml:../../major/mml/all.mml.bin]
[04/24 17:41:14] [INFO   ] org.mutationtesting.major.mutation.Mutator.initOperatorSymbols:
    Initializing operator symbols for opcode mapping
[04/24 17:41:14] [INFO   ] org.mutationtesting.major.mutation.Mutator.mutateTree:
    Mutating tree: Env[AttrContext[Scope[super, this]],outer=Env[AttrContext[Scope[g0001_0100.s0076_minimum_window_substring.Solution]]]]
[04/24 17:41:14] [INFO   ] org.mutationtesting.major.mutation.Mutator.visitClassDef:
    CLASS: g0001_0100.s0076_minimum_window_substring.Solution
[04/24 17:41:14] [INFO   ] org.mutationtesting.major.mutation.Mutator.visitMethodDef:
    METHOD: <init>([])null
[04/24 17:41:14] [INFO   ] org.mutationtesting.major.mutation.Mutator.visitMethodDef:
    METHOD: minWindow([String s, String t])String
[04/24 17:41:14] [INFO   ] org.mutationtesting.major.mutation.Mutator.nextMutant:
    Creating mutant 1
[04/24 17:41:14] [INFO   ] org.mutationtesting.major.mutation.Mutator.logMutant:
    Logging mutant 1: Solution.minWindow(line 19, col 27)
            mutation operator group:   ROR
            mutation operator:         <(int,int) |==> !=(int,int)
            original:                  i < t.length() 
            mutant:                    i != t.length()
[04/24 17:41:14] [INFO   ] org.mutationtesting.major.mutation.Mutator.nextMutant:
    Creating mutant 2
[04/24 17:41:14] [INFO   ] org.mutationtesting.major.mutation.Mutator.logMutant:
    Logging mutant 2: Solution.minWindow(line 19, col 27)
            mutation operator group:   ROR
            mutation operator:         <(int,int) |==> <=(int,int)
            original:                  i < t.length() 
            mutant:                    i <= t.length()
[04/24 17:41:14] [INFO   ] org.mutationtesting.major.mutation.Mutator.nextMutant:
    Creating mutant 3
[04/24 17:41:14] [INFO   ] org.mutationtesting.major.mutation.Mutator.logMutant:
    Logging mutant 3: Solution.minWindow(line 19, col 27)
            mutation operator group:   ROR
            mutation operator:         <(int,int) |==> FALSE(int,int)
            original:                  i < t.length() 
            mutant:                    false
[04/24 17:41:14] [INFO   ] org.mutationtesting.major.mutation.Mutator.nextMutant:
    Creating mutant 4
[04/24 17:41:14] [INFO   ] org.mutationtesting.major.mutation.Mutator.logMutant:
    Logging mutant 4: Solution.minWindow(line 20, col 29)
            mutation operator group:   AOR
            mutation operator:         -(int,int) |==> %(int,int)
            original:                  t.charAt(i) - 'A' 
            mutant:                    t.charAt(i) % 'A'
[04/24 17:41:14] [INFO   ] org.mutationtesting.major.mutation.Mutator.nextMutant:
    Creating mutant 5
[04/24 17:41:14] [INFO   ] org.mutationtesting.major.mutation.Mutator.logMutant:
    Logging mutant 5: Solution.minWindow(line 20, col 29)
            mutation operator group:   AOR
            mutation operator:         -(int,int) |==> *(int,int)
            original:                  t.charAt(i) - 'A' 
            mutant:                    t.charAt(i) * 'A'
[04/24 17:41:14] [INFO   ] org.mutationtesting.major.mutation.Mutator.nextMutant:
    Creating mutant 6
[04/24 17:41:14] [INFO   ] org.mutationtesting.major.mutation.Mutator.logMutant:
    Logging mutant 6: Solution.minWindow(line 20, col 29)
            mutation operator group:   AOR
            mutation operator:         -(int,int) |==> +(int,int)
            original:                  t.charAt(i) - 'A' 
            mutant:                    t.charAt(i) + 'A'
[04/24 17:41:14] [INFO   ] org.mutationtesting.major.mutation.Mutator.nextMutant:
    Creating mutant 7
[04/24 17:41:14] [INFO   ] org.mutationtesting.major.mutation.Mutator.logMutant:
    Logging mutant 7: Solution.minWindow(line 20, col 29)
            mutation operator group:   AOR
            mutation operator:         -(int,int) |==> /(int,int)
            original:                  t.charAt(i) - 'A' 
            mutant:                    t.charAt(i) / 'A'
[04/24 17:41:14] [INFO   ] org.mutationtesting.major.mutation.Mutator.nextMutant:
    Creating mutant 8
[04/24 17:41:14] [INFO   ] org.mutationtesting.major.mutation.Mutator.logMutantSTD:
    Logging mutantSTD 8: (STD) map[t.charAt(i) - 'A']++; -> <NO-OP>
[04/24 17:41:14] [INFO   ] org.mutationtesting.major.mutation.Mutator.nextMutant:
    Creating mutant 9
[04/24 17:41:14] [INFO   ] org.mutationtesting.major.mutation.Mutator.logMutant:
    Logging mutant 9: Solution.minWindow(line 27, col 20)
            mutation operator group:   ROR
            mutation operator:         <(int,int) |==> !=(int,int)
            original:                  end < s.length() 
            mutant:                    end != s.length()
[04/24 17:41:14] [INFO   ] org.mutationtesting.major.mutation.Mutator.nextMutant:
    Creating mutant 10
[04/24 17:41:14] [INFO   ] org.mutationtesting.major.mutation.Mutator.logMutant:
    Logging mutant 10: Solution.minWindow(line 27, col 20)
            mutation operator group:   ROR
            mutation operator:         <(int,int) |==> <=(int,int)
            original:                  end < s.length() 
            mutant:                    end <= s.length()
[04/24 17:41:14] [INFO   ] org.mutationtesting.major.mutation.Mutator.nextMutant:
    Creating mutant 11
[04/24 17:41:14] [INFO   ] org.mutationtesting.major.mutation.Mutator.logMutant:
    Logging mutant 11: Solution.minWindow(line 27, col 20)
            mutation operator group:   ROR
            mutation operator:         <(int,int) |==> FALSE(int,int)
            original:                  end < s.length() 
            mutant:                    false
[04/24 17:41:14] [INFO   ] org.mutationtesting.major.mutation.Mutator.nextMutant:
    Creating mutant 12
[04/24 17:41:14] [INFO   ] org.mutationtesting.major.mutation.Mutator.logMutant:
    Logging mutant 12: Solution.minWindow(line 28, col 37)
            mutation operator group:   AOR
            mutation operator:         -(int,int) |==> %(int,int)
            original:                  s.charAt(end++) - 'A' 
            mutant:                    s.charAt(end++) % 'A'
[04/24 17:41:14] [INFO   ] org.mutationtesting.major.mutation.Mutator.nextMutant:
    Creating mutant 13
[04/24 17:41:14] [INFO   ] org.mutationtesting.major.mutation.Mutator.logMutant:
    Logging mutant 13: Solution.minWindow(line 28, col 37)
            mutation operator group:   AOR
            mutation operator:         -(int,int) |==> *(int,int)
            original:                  s.charAt(end++) - 'A' 
            mutant:                    s.charAt(end++) * 'A'
[04/24 17:41:14] [INFO   ] org.mutationtesting.major.mutation.Mutator.nextMutant:
    Creating mutant 14
[04/24 17:41:14] [INFO   ] org.mutationtesting.major.mutation.Mutator.logMutant:
    Logging mutant 14: Solution.minWindow(line 28, col 37)
            mutation operator group:   AOR
            mutation operator:         -(int,int) |==> +(int,int)
            original:                  s.charAt(end++) - 'A' 
            mutant:                    s.charAt(end++) + 'A'
[04/24 17:41:14] [INFO   ] org.mutationtesting.major.mutation.Mutator.nextMutant:
    Creating mutant 15
[04/24 17:41:14] [INFO   ] org.mutationtesting.major.mutation.Mutator.logMutant:
    Logging mutant 15: Solution.minWindow(line 28, col 37)
            mutation operator group:   AOR
            mutation operator:         -(int,int) |==> /(int,int)
            original:                  s.charAt(end++) - 'A' 
            mutant:                    s.charAt(end++) / 'A'
[04/24 17:41:14] [INFO   ] org.mutationtesting.major.mutation.Mutator.nextMutant:
    Creating mutant 16
[04/24 17:41:14] [INFO   ] org.mutationtesting.major.mutation.Mutator.logMutant:
    Logging mutant 16: Solution.minWindow(line 28, col 46)
            mutation operator group:   ROR
            mutation operator:         >(int,int) |==> !=(int,int)
            original:                  map[s.charAt(end++) - 'A']-- > 0 
            mutant:                    map[s.charAt(end++) - 'A']-- != 0
[04/24 17:41:14] [INFO   ] org.mutationtesting.major.mutation.Mutator.nextMutant:
    Creating mutant 17
[04/24 17:41:14] [INFO   ] org.mutationtesting.major.mutation.Mutator.logMutant:
    Logging mutant 17: Solution.minWindow(line 28, col 46)
            mutation operator group:   ROR
            mutation operator:         >(int,int) |==> >=(int,int)
            original:                  map[s.charAt(end++) - 'A']-- > 0 
            mutant:                    map[s.charAt(end++) - 'A']-- >= 0
[04/24 17:41:14] [INFO   ] org.mutationtesting.major.mutation.Mutator.nextMutant:
    Creating mutant 18
[04/24 17:41:14] [INFO   ] org.mutationtesting.major.mutation.Mutator.logMutant:
    Logging mutant 18: Solution.minWindow(line 28, col 46)
            mutation operator group:   ROR
            mutation operator:         >(int,int) |==> FALSE(int,int)
            original:                  map[s.charAt(end++) - 'A']-- > 0 
            mutant:                    false
[04/24 17:41:14] [INFO   ] org.mutationtesting.major.mutation.Mutator.nextMutant:
    Creating mutant 19
[04/24 17:41:14] [INFO   ] org.mutationtesting.major.mutation.Mutator.logMutantSTD:
    Logging mutantSTD 19: (STD) count--; -> <NO-OP>
[04/24 17:41:14] [INFO   ] org.mutationtesting.major.mutation.Mutator.nextMutant:
    Creating mutant 20
[04/24 17:41:14] [INFO   ] org.mutationtesting.major.mutation.Mutator.logMutant:
    Logging mutant 20: Solution.minWindow(line 31, col 26)
            mutation operator group:   ROR
            mutation operator:         ==(int,int) |==> <=(int,int)
            original:                  count == 0 
            mutant:                    count <= 0
[04/24 17:41:14] [INFO   ] org.mutationtesting.major.mutation.Mutator.nextMutant:
    Creating mutant 21
[04/24 17:41:14] [INFO   ] org.mutationtesting.major.mutation.Mutator.logMutant:
    Logging mutant 21: Solution.minWindow(line 31, col 26)
            mutation operator group:   ROR
            mutation operator:         ==(int,int) |==> >=(int,int)
            original:                  count == 0 
            mutant:                    count >= 0
[04/24 17:41:14] [INFO   ] org.mutationtesting.major.mutation.Mutator.nextMutant:
    Creating mutant 22
[04/24 17:41:14] [INFO   ] org.mutationtesting.major.mutation.Mutator.logMutant:
    Logging mutant 22: Solution.minWindow(line 31, col 26)
            mutation operator group:   ROR
            mutation operator:         ==(int,int) |==> FALSE(int,int)
            original:                  count == 0 
            mutant:                    false
[04/24 17:41:14] [INFO   ] org.mutationtesting.major.mutation.Mutator.nextMutant:
    Creating mutant 23
[04/24 17:41:14] [INFO   ] org.mutationtesting.major.mutation.Mutator.logMutant:
    Logging mutant 23: Solution.minWindow(line 32, col 25)
            mutation operator group:   AOR
            mutation operator:         -(int,int) |==> %(int,int)
            original:                  end - begin 
            mutant:                    end % begin
[04/24 17:41:14] [INFO   ] org.mutationtesting.major.mutation.Mutator.nextMutant:
    Creating mutant 24
[04/24 17:41:14] [INFO   ] org.mutationtesting.major.mutation.Mutator.logMutant:
    Logging mutant 24: Solution.minWindow(line 32, col 25)
            mutation operator group:   AOR
            mutation operator:         -(int,int) |==> *(int,int)
            original:                  end - begin 
            mutant:                    end * begin
[04/24 17:41:14] [INFO   ] org.mutationtesting.major.mutation.Mutator.nextMutant:
    Creating mutant 25
[04/24 17:41:14] [INFO   ] org.mutationtesting.major.mutation.Mutator.logMutant:
    Logging mutant 25: Solution.minWindow(line 32, col 25)
            mutation operator group:   AOR
            mutation operator:         -(int,int) |==> +(int,int)
            original:                  end - begin 
            mutant:                    end + begin
[04/24 17:41:14] [INFO   ] org.mutationtesting.major.mutation.Mutator.nextMutant:
    Creating mutant 26
[04/24 17:41:14] [INFO   ] org.mutationtesting.major.mutation.Mutator.logMutant:
    Logging mutant 26: Solution.minWindow(line 32, col 25)
            mutation operator group:   AOR
            mutation operator:         -(int,int) |==> /(int,int)
            original:                  end - begin 
            mutant:                    end / begin
[04/24 17:41:14] [INFO   ] org.mutationtesting.major.mutation.Mutator.nextMutant:
    Creating mutant 27
[04/24 17:41:14] [INFO   ] org.mutationtesting.major.mutation.Mutator.logMutant:
    Logging mutant 27: Solution.minWindow(line 32, col 33)
            mutation operator group:   ROR
            mutation operator:         <(int,int) |==> !=(int,int)
            original:                  end - begin < d 
            mutant:                    end - begin != d
[04/24 17:41:14] [INFO   ] org.mutationtesting.major.mutation.Mutator.nextMutant:
    Creating mutant 28
[04/24 17:41:14] [INFO   ] org.mutationtesting.major.mutation.Mutator.logMutant:
    Logging mutant 28: Solution.minWindow(line 32, col 33)
            mutation operator group:   ROR
            mutation operator:         <(int,int) |==> <=(int,int)
            original:                  end - begin < d 
            mutant:                    end - begin <= d
[04/24 17:41:14] [INFO   ] org.mutationtesting.major.mutation.Mutator.nextMutant:
    Creating mutant 29
[04/24 17:41:14] [INFO   ] org.mutationtesting.major.mutation.Mutator.logMutant:
    Logging mutant 29: Solution.minWindow(line 32, col 33)
            mutation operator group:   ROR
            mutation operator:         <(int,int) |==> FALSE(int,int)
            original:                  end - begin < d 
            mutant:                    false
[04/24 17:41:14] [INFO   ] org.mutationtesting.major.mutation.Mutator.nextMutant:
    Creating mutant 30
[04/24 17:41:14] [INFO   ] org.mutationtesting.major.mutation.Mutator.logMutant:
    Logging mutant 30: Solution.minWindow(line 33, col 29)
            mutation operator group:   AOR
            mutation operator:         -(int,int) |==> %(int,int)
            original:                  end - begin 
            mutant:                    end % begin
[04/24 17:41:14] [INFO   ] org.mutationtesting.major.mutation.Mutator.nextMutant:
    Creating mutant 31
[04/24 17:41:14] [INFO   ] org.mutationtesting.major.mutation.Mutator.logMutant:
    Logging mutant 31: Solution.minWindow(line 33, col 29)
            mutation operator group:   AOR
            mutation operator:         -(int,int) |==> *(int,int)
            original:                  end - begin 
            mutant:                    end * begin
[04/24 17:41:14] [INFO   ] org.mutationtesting.major.mutation.Mutator.nextMutant:
    Creating mutant 32
[04/24 17:41:14] [INFO   ] org.mutationtesting.major.mutation.Mutator.logMutant:
    Logging mutant 32: Solution.minWindow(line 33, col 29)
            mutation operator group:   AOR
            mutation operator:         -(int,int) |==> +(int,int)
            original:                  end - begin 
            mutant:                    end + begin
[04/24 17:41:14] [INFO   ] org.mutationtesting.major.mutation.Mutator.nextMutant:
    Creating mutant 33
[04/24 17:41:14] [INFO   ] org.mutationtesting.major.mutation.Mutator.logMutant:
    Logging mutant 33: Solution.minWindow(line 33, col 29)
            mutation operator group:   AOR
            mutation operator:         -(int,int) |==> /(int,int)
            original:                  end - begin 
            mutant:                    end / begin
[04/24 17:41:14] [INFO   ] org.mutationtesting.major.mutation.Mutator.nextMutant:
    Creating mutant 34
[04/24 17:41:14] [INFO   ] org.mutationtesting.major.mutation.Mutator.logMutantSTD:
    Logging mutantSTD 34: (STD) d = end - begin; -> <NO-OP>
[04/24 17:41:14] [INFO   ] org.mutationtesting.major.mutation.Mutator.nextMutant:
    Creating mutant 35
[04/24 17:41:14] [INFO   ] org.mutationtesting.major.mutation.Mutator.logMutantSTD:
    Logging mutantSTD 35: (STD) head = begin; -> <NO-OP>
[04/24 17:41:14] [INFO   ] org.mutationtesting.major.mutation.Mutator.nextMutant:
    Creating mutant 36
[04/24 17:41:14] [INFO   ] org.mutationtesting.major.mutation.Mutator.logMutant:
    Logging mutant 36: Solution.minWindow(line 36, col 43)
            mutation operator group:   AOR
            mutation operator:         -(int,int) |==> %(int,int)
            original:                  s.charAt(begin++) - 'A' 
            mutant:                    s.charAt(begin++) % 'A'
[04/24 17:41:14] [INFO   ] org.mutationtesting.major.mutation.Mutator.nextMutant:
    Creating mutant 37
[04/24 17:41:14] [INFO   ] org.mutationtesting.major.mutation.Mutator.logMutant:
    Logging mutant 37: Solution.minWindow(line 36, col 43)
            mutation operator group:   AOR
            mutation operator:         -(int,int) |==> *(int,int)
            original:                  s.charAt(begin++) - 'A' 
            mutant:                    s.charAt(begin++) * 'A'
[04/24 17:41:14] [INFO   ] org.mutationtesting.major.mutation.Mutator.nextMutant:
    Creating mutant 38
[04/24 17:41:14] [INFO   ] org.mutationtesting.major.mutation.Mutator.logMutant:
    Logging mutant 38: Solution.minWindow(line 36, col 43)
            mutation operator group:   AOR
            mutation operator:         -(int,int) |==> +(int,int)
            original:                  s.charAt(begin++) - 'A' 
            mutant:                    s.charAt(begin++) + 'A'
[04/24 17:41:14] [INFO   ] org.mutationtesting.major.mutation.Mutator.nextMutant:
    Creating mutant 39
[04/24 17:41:14] [INFO   ] org.mutationtesting.major.mutation.Mutator.logMutant:
    Logging mutant 39: Solution.minWindow(line 36, col 43)
            mutation operator group:   AOR
            mutation operator:         -(int,int) |==> /(int,int)
            original:                  s.charAt(begin++) - 'A' 
            mutant:                    s.charAt(begin++) / 'A'
[04/24 17:41:14] [INFO   ] org.mutationtesting.major.mutation.Mutator.nextMutant:
    Creating mutant 40
[04/24 17:41:14] [INFO   ] org.mutationtesting.major.mutation.Mutator.logMutant:
    Logging mutant 40: Solution.minWindow(line 36, col 52)
            mutation operator group:   ROR
            mutation operator:         ==(int,int) |==> <=(int,int)
            original:                  map[s.charAt(begin++) - 'A']++ == 0 
            mutant:                    map[s.charAt(begin++) - 'A']++ <= 0
[04/24 17:41:14] [INFO   ] org.mutationtesting.major.mutation.Mutator.nextMutant:
    Creating mutant 41
[04/24 17:41:14] [INFO   ] org.mutationtesting.major.mutation.Mutator.logMutant:
    Logging mutant 41: Solution.minWindow(line 36, col 52)
            mutation operator group:   ROR
            mutation operator:         ==(int,int) |==> >=(int,int)
            original:                  map[s.charAt(begin++) - 'A']++ == 0 
            mutant:                    map[s.charAt(begin++) - 'A']++ >= 0
[04/24 17:41:14] [INFO   ] org.mutationtesting.major.mutation.Mutator.nextMutant:
    Creating mutant 42
[04/24 17:41:14] [INFO   ] org.mutationtesting.major.mutation.Mutator.logMutant:
    Logging mutant 42: Solution.minWindow(line 36, col 52)
            mutation operator group:   ROR
            mutation operator:         ==(int,int) |==> FALSE(int,int)
            original:                  map[s.charAt(begin++) - 'A']++ == 0 
            mutant:                    false
[04/24 17:41:14] [INFO   ] org.mutationtesting.major.mutation.Mutator.nextMutant:
    Creating mutant 43
[04/24 17:41:14] [INFO   ] org.mutationtesting.major.mutation.Mutator.logMutantSTD:
    Logging mutantSTD 43: (STD) count++; -> <NO-OP>
[04/24 17:41:14] [INFO   ] org.mutationtesting.major.mutation.Mutator.nextMutant:
    Creating mutant 44
[04/24 17:41:14] [INFO   ] org.mutationtesting.major.mutation.Mutator.logMutant:
    Logging mutant 44: Solution.minWindow(line 41, col 18)
            mutation operator group:   ROR
            mutation operator:         ==(int,int) |==> <=(int,int)
            original:                  d == Integer.MAX_VALUE 
            mutant:                    d <= Integer.MAX_VALUE
[04/24 17:41:14] [INFO   ] org.mutationtesting.major.mutation.Mutator.nextMutant:
    Creating mutant 45
[04/24 17:41:14] [INFO   ] org.mutationtesting.major.mutation.Mutator.logMutant:
    Logging mutant 45: Solution.minWindow(line 41, col 18)
            mutation operator group:   ROR
            mutation operator:         ==(int,int) |==> >=(int,int)
            original:                  d == Integer.MAX_VALUE 
            mutant:                    d >= Integer.MAX_VALUE
[04/24 17:41:14] [INFO   ] org.mutationtesting.major.mutation.Mutator.nextMutant:
    Creating mutant 46
[04/24 17:41:14] [INFO   ] org.mutationtesting.major.mutation.Mutator.logMutant:
    Logging mutant 46: Solution.minWindow(line 41, col 18)
            mutation operator group:   ROR
            mutation operator:         ==(int,int) |==> FALSE(int,int)
            original:                  d == Integer.MAX_VALUE 
            mutant:                    false
[04/24 17:41:14] [INFO   ] org.mutationtesting.major.mutation.Mutator.nextMutant:
    Creating mutant 47
[04/24 17:41:14] [INFO   ] org.mutationtesting.major.mutation.Mutator.logMutant:
    Logging mutant 47: Solution.minWindow(line 41, col 69)
            mutation operator group:   AOR
            mutation operator:         +(int,int) |==> %(int,int)
            original:                  head + d 
            mutant:                    head % d
[04/24 17:41:14] [INFO   ] org.mutationtesting.major.mutation.Mutator.nextMutant:
    Creating mutant 48
[04/24 17:41:14] [INFO   ] org.mutationtesting.major.mutation.Mutator.logMutant:
    Logging mutant 48: Solution.minWindow(line 41, col 69)
            mutation operator group:   AOR
            mutation operator:         +(int,int) |==> *(int,int)
            original:                  head + d 
            mutant:                    head * d
[04/24 17:41:14] [INFO   ] org.mutationtesting.major.mutation.Mutator.nextMutant:
    Creating mutant 49
[04/24 17:41:14] [INFO   ] org.mutationtesting.major.mutation.Mutator.logMutant:
    Logging mutant 49: Solution.minWindow(line 41, col 69)
            mutation operator group:   AOR
            mutation operator:         +(int,int) |==> -(int,int)
            original:                  head + d 
            mutant:                    head - d
[04/24 17:41:14] [INFO   ] org.mutationtesting.major.mutation.Mutator.nextMutant:
    Creating mutant 50
[04/24 17:41:14] [INFO   ] org.mutationtesting.major.mutation.Mutator.logMutant:
    Logging mutant 50: Solution.minWindow(line 41, col 69)
            mutation operator group:   AOR
            mutation operator:         +(int,int) |==> /(int,int)
            original:                  head + d 
            mutant:                    head / d
[04/24 17:41:14] [INFO   ] org.mutationtesting.major.plugin.MajorPluginTaskListener.mutate:
    Generated 50 mutants (115 ms)
