ERROR:root:Failed to parse \x.((_ = {NNS})(x) & _num1{CD}(x)). Error: The function '(_ = {NNS})' is not a Lambda Expression, an Application Expression, or a functional predicate, so it may not take arguments.
\x.((_ = {NNS})(x) & _num1{CD}(x))
              ^
ERROR:root:An error occurred: The function '(_ = {NNS})' is not a Lambda Expression, an Application Expression, or a functional predicate, so it may not take arguments.
\x.((_ = {NNS})(x) & _num1{CD}(x))
              ^
Sentence: Input : num1 = `` 456 '' , num2 = `` 77 ''
Tree XML:
<sentence>
  <tokens>
    <token start="0" span="1" pos="NNP" chunk="I-NP" entity="O" cat="N" id="t0_0" surf="Input" base="input"/>
    <token start="1" span="1" pos="IN" chunk="O" entity="O" cat="(NP\NP)/S" id="t0_1" surf=":" base=":"/>
    <token start="2" span="1" pos="CD" chunk="I-NP" entity="O" cat="N/N" id="t0_2" surf="num1" base="num1"/>
    <token start="3" span="1" pos="NNS" chunk="I-NP" entity="O" cat="N" id="t0_3" surf="=" base="="/>
    <token start="4" span="1" pos="LQU" chunk="O" entity="O" cat="LQU" id="t0_4" surf="``" base="``"/>
    <token start="5" span="1" pos="CD" chunk="I-NP" entity="O" cat="S\NP" id="t0_5" surf="456" base="456"/>
    <token start="6" span="1" pos="RQU" chunk="O" entity="O" cat="RQU" id="t0_6" surf="''" base="''"/>
    <token start="7" span="1" pos="," chunk="O" entity="O" cat="," id="t0_7" surf="," base=","/>
    <token start="8" span="1" pos="CD" chunk="I-NP" entity="O" cat="(NP/NP)/(NP/NP)" id="t0_8" surf="num2" base="num2"/>
    <token start="9" span="1" pos="NNS" chunk="I-NP" entity="O" cat="NP/NP" id="t0_9" surf="=" base="="/>
    <token start="10" span="1" pos="LQU" chunk="O" entity="O" cat="LQU" id="t0_10" surf="``" base="``"/>
    <token start="11" span="1" pos="CD" chunk="I-NP" entity="O" cat="N" id="t0_11" surf="77" base="77"/>
    <token start="12" span="1" pos="RQU" chunk="O" entity="O" cat="RQU" id="t0_12" surf="''" base="''"/>
  </tokens>
  <ccg root="s0_sp0" id="s0_ccg0">
    <span root="true" id="s0_sp0" child="s0_sp1 s0_sp3" category="NP" rule="ba"/>
    <span id="s0_sp1" child="s0_sp2" category="NP" rule="lex"/>
    <span start="0" span="1" pos="NNP" chunk="I-NP" entity="O" id="s0_sp2" surf="Input" base="input" terminal="t0_0" category="N"/>
    <span id="s0_sp3" child="s0_sp4 s0_sp5" category="NP\NP" rule="fa"/>
    <span start="1" span="1" pos="IN" chunk="O" entity="O" id="s0_sp4" surf=":" base=":" terminal="t0_1" category="(NP\NP)/S"/>
    <span id="s0_sp5" child="s0_sp6 s0_sp10" category="S[X=true]" rule="ba"/>
    <span id="s0_sp6" child="s0_sp7" category="NP" rule="lex"/>
    <span id="s0_sp7" child="s0_sp8 s0_sp9" category="N" rule="fa"/>
    <span start="2" span="1" pos="CD" chunk="I-NP" entity="O" id="s0_sp8" surf="num1" base="num1" terminal="t0_2" category="N/N"/>
    <span start="3" span="1" pos="NNS" chunk="I-NP" entity="O" id="s0_sp9" surf="=" base="=" terminal="t0_3" category="N"/>
    <span id="s0_sp10" child="s0_sp11 s0_sp12" category="S[X=true]\NP" rule="lp"/>
    <span start="4" span="1" pos="LQU" chunk="O" entity="O" id="s0_sp11" surf="``" base="``" terminal="t0_4" category="LQU"/>
    <span id="s0_sp12" child="s0_sp13 s0_sp16" category="S[X=true]\NP" rule="ba"/>
    <span id="s0_sp13" child="s0_sp14 s0_sp15" category="S\NP" rule="rp"/>
    <span start="5" span="1" pos="CD" chunk="I-NP" entity="O" id="s0_sp14" surf="456" base="456" terminal="t0_5" category="S\NP"/>
    <span start="6" span="1" pos="RQU" chunk="O" entity="O" id="s0_sp15" surf="''" base="''" terminal="t0_6" category="RQU"/>
    <span id="s0_sp16" child="s0_sp17 s0_sp18" category="(S[X=true]\NP)\(S[X=true]\NP)" rule="ltc"/>
    <span start="7" span="1" pos="," chunk="O" entity="O" id="s0_sp17" surf="," base="," terminal="t0_7" category="=true,"/>
    <span id="s0_sp18" child="s0_sp19 s0_sp22" category="NP" rule="fa"/>
    <span id="s0_sp19" child="s0_sp20 s0_sp21" category="NP/NP" rule="fa"/>
    <span start="8" span="1" pos="CD" chunk="I-NP" entity="O" id="s0_sp20" surf="num2" base="num2" terminal="t0_8" category="(NP/NP)/(NP/NP)"/>
    <span start="9" span="1" pos="NNS" chunk="I-NP" entity="O" id="s0_sp21" surf="=" base="=" terminal="t0_9" category="NP/NP"/>
    <span id="s0_sp22" child="s0_sp23 s0_sp24" category="NP" rule="lp"/>
    <span start="10" span="1" pos="LQU" chunk="O" entity="O" id="s0_sp23" surf="``" base="``" terminal="t0_10" category="LQU"/>
    <span id="s0_sp24" child="s0_sp25 s0_sp27" category="NP" rule="rp"/>
    <span id="s0_sp25" child="s0_sp26" category="NP" rule="lex"/>
    <span start="11" span="1" pos="CD" chunk="I-NP" entity="O" id="s0_sp26" surf="77" base="77" terminal="t0_11" category="N"/>
    <span start="12" span="1" pos="RQU" chunk="O" entity="O" id="s0_sp27" surf="''" base="''" terminal="t0_12" category="RQU"/>
  </ccg>
</sentence>

