ERROR:root:Failed to parse \x.((_ = {NNP})(x) & _1{CD}(x)). Error: The function '(_ = {NNP})' is not a Lambda Expression, an Application Expression, or a functional predicate, so it may not take arguments.
\x.((_ = {NNP})(x) & _1{CD}(x))
              ^
ERROR:root:An error occurred: The function '(_ = {NNP})' is not a Lambda Expression, an Application Expression, or a functional predicate, so it may not take arguments.
\x.((_ = {NNP})(x) & _1{CD}(x))
              ^
Sentence: Explanation : 2 < sup > 0 < /sup > = 1
Tree XML:
<sentence>
  <tokens>
    <token start="0" span="1" pos="NN" chunk="I-NP" entity="I-TIM" cat="N" id="t0_0" surf="Explanation" base="explanation"/>
    <token start="1" span="1" pos="IN" chunk="O" entity="I-TIM" cat="(NP\NP)/NP" id="t0_1" surf=":" base=":"/>
    <token start="2" span="1" pos="CD" chunk="I-NP" entity="I-TIM" cat="N/N" id="t0_2" surf="2" base="2"/>
    <token start="3" span="1" pos="JJ" chunk="I-NP" entity="I-TIM" cat="N/N" id="t0_3" surf="&lt;" base="&lt;"/>
    <token start="4" span="1" pos="NN" chunk="I-NP" entity="I-TIM" cat="N/N" id="t0_4" surf="sup" base="sup"/>
    <token start="5" span="1" pos="NN" chunk="I-NP" entity="I-TIM" cat="N/N" id="t0_5" surf="&gt;" base="&gt;"/>
    <token start="6" span="1" pos="CD" chunk="I-NP" entity="I-TIM" cat="N/N" id="t0_6" surf="0" base="0"/>
    <token start="7" span="1" pos="NN" chunk="I-NP" entity="I-TIM" cat="N/N" id="t0_7" surf="&lt;" base="&lt;"/>
    <token start="8" span="1" pos="NN" chunk="I-NP" entity="I-TIM" cat="N/N" id="t0_8" surf="/sup" base="/sup"/>
    <token start="9" span="1" pos="NNP" chunk="I-NP" entity="I-TIM" cat="N/N" id="t0_9" surf="&gt;" base="&gt;"/>
    <token start="10" span="1" pos="NNP" chunk="I-NP" entity="I-TIM" cat="N" id="t0_10" surf="=" base="="/>
    <token start="11" span="1" pos="CD" chunk="I-NP" entity="I-TIM" cat="N\N" id="t0_11" surf="1" base="1"/>
  </tokens>
  <ccg root="s0_sp0" id="s0_ccg0">
    <span root="true" id="s0_sp0" child="s0_sp1 s0_sp3" category="NP" rule="ba"/>
    <span id="s0_sp1" child="s0_sp2" category="NP" rule="lex"/>
    <span start="0" span="1" pos="NN" chunk="I-NP" entity="I-TIM" id="s0_sp2" surf="Explanation" base="explanation" terminal="t0_0" category="N"/>
    <span id="s0_sp3" child="s0_sp4 s0_sp5" category="NP\NP" rule="fa"/>
    <span start="1" span="1" pos="IN" chunk="O" entity="I-TIM" id="s0_sp4" surf=":" base=":" terminal="t0_1" category="(NP\NP)/NP"/>
    <span id="s0_sp5" child="s0_sp6" category="NP" rule="lex"/>
    <span id="s0_sp6" child="s0_sp7 s0_sp8" category="N" rule="fa"/>
    <span start="2" span="1" pos="CD" chunk="I-NP" entity="I-TIM" id="s0_sp7" surf="2" base="2" terminal="t0_2" category="N/N"/>
    <span id="s0_sp8" child="s0_sp9 s0_sp10" category="N" rule="fa"/>
    <span start="3" span="1" pos="JJ" chunk="I-NP" entity="I-TIM" id="s0_sp9" surf="&lt;" base="&lt;" terminal="t0_3" category="N/N"/>
    <span id="s0_sp10" child="s0_sp11 s0_sp12" category="N" rule="fa"/>
    <span start="4" span="1" pos="NN" chunk="I-NP" entity="I-TIM" id="s0_sp11" surf="sup" base="sup" terminal="t0_4" category="N/N"/>
    <span id="s0_sp12" child="s0_sp13 s0_sp14" category="N" rule="fa"/>
    <span start="5" span="1" pos="NN" chunk="I-NP" entity="I-TIM" id="s0_sp13" surf="&gt;" base="&gt;" terminal="t0_5" category="N/N"/>
    <span id="s0_sp14" child="s0_sp15 s0_sp16" category="N" rule="fa"/>
    <span start="6" span="1" pos="CD" chunk="I-NP" entity="I-TIM" id="s0_sp15" surf="0" base="0" terminal="t0_6" category="N/N"/>
    <span id="s0_sp16" child="s0_sp17 s0_sp18" category="N" rule="fa"/>
    <span start="7" span="1" pos="NN" chunk="I-NP" entity="I-TIM" id="s0_sp17" surf="&lt;" base="&lt;" terminal="t0_7" category="N/N"/>
    <span id="s0_sp18" child="s0_sp19 s0_sp20" category="N" rule="fa"/>
    <span start="8" span="1" pos="NN" chunk="I-NP" entity="I-TIM" id="s0_sp19" surf="/sup" base="/sup" terminal="t0_8" category="N/N"/>
    <span id="s0_sp20" child="s0_sp21 s0_sp22" category="N" rule="fa"/>
    <span start="9" span="1" pos="NNP" chunk="I-NP" entity="I-TIM" id="s0_sp21" surf="&gt;" base="&gt;" terminal="t0_9" category="N/N"/>
    <span id="s0_sp22" child="s0_sp23 s0_sp24" category="N" rule="ba"/>
    <span start="10" span="1" pos="NNP" chunk="I-NP" entity="I-TIM" id="s0_sp23" surf="=" base="=" terminal="t0_10" category="N"/>
    <span start="11" span="1" pos="CD" chunk="I-NP" entity="I-TIM" id="s0_sp24" surf="1" base="1" terminal="t0_11" category="N\N"/>
  </ccg>
</sentence>

