1:ROR:>(int,int):!=(int,int):g0001_0100.s0089_gray_code.Solution@grayCode(int):20:n > 0 |==> n != 0
2:ROR:>(int,int):>=(int,int):g0001_0100.s0089_gray_code.Solution@grayCode(int):20:n > 0 |==> n >= 0
3:ROR:>(int,int):FALSE(int,int):g0001_0100.s0089_gray_code.Solution@grayCode(int):20:n > 0 |==> false
4:AOR:*(int,int):%(int,int):g0001_0100.s0089_gray_code.Solution@grayCode(int):21:n1.length * 2 |==> n1.length % 2
5:AOR:*(int,int):+(int,int):g0001_0100.s0089_gray_code.Solution@grayCode(int):21:n1.length * 2 |==> n1.length + 2
6:AOR:*(int,int):-(int,int):g0001_0100.s0089_gray_code.Solution@grayCode(int):21:n1.length * 2 |==> n1.length - 2
7:AOR:*(int,int):/(int,int):g0001_0100.s0089_gray_code.Solution@grayCode(int):21:n1.length * 2 |==> n1.length / 2
8:STD:<ASSIGN>:<NO-OP>:g0001_0100.s0089_gray_code.Solution@grayCode(int):24:temp[pos++] = integer; |==> <NO-OP>
9:AOR:-(int,int):%(int,int):g0001_0100.s0089_gray_code.Solution@grayCode(int):26:n1.length - 1 |==> n1.length % 1
10:AOR:-(int,int):*(int,int):g0001_0100.s0089_gray_code.Solution@grayCode(int):26:n1.length - 1 |==> n1.length * 1
11:AOR:-(int,int):+(int,int):g0001_0100.s0089_gray_code.Solution@grayCode(int):26:n1.length - 1 |==> n1.length + 1
12:AOR:-(int,int):/(int,int):g0001_0100.s0089_gray_code.Solution@grayCode(int):26:n1.length - 1 |==> n1.length / 1
13:ROR:>=(int,int):==(int,int):g0001_0100.s0089_gray_code.Solution@grayCode(int):26:i >= 0 |==> i == 0
14:ROR:>=(int,int):>(int,int):g0001_0100.s0089_gray_code.Solution@grayCode(int):26:i >= 0 |==> i > 0
15:ROR:>=(int,int):TRUE(int,int):g0001_0100.s0089_gray_code.Solution@grayCode(int):26:i >= 0 |==> true
16:LOR:|(int,int):&(int,int):g0001_0100.s0089_gray_code.Solution@grayCode(int):27:n1[i] | shift |==> n1[i] & shift
17:LOR:|(int,int):^(int,int):g0001_0100.s0089_gray_code.Solution@grayCode(int):27:n1[i] | shift |==> n1[i] ^ shift
18:STD:<ASSIGN>:<NO-OP>:g0001_0100.s0089_gray_code.Solution@grayCode(int):27:temp[pos++] = n1[i] | shift; |==> <NO-OP>
19:STD:<ASSIGN>:<NO-OP>:g0001_0100.s0089_gray_code.Solution@grayCode(int):29:n1 = temp; |==> <NO-OP>
20:STD:<ASSIGN>:<NO-OP>:g0001_0100.s0089_gray_code.Solution@grayCode(int):30:shift <<= 1; |==> <NO-OP>
21:STD:<DEC>:<NO-OP>:g0001_0100.s0089_gray_code.Solution@grayCode(int):31:n--; |==> <NO-OP>
