ERROR:root:Failed to parse \x.((_ = {NNS})(x) & _arr{NN}(x)). Error: The function '(_ = {NNS})' is not a Lambda Expression, an Application Expression, or a functional predicate, so it may not take arguments.
\x.((_ = {NNS})(x) & _arr{NN}(x))
              ^
ERROR:root:An error occurred: The function '(_ = {NNS})' is not a Lambda Expression, an Application Expression, or a functional predicate, so it may not take arguments.
\x.((_ = {NNS})(x) & _arr{NN}(x))
              ^
Sentence: arr = [ 6 ]
Tree XML:
<sentence>
  <tokens>
    <token start="0" span="1" pos="NN" chunk="I-NP" entity="O" cat="N/N" id="t0_0" surf="arr" base="arr"/>
    <token start="1" span="1" pos="NNS" chunk="I-NP" entity="O" cat="N" id="t0_1" surf="=" base="="/>
    <token start="2" span="1" pos="VBD" chunk="I-VP" entity="O" cat="(S[dcl]\NP)/NP" id="t0_2" surf="[" base="["/>
    <token start="3" span="1" pos="CD" chunk="I-NP" entity="O" cat="N/N" id="t0_3" surf="6" base="6"/>
    <token start="4" span="1" pos="NNS" chunk="I-NP" entity="O" cat="N" id="t0_4" surf="]" base="]"/>
  </tokens>
  <ccg root="s0_sp0" id="s0_ccg0">
    <span root="true" id="s0_sp0" child="s0_sp1 s0_sp5" category="S[dcl=true]" rule="ba"/>
    <span id="s0_sp1" child="s0_sp2" category="NP" rule="lex"/>
    <span id="s0_sp2" child="s0_sp3 s0_sp4" category="N" rule="fa"/>
    <span start="0" span="1" pos="NN" chunk="I-NP" entity="O" id="s0_sp3" surf="arr" base="arr" terminal="t0_0" category="N/N"/>
    <span start="1" span="1" pos="NNS" chunk="I-NP" entity="O" id="s0_sp4" surf="=" base="=" terminal="t0_1" category="N"/>
    <span id="s0_sp5" child="s0_sp6 s0_sp7" category="S[dcl=true]\NP" rule="fa"/>
    <span start="2" span="1" pos="VBD" chunk="I-VP" entity="O" id="s0_sp6" surf="[" base="[" terminal="t0_2" category="(S[dcl=true]\NP)/NP"/>
    <span id="s0_sp7" child="s0_sp8" category="NP" rule="lex"/>
    <span id="s0_sp8" child="s0_sp9 s0_sp10" category="N" rule="fa"/>
    <span start="3" span="1" pos="CD" chunk="I-NP" entity="O" id="s0_sp9" surf="6" base="6" terminal="t0_3" category="N/N"/>
    <span start="4" span="1" pos="NNS" chunk="I-NP" entity="O" id="s0_sp10" surf="]" base="]" terminal="t0_4" category="N"/>
  </ccg>
</sentence>

