ERROR:root:Failed to parse \x.((_ = {NNS})(x) & _arr{NN}(x)). Error: The function '(_ = {NNS})' is not a Lambda Expression, an Application Expression, or a functional predicate, so it may not take arguments.
\x.((_ = {NNS})(x) & _arr{NN}(x))
              ^
ERROR:root:An error occurred: The function '(_ = {NNS})' is not a Lambda Expression, an Application Expression, or a functional predicate, so it may not take arguments.
\x.((_ = {NNS})(x) & _arr{NN}(x))
              ^
Sentence: arr = [ 2 , 4 , 6 , 8 ]
Tree XML:
<sentence>
  <tokens>
    <token start="0" span="1" pos="NN" chunk="I-NP" entity="O" cat="N/N" id="t0_0" surf="arr" base="arr"/>
    <token start="1" span="1" pos="NNS" chunk="I-NP" entity="O" cat="N" id="t0_1" surf="=" base="="/>
    <token start="2" span="1" pos="VBD" chunk="I-VP" entity="O" cat="(S[dcl]\NP)/NP" id="t0_2" surf="[" base="["/>
    <token start="3" span="1" pos="CD" chunk="I-NP" entity="I-DAT" cat="N" id="t0_3" surf="2" base="2"/>
    <token start="4" span="1" pos="," chunk="I-NP" entity="I-DAT" cat="," id="t0_4" surf="," base=","/>
    <token start="5" span="1" pos="CD" chunk="I-NP" entity="I-DAT" cat="N" id="t0_5" surf="4" base="4"/>
    <token start="6" span="1" pos="," chunk="I-NP" entity="I-DAT" cat="," id="t0_6" surf="," base=","/>
    <token start="7" span="1" pos="CD" chunk="I-NP" entity="I-DAT" cat="N" id="t0_7" surf="6" base="6"/>
    <token start="8" span="1" pos="," chunk="I-NP" entity="I-DAT" cat="," id="t0_8" surf="," base=","/>
    <token start="9" span="1" pos="CD" chunk="I-NP" entity="I-DAT" cat="N/N" id="t0_9" surf="8" base="8"/>
    <token start="10" span="1" pos="NN" chunk="I-NP" entity="I-DAT" cat="N" id="t0_10" surf="]" base="]"/>
  </tokens>
  <ccg root="s0_sp0" id="s0_ccg0">
    <span root="true" id="s0_sp0" child="s0_sp1 s0_sp5" category="S[dcl=true]" rule="ba"/>
    <span id="s0_sp1" child="s0_sp2" category="NP" rule="lex"/>
    <span id="s0_sp2" child="s0_sp3 s0_sp4" category="N" rule="fa"/>
    <span start="0" span="1" pos="NN" chunk="I-NP" entity="O" id="s0_sp3" surf="arr" base="arr" terminal="t0_0" category="N/N"/>
    <span start="1" span="1" pos="NNS" chunk="I-NP" entity="O" id="s0_sp4" surf="=" base="=" terminal="t0_1" category="N"/>
    <span id="s0_sp5" child="s0_sp6 s0_sp7" category="S[dcl=true]\NP" rule="fa"/>
    <span start="2" span="1" pos="VBD" chunk="I-VP" entity="O" id="s0_sp6" surf="[" base="[" terminal="t0_2" category="(S[dcl=true]\NP)/NP"/>
    <span id="s0_sp7" child="s0_sp8" category="NP" rule="lex"/>
    <span id="s0_sp8" child="s0_sp9 s0_sp10" category="N" rule="ba"/>
    <span start="3" span="1" pos="CD" chunk="I-NP" entity="I-DAT" id="s0_sp9" surf="2" base="2" terminal="t0_3" category="N"/>
    <span id="s0_sp10" child="s0_sp11 s0_sp12" category="N\N" rule="conj"/>
    <span start="4" span="1" pos="," chunk="I-NP" entity="I-DAT" id="s0_sp11" surf="," base="," terminal="t0_4" category="=true,"/>
    <span id="s0_sp12" child="s0_sp13 s0_sp14" category="N" rule="ba"/>
    <span start="5" span="1" pos="CD" chunk="I-NP" entity="I-DAT" id="s0_sp13" surf="4" base="4" terminal="t0_5" category="N"/>
    <span id="s0_sp14" child="s0_sp15 s0_sp16" category="N\N" rule="conj"/>
    <span start="6" span="1" pos="," chunk="I-NP" entity="I-DAT" id="s0_sp15" surf="," base="," terminal="t0_6" category="=true,"/>
    <span id="s0_sp16" child="s0_sp17 s0_sp18" category="N" rule="ba"/>
    <span start="7" span="1" pos="CD" chunk="I-NP" entity="I-DAT" id="s0_sp17" surf="6" base="6" terminal="t0_7" category="N"/>
    <span id="s0_sp18" child="s0_sp19 s0_sp20" category="N\N" rule="conj"/>
    <span start="8" span="1" pos="," chunk="I-NP" entity="I-DAT" id="s0_sp19" surf="," base="," terminal="t0_8" category="=true,"/>
    <span id="s0_sp20" child="s0_sp21 s0_sp22" category="N" rule="fa"/>
    <span start="9" span="1" pos="CD" chunk="I-NP" entity="I-DAT" id="s0_sp21" surf="8" base="8" terminal="t0_9" category="N/N"/>
    <span start="10" span="1" pos="NN" chunk="I-NP" entity="I-DAT" id="s0_sp22" surf="]" base="]" terminal="t0_10" category="N"/>
  </ccg>
</sentence>

