1:ROR:>(int,int):!=(int,int):g0001_0100.s0029_divide_two_integers.Solution@divide(int,int):10:dividend > 0 |==> dividend != 0
2:ROR:>(int,int):>=(int,int):g0001_0100.s0029_divide_two_integers.Solution@divide(int,int):10:dividend > 0 |==> dividend >= 0
3:ROR:>(int,int):FALSE(int,int):g0001_0100.s0029_divide_two_integers.Solution@divide(int,int):10:dividend > 0 |==> false
4:ROR:<(int,int):!=(int,int):g0001_0100.s0029_divide_two_integers.Solution@divide(int,int):10:divisor < 0 |==> divisor != 0
5:ROR:<(int,int):<=(int,int):g0001_0100.s0029_divide_two_integers.Solution@divide(int,int):10:divisor < 0 |==> divisor <= 0
6:ROR:<(int,int):FALSE(int,int):g0001_0100.s0029_divide_two_integers.Solution@divide(int,int):10:divisor < 0 |==> false
7:COR:&&(boolean,boolean):==(boolean,boolean):g0001_0100.s0029_divide_two_integers.Solution@divide(int,int):10:dividend > 0 && divisor < 0 |==> dividend > 0 == divisor < 0
8:COR:&&(boolean,boolean):FALSE(boolean,boolean):g0001_0100.s0029_divide_two_integers.Solution@divide(int,int):10:dividend > 0 && divisor < 0 |==> false
9:COR:&&(boolean,boolean):LHS(boolean,boolean):g0001_0100.s0029_divide_two_integers.Solution@divide(int,int):10:dividend > 0 && divisor < 0 |==> dividend > 0
10:COR:&&(boolean,boolean):RHS(boolean,boolean):g0001_0100.s0029_divide_two_integers.Solution@divide(int,int):10:dividend > 0 && divisor < 0 |==> divisor < 0
11:ROR:<(int,int):!=(int,int):g0001_0100.s0029_divide_two_integers.Solution@divide(int,int):10:dividend < 0 |==> dividend != 0
12:ROR:<(int,int):<=(int,int):g0001_0100.s0029_divide_two_integers.Solution@divide(int,int):10:dividend < 0 |==> dividend <= 0
13:ROR:<(int,int):FALSE(int,int):g0001_0100.s0029_divide_two_integers.Solution@divide(int,int):10:dividend < 0 |==> false
14:ROR:>(int,int):!=(int,int):g0001_0100.s0029_divide_two_integers.Solution@divide(int,int):10:divisor > 0 |==> divisor != 0
15:ROR:>(int,int):>=(int,int):g0001_0100.s0029_divide_two_integers.Solution@divide(int,int):10:divisor > 0 |==> divisor >= 0
16:ROR:>(int,int):FALSE(int,int):g0001_0100.s0029_divide_two_integers.Solution@divide(int,int):10:divisor > 0 |==> false
17:COR:&&(boolean,boolean):==(boolean,boolean):g0001_0100.s0029_divide_two_integers.Solution@divide(int,int):10:dividend < 0 && divisor > 0 |==> dividend < 0 == divisor > 0
18:COR:&&(boolean,boolean):FALSE(boolean,boolean):g0001_0100.s0029_divide_two_integers.Solution@divide(int,int):10:dividend < 0 && divisor > 0 |==> false
19:COR:&&(boolean,boolean):LHS(boolean,boolean):g0001_0100.s0029_divide_two_integers.Solution@divide(int,int):10:dividend < 0 && divisor > 0 |==> dividend < 0
20:COR:&&(boolean,boolean):RHS(boolean,boolean):g0001_0100.s0029_divide_two_integers.Solution@divide(int,int):10:dividend < 0 && divisor > 0 |==> divisor > 0
21:COR:||(boolean,boolean):!=(boolean,boolean):g0001_0100.s0029_divide_two_integers.Solution@divide(int,int):10:dividend > 0 && divisor < 0 || dividend < 0 && divisor > 0 |==> (dividend > 0 && divisor < 0) != (dividend < 0 && divisor > 0)
22:COR:||(boolean,boolean):LHS(boolean,boolean):g0001_0100.s0029_divide_two_integers.Solution@divide(int,int):10:dividend > 0 && divisor < 0 || dividend < 0 && divisor > 0 |==> dividend > 0 && divisor < 0
23:COR:||(boolean,boolean):RHS(boolean,boolean):g0001_0100.s0029_divide_two_integers.Solution@divide(int,int):10:dividend > 0 && divisor < 0 || dividend < 0 && divisor > 0 |==> dividend < 0 && divisor > 0
24:COR:||(boolean,boolean):TRUE(boolean,boolean):g0001_0100.s0029_divide_two_integers.Solution@divide(int,int):10:dividend > 0 && divisor < 0 || dividend < 0 && divisor > 0 |==> true
25:ROR:>=(long,long):==(long,long):g0001_0100.s0029_divide_two_integers.Solution@divide(int,int):14:divide >= divisorAbs |==> divide == divisorAbs
26:ROR:>=(long,long):>(long,long):g0001_0100.s0029_divide_two_integers.Solution@divide(int,int):14:divide >= divisorAbs |==> divide > divisorAbs
27:ROR:>=(long,long):TRUE(long,long):g0001_0100.s0029_divide_two_integers.Solution@divide(int,int):14:divide >= divisorAbs |==> true
28:ROR:>=(long,long):==(long,long):g0001_0100.s0029_divide_two_integers.Solution@divide(int,int):17:divide >= temp |==> divide == temp
29:ROR:>=(long,long):>(long,long):g0001_0100.s0029_divide_two_integers.Solution@divide(int,int):17:divide >= temp |==> divide > temp
30:ROR:>=(long,long):TRUE(long,long):g0001_0100.s0029_divide_two_integers.Solution@divide(int,int):17:divide >= temp |==> true
31:STD:<ASSIGN>:<NO-OP>:g0001_0100.s0029_divide_two_integers.Solution@divide(int,int):18:divide -= temp; |==> <NO-OP>
32:STD:<ASSIGN>:<NO-OP>:g0001_0100.s0029_divide_two_integers.Solution@divide(int,int):19:ans += cnt; |==> <NO-OP>
33:STD:<ASSIGN>:<NO-OP>:g0001_0100.s0029_divide_two_integers.Solution@divide(int,int):20:cnt <<= 1; |==> <NO-OP>
34:STD:<ASSIGN>:<NO-OP>:g0001_0100.s0029_divide_two_integers.Solution@divide(int,int):21:temp <<= 1; |==> <NO-OP>
35:COR:<IDENTIFIER(boolean)>:TRUE:g0001_0100.s0029_divide_two_integers.Solution@divide(int,int):24:isNegative |==> false
36:COR:<IDENTIFIER(boolean)>:FALSE:g0001_0100.s0029_divide_two_integers.Solution@divide(int,int):24:isNegative |==> true
37:ORU:---(long):+++(long):g0001_0100.s0029_divide_two_integers.Solution@divide(int,int):25:-ans |==> +ans
38:ORU:---(long):~(long):g0001_0100.s0029_divide_two_integers.Solution@divide(int,int):25:-ans |==> ~ans
39:STD:<ASSIGN>:<NO-OP>:g0001_0100.s0029_divide_two_integers.Solution@divide(int,int):25:ans = -ans; |==> <NO-OP>
40:ORU:---(int):+++(int):g0001_0100.s0029_divide_two_integers.Solution@divide(int,int):27:-(1 << 31) |==> +(1 << 31)
41:ORU:---(int):~(int):g0001_0100.s0029_divide_two_integers.Solution@divide(int,int):27:-(1 << 31) |==> ~(1 << 31)
42:SOR:<<(int,int):>>(int,int):g0001_0100.s0029_divide_two_integers.Solution@divide(int,int):27:1 << 31 |==> 1 >> 31
43:SOR:<<(int,int):>>>(int,int):g0001_0100.s0029_divide_two_integers.Solution@divide(int,int):27:1 << 31 |==> 1 >>> 31
44:SOR:<<(int,int):>>(int,int):g0001_0100.s0029_divide_two_integers.Solution@divide(int,int):28:1 << 31 |==> 1 >> 31
45:SOR:<<(int,int):>>>(int,int):g0001_0100.s0029_divide_two_integers.Solution@divide(int,int):28:1 << 31 |==> 1 >>> 31
46:AOR:-(int,int):%(int,int):g0001_0100.s0029_divide_two_integers.Solution@divide(int,int):28:(1 << 31) - 1 |==> (1 << 31) % 1
47:AOR:-(int,int):*(int,int):g0001_0100.s0029_divide_two_integers.Solution@divide(int,int):28:(1 << 31) - 1 |==> (1 << 31) * 1
48:AOR:-(int,int):+(int,int):g0001_0100.s0029_divide_two_integers.Solution@divide(int,int):28:(1 << 31) - 1 |==> (1 << 31) + 1
49:AOR:-(int,int):/(int,int):g0001_0100.s0029_divide_two_integers.Solution@divide(int,int):28:(1 << 31) - 1 |==> (1 << 31) / 1
50:ROR:<(long,long):!=(long,long):g0001_0100.s0029_divide_two_integers.Solution@divide(int,int):29:ans < intMin |==> ans != intMin
51:ROR:<(long,long):<=(long,long):g0001_0100.s0029_divide_two_integers.Solution@divide(int,int):29:ans < intMin |==> ans <= intMin
52:ROR:<(long,long):FALSE(long,long):g0001_0100.s0029_divide_two_integers.Solution@divide(int,int):29:ans < intMin |==> false
53:ROR:>(long,long):!=(long,long):g0001_0100.s0029_divide_two_integers.Solution@divide(int,int):29:ans > intMax |==> ans != intMax
54:ROR:>(long,long):>=(long,long):g0001_0100.s0029_divide_two_integers.Solution@divide(int,int):29:ans > intMax |==> ans >= intMax
55:ROR:>(long,long):FALSE(long,long):g0001_0100.s0029_divide_two_integers.Solution@divide(int,int):29:ans > intMax |==> false
56:COR:||(boolean,boolean):!=(boolean,boolean):g0001_0100.s0029_divide_two_integers.Solution@divide(int,int):29:ans < intMin || ans > intMax |==> ans < intMin != ans > intMax
57:COR:||(boolean,boolean):LHS(boolean,boolean):g0001_0100.s0029_divide_two_integers.Solution@divide(int,int):29:ans < intMin || ans > intMax |==> ans < intMin
58:COR:||(boolean,boolean):RHS(boolean,boolean):g0001_0100.s0029_divide_two_integers.Solution@divide(int,int):29:ans < intMin || ans > intMax |==> ans > intMax
59:COR:||(boolean,boolean):TRUE(boolean,boolean):g0001_0100.s0029_divide_two_integers.Solution@divide(int,int):29:ans < intMin || ans > intMax |==> true
60:STD:<ASSIGN>:<NO-OP>:g0001_0100.s0029_divide_two_integers.Solution@divide(int,int):30:ans = intMax; |==> <NO-OP>
