1:ROR:<(int,int):!=(int,int):g0001_0100.s0037_sudoku_solver.Solution@solveSudoku(char[][]):18:r < 9 |==> r != 9
2:ROR:<(int,int):<=(int,int):g0001_0100.s0037_sudoku_solver.Solution@solveSudoku(char[][]):18:r < 9 |==> r <= 9
3:ROR:<(int,int):FALSE(int,int):g0001_0100.s0037_sudoku_solver.Solution@solveSudoku(char[][]):18:r < 9 |==> false
4:ROR:<(int,int):!=(int,int):g0001_0100.s0037_sudoku_solver.Solution@solveSudoku(char[][]):19:c < 9 |==> c != 9
5:ROR:<(int,int):<=(int,int):g0001_0100.s0037_sudoku_solver.Solution@solveSudoku(char[][]):19:c < 9 |==> c <= 9
6:ROR:<(int,int):FALSE(int,int):g0001_0100.s0037_sudoku_solver.Solution@solveSudoku(char[][]):19:c < 9 |==> false
7:ROR:==(int,int):<=(int,int):g0001_0100.s0037_sudoku_solver.Solution@solveSudoku(char[][]):20:board[r][c] == '.' |==> board[r][c] <= '.'
8:ROR:==(int,int):>=(int,int):g0001_0100.s0037_sudoku_solver.Solution@solveSudoku(char[][]):20:board[r][c] == '.' |==> board[r][c] >= '.'
9:ROR:==(int,int):FALSE(int,int):g0001_0100.s0037_sudoku_solver.Solution@solveSudoku(char[][]):20:board[r][c] == '.' |==> false
10:STD:<CALL>:<NO-OP>:g0001_0100.s0037_sudoku_solver.Solution@solveSudoku(char[][]):21:emptyCells.add(new int[]{r, c}); |==> <NO-OP>
11:AOR:-(int,int):%(int,int):g0001_0100.s0037_sudoku_solver.Solution@solveSudoku(char[][]):23:board[r][c] - '0' |==> board[r][c] % '0'
12:AOR:-(int,int):*(int,int):g0001_0100.s0037_sudoku_solver.Solution@solveSudoku(char[][]):23:board[r][c] - '0' |==> board[r][c] * '0'
13:AOR:-(int,int):+(int,int):g0001_0100.s0037_sudoku_solver.Solution@solveSudoku(char[][]):23:board[r][c] - '0' |==> board[r][c] + '0'
14:AOR:-(int,int):/(int,int):g0001_0100.s0037_sudoku_solver.Solution@solveSudoku(char[][]):23:board[r][c] - '0' |==> board[r][c] / '0'
15:AOR:/(int,int):%(int,int):g0001_0100.s0037_sudoku_solver.Solution@solveSudoku(char[][]):24:r / 3 |==> r % 3
16:AOR:/(int,int):*(int,int):g0001_0100.s0037_sudoku_solver.Solution@solveSudoku(char[][]):24:r / 3 |==> r * 3
17:AOR:/(int,int):+(int,int):g0001_0100.s0037_sudoku_solver.Solution@solveSudoku(char[][]):24:r / 3 |==> r + 3
18:AOR:/(int,int):-(int,int):g0001_0100.s0037_sudoku_solver.Solution@solveSudoku(char[][]):24:r / 3 |==> r - 3
19:AOR:*(int,int):%(int,int):g0001_0100.s0037_sudoku_solver.Solution@solveSudoku(char[][]):24:r / 3 * 3 |==> r / 3 % 3
20:AOR:*(int,int):+(int,int):g0001_0100.s0037_sudoku_solver.Solution@solveSudoku(char[][]):24:r / 3 * 3 |==> r / 3 + 3
21:AOR:*(int,int):-(int,int):g0001_0100.s0037_sudoku_solver.Solution@solveSudoku(char[][]):24:r / 3 * 3 |==> r / 3 - 3
22:AOR:*(int,int):/(int,int):g0001_0100.s0037_sudoku_solver.Solution@solveSudoku(char[][]):24:r / 3 * 3 |==> r / 3 / 3
23:AOR:/(int,int):%(int,int):g0001_0100.s0037_sudoku_solver.Solution@solveSudoku(char[][]):24:c / 3 |==> c % 3
24:AOR:/(int,int):*(int,int):g0001_0100.s0037_sudoku_solver.Solution@solveSudoku(char[][]):24:c / 3 |==> c * 3
25:AOR:/(int,int):+(int,int):g0001_0100.s0037_sudoku_solver.Solution@solveSudoku(char[][]):24:c / 3 |==> c + 3
26:AOR:/(int,int):-(int,int):g0001_0100.s0037_sudoku_solver.Solution@solveSudoku(char[][]):24:c / 3 |==> c - 3
27:AOR:+(int,int):%(int,int):g0001_0100.s0037_sudoku_solver.Solution@solveSudoku(char[][]):24:r / 3 * 3 + c / 3 |==> r / 3 * 3 % (c / 3)
28:AOR:+(int,int):*(int,int):g0001_0100.s0037_sudoku_solver.Solution@solveSudoku(char[][]):24:r / 3 * 3 + c / 3 |==> r / 3 * 3 * (c / 3)
29:AOR:+(int,int):-(int,int):g0001_0100.s0037_sudoku_solver.Solution@solveSudoku(char[][]):24:r / 3 * 3 + c / 3 |==> r / 3 * 3 - c / 3
30:AOR:+(int,int):/(int,int):g0001_0100.s0037_sudoku_solver.Solution@solveSudoku(char[][]):24:r / 3 * 3 + c / 3 |==> r / 3 * 3 / (c / 3)
31:SOR:<<(int,int):>>(int,int):g0001_0100.s0037_sudoku_solver.Solution@solveSudoku(char[][]):25:1 << val |==> 1 >> val
32:SOR:<<(int,int):>>>(int,int):g0001_0100.s0037_sudoku_solver.Solution@solveSudoku(char[][]):25:1 << val |==> 1 >>> val
33:STD:<ASSIGN>:<NO-OP>:g0001_0100.s0037_sudoku_solver.Solution@solveSudoku(char[][]):25:rows[r] |= 1 << val; |==> <NO-OP>
34:SOR:<<(int,int):>>(int,int):g0001_0100.s0037_sudoku_solver.Solution@solveSudoku(char[][]):26:1 << val |==> 1 >> val
35:SOR:<<(int,int):>>>(int,int):g0001_0100.s0037_sudoku_solver.Solution@solveSudoku(char[][]):26:1 << val |==> 1 >>> val
36:STD:<ASSIGN>:<NO-OP>:g0001_0100.s0037_sudoku_solver.Solution@solveSudoku(char[][]):26:cols[c] |= 1 << val; |==> <NO-OP>
37:SOR:<<(int,int):>>(int,int):g0001_0100.s0037_sudoku_solver.Solution@solveSudoku(char[][]):27:1 << val |==> 1 >> val
38:SOR:<<(int,int):>>>(int,int):g0001_0100.s0037_sudoku_solver.Solution@solveSudoku(char[][]):27:1 << val |==> 1 >>> val
39:STD:<ASSIGN>:<NO-OP>:g0001_0100.s0037_sudoku_solver.Solution@solveSudoku(char[][]):27:boxes[boxPos] |= 1 << val; |==> <NO-OP>
40:STD:<CALL>:<NO-OP>:g0001_0100.s0037_sudoku_solver.Solution@solveSudoku(char[][]):31:backtracking(board, 0); |==> <NO-OP>
41:ROR:==(int,int):<=(int,int):g0001_0100.s0037_sudoku_solver.Solution@backtracking(char[][],int):36:i == emptyCells.size() |==> i <= emptyCells.size()
42:ROR:==(int,int):>=(int,int):g0001_0100.s0037_sudoku_solver.Solution@backtracking(char[][],int):36:i == emptyCells.size() |==> i >= emptyCells.size()
43:ROR:==(int,int):FALSE(int,int):g0001_0100.s0037_sudoku_solver.Solution@backtracking(char[][],int):36:i == emptyCells.size() |==> false
44:STD:<RETURN>:<NO-OP>:g0001_0100.s0037_sudoku_solver.Solution@backtracking(char[][],int):37:return true; |==> <NO-OP>
45:AOR:/(int,int):%(int,int):g0001_0100.s0037_sudoku_solver.Solution@backtracking(char[][],int):42:r / 3 |==> r % 3
46:AOR:/(int,int):*(int,int):g0001_0100.s0037_sudoku_solver.Solution@backtracking(char[][],int):42:r / 3 |==> r * 3
47:AOR:/(int,int):+(int,int):g0001_0100.s0037_sudoku_solver.Solution@backtracking(char[][],int):42:r / 3 |==> r + 3
48:AOR:/(int,int):-(int,int):g0001_0100.s0037_sudoku_solver.Solution@backtracking(char[][],int):42:r / 3 |==> r - 3
49:AOR:*(int,int):%(int,int):g0001_0100.s0037_sudoku_solver.Solution@backtracking(char[][],int):42:(r / 3) * 3 |==> (r / 3) % 3
50:AOR:*(int,int):+(int,int):g0001_0100.s0037_sudoku_solver.Solution@backtracking(char[][],int):42:(r / 3) * 3 |==> (r / 3) + 3
51:AOR:*(int,int):-(int,int):g0001_0100.s0037_sudoku_solver.Solution@backtracking(char[][],int):42:(r / 3) * 3 |==> (r / 3) - 3
52:AOR:*(int,int):/(int,int):g0001_0100.s0037_sudoku_solver.Solution@backtracking(char[][],int):42:(r / 3) * 3 |==> (r / 3) / 3
53:AOR:/(int,int):%(int,int):g0001_0100.s0037_sudoku_solver.Solution@backtracking(char[][],int):42:c / 3 |==> c % 3
54:AOR:/(int,int):*(int,int):g0001_0100.s0037_sudoku_solver.Solution@backtracking(char[][],int):42:c / 3 |==> c * 3
55:AOR:/(int,int):+(int,int):g0001_0100.s0037_sudoku_solver.Solution@backtracking(char[][],int):42:c / 3 |==> c + 3
56:AOR:/(int,int):-(int,int):g0001_0100.s0037_sudoku_solver.Solution@backtracking(char[][],int):42:c / 3 |==> c - 3
57:AOR:+(int,int):%(int,int):g0001_0100.s0037_sudoku_solver.Solution@backtracking(char[][],int):42:(r / 3) * 3 + c / 3 |==> (r / 3) * 3 % (c / 3)
58:AOR:+(int,int):*(int,int):g0001_0100.s0037_sudoku_solver.Solution@backtracking(char[][],int):42:(r / 3) * 3 + c / 3 |==> (r / 3) * 3 * (c / 3)
59:AOR:+(int,int):-(int,int):g0001_0100.s0037_sudoku_solver.Solution@backtracking(char[][],int):42:(r / 3) * 3 + c / 3 |==> (r / 3) * 3 - c / 3
60:AOR:+(int,int):/(int,int):g0001_0100.s0037_sudoku_solver.Solution@backtracking(char[][],int):42:(r / 3) * 3 + c / 3 |==> (r / 3) * 3 / (c / 3)
61:ROR:<=(int,int):<(int,int):g0001_0100.s0037_sudoku_solver.Solution@backtracking(char[][],int):43:val <= 9 |==> val < 9
62:ROR:<=(int,int):==(int,int):g0001_0100.s0037_sudoku_solver.Solution@backtracking(char[][],int):43:val <= 9 |==> val == 9
63:ROR:<=(int,int):TRUE(int,int):g0001_0100.s0037_sudoku_solver.Solution@backtracking(char[][],int):43:val <= 9 |==> true
64:COR:||(boolean,boolean):!=(boolean,boolean):g0001_0100.s0037_sudoku_solver.Solution@backtracking(char[][],int):45:hasBit(rows[r], val) || hasBit(cols[c], val) |==> hasBit(rows[r], val) != hasBit(cols[c], val)
65:COR:||(boolean,boolean):LHS(boolean,boolean):g0001_0100.s0037_sudoku_solver.Solution@backtracking(char[][],int):45:hasBit(rows[r], val) || hasBit(cols[c], val) |==> hasBit(rows[r], val)
66:COR:||(boolean,boolean):RHS(boolean,boolean):g0001_0100.s0037_sudoku_solver.Solution@backtracking(char[][],int):45:hasBit(rows[r], val) || hasBit(cols[c], val) |==> hasBit(cols[c], val)
67:COR:||(boolean,boolean):TRUE(boolean,boolean):g0001_0100.s0037_sudoku_solver.Solution@backtracking(char[][],int):45:hasBit(rows[r], val) || hasBit(cols[c], val) |==> true
68:COR:||(boolean,boolean):!=(boolean,boolean):g0001_0100.s0037_sudoku_solver.Solution@backtracking(char[][],int):45:hasBit(rows[r], val) || hasBit(cols[c], val) || hasBit(boxes[boxPos], val) |==> (hasBit(rows[r], val) || hasBit(cols[c], val)) != hasBit(boxes[boxPos], val)
69:COR:||(boolean,boolean):LHS(boolean,boolean):g0001_0100.s0037_sudoku_solver.Solution@backtracking(char[][],int):45:hasBit(rows[r], val) || hasBit(cols[c], val) || hasBit(boxes[boxPos], val) |==> hasBit(rows[r], val) || hasBit(cols[c], val)
70:COR:||(boolean,boolean):RHS(boolean,boolean):g0001_0100.s0037_sudoku_solver.Solution@backtracking(char[][],int):45:hasBit(rows[r], val) || hasBit(cols[c], val) || hasBit(boxes[boxPos], val) |==> hasBit(boxes[boxPos], val)
71:COR:||(boolean,boolean):TRUE(boolean,boolean):g0001_0100.s0037_sudoku_solver.Solution@backtracking(char[][],int):45:hasBit(rows[r], val) || hasBit(cols[c], val) || hasBit(boxes[boxPos], val) |==> true
72:STD:<CONT>:<NO-OP>:g0001_0100.s0037_sudoku_solver.Solution@backtracking(char[][],int):46:continue; |==> <NO-OP>
73:AOR:+(int,int):%(int,int):g0001_0100.s0037_sudoku_solver.Solution@backtracking(char[][],int):48:'0' + val |==> '0' % val
74:AOR:+(int,int):*(int,int):g0001_0100.s0037_sudoku_solver.Solution@backtracking(char[][],int):48:'0' + val |==> '0' * val
75:AOR:+(int,int):-(int,int):g0001_0100.s0037_sudoku_solver.Solution@backtracking(char[][],int):48:'0' + val |==> '0' - val
76:AOR:+(int,int):/(int,int):g0001_0100.s0037_sudoku_solver.Solution@backtracking(char[][],int):48:'0' + val |==> '0' / val
77:STD:<ASSIGN>:<NO-OP>:g0001_0100.s0037_sudoku_solver.Solution@backtracking(char[][],int):48:board[r][c] = (char)('0' + val); |==> <NO-OP>
78:SOR:<<(int,int):>>(int,int):g0001_0100.s0037_sudoku_solver.Solution@backtracking(char[][],int):53:1 << val |==> 1 >> val
79:SOR:<<(int,int):>>>(int,int):g0001_0100.s0037_sudoku_solver.Solution@backtracking(char[][],int):53:1 << val |==> 1 >>> val
80:STD:<ASSIGN>:<NO-OP>:g0001_0100.s0037_sudoku_solver.Solution@backtracking(char[][],int):53:rows[r] |= 1 << val; |==> <NO-OP>
81:SOR:<<(int,int):>>(int,int):g0001_0100.s0037_sudoku_solver.Solution@backtracking(char[][],int):54:1 << val |==> 1 >> val
82:SOR:<<(int,int):>>>(int,int):g0001_0100.s0037_sudoku_solver.Solution@backtracking(char[][],int):54:1 << val |==> 1 >>> val
83:STD:<ASSIGN>:<NO-OP>:g0001_0100.s0037_sudoku_solver.Solution@backtracking(char[][],int):54:cols[c] |= 1 << val; |==> <NO-OP>
84:SOR:<<(int,int):>>(int,int):g0001_0100.s0037_sudoku_solver.Solution@backtracking(char[][],int):55:1 << val |==> 1 >> val
85:SOR:<<(int,int):>>>(int,int):g0001_0100.s0037_sudoku_solver.Solution@backtracking(char[][],int):55:1 << val |==> 1 >>> val
86:STD:<ASSIGN>:<NO-OP>:g0001_0100.s0037_sudoku_solver.Solution@backtracking(char[][],int):55:boxes[boxPos] |= 1 << val; |==> <NO-OP>
87:AOR:+(int,int):%(int,int):g0001_0100.s0037_sudoku_solver.Solution@backtracking(char[][],int):56:i + 1 |==> i % 1
88:AOR:+(int,int):*(int,int):g0001_0100.s0037_sudoku_solver.Solution@backtracking(char[][],int):56:i + 1 |==> i * 1
89:AOR:+(int,int):-(int,int):g0001_0100.s0037_sudoku_solver.Solution@backtracking(char[][],int):56:i + 1 |==> i - 1
90:AOR:+(int,int):/(int,int):g0001_0100.s0037_sudoku_solver.Solution@backtracking(char[][],int):56:i + 1 |==> i / 1
91:COR:<METHOD_INVOCATION(boolean)>:TRUE:g0001_0100.s0037_sudoku_solver.Solution@backtracking(char[][],int):56:backtracking(board, i + 1) |==> false
92:COR:<METHOD_INVOCATION(boolean)>:FALSE:g0001_0100.s0037_sudoku_solver.Solution@backtracking(char[][],int):56:backtracking(board, i + 1) |==> true
93:STD:<RETURN>:<NO-OP>:g0001_0100.s0037_sudoku_solver.Solution@backtracking(char[][],int):57:return true; |==> <NO-OP>
94:STD:<ASSIGN>:<NO-OP>:g0001_0100.s0037_sudoku_solver.Solution@backtracking(char[][],int):59:rows[r] = oldRow; |==> <NO-OP>
95:STD:<ASSIGN>:<NO-OP>:g0001_0100.s0037_sudoku_solver.Solution@backtracking(char[][],int):60:cols[c] = oldCol; |==> <NO-OP>
96:STD:<ASSIGN>:<NO-OP>:g0001_0100.s0037_sudoku_solver.Solution@backtracking(char[][],int):61:boxes[boxPos] = oldBox; |==> <NO-OP>
97:SOR:>>(int,int):<<(int,int):g0001_0100.s0037_sudoku_solver.Solution@hasBit(int,int):67:x >> k |==> x << k
98:SOR:>>(int,int):>>>(int,int):g0001_0100.s0037_sudoku_solver.Solution@hasBit(int,int):67:x >> k |==> x >>> k
99:LOR:&(int,int):^(int,int):g0001_0100.s0037_sudoku_solver.Solution@hasBit(int,int):67:x >> k & 1 |==> x >> k ^ 1
100:LOR:&(int,int):|(int,int):g0001_0100.s0037_sudoku_solver.Solution@hasBit(int,int):67:x >> k & 1 |==> x >> k | 1
101:ROR:==(int,int):<=(int,int):g0001_0100.s0037_sudoku_solver.Solution@hasBit(int,int):67:(x >> k & 1) == 1 |==> (x >> k & 1) <= 1
102:ROR:==(int,int):>=(int,int):g0001_0100.s0037_sudoku_solver.Solution@hasBit(int,int):67:(x >> k & 1) == 1 |==> (x >> k & 1) >= 1
103:ROR:==(int,int):FALSE(int,int):g0001_0100.s0037_sudoku_solver.Solution@hasBit(int,int):67:(x >> k & 1) == 1 |==> false
