[05/24 20:47:14] [INFO   ] org.mutationtesting.major.plugin.MajorPluginTaskListener.<init>:
    Created MajorPluginTaskListener with options: [mml:../../major/mml/all.mml.bin]
[05/24 20:47:15] [INFO   ] org.mutationtesting.major.mutation.Mutator.initOperatorSymbols:
    Initializing operator symbols for opcode mapping
[05/24 20:47:15] [INFO   ] org.mutationtesting.major.mutation.Mutator.mutateTree:
    Mutating tree: Env[AttrContext[Scope[super, this]],outer=Env[AttrContext[Scope[g0201_0300.s0202_happy_number.Solution]]]]
[05/24 20:47:15] [INFO   ] org.mutationtesting.major.mutation.Mutator.visitClassDef:
    CLASS: g0201_0300.s0202_happy_number.Solution
[05/24 20:47:15] [INFO   ] org.mutationtesting.major.mutation.Mutator.visitMethodDef:
    METHOD: <init>([])null
[05/24 20:47:15] [INFO   ] org.mutationtesting.major.mutation.Mutator.visitMethodDef:
    METHOD: isHappy([int n])boolean
[05/24 20:47:15] [INFO   ] org.mutationtesting.major.mutation.Mutator.nextMutant:
    Creating mutant 1
[05/24 20:47:15] [INFO   ] org.mutationtesting.major.mutation.Mutator.logMutant:
    Logging mutant 1: Solution.isHappy(line 17, col 15)
            mutation operator group:   ROR
            mutation operator:         ==(int,int) |==> <=(int,int)
            original:                  a == 1 
            mutant:                    a <= 1
[05/24 20:47:15] [INFO   ] org.mutationtesting.major.mutation.Mutator.nextMutant:
    Creating mutant 2
[05/24 20:47:15] [INFO   ] org.mutationtesting.major.mutation.Mutator.logMutant:
    Logging mutant 2: Solution.isHappy(line 17, col 15)
            mutation operator group:   ROR
            mutation operator:         ==(int,int) |==> >=(int,int)
            original:                  a == 1 
            mutant:                    a >= 1
[05/24 20:47:15] [INFO   ] org.mutationtesting.major.mutation.Mutator.nextMutant:
    Creating mutant 3
[05/24 20:47:15] [INFO   ] org.mutationtesting.major.mutation.Mutator.logMutant:
    Logging mutant 3: Solution.isHappy(line 17, col 15)
            mutation operator group:   ROR
            mutation operator:         ==(int,int) |==> FALSE(int,int)
            original:                  a == 1 
            mutant:                    false
[05/24 20:47:15] [INFO   ] org.mutationtesting.major.mutation.Mutator.nextMutant:
    Creating mutant 4
[05/24 20:47:15] [INFO   ] org.mutationtesting.major.mutation.Mutator.logMutant:
    Logging mutant 4: Solution.isHappy(line 17, col 25)
            mutation operator group:   ROR
            mutation operator:         ==(int,int) |==> <=(int,int)
            original:                  a == 7 
            mutant:                    a <= 7
[05/24 20:47:15] [INFO   ] org.mutationtesting.major.mutation.Mutator.nextMutant:
    Creating mutant 5
[05/24 20:47:15] [INFO   ] org.mutationtesting.major.mutation.Mutator.logMutant:
    Logging mutant 5: Solution.isHappy(line 17, col 25)
            mutation operator group:   ROR
            mutation operator:         ==(int,int) |==> >=(int,int)
            original:                  a == 7 
            mutant:                    a >= 7
[05/24 20:47:15] [INFO   ] org.mutationtesting.major.mutation.Mutator.nextMutant:
    Creating mutant 6
[05/24 20:47:15] [INFO   ] org.mutationtesting.major.mutation.Mutator.logMutant:
    Logging mutant 6: Solution.isHappy(line 17, col 25)
            mutation operator group:   ROR
            mutation operator:         ==(int,int) |==> FALSE(int,int)
            original:                  a == 7 
            mutant:                    false
[05/24 20:47:15] [INFO   ] org.mutationtesting.major.mutation.Mutator.nextMutant:
    Creating mutant 7
[05/24 20:47:15] [INFO   ] org.mutationtesting.major.mutation.Mutator.logMutant:
    Logging mutant 7: Solution.isHappy(line 17, col 20)
            mutation operator group:   COR
            mutation operator:         ||(boolean,boolean) |==> !=(boolean,boolean)
            original:                  a == 1 || a == 7 
            mutant:                    a == 1 != (a == 7)
[05/24 20:47:15] [INFO   ] org.mutationtesting.major.mutation.Mutator.nextMutant:
    Creating mutant 8
[05/24 20:47:15] [INFO   ] org.mutationtesting.major.mutation.Mutator.logMutant:
    Logging mutant 8: Solution.isHappy(line 17, col 15)
            mutation operator group:   COR
            mutation operator:         ||(boolean,boolean) |==> LHS(boolean,boolean)
            original:                  a == 1 || a == 7 
            mutant:                    a == 1
[05/24 20:47:15] [INFO   ] org.mutationtesting.major.mutation.Mutator.nextMutant:
    Creating mutant 9
[05/24 20:47:15] [INFO   ] org.mutationtesting.major.mutation.Mutator.logMutant:
    Logging mutant 9: Solution.isHappy(line 17, col 25)
            mutation operator group:   COR
            mutation operator:         ||(boolean,boolean) |==> RHS(boolean,boolean)
            original:                  a == 1 || a == 7 
            mutant:                    a == 7
[05/24 20:47:15] [INFO   ] org.mutationtesting.major.mutation.Mutator.nextMutant:
    Creating mutant 10
[05/24 20:47:15] [INFO   ] org.mutationtesting.major.mutation.Mutator.logMutant:
    Logging mutant 10: Solution.isHappy(line 17, col 20)
            mutation operator group:   COR
            mutation operator:         ||(boolean,boolean) |==> TRUE(boolean,boolean)
            original:                  a == 1 || a == 7 
            mutant:                    true
[05/24 20:47:15] [INFO   ] org.mutationtesting.major.mutation.Mutator.nextMutant:
    Creating mutant 11
[05/24 20:47:15] [INFO   ] org.mutationtesting.major.mutation.Mutator.logMutant:
    Logging mutant 11: Solution.isHappy(line 19, col 22)
            mutation operator group:   ROR
            mutation operator:         >(int,int) |==> !=(int,int)
            original:                  a > 1 
            mutant:                    a != 1
[05/24 20:47:15] [INFO   ] org.mutationtesting.major.mutation.Mutator.nextMutant:
    Creating mutant 12
[05/24 20:47:15] [INFO   ] org.mutationtesting.major.mutation.Mutator.logMutant:
    Logging mutant 12: Solution.isHappy(line 19, col 22)
            mutation operator group:   ROR
            mutation operator:         >(int,int) |==> >=(int,int)
            original:                  a > 1 
            mutant:                    a >= 1
[05/24 20:47:15] [INFO   ] org.mutationtesting.major.mutation.Mutator.nextMutant:
    Creating mutant 13
[05/24 20:47:15] [INFO   ] org.mutationtesting.major.mutation.Mutator.logMutant:
    Logging mutant 13: Solution.isHappy(line 19, col 22)
            mutation operator group:   ROR
            mutation operator:         >(int,int) |==> FALSE(int,int)
            original:                  a > 1 
            mutant:                    false
[05/24 20:47:15] [INFO   ] org.mutationtesting.major.mutation.Mutator.nextMutant:
    Creating mutant 14
[05/24 20:47:15] [INFO   ] org.mutationtesting.major.mutation.Mutator.logMutant:
    Logging mutant 14: Solution.isHappy(line 19, col 31)
            mutation operator group:   ROR
            mutation operator:         <(int,int) |==> !=(int,int)
            original:                  a < 10 
            mutant:                    a != 10
[05/24 20:47:15] [INFO   ] org.mutationtesting.major.mutation.Mutator.nextMutant:
    Creating mutant 15
[05/24 20:47:15] [INFO   ] org.mutationtesting.major.mutation.Mutator.logMutant:
    Logging mutant 15: Solution.isHappy(line 19, col 31)
            mutation operator group:   ROR
            mutation operator:         <(int,int) |==> <=(int,int)
            original:                  a < 10 
            mutant:                    a <= 10
[05/24 20:47:15] [INFO   ] org.mutationtesting.major.mutation.Mutator.nextMutant:
    Creating mutant 16
[05/24 20:47:15] [INFO   ] org.mutationtesting.major.mutation.Mutator.logMutant:
    Logging mutant 16: Solution.isHappy(line 19, col 31)
            mutation operator group:   ROR
            mutation operator:         <(int,int) |==> FALSE(int,int)
            original:                  a < 10 
            mutant:                    false
[05/24 20:47:15] [INFO   ] org.mutationtesting.major.mutation.Mutator.nextMutant:
    Creating mutant 17
[05/24 20:47:15] [INFO   ] org.mutationtesting.major.mutation.Mutator.logMutant:
    Logging mutant 17: Solution.isHappy(line 19, col 26)
            mutation operator group:   COR
            mutation operator:         &&(boolean,boolean) |==> ==(boolean,boolean)
            original:                  a > 1 && a < 10 
            mutant:                    a > 1 == a < 10
[05/24 20:47:15] [INFO   ] org.mutationtesting.major.mutation.Mutator.nextMutant:
    Creating mutant 18
[05/24 20:47:15] [INFO   ] org.mutationtesting.major.mutation.Mutator.logMutant:
    Logging mutant 18: Solution.isHappy(line 19, col 26)
            mutation operator group:   COR
            mutation operator:         &&(boolean,boolean) |==> FALSE(boolean,boolean)
            original:                  a > 1 && a < 10 
            mutant:                    false
[05/24 20:47:15] [INFO   ] org.mutationtesting.major.mutation.Mutator.nextMutant:
    Creating mutant 19
[05/24 20:47:15] [INFO   ] org.mutationtesting.major.mutation.Mutator.logMutant:
    Logging mutant 19: Solution.isHappy(line 19, col 22)
            mutation operator group:   COR
            mutation operator:         &&(boolean,boolean) |==> LHS(boolean,boolean)
            original:                  a > 1 && a < 10 
            mutant:                    a > 1
[05/24 20:47:15] [INFO   ] org.mutationtesting.major.mutation.Mutator.nextMutant:
    Creating mutant 20
[05/24 20:47:15] [INFO   ] org.mutationtesting.major.mutation.Mutator.logMutant:
    Logging mutant 20: Solution.isHappy(line 19, col 31)
            mutation operator group:   COR
            mutation operator:         &&(boolean,boolean) |==> RHS(boolean,boolean)
            original:                  a > 1 && a < 10 
            mutant:                    a < 10
[05/24 20:47:15] [INFO   ] org.mutationtesting.major.mutation.Mutator.nextMutant:
    Creating mutant 21
[05/24 20:47:15] [INFO   ] org.mutationtesting.major.mutation.Mutator.logMutant:
    Logging mutant 21: Solution.isHappy(line 22, col 22)
            mutation operator group:   ROR
            mutation operator:         !=(int,int) |==> <(int,int)
            original:                  a != 0 
            mutant:                    a < 0
[05/24 20:47:15] [INFO   ] org.mutationtesting.major.mutation.Mutator.nextMutant:
    Creating mutant 22
[05/24 20:47:15] [INFO   ] org.mutationtesting.major.mutation.Mutator.logMutant:
    Logging mutant 22: Solution.isHappy(line 22, col 22)
            mutation operator group:   ROR
            mutation operator:         !=(int,int) |==> >(int,int)
            original:                  a != 0 
            mutant:                    a > 0
[05/24 20:47:15] [INFO   ] org.mutationtesting.major.mutation.Mutator.nextMutant:
    Creating mutant 23
[05/24 20:47:15] [INFO   ] org.mutationtesting.major.mutation.Mutator.logMutant:
    Logging mutant 23: Solution.isHappy(line 22, col 22)
            mutation operator group:   ROR
            mutation operator:         !=(int,int) |==> TRUE(int,int)
            original:                  a != 0 
            mutant:                    true
[05/24 20:47:15] [INFO   ] org.mutationtesting.major.mutation.Mutator.nextMutant:
    Creating mutant 24
[05/24 20:47:15] [INFO   ] org.mutationtesting.major.mutation.Mutator.logMutant:
    Logging mutant 24: Solution.isHappy(line 23, col 25)
            mutation operator group:   AOR
            mutation operator:         %(int,int) |==> *(int,int)
            original:                  a % 10 
            mutant:                    a * 10
[05/24 20:47:15] [INFO   ] org.mutationtesting.major.mutation.Mutator.nextMutant:
    Creating mutant 25
[05/24 20:47:15] [INFO   ] org.mutationtesting.major.mutation.Mutator.logMutant:
    Logging mutant 25: Solution.isHappy(line 23, col 25)
            mutation operator group:   AOR
            mutation operator:         %(int,int) |==> +(int,int)
            original:                  a % 10 
            mutant:                    a + 10
[05/24 20:47:15] [INFO   ] org.mutationtesting.major.mutation.Mutator.nextMutant:
    Creating mutant 26
[05/24 20:47:15] [INFO   ] org.mutationtesting.major.mutation.Mutator.logMutant:
    Logging mutant 26: Solution.isHappy(line 23, col 25)
            mutation operator group:   AOR
            mutation operator:         %(int,int) |==> -(int,int)
            original:                  a % 10 
            mutant:                    a - 10
[05/24 20:47:15] [INFO   ] org.mutationtesting.major.mutation.Mutator.nextMutant:
    Creating mutant 27
[05/24 20:47:15] [INFO   ] org.mutationtesting.major.mutation.Mutator.logMutant:
    Logging mutant 27: Solution.isHappy(line 23, col 25)
            mutation operator group:   AOR
            mutation operator:         %(int,int) |==> /(int,int)
            original:                  a % 10 
            mutant:                    a / 10
[05/24 20:47:15] [INFO   ] org.mutationtesting.major.mutation.Mutator.nextMutant:
    Creating mutant 28
[05/24 20:47:15] [INFO   ] org.mutationtesting.major.mutation.Mutator.logMutant:
    Logging mutant 28: Solution.isHappy(line 24, col 34)
            mutation operator group:   AOR
            mutation operator:         *(int,int) |==> %(int,int)
            original:                  rem * rem 
            mutant:                    rem % rem
[05/24 20:47:15] [INFO   ] org.mutationtesting.major.mutation.Mutator.nextMutant:
    Creating mutant 29
[05/24 20:47:15] [INFO   ] org.mutationtesting.major.mutation.Mutator.logMutant:
    Logging mutant 29: Solution.isHappy(line 24, col 34)
            mutation operator group:   AOR
            mutation operator:         *(int,int) |==> +(int,int)
            original:                  rem * rem 
            mutant:                    rem + rem
[05/24 20:47:15] [INFO   ] org.mutationtesting.major.mutation.Mutator.nextMutant:
    Creating mutant 30
[05/24 20:47:15] [INFO   ] org.mutationtesting.major.mutation.Mutator.logMutant:
    Logging mutant 30: Solution.isHappy(line 24, col 34)
            mutation operator group:   AOR
            mutation operator:         *(int,int) |==> -(int,int)
            original:                  rem * rem 
            mutant:                    rem - rem
[05/24 20:47:15] [INFO   ] org.mutationtesting.major.mutation.Mutator.nextMutant:
    Creating mutant 31
[05/24 20:47:15] [INFO   ] org.mutationtesting.major.mutation.Mutator.logMutant:
    Logging mutant 31: Solution.isHappy(line 24, col 34)
            mutation operator group:   AOR
            mutation operator:         *(int,int) |==> /(int,int)
            original:                  rem * rem 
            mutant:                    rem / rem
[05/24 20:47:15] [INFO   ] org.mutationtesting.major.mutation.Mutator.nextMutant:
    Creating mutant 32
[05/24 20:47:15] [INFO   ] org.mutationtesting.major.mutation.Mutator.logMutant:
    Logging mutant 32: Solution.isHappy(line 24, col 27)
            mutation operator group:   AOR
            mutation operator:         +(int,int) |==> %(int,int)
            original:                  sum + (rem * rem) 
            mutant:                    sum % (rem * rem)
[05/24 20:47:15] [INFO   ] org.mutationtesting.major.mutation.Mutator.nextMutant:
    Creating mutant 33
[05/24 20:47:15] [INFO   ] org.mutationtesting.major.mutation.Mutator.logMutant:
    Logging mutant 33: Solution.isHappy(line 24, col 27)
            mutation operator group:   AOR
            mutation operator:         +(int,int) |==> *(int,int)
            original:                  sum + (rem * rem) 
            mutant:                    sum * (rem * rem)
[05/24 20:47:15] [INFO   ] org.mutationtesting.major.mutation.Mutator.nextMutant:
    Creating mutant 34
[05/24 20:47:15] [INFO   ] org.mutationtesting.major.mutation.Mutator.logMutant:
    Logging mutant 34: Solution.isHappy(line 24, col 27)
            mutation operator group:   AOR
            mutation operator:         +(int,int) |==> -(int,int)
            original:                  sum + (rem * rem) 
            mutant:                    sum - (rem * rem)
[05/24 20:47:15] [INFO   ] org.mutationtesting.major.mutation.Mutator.nextMutant:
    Creating mutant 35
[05/24 20:47:15] [INFO   ] org.mutationtesting.major.mutation.Mutator.logMutant:
    Logging mutant 35: Solution.isHappy(line 24, col 27)
            mutation operator group:   AOR
            mutation operator:         +(int,int) |==> /(int,int)
            original:                  sum + (rem * rem) 
            mutant:                    sum / (rem * rem)
[05/24 20:47:15] [INFO   ] org.mutationtesting.major.mutation.Mutator.nextMutant:
    Creating mutant 36
[05/24 20:47:15] [INFO   ] org.mutationtesting.major.mutation.Mutator.logMutantSTD:
    Logging mutantSTD 36: (STD) sum = sum + (rem * rem); -> <NO-OP>
[05/24 20:47:15] [INFO   ] org.mutationtesting.major.mutation.Mutator.nextMutant:
    Creating mutant 37
[05/24 20:47:15] [INFO   ] org.mutationtesting.major.mutation.Mutator.logMutant:
    Logging mutant 37: Solution.isHappy(line 25, col 23)
            mutation operator group:   AOR
            mutation operator:         /(int,int) |==> %(int,int)
            original:                  a / 10 
            mutant:                    a % 10
[05/24 20:47:15] [INFO   ] org.mutationtesting.major.mutation.Mutator.nextMutant:
    Creating mutant 38
[05/24 20:47:15] [INFO   ] org.mutationtesting.major.mutation.Mutator.logMutant:
    Logging mutant 38: Solution.isHappy(line 25, col 23)
            mutation operator group:   AOR
            mutation operator:         /(int,int) |==> *(int,int)
            original:                  a / 10 
            mutant:                    a * 10
[05/24 20:47:15] [INFO   ] org.mutationtesting.major.mutation.Mutator.nextMutant:
    Creating mutant 39
[05/24 20:47:15] [INFO   ] org.mutationtesting.major.mutation.Mutator.logMutant:
    Logging mutant 39: Solution.isHappy(line 25, col 23)
            mutation operator group:   AOR
            mutation operator:         /(int,int) |==> +(int,int)
            original:                  a / 10 
            mutant:                    a + 10
[05/24 20:47:15] [INFO   ] org.mutationtesting.major.mutation.Mutator.nextMutant:
    Creating mutant 40
[05/24 20:47:15] [INFO   ] org.mutationtesting.major.mutation.Mutator.logMutant:
    Logging mutant 40: Solution.isHappy(line 25, col 23)
            mutation operator group:   AOR
            mutation operator:         /(int,int) |==> -(int,int)
            original:                  a / 10 
            mutant:                    a - 10
[05/24 20:47:15] [INFO   ] org.mutationtesting.major.mutation.Mutator.nextMutant:
    Creating mutant 41
[05/24 20:47:15] [INFO   ] org.mutationtesting.major.mutation.Mutator.logMutantSTD:
    Logging mutantSTD 41: (STD) a = a / 10; -> <NO-OP>
[05/24 20:47:15] [INFO   ] org.mutationtesting.major.mutation.Mutator.nextMutant:
    Creating mutant 42
[05/24 20:47:15] [INFO   ] org.mutationtesting.major.mutation.Mutator.logMutant:
    Logging mutant 42: Solution.isHappy(line 27, col 21)
            mutation operator group:   ROR
            mutation operator:         !=(int,int) |==> <(int,int)
            original:                  sum != 1 
            mutant:                    sum < 1
[05/24 20:47:15] [INFO   ] org.mutationtesting.major.mutation.Mutator.nextMutant:
    Creating mutant 43
[05/24 20:47:15] [INFO   ] org.mutationtesting.major.mutation.Mutator.logMutant:
    Logging mutant 43: Solution.isHappy(line 27, col 21)
            mutation operator group:   ROR
            mutation operator:         !=(int,int) |==> >(int,int)
            original:                  sum != 1 
            mutant:                    sum > 1
[05/24 20:47:15] [INFO   ] org.mutationtesting.major.mutation.Mutator.nextMutant:
    Creating mutant 44
[05/24 20:47:15] [INFO   ] org.mutationtesting.major.mutation.Mutator.logMutant:
    Logging mutant 44: Solution.isHappy(line 27, col 21)
            mutation operator group:   ROR
            mutation operator:         !=(int,int) |==> TRUE(int,int)
            original:                  sum != 1 
            mutant:                    true
[05/24 20:47:15] [INFO   ] org.mutationtesting.major.plugin.MajorPluginTaskListener.mutate:
    Generated 44 mutants (148 ms)
