1:COR:<METHOD_INVOCATION(boolean)>:TRUE:g0001_0100.s0017_letter_combinations_of_a_phone_number.Solution@letterCombinations(java.lang.String):15:digits.isEmpty() |==> false
2:COR:<METHOD_INVOCATION(boolean)>:FALSE:g0001_0100.s0017_letter_combinations_of_a_phone_number.Solution@letterCombinations(java.lang.String):15:digits.isEmpty() |==> true
3:STD:<RETURN>:<NO-OP>:g0001_0100.s0017_letter_combinations_of_a_phone_number.Solution@letterCombinations(java.lang.String):16:return Collections.emptyList(); |==> <NO-OP>
4:STD:<CALL>:<NO-OP>:g0001_0100.s0017_letter_combinations_of_a_phone_number.Solution@letterCombinations(java.lang.String):21:findCombinations(0, digits, letters, sb, ans); |==> <NO-OP>
5:ROR:==(int,int):<=(int,int):g0001_0100.s0017_letter_combinations_of_a_phone_number.Solution@findCombinations(int,java.lang.String,java.lang.String[],java.lang.StringBuilder,java.util.List<java.lang.String>):27:curr.length() == nums.length() |==> curr.length() <= nums.length()
6:ROR:==(int,int):>=(int,int):g0001_0100.s0017_letter_combinations_of_a_phone_number.Solution@findCombinations(int,java.lang.String,java.lang.String[],java.lang.StringBuilder,java.util.List<java.lang.String>):27:curr.length() == nums.length() |==> curr.length() >= nums.length()
7:ROR:==(int,int):FALSE(int,int):g0001_0100.s0017_letter_combinations_of_a_phone_number.Solution@findCombinations(int,java.lang.String,java.lang.String[],java.lang.StringBuilder,java.util.List<java.lang.String>):27:curr.length() == nums.length() |==> false
8:STD:<CALL>:<NO-OP>:g0001_0100.s0017_letter_combinations_of_a_phone_number.Solution@findCombinations(int,java.lang.String,java.lang.String[],java.lang.StringBuilder,java.util.List<java.lang.String>):28:ans.add(curr.toString()); |==> <NO-OP>
9:STD:<RETURN>:<NO-OP>:g0001_0100.s0017_letter_combinations_of_a_phone_number.Solution@findCombinations(int,java.lang.String,java.lang.String[],java.lang.StringBuilder,java.util.List<java.lang.String>):29:return; |==> <NO-OP>
10:ROR:<(int,int):!=(int,int):g0001_0100.s0017_letter_combinations_of_a_phone_number.Solution@findCombinations(int,java.lang.String,java.lang.String[],java.lang.StringBuilder,java.util.List<java.lang.String>):31:i < nums.length() |==> i != nums.length()
11:ROR:<(int,int):<=(int,int):g0001_0100.s0017_letter_combinations_of_a_phone_number.Solution@findCombinations(int,java.lang.String,java.lang.String[],java.lang.StringBuilder,java.util.List<java.lang.String>):31:i < nums.length() |==> i <= nums.length()
12:ROR:<(int,int):FALSE(int,int):g0001_0100.s0017_letter_combinations_of_a_phone_number.Solution@findCombinations(int,java.lang.String,java.lang.String[],java.lang.StringBuilder,java.util.List<java.lang.String>):31:i < nums.length() |==> false
13:ROR:<(int,int):!=(int,int):g0001_0100.s0017_letter_combinations_of_a_phone_number.Solution@findCombinations(int,java.lang.String,java.lang.String[],java.lang.StringBuilder,java.util.List<java.lang.String>):33:j < letters[n].length() |==> j != letters[n].length()
14:ROR:<(int,int):<=(int,int):g0001_0100.s0017_letter_combinations_of_a_phone_number.Solution@findCombinations(int,java.lang.String,java.lang.String[],java.lang.StringBuilder,java.util.List<java.lang.String>):33:j < letters[n].length() |==> j <= letters[n].length()
15:ROR:<(int,int):FALSE(int,int):g0001_0100.s0017_letter_combinations_of_a_phone_number.Solution@findCombinations(int,java.lang.String,java.lang.String[],java.lang.StringBuilder,java.util.List<java.lang.String>):33:j < letters[n].length() |==> false
16:STD:<CALL>:<NO-OP>:g0001_0100.s0017_letter_combinations_of_a_phone_number.Solution@findCombinations(int,java.lang.String,java.lang.String[],java.lang.StringBuilder,java.util.List<java.lang.String>):35:curr.append(ch); |==> <NO-OP>
17:AOR:+(int,int):%(int,int):g0001_0100.s0017_letter_combinations_of_a_phone_number.Solution@findCombinations(int,java.lang.String,java.lang.String[],java.lang.StringBuilder,java.util.List<java.lang.String>):36:i + 1 |==> i % 1
18:AOR:+(int,int):*(int,int):g0001_0100.s0017_letter_combinations_of_a_phone_number.Solution@findCombinations(int,java.lang.String,java.lang.String[],java.lang.StringBuilder,java.util.List<java.lang.String>):36:i + 1 |==> i * 1
19:AOR:+(int,int):-(int,int):g0001_0100.s0017_letter_combinations_of_a_phone_number.Solution@findCombinations(int,java.lang.String,java.lang.String[],java.lang.StringBuilder,java.util.List<java.lang.String>):36:i + 1 |==> i - 1
20:AOR:+(int,int):/(int,int):g0001_0100.s0017_letter_combinations_of_a_phone_number.Solution@findCombinations(int,java.lang.String,java.lang.String[],java.lang.StringBuilder,java.util.List<java.lang.String>):36:i + 1 |==> i / 1
21:STD:<CALL>:<NO-OP>:g0001_0100.s0017_letter_combinations_of_a_phone_number.Solution@findCombinations(int,java.lang.String,java.lang.String[],java.lang.StringBuilder,java.util.List<java.lang.String>):36:findCombinations(i + 1, nums, letters, curr, ans); |==> <NO-OP>
22:AOR:-(int,int):%(int,int):g0001_0100.s0017_letter_combinations_of_a_phone_number.Solution@findCombinations(int,java.lang.String,java.lang.String[],java.lang.StringBuilder,java.util.List<java.lang.String>):37:curr.length() - 1 |==> curr.length() % 1
23:AOR:-(int,int):*(int,int):g0001_0100.s0017_letter_combinations_of_a_phone_number.Solution@findCombinations(int,java.lang.String,java.lang.String[],java.lang.StringBuilder,java.util.List<java.lang.String>):37:curr.length() - 1 |==> curr.length() * 1
24:AOR:-(int,int):+(int,int):g0001_0100.s0017_letter_combinations_of_a_phone_number.Solution@findCombinations(int,java.lang.String,java.lang.String[],java.lang.StringBuilder,java.util.List<java.lang.String>):37:curr.length() - 1 |==> curr.length() + 1
25:AOR:-(int,int):/(int,int):g0001_0100.s0017_letter_combinations_of_a_phone_number.Solution@findCombinations(int,java.lang.String,java.lang.String[],java.lang.StringBuilder,java.util.List<java.lang.String>):37:curr.length() - 1 |==> curr.length() / 1
26:STD:<CALL>:<NO-OP>:g0001_0100.s0017_letter_combinations_of_a_phone_number.Solution@findCombinations(int,java.lang.String,java.lang.String[],java.lang.StringBuilder,java.util.List<java.lang.String>):37:curr.deleteCharAt(curr.length() - 1); |==> <NO-OP>
