1:ROR:<(int,int):!=(int,int):g0001_0100.s0075_sort_colors.Solution@sortColors(int[]):17:i < nums.length |==> i != nums.length
2:ROR:<(int,int):<=(int,int):g0001_0100.s0075_sort_colors.Solution@sortColors(int[]):17:i < nums.length |==> i <= nums.length
3:ROR:<(int,int):FALSE(int,int):g0001_0100.s0075_sort_colors.Solution@sortColors(int[]):17:i < nums.length |==> false
4:ROR:==(int,int):<=(int,int):g0001_0100.s0075_sort_colors.Solution@sortColors(int[]):18:nums[i] == 0 |==> nums[i] <= 0
5:ROR:==(int,int):>=(int,int):g0001_0100.s0075_sort_colors.Solution@sortColors(int[]):18:nums[i] == 0 |==> nums[i] >= 0
6:ROR:==(int,int):FALSE(int,int):g0001_0100.s0075_sort_colors.Solution@sortColors(int[]):18:nums[i] == 0 |==> false
7:STD:<ASSIGN>:<NO-OP>:g0001_0100.s0075_sort_colors.Solution@sortColors(int[]):19:nums[zeroes++] = 0; |==> <NO-OP>
8:ROR:==(int,int):<=(int,int):g0001_0100.s0075_sort_colors.Solution@sortColors(int[]):20:nums[i] == 1 |==> nums[i] <= 1
9:ROR:==(int,int):>=(int,int):g0001_0100.s0075_sort_colors.Solution@sortColors(int[]):20:nums[i] == 1 |==> nums[i] >= 1
10:ROR:==(int,int):FALSE(int,int):g0001_0100.s0075_sort_colors.Solution@sortColors(int[]):20:nums[i] == 1 |==> false
11:STD:<INC>:<NO-OP>:g0001_0100.s0075_sort_colors.Solution@sortColors(int[]):21:ones++; |==> <NO-OP>
12:AOR:+(int,int):%(int,int):g0001_0100.s0075_sort_colors.Solution@sortColors(int[]):24:zeroes + ones |==> zeroes % ones
13:AOR:+(int,int):*(int,int):g0001_0100.s0075_sort_colors.Solution@sortColors(int[]):24:zeroes + ones |==> zeroes * ones
14:AOR:+(int,int):-(int,int):g0001_0100.s0075_sort_colors.Solution@sortColors(int[]):24:zeroes + ones |==> zeroes - ones
15:AOR:+(int,int):/(int,int):g0001_0100.s0075_sort_colors.Solution@sortColors(int[]):24:zeroes + ones |==> zeroes / ones
16:ROR:<(int,int):!=(int,int):g0001_0100.s0075_sort_colors.Solution@sortColors(int[]):24:j < zeroes + ones |==> j != zeroes + ones
17:ROR:<(int,int):<=(int,int):g0001_0100.s0075_sort_colors.Solution@sortColors(int[]):24:j < zeroes + ones |==> j <= zeroes + ones
18:ROR:<(int,int):FALSE(int,int):g0001_0100.s0075_sort_colors.Solution@sortColors(int[]):24:j < zeroes + ones |==> false
19:STD:<ASSIGN>:<NO-OP>:g0001_0100.s0075_sort_colors.Solution@sortColors(int[]):25:nums[j] = 1; |==> <NO-OP>
20:AOR:+(int,int):%(int,int):g0001_0100.s0075_sort_colors.Solution@sortColors(int[]):27:zeroes + ones |==> zeroes % ones
21:AOR:+(int,int):*(int,int):g0001_0100.s0075_sort_colors.Solution@sortColors(int[]):27:zeroes + ones |==> zeroes * ones
22:AOR:+(int,int):-(int,int):g0001_0100.s0075_sort_colors.Solution@sortColors(int[]):27:zeroes + ones |==> zeroes - ones
23:AOR:+(int,int):/(int,int):g0001_0100.s0075_sort_colors.Solution@sortColors(int[]):27:zeroes + ones |==> zeroes / ones
24:ROR:<(int,int):!=(int,int):g0001_0100.s0075_sort_colors.Solution@sortColors(int[]):27:k < nums.length |==> k != nums.length
25:ROR:<(int,int):<=(int,int):g0001_0100.s0075_sort_colors.Solution@sortColors(int[]):27:k < nums.length |==> k <= nums.length
26:ROR:<(int,int):FALSE(int,int):g0001_0100.s0075_sort_colors.Solution@sortColors(int[]):27:k < nums.length |==> false
27:STD:<ASSIGN>:<NO-OP>:g0001_0100.s0075_sort_colors.Solution@sortColors(int[]):28:nums[k] = 2; |==> <NO-OP>
