ERROR:root:Failed to parse \x.((_ = {NNS})(x) & _gas{NN}(x)). Error: The function '(_ = {NNS})' is not a Lambda Expression, an Application Expression, or a functional predicate, so it may not take arguments.
\x.((_ = {NNS})(x) & _gas{NN}(x))
              ^
ERROR:root:An error occurred: The function '(_ = {NNS})' is not a Lambda Expression, an Application Expression, or a functional predicate, so it may not take arguments.
\x.((_ = {NNS})(x) & _gas{NN}(x))
              ^
Sentence: Input : gas = [ 1 , 2 , 3 , 4 , 5 ] , cost = [ 3 , 4 , 5 , 1 , 2 ]
Tree XML:
<sentence>
  <tokens>
    <token start="0" span="1" pos="NNP" chunk="I-NP" entity="O" cat="N" id="t0_0" surf="Input" base="input"/>
    <token start="1" span="1" pos="IN" chunk="O" entity="O" cat="(NP\NP)/NP" id="t0_1" surf=":" base=":"/>
    <token start="2" span="1" pos="NN" chunk="I-NP" entity="O" cat="N/N" id="t0_2" surf="gas" base="gas"/>
    <token start="3" span="1" pos="NNS" chunk="I-NP" entity="O" cat="N" id="t0_3" surf="=" base="="/>
    <token start="4" span="1" pos="VBD" chunk="I-VP" entity="O" cat="(S[dcl]\NP)/NP" id="t0_4" surf="[" base="["/>
    <token start="5" span="1" pos="CD" chunk="I-NP" entity="I-DAT" cat="N" id="t0_5" surf="1" base="1"/>
    <token start="6" span="1" pos="," chunk="I-NP" entity="I-DAT" cat="," id="t0_6" surf="," base=","/>
    <token start="7" span="1" pos="CD" chunk="I-NP" entity="I-DAT" cat="N" id="t0_7" surf="2" base="2"/>
    <token start="8" span="1" pos="," chunk="I-NP" entity="I-DAT" cat="," id="t0_8" surf="," base=","/>
    <token start="9" span="1" pos="CD" chunk="I-NP" entity="I-DAT" cat="N" id="t0_9" surf="3" base="3"/>
    <token start="10" span="1" pos="," chunk="I-NP" entity="I-DAT" cat="," id="t0_10" surf="," base=","/>
    <token start="11" span="1" pos="CD" chunk="I-NP" entity="I-DAT" cat="N" id="t0_11" surf="4" base="4"/>
    <token start="12" span="1" pos="," chunk="I-NP" entity="I-DAT" cat="," id="t0_12" surf="," base=","/>
    <token start="13" span="1" pos="CD" chunk="I-NP" entity="I-DAT" cat="N/N" id="t0_13" surf="5" base="5"/>
    <token start="14" span="1" pos="NNS" chunk="I-NP" entity="I-DAT" cat="N" id="t0_14" surf="]" base="]"/>
    <token start="15" span="1" pos="," chunk="O" entity="O" cat="," id="t0_15" surf="," base=","/>
    <token start="16" span="1" pos="NN" chunk="I-NP" entity="O" cat="N/N" id="t0_16" surf="cost" base="cost"/>
    <token start="17" span="1" pos="NNP" chunk="I-NP" entity="O" cat="N/N" id="t0_17" surf="=" base="="/>
    <token start="18" span="1" pos="NNP" chunk="I-NP" entity="I-DAT" cat="N/N" id="t0_18" surf="[" base="["/>
    <token start="19" span="1" pos="NNP" chunk="I-NP" entity="I-DAT" cat="N" id="t0_19" surf="3" base="3"/>
    <token start="20" span="1" pos="," chunk="O" entity="I-DAT" cat="," id="t0_20" surf="," base=","/>
    <token start="21" span="1" pos="CD" chunk="I-NP" entity="I-DAT" cat="N" id="t0_21" surf="4" base="4"/>
    <token start="22" span="1" pos="," chunk="I-NP" entity="I-DAT" cat="," id="t0_22" surf="," base=","/>
    <token start="23" span="1" pos="CD" chunk="I-NP" entity="I-DAT" cat="N" id="t0_23" surf="5" base="5"/>
    <token start="24" span="1" pos="," chunk="I-NP" entity="I-DAT" cat="," id="t0_24" surf="," base=","/>
    <token start="25" span="1" pos="CD" chunk="I-NP" entity="I-DAT" cat="N" id="t0_25" surf="1" base="1"/>
    <token start="26" span="1" pos="," chunk="I-NP" entity="I-DAT" cat="," id="t0_26" surf="," base=","/>
    <token start="27" span="1" pos="CD" chunk="I-NP" entity="I-DAT" cat="N/N" id="t0_27" surf="2" base="2"/>
    <token start="28" span="1" pos="NNS" chunk="I-NP" entity="O" cat="N" id="t0_28" surf="]" base="]"/>
  </tokens>
  <ccg root="s0_sp0" id="s0_ccg0">
    <span root="true" id="s0_sp0" child="s0_sp1 s0_sp10" category="S[dcl=true]" rule="ba"/>
    <span id="s0_sp1" child="s0_sp2 s0_sp4" category="NP" rule="ba"/>
    <span id="s0_sp2" child="s0_sp3" category="NP" rule="lex"/>
    <span start="0" span="1" pos="NNP" chunk="I-NP" entity="O" id="s0_sp3" surf="Input" base="input" terminal="t0_0" category="N"/>
    <span id="s0_sp4" child="s0_sp5 s0_sp6" category="NP\NP" rule="fa"/>
    <span start="1" span="1" pos="IN" chunk="O" entity="O" id="s0_sp5" surf=":" base=":" terminal="t0_1" category="(NP\NP)/NP"/>
    <span id="s0_sp6" child="s0_sp7" category="NP" rule="lex"/>
    <span id="s0_sp7" child="s0_sp8 s0_sp9" category="N" rule="fa"/>
    <span start="2" span="1" pos="NN" chunk="I-NP" entity="O" id="s0_sp8" surf="gas" base="gas" terminal="t0_2" category="N/N"/>
    <span start="3" span="1" pos="NNS" chunk="I-NP" entity="O" id="s0_sp9" surf="=" base="=" terminal="t0_3" category="N"/>
    <span id="s0_sp10" child="s0_sp11 s0_sp12" category="S[dcl=true]\NP" rule="ba"/>
    <span start="4" span="1" pos="VBD" chunk="I-VP" entity="O" id="s0_sp11" surf="[" base="[" terminal="t0_4" category="(S[dcl=true]\NP)/NP"/>
    <span id="s0_sp12" child="s0_sp13" category="(S[X=true]\NP)\((S[X=true]\NP)/NP)" rule="tr"/>
    <span id="s0_sp13" child="s0_sp14" category="NP" rule="lex"/>
    <span id="s0_sp14" child="s0_sp15 s0_sp16" category="N" rule="ba"/>
    <span start="5" span="1" pos="CD" chunk="I-NP" entity="I-DAT" id="s0_sp15" surf="1" base="1" terminal="t0_5" category="N"/>
    <span id="s0_sp16" child="s0_sp17 s0_sp18" category="N\N" rule="conj"/>
    <span start="6" span="1" pos="," chunk="I-NP" entity="I-DAT" id="s0_sp17" surf="," base="," terminal="t0_6" category="=true,"/>
    <span id="s0_sp18" child="s0_sp19 s0_sp20" category="N" rule="ba"/>
    <span start="7" span="1" pos="CD" chunk="I-NP" entity="I-DAT" id="s0_sp19" surf="2" base="2" terminal="t0_7" category="N"/>
    <span id="s0_sp20" child="s0_sp21 s0_sp22" category="N\N" rule="conj"/>
    <span start="8" span="1" pos="," chunk="I-NP" entity="I-DAT" id="s0_sp21" surf="," base="," terminal="t0_8" category="=true,"/>
    <span id="s0_sp22" child="s0_sp23 s0_sp24" category="N" rule="ba"/>
    <span start="9" span="1" pos="CD" chunk="I-NP" entity="I-DAT" id="s0_sp23" surf="3" base="3" terminal="t0_9" category="N"/>
    <span id="s0_sp24" child="s0_sp25 s0_sp26" category="N\N" rule="conj"/>
    <span start="10" span="1" pos="," chunk="I-NP" entity="I-DAT" id="s0_sp25" surf="," base="," terminal="t0_10" category="=true,"/>
    <span id="s0_sp26" child="s0_sp27 s0_sp28" category="N" rule="ba"/>
    <span start="11" span="1" pos="CD" chunk="I-NP" entity="I-DAT" id="s0_sp27" surf="4" base="4" terminal="t0_11" category="N"/>
    <span id="s0_sp28" child="s0_sp29 s0_sp30" category="N\N" rule="conj"/>
    <span start="12" span="1" pos="," chunk="I-NP" entity="I-DAT" id="s0_sp29" surf="," base="," terminal="t0_12" category="=true,"/>
    <span id="s0_sp30" child="s0_sp31 s0_sp34" category="N" rule="ba"/>
    <span id="s0_sp31" child="s0_sp32 s0_sp33" category="N" rule="fa"/>
    <span start="13" span="1" pos="CD" chunk="I-NP" entity="I-DAT" id="s0_sp32" surf="5" base="5" terminal="t0_13" category="N/N"/>
    <span start="14" span="1" pos="NNS" chunk="I-NP" entity="I-DAT" id="s0_sp33" surf="]" base="]" terminal="t0_14" category="N"/>
    <span id="s0_sp34" child="s0_sp35 s0_sp36" category="N\N" rule="conj"/>
    <span start="15" span="1" pos="," chunk="O" entity="O" id="s0_sp35" surf="," base="," terminal="t0_15" category="=true,"/>
    <span id="s0_sp36" child="s0_sp37 s0_sp44" category="N" rule="ba"/>
    <span id="s0_sp37" child="s0_sp38 s0_sp39" category="N" rule="fa"/>
    <span start="16" span="1" pos="NN" chunk="I-NP" entity="O" id="s0_sp38" surf="cost" base="cost" terminal="t0_16" category="N/N"/>
    <span id="s0_sp39" child="s0_sp40 s0_sp41" category="N" rule="fa"/>
    <span start="17" span="1" pos="NNP" chunk="I-NP" entity="O" id="s0_sp40" surf="=" base="=" terminal="t0_17" category="N/N"/>
    <span id="s0_sp41" child="s0_sp42 s0_sp43" category="N" rule="fa"/>
    <span start="18" span="1" pos="NNP" chunk="I-NP" entity="I-DAT" id="s0_sp42" surf="[" base="[" terminal="t0_18" category="N/N"/>
    <span start="19" span="1" pos="NNP" chunk="I-NP" entity="I-DAT" id="s0_sp43" surf="3" base="3" terminal="t0_19" category="N"/>
    <span id="s0_sp44" child="s0_sp45 s0_sp46" category="N\N" rule="conj"/>
    <span start="20" span="1" pos="," chunk="O" entity="I-DAT" id="s0_sp45" surf="," base="," terminal="t0_20" category="=true,"/>
    <span id="s0_sp46" child="s0_sp47 s0_sp48" category="N" rule="ba"/>
    <span start="21" span="1" pos="CD" chunk="I-NP" entity="I-DAT" id="s0_sp47" surf="4" base="4" terminal="t0_21" category="N"/>
    <span id="s0_sp48" child="s0_sp49 s0_sp50" category="N\N" rule="conj"/>
    <span start="22" span="1" pos="," chunk="I-NP" entity="I-DAT" id="s0_sp49" surf="," base="," terminal="t0_22" category="=true,"/>
    <span id="s0_sp50" child="s0_sp51 s0_sp52" category="N" rule="ba"/>
    <span start="23" span="1" pos="CD" chunk="I-NP" entity="I-DAT" id="s0_sp51" surf="5" base="5" terminal="t0_23" category="N"/>
    <span id="s0_sp52" child="s0_sp53 s0_sp54" category="N\N" rule="conj"/>
    <span start="24" span="1" pos="," chunk="I-NP" entity="I-DAT" id="s0_sp53" surf="," base="," terminal="t0_24" category="=true,"/>
    <span id="s0_sp54" child="s0_sp55 s0_sp56" category="N" rule="ba"/>
    <span start="25" span="1" pos="CD" chunk="I-NP" entity="I-DAT" id="s0_sp55" surf="1" base="1" terminal="t0_25" category="N"/>
    <span id="s0_sp56" child="s0_sp57 s0_sp58" category="N\N" rule="conj"/>
    <span start="26" span="1" pos="," chunk="I-NP" entity="I-DAT" id="s0_sp57" surf="," base="," terminal="t0_26" category="=true,"/>
    <span id="s0_sp58" child="s0_sp59 s0_sp60" category="N" rule="fa"/>
    <span start="27" span="1" pos="CD" chunk="I-NP" entity="I-DAT" id="s0_sp59" surf="2" base="2" terminal="t0_27" category="N/N"/>
    <span start="28" span="1" pos="NNS" chunk="I-NP" entity="O" id="s0_sp60" surf="]" base="]" terminal="t0_28" category="N"/>
  </ccg>
</sentence>

