ERROR:root:Failed to parse \x.((_ = {NN})(x) & _4{CD}(x)). Error: The function '(_ = {NN})' is not a Lambda Expression, an Application Expression, or a functional predicate, so it may not take arguments.
\x.((_ = {NN})(x) & _4{CD}(x))
             ^
ERROR:root:An error occurred: The function '(_ = {NN})' is not a Lambda Expression, an Application Expression, or a functional predicate, so it may not take arguments.
\x.((_ = {NN})(x) & _4{CD}(x))
             ^
Sentence: Your tank = 0 + 4 = 4
Tree XML:
<sentence>
  <tokens>
    <token start="0" span="1" pos="PRP$" chunk="I-NP" entity="O" cat="NP[nb]/N" id="t0_0" surf="Your" base="your"/>
    <token start="1" span="1" pos="NN" chunk="I-NP" entity="O" cat="N" id="t0_1" surf="tank" base="tank"/>
    <token start="2" span="1" pos="VBD" chunk="I-VP" entity="O" cat="(S[dcl]\NP)/NP" id="t0_2" surf="=" base="="/>
    <token start="3" span="1" pos="CD" chunk="I-NP" entity="I-TIM" cat="N/N" id="t0_3" surf="0" base="0"/>
    <token start="4" span="1" pos="NN" chunk="I-NP" entity="I-TIM" cat="N/N" id="t0_4" surf="+" base="+"/>
    <token start="5" span="1" pos="CD" chunk="I-NP" entity="I-TIM" cat="N/N" id="t0_5" surf="4" base="4"/>
    <token start="6" span="1" pos="NN" chunk="I-NP" entity="I-TIM" cat="N" id="t0_6" surf="=" base="="/>
    <token start="7" span="1" pos="CD" chunk="I-NP" entity="I-TIM" cat="N\N" id="t0_7" surf="4" base="4"/>
  </tokens>
  <ccg root="s0_sp0" id="s0_ccg0">
    <span root="true" id="s0_sp0" child="s0_sp1 s0_sp4" category="S[dcl=true]" rule="ba"/>
    <span id="s0_sp1" child="s0_sp2 s0_sp3" category="NP[nb=true]" rule="fa"/>
    <span start="0" span="1" pos="PRP$" chunk="I-NP" entity="O" id="s0_sp2" surf="Your" base="your" terminal="t0_0" category="NP[nb=true]/N"/>
    <span start="1" span="1" pos="NN" chunk="I-NP" entity="O" id="s0_sp3" surf="tank" base="tank" terminal="t0_1" category="N"/>
    <span id="s0_sp4" child="s0_sp5 s0_sp6" category="S[dcl=true]\NP" rule="fa"/>
    <span start="2" span="1" pos="VBD" chunk="I-VP" entity="O" id="s0_sp5" surf="=" base="=" terminal="t0_2" category="(S[dcl=true]\NP)/NP"/>
    <span id="s0_sp6" child="s0_sp7" category="NP" rule="lex"/>
    <span id="s0_sp7" child="s0_sp8 s0_sp9" category="N" rule="fa"/>
    <span start="3" span="1" pos="CD" chunk="I-NP" entity="I-TIM" id="s0_sp8" surf="0" base="0" terminal="t0_3" category="N/N"/>
    <span id="s0_sp9" child="s0_sp10 s0_sp11" category="N" rule="fa"/>
    <span start="4" span="1" pos="NN" chunk="I-NP" entity="I-TIM" id="s0_sp10" surf="+" base="+" terminal="t0_4" category="N/N"/>
    <span id="s0_sp11" child="s0_sp12 s0_sp15" category="N" rule="ba"/>
    <span id="s0_sp12" child="s0_sp13 s0_sp14" category="N" rule="fa"/>
    <span start="5" span="1" pos="CD" chunk="I-NP" entity="I-TIM" id="s0_sp13" surf="4" base="4" terminal="t0_5" category="N/N"/>
    <span start="6" span="1" pos="NN" chunk="I-NP" entity="I-TIM" id="s0_sp14" surf="=" base="=" terminal="t0_6" category="N"/>
    <span start="7" span="1" pos="CD" chunk="I-NP" entity="I-TIM" id="s0_sp15" surf="4" base="4" terminal="t0_7" category="N\N"/>
  </ccg>
</sentence>

