1:ROR:==(java.lang.Object,java.lang.Object):FALSE(java.lang.Object,java.lang.Object):g0101_0200.s0120_triangle.Solution@minimumTotal(java.util.List<java.util.List<java.lang.Integer>>):20:triangle == null |==> false
2:COR:||(boolean,boolean):!=(boolean,boolean):g0101_0200.s0120_triangle.Solution@minimumTotal(java.util.List<java.util.List<java.lang.Integer>>):20:triangle == null || triangle.isEmpty() |==> triangle == null != triangle.isEmpty()
3:COR:||(boolean,boolean):LHS(boolean,boolean):g0101_0200.s0120_triangle.Solution@minimumTotal(java.util.List<java.util.List<java.lang.Integer>>):20:triangle == null || triangle.isEmpty() |==> triangle == null
4:COR:||(boolean,boolean):RHS(boolean,boolean):g0101_0200.s0120_triangle.Solution@minimumTotal(java.util.List<java.util.List<java.lang.Integer>>):20:triangle == null || triangle.isEmpty() |==> triangle.isEmpty()
5:COR:||(boolean,boolean):TRUE(boolean,boolean):g0101_0200.s0120_triangle.Solution@minimumTotal(java.util.List<java.util.List<java.lang.Integer>>):20:triangle == null || triangle.isEmpty() |==> true
6:STD:<RETURN>:<NO-OP>:g0101_0200.s0120_triangle.Solution@minimumTotal(java.util.List<java.util.List<java.lang.Integer>>):21:return 0; |==> <NO-OP>
7:AOR:-(int,int):%(int,int):g0101_0200.s0120_triangle.Solution@minimumTotal(java.util.List<java.util.List<java.lang.Integer>>):23:triangle.size() - 1 |==> triangle.size() % 1
8:AOR:-(int,int):*(int,int):g0101_0200.s0120_triangle.Solution@minimumTotal(java.util.List<java.util.List<java.lang.Integer>>):23:triangle.size() - 1 |==> triangle.size() * 1
9:AOR:-(int,int):+(int,int):g0101_0200.s0120_triangle.Solution@minimumTotal(java.util.List<java.util.List<java.lang.Integer>>):23:triangle.size() - 1 |==> triangle.size() + 1
10:AOR:-(int,int):/(int,int):g0101_0200.s0120_triangle.Solution@minimumTotal(java.util.List<java.util.List<java.lang.Integer>>):23:triangle.size() - 1 |==> triangle.size() / 1
11:STD:<CALL>:<NO-OP>:g0101_0200.s0120_triangle.Solution@minimumTotal(java.util.List<java.util.List<java.lang.Integer>>):25:Arrays.fill(temp, -10001); |==> <NO-OP>
12:ROR:>=(int,int):==(int,int):g0101_0200.s0120_triangle.Solution@dfs(java.util.List<java.util.List<java.lang.Integer>>,int[][],int,int):31:row >= triangle.size() |==> row == triangle.size()
13:ROR:>=(int,int):>(int,int):g0101_0200.s0120_triangle.Solution@dfs(java.util.List<java.util.List<java.lang.Integer>>,int[][],int,int):31:row >= triangle.size() |==> row > triangle.size()
14:ROR:>=(int,int):TRUE(int,int):g0101_0200.s0120_triangle.Solution@dfs(java.util.List<java.util.List<java.lang.Integer>>,int[][],int,int):31:row >= triangle.size() |==> true
15:STD:<RETURN>:<NO-OP>:g0101_0200.s0120_triangle.Solution@dfs(java.util.List<java.util.List<java.lang.Integer>>,int[][],int,int):32:return 0; |==> <NO-OP>
16:ROR:!=(int,int):<(int,int):g0101_0200.s0120_triangle.Solution@dfs(java.util.List<java.util.List<java.lang.Integer>>,int[][],int,int):34:dp[row][col] != -10001 |==> dp[row][col] < -10001
17:ROR:!=(int,int):>(int,int):g0101_0200.s0120_triangle.Solution@dfs(java.util.List<java.util.List<java.lang.Integer>>,int[][],int,int):34:dp[row][col] != -10001 |==> dp[row][col] > -10001
18:ROR:!=(int,int):TRUE(int,int):g0101_0200.s0120_triangle.Solution@dfs(java.util.List<java.util.List<java.lang.Integer>>,int[][],int,int):34:dp[row][col] != -10001 |==> true
19:STD:<RETURN>:<NO-OP>:g0101_0200.s0120_triangle.Solution@dfs(java.util.List<java.util.List<java.lang.Integer>>,int[][],int,int):35:return dp[row][col]; |==> <NO-OP>
20:AOR:+(int,int):%(int,int):g0101_0200.s0120_triangle.Solution@dfs(java.util.List<java.util.List<java.lang.Integer>>,int[][],int,int):40:row + 1 |==> row % 1
21:AOR:+(int,int):*(int,int):g0101_0200.s0120_triangle.Solution@dfs(java.util.List<java.util.List<java.lang.Integer>>,int[][],int,int):40:row + 1 |==> row * 1
22:AOR:+(int,int):-(int,int):g0101_0200.s0120_triangle.Solution@dfs(java.util.List<java.util.List<java.lang.Integer>>,int[][],int,int):40:row + 1 |==> row - 1
23:AOR:+(int,int):/(int,int):g0101_0200.s0120_triangle.Solution@dfs(java.util.List<java.util.List<java.lang.Integer>>,int[][],int,int):40:row + 1 |==> row / 1
24:AOR:+(int,int):%(int,int):g0101_0200.s0120_triangle.Solution@dfs(java.util.List<java.util.List<java.lang.Integer>>,int[][],int,int):41:row + 1 |==> row % 1
25:AOR:+(int,int):*(int,int):g0101_0200.s0120_triangle.Solution@dfs(java.util.List<java.util.List<java.lang.Integer>>,int[][],int,int):41:row + 1 |==> row * 1
26:AOR:+(int,int):-(int,int):g0101_0200.s0120_triangle.Solution@dfs(java.util.List<java.util.List<java.lang.Integer>>,int[][],int,int):41:row + 1 |==> row - 1
27:AOR:+(int,int):/(int,int):g0101_0200.s0120_triangle.Solution@dfs(java.util.List<java.util.List<java.lang.Integer>>,int[][],int,int):41:row + 1 |==> row / 1
28:AOR:+(int,int):%(int,int):g0101_0200.s0120_triangle.Solution@dfs(java.util.List<java.util.List<java.lang.Integer>>,int[][],int,int):41:col + 1 |==> col % 1
29:AOR:+(int,int):*(int,int):g0101_0200.s0120_triangle.Solution@dfs(java.util.List<java.util.List<java.lang.Integer>>,int[][],int,int):41:col + 1 |==> col * 1
30:AOR:+(int,int):-(int,int):g0101_0200.s0120_triangle.Solution@dfs(java.util.List<java.util.List<java.lang.Integer>>,int[][],int,int):41:col + 1 |==> col - 1
31:AOR:+(int,int):/(int,int):g0101_0200.s0120_triangle.Solution@dfs(java.util.List<java.util.List<java.lang.Integer>>,int[][],int,int):41:col + 1 |==> col / 1
32:AOR:+(int,int):%(int,int):g0101_0200.s0120_triangle.Solution@dfs(java.util.List<java.util.List<java.lang.Integer>>,int[][],int,int):38:triangle.get(row).get(col) + Math.min(dfs(triangle, dp, row + 1, col), dfs(triangle, dp, row + 1, col + 1)) |==> triangle.get(row).get(col) % Math.min(dfs(triangle, dp, row + 1, col), dfs(triangle, dp, row + 1, col + 1))
33:AOR:+(int,int):*(int,int):g0101_0200.s0120_triangle.Solution@dfs(java.util.List<java.util.List<java.lang.Integer>>,int[][],int,int):38:triangle.get(row).get(col) + Math.min(dfs(triangle, dp, row + 1, col), dfs(triangle, dp, row + 1, col + 1)) |==> triangle.get(row).get(col) * Math.min(dfs(triangle, dp, row + 1, col), dfs(triangle, dp, row + 1, col + 1))
34:AOR:+(int,int):-(int,int):g0101_0200.s0120_triangle.Solution@dfs(java.util.List<java.util.List<java.lang.Integer>>,int[][],int,int):38:triangle.get(row).get(col) + Math.min(dfs(triangle, dp, row + 1, col), dfs(triangle, dp, row + 1, col + 1)) |==> triangle.get(row).get(col) - Math.min(dfs(triangle, dp, row + 1, col), dfs(triangle, dp, row + 1, col + 1))
35:AOR:+(int,int):/(int,int):g0101_0200.s0120_triangle.Solution@dfs(java.util.List<java.util.List<java.lang.Integer>>,int[][],int,int):38:triangle.get(row).get(col) + Math.min(dfs(triangle, dp, row + 1, col), dfs(triangle, dp, row + 1, col + 1)) |==> triangle.get(row).get(col) / Math.min(dfs(triangle, dp, row + 1, col), dfs(triangle, dp, row + 1, col + 1))
36:STD:<ASSIGN>:<NO-OP>:g0101_0200.s0120_triangle.Solution@dfs(java.util.List<java.util.List<java.lang.Integer>>,int[][],int,int):42:dp[row][col] = sum; |==> <NO-OP>
