ERROR:root:Failed to parse \Q1 Q2 K.Q2(\x.TrueP,\x.Q1(\y.TrueP,\y.exists e.((_ = {VBP})(e) & (Subj(e) = x) & (Acc(e) = y) & K(e)))). Error: The function '(_ = {VBP})' is not a Lambda Expression, an Application Expression, or a functional predicate, so it may not take arguments.
\Q1 Q2 K.Q2(\x.TrueP,\x.Q1(\y.TrueP,\y.exists e.((_ = {VBP})(e) & (Subj(e) = x) & (Acc(e) = y) & K(e))))
                                                           ^
ERROR:root:An error occurred: The function '(_ = {VBP})' is not a Lambda Expression, an Application Expression, or a functional predicate, so it may not take arguments.
\Q1 Q2 K.Q2(\x.TrueP,\x.Q1(\y.TrueP,\y.exists e.((_ = {VBP})(e) & (Subj(e) = x) & (Acc(e) = y) & K(e))))
                                                           ^
Sentence: Input : s = `` luffy is still joyboy ''
Tree XML:
<sentence>
  <tokens>
    <token start="0" span="1" pos="NNP" chunk="I-NP" entity="O" cat="N" id="t0_0" surf="Input" base="input"/>
    <token start="1" span="1" pos="IN" chunk="O" entity="O" cat="(NP\NP)/S[dcl]" id="t0_1" surf=":" base=":"/>
    <token start="2" span="1" pos="PRP" chunk="I-NP" entity="O" cat="NP" id="t0_2" surf="s" base="s"/>
    <token start="3" span="1" pos="VBP" chunk="I-VP" entity="O" cat="(S[dcl]\NP)/NP" id="t0_3" surf="=" base="="/>
    <token start="4" span="1" pos="LQU" chunk="O" entity="O" cat="LQU" id="t0_4" surf="``" base="``"/>
    <token start="5" span="1" pos="NN" chunk="I-NP" entity="O" cat="N" id="t0_5" surf="luffy" base="luffy"/>
    <token start="6" span="1" pos="VBZ" chunk="I-VP" entity="O" cat="(S[dcl]\NP)/(S[adj]\NP)" id="t0_6" surf="is" base="be"/>
    <token start="7" span="1" pos="RB" chunk="I-ADJP" entity="O" cat="(S\NP)\(S\NP)" id="t0_7" surf="still" base="still"/>
    <token start="8" span="1" pos="JJ" chunk="I-ADJP" entity="O" cat="S[adj]\NP" id="t0_8" surf="joyboy" base="joyboy"/>
    <token start="9" span="1" pos="RQU" chunk="O" entity="O" cat="RQU" id="t0_9" surf="''" base="''"/>
  </tokens>
  <ccg root="s0_sp0" id="s0_ccg0">
    <span root="true" id="s0_sp0" child="s0_sp1 s0_sp14" category="S[dcl=true]" rule="ba"/>
    <span id="s0_sp1" child="s0_sp2 s0_sp4" category="NP" rule="ba"/>
    <span id="s0_sp2" child="s0_sp3" category="NP" rule="lex"/>
    <span start="0" span="1" pos="NNP" chunk="I-NP" entity="O" id="s0_sp3" surf="Input" base="input" terminal="t0_0" category="N"/>
    <span id="s0_sp4" child="s0_sp5 s0_sp6" category="NP\NP" rule="fa"/>
    <span start="1" span="1" pos="IN" chunk="O" entity="O" id="s0_sp5" surf=":" base=":" terminal="t0_1" category="(NP\NP)/S[dcl=true]"/>
    <span id="s0_sp6" child="s0_sp7 s0_sp8" category="S[dcl=true]" rule="ba"/>
    <span start="2" span="1" pos="PRP" chunk="I-NP" entity="O" id="s0_sp7" surf="s" base="s" terminal="t0_2" category="NP"/>
    <span id="s0_sp8" child="s0_sp9 s0_sp10" category="S[dcl=true]\NP" rule="fa"/>
    <span start="3" span="1" pos="VBP" chunk="I-VP" entity="O" id="s0_sp9" surf="=" base="=" terminal="t0_3" category="(S[dcl=true]\NP)/NP"/>
    <span id="s0_sp10" child="s0_sp11 s0_sp12" category="NP" rule="lp"/>
    <span start="4" span="1" pos="LQU" chunk="O" entity="O" id="s0_sp11" surf="``" base="``" terminal="t0_4" category="LQU"/>
    <span id="s0_sp12" child="s0_sp13" category="NP" rule="lex"/>
    <span start="5" span="1" pos="NN" chunk="I-NP" entity="O" id="s0_sp13" surf="luffy" base="luffy" terminal="t0_5" category="N"/>
    <span id="s0_sp14" child="s0_sp15 s0_sp18" category="S[dcl=true]\NP" rule="fa"/>
    <span id="s0_sp15" child="s0_sp16 s0_sp17" category="(S[dcl=true]\NP)/(S[adj=true]\NP)" rule="bx"/>
    <span start="6" span="1" pos="VBZ" chunk="I-VP" entity="O" id="s0_sp16" surf="is" base="be" terminal="t0_6" category="(S[dcl=true]\NP)/(S[adj=true]\NP)"/>
    <span start="7" span="1" pos="RB" chunk="I-ADJP" entity="O" id="s0_sp17" surf="still" base="still" terminal="t0_7" category="(S\NP)\(S\NP)"/>
    <span id="s0_sp18" child="s0_sp19 s0_sp20" category="S[adj=true]\NP" rule="rp"/>
    <span start="8" span="1" pos="JJ" chunk="I-ADJP" entity="O" id="s0_sp19" surf="joyboy" base="joyboy" terminal="t0_8" category="S[adj=true]\NP"/>
    <span start="9" span="1" pos="RQU" chunk="O" entity="O" id="s0_sp20" surf="''" base="''" terminal="t0_9" category="RQU"/>
  </ccg>
</sentence>

