ERROR:root:Failed to parse \x.((_ = {NN})(x) & _1{CD}(x)). Error: The function '(_ = {NN})' is not a Lambda Expression, an Application Expression, or a functional predicate, so it may not take arguments.
\x.((_ = {NN})(x) & _1{CD}(x))
             ^
ERROR:root:An error occurred: The function '(_ = {NN})' is not a Lambda Expression, an Application Expression, or a functional predicate, so it may not take arguments.
\x.((_ = {NN})(x) & _1{CD}(x))
             ^
Sentence: Explanation : The score is max ( nums ) - min ( nums ) = 1 - 1 = 0 .
Tree XML:
<sentence>
  <tokens>
    <token start="0" span="1" pos="NN" chunk="I-NP" entity="O" cat="N" id="t0_0" surf="Explanation" base="explanation"/>
    <token start="1" span="1" pos="IN" chunk="O" entity="O" cat="(NP\NP)/S[dcl]" id="t0_1" surf=":" base=":"/>
    <token start="2" span="1" pos="DT" chunk="I-NP" entity="O" cat="NP[nb]/N" id="t0_2" surf="The" base="the"/>
    <token start="3" span="1" pos="NN" chunk="I-NP" entity="O" cat="N" id="t0_3" surf="score" base="score"/>
    <token start="4" span="1" pos="VBZ" chunk="I-VP" entity="O" cat="(S[dcl]\NP)/NP" id="t0_4" surf="is" base="be"/>
    <token start="5" span="1" pos="NN" chunk="I-NP" entity="O" cat="N" id="t0_5" surf="max" base="max"/>
    <token start="6" span="1" pos="LRB" chunk="O" entity="O" cat="(NP\NP)/NP" id="t0_6" surf="(" base="("/>
    <token start="7" span="1" pos="NNS" chunk="I-NP" entity="O" cat="N" id="t0_7" surf="nums" base="num"/>
    <token start="8" span="1" pos="RRB" chunk="O" entity="O" cat="RRB" id="t0_8" surf=")" base=")"/>
    <token start="9" span="1" pos="IN" chunk="O" entity="O" cat="(NP\NP)/NP" id="t0_9" surf="-" base="-"/>
    <token start="10" span="1" pos="NN" chunk="I-NP" entity="O" cat="N" id="t0_10" surf="min" base="min"/>
    <token start="11" span="1" pos="LRB" chunk="O" entity="O" cat="(NP\NP)/NP" id="t0_11" surf="(" base="("/>
    <token start="12" span="1" pos="NNS" chunk="I-NP" entity="O" cat="N" id="t0_12" surf="nums" base="num"/>
    <token start="13" span="1" pos="RRB" chunk="O" entity="O" cat="RRB" id="t0_13" surf=")" base=")"/>
    <token start="14" span="1" pos="VBD" chunk="I-VP" entity="O" cat="(S[dcl]\NP)/NP" id="t0_14" surf="=" base="="/>
    <token start="15" span="1" pos="CD" chunk="I-NP" entity="I-TIM" cat="N/N" id="t0_15" surf="1" base="1"/>
    <token start="16" span="1" pos=":" chunk="I-NP" entity="I-TIM" cat=":" id="t0_16" surf="-" base="-"/>
    <token start="17" span="1" pos="CD" chunk="I-NP" entity="I-TIM" cat="N/N" id="t0_17" surf="1" base="1"/>
    <token start="18" span="1" pos="NN" chunk="I-NP" entity="I-TIM" cat="N" id="t0_18" surf="=" base="="/>
    <token start="19" span="1" pos="CD" chunk="I-NP" entity="I-TIM" cat="N\N" id="t0_19" surf="0" base="0"/>
    <token start="20" span="1" pos="." chunk="O" entity="O" cat="." id="t0_20" surf="." base="."/>
  </tokens>
  <ccg root="s0_sp0" id="s0_ccg0">
    <span root="true" id="s0_sp0" child="s0_sp1 s0_sp46" category="S[dcl=true]" rule="rp"/>
    <span id="s0_sp1" child="s0_sp2 s0_sp34" category="S[dcl=true]" rule="ba"/>
    <span id="s0_sp2" child="s0_sp3 s0_sp5" category="NP" rule="ba"/>
    <span id="s0_sp3" child="s0_sp4" category="NP" rule="lex"/>
    <span start="0" span="1" pos="NN" chunk="I-NP" entity="O" id="s0_sp4" surf="Explanation" base="explanation" terminal="t0_0" category="N"/>
    <span id="s0_sp5" child="s0_sp6 s0_sp7" category="NP\NP" rule="fa"/>
    <span start="1" span="1" pos="IN" chunk="O" entity="O" id="s0_sp6" surf=":" base=":" terminal="t0_1" category="(NP\NP)/S[dcl=true]"/>
    <span id="s0_sp7" child="s0_sp8 s0_sp11" category="S[dcl=true]" rule="ba"/>
    <span id="s0_sp8" child="s0_sp9 s0_sp10" category="NP[nb=true]" rule="fa"/>
    <span start="2" span="1" pos="DT" chunk="I-NP" entity="O" id="s0_sp9" surf="The" base="the" terminal="t0_2" category="NP[nb=true]/N"/>
    <span start="3" span="1" pos="NN" chunk="I-NP" entity="O" id="s0_sp10" surf="score" base="score" terminal="t0_3" category="N"/>
    <span id="s0_sp11" child="s0_sp12 s0_sp13" category="S[dcl=true]\NP" rule="fa"/>
    <span start="4" span="1" pos="VBZ" chunk="I-VP" entity="O" id="s0_sp12" surf="is" base="be" terminal="t0_4" category="(S[dcl=true]\NP)/NP"/>
    <span id="s0_sp13" child="s0_sp14 s0_sp23" category="NP" rule="ba"/>
    <span id="s0_sp14" child="s0_sp15 s0_sp17" category="NP" rule="ba"/>
    <span id="s0_sp15" child="s0_sp16" category="NP" rule="lex"/>
    <span start="5" span="1" pos="NN" chunk="I-NP" entity="O" id="s0_sp16" surf="max" base="max" terminal="t0_5" category="N"/>
    <span id="s0_sp17" child="s0_sp18 s0_sp22" category="NP\NP" rule="rp"/>
    <span id="s0_sp18" child="s0_sp19 s0_sp20" category="NP\NP" rule="fa"/>
    <span start="6" span="1" pos="LRB" chunk="O" entity="O" id="s0_sp19" surf="(" base="(" terminal="t0_6" category="(NP\NP)/NP"/>
    <span id="s0_sp20" child="s0_sp21" category="NP" rule="lex"/>
    <span start="7" span="1" pos="NNS" chunk="I-NP" entity="O" id="s0_sp21" surf="nums" base="num" terminal="t0_7" category="N"/>
    <span start="8" span="1" pos="RRB" chunk="O" entity="O" id="s0_sp22" surf=")" base=")" terminal="t0_8" category="RRB"/>
    <span id="s0_sp23" child="s0_sp24 s0_sp25" category="NP\NP" rule="fa"/>
    <span start="9" span="1" pos="IN" chunk="O" entity="O" id="s0_sp24" surf="-" base="-" terminal="t0_9" category="(NP\NP)/NP"/>
    <span id="s0_sp25" child="s0_sp26 s0_sp28" category="NP" rule="ba"/>
    <span id="s0_sp26" child="s0_sp27" category="NP" rule="lex"/>
    <span start="10" span="1" pos="NN" chunk="I-NP" entity="O" id="s0_sp27" surf="min" base="min" terminal="t0_10" category="N"/>
    <span id="s0_sp28" child="s0_sp29 s0_sp33" category="NP\NP" rule="rp"/>
    <span id="s0_sp29" child="s0_sp30 s0_sp31" category="NP\NP" rule="fa"/>
    <span start="11" span="1" pos="LRB" chunk="O" entity="O" id="s0_sp30" surf="(" base="(" terminal="t0_11" category="(NP\NP)/NP"/>
    <span id="s0_sp31" child="s0_sp32" category="NP" rule="lex"/>
    <span start="12" span="1" pos="NNS" chunk="I-NP" entity="O" id="s0_sp32" surf="nums" base="num" terminal="t0_12" category="N"/>
    <span start="13" span="1" pos="RRB" chunk="O" entity="O" id="s0_sp33" surf=")" base=")" terminal="t0_13" category="RRB"/>
    <span id="s0_sp34" child="s0_sp35 s0_sp36" category="S[dcl=true]\NP" rule="fa"/>
    <span start="14" span="1" pos="VBD" chunk="I-VP" entity="O" id="s0_sp35" surf="=" base="=" terminal="t0_14" category="(S[dcl=true]\NP)/NP"/>
    <span id="s0_sp36" child="s0_sp37" category="NP" rule="lex"/>
    <span id="s0_sp37" child="s0_sp38 s0_sp39" category="N" rule="fa"/>
    <span start="15" span="1" pos="CD" chunk="I-NP" entity="I-TIM" id="s0_sp38" surf="1" base="1" terminal="t0_15" category="N/N"/>
    <span id="s0_sp39" child="s0_sp40 s0_sp41" category="N" rule="lp"/>
    <span start="16" span="1" pos=":" chunk="I-NP" entity="I-TIM" id="s0_sp40" surf="-" base="-" terminal="t0_16" category=":"/>
    <span id="s0_sp41" child="s0_sp42 s0_sp45" category="N" rule="ba"/>
    <span id="s0_sp42" child="s0_sp43 s0_sp44" category="N" rule="fa"/>
    <span start="17" span="1" pos="CD" chunk="I-NP" entity="I-TIM" id="s0_sp43" surf="1" base="1" terminal="t0_17" category="N/N"/>
    <span start="18" span="1" pos="NN" chunk="I-NP" entity="I-TIM" id="s0_sp44" surf="=" base="=" terminal="t0_18" category="N"/>
    <span start="19" span="1" pos="CD" chunk="I-NP" entity="I-TIM" id="s0_sp45" surf="0" base="0" terminal="t0_19" category="N\N"/>
    <span start="20" span="1" pos="." chunk="O" entity="O" id="s0_sp46" surf="." base="." terminal="t0_20" category="."/>
  </ccg>
</sentence>

