ERROR:root:Failed to parse \x.((_ = {NN})(x) & _4{CD}(x)). Error: The function '(_ = {NN})' is not a Lambda Expression, an Application Expression, or a functional predicate, so it may not take arguments.
\x.((_ = {NN})(x) & _4{CD}(x))
             ^
ERROR:root:An error occurred: The function '(_ = {NN})' is not a Lambda Expression, an Application Expression, or a functional predicate, so it may not take arguments.
\x.((_ = {NN})(x) & _4{CD}(x))
             ^
Sentence: The score is max ( nums ) - min ( nums ) = 4 - 4 = 0 .
Tree XML:
<sentence>
  <tokens>
    <token start="0" span="1" pos="DT" chunk="I-NP" entity="O" cat="NP[nb]/N" id="t0_0" surf="The" base="the"/>
    <token start="1" span="1" pos="NN" chunk="I-NP" entity="O" cat="N" id="t0_1" surf="score" base="score"/>
    <token start="2" span="1" pos="VBZ" chunk="I-VP" entity="O" cat="(S[dcl]\NP)/NP" id="t0_2" surf="is" base="be"/>
    <token start="3" span="1" pos="NN" chunk="I-NP" entity="O" cat="N" id="t0_3" surf="max" base="max"/>
    <token start="4" span="1" pos="LRB" chunk="O" entity="O" cat="LRB" id="t0_4" surf="(" base="("/>
    <token start="5" span="1" pos="NNS" chunk="I-NP" entity="O" cat="N" id="t0_5" surf="nums" base="num"/>
    <token start="6" span="1" pos="RRB" chunk="O" entity="O" cat="RRB" id="t0_6" surf=")" base=")"/>
    <token start="7" span="1" pos="IN" chunk="O" entity="O" cat="(NP\NP)/NP" id="t0_7" surf="-" base="-"/>
    <token start="8" span="1" pos="NN" chunk="I-NP" entity="O" cat="N" id="t0_8" surf="min" base="min"/>
    <token start="9" span="1" pos="LRB" chunk="O" entity="O" cat="(NP\NP)/NP" id="t0_9" surf="(" base="("/>
    <token start="10" span="1" pos="NNS" chunk="I-NP" entity="O" cat="N" id="t0_10" surf="nums" base="num"/>
    <token start="11" span="1" pos="RRB" chunk="O" entity="O" cat="RRB" id="t0_11" surf=")" base=")"/>
    <token start="12" span="1" pos="VBD" chunk="I-VP" entity="O" cat="(S[dcl]\NP)/NP" id="t0_12" surf="=" base="="/>
    <token start="13" span="1" pos="CD" chunk="I-NP" entity="I-TIM" cat="N/N" id="t0_13" surf="4" base="4"/>
    <token start="14" span="1" pos=":" chunk="O" entity="I-TIM" cat=":" id="t0_14" surf="-" base="-"/>
    <token start="15" span="1" pos="CD" chunk="I-NP" entity="I-TIM" cat="N/N" id="t0_15" surf="4" base="4"/>
    <token start="16" span="1" pos="NN" chunk="I-NP" entity="I-TIM" cat="N" id="t0_16" surf="=" base="="/>
    <token start="17" span="1" pos="CD" chunk="I-NP" entity="I-TIM" cat="N\N" id="t0_17" surf="0" base="0"/>
    <token start="18" span="1" pos="." chunk="O" entity="O" cat="." id="t0_18" surf="." base="."/>
  </tokens>
  <ccg root="s0_sp0" id="s0_ccg0">
    <span root="true" id="s0_sp0" child="s0_sp1 s0_sp42" category="S[dcl=true]" rule="rp"/>
    <span id="s0_sp1" child="s0_sp2 s0_sp5" category="S[dcl=true]" rule="ba"/>
    <span id="s0_sp2" child="s0_sp3 s0_sp4" category="NP[nb=true]" rule="fa"/>
    <span start="0" span="1" pos="DT" chunk="I-NP" entity="O" id="s0_sp3" surf="The" base="the" terminal="t0_0" category="NP[nb=true]/N"/>
    <span start="1" span="1" pos="NN" chunk="I-NP" entity="O" id="s0_sp4" surf="score" base="score" terminal="t0_1" category="N"/>
    <span id="s0_sp5" child="s0_sp6 s0_sp7" category="S[dcl=true]\NP" rule="fa"/>
    <span start="2" span="1" pos="VBZ" chunk="I-VP" entity="O" id="s0_sp6" surf="is" base="be" terminal="t0_2" category="(S[dcl=true]\NP)/NP"/>
    <span id="s0_sp7" child="s0_sp8 s0_sp10" category="NP" rule="ba"/>
    <span id="s0_sp8" child="s0_sp9" category="NP" rule="lex"/>
    <span start="3" span="1" pos="NN" chunk="I-NP" entity="O" id="s0_sp9" surf="max" base="max" terminal="t0_3" category="N"/>
    <span id="s0_sp10" child="s0_sp11" category="NP\NP" rule="lex"/>
    <span id="s0_sp11" child="s0_sp12 s0_sp13" category="S[dcl=true]" rule="lp"/>
    <span start="4" span="1" pos="LRB" chunk="O" entity="O" id="s0_sp12" surf="(" base="(" terminal="t0_4" category="LRB"/>
    <span id="s0_sp13" child="s0_sp14 s0_sp30" category="S[dcl=true]" rule="ba"/>
    <span id="s0_sp14" child="s0_sp15 s0_sp19" category="NP" rule="ba"/>
    <span id="s0_sp15" child="s0_sp16 s0_sp18" category="NP" rule="rp"/>
    <span id="s0_sp16" child="s0_sp17" category="NP" rule="lex"/>
    <span start="5" span="1" pos="NNS" chunk="I-NP" entity="O" id="s0_sp17" surf="nums" base="num" terminal="t0_5" category="N"/>
    <span start="6" span="1" pos="RRB" chunk="O" entity="O" id="s0_sp18" surf=")" base=")" terminal="t0_6" category="RRB"/>
    <span id="s0_sp19" child="s0_sp20 s0_sp21" category="NP\NP" rule="fa"/>
    <span start="7" span="1" pos="IN" chunk="O" entity="O" id="s0_sp20" surf="-" base="-" terminal="t0_7" category="(NP\NP)/NP"/>
    <span id="s0_sp21" child="s0_sp22 s0_sp24" category="NP" rule="ba"/>
    <span id="s0_sp22" child="s0_sp23" category="NP" rule="lex"/>
    <span start="8" span="1" pos="NN" chunk="I-NP" entity="O" id="s0_sp23" surf="min" base="min" terminal="t0_8" category="N"/>
    <span id="s0_sp24" child="s0_sp25 s0_sp29" category="NP\NP" rule="rp"/>
    <span id="s0_sp25" child="s0_sp26 s0_sp27" category="NP\NP" rule="fa"/>
    <span start="9" span="1" pos="LRB" chunk="O" entity="O" id="s0_sp26" surf="(" base="(" terminal="t0_9" category="(NP\NP)/NP"/>
    <span id="s0_sp27" child="s0_sp28" category="NP" rule="lex"/>
    <span start="10" span="1" pos="NNS" chunk="I-NP" entity="O" id="s0_sp28" surf="nums" base="num" terminal="t0_10" category="N"/>
    <span start="11" span="1" pos="RRB" chunk="O" entity="O" id="s0_sp29" surf=")" base=")" terminal="t0_11" category="RRB"/>
    <span id="s0_sp30" child="s0_sp31 s0_sp32" category="S[dcl=true]\NP" rule="fa"/>
    <span start="12" span="1" pos="VBD" chunk="I-VP" entity="O" id="s0_sp31" surf="=" base="=" terminal="t0_12" category="(S[dcl=true]\NP)/NP"/>
    <span id="s0_sp32" child="s0_sp33" category="NP" rule="lex"/>
    <span id="s0_sp33" child="s0_sp34 s0_sp35" category="N" rule="fa"/>
    <span start="13" span="1" pos="CD" chunk="I-NP" entity="I-TIM" id="s0_sp34" surf="4" base="4" terminal="t0_13" category="N/N"/>
    <span id="s0_sp35" child="s0_sp36 s0_sp37" category="N" rule="lp"/>
    <span start="14" span="1" pos=":" chunk="O" entity="I-TIM" id="s0_sp36" surf="-" base="-" terminal="t0_14" category=":"/>
    <span id="s0_sp37" child="s0_sp38 s0_sp41" category="N" rule="ba"/>
    <span id="s0_sp38" child="s0_sp39 s0_sp40" category="N" rule="fa"/>
    <span start="15" span="1" pos="CD" chunk="I-NP" entity="I-TIM" id="s0_sp39" surf="4" base="4" terminal="t0_15" category="N/N"/>
    <span start="16" span="1" pos="NN" chunk="I-NP" entity="I-TIM" id="s0_sp40" surf="=" base="=" terminal="t0_16" category="N"/>
    <span start="17" span="1" pos="CD" chunk="I-NP" entity="I-TIM" id="s0_sp41" surf="0" base="0" terminal="t0_17" category="N\N"/>
    <span start="18" span="1" pos="." chunk="O" entity="O" id="s0_sp42" surf="." base="." terminal="t0_18" category="."/>
  </ccg>
</sentence>

