[04/24 17:42:14] [INFO   ] org.mutationtesting.major.plugin.MajorPluginTaskListener.<init>:
    Created MajorPluginTaskListener with options: [mml:../../major/mml/all.mml.bin]
[04/24 17:42:14] [INFO   ] org.mutationtesting.major.mutation.Mutator.initOperatorSymbols:
    Initializing operator symbols for opcode mapping
[04/24 17:42:14] [INFO   ] org.mutationtesting.major.mutation.Mutator.mutateTree:
    Mutating tree: Env[AttrContext[Scope[super, this]],outer=Env[AttrContext[Scope[g0001_0100.s0075_sort_colors.Solution]]]]
[04/24 17:42:14] [INFO   ] org.mutationtesting.major.mutation.Mutator.visitClassDef:
    CLASS: g0001_0100.s0075_sort_colors.Solution
[04/24 17:42:14] [INFO   ] org.mutationtesting.major.mutation.Mutator.visitMethodDef:
    METHOD: <init>([])null
[04/24 17:42:14] [INFO   ] org.mutationtesting.major.mutation.Mutator.visitMethodDef:
    METHOD: sortColors([int[] nums])void
[04/24 17:42:14] [INFO   ] org.mutationtesting.major.mutation.Mutator.nextMutant:
    Creating mutant 1
[04/24 17:42:14] [INFO   ] org.mutationtesting.major.mutation.Mutator.logMutant:
    Logging mutant 1: Solution.sortColors(line 12, col 27)
            mutation operator group:   ROR
            mutation operator:         <(int,int) |==> !=(int,int)
            original:                  i < nums.length 
            mutant:                    i != nums.length
[04/24 17:42:14] [INFO   ] org.mutationtesting.major.mutation.Mutator.nextMutant:
    Creating mutant 2
[04/24 17:42:14] [INFO   ] org.mutationtesting.major.mutation.Mutator.logMutant:
    Logging mutant 2: Solution.sortColors(line 12, col 27)
            mutation operator group:   ROR
            mutation operator:         <(int,int) |==> <=(int,int)
            original:                  i < nums.length 
            mutant:                    i <= nums.length
[04/24 17:42:14] [INFO   ] org.mutationtesting.major.mutation.Mutator.nextMutant:
    Creating mutant 3
[04/24 17:42:14] [INFO   ] org.mutationtesting.major.mutation.Mutator.logMutant:
    Logging mutant 3: Solution.sortColors(line 12, col 27)
            mutation operator group:   ROR
            mutation operator:         <(int,int) |==> FALSE(int,int)
            original:                  i < nums.length 
            mutant:                    false
[04/24 17:42:14] [INFO   ] org.mutationtesting.major.mutation.Mutator.nextMutant:
    Creating mutant 4
[04/24 17:42:14] [INFO   ] org.mutationtesting.major.mutation.Mutator.logMutant:
    Logging mutant 4: Solution.sortColors(line 13, col 25)
            mutation operator group:   ROR
            mutation operator:         ==(int,int) |==> <=(int,int)
            original:                  nums[i] == 0 
            mutant:                    nums[i] <= 0
[04/24 17:42:14] [INFO   ] org.mutationtesting.major.mutation.Mutator.nextMutant:
    Creating mutant 5
[04/24 17:42:14] [INFO   ] org.mutationtesting.major.mutation.Mutator.logMutant:
    Logging mutant 5: Solution.sortColors(line 13, col 25)
            mutation operator group:   ROR
            mutation operator:         ==(int,int) |==> >=(int,int)
            original:                  nums[i] == 0 
            mutant:                    nums[i] >= 0
[04/24 17:42:14] [INFO   ] org.mutationtesting.major.mutation.Mutator.nextMutant:
    Creating mutant 6
[04/24 17:42:14] [INFO   ] org.mutationtesting.major.mutation.Mutator.logMutant:
    Logging mutant 6: Solution.sortColors(line 13, col 25)
            mutation operator group:   ROR
            mutation operator:         ==(int,int) |==> FALSE(int,int)
            original:                  nums[i] == 0 
            mutant:                    false
[04/24 17:42:14] [INFO   ] org.mutationtesting.major.mutation.Mutator.nextMutant:
    Creating mutant 7
[04/24 17:42:14] [INFO   ] org.mutationtesting.major.mutation.Mutator.logMutantSTD:
    Logging mutantSTD 7: (STD) nums[zeroes++] = 0; -> <NO-OP>
[04/24 17:42:14] [INFO   ] org.mutationtesting.major.mutation.Mutator.nextMutant:
    Creating mutant 8
[04/24 17:42:14] [INFO   ] org.mutationtesting.major.mutation.Mutator.logMutant:
    Logging mutant 8: Solution.sortColors(line 15, col 32)
            mutation operator group:   ROR
            mutation operator:         ==(int,int) |==> <=(int,int)
            original:                  nums[i] == 1 
            mutant:                    nums[i] <= 1
[04/24 17:42:14] [INFO   ] org.mutationtesting.major.mutation.Mutator.nextMutant:
    Creating mutant 9
[04/24 17:42:14] [INFO   ] org.mutationtesting.major.mutation.Mutator.logMutant:
    Logging mutant 9: Solution.sortColors(line 15, col 32)
            mutation operator group:   ROR
            mutation operator:         ==(int,int) |==> >=(int,int)
            original:                  nums[i] == 1 
            mutant:                    nums[i] >= 1
[04/24 17:42:14] [INFO   ] org.mutationtesting.major.mutation.Mutator.nextMutant:
    Creating mutant 10
[04/24 17:42:14] [INFO   ] org.mutationtesting.major.mutation.Mutator.logMutant:
    Logging mutant 10: Solution.sortColors(line 15, col 32)
            mutation operator group:   ROR
            mutation operator:         ==(int,int) |==> FALSE(int,int)
            original:                  nums[i] == 1 
            mutant:                    false
[04/24 17:42:14] [INFO   ] org.mutationtesting.major.mutation.Mutator.nextMutant:
    Creating mutant 11
[04/24 17:42:14] [INFO   ] org.mutationtesting.major.mutation.Mutator.logMutantSTD:
    Logging mutantSTD 11: (STD) ones++; -> <NO-OP>
[04/24 17:42:14] [INFO   ] org.mutationtesting.major.mutation.Mutator.nextMutant:
    Creating mutant 12
[04/24 17:42:14] [INFO   ] org.mutationtesting.major.mutation.Mutator.logMutant:
    Logging mutant 12: Solution.sortColors(line 19, col 41)
            mutation operator group:   AOR
            mutation operator:         +(int,int) |==> %(int,int)
            original:                  zeroes + ones 
            mutant:                    zeroes % ones
[04/24 17:42:14] [INFO   ] org.mutationtesting.major.mutation.Mutator.nextMutant:
    Creating mutant 13
[04/24 17:42:14] [INFO   ] org.mutationtesting.major.mutation.Mutator.logMutant:
    Logging mutant 13: Solution.sortColors(line 19, col 41)
            mutation operator group:   AOR
            mutation operator:         +(int,int) |==> *(int,int)
            original:                  zeroes + ones 
            mutant:                    zeroes * ones
[04/24 17:42:14] [INFO   ] org.mutationtesting.major.mutation.Mutator.nextMutant:
    Creating mutant 14
[04/24 17:42:14] [INFO   ] org.mutationtesting.major.mutation.Mutator.logMutant:
    Logging mutant 14: Solution.sortColors(line 19, col 41)
            mutation operator group:   AOR
            mutation operator:         +(int,int) |==> -(int,int)
            original:                  zeroes + ones 
            mutant:                    zeroes - ones
[04/24 17:42:14] [INFO   ] org.mutationtesting.major.mutation.Mutator.nextMutant:
    Creating mutant 15
[04/24 17:42:14] [INFO   ] org.mutationtesting.major.mutation.Mutator.logMutant:
    Logging mutant 15: Solution.sortColors(line 19, col 41)
            mutation operator group:   AOR
            mutation operator:         +(int,int) |==> /(int,int)
            original:                  zeroes + ones 
            mutant:                    zeroes / ones
[04/24 17:42:14] [INFO   ] org.mutationtesting.major.mutation.Mutator.nextMutant:
    Creating mutant 16
[04/24 17:42:14] [INFO   ] org.mutationtesting.major.mutation.Mutator.logMutant:
    Logging mutant 16: Solution.sortColors(line 19, col 32)
            mutation operator group:   ROR
            mutation operator:         <(int,int) |==> !=(int,int)
            original:                  j < zeroes + ones 
            mutant:                    j != zeroes + ones
[04/24 17:42:14] [INFO   ] org.mutationtesting.major.mutation.Mutator.nextMutant:
    Creating mutant 17
[04/24 17:42:14] [INFO   ] org.mutationtesting.major.mutation.Mutator.logMutant:
    Logging mutant 17: Solution.sortColors(line 19, col 32)
            mutation operator group:   ROR
            mutation operator:         <(int,int) |==> <=(int,int)
            original:                  j < zeroes + ones 
            mutant:                    j <= zeroes + ones
[04/24 17:42:14] [INFO   ] org.mutationtesting.major.mutation.Mutator.nextMutant:
    Creating mutant 18
[04/24 17:42:14] [INFO   ] org.mutationtesting.major.mutation.Mutator.logMutant:
    Logging mutant 18: Solution.sortColors(line 19, col 32)
            mutation operator group:   ROR
            mutation operator:         <(int,int) |==> FALSE(int,int)
            original:                  j < zeroes + ones 
            mutant:                    false
[04/24 17:42:14] [INFO   ] org.mutationtesting.major.mutation.Mutator.nextMutant:
    Creating mutant 19
[04/24 17:42:14] [INFO   ] org.mutationtesting.major.mutation.Mutator.logMutantSTD:
    Logging mutantSTD 19: (STD) nums[j] = 1; -> <NO-OP>
[04/24 17:42:14] [INFO   ] org.mutationtesting.major.mutation.Mutator.nextMutant:
    Creating mutant 20
[04/24 17:42:14] [INFO   ] org.mutationtesting.major.mutation.Mutator.logMutant:
    Logging mutant 20: Solution.sortColors(line 22, col 29)
            mutation operator group:   AOR
            mutation operator:         +(int,int) |==> %(int,int)
            original:                  zeroes + ones 
            mutant:                    zeroes % ones
[04/24 17:42:14] [INFO   ] org.mutationtesting.major.mutation.Mutator.nextMutant:
    Creating mutant 21
[04/24 17:42:14] [INFO   ] org.mutationtesting.major.mutation.Mutator.logMutant:
    Logging mutant 21: Solution.sortColors(line 22, col 29)
            mutation operator group:   AOR
            mutation operator:         +(int,int) |==> *(int,int)
            original:                  zeroes + ones 
            mutant:                    zeroes * ones
[04/24 17:42:14] [INFO   ] org.mutationtesting.major.mutation.Mutator.nextMutant:
    Creating mutant 22
[04/24 17:42:14] [INFO   ] org.mutationtesting.major.mutation.Mutator.logMutant:
    Logging mutant 22: Solution.sortColors(line 22, col 29)
            mutation operator group:   AOR
            mutation operator:         +(int,int) |==> -(int,int)
            original:                  zeroes + ones 
            mutant:                    zeroes - ones
[04/24 17:42:14] [INFO   ] org.mutationtesting.major.mutation.Mutator.nextMutant:
    Creating mutant 23
[04/24 17:42:14] [INFO   ] org.mutationtesting.major.mutation.Mutator.logMutant:
    Logging mutant 23: Solution.sortColors(line 22, col 29)
            mutation operator group:   AOR
            mutation operator:         +(int,int) |==> /(int,int)
            original:                  zeroes + ones 
            mutant:                    zeroes / ones
[04/24 17:42:14] [INFO   ] org.mutationtesting.major.mutation.Mutator.nextMutant:
    Creating mutant 24
[04/24 17:42:14] [INFO   ] org.mutationtesting.major.mutation.Mutator.logMutant:
    Logging mutant 24: Solution.sortColors(line 22, col 39)
            mutation operator group:   ROR
            mutation operator:         <(int,int) |==> !=(int,int)
            original:                  k < nums.length 
            mutant:                    k != nums.length
[04/24 17:42:14] [INFO   ] org.mutationtesting.major.mutation.Mutator.nextMutant:
    Creating mutant 25
[04/24 17:42:14] [INFO   ] org.mutationtesting.major.mutation.Mutator.logMutant:
    Logging mutant 25: Solution.sortColors(line 22, col 39)
            mutation operator group:   ROR
            mutation operator:         <(int,int) |==> <=(int,int)
            original:                  k < nums.length 
            mutant:                    k <= nums.length
[04/24 17:42:14] [INFO   ] org.mutationtesting.major.mutation.Mutator.nextMutant:
    Creating mutant 26
[04/24 17:42:14] [INFO   ] org.mutationtesting.major.mutation.Mutator.logMutant:
    Logging mutant 26: Solution.sortColors(line 22, col 39)
            mutation operator group:   ROR
            mutation operator:         <(int,int) |==> FALSE(int,int)
            original:                  k < nums.length 
            mutant:                    false
[04/24 17:42:14] [INFO   ] org.mutationtesting.major.mutation.Mutator.nextMutant:
    Creating mutant 27
[04/24 17:42:14] [INFO   ] org.mutationtesting.major.mutation.Mutator.logMutantSTD:
    Logging mutantSTD 27: (STD) nums[k] = 2; -> <NO-OP>
[04/24 17:42:14] [INFO   ] org.mutationtesting.major.plugin.MajorPluginTaskListener.mutate:
    Generated 27 mutants (46 ms)
