1:ROR:<=(int,int):<(int,int):g0001_0100.s0026_remove_duplicates_from_sorted_array.Solution@removeDuplicates(int[]):12:n <= 1 |==> n < 1
2:ROR:<=(int,int):==(int,int):g0001_0100.s0026_remove_duplicates_from_sorted_array.Solution@removeDuplicates(int[]):12:n <= 1 |==> n == 1
3:ROR:<=(int,int):TRUE(int,int):g0001_0100.s0026_remove_duplicates_from_sorted_array.Solution@removeDuplicates(int[]):12:n <= 1 |==> true
4:STD:<RETURN>:<NO-OP>:g0001_0100.s0026_remove_duplicates_from_sorted_array.Solution@removeDuplicates(int[]):13:return n; |==> <NO-OP>
5:AOR:-(int,int):%(int,int):g0001_0100.s0026_remove_duplicates_from_sorted_array.Solution@removeDuplicates(int[]):15:n - 1 |==> n % 1
6:AOR:-(int,int):*(int,int):g0001_0100.s0026_remove_duplicates_from_sorted_array.Solution@removeDuplicates(int[]):15:n - 1 |==> n * 1
7:AOR:-(int,int):+(int,int):g0001_0100.s0026_remove_duplicates_from_sorted_array.Solution@removeDuplicates(int[]):15:n - 1 |==> n + 1
8:AOR:-(int,int):/(int,int):g0001_0100.s0026_remove_duplicates_from_sorted_array.Solution@removeDuplicates(int[]):15:n - 1 |==> n / 1
9:ROR:<=(int,int):<(int,int):g0001_0100.s0026_remove_duplicates_from_sorted_array.Solution@removeDuplicates(int[]):15:j <= n - 1 |==> j < n - 1
10:ROR:<=(int,int):==(int,int):g0001_0100.s0026_remove_duplicates_from_sorted_array.Solution@removeDuplicates(int[]):15:j <= n - 1 |==> j == n - 1
11:ROR:<=(int,int):TRUE(int,int):g0001_0100.s0026_remove_duplicates_from_sorted_array.Solution@removeDuplicates(int[]):15:j <= n - 1 |==> true
12:ROR:!=(int,int):<(int,int):g0001_0100.s0026_remove_duplicates_from_sorted_array.Solution@removeDuplicates(int[]):16:nums[i] != nums[j] |==> nums[i] < nums[j]
13:ROR:!=(int,int):>(int,int):g0001_0100.s0026_remove_duplicates_from_sorted_array.Solution@removeDuplicates(int[]):16:nums[i] != nums[j] |==> nums[i] > nums[j]
14:ROR:!=(int,int):TRUE(int,int):g0001_0100.s0026_remove_duplicates_from_sorted_array.Solution@removeDuplicates(int[]):16:nums[i] != nums[j] |==> true
15:AOR:+(int,int):%(int,int):g0001_0100.s0026_remove_duplicates_from_sorted_array.Solution@removeDuplicates(int[]):17:i + 1 |==> i % 1
16:AOR:+(int,int):*(int,int):g0001_0100.s0026_remove_duplicates_from_sorted_array.Solution@removeDuplicates(int[]):17:i + 1 |==> i * 1
17:AOR:+(int,int):-(int,int):g0001_0100.s0026_remove_duplicates_from_sorted_array.Solution@removeDuplicates(int[]):17:i + 1 |==> i - 1
18:AOR:+(int,int):/(int,int):g0001_0100.s0026_remove_duplicates_from_sorted_array.Solution@removeDuplicates(int[]):17:i + 1 |==> i / 1
19:STD:<ASSIGN>:<NO-OP>:g0001_0100.s0026_remove_duplicates_from_sorted_array.Solution@removeDuplicates(int[]):17:nums[i + 1] = nums[j]; |==> <NO-OP>
20:STD:<INC>:<NO-OP>:g0001_0100.s0026_remove_duplicates_from_sorted_array.Solution@removeDuplicates(int[]):18:i++; |==> <NO-OP>
21:STD:<INC>:<NO-OP>:g0001_0100.s0026_remove_duplicates_from_sorted_array.Solution@removeDuplicates(int[]):20:j++; |==> <NO-OP>
22:AOR:+(int,int):%(int,int):g0001_0100.s0026_remove_duplicates_from_sorted_array.Solution@removeDuplicates(int[]):22:i + 1 |==> i % 1
23:AOR:+(int,int):*(int,int):g0001_0100.s0026_remove_duplicates_from_sorted_array.Solution@removeDuplicates(int[]):22:i + 1 |==> i * 1
24:AOR:+(int,int):-(int,int):g0001_0100.s0026_remove_duplicates_from_sorted_array.Solution@removeDuplicates(int[]):22:i + 1 |==> i - 1
25:AOR:+(int,int):/(int,int):g0001_0100.s0026_remove_duplicates_from_sorted_array.Solution@removeDuplicates(int[]):22:i + 1 |==> i / 1
