ERROR:root:Failed to parse \F x.(F(x) & (_ = {NNP})(x)). Error: The function '(_ = {NNP})' is not a Lambda Expression, an Application Expression, or a functional predicate, so it may not take arguments.
\F x.(F(x) & (_ = {NNP})(x))
                       ^
ERROR:root:An error occurred: The function '(_ = {NNP})' is not a Lambda Expression, an Application Expression, or a functional predicate, so it may not take arguments.
\F x.(F(x) & (_ = {NNP})(x))
                       ^
Sentence: `|nums [ i ] - nums [ j ] | == k`
Tree XML:
<sentence>
  <tokens>
    <token start="0" span="1" pos="NNS" chunk="I-NP" entity="I-PER" cat="N" id="t0_0" surf="`|nums" base="`|nums"/>
    <token start="1" span="1" pos="VBP" chunk="I-VP" entity="I-PER" cat="(S[dcl]\NP)/S[dcl]" id="t0_1" surf="[" base="["/>
    <token start="2" span="1" pos="JJ" chunk="I-NP" entity="I-PER" cat="N/N" id="t0_2" surf="i" base="i"/>
    <token start="3" span="1" pos="SYM" chunk="I-NP" entity="I-PER" cat="N" id="t0_3" surf="]" base="]"/>
    <token start="4" span="1" pos=":" chunk="O" entity="I-PER" cat=":" id="t0_4" surf="-" base="-"/>
    <token start="5" span="1" pos="VBZ" chunk="I-VP" entity="I-PER" cat="(S[dcl]\NP)/NP" id="t0_5" surf="nums" base="num"/>
    <token start="6" span="1" pos="NNP" chunk="I-NP" entity="I-PER" cat="N/N" id="t0_6" surf="[" base="["/>
    <token start="7" span="1" pos="NNP" chunk="I-NP" entity="I-PER" cat="N/N" id="t0_7" surf="j" base="j"/>
    <token start="8" span="1" pos="NNP" chunk="I-NP" entity="I-PER" cat="N/N" id="t0_8" surf="]" base="]"/>
    <token start="9" span="1" pos="NNP" chunk="I-NP" entity="I-PER" cat="N/N" id="t0_9" surf="|" base="|"/>
    <token start="10" span="1" pos="NNP" chunk="I-NP" entity="I-PER" cat="N/N" id="t0_10" surf="==" base="=="/>
    <token start="11" span="1" pos="NNP" chunk="I-NP" entity="I-PER" cat="N" id="t0_11" surf="k`" base="k`"/>
  </tokens>
  <ccg root="s0_sp0" id="s0_ccg0">
    <span root="true" id="s0_sp0" child="s0_sp1 s0_sp3" category="S[dcl=true]" rule="ba"/>
    <span id="s0_sp1" child="s0_sp2" category="NP" rule="lex"/>
    <span start="0" span="1" pos="NNS" chunk="I-NP" entity="I-PER" id="s0_sp2" surf="`|nums" base="`|nums" terminal="t0_0" category="N"/>
    <span id="s0_sp3" child="s0_sp4 s0_sp5" category="S[dcl=true]\NP" rule="fa"/>
    <span start="1" span="1" pos="VBP" chunk="I-VP" entity="I-PER" id="s0_sp4" surf="[" base="[" terminal="t0_1" category="(S[dcl=true]\NP)/S[dcl=true]"/>
    <span id="s0_sp5" child="s0_sp6 s0_sp12" category="S[dcl=true]" rule="ba"/>
    <span id="s0_sp6" child="s0_sp7 s0_sp11" category="NP" rule="rp"/>
    <span id="s0_sp7" child="s0_sp8" category="NP" rule="lex"/>
    <span id="s0_sp8" child="s0_sp9 s0_sp10" category="N" rule="fa"/>
    <span start="2" span="1" pos="JJ" chunk="I-NP" entity="I-PER" id="s0_sp9" surf="i" base="i" terminal="t0_2" category="N/N"/>
    <span start="3" span="1" pos="SYM" chunk="I-NP" entity="I-PER" id="s0_sp10" surf="]" base="]" terminal="t0_3" category="N"/>
    <span start="4" span="1" pos=":" chunk="O" entity="I-PER" id="s0_sp11" surf="-" base="-" terminal="t0_4" category=":"/>
    <span id="s0_sp12" child="s0_sp13 s0_sp14" category="S[dcl=true]\NP" rule="fa"/>
    <span start="5" span="1" pos="VBZ" chunk="I-VP" entity="I-PER" id="s0_sp13" surf="nums" base="num" terminal="t0_5" category="(S[dcl=true]\NP)/NP"/>
    <span id="s0_sp14" child="s0_sp15" category="NP" rule="lex"/>
    <span id="s0_sp15" child="s0_sp16 s0_sp17" category="N" rule="fa"/>
    <span start="6" span="1" pos="NNP" chunk="I-NP" entity="I-PER" id="s0_sp16" surf="[" base="[" terminal="t0_6" category="N/N"/>
    <span id="s0_sp17" child="s0_sp18 s0_sp19" category="N" rule="fa"/>
    <span start="7" span="1" pos="NNP" chunk="I-NP" entity="I-PER" id="s0_sp18" surf="j" base="j" terminal="t0_7" category="N/N"/>
    <span id="s0_sp19" child="s0_sp20 s0_sp21" category="N" rule="fa"/>
    <span start="8" span="1" pos="NNP" chunk="I-NP" entity="I-PER" id="s0_sp20" surf="]" base="]" terminal="t0_8" category="N/N"/>
    <span id="s0_sp21" child="s0_sp22 s0_sp23" category="N" rule="fa"/>
    <span start="9" span="1" pos="NNP" chunk="I-NP" entity="I-PER" id="s0_sp22" surf="|" base="|" terminal="t0_9" category="N/N"/>
    <span id="s0_sp23" child="s0_sp24 s0_sp25" category="N" rule="fa"/>
    <span start="10" span="1" pos="NNP" chunk="I-NP" entity="I-PER" id="s0_sp24" surf="==" base="==" terminal="t0_10" category="N/N"/>
    <span start="11" span="1" pos="NNP" chunk="I-NP" entity="I-PER" id="s0_sp25" surf="k`" base="k`" terminal="t0_11" category="N"/>
  </ccg>
</sentence>

