[06/24 16:49:53] [INFO   ] org.mutationtesting.major.plugin.MajorPluginTaskListener.<init>:
    Created MajorPluginTaskListener with options: [mml:../../major/mml/all.mml.bin]
[06/24 16:49:54] [INFO   ] org.mutationtesting.major.mutation.Mutator.initOperatorSymbols:
    Initializing operator symbols for opcode mapping
[06/24 16:49:54] [INFO   ] org.mutationtesting.major.mutation.Mutator.mutateTree:
    Mutating tree: Env[AttrContext[Scope[super, this]],outer=Env[AttrContext[Scope[java.util.Collections, java.util.Arrays, g0201_0300.s0227_basic_calculator_ii.Solution]]]]
[06/24 16:49:54] [INFO   ] org.mutationtesting.major.mutation.Mutator.visitClassDef:
    CLASS: g0201_0300.s0227_basic_calculator_ii.Solution
[06/24 16:49:54] [INFO   ] org.mutationtesting.major.mutation.Mutator.visitMethodDef:
    METHOD: <init>([])null
[06/24 16:49:54] [INFO   ] org.mutationtesting.major.mutation.Mutator.visitMethodDef:
    METHOD: calculate([String s])int
[06/24 16:49:54] [INFO   ] org.mutationtesting.major.mutation.Mutator.nextMutant:
    Creating mutant 1
[06/24 16:49:54] [INFO   ] org.mutationtesting.major.mutation.Mutator.logMutant:
    Logging mutant 1: Solution.calculate(line 19, col 27)
            mutation operator group:   ROR
            mutation operator:         <(int,int) |==> !=(int,int)
            original:                  i < s.length() 
            mutant:                    i != s.length()
[06/24 16:49:54] [INFO   ] org.mutationtesting.major.mutation.Mutator.nextMutant:
    Creating mutant 2
[06/24 16:49:54] [INFO   ] org.mutationtesting.major.mutation.Mutator.logMutant:
    Logging mutant 2: Solution.calculate(line 19, col 27)
            mutation operator group:   ROR
            mutation operator:         <(int,int) |==> <=(int,int)
            original:                  i < s.length() 
            mutant:                    i <= s.length()
[06/24 16:49:54] [INFO   ] org.mutationtesting.major.mutation.Mutator.nextMutant:
    Creating mutant 3
[06/24 16:49:54] [INFO   ] org.mutationtesting.major.mutation.Mutator.logMutant:
    Logging mutant 3: Solution.calculate(line 19, col 27)
            mutation operator group:   ROR
            mutation operator:         <(int,int) |==> FALSE(int,int)
            original:                  i < s.length() 
            mutant:                    false
[06/24 16:49:54] [INFO   ] org.mutationtesting.major.mutation.Mutator.nextMutant:
    Creating mutant 4
[06/24 16:49:54] [INFO   ] org.mutationtesting.major.mutation.Mutator.nextMutant:
    Creating mutant 5
[06/24 16:49:54] [INFO   ] org.mutationtesting.major.mutation.Mutator.logMutant:
    Logging mutant 4: Solution.calculate(line 21, col 34)
            mutation operator group:   COR
            mutation operator:         <METHOD_INVOCATION(boolean)> |==> TRUE
            original:                  Character.isDigit(c) 
            mutant:                    false
[06/24 16:49:54] [INFO   ] org.mutationtesting.major.mutation.Mutator.logMutant:
    Logging mutant 5: Solution.calculate(line 21, col 34)
            mutation operator group:   COR
            mutation operator:         <METHOD_INVOCATION(boolean)> |==> FALSE
            original:                  Character.isDigit(c) 
            mutant:                    true
[06/24 16:49:54] [INFO   ] org.mutationtesting.major.mutation.Mutator.nextMutant:
    Creating mutant 6
[06/24 16:49:54] [INFO   ] org.mutationtesting.major.mutation.Mutator.logMutant:
    Logging mutant 6: Solution.calculate(line 22, col 27)
            mutation operator group:   AOR
            mutation operator:         *(int,int) |==> %(int,int)
            original:                  num * 10 
            mutant:                    num % 10
[06/24 16:49:54] [INFO   ] org.mutationtesting.major.mutation.Mutator.nextMutant:
    Creating mutant 7
[06/24 16:49:54] [INFO   ] org.mutationtesting.major.mutation.Mutator.logMutant:
    Logging mutant 7: Solution.calculate(line 22, col 27)
            mutation operator group:   AOR
            mutation operator:         *(int,int) |==> +(int,int)
            original:                  num * 10 
            mutant:                    num + 10
[06/24 16:49:54] [INFO   ] org.mutationtesting.major.mutation.Mutator.nextMutant:
    Creating mutant 8
[06/24 16:49:54] [INFO   ] org.mutationtesting.major.mutation.Mutator.logMutant:
    Logging mutant 8: Solution.calculate(line 22, col 27)
            mutation operator group:   AOR
            mutation operator:         *(int,int) |==> -(int,int)
            original:                  num * 10 
            mutant:                    num - 10
[06/24 16:49:54] [INFO   ] org.mutationtesting.major.mutation.Mutator.nextMutant:
    Creating mutant 9
[06/24 16:49:54] [INFO   ] org.mutationtesting.major.mutation.Mutator.logMutant:
    Logging mutant 9: Solution.calculate(line 22, col 27)
            mutation operator group:   AOR
            mutation operator:         *(int,int) |==> /(int,int)
            original:                  num * 10 
            mutant:                    num / 10
[06/24 16:49:54] [INFO   ] org.mutationtesting.major.mutation.Mutator.nextMutant:
    Creating mutant 10
[06/24 16:49:54] [INFO   ] org.mutationtesting.major.mutation.Mutator.logMutant:
    Logging mutant 10: Solution.calculate(line 22, col 32)
            mutation operator group:   AOR
            mutation operator:         +(int,int) |==> %(int,int)
            original:                  num * 10 + c 
            mutant:                    num * 10 % c
[06/24 16:49:54] [INFO   ] org.mutationtesting.major.mutation.Mutator.nextMutant:
    Creating mutant 11
[06/24 16:49:54] [INFO   ] org.mutationtesting.major.mutation.Mutator.logMutant:
    Logging mutant 11: Solution.calculate(line 22, col 32)
            mutation operator group:   AOR
            mutation operator:         +(int,int) |==> *(int,int)
            original:                  num * 10 + c 
            mutant:                    num * 10 * c
[06/24 16:49:54] [INFO   ] org.mutationtesting.major.mutation.Mutator.nextMutant:
    Creating mutant 12
[06/24 16:49:54] [INFO   ] org.mutationtesting.major.mutation.Mutator.logMutant:
    Logging mutant 12: Solution.calculate(line 22, col 32)
            mutation operator group:   AOR
            mutation operator:         +(int,int) |==> -(int,int)
            original:                  num * 10 + c 
            mutant:                    num * 10 - c
[06/24 16:49:54] [INFO   ] org.mutationtesting.major.mutation.Mutator.nextMutant:
    Creating mutant 13
[06/24 16:49:54] [INFO   ] org.mutationtesting.major.mutation.Mutator.logMutant:
    Logging mutant 13: Solution.calculate(line 22, col 32)
            mutation operator group:   AOR
            mutation operator:         +(int,int) |==> /(int,int)
            original:                  num * 10 + c 
            mutant:                    num * 10 / c
[06/24 16:49:54] [INFO   ] org.mutationtesting.major.mutation.Mutator.nextMutant:
    Creating mutant 14
[06/24 16:49:54] [INFO   ] org.mutationtesting.major.mutation.Mutator.logMutant:
    Logging mutant 14: Solution.calculate(line 22, col 36)
            mutation operator group:   AOR
            mutation operator:         -(int,int) |==> %(int,int)
            original:                  num * 10 + c - '0' 
            mutant:                    (num * 10 + c) % '0'
[06/24 16:49:54] [INFO   ] org.mutationtesting.major.mutation.Mutator.nextMutant:
    Creating mutant 15
[06/24 16:49:54] [INFO   ] org.mutationtesting.major.mutation.Mutator.logMutant:
    Logging mutant 15: Solution.calculate(line 22, col 36)
            mutation operator group:   AOR
            mutation operator:         -(int,int) |==> *(int,int)
            original:                  num * 10 + c - '0' 
            mutant:                    (num * 10 + c) * '0'
[06/24 16:49:54] [INFO   ] org.mutationtesting.major.mutation.Mutator.nextMutant:
    Creating mutant 16
[06/24 16:49:54] [INFO   ] org.mutationtesting.major.mutation.Mutator.logMutant:
    Logging mutant 16: Solution.calculate(line 22, col 36)
            mutation operator group:   AOR
            mutation operator:         -(int,int) |==> +(int,int)
            original:                  num * 10 + c - '0' 
            mutant:                    num * 10 + c + '0'
[06/24 16:49:54] [INFO   ] org.mutationtesting.major.mutation.Mutator.nextMutant:
    Creating mutant 17
[06/24 16:49:54] [INFO   ] org.mutationtesting.major.mutation.Mutator.logMutant:
    Logging mutant 17: Solution.calculate(line 22, col 36)
            mutation operator group:   AOR
            mutation operator:         -(int,int) |==> /(int,int)
            original:                  num * 10 + c - '0' 
            mutant:                    (num * 10 + c) / '0'
[06/24 16:49:54] [INFO   ] org.mutationtesting.major.mutation.Mutator.nextMutant:
    Creating mutant 18
[06/24 16:49:54] [INFO   ] org.mutationtesting.major.mutation.Mutator.logMutantSTD:
    Logging mutantSTD 18: (STD) num = num * 10 + c - '0'; -> <NO-OP>
[06/24 16:49:54] [INFO   ] org.mutationtesting.major.mutation.Mutator.nextMutant:
    Creating mutant 19
[06/24 16:49:54] [INFO   ] org.mutationtesting.major.mutation.Mutator.logMutant:
    Logging mutant 19: Solution.calculate(line 26, col 33)
            mutation operator group:   AOR
            mutation operator:         -(int,int) |==> %(int,int)
            original:                  s.length() - 1 
            mutant:                    s.length() % 1
[06/24 16:49:54] [INFO   ] org.mutationtesting.major.mutation.Mutator.nextMutant:
    Creating mutant 20
[06/24 16:49:54] [INFO   ] org.mutationtesting.major.mutation.Mutator.logMutant:
    Logging mutant 20: Solution.calculate(line 26, col 33)
            mutation operator group:   AOR
            mutation operator:         -(int,int) |==> *(int,int)
            original:                  s.length() - 1 
            mutant:                    s.length() * 1
[06/24 16:49:54] [INFO   ] org.mutationtesting.major.mutation.Mutator.nextMutant:
    Creating mutant 21
[06/24 16:49:54] [INFO   ] org.mutationtesting.major.mutation.Mutator.logMutant:
    Logging mutant 21: Solution.calculate(line 26, col 33)
            mutation operator group:   AOR
            mutation operator:         -(int,int) |==> +(int,int)
            original:                  s.length() - 1 
            mutant:                    s.length() + 1
[06/24 16:49:54] [INFO   ] org.mutationtesting.major.mutation.Mutator.nextMutant:
    Creating mutant 22
[06/24 16:49:54] [INFO   ] org.mutationtesting.major.mutation.Mutator.logMutant:
    Logging mutant 22: Solution.calculate(line 26, col 33)
            mutation operator group:   AOR
            mutation operator:         -(int,int) |==> /(int,int)
            original:                  s.length() - 1 
            mutant:                    s.length() / 1
[06/24 16:49:54] [INFO   ] org.mutationtesting.major.mutation.Mutator.nextMutant:
    Creating mutant 23
[06/24 16:49:54] [INFO   ] org.mutationtesting.major.mutation.Mutator.logMutant:
    Logging mutant 23: Solution.calculate(line 26, col 19)
            mutation operator group:   ROR
            mutation operator:         ==(int,int) |==> <=(int,int)
            original:                  i == s.length() - 1 
            mutant:                    i <= s.length() - 1
[06/24 16:49:54] [INFO   ] org.mutationtesting.major.mutation.Mutator.nextMutant:
    Creating mutant 24
[06/24 16:49:54] [INFO   ] org.mutationtesting.major.mutation.Mutator.logMutant:
    Logging mutant 24: Solution.calculate(line 26, col 19)
            mutation operator group:   ROR
            mutation operator:         ==(int,int) |==> >=(int,int)
            original:                  i == s.length() - 1 
            mutant:                    i >= s.length() - 1
[06/24 16:49:54] [INFO   ] org.mutationtesting.major.mutation.Mutator.nextMutant:
    Creating mutant 25
[06/24 16:49:54] [INFO   ] org.mutationtesting.major.mutation.Mutator.logMutant:
    Logging mutant 25: Solution.calculate(line 26, col 19)
            mutation operator group:   ROR
            mutation operator:         ==(int,int) |==> FALSE(int,int)
            original:                  i == s.length() - 1 
            mutant:                    false
[06/24 16:49:54] [INFO   ] org.mutationtesting.major.mutation.Mutator.nextMutant:
    Creating mutant 26
[06/24 16:49:54] [INFO   ] org.mutationtesting.major.mutation.Mutator.logMutant:
    Logging mutant 26: Solution.calculate(line 26, col 67)
            mutation operator group:   ROR
            mutation operator:         !=(int,int) |==> <(int,int)
            original:                  c != ' ' 
            mutant:                    c < ' '
[06/24 16:49:54] [INFO   ] org.mutationtesting.major.mutation.Mutator.nextMutant:
    Creating mutant 27
[06/24 16:49:54] [INFO   ] org.mutationtesting.major.mutation.Mutator.logMutant:
    Logging mutant 27: Solution.calculate(line 26, col 67)
            mutation operator group:   ROR
            mutation operator:         !=(int,int) |==> >(int,int)
            original:                  c != ' ' 
            mutant:                    c > ' '
[06/24 16:49:54] [INFO   ] org.mutationtesting.major.mutation.Mutator.nextMutant:
    Creating mutant 28
[06/24 16:49:54] [INFO   ] org.mutationtesting.major.mutation.Mutator.logMutant:
    Logging mutant 28: Solution.calculate(line 26, col 67)
            mutation operator group:   ROR
            mutation operator:         !=(int,int) |==> TRUE(int,int)
            original:                  c != ' ' 
            mutant:                    true
[06/24 16:49:54] [INFO   ] org.mutationtesting.major.mutation.Mutator.nextMutant:
    Creating mutant 29
[06/24 16:49:54] [INFO   ] org.mutationtesting.major.mutation.Mutator.logMutant:
    Logging mutant 29: Solution.calculate(line 26, col 62)
            mutation operator group:   COR
            mutation operator:         &&(boolean,boolean) |==> ==(boolean,boolean)
            original:                  !Character.isDigit(c) && c != ' ' 
            mutant:                    !Character.isDigit(c) == (c != ' ')
[06/24 16:49:54] [INFO   ] org.mutationtesting.major.mutation.Mutator.nextMutant:
    Creating mutant 30
[06/24 16:49:54] [INFO   ] org.mutationtesting.major.mutation.Mutator.logMutant:
    Logging mutant 30: Solution.calculate(line 26, col 62)
            mutation operator group:   COR
            mutation operator:         &&(boolean,boolean) |==> FALSE(boolean,boolean)
            original:                  !Character.isDigit(c) && c != ' ' 
            mutant:                    false
[06/24 16:49:54] [INFO   ] org.mutationtesting.major.mutation.Mutator.nextMutant:
    Creating mutant 31
[06/24 16:49:54] [INFO   ] org.mutationtesting.major.mutation.Mutator.logMutant:
    Logging mutant 31: Solution.calculate(line 26, col 40)
            mutation operator group:   COR
            mutation operator:         &&(boolean,boolean) |==> LHS(boolean,boolean)
            original:                  !Character.isDigit(c) && c != ' ' 
            mutant:                    !Character.isDigit(c)
[06/24 16:49:54] [INFO   ] org.mutationtesting.major.mutation.Mutator.nextMutant:
    Creating mutant 32
[06/24 16:49:54] [INFO   ] org.mutationtesting.major.mutation.Mutator.logMutant:
    Logging mutant 32: Solution.calculate(line 26, col 67)
            mutation operator group:   COR
            mutation operator:         &&(boolean,boolean) |==> RHS(boolean,boolean)
            original:                  !Character.isDigit(c) && c != ' ' 
            mutant:                    c != ' '
[06/24 16:49:54] [INFO   ] org.mutationtesting.major.mutation.Mutator.nextMutant:
    Creating mutant 33
[06/24 16:49:54] [INFO   ] org.mutationtesting.major.mutation.Mutator.logMutant:
    Logging mutant 33: Solution.calculate(line 26, col 37)
            mutation operator group:   COR
            mutation operator:         ||(boolean,boolean) |==> !=(boolean,boolean)
            original:                  i == s.length() - 1 || !Character.isDigit(c) && c != ' ' 
            mutant:                    i == s.length() - 1 != (!Character.isDigit(c) && c != ' ')
[06/24 16:49:54] [INFO   ] org.mutationtesting.major.mutation.Mutator.nextMutant:
    Creating mutant 34
[06/24 16:49:54] [INFO   ] org.mutationtesting.major.mutation.Mutator.logMutant:
    Logging mutant 34: Solution.calculate(line 26, col 19)
            mutation operator group:   COR
            mutation operator:         ||(boolean,boolean) |==> LHS(boolean,boolean)
            original:                  i == s.length() - 1 || !Character.isDigit(c) && c != ' ' 
            mutant:                    i == s.length() - 1
[06/24 16:49:54] [INFO   ] org.mutationtesting.major.mutation.Mutator.nextMutant:
    Creating mutant 35
[06/24 16:49:54] [INFO   ] org.mutationtesting.major.mutation.Mutator.logMutant:
    Logging mutant 35: Solution.calculate(line 26, col 62)
            mutation operator group:   COR
            mutation operator:         ||(boolean,boolean) |==> RHS(boolean,boolean)
            original:                  i == s.length() - 1 || !Character.isDigit(c) && c != ' ' 
            mutant:                    !Character.isDigit(c) && c != ' '
[06/24 16:49:54] [INFO   ] org.mutationtesting.major.mutation.Mutator.nextMutant:
    Creating mutant 36
[06/24 16:49:54] [INFO   ] org.mutationtesting.major.mutation.Mutator.logMutant:
    Logging mutant 36: Solution.calculate(line 26, col 37)
            mutation operator group:   COR
            mutation operator:         ||(boolean,boolean) |==> TRUE(boolean,boolean)
            original:                  i == s.length() - 1 || !Character.isDigit(c) && c != ' ' 
            mutant:                    true
[06/24 16:49:54] [INFO   ] org.mutationtesting.major.mutation.Mutator.nextMutant:
    Creating mutant 37
[06/24 16:49:54] [INFO   ] org.mutationtesting.major.mutation.Mutator.logMutantSTD:
    Logging mutantSTD 37: (STD) sum += tempSum; -> <NO-OP>
[06/24 16:49:54] [INFO   ] org.mutationtesting.major.mutation.Mutator.nextMutant:
    Creating mutant 38
[06/24 16:49:54] [INFO   ] org.mutationtesting.major.mutation.Mutator.logMutantSTD:
    Logging mutantSTD 38: (STD) tempSum = num; -> <NO-OP>
[06/24 16:49:54] [INFO   ] org.mutationtesting.major.mutation.Mutator.nextMutant:
    Creating mutant 39
[06/24 16:49:54] [INFO   ] org.mutationtesting.major.mutation.Mutator.logMutantSTD:
    Logging mutantSTD 39: (STD) break; -> <NO-OP>
[06/24 16:49:54] [INFO   ] org.mutationtesting.major.mutation.Mutator.nextMutant:
    Creating mutant 40
[06/24 16:49:54] [INFO   ] org.mutationtesting.major.mutation.Mutator.logMutantSTD:
    Logging mutantSTD 40: (STD) sum += tempSum; -> <NO-OP>
[06/24 16:49:54] [INFO   ] org.mutationtesting.major.mutation.Mutator.nextMutant:
    Creating mutant 41
[06/24 16:49:54] [INFO   ] org.mutationtesting.major.mutation.Mutator.logMutant:
    Logging mutant 41: Solution.calculate(line 34, col 35)
            mutation operator group:   ORU
            mutation operator:         ---(int) |==> +++(int)
            original:                  -num 
            mutant:                    +num
[06/24 16:49:54] [INFO   ] org.mutationtesting.major.mutation.Mutator.nextMutant:
    Creating mutant 42
[06/24 16:49:54] [INFO   ] org.mutationtesting.major.mutation.Mutator.logMutant:
    Logging mutant 42: Solution.calculate(line 34, col 35)
            mutation operator group:   ORU
            mutation operator:         ---(int) |==> ~(int)
            original:                  -num 
            mutant:                    ~num
[06/24 16:49:54] [INFO   ] org.mutationtesting.major.mutation.Mutator.nextMutant:
    Creating mutant 43
[06/24 16:49:54] [INFO   ] org.mutationtesting.major.mutation.Mutator.logMutantSTD:
    Logging mutantSTD 43: (STD) tempSum = -num; -> <NO-OP>
[06/24 16:49:54] [INFO   ] org.mutationtesting.major.mutation.Mutator.nextMutant:
    Creating mutant 44
[06/24 16:49:54] [INFO   ] org.mutationtesting.major.mutation.Mutator.logMutantSTD:
    Logging mutantSTD 44: (STD) break; -> <NO-OP>
[06/24 16:49:54] [INFO   ] org.mutationtesting.major.mutation.Mutator.nextMutant:
    Creating mutant 45
[06/24 16:49:54] [INFO   ] org.mutationtesting.major.mutation.Mutator.logMutantSTD:
    Logging mutantSTD 45: (STD) tempSum *= num; -> <NO-OP>
[06/24 16:49:54] [INFO   ] org.mutationtesting.major.mutation.Mutator.nextMutant:
    Creating mutant 46
[06/24 16:49:54] [INFO   ] org.mutationtesting.major.mutation.Mutator.logMutantSTD:
    Logging mutantSTD 46: (STD) break; -> <NO-OP>
[06/24 16:49:54] [INFO   ] org.mutationtesting.major.mutation.Mutator.nextMutant:
    Creating mutant 47
[06/24 16:49:54] [INFO   ] org.mutationtesting.major.mutation.Mutator.logMutant:
    Logging mutant 47: Solution.calculate(line 40, col 33)
            mutation operator group:   ROR
            mutation operator:         !=(int,int) |==> <(int,int)
            original:                  num != 0 
            mutant:                    num < 0
[06/24 16:49:54] [INFO   ] org.mutationtesting.major.mutation.Mutator.nextMutant:
    Creating mutant 48
[06/24 16:49:54] [INFO   ] org.mutationtesting.major.mutation.Mutator.logMutant:
    Logging mutant 48: Solution.calculate(line 40, col 33)
            mutation operator group:   ROR
            mutation operator:         !=(int,int) |==> >(int,int)
            original:                  num != 0 
            mutant:                    num > 0
[06/24 16:49:54] [INFO   ] org.mutationtesting.major.mutation.Mutator.nextMutant:
    Creating mutant 49
[06/24 16:49:54] [INFO   ] org.mutationtesting.major.mutation.Mutator.logMutant:
    Logging mutant 49: Solution.calculate(line 40, col 33)
            mutation operator group:   ROR
            mutation operator:         !=(int,int) |==> TRUE(int,int)
            original:                  num != 0 
            mutant:                    true
[06/24 16:49:54] [INFO   ] org.mutationtesting.major.mutation.Mutator.nextMutant:
    Creating mutant 50
[06/24 16:49:54] [INFO   ] org.mutationtesting.major.mutation.Mutator.logMutantSTD:
    Logging mutantSTD 50: (STD) tempSum /= num; -> <NO-OP>
[06/24 16:49:54] [INFO   ] org.mutationtesting.major.mutation.Mutator.nextMutant:
    Creating mutant 51
[06/24 16:49:54] [INFO   ] org.mutationtesting.major.mutation.Mutator.logMutantSTD:
    Logging mutantSTD 51: (STD) break; -> <NO-OP>
[06/24 16:49:54] [INFO   ] org.mutationtesting.major.mutation.Mutator.nextMutant:
    Creating mutant 52
[06/24 16:49:54] [INFO   ] org.mutationtesting.major.mutation.Mutator.logMutantSTD:
    Logging mutantSTD 52: (STD) break; -> <NO-OP>
[06/24 16:49:54] [INFO   ] org.mutationtesting.major.mutation.Mutator.nextMutant:
    Creating mutant 53
[06/24 16:49:54] [INFO   ] org.mutationtesting.major.mutation.Mutator.logMutantSTD:
    Logging mutantSTD 53: (STD) lastSign = c; -> <NO-OP>
[06/24 16:49:54] [INFO   ] org.mutationtesting.major.mutation.Mutator.nextMutant:
    Creating mutant 54
[06/24 16:49:54] [INFO   ] org.mutationtesting.major.mutation.Mutator.logMutantSTD:
    Logging mutantSTD 54: (STD) num = 0; -> <NO-OP>
[06/24 16:49:54] [INFO   ] org.mutationtesting.major.mutation.Mutator.nextMutant:
    Creating mutant 55
[06/24 16:49:54] [INFO   ] org.mutationtesting.major.mutation.Mutator.logMutantSTD:
    Logging mutantSTD 55: (STD) sum += tempSum; -> <NO-OP>
[06/24 16:49:54] [INFO   ] org.mutationtesting.major.plugin.MajorPluginTaskListener.mutate:
    Generated 55 mutants (211 ms)
