[05/24 20:48:33] [INFO   ] org.mutationtesting.major.plugin.MajorPluginTaskListener.<init>:
    Created MajorPluginTaskListener with options: [mml:../../major/mml/all.mml.bin]
[05/24 20:48:33] [INFO   ] org.mutationtesting.major.mutation.Mutator.initOperatorSymbols:
    Initializing operator symbols for opcode mapping
[05/24 20:48:33] [INFO   ] org.mutationtesting.major.mutation.Mutator.mutateTree:
    Mutating tree: Env[AttrContext[Scope[super, this]],outer=Env[AttrContext[Scope[java.util.Collections, java.util.Arrays, g0201_0300.s0231_power_of_two.Solution]]]]
[05/24 20:48:33] [INFO   ] org.mutationtesting.major.mutation.Mutator.visitClassDef:
    CLASS: g0201_0300.s0231_power_of_two.Solution
[05/24 20:48:33] [INFO   ] org.mutationtesting.major.mutation.Mutator.visitMethodDef:
    METHOD: <init>([])null
[05/24 20:48:33] [INFO   ] org.mutationtesting.major.mutation.Mutator.visitMethodDef:
    METHOD: isPowerOfTwo([int n])boolean
[05/24 20:48:33] [INFO   ] org.mutationtesting.major.mutation.Mutator.nextMutant:
    Creating mutant 1
[05/24 20:48:33] [INFO   ] org.mutationtesting.major.mutation.Mutator.logMutant:
    Logging mutant 1: Solution.isPowerOfTwo(line 13, col 15)
            mutation operator group:   ROR
            mutation operator:         <=(int,int) |==> <(int,int)
            original:                  n <= 0 
            mutant:                    n < 0
[05/24 20:48:33] [INFO   ] org.mutationtesting.major.mutation.Mutator.nextMutant:
    Creating mutant 2
[05/24 20:48:33] [INFO   ] org.mutationtesting.major.mutation.Mutator.logMutant:
    Logging mutant 2: Solution.isPowerOfTwo(line 13, col 15)
            mutation operator group:   ROR
            mutation operator:         <=(int,int) |==> ==(int,int)
            original:                  n <= 0 
            mutant:                    n == 0
[05/24 20:48:33] [INFO   ] org.mutationtesting.major.mutation.Mutator.nextMutant:
    Creating mutant 3
[05/24 20:48:33] [INFO   ] org.mutationtesting.major.mutation.Mutator.logMutant:
    Logging mutant 3: Solution.isPowerOfTwo(line 13, col 15)
            mutation operator group:   ROR
            mutation operator:         <=(int,int) |==> TRUE(int,int)
            original:                  n <= 0 
            mutant:                    true
[05/24 20:48:33] [INFO   ] org.mutationtesting.major.mutation.Mutator.nextMutant:
    Creating mutant 4
[05/24 20:48:33] [INFO   ] org.mutationtesting.major.mutation.Mutator.logMutantSTD:
    Logging mutantSTD 4: (STD) return false; -> <NO-OP>
[05/24 20:48:33] [INFO   ] org.mutationtesting.major.mutation.Mutator.nextMutant:
    Creating mutant 5
[05/24 20:48:33] [INFO   ] org.mutationtesting.major.mutation.Mutator.logMutant:
    Logging mutant 5: Solution.isPowerOfTwo(line 17, col 19)
            mutation operator group:   ROR
            mutation operator:         ==(int,int) |==> <=(int,int)
            original:                  n == 1 
            mutant:                    n <= 1
[05/24 20:48:33] [INFO   ] org.mutationtesting.major.mutation.Mutator.nextMutant:
    Creating mutant 6
[05/24 20:48:33] [INFO   ] org.mutationtesting.major.mutation.Mutator.logMutant:
    Logging mutant 6: Solution.isPowerOfTwo(line 17, col 19)
            mutation operator group:   ROR
            mutation operator:         ==(int,int) |==> >=(int,int)
            original:                  n == 1 
            mutant:                    n >= 1
[05/24 20:48:33] [INFO   ] org.mutationtesting.major.mutation.Mutator.nextMutant:
    Creating mutant 7
[05/24 20:48:33] [INFO   ] org.mutationtesting.major.mutation.Mutator.logMutant:
    Logging mutant 7: Solution.isPowerOfTwo(line 17, col 19)
            mutation operator group:   ROR
            mutation operator:         ==(int,int) |==> FALSE(int,int)
            original:                  n == 1 
            mutant:                    false
[05/24 20:48:33] [INFO   ] org.mutationtesting.major.mutation.Mutator.nextMutant:
    Creating mutant 8
[05/24 20:48:33] [INFO   ] org.mutationtesting.major.mutation.Mutator.logMutantSTD:
    Logging mutantSTD 8: (STD) return true; -> <NO-OP>
[05/24 20:48:33] [INFO   ] org.mutationtesting.major.mutation.Mutator.nextMutant:
    Creating mutant 9
[05/24 20:48:33] [INFO   ] org.mutationtesting.major.mutation.Mutator.logMutant:
    Logging mutant 9: Solution.isPowerOfTwo(line 20, col 19)
            mutation operator group:   AOR
            mutation operator:         %(int,int) |==> *(int,int)
            original:                  n % 2 
            mutant:                    n * 2
[05/24 20:48:33] [INFO   ] org.mutationtesting.major.mutation.Mutator.nextMutant:
    Creating mutant 10
[05/24 20:48:33] [INFO   ] org.mutationtesting.major.mutation.Mutator.logMutant:
    Logging mutant 10: Solution.isPowerOfTwo(line 20, col 19)
            mutation operator group:   AOR
            mutation operator:         %(int,int) |==> +(int,int)
            original:                  n % 2 
            mutant:                    n + 2
[05/24 20:48:33] [INFO   ] org.mutationtesting.major.mutation.Mutator.nextMutant:
    Creating mutant 11
[05/24 20:48:33] [INFO   ] org.mutationtesting.major.mutation.Mutator.logMutant:
    Logging mutant 11: Solution.isPowerOfTwo(line 20, col 19)
            mutation operator group:   AOR
            mutation operator:         %(int,int) |==> -(int,int)
            original:                  n % 2 
            mutant:                    n - 2
[05/24 20:48:33] [INFO   ] org.mutationtesting.major.mutation.Mutator.nextMutant:
    Creating mutant 12
[05/24 20:48:33] [INFO   ] org.mutationtesting.major.mutation.Mutator.logMutant:
    Logging mutant 12: Solution.isPowerOfTwo(line 20, col 19)
            mutation operator group:   AOR
            mutation operator:         %(int,int) |==> /(int,int)
            original:                  n % 2 
            mutant:                    n / 2
[05/24 20:48:33] [INFO   ] org.mutationtesting.major.mutation.Mutator.nextMutant:
    Creating mutant 13
[05/24 20:48:33] [INFO   ] org.mutationtesting.major.mutation.Mutator.logMutant:
    Logging mutant 13: Solution.isPowerOfTwo(line 20, col 23)
            mutation operator group:   ROR
            mutation operator:         ==(int,int) |==> <=(int,int)
            original:                  n % 2 == 1 
            mutant:                    n % 2 <= 1
[05/24 20:48:33] [INFO   ] org.mutationtesting.major.mutation.Mutator.nextMutant:
    Creating mutant 14
[05/24 20:48:33] [INFO   ] org.mutationtesting.major.mutation.Mutator.logMutant:
    Logging mutant 14: Solution.isPowerOfTwo(line 20, col 23)
            mutation operator group:   ROR
            mutation operator:         ==(int,int) |==> >=(int,int)
            original:                  n % 2 == 1 
            mutant:                    n % 2 >= 1
[05/24 20:48:33] [INFO   ] org.mutationtesting.major.mutation.Mutator.nextMutant:
    Creating mutant 15
[05/24 20:48:33] [INFO   ] org.mutationtesting.major.mutation.Mutator.logMutant:
    Logging mutant 15: Solution.isPowerOfTwo(line 20, col 23)
            mutation operator group:   ROR
            mutation operator:         ==(int,int) |==> FALSE(int,int)
            original:                  n % 2 == 1 
            mutant:                    false
[05/24 20:48:33] [INFO   ] org.mutationtesting.major.mutation.Mutator.nextMutant:
    Creating mutant 16
[05/24 20:48:33] [INFO   ] org.mutationtesting.major.mutation.Mutator.logMutantSTD:
    Logging mutantSTD 16: (STD) return false; -> <NO-OP>
[05/24 20:48:33] [INFO   ] org.mutationtesting.major.mutation.Mutator.nextMutant:
    Creating mutant 17
[05/24 20:48:33] [INFO   ] org.mutationtesting.major.mutation.Mutator.logMutantSTD:
    Logging mutantSTD 17: (STD) n /= 2; -> <NO-OP>
[05/24 20:48:33] [INFO   ] org.mutationtesting.major.plugin.MajorPluginTaskListener.mutate:
    Generated 17 mutants (69 ms)
