ERROR:root:Failed to parse \Q1 Q2 K.Q2(\x.TrueP,\x.Q1(\y.TrueP,\y.exists e.((_ = {VBP})(e) & (Subj(e) = x) & (Acc(e) = y) & K(e)))). Error: The function '(_ = {VBP})' is not a Lambda Expression, an Application Expression, or a functional predicate, so it may not take arguments.
\Q1 Q2 K.Q2(\x.TrueP,\x.Q1(\y.TrueP,\y.exists e.((_ = {VBP})(e) & (Subj(e) = x) & (Acc(e) = y) & K(e))))
                                                           ^
ERROR:root:An error occurred: The function '(_ = {VBP})' is not a Lambda Expression, an Application Expression, or a functional predicate, so it may not take arguments.
\Q1 Q2 K.Q2(\x.TrueP,\x.Q1(\y.TrueP,\y.exists e.((_ = {VBP})(e) & (Subj(e) = x) & (Acc(e) = y) & K(e))))
                                                           ^
Sentence: Input : candidates = [ 2 ] , target = 1
Tree XML:
<sentence>
  <tokens>
    <token start="0" span="1" pos="NNP" chunk="I-NP" entity="O" cat="N" id="t0_0" surf="Input" base="input"/>
    <token start="1" span="1" pos="IN" chunk="O" entity="O" cat="(NP\NP)/S[dcl]" id="t0_1" surf=":" base=":"/>
    <token start="2" span="1" pos="NNS" chunk="I-NP" entity="O" cat="N" id="t0_2" surf="candidates" base="candidate"/>
    <token start="3" span="1" pos="VBP" chunk="I-VP" entity="O" cat="(S[dcl]\NP)/NP" id="t0_3" surf="=" base="="/>
    <token start="4" span="1" pos="NN" chunk="I-NP" entity="O" cat="N/N" id="t0_4" surf="[" base="["/>
    <token start="5" span="1" pos="CD" chunk="I-NP" entity="O" cat="N/N" id="t0_5" surf="2" base="2"/>
    <token start="6" span="1" pos="NN" chunk="I-NP" entity="O" cat="N" id="t0_6" surf="]" base="]"/>
    <token start="7" span="1" pos="," chunk="O" entity="O" cat="," id="t0_7" surf="," base=","/>
    <token start="8" span="1" pos="NN" chunk="I-NP" entity="O" cat="N" id="t0_8" surf="target" base="target"/>
    <token start="9" span="1" pos="VBD" chunk="I-VP" entity="O" cat="S[dcl]\NP" id="t0_9" surf="=" base="="/>
    <token start="10" span="1" pos="CD" chunk="I-NP" entity="O" cat="(S\NP)\(S\NP)" id="t0_10" surf="1" base="1"/>
  </tokens>
  <ccg root="s0_sp0" id="s0_ccg0">
    <span root="true" id="s0_sp0" child="s0_sp1 s0_sp22" category="S[dcl=true]" rule="ba"/>
    <span id="s0_sp1" child="s0_sp2 s0_sp18" category="NP" rule="ba"/>
    <span id="s0_sp2" child="s0_sp3 s0_sp5" category="NP" rule="ba"/>
    <span id="s0_sp3" child="s0_sp4" category="NP" rule="lex"/>
    <span start="0" span="1" pos="NNP" chunk="I-NP" entity="O" id="s0_sp4" surf="Input" base="input" terminal="t0_0" category="N"/>
    <span id="s0_sp5" child="s0_sp6 s0_sp7" category="NP\NP" rule="fa"/>
    <span start="1" span="1" pos="IN" chunk="O" entity="O" id="s0_sp6" surf=":" base=":" terminal="t0_1" category="(NP\NP)/S[dcl=true]"/>
    <span id="s0_sp7" child="s0_sp8 s0_sp10" category="S[dcl=true]" rule="ba"/>
    <span id="s0_sp8" child="s0_sp9" category="NP" rule="lex"/>
    <span start="2" span="1" pos="NNS" chunk="I-NP" entity="O" id="s0_sp9" surf="candidates" base="candidate" terminal="t0_2" category="N"/>
    <span id="s0_sp10" child="s0_sp11 s0_sp12" category="S[dcl=true]\NP" rule="fa"/>
    <span start="3" span="1" pos="VBP" chunk="I-VP" entity="O" id="s0_sp11" surf="=" base="=" terminal="t0_3" category="(S[dcl=true]\NP)/NP"/>
    <span id="s0_sp12" child="s0_sp13" category="NP" rule="lex"/>
    <span id="s0_sp13" child="s0_sp14 s0_sp15" category="N" rule="fa"/>
    <span start="4" span="1" pos="NN" chunk="I-NP" entity="O" id="s0_sp14" surf="[" base="[" terminal="t0_4" category="N/N"/>
    <span id="s0_sp15" child="s0_sp16 s0_sp17" category="N" rule="fa"/>
    <span start="5" span="1" pos="CD" chunk="I-NP" entity="O" id="s0_sp16" surf="2" base="2" terminal="t0_5" category="N/N"/>
    <span start="6" span="1" pos="NN" chunk="I-NP" entity="O" id="s0_sp17" surf="]" base="]" terminal="t0_6" category="N"/>
    <span id="s0_sp18" child="s0_sp19 s0_sp20" category="NP\NP" rule="conj"/>
    <span start="7" span="1" pos="," chunk="O" entity="O" id="s0_sp19" surf="," base="," terminal="t0_7" category="=true,"/>
    <span id="s0_sp20" child="s0_sp21" category="NP" rule="lex"/>
    <span start="8" span="1" pos="NN" chunk="I-NP" entity="O" id="s0_sp21" surf="target" base="target" terminal="t0_8" category="N"/>
    <span id="s0_sp22" child="s0_sp23 s0_sp24" category="S[dcl=true]\NP" rule="ba"/>
    <span start="9" span="1" pos="VBD" chunk="I-VP" entity="O" id="s0_sp23" surf="=" base="=" terminal="t0_9" category="S[dcl=true]\NP"/>
    <span start="10" span="1" pos="CD" chunk="I-NP" entity="O" id="s0_sp24" surf="1" base="1" terminal="t0_10" category="(S\NP)\(S\NP)"/>
  </ccg>
</sentence>

