ERROR:root:Failed to parse \F x.(F(x) & (_ = {FW})(x)). Error: The function '(_ = {FW})' is not a Lambda Expression, an Application Expression, or a functional predicate, so it may not take arguments.
\F x.(F(x) & (_ = {FW})(x))
                      ^
ERROR:root:An error occurred: The function '(_ = {FW})' is not a Lambda Expression, an Application Expression, or a functional predicate, so it may not take arguments.
\F x.(F(x) & (_ = {FW})(x))
                      ^
Sentence: `0` : The number I picked is equal to your guess ( i.e. `pick == num` ) .
Tree XML:
<sentence>
  <tokens>
    <token start="0" span="1" pos="NN" chunk="I-NP" entity="O" cat="N" id="t0_0" surf="`0`" base="`0`"/>
    <token start="1" span="1" pos="IN" chunk="O" entity="O" cat="(NP\NP)/NP" id="t0_1" surf=":" base=":"/>
    <token start="2" span="1" pos="DT" chunk="I-NP" entity="O" cat="NP[nb]/N" id="t0_2" surf="The" base="the"/>
    <token start="3" span="1" pos="NN" chunk="I-NP" entity="O" cat="N" id="t0_3" surf="number" base="number"/>
    <token start="4" span="1" pos="PRP" chunk="B-NP" entity="O" cat="NP" id="t0_4" surf="I" base="i"/>
    <token start="5" span="1" pos="VBD" chunk="I-VP" entity="O" cat="(S[dcl]\NP)/NP" id="t0_5" surf="picked" base="pick"/>
    <token start="6" span="1" pos="VBZ" chunk="B-VP" entity="O" cat="(S[dcl]\NP)/(S[adj]\NP)" id="t0_6" surf="is" base="be"/>
    <token start="7" span="1" pos="JJ" chunk="I-ADJP" entity="O" cat="(S[adj]\NP)/PP" id="t0_7" surf="equal" base="equal"/>
    <token start="8" span="1" pos="TO" chunk="I-PP" entity="O" cat="PP/NP" id="t0_8" surf="to" base="to"/>
    <token start="9" span="1" pos="PRP$" chunk="I-NP" entity="O" cat="NP[nb]/N" id="t0_9" surf="your" base="your"/>
    <token start="10" span="1" pos="NN" chunk="I-NP" entity="O" cat="N" id="t0_10" surf="guess" base="guess"/>
    <token start="11" span="1" pos="LRB" chunk="O" entity="O" cat="(NP\NP)/NP" id="t0_11" surf="(" base="("/>
    <token start="12" span="1" pos="FW" chunk="I-NP" entity="O" cat="N" id="t0_12" surf="i.e." base="i.e."/>
    <token start="13" span="1" pos="FW" chunk="I-NP" entity="O" cat="N\N" id="t0_13" surf="`pick" base="`pick"/>
    <token start="14" span="1" pos="FW" chunk="I-NP" entity="O" cat="N\N" id="t0_14" surf="==" base="=="/>
    <token start="15" span="1" pos="NN" chunk="I-NP" entity="O" cat="N\N" id="t0_15" surf="num`" base="num`"/>
    <token start="16" span="1" pos="RRB" chunk="O" entity="O" cat="RRB" id="t0_16" surf=")" base=")"/>
    <token start="17" span="1" pos="." chunk="O" entity="O" cat="." id="t0_17" surf="." base="."/>
  </tokens>
  <ccg root="s0_sp0" id="s0_ccg0">
    <span root="true" id="s0_sp0" child="s0_sp1 s0_sp38" category="S[dcl=true]" rule="rp"/>
    <span id="s0_sp1" child="s0_sp2 s0_sp16" category="S[dcl=true]" rule="ba"/>
    <span id="s0_sp2" child="s0_sp3 s0_sp5" category="NP" rule="ba"/>
    <span id="s0_sp3" child="s0_sp4" category="NP" rule="lex"/>
    <span start="0" span="1" pos="NN" chunk="I-NP" entity="O" id="s0_sp4" surf="`0`" base="`0`" terminal="t0_0" category="N"/>
    <span id="s0_sp5" child="s0_sp6 s0_sp7" category="NP\NP" rule="fa"/>
    <span start="1" span="1" pos="IN" chunk="O" entity="O" id="s0_sp6" surf=":" base=":" terminal="t0_1" category="(NP\NP)/NP"/>
    <span id="s0_sp7" child="s0_sp8 s0_sp11" category="NP" rule="ba"/>
    <span id="s0_sp8" child="s0_sp9 s0_sp10" category="NP[nb=true]" rule="fa"/>
    <span start="2" span="1" pos="DT" chunk="I-NP" entity="O" id="s0_sp9" surf="The" base="the" terminal="t0_2" category="NP[nb=true]/N"/>
    <span start="3" span="1" pos="NN" chunk="I-NP" entity="O" id="s0_sp10" surf="number" base="number" terminal="t0_3" category="N"/>
    <span id="s0_sp11" child="s0_sp12" category="NP\NP" rule="lex"/>
    <span id="s0_sp12" child="s0_sp13 s0_sp15" category="S[dcl=true]/NP" rule="fc"/>
    <span id="s0_sp13" child="s0_sp14" category="S[X=true]/(S[X=true]\NP)" rule="tr"/>
    <span start="4" span="1" pos="PRP" chunk="B-NP" entity="O" id="s0_sp14" surf="I" base="i" terminal="t0_4" category="NP"/>
    <span start="5" span="1" pos="VBD" chunk="I-VP" entity="O" id="s0_sp15" surf="picked" base="pick" terminal="t0_5" category="(S[dcl=true]\NP)/NP"/>
    <span id="s0_sp16" child="s0_sp17 s0_sp18" category="S[dcl=true]\NP" rule="fa"/>
    <span start="6" span="1" pos="VBZ" chunk="B-VP" entity="O" id="s0_sp17" surf="is" base="be" terminal="t0_6" category="(S[dcl=true]\NP)/(S[adj=true]\NP)"/>
    <span id="s0_sp18" child="s0_sp19 s0_sp20" category="S[adj=true]\NP" rule="fa"/>
    <span start="7" span="1" pos="JJ" chunk="I-ADJP" entity="O" id="s0_sp19" surf="equal" base="equal" terminal="t0_7" category="(S[adj=true]\NP)/PP"/>
    <span id="s0_sp20" child="s0_sp21 s0_sp22" category="PP" rule="fa"/>
    <span start="8" span="1" pos="TO" chunk="I-PP" entity="O" id="s0_sp21" surf="to" base="to" terminal="t0_8" category="PP/NP"/>
    <span id="s0_sp22" child="s0_sp23 s0_sp26" category="NP" rule="ba"/>
    <span id="s0_sp23" child="s0_sp24 s0_sp25" category="NP[nb=true]" rule="fa"/>
    <span start="9" span="1" pos="PRP$" chunk="I-NP" entity="O" id="s0_sp24" surf="your" base="your" terminal="t0_9" category="NP[nb=true]/N"/>
    <span start="10" span="1" pos="NN" chunk="I-NP" entity="O" id="s0_sp25" surf="guess" base="guess" terminal="t0_10" category="N"/>
    <span id="s0_sp26" child="s0_sp27 s0_sp37" category="NP\NP" rule="rp"/>
    <span id="s0_sp27" child="s0_sp28 s0_sp29" category="NP\NP" rule="fa"/>
    <span start="11" span="1" pos="LRB" chunk="O" entity="O" id="s0_sp28" surf="(" base="(" terminal="t0_11" category="(NP\NP)/NP"/>
    <span id="s0_sp29" child="s0_sp30" category="NP" rule="lex"/>
    <span id="s0_sp30" child="s0_sp31 s0_sp36" category="N" rule="ba"/>
    <span id="s0_sp31" child="s0_sp32 s0_sp35" category="N" rule="ba"/>
    <span id="s0_sp32" child="s0_sp33 s0_sp34" category="N" rule="ba"/>
    <span start="12" span="1" pos="FW" chunk="I-NP" entity="O" id="s0_sp33" surf="i.e." base="i.e." terminal="t0_12" category="N"/>
    <span start="13" span="1" pos="FW" chunk="I-NP" entity="O" id="s0_sp34" surf="`pick" base="`pick" terminal="t0_13" category="N\N"/>
    <span start="14" span="1" pos="FW" chunk="I-NP" entity="O" id="s0_sp35" surf="==" base="==" terminal="t0_14" category="N\N"/>
    <span start="15" span="1" pos="NN" chunk="I-NP" entity="O" id="s0_sp36" surf="num`" base="num`" terminal="t0_15" category="N\N"/>
    <span start="16" span="1" pos="RRB" chunk="O" entity="O" id="s0_sp37" surf=")" base=")" terminal="t0_16" category="RRB"/>
    <span start="17" span="1" pos="." chunk="O" entity="O" id="s0_sp38" surf="." base="." terminal="t0_17" category="."/>
  </ccg>
</sentence>

