ERROR:root:Failed to parse \x.exists e.(_<{JJ}(e) & (Subj(e) = x) & (_ = {NNS})(x)). Error: The function '(_ = {NNS})' is not a Lambda Expression, an Application Expression, or a functional predicate, so it may not take arguments.
\x.exists e.(_<{JJ}(e) & (Subj(e) = x) & (_ = {NNS})(x))
                                                   ^
ERROR:root:An error occurred: The function '(_ = {NNS})' is not a Lambda Expression, an Application Expression, or a functional predicate, so it may not take arguments.
\x.exists e.(_<{JJ}(e) & (Subj(e) = x) & (_ = {NNS})(x))
                                                   ^
Sentence: `1 < = pick < = n`
Tree XML:
<sentence>
  <tokens>
    <token start="0" span="1" pos="CD" chunk="I-NP" entity="O" cat="N/N" id="t0_0" surf="`1" base="`1"/>
    <token start="1" span="1" pos="JJ" chunk="I-NP" entity="O" cat="N/N" id="t0_1" surf="&lt;" base="&lt;"/>
    <token start="2" span="1" pos="NNS" chunk="I-NP" entity="O" cat="N" id="t0_2" surf="=" base="="/>
    <token start="3" span="1" pos="VBP" chunk="I-VP" entity="O" cat="(S[dcl]\NP)/NP" id="t0_3" surf="pick" base="pick"/>
    <token start="4" span="1" pos="JJ" chunk="I-NP" entity="O" cat="N/N" id="t0_4" surf="&lt;" base="&lt;"/>
    <token start="5" span="1" pos="NN" chunk="I-NP" entity="O" cat="N/N" id="t0_5" surf="=" base="="/>
    <token start="6" span="1" pos="NN" chunk="I-NP" entity="O" cat="N" id="t0_6" surf="n`" base="n`"/>
  </tokens>
  <ccg root="s0_sp0" id="s0_ccg0">
    <span root="true" id="s0_sp0" child="s0_sp1 s0_sp7" category="S[dcl=true]" rule="ba"/>
    <span id="s0_sp1" child="s0_sp2" category="NP" rule="lex"/>
    <span id="s0_sp2" child="s0_sp3 s0_sp4" category="N" rule="fa"/>
    <span start="0" span="1" pos="CD" chunk="I-NP" entity="O" id="s0_sp3" surf="`1" base="`1" terminal="t0_0" category="N/N"/>
    <span id="s0_sp4" child="s0_sp5 s0_sp6" category="N" rule="fa"/>
    <span start="1" span="1" pos="JJ" chunk="I-NP" entity="O" id="s0_sp5" surf="&lt;" base="&lt;" terminal="t0_1" category="N/N"/>
    <span start="2" span="1" pos="NNS" chunk="I-NP" entity="O" id="s0_sp6" surf="=" base="=" terminal="t0_2" category="N"/>
    <span id="s0_sp7" child="s0_sp8 s0_sp9" category="S[dcl=true]\NP" rule="fa"/>
    <span start="3" span="1" pos="VBP" chunk="I-VP" entity="O" id="s0_sp8" surf="pick" base="pick" terminal="t0_3" category="(S[dcl=true]\NP)/NP"/>
    <span id="s0_sp9" child="s0_sp10" category="NP" rule="lex"/>
    <span id="s0_sp10" child="s0_sp11 s0_sp12" category="N" rule="fa"/>
    <span start="4" span="1" pos="JJ" chunk="I-NP" entity="O" id="s0_sp11" surf="&lt;" base="&lt;" terminal="t0_4" category="N/N"/>
    <span id="s0_sp12" child="s0_sp13 s0_sp14" category="N" rule="fa"/>
    <span start="5" span="1" pos="NN" chunk="I-NP" entity="O" id="s0_sp13" surf="=" base="=" terminal="t0_5" category="N/N"/>
    <span start="6" span="1" pos="NN" chunk="I-NP" entity="O" id="s0_sp14" surf="n`" base="n`" terminal="t0_6" category="N"/>
  </ccg>
</sentence>

