1:ROR:>(int,int):!=(int,int):g0001_0100.s0077_combinations.Solution@combine(int,int):17:n > 20 |==> n != 20
2:ROR:>(int,int):>=(int,int):g0001_0100.s0077_combinations.Solution@combine(int,int):17:n > 20 |==> n >= 20
3:ROR:>(int,int):FALSE(int,int):g0001_0100.s0077_combinations.Solution@combine(int,int):17:n > 20 |==> false
4:ROR:<(int,int):!=(int,int):g0001_0100.s0077_combinations.Solution@combine(int,int):17:k < 1 |==> k != 1
5:ROR:<(int,int):<=(int,int):g0001_0100.s0077_combinations.Solution@combine(int,int):17:k < 1 |==> k <= 1
6:ROR:<(int,int):FALSE(int,int):g0001_0100.s0077_combinations.Solution@combine(int,int):17:k < 1 |==> false
7:COR:||(boolean,boolean):!=(boolean,boolean):g0001_0100.s0077_combinations.Solution@combine(int,int):17:n > 20 || k < 1 |==> n > 20 != k < 1
8:COR:||(boolean,boolean):LHS(boolean,boolean):g0001_0100.s0077_combinations.Solution@combine(int,int):17:n > 20 || k < 1 |==> n > 20
9:COR:||(boolean,boolean):RHS(boolean,boolean):g0001_0100.s0077_combinations.Solution@combine(int,int):17:n > 20 || k < 1 |==> k < 1
10:COR:||(boolean,boolean):TRUE(boolean,boolean):g0001_0100.s0077_combinations.Solution@combine(int,int):17:n > 20 || k < 1 |==> true
11:ROR:>(int,int):!=(int,int):g0001_0100.s0077_combinations.Solution@combine(int,int):17:k > n |==> k != n
12:ROR:>(int,int):>=(int,int):g0001_0100.s0077_combinations.Solution@combine(int,int):17:k > n |==> k >= n
13:ROR:>(int,int):FALSE(int,int):g0001_0100.s0077_combinations.Solution@combine(int,int):17:k > n |==> false
14:COR:||(boolean,boolean):!=(boolean,boolean):g0001_0100.s0077_combinations.Solution@combine(int,int):17:n > 20 || k < 1 || k > n |==> (n > 20 || k < 1) != k > n
15:COR:||(boolean,boolean):LHS(boolean,boolean):g0001_0100.s0077_combinations.Solution@combine(int,int):17:n > 20 || k < 1 || k > n |==> n > 20 || k < 1
16:COR:||(boolean,boolean):RHS(boolean,boolean):g0001_0100.s0077_combinations.Solution@combine(int,int):17:n > 20 || k < 1 || k > n |==> k > n
17:COR:||(boolean,boolean):TRUE(boolean,boolean):g0001_0100.s0077_combinations.Solution@combine(int,int):17:n > 20 || k < 1 || k > n |==> true
18:STD:<RETURN>:<NO-OP>:g0001_0100.s0077_combinations.Solution@combine(int,int):18:return ans; |==> <NO-OP>
19:STD:<CALL>:<NO-OP>:g0001_0100.s0077_combinations.Solution@combine(int,int):20:backtrack(ans, n, k, 1, new ArrayDeque<>()); |==> <NO-OP>
20:ROR:==(int,int):<=(int,int):g0001_0100.s0077_combinations.Solution@backtrack(java.util.List<java.util.List<java.lang.Integer>>,int,int,int,java.util.ArrayDeque<java.lang.Integer>):28:k == 0 |==> k <= 0
21:ROR:==(int,int):>=(int,int):g0001_0100.s0077_combinations.Solution@backtrack(java.util.List<java.util.List<java.lang.Integer>>,int,int,int,java.util.ArrayDeque<java.lang.Integer>):28:k == 0 |==> k >= 0
22:ROR:==(int,int):FALSE(int,int):g0001_0100.s0077_combinations.Solution@backtrack(java.util.List<java.util.List<java.lang.Integer>>,int,int,int,java.util.ArrayDeque<java.lang.Integer>):28:k == 0 |==> false
23:STD:<CALL>:<NO-OP>:g0001_0100.s0077_combinations.Solution@backtrack(java.util.List<java.util.List<java.lang.Integer>>,int,int,int,java.util.ArrayDeque<java.lang.Integer>):29:ans.add(new ArrayList<>(stack)); |==> <NO-OP>
24:STD:<RETURN>:<NO-OP>:g0001_0100.s0077_combinations.Solution@backtrack(java.util.List<java.util.List<java.lang.Integer>>,int,int,int,java.util.ArrayDeque<java.lang.Integer>):30:return; |==> <NO-OP>
25:AOR:-(int,int):%(int,int):g0001_0100.s0077_combinations.Solution@backtrack(java.util.List<java.util.List<java.lang.Integer>>,int,int,int,java.util.ArrayDeque<java.lang.Integer>):33:n - k |==> n % k
26:AOR:-(int,int):*(int,int):g0001_0100.s0077_combinations.Solution@backtrack(java.util.List<java.util.List<java.lang.Integer>>,int,int,int,java.util.ArrayDeque<java.lang.Integer>):33:n - k |==> n * k
27:AOR:-(int,int):+(int,int):g0001_0100.s0077_combinations.Solution@backtrack(java.util.List<java.util.List<java.lang.Integer>>,int,int,int,java.util.ArrayDeque<java.lang.Integer>):33:n - k |==> n + k
28:AOR:-(int,int):/(int,int):g0001_0100.s0077_combinations.Solution@backtrack(java.util.List<java.util.List<java.lang.Integer>>,int,int,int,java.util.ArrayDeque<java.lang.Integer>):33:n - k |==> n / k
29:AOR:+(int,int):%(int,int):g0001_0100.s0077_combinations.Solution@backtrack(java.util.List<java.util.List<java.lang.Integer>>,int,int,int,java.util.ArrayDeque<java.lang.Integer>):33:(n - k) + 1 |==> (n - k) % 1
30:AOR:+(int,int):*(int,int):g0001_0100.s0077_combinations.Solution@backtrack(java.util.List<java.util.List<java.lang.Integer>>,int,int,int,java.util.ArrayDeque<java.lang.Integer>):33:(n - k) + 1 |==> (n - k) * 1
31:AOR:+(int,int):-(int,int):g0001_0100.s0077_combinations.Solution@backtrack(java.util.List<java.util.List<java.lang.Integer>>,int,int,int,java.util.ArrayDeque<java.lang.Integer>):33:(n - k) + 1 |==> (n - k) - 1
32:AOR:+(int,int):/(int,int):g0001_0100.s0077_combinations.Solution@backtrack(java.util.List<java.util.List<java.lang.Integer>>,int,int,int,java.util.ArrayDeque<java.lang.Integer>):33:(n - k) + 1 |==> (n - k) / 1
33:ROR:<=(int,int):<(int,int):g0001_0100.s0077_combinations.Solution@backtrack(java.util.List<java.util.List<java.lang.Integer>>,int,int,int,java.util.ArrayDeque<java.lang.Integer>):33:i <= (n - k) + 1 |==> i < (n - k) + 1
34:ROR:<=(int,int):==(int,int):g0001_0100.s0077_combinations.Solution@backtrack(java.util.List<java.util.List<java.lang.Integer>>,int,int,int,java.util.ArrayDeque<java.lang.Integer>):33:i <= (n - k) + 1 |==> i == (n - k) + 1
35:ROR:<=(int,int):TRUE(int,int):g0001_0100.s0077_combinations.Solution@backtrack(java.util.List<java.util.List<java.lang.Integer>>,int,int,int,java.util.ArrayDeque<java.lang.Integer>):33:i <= (n - k) + 1 |==> true
36:STD:<CALL>:<NO-OP>:g0001_0100.s0077_combinations.Solution@backtrack(java.util.List<java.util.List<java.lang.Integer>>,int,int,int,java.util.ArrayDeque<java.lang.Integer>):34:stack.push(i); |==> <NO-OP>
37:AOR:-(int,int):%(int,int):g0001_0100.s0077_combinations.Solution@backtrack(java.util.List<java.util.List<java.lang.Integer>>,int,int,int,java.util.ArrayDeque<java.lang.Integer>):36:k - 1 |==> k % 1
38:AOR:-(int,int):*(int,int):g0001_0100.s0077_combinations.Solution@backtrack(java.util.List<java.util.List<java.lang.Integer>>,int,int,int,java.util.ArrayDeque<java.lang.Integer>):36:k - 1 |==> k * 1
39:AOR:-(int,int):+(int,int):g0001_0100.s0077_combinations.Solution@backtrack(java.util.List<java.util.List<java.lang.Integer>>,int,int,int,java.util.ArrayDeque<java.lang.Integer>):36:k - 1 |==> k + 1
40:AOR:-(int,int):/(int,int):g0001_0100.s0077_combinations.Solution@backtrack(java.util.List<java.util.List<java.lang.Integer>>,int,int,int,java.util.ArrayDeque<java.lang.Integer>):36:k - 1 |==> k / 1
41:AOR:+(int,int):%(int,int):g0001_0100.s0077_combinations.Solution@backtrack(java.util.List<java.util.List<java.lang.Integer>>,int,int,int,java.util.ArrayDeque<java.lang.Integer>):36:i + 1 |==> i % 1
42:AOR:+(int,int):*(int,int):g0001_0100.s0077_combinations.Solution@backtrack(java.util.List<java.util.List<java.lang.Integer>>,int,int,int,java.util.ArrayDeque<java.lang.Integer>):36:i + 1 |==> i * 1
43:AOR:+(int,int):-(int,int):g0001_0100.s0077_combinations.Solution@backtrack(java.util.List<java.util.List<java.lang.Integer>>,int,int,int,java.util.ArrayDeque<java.lang.Integer>):36:i + 1 |==> i - 1
44:AOR:+(int,int):/(int,int):g0001_0100.s0077_combinations.Solution@backtrack(java.util.List<java.util.List<java.lang.Integer>>,int,int,int,java.util.ArrayDeque<java.lang.Integer>):36:i + 1 |==> i / 1
45:STD:<CALL>:<NO-OP>:g0001_0100.s0077_combinations.Solution@backtrack(java.util.List<java.util.List<java.lang.Integer>>,int,int,int,java.util.ArrayDeque<java.lang.Integer>):36:backtrack(ans, n, k - 1, i + 1, stack); |==> <NO-OP>
46:STD:<CALL>:<NO-OP>:g0001_0100.s0077_combinations.Solution@backtrack(java.util.List<java.util.List<java.lang.Integer>>,int,int,int,java.util.ArrayDeque<java.lang.Integer>):37:stack.pop(); |==> <NO-OP>
