ERROR:root:Failed to parse \F x.(F(x) & (_ = {NNP})(x)). Error: The function '(_ = {NNP})' is not a Lambda Expression, an Application Expression, or a functional predicate, so it may not take arguments.
\F x.(F(x) & (_ = {NNP})(x))
                       ^
ERROR:root:An error occurred: The function '(_ = {NNP})' is not a Lambda Expression, an Application Expression, or a functional predicate, so it may not take arguments.
\F x.(F(x) & (_ = {NNP})(x))
                       ^
Sentence: - 1 is underlined in nums2 = [ 1 , 3 , 4 , 2 ] .
Tree XML:
<sentence>
  <tokens>
    <token start="0" span="1" pos="IN" chunk="O" entity="O" cat=":" id="t0_0" surf="-" base="-"/>
    <token start="1" span="1" pos="CD" chunk="I-NP" entity="O" cat="N" id="t0_1" surf="1" base="1"/>
    <token start="2" span="1" pos="VBZ" chunk="I-VP" entity="O" cat="(S[dcl]\NP)/(S[pss]\NP)" id="t0_2" surf="is" base="be"/>
    <token start="3" span="1" pos="VBN" chunk="I-VP" entity="O" cat="S[pss]\NP" id="t0_3" surf="underlined" base="underline"/>
    <token start="4" span="1" pos="IN" chunk="I-PP" entity="O" cat="((S\NP)\(S\NP))/NP" id="t0_4" surf="in" base="in"/>
    <token start="5" span="1" pos="CD" chunk="I-NP" entity="I-DAT" cat="N/N" id="t0_5" surf="nums2" base="nums2"/>
    <token start="6" span="1" pos="NNP" chunk="I-NP" entity="I-DAT" cat="N/N" id="t0_6" surf="=" base="="/>
    <token start="7" span="1" pos="NNP" chunk="I-NP" entity="I-DAT" cat="N" id="t0_7" surf="[" base="["/>
    <token start="8" span="1" pos="CD" chunk="I-NP" entity="I-DAT" cat="N\N" id="t0_8" surf="1" base="1"/>
    <token start="9" span="1" pos="," chunk="I-NP" entity="I-DAT" cat="," id="t0_9" surf="," base=","/>
    <token start="10" span="1" pos="CD" chunk="I-NP" entity="I-DAT" cat="N" id="t0_10" surf="3" base="3"/>
    <token start="11" span="1" pos="," chunk="I-NP" entity="I-DAT" cat="," id="t0_11" surf="," base=","/>
    <token start="12" span="1" pos="CD" chunk="I-NP" entity="I-DAT" cat="N" id="t0_12" surf="4" base="4"/>
    <token start="13" span="1" pos="," chunk="I-NP" entity="I-DAT" cat="," id="t0_13" surf="," base=","/>
    <token start="14" span="1" pos="CD" chunk="I-NP" entity="I-DAT" cat="N/N" id="t0_14" surf="2" base="2"/>
    <token start="15" span="1" pos="NNS" chunk="I-NP" entity="I-DAT" cat="N" id="t0_15" surf="]" base="]"/>
    <token start="16" span="1" pos="." chunk="O" entity="O" cat="." id="t0_16" surf="." base="."/>
  </tokens>
  <ccg root="s0_sp0" id="s0_ccg0">
    <span root="true" id="s0_sp0" child="s0_sp1 s0_sp2" category="S[dcl=true]" rule="lp"/>
    <span start="0" span="1" pos="IN" chunk="O" entity="O" id="s0_sp1" surf="-" base="-" terminal="t0_0" category=":"/>
    <span id="s0_sp2" child="s0_sp3 s0_sp37" category="S[dcl=true]" rule="rp"/>
    <span id="s0_sp3" child="s0_sp4 s0_sp6" category="S[dcl=true]" rule="ba"/>
    <span id="s0_sp4" child="s0_sp5" category="NP" rule="lex"/>
    <span start="1" span="1" pos="CD" chunk="I-NP" entity="O" id="s0_sp5" surf="1" base="1" terminal="t0_1" category="N"/>
    <span id="s0_sp6" child="s0_sp7 s0_sp8" category="S[dcl=true]\NP" rule="fa"/>
    <span start="2" span="1" pos="VBZ" chunk="I-VP" entity="O" id="s0_sp7" surf="is" base="be" terminal="t0_2" category="(S[dcl=true]\NP)/(S[pss=true]\NP)"/>
    <span id="s0_sp8" child="s0_sp9 s0_sp10" category="S[pss=true]\NP" rule="ba"/>
    <span start="3" span="1" pos="VBN" chunk="I-VP" entity="O" id="s0_sp9" surf="underlined" base="underline" terminal="t0_3" category="S[pss=true]\NP"/>
    <span id="s0_sp10" child="s0_sp11 s0_sp12" category="(S[X=true]\NP)\(S[X=true]\NP)" rule="fa"/>
    <span start="4" span="1" pos="IN" chunk="I-PP" entity="O" id="s0_sp11" surf="in" base="in" terminal="t0_4" category="((S\NP)\(S\NP))/NP"/>
    <span id="s0_sp12" child="s0_sp13 s0_sp21" category="NP" rule="ba"/>
    <span id="s0_sp13" child="s0_sp14" category="NP" rule="lex"/>
    <span id="s0_sp14" child="s0_sp15 s0_sp16" category="N" rule="fa"/>
    <span start="5" span="1" pos="CD" chunk="I-NP" entity="I-DAT" id="s0_sp15" surf="nums2" base="nums2" terminal="t0_5" category="N/N"/>
    <span id="s0_sp16" child="s0_sp17 s0_sp18" category="N" rule="fa"/>
    <span start="6" span="1" pos="NNP" chunk="I-NP" entity="I-DAT" id="s0_sp17" surf="=" base="=" terminal="t0_6" category="N/N"/>
    <span id="s0_sp18" child="s0_sp19 s0_sp20" category="N" rule="ba"/>
    <span start="7" span="1" pos="NNP" chunk="I-NP" entity="I-DAT" id="s0_sp19" surf="[" base="[" terminal="t0_7" category="N"/>
    <span start="8" span="1" pos="CD" chunk="I-NP" entity="I-DAT" id="s0_sp20" surf="1" base="1" terminal="t0_8" category="N\N"/>
    <span id="s0_sp21" child="s0_sp22 s0_sp23" category="NP\NP" rule="conj"/>
    <span start="9" span="1" pos="," chunk="I-NP" entity="I-DAT" id="s0_sp22" surf="," base="," terminal="t0_9" category="=true,"/>
    <span id="s0_sp23" child="s0_sp24 s0_sp26" category="NP" rule="ba"/>
    <span id="s0_sp24" child="s0_sp25" category="NP" rule="lex"/>
    <span start="10" span="1" pos="CD" chunk="I-NP" entity="I-DAT" id="s0_sp25" surf="3" base="3" terminal="t0_10" category="N"/>
    <span id="s0_sp26" child="s0_sp27 s0_sp28" category="NP\NP" rule="conj"/>
    <span start="11" span="1" pos="," chunk="I-NP" entity="I-DAT" id="s0_sp27" surf="," base="," terminal="t0_11" category="=true,"/>
    <span id="s0_sp28" child="s0_sp29 s0_sp31" category="NP" rule="ba"/>
    <span id="s0_sp29" child="s0_sp30" category="NP" rule="lex"/>
    <span start="12" span="1" pos="CD" chunk="I-NP" entity="I-DAT" id="s0_sp30" surf="4" base="4" terminal="t0_12" category="N"/>
    <span id="s0_sp31" child="s0_sp32 s0_sp33" category="NP\NP" rule="conj"/>
    <span start="13" span="1" pos="," chunk="I-NP" entity="I-DAT" id="s0_sp32" surf="," base="," terminal="t0_13" category="=true,"/>
    <span id="s0_sp33" child="s0_sp34" category="NP" rule="lex"/>
    <span id="s0_sp34" child="s0_sp35 s0_sp36" category="N" rule="fa"/>
    <span start="14" span="1" pos="CD" chunk="I-NP" entity="I-DAT" id="s0_sp35" surf="2" base="2" terminal="t0_14" category="N/N"/>
    <span start="15" span="1" pos="NNS" chunk="I-NP" entity="I-DAT" id="s0_sp36" surf="]" base="]" terminal="t0_15" category="N"/>
    <span start="16" span="1" pos="." chunk="O" entity="O" id="s0_sp37" surf="." base="." terminal="t0_16" category="."/>
  </ccg>
</sentence>

