ERROR:root:Failed to parse \F x.(F(x) & (_ = {NNP})(x)). Error: The function '(_ = {NNP})' is not a Lambda Expression, an Application Expression, or a functional predicate, so it may not take arguments.
\F x.(F(x) & (_ = {NNP})(x))
                       ^
ERROR:root:An error occurred: The function '(_ = {NNP})' is not a Lambda Expression, an Application Expression, or a functional predicate, so it may not take arguments.
\F x.(F(x) & (_ = {NNP})(x))
                       ^
Sentence: < code > 0 < = nums1 [ i ] , nums2 [ i ] < = 10 < sup > 4 < /sup > < /code >
Tree XML:
<sentence>
  <tokens>
    <token start="0" span="1" pos="JJ" chunk="I-NP" entity="O" cat="N/N" id="t0_0" surf="&lt;" base="&lt;"/>
    <token start="1" span="1" pos="NN" chunk="I-NP" entity="O" cat="N/N" id="t0_1" surf="code" base="code"/>
    <token start="2" span="1" pos="NN" chunk="I-NP" entity="I-DAT" cat="N/N" id="t0_2" surf="&gt;" base="&gt;"/>
    <token start="3" span="1" pos="CD" chunk="I-NP" entity="I-DAT" cat="N/N" id="t0_3" surf="0" base="0"/>
    <token start="4" span="1" pos="NNP" chunk="I-NP" entity="I-DAT" cat="N/N" id="t0_4" surf="&lt;" base="&lt;"/>
    <token start="5" span="1" pos="NNP" chunk="I-NP" entity="I-DAT" cat="N/N" id="t0_5" surf="=" base="="/>
    <token start="6" span="1" pos="CD" chunk="I-NP" entity="I-DAT" cat="N/N" id="t0_6" surf="nums1" base="nums1"/>
    <token start="7" span="1" pos="NNP" chunk="I-NP" entity="I-DAT" cat="N/N" id="t0_7" surf="[" base="["/>
    <token start="8" span="1" pos="NNP" chunk="I-NP" entity="I-DAT" cat="N/N" id="t0_8" surf="i" base="i"/>
    <token start="9" span="1" pos="NNP" chunk="I-NP" entity="I-DAT" cat="N" id="t0_9" surf="]" base="]"/>
    <token start="10" span="1" pos="," chunk="O" entity="I-DAT" cat="," id="t0_10" surf="," base=","/>
    <token start="11" span="1" pos="CD" chunk="I-NP" entity="I-DAT" cat="N/N" id="t0_11" surf="nums2" base="nums2"/>
    <token start="12" span="1" pos="NNP" chunk="I-NP" entity="I-DAT" cat="N/N" id="t0_12" surf="[" base="["/>
    <token start="13" span="1" pos="NNP" chunk="I-NP" entity="I-DAT" cat="N/N" id="t0_13" surf="i" base="i"/>
    <token start="14" span="1" pos="NNP" chunk="I-NP" entity="I-DAT" cat="N/N" id="t0_14" surf="]" base="]"/>
    <token start="15" span="1" pos="NNP" chunk="I-NP" entity="I-DAT" cat="N/N" id="t0_15" surf="&lt;" base="&lt;"/>
    <token start="16" span="1" pos="NNP" chunk="I-NP" entity="I-DAT" cat="N/N" id="t0_16" surf="=" base="="/>
    <token start="17" span="1" pos="CD" chunk="I-NP" entity="I-DAT" cat="N/N" id="t0_17" surf="10" base="10"/>
    <token start="18" span="1" pos="NNP" chunk="I-NP" entity="I-DAT" cat="N/N" id="t0_18" surf="&lt;" base="&lt;"/>
    <token start="19" span="1" pos="NN" chunk="I-NP" entity="I-DAT" cat="N" id="t0_19" surf="sup" base="sup"/>
    <token start="20" span="1" pos="VBD" chunk="I-VP" entity="I-DAT" cat="(S[dcl]\NP)/NP" id="t0_20" surf="&gt;" base="&gt;"/>
    <token start="21" span="1" pos="CD" chunk="I-NP" entity="I-DAT" cat="N/N" id="t0_21" surf="4" base="4"/>
    <token start="22" span="1" pos="NNS" chunk="I-NP" entity="I-DAT" cat="N" id="t0_22" surf="&lt;" base="&lt;"/>
    <token start="23" span="1" pos="JJ" chunk="I-NP" entity="I-DAT" cat="(S[adj]\NP)/NP" id="t0_23" surf="/sup" base="/sup"/>
    <token start="24" span="1" pos="NNP" chunk="I-NP" entity="I-DAT" cat="N/N" id="t0_24" surf="&gt;" base="&gt;"/>
    <token start="25" span="1" pos="NNP" chunk="I-NP" entity="I-DAT" cat="N/N" id="t0_25" surf="&lt;" base="&lt;"/>
    <token start="26" span="1" pos="NNP" chunk="I-NP" entity="I-DAT" cat="N/N" id="t0_26" surf="/code" base="/code"/>
    <token start="27" span="1" pos="NNP" chunk="I-NP" entity="I-DAT" cat="N" id="t0_27" surf="&gt;" base="&gt;"/>
  </tokens>
  <ccg root="s0_sp0" id="s0_ccg0">
    <span root="true" id="s0_sp0" child="s0_sp1 s0_sp42" category="S[dcl=true]" rule="ba"/>
    <span id="s0_sp1" child="s0_sp2 s0_sp22" category="NP" rule="ba"/>
    <span id="s0_sp2" child="s0_sp3" category="NP" rule="lex"/>
    <span id="s0_sp3" child="s0_sp4 s0_sp5" category="N" rule="fa"/>
    <span start="0" span="1" pos="JJ" chunk="I-NP" entity="O" id="s0_sp4" surf="&lt;" base="&lt;" terminal="t0_0" category="N/N"/>
    <span id="s0_sp5" child="s0_sp6 s0_sp7" category="N" rule="fa"/>
    <span start="1" span="1" pos="NN" chunk="I-NP" entity="O" id="s0_sp6" surf="code" base="code" terminal="t0_1" category="N/N"/>
    <span id="s0_sp7" child="s0_sp8 s0_sp9" category="N" rule="fa"/>
    <span start="2" span="1" pos="NN" chunk="I-NP" entity="I-DAT" id="s0_sp8" surf="&gt;" base="&gt;" terminal="t0_2" category="N/N"/>
    <span id="s0_sp9" child="s0_sp10 s0_sp11" category="N" rule="fa"/>
    <span start="3" span="1" pos="CD" chunk="I-NP" entity="I-DAT" id="s0_sp10" surf="0" base="0" terminal="t0_3" category="N/N"/>
    <span id="s0_sp11" child="s0_sp12 s0_sp13" category="N" rule="fa"/>
    <span start="4" span="1" pos="NNP" chunk="I-NP" entity="I-DAT" id="s0_sp12" surf="&lt;" base="&lt;" terminal="t0_4" category="N/N"/>
    <span id="s0_sp13" child="s0_sp14 s0_sp15" category="N" rule="fa"/>
    <span start="5" span="1" pos="NNP" chunk="I-NP" entity="I-DAT" id="s0_sp14" surf="=" base="=" terminal="t0_5" category="N/N"/>
    <span id="s0_sp15" child="s0_sp16 s0_sp17" category="N" rule="fa"/>
    <span start="6" span="1" pos="CD" chunk="I-NP" entity="I-DAT" id="s0_sp16" surf="nums1" base="nums1" terminal="t0_6" category="N/N"/>
    <span id="s0_sp17" child="s0_sp18 s0_sp19" category="N" rule="fa"/>
    <span start="7" span="1" pos="NNP" chunk="I-NP" entity="I-DAT" id="s0_sp18" surf="[" base="[" terminal="t0_7" category="N/N"/>
    <span id="s0_sp19" child="s0_sp20 s0_sp21" category="N" rule="fa"/>
    <span start="8" span="1" pos="NNP" chunk="I-NP" entity="I-DAT" id="s0_sp20" surf="i" base="i" terminal="t0_8" category="N/N"/>
    <span start="9" span="1" pos="NNP" chunk="I-NP" entity="I-DAT" id="s0_sp21" surf="]" base="]" terminal="t0_9" category="N"/>
    <span id="s0_sp22" child="s0_sp23 s0_sp24" category="NP\NP" rule="conj"/>
    <span start="10" span="1" pos="," chunk="O" entity="I-DAT" id="s0_sp23" surf="," base="," terminal="t0_10" category="=true,"/>
    <span id="s0_sp24" child="s0_sp25" category="NP" rule="lex"/>
    <span id="s0_sp25" child="s0_sp26 s0_sp27" category="N" rule="fa"/>
    <span start="11" span="1" pos="CD" chunk="I-NP" entity="I-DAT" id="s0_sp26" surf="nums2" base="nums2" terminal="t0_11" category="N/N"/>
    <span id="s0_sp27" child="s0_sp28 s0_sp29" category="N" rule="fa"/>
    <span start="12" span="1" pos="NNP" chunk="I-NP" entity="I-DAT" id="s0_sp28" surf="[" base="[" terminal="t0_12" category="N/N"/>
    <span id="s0_sp29" child="s0_sp30 s0_sp31" category="N" rule="fa"/>
    <span start="13" span="1" pos="NNP" chunk="I-NP" entity="I-DAT" id="s0_sp30" surf="i" base="i" terminal="t0_13" category="N/N"/>
    <span id="s0_sp31" child="s0_sp32 s0_sp33" category="N" rule="fa"/>
    <span start="14" span="1" pos="NNP" chunk="I-NP" entity="I-DAT" id="s0_sp32" surf="]" base="]" terminal="t0_14" category="N/N"/>
    <span id="s0_sp33" child="s0_sp34 s0_sp35" category="N" rule="fa"/>
    <span start="15" span="1" pos="NNP" chunk="I-NP" entity="I-DAT" id="s0_sp34" surf="&lt;" base="&lt;" terminal="t0_15" category="N/N"/>
    <span id="s0_sp35" child="s0_sp36 s0_sp37" category="N" rule="fa"/>
    <span start="16" span="1" pos="NNP" chunk="I-NP" entity="I-DAT" id="s0_sp36" surf="=" base="=" terminal="t0_16" category="N/N"/>
    <span id="s0_sp37" child="s0_sp38 s0_sp39" category="N" rule="fa"/>
    <span start="17" span="1" pos="CD" chunk="I-NP" entity="I-DAT" id="s0_sp38" surf="10" base="10" terminal="t0_17" category="N/N"/>
    <span id="s0_sp39" child="s0_sp40 s0_sp41" category="N" rule="fa"/>
    <span start="18" span="1" pos="NNP" chunk="I-NP" entity="I-DAT" id="s0_sp40" surf="&lt;" base="&lt;" terminal="t0_18" category="N/N"/>
    <span start="19" span="1" pos="NN" chunk="I-NP" entity="I-DAT" id="s0_sp41" surf="sup" base="sup" terminal="t0_19" category="N"/>
    <span id="s0_sp42" child="s0_sp43 s0_sp44" category="S[dcl=true]\NP" rule="fa"/>
    <span start="20" span="1" pos="VBD" chunk="I-VP" entity="I-DAT" id="s0_sp43" surf="&gt;" base="&gt;" terminal="t0_20" category="(S[dcl=true]\NP)/NP"/>
    <span id="s0_sp44" child="s0_sp45 s0_sp49" category="NP" rule="ba"/>
    <span id="s0_sp45" child="s0_sp46" category="NP" rule="lex"/>
    <span id="s0_sp46" child="s0_sp47 s0_sp48" category="N" rule="fa"/>
    <span start="21" span="1" pos="CD" chunk="I-NP" entity="I-DAT" id="s0_sp47" surf="4" base="4" terminal="t0_21" category="N/N"/>
    <span start="22" span="1" pos="NNS" chunk="I-NP" entity="I-DAT" id="s0_sp48" surf="&lt;" base="&lt;" terminal="t0_22" category="N"/>
    <span id="s0_sp49" child="s0_sp50" category="NP\NP" rule="lex"/>
    <span id="s0_sp50" child="s0_sp51 s0_sp52" category="S[adj=true]\NP" rule="fa"/>
    <span start="23" span="1" pos="JJ" chunk="I-NP" entity="I-DAT" id="s0_sp51" surf="/sup" base="/sup" terminal="t0_23" category="(S[adj=true]\NP)/NP"/>
    <span id="s0_sp52" child="s0_sp53" category="NP" rule="lex"/>
    <span id="s0_sp53" child="s0_sp54 s0_sp55" category="N" rule="fa"/>
    <span start="24" span="1" pos="NNP" chunk="I-NP" entity="I-DAT" id="s0_sp54" surf="&gt;" base="&gt;" terminal="t0_24" category="N/N"/>
    <span id="s0_sp55" child="s0_sp56 s0_sp57" category="N" rule="fa"/>
    <span start="25" span="1" pos="NNP" chunk="I-NP" entity="I-DAT" id="s0_sp56" surf="&lt;" base="&lt;" terminal="t0_25" category="N/N"/>
    <span id="s0_sp57" child="s0_sp58 s0_sp59" category="N" rule="fa"/>
    <span start="26" span="1" pos="NNP" chunk="I-NP" entity="I-DAT" id="s0_sp58" surf="/code" base="/code" terminal="t0_26" category="N/N"/>
    <span start="27" span="1" pos="NNP" chunk="I-NP" entity="I-DAT" id="s0_sp59" surf="&gt;" base="&gt;" terminal="t0_27" category="N"/>
  </ccg>
</sentence>

