ERROR:root:Failed to parse \x.((_ = {NNP})(x) & _1{CD}(x)). Error: The function '(_ = {NNP})' is not a Lambda Expression, an Application Expression, or a functional predicate, so it may not take arguments.
\x.((_ = {NNP})(x) & _1{CD}(x))
              ^
ERROR:root:An error occurred: The function '(_ = {NNP})' is not a Lambda Expression, an Application Expression, or a functional predicate, so it may not take arguments.
\x.((_ = {NNP})(x) & _1{CD}(x))
              ^
Sentence: Input : numRows = 1
Tree XML:
<sentence>
  <tokens>
    <token start="0" span="1" pos="NNP" chunk="I-NP" entity="I-TIM" cat="N" id="t0_0" surf="Input" base="input"/>
    <token start="1" span="1" pos="IN" chunk="O" entity="I-TIM" cat="(NP\NP)/NP" id="t0_1" surf=":" base=":"/>
    <token start="2" span="1" pos="NNP" chunk="I-NP" entity="I-TIM" cat="N/N" id="t0_2" surf="numRows" base="numrows"/>
    <token start="3" span="1" pos="NNP" chunk="I-NP" entity="I-TIM" cat="N" id="t0_3" surf="=" base="="/>
    <token start="4" span="1" pos="CD" chunk="I-NP" entity="I-TIM" cat="N\N" id="t0_4" surf="1" base="1"/>
  </tokens>
  <ccg root="s0_sp0" id="s0_ccg0">
    <span root="true" id="s0_sp0" child="s0_sp1 s0_sp3" category="NP" rule="ba"/>
    <span id="s0_sp1" child="s0_sp2" category="NP" rule="lex"/>
    <span start="0" span="1" pos="NNP" chunk="I-NP" entity="I-TIM" id="s0_sp2" surf="Input" base="input" terminal="t0_0" category="N"/>
    <span id="s0_sp3" child="s0_sp4 s0_sp5" category="NP\NP" rule="fa"/>
    <span start="1" span="1" pos="IN" chunk="O" entity="I-TIM" id="s0_sp4" surf=":" base=":" terminal="t0_1" category="(NP\NP)/NP"/>
    <span id="s0_sp5" child="s0_sp6" category="NP" rule="lex"/>
    <span id="s0_sp6" child="s0_sp7 s0_sp8" category="N" rule="fa"/>
    <span start="2" span="1" pos="NNP" chunk="I-NP" entity="I-TIM" id="s0_sp7" surf="numRows" base="numrows" terminal="t0_2" category="N/N"/>
    <span id="s0_sp8" child="s0_sp9 s0_sp10" category="N" rule="ba"/>
    <span start="3" span="1" pos="NNP" chunk="I-NP" entity="I-TIM" id="s0_sp9" surf="=" base="=" terminal="t0_3" category="N"/>
    <span start="4" span="1" pos="CD" chunk="I-NP" entity="I-TIM" id="s0_sp10" surf="1" base="1" terminal="t0_4" category="N\N"/>
  </ccg>
</sentence>

