1:AOR:+(int,int):%(int,int):g0001_0100.s0097_interleaving_string.Solution@isInterleave(java.lang.String,java.lang.String,java.lang.String):10:s1.length() + s2.length() |==> s1.length() % s2.length()
2:AOR:+(int,int):*(int,int):g0001_0100.s0097_interleaving_string.Solution@isInterleave(java.lang.String,java.lang.String,java.lang.String):10:s1.length() + s2.length() |==> s1.length() * s2.length()
3:AOR:+(int,int):-(int,int):g0001_0100.s0097_interleaving_string.Solution@isInterleave(java.lang.String,java.lang.String,java.lang.String):10:s1.length() + s2.length() |==> s1.length() - s2.length()
4:AOR:+(int,int):/(int,int):g0001_0100.s0097_interleaving_string.Solution@isInterleave(java.lang.String,java.lang.String,java.lang.String):10:s1.length() + s2.length() |==> s1.length() / s2.length()
5:ROR:!=(int,int):<(int,int):g0001_0100.s0097_interleaving_string.Solution@isInterleave(java.lang.String,java.lang.String,java.lang.String):10:s3.length() != (s1.length() + s2.length()) |==> s3.length() < (s1.length() + s2.length())
6:ROR:!=(int,int):>(int,int):g0001_0100.s0097_interleaving_string.Solution@isInterleave(java.lang.String,java.lang.String,java.lang.String):10:s3.length() != (s1.length() + s2.length()) |==> s3.length() > (s1.length() + s2.length())
7:ROR:!=(int,int):TRUE(int,int):g0001_0100.s0097_interleaving_string.Solution@isInterleave(java.lang.String,java.lang.String,java.lang.String):10:s3.length() != (s1.length() + s2.length()) |==> true
8:STD:<RETURN>:<NO-OP>:g0001_0100.s0097_interleaving_string.Solution@isInterleave(java.lang.String,java.lang.String,java.lang.String):11:return false; |==> <NO-OP>
9:AOR:+(int,int):%(int,int):g0001_0100.s0097_interleaving_string.Solution@isInterleave(java.lang.String,java.lang.String,java.lang.String):13:s1.length() + 1 |==> s1.length() % 1
10:AOR:+(int,int):*(int,int):g0001_0100.s0097_interleaving_string.Solution@isInterleave(java.lang.String,java.lang.String,java.lang.String):13:s1.length() + 1 |==> s1.length() * 1
11:AOR:+(int,int):-(int,int):g0001_0100.s0097_interleaving_string.Solution@isInterleave(java.lang.String,java.lang.String,java.lang.String):13:s1.length() + 1 |==> s1.length() - 1
12:AOR:+(int,int):/(int,int):g0001_0100.s0097_interleaving_string.Solution@isInterleave(java.lang.String,java.lang.String,java.lang.String):13:s1.length() + 1 |==> s1.length() / 1
13:AOR:+(int,int):%(int,int):g0001_0100.s0097_interleaving_string.Solution@isInterleave(java.lang.String,java.lang.String,java.lang.String):13:s2.length() + 1 |==> s2.length() % 1
14:AOR:+(int,int):*(int,int):g0001_0100.s0097_interleaving_string.Solution@isInterleave(java.lang.String,java.lang.String,java.lang.String):13:s2.length() + 1 |==> s2.length() * 1
15:AOR:+(int,int):-(int,int):g0001_0100.s0097_interleaving_string.Solution@isInterleave(java.lang.String,java.lang.String,java.lang.String):13:s2.length() + 1 |==> s2.length() - 1
16:AOR:+(int,int):/(int,int):g0001_0100.s0097_interleaving_string.Solution@isInterleave(java.lang.String,java.lang.String,java.lang.String):13:s2.length() + 1 |==> s2.length() / 1
17:ROR:!=(java.lang.Object,java.lang.Object):TRUE(java.lang.Object,java.lang.Object):g0001_0100.s0097_interleaving_string.Solution@isInterleave(java.lang.String,java.lang.String,java.lang.String,int,int,int,java.lang.Boolean[][]):19:cache[i1][i2] != null |==> true
18:STD:<RETURN>:<NO-OP>:g0001_0100.s0097_interleaving_string.Solution@isInterleave(java.lang.String,java.lang.String,java.lang.String,int,int,int,java.lang.Boolean[][]):20:return cache[i1][i2]; |==> <NO-OP>
19:ROR:==(int,int):<=(int,int):g0001_0100.s0097_interleaving_string.Solution@isInterleave(java.lang.String,java.lang.String,java.lang.String,int,int,int,java.lang.Boolean[][]):22:i1 == s1.length() |==> i1 <= s1.length()
20:ROR:==(int,int):>=(int,int):g0001_0100.s0097_interleaving_string.Solution@isInterleave(java.lang.String,java.lang.String,java.lang.String,int,int,int,java.lang.Boolean[][]):22:i1 == s1.length() |==> i1 >= s1.length()
21:ROR:==(int,int):FALSE(int,int):g0001_0100.s0097_interleaving_string.Solution@isInterleave(java.lang.String,java.lang.String,java.lang.String,int,int,int,java.lang.Boolean[][]):22:i1 == s1.length() |==> false
22:ROR:==(int,int):<=(int,int):g0001_0100.s0097_interleaving_string.Solution@isInterleave(java.lang.String,java.lang.String,java.lang.String,int,int,int,java.lang.Boolean[][]):22:i2 == s2.length() |==> i2 <= s2.length()
23:ROR:==(int,int):>=(int,int):g0001_0100.s0097_interleaving_string.Solution@isInterleave(java.lang.String,java.lang.String,java.lang.String,int,int,int,java.lang.Boolean[][]):22:i2 == s2.length() |==> i2 >= s2.length()
24:ROR:==(int,int):FALSE(int,int):g0001_0100.s0097_interleaving_string.Solution@isInterleave(java.lang.String,java.lang.String,java.lang.String,int,int,int,java.lang.Boolean[][]):22:i2 == s2.length() |==> false
25:COR:&&(boolean,boolean):==(boolean,boolean):g0001_0100.s0097_interleaving_string.Solution@isInterleave(java.lang.String,java.lang.String,java.lang.String,int,int,int,java.lang.Boolean[][]):22:i1 == s1.length() && i2 == s2.length() |==> i1 == s1.length() == (i2 == s2.length())
26:COR:&&(boolean,boolean):FALSE(boolean,boolean):g0001_0100.s0097_interleaving_string.Solution@isInterleave(java.lang.String,java.lang.String,java.lang.String,int,int,int,java.lang.Boolean[][]):22:i1 == s1.length() && i2 == s2.length() |==> false
27:COR:&&(boolean,boolean):LHS(boolean,boolean):g0001_0100.s0097_interleaving_string.Solution@isInterleave(java.lang.String,java.lang.String,java.lang.String,int,int,int,java.lang.Boolean[][]):22:i1 == s1.length() && i2 == s2.length() |==> i1 == s1.length()
28:COR:&&(boolean,boolean):RHS(boolean,boolean):g0001_0100.s0097_interleaving_string.Solution@isInterleave(java.lang.String,java.lang.String,java.lang.String,int,int,int,java.lang.Boolean[][]):22:i1 == s1.length() && i2 == s2.length() |==> i2 == s2.length()
29:ROR:==(int,int):<=(int,int):g0001_0100.s0097_interleaving_string.Solution@isInterleave(java.lang.String,java.lang.String,java.lang.String,int,int,int,java.lang.Boolean[][]):22:i3 == s3.length() |==> i3 <= s3.length()
30:ROR:==(int,int):>=(int,int):g0001_0100.s0097_interleaving_string.Solution@isInterleave(java.lang.String,java.lang.String,java.lang.String,int,int,int,java.lang.Boolean[][]):22:i3 == s3.length() |==> i3 >= s3.length()
31:ROR:==(int,int):FALSE(int,int):g0001_0100.s0097_interleaving_string.Solution@isInterleave(java.lang.String,java.lang.String,java.lang.String,int,int,int,java.lang.Boolean[][]):22:i3 == s3.length() |==> false
32:COR:&&(boolean,boolean):==(boolean,boolean):g0001_0100.s0097_interleaving_string.Solution@isInterleave(java.lang.String,java.lang.String,java.lang.String,int,int,int,java.lang.Boolean[][]):22:i1 == s1.length() && i2 == s2.length() && i3 == s3.length() |==> (i1 == s1.length() && i2 == s2.length()) == (i3 == s3.length())
33:COR:&&(boolean,boolean):FALSE(boolean,boolean):g0001_0100.s0097_interleaving_string.Solution@isInterleave(java.lang.String,java.lang.String,java.lang.String,int,int,int,java.lang.Boolean[][]):22:i1 == s1.length() && i2 == s2.length() && i3 == s3.length() |==> false
34:COR:&&(boolean,boolean):LHS(boolean,boolean):g0001_0100.s0097_interleaving_string.Solution@isInterleave(java.lang.String,java.lang.String,java.lang.String,int,int,int,java.lang.Boolean[][]):22:i1 == s1.length() && i2 == s2.length() && i3 == s3.length() |==> i1 == s1.length() && i2 == s2.length()
35:COR:&&(boolean,boolean):RHS(boolean,boolean):g0001_0100.s0097_interleaving_string.Solution@isInterleave(java.lang.String,java.lang.String,java.lang.String,int,int,int,java.lang.Boolean[][]):22:i1 == s1.length() && i2 == s2.length() && i3 == s3.length() |==> i3 == s3.length()
36:STD:<RETURN>:<NO-OP>:g0001_0100.s0097_interleaving_string.Solution@isInterleave(java.lang.String,java.lang.String,java.lang.String,int,int,int,java.lang.Boolean[][]):23:return true; |==> <NO-OP>
37:ROR:<(int,int):!=(int,int):g0001_0100.s0097_interleaving_string.Solution@isInterleave(java.lang.String,java.lang.String,java.lang.String,int,int,int,java.lang.Boolean[][]):26:i1 < s1.length() |==> i1 != s1.length()
38:ROR:<(int,int):<=(int,int):g0001_0100.s0097_interleaving_string.Solution@isInterleave(java.lang.String,java.lang.String,java.lang.String,int,int,int,java.lang.Boolean[][]):26:i1 < s1.length() |==> i1 <= s1.length()
39:ROR:<(int,int):FALSE(int,int):g0001_0100.s0097_interleaving_string.Solution@isInterleave(java.lang.String,java.lang.String,java.lang.String,int,int,int,java.lang.Boolean[][]):26:i1 < s1.length() |==> false
40:ROR:==(int,int):<=(int,int):g0001_0100.s0097_interleaving_string.Solution@isInterleave(java.lang.String,java.lang.String,java.lang.String,int,int,int,java.lang.Boolean[][]):26:s1.charAt(i1) == s3.charAt(i3) |==> s1.charAt(i1) <= s3.charAt(i3)
41:ROR:==(int,int):>=(int,int):g0001_0100.s0097_interleaving_string.Solution@isInterleave(java.lang.String,java.lang.String,java.lang.String,int,int,int,java.lang.Boolean[][]):26:s1.charAt(i1) == s3.charAt(i3) |==> s1.charAt(i1) >= s3.charAt(i3)
42:ROR:==(int,int):FALSE(int,int):g0001_0100.s0097_interleaving_string.Solution@isInterleave(java.lang.String,java.lang.String,java.lang.String,int,int,int,java.lang.Boolean[][]):26:s1.charAt(i1) == s3.charAt(i3) |==> false
43:COR:&&(boolean,boolean):==(boolean,boolean):g0001_0100.s0097_interleaving_string.Solution@isInterleave(java.lang.String,java.lang.String,java.lang.String,int,int,int,java.lang.Boolean[][]):26:i1 < s1.length() && s1.charAt(i1) == s3.charAt(i3) |==> i1 < s1.length() == (s1.charAt(i1) == s3.charAt(i3))
44:COR:&&(boolean,boolean):FALSE(boolean,boolean):g0001_0100.s0097_interleaving_string.Solution@isInterleave(java.lang.String,java.lang.String,java.lang.String,int,int,int,java.lang.Boolean[][]):26:i1 < s1.length() && s1.charAt(i1) == s3.charAt(i3) |==> false
45:COR:&&(boolean,boolean):LHS(boolean,boolean):g0001_0100.s0097_interleaving_string.Solution@isInterleave(java.lang.String,java.lang.String,java.lang.String,int,int,int,java.lang.Boolean[][]):26:i1 < s1.length() && s1.charAt(i1) == s3.charAt(i3) |==> i1 < s1.length()
46:COR:&&(boolean,boolean):RHS(boolean,boolean):g0001_0100.s0097_interleaving_string.Solution@isInterleave(java.lang.String,java.lang.String,java.lang.String,int,int,int,java.lang.Boolean[][]):26:i1 < s1.length() && s1.charAt(i1) == s3.charAt(i3) |==> s1.charAt(i1) == s3.charAt(i3)
47:AOR:+(int,int):%(int,int):g0001_0100.s0097_interleaving_string.Solution@isInterleave(java.lang.String,java.lang.String,java.lang.String,int,int,int,java.lang.Boolean[][]):27:i1 + 1 |==> i1 % 1
48:AOR:+(int,int):*(int,int):g0001_0100.s0097_interleaving_string.Solution@isInterleave(java.lang.String,java.lang.String,java.lang.String,int,int,int,java.lang.Boolean[][]):27:i1 + 1 |==> i1 * 1
49:AOR:+(int,int):-(int,int):g0001_0100.s0097_interleaving_string.Solution@isInterleave(java.lang.String,java.lang.String,java.lang.String,int,int,int,java.lang.Boolean[][]):27:i1 + 1 |==> i1 - 1
50:AOR:+(int,int):/(int,int):g0001_0100.s0097_interleaving_string.Solution@isInterleave(java.lang.String,java.lang.String,java.lang.String,int,int,int,java.lang.Boolean[][]):27:i1 + 1 |==> i1 / 1
51:AOR:+(int,int):%(int,int):g0001_0100.s0097_interleaving_string.Solution@isInterleave(java.lang.String,java.lang.String,java.lang.String,int,int,int,java.lang.Boolean[][]):27:i3 + 1 |==> i3 % 1
52:AOR:+(int,int):*(int,int):g0001_0100.s0097_interleaving_string.Solution@isInterleave(java.lang.String,java.lang.String,java.lang.String,int,int,int,java.lang.Boolean[][]):27:i3 + 1 |==> i3 * 1
53:AOR:+(int,int):-(int,int):g0001_0100.s0097_interleaving_string.Solution@isInterleave(java.lang.String,java.lang.String,java.lang.String,int,int,int,java.lang.Boolean[][]):27:i3 + 1 |==> i3 - 1
54:AOR:+(int,int):/(int,int):g0001_0100.s0097_interleaving_string.Solution@isInterleave(java.lang.String,java.lang.String,java.lang.String,int,int,int,java.lang.Boolean[][]):27:i3 + 1 |==> i3 / 1
55:STD:<ASSIGN>:<NO-OP>:g0001_0100.s0097_interleaving_string.Solution@isInterleave(java.lang.String,java.lang.String,java.lang.String,int,int,int,java.lang.Boolean[][]):27:result = isInterleave(s1, s2, s3, i1 + 1, i2, i3 + 1, cache); |==> <NO-OP>
56:ROR:<(int,int):!=(int,int):g0001_0100.s0097_interleaving_string.Solution@isInterleave(java.lang.String,java.lang.String,java.lang.String,int,int,int,java.lang.Boolean[][]):29:i2 < s2.length() |==> i2 != s2.length()
57:ROR:<(int,int):<=(int,int):g0001_0100.s0097_interleaving_string.Solution@isInterleave(java.lang.String,java.lang.String,java.lang.String,int,int,int,java.lang.Boolean[][]):29:i2 < s2.length() |==> i2 <= s2.length()
58:ROR:<(int,int):FALSE(int,int):g0001_0100.s0097_interleaving_string.Solution@isInterleave(java.lang.String,java.lang.String,java.lang.String,int,int,int,java.lang.Boolean[][]):29:i2 < s2.length() |==> false
59:ROR:==(int,int):<=(int,int):g0001_0100.s0097_interleaving_string.Solution@isInterleave(java.lang.String,java.lang.String,java.lang.String,int,int,int,java.lang.Boolean[][]):29:s2.charAt(i2) == s3.charAt(i3) |==> s2.charAt(i2) <= s3.charAt(i3)
60:ROR:==(int,int):>=(int,int):g0001_0100.s0097_interleaving_string.Solution@isInterleave(java.lang.String,java.lang.String,java.lang.String,int,int,int,java.lang.Boolean[][]):29:s2.charAt(i2) == s3.charAt(i3) |==> s2.charAt(i2) >= s3.charAt(i3)
61:ROR:==(int,int):FALSE(int,int):g0001_0100.s0097_interleaving_string.Solution@isInterleave(java.lang.String,java.lang.String,java.lang.String,int,int,int,java.lang.Boolean[][]):29:s2.charAt(i2) == s3.charAt(i3) |==> false
62:COR:&&(boolean,boolean):==(boolean,boolean):g0001_0100.s0097_interleaving_string.Solution@isInterleave(java.lang.String,java.lang.String,java.lang.String,int,int,int,java.lang.Boolean[][]):29:i2 < s2.length() && s2.charAt(i2) == s3.charAt(i3) |==> i2 < s2.length() == (s2.charAt(i2) == s3.charAt(i3))
63:COR:&&(boolean,boolean):FALSE(boolean,boolean):g0001_0100.s0097_interleaving_string.Solution@isInterleave(java.lang.String,java.lang.String,java.lang.String,int,int,int,java.lang.Boolean[][]):29:i2 < s2.length() && s2.charAt(i2) == s3.charAt(i3) |==> false
64:COR:&&(boolean,boolean):LHS(boolean,boolean):g0001_0100.s0097_interleaving_string.Solution@isInterleave(java.lang.String,java.lang.String,java.lang.String,int,int,int,java.lang.Boolean[][]):29:i2 < s2.length() && s2.charAt(i2) == s3.charAt(i3) |==> i2 < s2.length()
65:COR:&&(boolean,boolean):RHS(boolean,boolean):g0001_0100.s0097_interleaving_string.Solution@isInterleave(java.lang.String,java.lang.String,java.lang.String,int,int,int,java.lang.Boolean[][]):29:i2 < s2.length() && s2.charAt(i2) == s3.charAt(i3) |==> s2.charAt(i2) == s3.charAt(i3)
66:AOR:+(int,int):%(int,int):g0001_0100.s0097_interleaving_string.Solution@isInterleave(java.lang.String,java.lang.String,java.lang.String,int,int,int,java.lang.Boolean[][]):30:i2 + 1 |==> i2 % 1
67:AOR:+(int,int):*(int,int):g0001_0100.s0097_interleaving_string.Solution@isInterleave(java.lang.String,java.lang.String,java.lang.String,int,int,int,java.lang.Boolean[][]):30:i2 + 1 |==> i2 * 1
68:AOR:+(int,int):-(int,int):g0001_0100.s0097_interleaving_string.Solution@isInterleave(java.lang.String,java.lang.String,java.lang.String,int,int,int,java.lang.Boolean[][]):30:i2 + 1 |==> i2 - 1
69:AOR:+(int,int):/(int,int):g0001_0100.s0097_interleaving_string.Solution@isInterleave(java.lang.String,java.lang.String,java.lang.String,int,int,int,java.lang.Boolean[][]):30:i2 + 1 |==> i2 / 1
70:AOR:+(int,int):%(int,int):g0001_0100.s0097_interleaving_string.Solution@isInterleave(java.lang.String,java.lang.String,java.lang.String,int,int,int,java.lang.Boolean[][]):30:i3 + 1 |==> i3 % 1
71:AOR:+(int,int):*(int,int):g0001_0100.s0097_interleaving_string.Solution@isInterleave(java.lang.String,java.lang.String,java.lang.String,int,int,int,java.lang.Boolean[][]):30:i3 + 1 |==> i3 * 1
72:AOR:+(int,int):-(int,int):g0001_0100.s0097_interleaving_string.Solution@isInterleave(java.lang.String,java.lang.String,java.lang.String,int,int,int,java.lang.Boolean[][]):30:i3 + 1 |==> i3 - 1
73:AOR:+(int,int):/(int,int):g0001_0100.s0097_interleaving_string.Solution@isInterleave(java.lang.String,java.lang.String,java.lang.String,int,int,int,java.lang.Boolean[][]):30:i3 + 1 |==> i3 / 1
74:COR:||(boolean,boolean):!=(boolean,boolean):g0001_0100.s0097_interleaving_string.Solution@isInterleave(java.lang.String,java.lang.String,java.lang.String,int,int,int,java.lang.Boolean[][]):30:result || isInterleave(s1, s2, s3, i1, i2 + 1, i3 + 1, cache) |==> result != isInterleave(s1, s2, s3, i1, i2 + 1, i3 + 1, cache)
75:COR:||(boolean,boolean):LHS(boolean,boolean):g0001_0100.s0097_interleaving_string.Solution@isInterleave(java.lang.String,java.lang.String,java.lang.String,int,int,int,java.lang.Boolean[][]):30:result || isInterleave(s1, s2, s3, i1, i2 + 1, i3 + 1, cache) |==> result
76:COR:||(boolean,boolean):RHS(boolean,boolean):g0001_0100.s0097_interleaving_string.Solution@isInterleave(java.lang.String,java.lang.String,java.lang.String,int,int,int,java.lang.Boolean[][]):30:result || isInterleave(s1, s2, s3, i1, i2 + 1, i3 + 1, cache) |==> isInterleave(s1, s2, s3, i1, i2 + 1, i3 + 1, cache)
77:COR:||(boolean,boolean):TRUE(boolean,boolean):g0001_0100.s0097_interleaving_string.Solution@isInterleave(java.lang.String,java.lang.String,java.lang.String,int,int,int,java.lang.Boolean[][]):30:result || isInterleave(s1, s2, s3, i1, i2 + 1, i3 + 1, cache) |==> true
78:STD:<ASSIGN>:<NO-OP>:g0001_0100.s0097_interleaving_string.Solution@isInterleave(java.lang.String,java.lang.String,java.lang.String,int,int,int,java.lang.Boolean[][]):30:result = result || isInterleave(s1, s2, s3, i1, i2 + 1, i3 + 1, cache); |==> <NO-OP>
79:STD:<ASSIGN>:<NO-OP>:g0001_0100.s0097_interleaving_string.Solution@isInterleave(java.lang.String,java.lang.String,java.lang.String,int,int,int,java.lang.Boolean[][]):32:cache[i1][i2] = result; |==> <NO-OP>
