ERROR:root:Failed to parse \F x.(F(x) & (_ = {NNP})(x)). Error: The function '(_ = {NNP})' is not a Lambda Expression, an Application Expression, or a functional predicate, so it may not take arguments.
\F x.(F(x) & (_ = {NNP})(x))
                       ^
ERROR:root:An error occurred: The function '(_ = {NNP})' is not a Lambda Expression, an Application Expression, or a functional predicate, so it may not take arguments.
\F x.(F(x) & (_ = {NNP})(x))
                       ^
Sentence: `answer [ i ] == `` Fizz '' ` if `i` is divisible by `3` .
Tree XML:
<sentence>
  <tokens>
    <token start="0" span="1" pos="NNP" chunk="I-NP" entity="I-PER" cat="N/N" id="t0_0" surf="`answer" base="`answer"/>
    <token start="1" span="1" pos="NNP" chunk="I-NP" entity="I-PER" cat="N/N" id="t0_1" surf="[" base="["/>
    <token start="2" span="1" pos="NNP" chunk="I-NP" entity="I-PER" cat="N/N" id="t0_2" surf="i" base="i"/>
    <token start="3" span="1" pos="NNP" chunk="I-NP" entity="I-PER" cat="N/N" id="t0_3" surf="]" base="]"/>
    <token start="4" span="1" pos="NNP" chunk="I-NP" entity="I-PER" cat="N/N" id="t0_4" surf="==" base="=="/>
    <token start="5" span="1" pos="LQU" chunk="I-NP" entity="O" cat="LQU" id="t0_5" surf="``" base="``"/>
    <token start="6" span="1" pos="NNP" chunk="I-NP" entity="O" cat="N" id="t0_6" surf="Fizz" base="fizz"/>
    <token start="7" span="1" pos="RQU" chunk="O" entity="O" cat="RQU" id="t0_7" surf="''" base="''"/>
    <token start="8" span="1" pos="LQU" chunk="O" entity="O" cat="LQU" id="t0_8" surf="`" base="`"/>
    <token start="9" span="1" pos="IN" chunk="I-SBAR" entity="O" cat="conj" id="t0_9" surf="if" base="if"/>
    <token start="10" span="1" pos="NN" chunk="I-NP" entity="O" cat="N" id="t0_10" surf="`i`" base="`i`"/>
    <token start="11" span="1" pos="VBZ" chunk="I-VP" entity="O" cat="(S[dcl]\NP)/(S[adj]\NP)" id="t0_11" surf="is" base="be"/>
    <token start="12" span="1" pos="JJ" chunk="I-ADJP" entity="O" cat="(S[adj]\NP)/PP" id="t0_12" surf="divisible" base="divisible"/>
    <token start="13" span="1" pos="IN" chunk="I-PP" entity="O" cat="PP/NP" id="t0_13" surf="by" base="by"/>
    <token start="14" span="1" pos="CD" chunk="I-NP" entity="O" cat="N" id="t0_14" surf="`3`" base="`3`"/>
    <token start="15" span="1" pos="." chunk="O" entity="O" cat="." id="t0_15" surf="." base="."/>
  </tokens>
  <ccg root="s0_sp0" id="s0_ccg0">
    <span root="true" id="s0_sp0" child="s0_sp1 s0_sp17" category="NP" rule="ba"/>
    <span id="s0_sp1" child="s0_sp2 s0_sp16" category="NP" rule="rp"/>
    <span id="s0_sp2" child="s0_sp3" category="NP" rule="lex"/>
    <span id="s0_sp3" child="s0_sp4 s0_sp5" category="N" rule="fa"/>
    <span start="0" span="1" pos="NNP" chunk="I-NP" entity="I-PER" id="s0_sp4" surf="`answer" base="`answer" terminal="t0_0" category="N/N"/>
    <span id="s0_sp5" child="s0_sp6 s0_sp7" category="N" rule="fa"/>
    <span start="1" span="1" pos="NNP" chunk="I-NP" entity="I-PER" id="s0_sp6" surf="[" base="[" terminal="t0_1" category="N/N"/>
    <span id="s0_sp7" child="s0_sp8 s0_sp9" category="N" rule="fa"/>
    <span start="2" span="1" pos="NNP" chunk="I-NP" entity="I-PER" id="s0_sp8" surf="i" base="i" terminal="t0_2" category="N/N"/>
    <span id="s0_sp9" child="s0_sp10 s0_sp11" category="N" rule="fa"/>
    <span start="3" span="1" pos="NNP" chunk="I-NP" entity="I-PER" id="s0_sp10" surf="]" base="]" terminal="t0_3" category="N/N"/>
    <span id="s0_sp11" child="s0_sp12 s0_sp13" category="N" rule="fa"/>
    <span start="4" span="1" pos="NNP" chunk="I-NP" entity="I-PER" id="s0_sp12" surf="==" base="==" terminal="t0_4" category="N/N"/>
    <span id="s0_sp13" child="s0_sp14 s0_sp15" category="N" rule="lp"/>
    <span start="5" span="1" pos="LQU" chunk="I-NP" entity="O" id="s0_sp14" surf="``" base="``" terminal="t0_5" category="LQU"/>
    <span start="6" span="1" pos="NNP" chunk="I-NP" entity="O" id="s0_sp15" surf="Fizz" base="fizz" terminal="t0_6" category="N"/>
    <span start="7" span="1" pos="RQU" chunk="O" entity="O" id="s0_sp16" surf="''" base="''" terminal="t0_7" category="RQU"/>
    <span id="s0_sp17" child="s0_sp18" category="NP\NP" rule="lex"/>
    <span id="s0_sp18" child="s0_sp19 s0_sp20" category="S[dcl=true]" rule="lp"/>
    <span start="8" span="1" pos="LQU" chunk="O" entity="O" id="s0_sp19" surf="`" base="`" terminal="t0_8" category="LQU"/>
    <span id="s0_sp20" child="s0_sp21 s0_sp34" category="S[dcl=true]" rule="rp"/>
    <span id="s0_sp21" child="s0_sp22 s0_sp26" category="S[dcl=true]" rule="ba"/>
    <span id="s0_sp22" child="s0_sp23" category="NP" rule="lex"/>
    <span id="s0_sp23" child="s0_sp24 s0_sp25" category="N" rule="funny"/>
    <span start="9" span="1" pos="IN" chunk="I-SBAR" entity="O" id="s0_sp24" surf="if" base="if" terminal="t0_9" category="conj"/>
    <span start="10" span="1" pos="NN" chunk="I-NP" entity="O" id="s0_sp25" surf="`i`" base="`i`" terminal="t0_10" category="N"/>
    <span id="s0_sp26" child="s0_sp27 s0_sp28" category="S[dcl=true]\NP" rule="fa"/>
    <span start="11" span="1" pos="VBZ" chunk="I-VP" entity="O" id="s0_sp27" surf="is" base="be" terminal="t0_11" category="(S[dcl=true]\NP)/(S[adj=true]\NP)"/>
    <span id="s0_sp28" child="s0_sp29 s0_sp30" category="S[adj=true]\NP" rule="fa"/>
    <span start="12" span="1" pos="JJ" chunk="I-ADJP" entity="O" id="s0_sp29" surf="divisible" base="divisible" terminal="t0_12" category="(S[adj=true]\NP)/PP"/>
    <span id="s0_sp30" child="s0_sp31 s0_sp32" category="PP" rule="fa"/>
    <span start="13" span="1" pos="IN" chunk="I-PP" entity="O" id="s0_sp31" surf="by" base="by" terminal="t0_13" category="PP/NP"/>
    <span id="s0_sp32" child="s0_sp33" category="NP" rule="lex"/>
    <span start="14" span="1" pos="CD" chunk="I-NP" entity="O" id="s0_sp33" surf="`3`" base="`3`" terminal="t0_14" category="N"/>
    <span start="15" span="1" pos="." chunk="O" entity="O" id="s0_sp34" surf="." base="." terminal="t0_15" category="."/>
  </ccg>
</sentence>

