ERROR:root:Failed to parse \F x.(F(x) & (_ = {NNP})(x)). Error: The function '(_ = {NNP})' is not a Lambda Expression, an Application Expression, or a functional predicate, so it may not take arguments.
\F x.(F(x) & (_ = {NNP})(x))
                       ^
ERROR:root:An error occurred: The function '(_ = {NNP})' is not a Lambda Expression, an Application Expression, or a functional predicate, so it may not take arguments.
\F x.(F(x) & (_ = {NNP})(x))
                       ^
Sentence: `answer [ i ] == i` ( as a string ) if none of the above conditions are true .
Tree XML:
<sentence>
  <tokens>
    <token start="0" span="1" pos="NNP" chunk="I-NP" entity="I-PER" cat="N/N" id="t0_0" surf="`answer" base="`answer"/>
    <token start="1" span="1" pos="NNP" chunk="I-NP" entity="I-PER" cat="N/N" id="t0_1" surf="[" base="["/>
    <token start="2" span="1" pos="NNP" chunk="I-NP" entity="I-PER" cat="N/N" id="t0_2" surf="i" base="i"/>
    <token start="3" span="1" pos="NNP" chunk="I-NP" entity="I-PER" cat="N/N" id="t0_3" surf="]" base="]"/>
    <token start="4" span="1" pos="NNP" chunk="I-NP" entity="I-PER" cat="N/N" id="t0_4" surf="==" base="=="/>
    <token start="5" span="1" pos="NNP" chunk="I-NP" entity="I-PER" cat="N" id="t0_5" surf="i`" base="i`"/>
    <token start="6" span="1" pos="LRB" chunk="O" entity="O" cat="LRB" id="t0_6" surf="(" base="("/>
    <token start="7" span="1" pos="IN" chunk="I-PP" entity="O" cat="(NP\NP)/NP" id="t0_7" surf="as" base="as"/>
    <token start="8" span="1" pos="DT" chunk="I-NP" entity="O" cat="NP[nb]/N" id="t0_8" surf="a" base="a"/>
    <token start="9" span="1" pos="NN" chunk="I-NP" entity="O" cat="N" id="t0_9" surf="string" base="string"/>
    <token start="10" span="1" pos="RRB" chunk="O" entity="O" cat="RRB" id="t0_10" surf=")" base=")"/>
    <token start="11" span="1" pos="IN" chunk="I-SBAR" entity="O" cat="(NP\NP)/NP" id="t0_11" surf="if" base="if"/>
    <token start="12" span="1" pos="NN" chunk="I-NP" entity="O" cat="N" id="t0_12" surf="none" base="none"/>
    <token start="13" span="1" pos="IN" chunk="I-PP" entity="O" cat="(NP\NP)/NP" id="t0_13" surf="of" base="of"/>
    <token start="14" span="1" pos="DT" chunk="I-NP" entity="O" cat="NP[nb]/N" id="t0_14" surf="the" base="the"/>
    <token start="15" span="1" pos="JJ" chunk="I-NP" entity="O" cat="N/N" id="t0_15" surf="above" base="above"/>
    <token start="16" span="1" pos="NNS" chunk="I-NP" entity="O" cat="N" id="t0_16" surf="conditions" base="condition"/>
    <token start="17" span="1" pos="VBP" chunk="I-VP" entity="O" cat="(S[dcl]\NP)/(S[adj]\NP)" id="t0_17" surf="are" base="be"/>
    <token start="18" span="1" pos="JJ" chunk="I-ADJP" entity="O" cat="S[adj]\NP" id="t0_18" surf="true" base="true"/>
    <token start="19" span="1" pos="." chunk="O" entity="O" cat="." id="t0_19" surf="." base="."/>
  </tokens>
  <ccg root="s0_sp0" id="s0_ccg0">
    <span root="true" id="s0_sp0" child="s0_sp1 s0_sp40" category="S[dcl=true]" rule="rp"/>
    <span id="s0_sp1" child="s0_sp2 s0_sp37" category="S[dcl=true]" rule="ba"/>
    <span id="s0_sp2" child="s0_sp3 s0_sp15" category="NP" rule="ba"/>
    <span id="s0_sp3" child="s0_sp4" category="NP" rule="lex"/>
    <span id="s0_sp4" child="s0_sp5 s0_sp6" category="N" rule="fa"/>
    <span start="0" span="1" pos="NNP" chunk="I-NP" entity="I-PER" id="s0_sp5" surf="`answer" base="`answer" terminal="t0_0" category="N/N"/>
    <span id="s0_sp6" child="s0_sp7 s0_sp8" category="N" rule="fa"/>
    <span start="1" span="1" pos="NNP" chunk="I-NP" entity="I-PER" id="s0_sp7" surf="[" base="[" terminal="t0_1" category="N/N"/>
    <span id="s0_sp8" child="s0_sp9 s0_sp10" category="N" rule="fa"/>
    <span start="2" span="1" pos="NNP" chunk="I-NP" entity="I-PER" id="s0_sp9" surf="i" base="i" terminal="t0_2" category="N/N"/>
    <span id="s0_sp10" child="s0_sp11 s0_sp12" category="N" rule="fa"/>
    <span start="3" span="1" pos="NNP" chunk="I-NP" entity="I-PER" id="s0_sp11" surf="]" base="]" terminal="t0_3" category="N/N"/>
    <span id="s0_sp12" child="s0_sp13 s0_sp14" category="N" rule="fa"/>
    <span start="4" span="1" pos="NNP" chunk="I-NP" entity="I-PER" id="s0_sp13" surf="==" base="==" terminal="t0_4" category="N/N"/>
    <span start="5" span="1" pos="NNP" chunk="I-NP" entity="I-PER" id="s0_sp14" surf="i`" base="i`" terminal="t0_5" category="N"/>
    <span id="s0_sp15" child="s0_sp16 s0_sp17" category="NP\NP" rule="lp"/>
    <span start="6" span="1" pos="LRB" chunk="O" entity="O" id="s0_sp16" surf="(" base="(" terminal="t0_6" category="LRB"/>
    <span id="s0_sp17" child="s0_sp18 s0_sp19" category="NP\NP" rule="fa"/>
    <span start="7" span="1" pos="IN" chunk="I-PP" entity="O" id="s0_sp18" surf="as" base="as" terminal="t0_7" category="(NP\NP)/NP"/>
    <span id="s0_sp19" child="s0_sp20 s0_sp25" category="NP" rule="ba"/>
    <span id="s0_sp20" child="s0_sp21 s0_sp24" category="NP[nb=true]" rule="rp"/>
    <span id="s0_sp21" child="s0_sp22 s0_sp23" category="NP[nb=true]" rule="fa"/>
    <span start="8" span="1" pos="DT" chunk="I-NP" entity="O" id="s0_sp22" surf="a" base="a" terminal="t0_8" category="NP[nb=true]/N"/>
    <span start="9" span="1" pos="NN" chunk="I-NP" entity="O" id="s0_sp23" surf="string" base="string" terminal="t0_9" category="N"/>
    <span start="10" span="1" pos="RRB" chunk="O" entity="O" id="s0_sp24" surf=")" base=")" terminal="t0_10" category="RRB"/>
    <span id="s0_sp25" child="s0_sp26 s0_sp27" category="NP\NP" rule="fa"/>
    <span start="11" span="1" pos="IN" chunk="I-SBAR" entity="O" id="s0_sp26" surf="if" base="if" terminal="t0_11" category="(NP\NP)/NP"/>
    <span id="s0_sp27" child="s0_sp28 s0_sp30" category="NP" rule="ba"/>
    <span id="s0_sp28" child="s0_sp29" category="NP" rule="lex"/>
    <span start="12" span="1" pos="NN" chunk="I-NP" entity="O" id="s0_sp29" surf="none" base="none" terminal="t0_12" category="N"/>
    <span id="s0_sp30" child="s0_sp31 s0_sp32" category="NP\NP" rule="fa"/>
    <span start="13" span="1" pos="IN" chunk="I-PP" entity="O" id="s0_sp31" surf="of" base="of" terminal="t0_13" category="(NP\NP)/NP"/>
    <span id="s0_sp32" child="s0_sp33 s0_sp34" category="NP[nb=true]" rule="fa"/>
    <span start="14" span="1" pos="DT" chunk="I-NP" entity="O" id="s0_sp33" surf="the" base="the" terminal="t0_14" category="NP[nb=true]/N"/>
    <span id="s0_sp34" child="s0_sp35 s0_sp36" category="N" rule="fa"/>
    <span start="15" span="1" pos="JJ" chunk="I-NP" entity="O" id="s0_sp35" surf="above" base="above" terminal="t0_15" category="N/N"/>
    <span start="16" span="1" pos="NNS" chunk="I-NP" entity="O" id="s0_sp36" surf="conditions" base="condition" terminal="t0_16" category="N"/>
    <span id="s0_sp37" child="s0_sp38 s0_sp39" category="S[dcl=true]\NP" rule="fa"/>
    <span start="17" span="1" pos="VBP" chunk="I-VP" entity="O" id="s0_sp38" surf="are" base="be" terminal="t0_17" category="(S[dcl=true]\NP)/(S[adj=true]\NP)"/>
    <span start="18" span="1" pos="JJ" chunk="I-ADJP" entity="O" id="s0_sp39" surf="true" base="true" terminal="t0_18" category="S[adj=true]\NP"/>
    <span start="19" span="1" pos="." chunk="O" entity="O" id="s0_sp40" surf="." base="." terminal="t0_19" category="."/>
  </ccg>
</sentence>

