[04/24 17:41:25] [INFO   ] org.mutationtesting.major.plugin.MajorPluginTaskListener.<init>:
    Created MajorPluginTaskListener with options: [mml:../../major/mml/all.mml.bin]
[04/24 17:41:25] [INFO   ] org.mutationtesting.major.mutation.Mutator.initOperatorSymbols:
    Initializing operator symbols for opcode mapping
[04/24 17:41:25] [INFO   ] org.mutationtesting.major.mutation.Mutator.mutateTree:
    Mutating tree: Env[AttrContext[Scope[super, this]],outer=Env[AttrContext[Scope[java.util.List, java.util.ArrayList, g0101_0200.s0119_pascals_triangle_ii.Solution]]]]
[04/24 17:41:25] [INFO   ] org.mutationtesting.major.mutation.Mutator.visitClassDef:
    CLASS: g0101_0200.s0119_pascals_triangle_ii.Solution
[04/24 17:41:25] [INFO   ] org.mutationtesting.major.mutation.Mutator.visitMethodDef:
    METHOD: <init>([])null
[04/24 17:41:25] [INFO   ] org.mutationtesting.major.mutation.Mutator.visitMethodDef:
    METHOD: getRow([int rowIndex])List<Integer>
[04/24 17:41:25] [INFO   ] org.mutationtesting.major.mutation.Mutator.nextMutant:
    Creating mutant 1
[04/24 17:41:25] [INFO   ] org.mutationtesting.major.mutation.Mutator.logMutant:
    Logging mutant 1: Solution.getRow(line 17, col 41)
            mutation operator group:   AOR
            mutation operator:         +(int,int) |==> %(int,int)
            original:                  rowIndex + 1 
            mutant:                    rowIndex % 1
[04/24 17:41:25] [INFO   ] org.mutationtesting.major.mutation.Mutator.nextMutant:
    Creating mutant 2
[04/24 17:41:25] [INFO   ] org.mutationtesting.major.mutation.Mutator.logMutant:
    Logging mutant 2: Solution.getRow(line 17, col 41)
            mutation operator group:   AOR
            mutation operator:         +(int,int) |==> *(int,int)
            original:                  rowIndex + 1 
            mutant:                    rowIndex * 1
[04/24 17:41:25] [INFO   ] org.mutationtesting.major.mutation.Mutator.nextMutant:
    Creating mutant 3
[04/24 17:41:25] [INFO   ] org.mutationtesting.major.mutation.Mutator.logMutant:
    Logging mutant 3: Solution.getRow(line 17, col 41)
            mutation operator group:   AOR
            mutation operator:         +(int,int) |==> -(int,int)
            original:                  rowIndex + 1 
            mutant:                    rowIndex - 1
[04/24 17:41:25] [INFO   ] org.mutationtesting.major.mutation.Mutator.nextMutant:
    Creating mutant 4
[04/24 17:41:25] [INFO   ] org.mutationtesting.major.mutation.Mutator.logMutant:
    Logging mutant 4: Solution.getRow(line 17, col 41)
            mutation operator group:   AOR
            mutation operator:         +(int,int) |==> /(int,int)
            original:                  rowIndex + 1 
            mutant:                    rowIndex / 1
[04/24 17:41:25] [INFO   ] org.mutationtesting.major.mutation.Mutator.nextMutant:
    Creating mutant 5
[04/24 17:41:25] [INFO   ] org.mutationtesting.major.mutation.Mutator.logMutantSTD:
    Logging mutantSTD 5: (STD) buffer[0] = 1; -> <NO-OP>
[04/24 17:41:25] [INFO   ] org.mutationtesting.major.mutation.Mutator.nextMutant:
    Creating mutant 6
[04/24 17:41:25] [INFO   ] org.mutationtesting.major.mutation.Mutator.logMutantSTD:
    Logging mutantSTD 6: (STD) computeRow(buffer, 1); -> <NO-OP>
[04/24 17:41:25] [INFO   ] org.mutationtesting.major.mutation.Mutator.nextMutant:
    Creating mutant 7
[04/24 17:41:25] [INFO   ] org.mutationtesting.major.mutation.Mutator.logMutantSTD:
    Logging mutantSTD 7: (STD) ans.add(j); -> <NO-OP>
[04/24 17:41:25] [INFO   ] org.mutationtesting.major.mutation.Mutator.visitMethodDef:
    METHOD: computeRow([int[] buffer, int k])void
[04/24 17:41:25] [INFO   ] org.mutationtesting.major.mutation.Mutator.nextMutant:
    Creating mutant 8
[04/24 17:41:25] [INFO   ] org.mutationtesting.major.mutation.Mutator.logMutant:
    Logging mutant 8: Solution.computeRow(line 29, col 15)
            mutation operator group:   ROR
            mutation operator:         >=(int,int) |==> ==(int,int)
            original:                  k >= buffer.length 
            mutant:                    k == buffer.length
[04/24 17:41:25] [INFO   ] org.mutationtesting.major.mutation.Mutator.nextMutant:
    Creating mutant 9
[04/24 17:41:25] [INFO   ] org.mutationtesting.major.mutation.Mutator.logMutant:
    Logging mutant 9: Solution.computeRow(line 29, col 15)
            mutation operator group:   ROR
            mutation operator:         >=(int,int) |==> >(int,int)
            original:                  k >= buffer.length 
            mutant:                    k > buffer.length
[04/24 17:41:25] [INFO   ] org.mutationtesting.major.mutation.Mutator.nextMutant:
    Creating mutant 10
[04/24 17:41:25] [INFO   ] org.mutationtesting.major.mutation.Mutator.logMutant:
    Logging mutant 10: Solution.computeRow(line 29, col 15)
            mutation operator group:   ROR
            mutation operator:         >=(int,int) |==> TRUE(int,int)
            original:                  k >= buffer.length 
            mutant:                    true
[04/24 17:41:25] [INFO   ] org.mutationtesting.major.mutation.Mutator.nextMutant:
    Creating mutant 11
[04/24 17:41:25] [INFO   ] org.mutationtesting.major.mutation.Mutator.logMutantSTD:
    Logging mutantSTD 11: (STD) return; -> <NO-OP>
[04/24 17:41:25] [INFO   ] org.mutationtesting.major.mutation.Mutator.nextMutant:
    Creating mutant 12
[04/24 17:41:25] [INFO   ] org.mutationtesting.major.mutation.Mutator.logMutant:
    Logging mutant 12: Solution.computeRow(line 33, col 27)
            mutation operator group:   ROR
            mutation operator:         <(int,int) |==> !=(int,int)
            original:                  i < k 
            mutant:                    i != k
[04/24 17:41:25] [INFO   ] org.mutationtesting.major.mutation.Mutator.nextMutant:
    Creating mutant 13
[04/24 17:41:25] [INFO   ] org.mutationtesting.major.mutation.Mutator.logMutant:
    Logging mutant 13: Solution.computeRow(line 33, col 27)
            mutation operator group:   ROR
            mutation operator:         <(int,int) |==> <=(int,int)
            original:                  i < k 
            mutant:                    i <= k
[04/24 17:41:25] [INFO   ] org.mutationtesting.major.mutation.Mutator.nextMutant:
    Creating mutant 14
[04/24 17:41:25] [INFO   ] org.mutationtesting.major.mutation.Mutator.logMutant:
    Logging mutant 14: Solution.computeRow(line 33, col 27)
            mutation operator group:   ROR
            mutation operator:         <(int,int) |==> FALSE(int,int)
            original:                  i < k 
            mutant:                    false
[04/24 17:41:25] [INFO   ] org.mutationtesting.major.mutation.Mutator.nextMutant:
    Creating mutant 15
[04/24 17:41:25] [INFO   ] org.mutationtesting.major.mutation.Mutator.logMutant:
    Logging mutant 15: Solution.computeRow(line 34, col 32)
            mutation operator group:   AOR
            mutation operator:         +(int,int) |==> %(int,int)
            original:                  previous + buffer[i] 
            mutant:                    previous % buffer[i]
[04/24 17:41:25] [INFO   ] org.mutationtesting.major.mutation.Mutator.nextMutant:
    Creating mutant 16
[04/24 17:41:25] [INFO   ] org.mutationtesting.major.mutation.Mutator.logMutant:
    Logging mutant 16: Solution.computeRow(line 34, col 32)
            mutation operator group:   AOR
            mutation operator:         +(int,int) |==> *(int,int)
            original:                  previous + buffer[i] 
            mutant:                    previous * buffer[i]
[04/24 17:41:25] [INFO   ] org.mutationtesting.major.mutation.Mutator.nextMutant:
    Creating mutant 17
[04/24 17:41:25] [INFO   ] org.mutationtesting.major.mutation.Mutator.logMutant:
    Logging mutant 17: Solution.computeRow(line 34, col 32)
            mutation operator group:   AOR
            mutation operator:         +(int,int) |==> -(int,int)
            original:                  previous + buffer[i] 
            mutant:                    previous - buffer[i]
[04/24 17:41:25] [INFO   ] org.mutationtesting.major.mutation.Mutator.nextMutant:
    Creating mutant 18
[04/24 17:41:25] [INFO   ] org.mutationtesting.major.mutation.Mutator.logMutant:
    Logging mutant 18: Solution.computeRow(line 34, col 32)
            mutation operator group:   AOR
            mutation operator:         +(int,int) |==> /(int,int)
            original:                  previous + buffer[i] 
            mutant:                    previous / buffer[i]
[04/24 17:41:25] [INFO   ] org.mutationtesting.major.mutation.Mutator.nextMutant:
    Creating mutant 19
[04/24 17:41:25] [INFO   ] org.mutationtesting.major.mutation.Mutator.logMutantSTD:
    Logging mutantSTD 19: (STD) previous = buffer[i]; -> <NO-OP>
[04/24 17:41:25] [INFO   ] org.mutationtesting.major.mutation.Mutator.nextMutant:
    Creating mutant 20
[04/24 17:41:25] [INFO   ] org.mutationtesting.major.mutation.Mutator.logMutantSTD:
    Logging mutantSTD 20: (STD) buffer[i] = tmp; -> <NO-OP>
[04/24 17:41:25] [INFO   ] org.mutationtesting.major.mutation.Mutator.nextMutant:
    Creating mutant 21
[04/24 17:41:25] [INFO   ] org.mutationtesting.major.mutation.Mutator.logMutantSTD:
    Logging mutantSTD 21: (STD) buffer[k] = 1; -> <NO-OP>
[04/24 17:41:25] [INFO   ] org.mutationtesting.major.mutation.Mutator.nextMutant:
    Creating mutant 22
[04/24 17:41:25] [INFO   ] org.mutationtesting.major.mutation.Mutator.logMutant:
    Logging mutant 22: Solution.computeRow(line 39, col 30)
            mutation operator group:   AOR
            mutation operator:         +(int,int) |==> %(int,int)
            original:                  k + 1 
            mutant:                    k % 1
[04/24 17:41:25] [INFO   ] org.mutationtesting.major.mutation.Mutator.nextMutant:
    Creating mutant 23
[04/24 17:41:25] [INFO   ] org.mutationtesting.major.mutation.Mutator.logMutant:
    Logging mutant 23: Solution.computeRow(line 39, col 30)
            mutation operator group:   AOR
            mutation operator:         +(int,int) |==> *(int,int)
            original:                  k + 1 
            mutant:                    k * 1
[04/24 17:41:25] [INFO   ] org.mutationtesting.major.mutation.Mutator.nextMutant:
    Creating mutant 24
[04/24 17:41:25] [INFO   ] org.mutationtesting.major.mutation.Mutator.logMutant:
    Logging mutant 24: Solution.computeRow(line 39, col 30)
            mutation operator group:   AOR
            mutation operator:         +(int,int) |==> -(int,int)
            original:                  k + 1 
            mutant:                    k - 1
[04/24 17:41:25] [INFO   ] org.mutationtesting.major.mutation.Mutator.nextMutant:
    Creating mutant 25
[04/24 17:41:25] [INFO   ] org.mutationtesting.major.mutation.Mutator.logMutant:
    Logging mutant 25: Solution.computeRow(line 39, col 30)
            mutation operator group:   AOR
            mutation operator:         +(int,int) |==> /(int,int)
            original:                  k + 1 
            mutant:                    k / 1
[04/24 17:41:25] [INFO   ] org.mutationtesting.major.mutation.Mutator.nextMutant:
    Creating mutant 26
[04/24 17:41:25] [INFO   ] org.mutationtesting.major.mutation.Mutator.logMutantSTD:
    Logging mutantSTD 26: (STD) computeRow(buffer, k + 1); -> <NO-OP>
[04/24 17:41:25] [INFO   ] org.mutationtesting.major.plugin.MajorPluginTaskListener.mutate:
    Generated 26 mutants (66 ms)
