[06/24 16:49:48] [INFO   ] org.mutationtesting.major.plugin.MajorPluginTaskListener.<init>:
    Created MajorPluginTaskListener with options: [mml:../../major/mml/all.mml.bin]
[06/24 16:49:48] [INFO   ] org.mutationtesting.major.mutation.Mutator.initOperatorSymbols:
    Initializing operator symbols for opcode mapping
[06/24 16:49:48] [INFO   ] org.mutationtesting.major.mutation.Mutator.mutateTree:
    Mutating tree: Env[AttrContext[Scope[super, this]],outer=Env[AttrContext[Scope[java.util.Collections, java.util.Arrays, g0101_0200.s0171_excel_sheet_column_number.Solution]]]]
[06/24 16:49:48] [INFO   ] org.mutationtesting.major.mutation.Mutator.visitClassDef:
    CLASS: g0101_0200.s0171_excel_sheet_column_number.Solution
[06/24 16:49:48] [INFO   ] org.mutationtesting.major.mutation.Mutator.visitMethodDef:
    METHOD: <init>([])null
[06/24 16:49:48] [INFO   ] org.mutationtesting.major.mutation.Mutator.visitMethodDef:
    METHOD: titleToNumber([String s])int
[06/24 16:49:48] [INFO   ] org.mutationtesting.major.mutation.Mutator.nextMutant:
    Creating mutant 1
[06/24 16:49:48] [INFO   ] org.mutationtesting.major.mutation.Mutator.logMutant:
    Logging mutant 1: Solution.titleToNumber(line 18, col 33)
            mutation operator group:   AOR
            mutation operator:         -(int,int) |==> %(int,int)
            original:                  s.length() - 1 
            mutant:                    s.length() % 1
[06/24 16:49:48] [INFO   ] org.mutationtesting.major.mutation.Mutator.nextMutant:
    Creating mutant 2
[06/24 16:49:48] [INFO   ] org.mutationtesting.major.mutation.Mutator.logMutant:
    Logging mutant 2: Solution.titleToNumber(line 18, col 33)
            mutation operator group:   AOR
            mutation operator:         -(int,int) |==> *(int,int)
            original:                  s.length() - 1 
            mutant:                    s.length() * 1
[06/24 16:49:48] [INFO   ] org.mutationtesting.major.mutation.Mutator.nextMutant:
    Creating mutant 3
[06/24 16:49:48] [INFO   ] org.mutationtesting.major.mutation.Mutator.logMutant:
    Logging mutant 3: Solution.titleToNumber(line 18, col 33)
            mutation operator group:   AOR
            mutation operator:         -(int,int) |==> +(int,int)
            original:                  s.length() - 1 
            mutant:                    s.length() + 1
[06/24 16:49:48] [INFO   ] org.mutationtesting.major.mutation.Mutator.nextMutant:
    Creating mutant 4
[06/24 16:49:48] [INFO   ] org.mutationtesting.major.mutation.Mutator.logMutant:
    Logging mutant 4: Solution.titleToNumber(line 18, col 33)
            mutation operator group:   AOR
            mutation operator:         -(int,int) |==> /(int,int)
            original:                  s.length() - 1 
            mutant:                    s.length() / 1
[06/24 16:49:48] [INFO   ] org.mutationtesting.major.mutation.Mutator.nextMutant:
    Creating mutant 5
[06/24 16:49:48] [INFO   ] org.mutationtesting.major.mutation.Mutator.logMutant:
    Logging mutant 5: Solution.titleToNumber(line 18, col 40)
            mutation operator group:   ROR
            mutation operator:         >=(int,int) |==> ==(int,int)
            original:                  i >= 0 
            mutant:                    i == 0
[06/24 16:49:48] [INFO   ] org.mutationtesting.major.mutation.Mutator.nextMutant:
    Creating mutant 6
[06/24 16:49:48] [INFO   ] org.mutationtesting.major.mutation.Mutator.logMutant:
    Logging mutant 6: Solution.titleToNumber(line 18, col 40)
            mutation operator group:   ROR
            mutation operator:         >=(int,int) |==> >(int,int)
            original:                  i >= 0 
            mutant:                    i > 0
[06/24 16:49:48] [INFO   ] org.mutationtesting.major.mutation.Mutator.nextMutant:
    Creating mutant 7
[06/24 16:49:48] [INFO   ] org.mutationtesting.major.mutation.Mutator.logMutant:
    Logging mutant 7: Solution.titleToNumber(line 18, col 40)
            mutation operator group:   ROR
            mutation operator:         >=(int,int) |==> TRUE(int,int)
            original:                  i >= 0 
            mutant:                    true
[06/24 16:49:48] [INFO   ] org.mutationtesting.major.mutation.Mutator.nextMutant:
    Creating mutant 8
[06/24 16:49:48] [INFO   ] org.mutationtesting.major.mutation.Mutator.logMutant:
    Logging mutant 8: Solution.titleToNumber(line 19, col 61)
            mutation operator group:   AOR
            mutation operator:         -(int,int) |==> %(int,int)
            original:                  s.charAt(i) - 'A' 
            mutant:                    s.charAt(i) % 'A'
[06/24 16:49:48] [INFO   ] org.mutationtesting.major.mutation.Mutator.nextMutant:
    Creating mutant 9
[06/24 16:49:48] [INFO   ] org.mutationtesting.major.mutation.Mutator.logMutant:
    Logging mutant 9: Solution.titleToNumber(line 19, col 61)
            mutation operator group:   AOR
            mutation operator:         -(int,int) |==> *(int,int)
            original:                  s.charAt(i) - 'A' 
            mutant:                    s.charAt(i) * 'A'
[06/24 16:49:48] [INFO   ] org.mutationtesting.major.mutation.Mutator.nextMutant:
    Creating mutant 10
[06/24 16:49:48] [INFO   ] org.mutationtesting.major.mutation.Mutator.logMutant:
    Logging mutant 10: Solution.titleToNumber(line 19, col 61)
            mutation operator group:   AOR
            mutation operator:         -(int,int) |==> +(int,int)
            original:                  s.charAt(i) - 'A' 
            mutant:                    s.charAt(i) + 'A'
[06/24 16:49:48] [INFO   ] org.mutationtesting.major.mutation.Mutator.nextMutant:
    Creating mutant 11
[06/24 16:49:48] [INFO   ] org.mutationtesting.major.mutation.Mutator.logMutant:
    Logging mutant 11: Solution.titleToNumber(line 19, col 61)
            mutation operator group:   AOR
            mutation operator:         -(int,int) |==> /(int,int)
            original:                  s.charAt(i) - 'A' 
            mutant:                    s.charAt(i) / 'A'
[06/24 16:49:48] [INFO   ] org.mutationtesting.major.mutation.Mutator.nextMutant:
    Creating mutant 12
[06/24 16:49:48] [INFO   ] org.mutationtesting.major.mutation.Mutator.logMutant:
    Logging mutant 12: Solution.titleToNumber(line 19, col 67)
            mutation operator group:   AOR
            mutation operator:         +(int,int) |==> %(int,int)
            original:                  s.charAt(i) - 'A' + 1 
            mutant:                    (s.charAt(i) - 'A') % 1
[06/24 16:49:48] [INFO   ] org.mutationtesting.major.mutation.Mutator.nextMutant:
    Creating mutant 13
[06/24 16:49:48] [INFO   ] org.mutationtesting.major.mutation.Mutator.logMutant:
    Logging mutant 13: Solution.titleToNumber(line 19, col 67)
            mutation operator group:   AOR
            mutation operator:         +(int,int) |==> *(int,int)
            original:                  s.charAt(i) - 'A' + 1 
            mutant:                    (s.charAt(i) - 'A') * 1
[06/24 16:49:48] [INFO   ] org.mutationtesting.major.mutation.Mutator.nextMutant:
    Creating mutant 14
[06/24 16:49:48] [INFO   ] org.mutationtesting.major.mutation.Mutator.logMutant:
    Logging mutant 14: Solution.titleToNumber(line 19, col 67)
            mutation operator group:   AOR
            mutation operator:         +(int,int) |==> -(int,int)
            original:                  s.charAt(i) - 'A' + 1 
            mutant:                    s.charAt(i) - 'A' - 1
[06/24 16:49:48] [INFO   ] org.mutationtesting.major.mutation.Mutator.nextMutant:
    Creating mutant 15
[06/24 16:49:48] [INFO   ] org.mutationtesting.major.mutation.Mutator.logMutant:
    Logging mutant 15: Solution.titleToNumber(line 19, col 67)
            mutation operator group:   AOR
            mutation operator:         +(int,int) |==> /(int,int)
            original:                  s.charAt(i) - 'A' + 1 
            mutant:                    (s.charAt(i) - 'A') / 1
[06/24 16:49:48] [INFO   ] org.mutationtesting.major.mutation.Mutator.nextMutant:
    Creating mutant 16
[06/24 16:49:48] [INFO   ] org.mutationtesting.major.mutation.Mutator.logMutant:
    Logging mutant 16: Solution.titleToNumber(line 19, col 46)
            mutation operator group:   AOR
            mutation operator:         *(int,int) |==> %(int,int)
            original:                  (int)Math.pow(26, pow++) * (s.charAt(i) - 'A' + 1) 
            mutant:                    (int)Math.pow(26, pow++) % (s.charAt(i) - 'A' + 1)
[06/24 16:49:48] [INFO   ] org.mutationtesting.major.mutation.Mutator.nextMutant:
    Creating mutant 17
[06/24 16:49:48] [INFO   ] org.mutationtesting.major.mutation.Mutator.logMutant:
    Logging mutant 17: Solution.titleToNumber(line 19, col 46)
            mutation operator group:   AOR
            mutation operator:         *(int,int) |==> +(int,int)
            original:                  (int)Math.pow(26, pow++) * (s.charAt(i) - 'A' + 1) 
            mutant:                    (int)Math.pow(26, pow++) + (s.charAt(i) - 'A' + 1)
[06/24 16:49:48] [INFO   ] org.mutationtesting.major.mutation.Mutator.nextMutant:
    Creating mutant 18
[06/24 16:49:48] [INFO   ] org.mutationtesting.major.mutation.Mutator.logMutant:
    Logging mutant 18: Solution.titleToNumber(line 19, col 46)
            mutation operator group:   AOR
            mutation operator:         *(int,int) |==> -(int,int)
            original:                  (int)Math.pow(26, pow++) * (s.charAt(i) - 'A' + 1) 
            mutant:                    (int)Math.pow(26, pow++) - (s.charAt(i) - 'A' + 1)
[06/24 16:49:48] [INFO   ] org.mutationtesting.major.mutation.Mutator.nextMutant:
    Creating mutant 19
[06/24 16:49:48] [INFO   ] org.mutationtesting.major.mutation.Mutator.logMutant:
    Logging mutant 19: Solution.titleToNumber(line 19, col 46)
            mutation operator group:   AOR
            mutation operator:         *(int,int) |==> /(int,int)
            original:                  (int)Math.pow(26, pow++) * (s.charAt(i) - 'A' + 1) 
            mutant:                    (int)Math.pow(26, pow++) / (s.charAt(i) - 'A' + 1)
[06/24 16:49:48] [INFO   ] org.mutationtesting.major.mutation.Mutator.nextMutant:
    Creating mutant 20
[06/24 16:49:48] [INFO   ] org.mutationtesting.major.mutation.Mutator.logMutantSTD:
    Logging mutantSTD 20: (STD) num += (int)Math.pow(26, pow++) * (s.charAt(i) - 'A' + 1); -> <NO-OP>
[06/24 16:49:48] [INFO   ] org.mutationtesting.major.plugin.MajorPluginTaskListener.mutate:
    Generated 20 mutants (83 ms)
