ERROR:root:Failed to parse \V Q K.V(Q,\e.((_ = {VBP})(e) & K(e))). Error: The function '(_ = {VBP})' is not a Lambda Expression, an Application Expression, or a functional predicate, so it may not take arguments.
\V Q K.V(Q,\e.((_ = {VBP})(e) & K(e)))
                         ^
ERROR:root:An error occurred: The function '(_ = {VBP})' is not a Lambda Expression, an Application Expression, or a functional predicate, so it may not take arguments.
\V Q K.V(Q,\e.((_ = {VBP})(e) & K(e)))
                         ^
Sentence: Input : digits = [ 4 , 3 , 2 , 1 ]
Tree XML:
<sentence>
  <tokens>
    <token start="0" span="1" pos="NNP" chunk="I-NP" entity="O" cat="N" id="t0_0" surf="Input" base="input"/>
    <token start="1" span="1" pos="IN" chunk="O" entity="O" cat="(NP\NP)/S[dcl]" id="t0_1" surf=":" base=":"/>
    <token start="2" span="1" pos="NNS" chunk="I-NP" entity="O" cat="N" id="t0_2" surf="digits" base="digit"/>
    <token start="3" span="1" pos="VBP" chunk="I-VP" entity="O" cat="(S[dcl]\NP)/(S[adj]\NP)" id="t0_3" surf="=" base="="/>
    <token start="4" span="1" pos="JJ" chunk="I-NP" entity="I-DAT" cat="(S[adj]\NP)/NP" id="t0_4" surf="[" base="["/>
    <token start="5" span="1" pos="CD" chunk="I-NP" entity="I-DAT" cat="N" id="t0_5" surf="4" base="4"/>
    <token start="6" span="1" pos="," chunk="I-NP" entity="I-DAT" cat="," id="t0_6" surf="," base=","/>
    <token start="7" span="1" pos="CD" chunk="I-NP" entity="I-DAT" cat="N" id="t0_7" surf="3" base="3"/>
    <token start="8" span="1" pos="," chunk="I-NP" entity="I-DAT" cat="," id="t0_8" surf="," base=","/>
    <token start="9" span="1" pos="CD" chunk="I-NP" entity="I-DAT" cat="N" id="t0_9" surf="2" base="2"/>
    <token start="10" span="1" pos="," chunk="I-NP" entity="I-DAT" cat="," id="t0_10" surf="," base=","/>
    <token start="11" span="1" pos="CD" chunk="I-NP" entity="I-DAT" cat="N/N" id="t0_11" surf="1" base="1"/>
    <token start="12" span="1" pos="NN" chunk="I-NP" entity="I-DAT" cat="N" id="t0_12" surf="]" base="]"/>
  </tokens>
  <ccg root="s0_sp0" id="s0_ccg0">
    <span root="true" id="s0_sp0" child="s0_sp1 s0_sp3" category="NP" rule="ba"/>
    <span id="s0_sp1" child="s0_sp2" category="NP" rule="lex"/>
    <span start="0" span="1" pos="NNP" chunk="I-NP" entity="O" id="s0_sp2" surf="Input" base="input" terminal="t0_0" category="N"/>
    <span id="s0_sp3" child="s0_sp4 s0_sp5" category="NP\NP" rule="fa"/>
    <span start="1" span="1" pos="IN" chunk="O" entity="O" id="s0_sp4" surf=":" base=":" terminal="t0_1" category="(NP\NP)/S[dcl=true]"/>
    <span id="s0_sp5" child="s0_sp6 s0_sp8" category="S[dcl=true]" rule="ba"/>
    <span id="s0_sp6" child="s0_sp7" category="NP" rule="lex"/>
    <span start="2" span="1" pos="NNS" chunk="I-NP" entity="O" id="s0_sp7" surf="digits" base="digit" terminal="t0_2" category="N"/>
    <span id="s0_sp8" child="s0_sp9 s0_sp10" category="S[dcl=true]\NP" rule="fa"/>
    <span start="3" span="1" pos="VBP" chunk="I-VP" entity="O" id="s0_sp9" surf="=" base="=" terminal="t0_3" category="(S[dcl=true]\NP)/(S[adj=true]\NP)"/>
    <span id="s0_sp10" child="s0_sp11 s0_sp12" category="S[adj=true]\NP" rule="fa"/>
    <span start="4" span="1" pos="JJ" chunk="I-NP" entity="I-DAT" id="s0_sp11" surf="[" base="[" terminal="t0_4" category="(S[adj=true]\NP)/NP"/>
    <span id="s0_sp12" child="s0_sp13" category="NP" rule="lex"/>
    <span id="s0_sp13" child="s0_sp14 s0_sp15" category="N" rule="ba"/>
    <span start="5" span="1" pos="CD" chunk="I-NP" entity="I-DAT" id="s0_sp14" surf="4" base="4" terminal="t0_5" category="N"/>
    <span id="s0_sp15" child="s0_sp16 s0_sp17" category="N\N" rule="conj"/>
    <span start="6" span="1" pos="," chunk="I-NP" entity="I-DAT" id="s0_sp16" surf="," base="," terminal="t0_6" category="=true,"/>
    <span id="s0_sp17" child="s0_sp18 s0_sp19" category="N" rule="ba"/>
    <span start="7" span="1" pos="CD" chunk="I-NP" entity="I-DAT" id="s0_sp18" surf="3" base="3" terminal="t0_7" category="N"/>
    <span id="s0_sp19" child="s0_sp20 s0_sp21" category="N\N" rule="conj"/>
    <span start="8" span="1" pos="," chunk="I-NP" entity="I-DAT" id="s0_sp20" surf="," base="," terminal="t0_8" category="=true,"/>
    <span id="s0_sp21" child="s0_sp22 s0_sp23" category="N" rule="ba"/>
    <span start="9" span="1" pos="CD" chunk="I-NP" entity="I-DAT" id="s0_sp22" surf="2" base="2" terminal="t0_9" category="N"/>
    <span id="s0_sp23" child="s0_sp24 s0_sp25" category="N\N" rule="conj"/>
    <span start="10" span="1" pos="," chunk="I-NP" entity="I-DAT" id="s0_sp24" surf="," base="," terminal="t0_10" category="=true,"/>
    <span id="s0_sp25" child="s0_sp26 s0_sp27" category="N" rule="fa"/>
    <span start="11" span="1" pos="CD" chunk="I-NP" entity="I-DAT" id="s0_sp26" surf="1" base="1" terminal="t0_11" category="N/N"/>
    <span start="12" span="1" pos="NN" chunk="I-NP" entity="I-DAT" id="s0_sp27" surf="]" base="]" terminal="t0_12" category="N"/>
  </ccg>
</sentence>

