ERROR:root:Failed to parse \x.((_ = {NN})(x) & _1{CD}(x)). Error: The function '(_ = {NN})' is not a Lambda Expression, an Application Expression, or a functional predicate, so it may not take arguments.
\x.((_ = {NN})(x) & _1{CD}(x))
             ^
ERROR:root:An error occurred: The function '(_ = {NN})' is not a Lambda Expression, an Application Expression, or a functional predicate, so it may not take arguments.
\x.((_ = {NN})(x) & _1{CD}(x))
             ^
Sentence: Incrementing by one gives 123 + 1 = 124 .
Tree XML:
<sentence>
  <tokens>
    <token start="0" span="1" pos="VBG" chunk="I-VP" entity="O" cat="N" id="t0_0" surf="Incrementing" base="increment"/>
    <token start="1" span="1" pos="IN" chunk="I-PP" entity="O" cat="(NP\NP)/NP" id="t0_1" surf="by" base="by"/>
    <token start="2" span="1" pos="CD" chunk="I-NP" entity="O" cat="N" id="t0_2" surf="one" base="one"/>
    <token start="3" span="1" pos="VBZ" chunk="I-VP" entity="O" cat="((S[dcl]\NP)/NP)/NP" id="t0_3" surf="gives" base="give"/>
    <token start="4" span="1" pos="CD" chunk="I-NP" entity="O" cat="N/N" id="t0_4" surf="123" base="123"/>
    <token start="5" span="1" pos="NN" chunk="I-NP" entity="O" cat="N/N" id="t0_5" surf="+" base="+"/>
    <token start="6" span="1" pos="CD" chunk="I-NP" entity="O" cat="N/N" id="t0_6" surf="1" base="1"/>
    <token start="7" span="1" pos="NN" chunk="I-NP" entity="I-DAT" cat="N" id="t0_7" surf="=" base="="/>
    <token start="8" span="1" pos="CD" chunk="I-NP" entity="I-DAT" cat="N" id="t0_8" surf="124" base="124"/>
    <token start="9" span="1" pos="." chunk="O" entity="O" cat="." id="t0_9" surf="." base="."/>
  </tokens>
  <ccg root="s0_sp0" id="s0_ccg0">
    <span root="true" id="s0_sp0" child="s0_sp1 s0_sp22" category="S[dcl=true]" rule="rp"/>
    <span id="s0_sp1" child="s0_sp2 s0_sp9" category="S[dcl=true]" rule="ba"/>
    <span id="s0_sp2" child="s0_sp3 s0_sp5" category="NP" rule="ba"/>
    <span id="s0_sp3" child="s0_sp4" category="NP" rule="lex"/>
    <span start="0" span="1" pos="VBG" chunk="I-VP" entity="O" id="s0_sp4" surf="Incrementing" base="increment" terminal="t0_0" category="N"/>
    <span id="s0_sp5" child="s0_sp6 s0_sp7" category="NP\NP" rule="fa"/>
    <span start="1" span="1" pos="IN" chunk="I-PP" entity="O" id="s0_sp6" surf="by" base="by" terminal="t0_1" category="(NP\NP)/NP"/>
    <span id="s0_sp7" child="s0_sp8" category="NP" rule="lex"/>
    <span start="2" span="1" pos="CD" chunk="I-NP" entity="O" id="s0_sp8" surf="one" base="one" terminal="t0_2" category="N"/>
    <span id="s0_sp9" child="s0_sp10 s0_sp20" category="S[dcl=true]\NP" rule="fa"/>
    <span id="s0_sp10" child="s0_sp11 s0_sp12" category="(S[dcl=true]\NP)/NP" rule="fa"/>
    <span start="3" span="1" pos="VBZ" chunk="I-VP" entity="O" id="s0_sp11" surf="gives" base="give" terminal="t0_3" category="((S[dcl=true]\NP)/NP)/NP"/>
    <span id="s0_sp12" child="s0_sp13" category="NP" rule="lex"/>
    <span id="s0_sp13" child="s0_sp14 s0_sp15" category="N" rule="fa"/>
    <span start="4" span="1" pos="CD" chunk="I-NP" entity="O" id="s0_sp14" surf="123" base="123" terminal="t0_4" category="N/N"/>
    <span id="s0_sp15" child="s0_sp16 s0_sp17" category="N" rule="fa"/>
    <span start="5" span="1" pos="NN" chunk="I-NP" entity="O" id="s0_sp16" surf="+" base="+" terminal="t0_5" category="N/N"/>
    <span id="s0_sp17" child="s0_sp18 s0_sp19" category="N" rule="fa"/>
    <span start="6" span="1" pos="CD" chunk="I-NP" entity="O" id="s0_sp18" surf="1" base="1" terminal="t0_6" category="N/N"/>
    <span start="7" span="1" pos="NN" chunk="I-NP" entity="I-DAT" id="s0_sp19" surf="=" base="=" terminal="t0_7" category="N"/>
    <span id="s0_sp20" child="s0_sp21" category="NP" rule="lex"/>
    <span start="8" span="1" pos="CD" chunk="I-NP" entity="I-DAT" id="s0_sp21" surf="124" base="124" terminal="t0_8" category="N"/>
    <span start="9" span="1" pos="." chunk="O" entity="O" id="s0_sp22" surf="." base="." terminal="t0_9" category="."/>
  </ccg>
</sentence>

