1:STD:<CALL>:<NO-OP>:g0101_0200.s0135_candy.Solution@candy(int[]):13:Arrays.fill(candies, 1); |==> <NO-OP>
2:AOR:-(int,int):%(int,int):g0101_0200.s0135_candy.Solution@candy(int[]):14:ratings.length - 1 |==> ratings.length % 1
3:AOR:-(int,int):*(int,int):g0101_0200.s0135_candy.Solution@candy(int[]):14:ratings.length - 1 |==> ratings.length * 1
4:AOR:-(int,int):+(int,int):g0101_0200.s0135_candy.Solution@candy(int[]):14:ratings.length - 1 |==> ratings.length + 1
5:AOR:-(int,int):/(int,int):g0101_0200.s0135_candy.Solution@candy(int[]):14:ratings.length - 1 |==> ratings.length / 1
6:ROR:<(int,int):!=(int,int):g0101_0200.s0135_candy.Solution@candy(int[]):14:i < ratings.length - 1 |==> i != ratings.length - 1
7:ROR:<(int,int):<=(int,int):g0101_0200.s0135_candy.Solution@candy(int[]):14:i < ratings.length - 1 |==> i <= ratings.length - 1
8:ROR:<(int,int):FALSE(int,int):g0101_0200.s0135_candy.Solution@candy(int[]):14:i < ratings.length - 1 |==> false
9:AOR:+(int,int):%(int,int):g0101_0200.s0135_candy.Solution@candy(int[]):15:i + 1 |==> i % 1
10:AOR:+(int,int):*(int,int):g0101_0200.s0135_candy.Solution@candy(int[]):15:i + 1 |==> i * 1
11:AOR:+(int,int):-(int,int):g0101_0200.s0135_candy.Solution@candy(int[]):15:i + 1 |==> i - 1
12:AOR:+(int,int):/(int,int):g0101_0200.s0135_candy.Solution@candy(int[]):15:i + 1 |==> i / 1
13:ROR:>(int,int):!=(int,int):g0101_0200.s0135_candy.Solution@candy(int[]):15:ratings[i + 1] > ratings[i] |==> ratings[i + 1] != ratings[i]
14:ROR:>(int,int):>=(int,int):g0101_0200.s0135_candy.Solution@candy(int[]):15:ratings[i + 1] > ratings[i] |==> ratings[i + 1] >= ratings[i]
15:ROR:>(int,int):FALSE(int,int):g0101_0200.s0135_candy.Solution@candy(int[]):15:ratings[i + 1] > ratings[i] |==> false
16:AOR:+(int,int):%(int,int):g0101_0200.s0135_candy.Solution@candy(int[]):16:i + 1 |==> i % 1
17:AOR:+(int,int):*(int,int):g0101_0200.s0135_candy.Solution@candy(int[]):16:i + 1 |==> i * 1
18:AOR:+(int,int):-(int,int):g0101_0200.s0135_candy.Solution@candy(int[]):16:i + 1 |==> i - 1
19:AOR:+(int,int):/(int,int):g0101_0200.s0135_candy.Solution@candy(int[]):16:i + 1 |==> i / 1
20:AOR:+(int,int):%(int,int):g0101_0200.s0135_candy.Solution@candy(int[]):16:candies[i] + 1 |==> candies[i] % 1
21:AOR:+(int,int):*(int,int):g0101_0200.s0135_candy.Solution@candy(int[]):16:candies[i] + 1 |==> candies[i] * 1
22:AOR:+(int,int):-(int,int):g0101_0200.s0135_candy.Solution@candy(int[]):16:candies[i] + 1 |==> candies[i] - 1
23:AOR:+(int,int):/(int,int):g0101_0200.s0135_candy.Solution@candy(int[]):16:candies[i] + 1 |==> candies[i] / 1
24:STD:<ASSIGN>:<NO-OP>:g0101_0200.s0135_candy.Solution@candy(int[]):16:candies[i + 1] = candies[i] + 1; |==> <NO-OP>
25:AOR:-(int,int):%(int,int):g0101_0200.s0135_candy.Solution@candy(int[]):19:ratings.length - 1 |==> ratings.length % 1
26:AOR:-(int,int):*(int,int):g0101_0200.s0135_candy.Solution@candy(int[]):19:ratings.length - 1 |==> ratings.length * 1
27:AOR:-(int,int):+(int,int):g0101_0200.s0135_candy.Solution@candy(int[]):19:ratings.length - 1 |==> ratings.length + 1
28:AOR:-(int,int):/(int,int):g0101_0200.s0135_candy.Solution@candy(int[]):19:ratings.length - 1 |==> ratings.length / 1
29:ROR:>(int,int):!=(int,int):g0101_0200.s0135_candy.Solution@candy(int[]):19:i > 0 |==> i != 0
30:ROR:>(int,int):>=(int,int):g0101_0200.s0135_candy.Solution@candy(int[]):19:i > 0 |==> i >= 0
31:ROR:>(int,int):FALSE(int,int):g0101_0200.s0135_candy.Solution@candy(int[]):19:i > 0 |==> false
32:AOR:-(int,int):%(int,int):g0101_0200.s0135_candy.Solution@candy(int[]):20:i - 1 |==> i % 1
33:AOR:-(int,int):*(int,int):g0101_0200.s0135_candy.Solution@candy(int[]):20:i - 1 |==> i * 1
34:AOR:-(int,int):+(int,int):g0101_0200.s0135_candy.Solution@candy(int[]):20:i - 1 |==> i + 1
35:AOR:-(int,int):/(int,int):g0101_0200.s0135_candy.Solution@candy(int[]):20:i - 1 |==> i / 1
36:ROR:>(int,int):!=(int,int):g0101_0200.s0135_candy.Solution@candy(int[]):20:ratings[i - 1] > ratings[i] |==> ratings[i - 1] != ratings[i]
37:ROR:>(int,int):>=(int,int):g0101_0200.s0135_candy.Solution@candy(int[]):20:ratings[i - 1] > ratings[i] |==> ratings[i - 1] >= ratings[i]
38:ROR:>(int,int):FALSE(int,int):g0101_0200.s0135_candy.Solution@candy(int[]):20:ratings[i - 1] > ratings[i] |==> false
39:AOR:-(int,int):%(int,int):g0101_0200.s0135_candy.Solution@candy(int[]):20:i - 1 |==> i % 1
40:AOR:-(int,int):*(int,int):g0101_0200.s0135_candy.Solution@candy(int[]):20:i - 1 |==> i * 1
41:AOR:-(int,int):+(int,int):g0101_0200.s0135_candy.Solution@candy(int[]):20:i - 1 |==> i + 1
42:AOR:-(int,int):/(int,int):g0101_0200.s0135_candy.Solution@candy(int[]):20:i - 1 |==> i / 1
43:AOR:+(int,int):%(int,int):g0101_0200.s0135_candy.Solution@candy(int[]):20:candies[i] + 1 |==> candies[i] % 1
44:AOR:+(int,int):*(int,int):g0101_0200.s0135_candy.Solution@candy(int[]):20:candies[i] + 1 |==> candies[i] * 1
45:AOR:+(int,int):-(int,int):g0101_0200.s0135_candy.Solution@candy(int[]):20:candies[i] + 1 |==> candies[i] - 1
46:AOR:+(int,int):/(int,int):g0101_0200.s0135_candy.Solution@candy(int[]):20:candies[i] + 1 |==> candies[i] / 1
47:ROR:<(int,int):!=(int,int):g0101_0200.s0135_candy.Solution@candy(int[]):20:candies[i - 1] < candies[i] + 1 |==> candies[i - 1] != candies[i] + 1
48:ROR:<(int,int):<=(int,int):g0101_0200.s0135_candy.Solution@candy(int[]):20:candies[i - 1] < candies[i] + 1 |==> candies[i - 1] <= candies[i] + 1
49:ROR:<(int,int):FALSE(int,int):g0101_0200.s0135_candy.Solution@candy(int[]):20:candies[i - 1] < candies[i] + 1 |==> false
50:COR:&&(boolean,boolean):==(boolean,boolean):g0101_0200.s0135_candy.Solution@candy(int[]):20:ratings[i - 1] > ratings[i] && candies[i - 1] < candies[i] + 1 |==> ratings[i - 1] > ratings[i] == candies[i - 1] < candies[i] + 1
51:COR:&&(boolean,boolean):FALSE(boolean,boolean):g0101_0200.s0135_candy.Solution@candy(int[]):20:ratings[i - 1] > ratings[i] && candies[i - 1] < candies[i] + 1 |==> false
52:COR:&&(boolean,boolean):LHS(boolean,boolean):g0101_0200.s0135_candy.Solution@candy(int[]):20:ratings[i - 1] > ratings[i] && candies[i - 1] < candies[i] + 1 |==> ratings[i - 1] > ratings[i]
53:COR:&&(boolean,boolean):RHS(boolean,boolean):g0101_0200.s0135_candy.Solution@candy(int[]):20:ratings[i - 1] > ratings[i] && candies[i - 1] < candies[i] + 1 |==> candies[i - 1] < candies[i] + 1
54:AOR:-(int,int):%(int,int):g0101_0200.s0135_candy.Solution@candy(int[]):21:i - 1 |==> i % 1
55:AOR:-(int,int):*(int,int):g0101_0200.s0135_candy.Solution@candy(int[]):21:i - 1 |==> i * 1
56:AOR:-(int,int):+(int,int):g0101_0200.s0135_candy.Solution@candy(int[]):21:i - 1 |==> i + 1
57:AOR:-(int,int):/(int,int):g0101_0200.s0135_candy.Solution@candy(int[]):21:i - 1 |==> i / 1
58:AOR:+(int,int):%(int,int):g0101_0200.s0135_candy.Solution@candy(int[]):21:candies[i] + 1 |==> candies[i] % 1
59:AOR:+(int,int):*(int,int):g0101_0200.s0135_candy.Solution@candy(int[]):21:candies[i] + 1 |==> candies[i] * 1
60:AOR:+(int,int):-(int,int):g0101_0200.s0135_candy.Solution@candy(int[]):21:candies[i] + 1 |==> candies[i] - 1
61:AOR:+(int,int):/(int,int):g0101_0200.s0135_candy.Solution@candy(int[]):21:candies[i] + 1 |==> candies[i] / 1
62:STD:<ASSIGN>:<NO-OP>:g0101_0200.s0135_candy.Solution@candy(int[]):21:candies[i - 1] = candies[i] + 1; |==> <NO-OP>
63:STD:<ASSIGN>:<NO-OP>:g0101_0200.s0135_candy.Solution@candy(int[]):26:total += candy; |==> <NO-OP>
