[04/24 17:41:55] [INFO   ] org.mutationtesting.major.plugin.MajorPluginTaskListener.<init>:
    Created MajorPluginTaskListener with options: [mml:../../major/mml/all.mml.bin]
[04/24 17:41:55] [INFO   ] org.mutationtesting.major.mutation.Mutator.initOperatorSymbols:
    Initializing operator symbols for opcode mapping
[04/24 17:41:55] [INFO   ] org.mutationtesting.major.mutation.Mutator.mutateTree:
    Mutating tree: Env[AttrContext[Scope[super, this]],outer=Env[AttrContext[Scope[g0001_0100.s0042_trapping_rain_water.Solution]]]]
[04/24 17:41:55] [INFO   ] org.mutationtesting.major.mutation.Mutator.visitClassDef:
    CLASS: g0001_0100.s0042_trapping_rain_water.Solution
[04/24 17:41:55] [INFO   ] org.mutationtesting.major.mutation.Mutator.visitMethodDef:
    METHOD: <init>([])null
[04/24 17:41:55] [INFO   ] org.mutationtesting.major.mutation.Mutator.visitMethodDef:
    METHOD: trap([int[] height])int
[04/24 17:41:55] [INFO   ] org.mutationtesting.major.mutation.Mutator.nextMutant:
    Creating mutant 1
[04/24 17:41:55] [INFO   ] org.mutationtesting.major.mutation.Mutator.logMutant:
    Logging mutant 1: Solution.trap(line 12, col 31)
            mutation operator group:   AOR
            mutation operator:         -(int,int) |==> %(int,int)
            original:                  height.length - 1 
            mutant:                    height.length % 1
[04/24 17:41:55] [INFO   ] org.mutationtesting.major.mutation.Mutator.nextMutant:
    Creating mutant 2
[04/24 17:41:55] [INFO   ] org.mutationtesting.major.mutation.Mutator.logMutant:
    Logging mutant 2: Solution.trap(line 12, col 31)
            mutation operator group:   AOR
            mutation operator:         -(int,int) |==> *(int,int)
            original:                  height.length - 1 
            mutant:                    height.length * 1
[04/24 17:41:55] [INFO   ] org.mutationtesting.major.mutation.Mutator.nextMutant:
    Creating mutant 3
[04/24 17:41:55] [INFO   ] org.mutationtesting.major.mutation.Mutator.logMutant:
    Logging mutant 3: Solution.trap(line 12, col 31)
            mutation operator group:   AOR
            mutation operator:         -(int,int) |==> +(int,int)
            original:                  height.length - 1 
            mutant:                    height.length + 1
[04/24 17:41:55] [INFO   ] org.mutationtesting.major.mutation.Mutator.nextMutant:
    Creating mutant 4
[04/24 17:41:55] [INFO   ] org.mutationtesting.major.mutation.Mutator.logMutant:
    Logging mutant 4: Solution.trap(line 12, col 31)
            mutation operator group:   AOR
            mutation operator:         -(int,int) |==> /(int,int)
            original:                  height.length - 1 
            mutant:                    height.length / 1
[04/24 17:41:55] [INFO   ] org.mutationtesting.major.mutation.Mutator.nextMutant:
    Creating mutant 5
[04/24 17:41:55] [INFO   ] org.mutationtesting.major.mutation.Mutator.logMutant:
    Logging mutant 5: Solution.trap(line 15, col 18)
            mutation operator group:   ROR
            mutation operator:         <(int,int) |==> !=(int,int)
            original:                  l < r 
            mutant:                    l != r
[04/24 17:41:55] [INFO   ] org.mutationtesting.major.mutation.Mutator.nextMutant:
    Creating mutant 6
[04/24 17:41:55] [INFO   ] org.mutationtesting.major.mutation.Mutator.logMutant:
    Logging mutant 6: Solution.trap(line 15, col 18)
            mutation operator group:   ROR
            mutation operator:         <(int,int) |==> <=(int,int)
            original:                  l < r 
            mutant:                    l <= r
[04/24 17:41:55] [INFO   ] org.mutationtesting.major.mutation.Mutator.nextMutant:
    Creating mutant 7
[04/24 17:41:55] [INFO   ] org.mutationtesting.major.mutation.Mutator.logMutant:
    Logging mutant 7: Solution.trap(line 15, col 18)
            mutation operator group:   ROR
            mutation operator:         <(int,int) |==> FALSE(int,int)
            original:                  l < r 
            mutant:                    false
[04/24 17:41:55] [INFO   ] org.mutationtesting.major.mutation.Mutator.nextMutant:
    Creating mutant 8
[04/24 17:41:55] [INFO   ] org.mutationtesting.major.mutation.Mutator.logMutant:
    Logging mutant 8: Solution.trap(line 20, col 22)
            mutation operator group:   ROR
            mutation operator:         <(int,int) |==> !=(int,int)
            original:                  lVal < rVal 
            mutant:                    lVal != rVal
[04/24 17:41:55] [INFO   ] org.mutationtesting.major.mutation.Mutator.nextMutant:
    Creating mutant 9
[04/24 17:41:55] [INFO   ] org.mutationtesting.major.mutation.Mutator.logMutant:
    Logging mutant 9: Solution.trap(line 20, col 22)
            mutation operator group:   ROR
            mutation operator:         <(int,int) |==> <=(int,int)
            original:                  lVal < rVal 
            mutant:                    lVal <= rVal
[04/24 17:41:55] [INFO   ] org.mutationtesting.major.mutation.Mutator.nextMutant:
    Creating mutant 10
[04/24 17:41:55] [INFO   ] org.mutationtesting.major.mutation.Mutator.logMutant:
    Logging mutant 10: Solution.trap(line 20, col 22)
            mutation operator group:   ROR
            mutation operator:         <(int,int) |==> FALSE(int,int)
            original:                  lVal < rVal 
            mutant:                    false
[04/24 17:41:55] [INFO   ] org.mutationtesting.major.mutation.Mutator.nextMutant:
    Creating mutant 11
[04/24 17:41:55] [INFO   ] org.mutationtesting.major.mutation.Mutator.logMutantSTD:
    Logging mutantSTD 11: (STD) lowerWall = Math.max(lVal, lowerWall); -> <NO-OP>
[04/24 17:41:55] [INFO   ] org.mutationtesting.major.mutation.Mutator.nextMutant:
    Creating mutant 12
[04/24 17:41:55] [INFO   ] org.mutationtesting.major.mutation.Mutator.logMutant:
    Logging mutant 12: Solution.trap(line 28, col 34)
            mutation operator group:   AOR
            mutation operator:         -(int,int) |==> %(int,int)
            original:                  lowerWall - lVal 
            mutant:                    lowerWall % lVal
[04/24 17:41:55] [INFO   ] org.mutationtesting.major.mutation.Mutator.nextMutant:
    Creating mutant 13
[04/24 17:41:55] [INFO   ] org.mutationtesting.major.mutation.Mutator.logMutant:
    Logging mutant 13: Solution.trap(line 28, col 34)
            mutation operator group:   AOR
            mutation operator:         -(int,int) |==> *(int,int)
            original:                  lowerWall - lVal 
            mutant:                    lowerWall * lVal
[04/24 17:41:55] [INFO   ] org.mutationtesting.major.mutation.Mutator.nextMutant:
    Creating mutant 14
[04/24 17:41:55] [INFO   ] org.mutationtesting.major.mutation.Mutator.logMutant:
    Logging mutant 14: Solution.trap(line 28, col 34)
            mutation operator group:   AOR
            mutation operator:         -(int,int) |==> +(int,int)
            original:                  lowerWall - lVal 
            mutant:                    lowerWall + lVal
[04/24 17:41:55] [INFO   ] org.mutationtesting.major.mutation.Mutator.nextMutant:
    Creating mutant 15
[04/24 17:41:55] [INFO   ] org.mutationtesting.major.mutation.Mutator.logMutant:
    Logging mutant 15: Solution.trap(line 28, col 34)
            mutation operator group:   AOR
            mutation operator:         -(int,int) |==> /(int,int)
            original:                  lowerWall - lVal 
            mutant:                    lowerWall / lVal
[04/24 17:41:55] [INFO   ] org.mutationtesting.major.mutation.Mutator.nextMutant:
    Creating mutant 16
[04/24 17:41:55] [INFO   ] org.mutationtesting.major.mutation.Mutator.logMutantSTD:
    Logging mutantSTD 16: (STD) res += lowerWall - lVal; -> <NO-OP>
[04/24 17:41:55] [INFO   ] org.mutationtesting.major.mutation.Mutator.nextMutant:
    Creating mutant 17
[04/24 17:41:55] [INFO   ] org.mutationtesting.major.mutation.Mutator.logMutantSTD:
    Logging mutantSTD 17: (STD) l++; -> <NO-OP>
[04/24 17:41:55] [INFO   ] org.mutationtesting.major.mutation.Mutator.nextMutant:
    Creating mutant 18
[04/24 17:41:55] [INFO   ] org.mutationtesting.major.mutation.Mutator.logMutantSTD:
    Logging mutantSTD 18: (STD) lowerWall = Math.max(rVal, lowerWall); -> <NO-OP>
[04/24 17:41:55] [INFO   ] org.mutationtesting.major.mutation.Mutator.nextMutant:
    Creating mutant 19
[04/24 17:41:55] [INFO   ] org.mutationtesting.major.mutation.Mutator.logMutant:
    Logging mutant 19: Solution.trap(line 34, col 34)
            mutation operator group:   AOR
            mutation operator:         -(int,int) |==> %(int,int)
            original:                  lowerWall - rVal 
            mutant:                    lowerWall % rVal
[04/24 17:41:55] [INFO   ] org.mutationtesting.major.mutation.Mutator.nextMutant:
    Creating mutant 20
[04/24 17:41:55] [INFO   ] org.mutationtesting.major.mutation.Mutator.logMutant:
    Logging mutant 20: Solution.trap(line 34, col 34)
            mutation operator group:   AOR
            mutation operator:         -(int,int) |==> *(int,int)
            original:                  lowerWall - rVal 
            mutant:                    lowerWall * rVal
[04/24 17:41:55] [INFO   ] org.mutationtesting.major.mutation.Mutator.nextMutant:
    Creating mutant 21
[04/24 17:41:55] [INFO   ] org.mutationtesting.major.mutation.Mutator.logMutant:
    Logging mutant 21: Solution.trap(line 34, col 34)
            mutation operator group:   AOR
            mutation operator:         -(int,int) |==> +(int,int)
            original:                  lowerWall - rVal 
            mutant:                    lowerWall + rVal
[04/24 17:41:55] [INFO   ] org.mutationtesting.major.mutation.Mutator.nextMutant:
    Creating mutant 22
[04/24 17:41:55] [INFO   ] org.mutationtesting.major.mutation.Mutator.logMutant:
    Logging mutant 22: Solution.trap(line 34, col 34)
            mutation operator group:   AOR
            mutation operator:         -(int,int) |==> /(int,int)
            original:                  lowerWall - rVal 
            mutant:                    lowerWall / rVal
[04/24 17:41:55] [INFO   ] org.mutationtesting.major.mutation.Mutator.nextMutant:
    Creating mutant 23
[04/24 17:41:55] [INFO   ] org.mutationtesting.major.mutation.Mutator.logMutantSTD:
    Logging mutantSTD 23: (STD) res += lowerWall - rVal; -> <NO-OP>
[04/24 17:41:55] [INFO   ] org.mutationtesting.major.mutation.Mutator.nextMutant:
    Creating mutant 24
[04/24 17:41:55] [INFO   ] org.mutationtesting.major.mutation.Mutator.logMutantSTD:
    Logging mutantSTD 24: (STD) r--; -> <NO-OP>
[04/24 17:41:55] [INFO   ] org.mutationtesting.major.plugin.MajorPluginTaskListener.mutate:
    Generated 24 mutants (66 ms)
