1:STD:<CALL>:<NO-OP>:g0001_0100.s0093_restore_ip_addresses.Solution@restoreIpAddresses(java.lang.String):12:step(s, 0, new int[4], 0, results); |==> <NO-OP>
2:ROR:==(int,int):<=(int,int):g0001_0100.s0093_restore_ip_addresses.Solution@step(java.lang.String,int,int[],int,java.util.List<java.lang.String>):17:count == 4 |==> count <= 4
3:ROR:==(int,int):>=(int,int):g0001_0100.s0093_restore_ip_addresses.Solution@step(java.lang.String,int,int[],int,java.util.List<java.lang.String>):17:count == 4 |==> count >= 4
4:ROR:==(int,int):FALSE(int,int):g0001_0100.s0093_restore_ip_addresses.Solution@step(java.lang.String,int,int[],int,java.util.List<java.lang.String>):17:count == 4 |==> false
5:ROR:==(int,int):<=(int,int):g0001_0100.s0093_restore_ip_addresses.Solution@step(java.lang.String,int,int[],int,java.util.List<java.lang.String>):17:pos == s.length() |==> pos <= s.length()
6:ROR:==(int,int):>=(int,int):g0001_0100.s0093_restore_ip_addresses.Solution@step(java.lang.String,int,int[],int,java.util.List<java.lang.String>):17:pos == s.length() |==> pos >= s.length()
7:ROR:==(int,int):FALSE(int,int):g0001_0100.s0093_restore_ip_addresses.Solution@step(java.lang.String,int,int[],int,java.util.List<java.lang.String>):17:pos == s.length() |==> false
8:COR:&&(boolean,boolean):==(boolean,boolean):g0001_0100.s0093_restore_ip_addresses.Solution@step(java.lang.String,int,int[],int,java.util.List<java.lang.String>):17:count == 4 && pos == s.length() |==> count == 4 == (pos == s.length())
9:COR:&&(boolean,boolean):FALSE(boolean,boolean):g0001_0100.s0093_restore_ip_addresses.Solution@step(java.lang.String,int,int[],int,java.util.List<java.lang.String>):17:count == 4 && pos == s.length() |==> false
10:COR:&&(boolean,boolean):LHS(boolean,boolean):g0001_0100.s0093_restore_ip_addresses.Solution@step(java.lang.String,int,int[],int,java.util.List<java.lang.String>):17:count == 4 && pos == s.length() |==> count == 4
11:COR:&&(boolean,boolean):RHS(boolean,boolean):g0001_0100.s0093_restore_ip_addresses.Solution@step(java.lang.String,int,int[],int,java.util.List<java.lang.String>):17:count == 4 && pos == s.length() |==> pos == s.length()
12:STD:<CALL>:<NO-OP>:g0001_0100.s0093_restore_ip_addresses.Solution@step(java.lang.String,int,int[],int,java.util.List<java.lang.String>):18:results.add(String.valueOf(octets[0]) + '.' + octets[1] + '.' + octets[2] + '.' + octets[3]); |==> <NO-OP>
13:ROR:<(int,int):!=(int,int):g0001_0100.s0093_restore_ip_addresses.Solution@step(java.lang.String,int,int[],int,java.util.List<java.lang.String>):26:count < 4 |==> count != 4
14:ROR:<(int,int):<=(int,int):g0001_0100.s0093_restore_ip_addresses.Solution@step(java.lang.String,int,int[],int,java.util.List<java.lang.String>):26:count < 4 |==> count <= 4
15:ROR:<(int,int):FALSE(int,int):g0001_0100.s0093_restore_ip_addresses.Solution@step(java.lang.String,int,int[],int,java.util.List<java.lang.String>):26:count < 4 |==> false
16:ROR:<(int,int):!=(int,int):g0001_0100.s0093_restore_ip_addresses.Solution@step(java.lang.String,int,int[],int,java.util.List<java.lang.String>):26:pos < 12 |==> pos != 12
17:ROR:<(int,int):<=(int,int):g0001_0100.s0093_restore_ip_addresses.Solution@step(java.lang.String,int,int[],int,java.util.List<java.lang.String>):26:pos < 12 |==> pos <= 12
18:ROR:<(int,int):FALSE(int,int):g0001_0100.s0093_restore_ip_addresses.Solution@step(java.lang.String,int,int[],int,java.util.List<java.lang.String>):26:pos < 12 |==> false
19:COR:&&(boolean,boolean):==(boolean,boolean):g0001_0100.s0093_restore_ip_addresses.Solution@step(java.lang.String,int,int[],int,java.util.List<java.lang.String>):26:count < 4 && pos < 12 |==> count < 4 == pos < 12
20:COR:&&(boolean,boolean):FALSE(boolean,boolean):g0001_0100.s0093_restore_ip_addresses.Solution@step(java.lang.String,int,int[],int,java.util.List<java.lang.String>):26:count < 4 && pos < 12 |==> false
21:COR:&&(boolean,boolean):LHS(boolean,boolean):g0001_0100.s0093_restore_ip_addresses.Solution@step(java.lang.String,int,int[],int,java.util.List<java.lang.String>):26:count < 4 && pos < 12 |==> count < 4
22:COR:&&(boolean,boolean):RHS(boolean,boolean):g0001_0100.s0093_restore_ip_addresses.Solution@step(java.lang.String,int,int[],int,java.util.List<java.lang.String>):26:count < 4 && pos < 12 |==> pos < 12
23:ROR:<(int,int):!=(int,int):g0001_0100.s0093_restore_ip_addresses.Solution@step(java.lang.String,int,int[],int,java.util.List<java.lang.String>):28:i < 3 |==> i != 3
24:ROR:<(int,int):<=(int,int):g0001_0100.s0093_restore_ip_addresses.Solution@step(java.lang.String,int,int[],int,java.util.List<java.lang.String>):28:i < 3 |==> i <= 3
25:ROR:<(int,int):FALSE(int,int):g0001_0100.s0093_restore_ip_addresses.Solution@step(java.lang.String,int,int[],int,java.util.List<java.lang.String>):28:i < 3 |==> false
26:AOR:+(int,int):%(int,int):g0001_0100.s0093_restore_ip_addresses.Solution@step(java.lang.String,int,int[],int,java.util.List<java.lang.String>):29:pos + i |==> pos % i
27:AOR:+(int,int):*(int,int):g0001_0100.s0093_restore_ip_addresses.Solution@step(java.lang.String,int,int[],int,java.util.List<java.lang.String>):29:pos + i |==> pos * i
28:AOR:+(int,int):-(int,int):g0001_0100.s0093_restore_ip_addresses.Solution@step(java.lang.String,int,int[],int,java.util.List<java.lang.String>):29:pos + i |==> pos - i
29:AOR:+(int,int):/(int,int):g0001_0100.s0093_restore_ip_addresses.Solution@step(java.lang.String,int,int[],int,java.util.List<java.lang.String>):29:pos + i |==> pos / i
30:ROR:<(int,int):!=(int,int):g0001_0100.s0093_restore_ip_addresses.Solution@step(java.lang.String,int,int[],int,java.util.List<java.lang.String>):29:pos + i < s.length() |==> pos + i != s.length()
31:ROR:<(int,int):<=(int,int):g0001_0100.s0093_restore_ip_addresses.Solution@step(java.lang.String,int,int[],int,java.util.List<java.lang.String>):29:pos + i < s.length() |==> pos + i <= s.length()
32:ROR:<(int,int):FALSE(int,int):g0001_0100.s0093_restore_ip_addresses.Solution@step(java.lang.String,int,int[],int,java.util.List<java.lang.String>):29:pos + i < s.length() |==> false
33:AOR:+(int,int):%(int,int):g0001_0100.s0093_restore_ip_addresses.Solution@step(java.lang.String,int,int[],int,java.util.List<java.lang.String>):30:pos + i |==> pos % i
34:AOR:+(int,int):*(int,int):g0001_0100.s0093_restore_ip_addresses.Solution@step(java.lang.String,int,int[],int,java.util.List<java.lang.String>):30:pos + i |==> pos * i
35:AOR:+(int,int):-(int,int):g0001_0100.s0093_restore_ip_addresses.Solution@step(java.lang.String,int,int[],int,java.util.List<java.lang.String>):30:pos + i |==> pos - i
36:AOR:+(int,int):/(int,int):g0001_0100.s0093_restore_ip_addresses.Solution@step(java.lang.String,int,int[],int,java.util.List<java.lang.String>):30:pos + i |==> pos / i
37:AOR:-(int,int):%(int,int):g0001_0100.s0093_restore_ip_addresses.Solution@step(java.lang.String,int,int[],int,java.util.List<java.lang.String>):30:s.charAt(pos + i) - '0' |==> s.charAt(pos + i) % '0'
38:AOR:-(int,int):*(int,int):g0001_0100.s0093_restore_ip_addresses.Solution@step(java.lang.String,int,int[],int,java.util.List<java.lang.String>):30:s.charAt(pos + i) - '0' |==> s.charAt(pos + i) * '0'
39:AOR:-(int,int):+(int,int):g0001_0100.s0093_restore_ip_addresses.Solution@step(java.lang.String,int,int[],int,java.util.List<java.lang.String>):30:s.charAt(pos + i) - '0' |==> s.charAt(pos + i) + '0'
40:AOR:-(int,int):/(int,int):g0001_0100.s0093_restore_ip_addresses.Solution@step(java.lang.String,int,int[],int,java.util.List<java.lang.String>):30:s.charAt(pos + i) - '0' |==> s.charAt(pos + i) / '0'
41:AOR:*(int,int):%(int,int):g0001_0100.s0093_restore_ip_addresses.Solution@step(java.lang.String,int,int[],int,java.util.List<java.lang.String>):31:octet * 10 |==> octet % 10
42:AOR:*(int,int):+(int,int):g0001_0100.s0093_restore_ip_addresses.Solution@step(java.lang.String,int,int[],int,java.util.List<java.lang.String>):31:octet * 10 |==> octet + 10
43:AOR:*(int,int):-(int,int):g0001_0100.s0093_restore_ip_addresses.Solution@step(java.lang.String,int,int[],int,java.util.List<java.lang.String>):31:octet * 10 |==> octet - 10
44:AOR:*(int,int):/(int,int):g0001_0100.s0093_restore_ip_addresses.Solution@step(java.lang.String,int,int[],int,java.util.List<java.lang.String>):31:octet * 10 |==> octet / 10
45:AOR:+(int,int):%(int,int):g0001_0100.s0093_restore_ip_addresses.Solution@step(java.lang.String,int,int[],int,java.util.List<java.lang.String>):31:octet * 10 + digit |==> octet * 10 % digit
46:AOR:+(int,int):*(int,int):g0001_0100.s0093_restore_ip_addresses.Solution@step(java.lang.String,int,int[],int,java.util.List<java.lang.String>):31:octet * 10 + digit |==> octet * 10 * digit
47:AOR:+(int,int):-(int,int):g0001_0100.s0093_restore_ip_addresses.Solution@step(java.lang.String,int,int[],int,java.util.List<java.lang.String>):31:octet * 10 + digit |==> octet * 10 - digit
48:AOR:+(int,int):/(int,int):g0001_0100.s0093_restore_ip_addresses.Solution@step(java.lang.String,int,int[],int,java.util.List<java.lang.String>):31:octet * 10 + digit |==> octet * 10 / digit
49:STD:<ASSIGN>:<NO-OP>:g0001_0100.s0093_restore_ip_addresses.Solution@step(java.lang.String,int,int[],int,java.util.List<java.lang.String>):31:octet = octet * 10 + digit; |==> <NO-OP>
50:ROR:<(int,int):!=(int,int):g0001_0100.s0093_restore_ip_addresses.Solution@step(java.lang.String,int,int[],int,java.util.List<java.lang.String>):32:octet < 256 |==> octet != 256
51:ROR:<(int,int):<=(int,int):g0001_0100.s0093_restore_ip_addresses.Solution@step(java.lang.String,int,int[],int,java.util.List<java.lang.String>):32:octet < 256 |==> octet <= 256
52:ROR:<(int,int):FALSE(int,int):g0001_0100.s0093_restore_ip_addresses.Solution@step(java.lang.String,int,int[],int,java.util.List<java.lang.String>):32:octet < 256 |==> false
53:STD:<ASSIGN>:<NO-OP>:g0001_0100.s0093_restore_ip_addresses.Solution@step(java.lang.String,int,int[],int,java.util.List<java.lang.String>):33:octets[count] = octet; |==> <NO-OP>
54:AOR:+(int,int):%(int,int):g0001_0100.s0093_restore_ip_addresses.Solution@step(java.lang.String,int,int[],int,java.util.List<java.lang.String>):34:pos + i |==> pos % i
55:AOR:+(int,int):*(int,int):g0001_0100.s0093_restore_ip_addresses.Solution@step(java.lang.String,int,int[],int,java.util.List<java.lang.String>):34:pos + i |==> pos * i
56:AOR:+(int,int):-(int,int):g0001_0100.s0093_restore_ip_addresses.Solution@step(java.lang.String,int,int[],int,java.util.List<java.lang.String>):34:pos + i |==> pos - i
57:AOR:+(int,int):/(int,int):g0001_0100.s0093_restore_ip_addresses.Solution@step(java.lang.String,int,int[],int,java.util.List<java.lang.String>):34:pos + i |==> pos / i
58:AOR:+(int,int):%(int,int):g0001_0100.s0093_restore_ip_addresses.Solution@step(java.lang.String,int,int[],int,java.util.List<java.lang.String>):34:pos + i + 1 |==> (pos + i) % 1
59:AOR:+(int,int):*(int,int):g0001_0100.s0093_restore_ip_addresses.Solution@step(java.lang.String,int,int[],int,java.util.List<java.lang.String>):34:pos + i + 1 |==> (pos + i) * 1
60:AOR:+(int,int):-(int,int):g0001_0100.s0093_restore_ip_addresses.Solution@step(java.lang.String,int,int[],int,java.util.List<java.lang.String>):34:pos + i + 1 |==> pos + i - 1
61:AOR:+(int,int):/(int,int):g0001_0100.s0093_restore_ip_addresses.Solution@step(java.lang.String,int,int[],int,java.util.List<java.lang.String>):34:pos + i + 1 |==> (pos + i) / 1
62:AOR:+(int,int):%(int,int):g0001_0100.s0093_restore_ip_addresses.Solution@step(java.lang.String,int,int[],int,java.util.List<java.lang.String>):34:count + 1 |==> count % 1
63:AOR:+(int,int):*(int,int):g0001_0100.s0093_restore_ip_addresses.Solution@step(java.lang.String,int,int[],int,java.util.List<java.lang.String>):34:count + 1 |==> count * 1
64:AOR:+(int,int):-(int,int):g0001_0100.s0093_restore_ip_addresses.Solution@step(java.lang.String,int,int[],int,java.util.List<java.lang.String>):34:count + 1 |==> count - 1
65:AOR:+(int,int):/(int,int):g0001_0100.s0093_restore_ip_addresses.Solution@step(java.lang.String,int,int[],int,java.util.List<java.lang.String>):34:count + 1 |==> count / 1
66:STD:<CALL>:<NO-OP>:g0001_0100.s0093_restore_ip_addresses.Solution@step(java.lang.String,int,int[],int,java.util.List<java.lang.String>):34:step(s, pos + i + 1, octets, count + 1, results); |==> <NO-OP>
67:ROR:==(int,int):<=(int,int):g0001_0100.s0093_restore_ip_addresses.Solution@step(java.lang.String,int,int[],int,java.util.List<java.lang.String>):36:i == 0 |==> i <= 0
68:ROR:==(int,int):>=(int,int):g0001_0100.s0093_restore_ip_addresses.Solution@step(java.lang.String,int,int[],int,java.util.List<java.lang.String>):36:i == 0 |==> i >= 0
69:ROR:==(int,int):FALSE(int,int):g0001_0100.s0093_restore_ip_addresses.Solution@step(java.lang.String,int,int[],int,java.util.List<java.lang.String>):36:i == 0 |==> false
70:ROR:==(int,int):<=(int,int):g0001_0100.s0093_restore_ip_addresses.Solution@step(java.lang.String,int,int[],int,java.util.List<java.lang.String>):36:digit == 0 |==> digit <= 0
71:ROR:==(int,int):>=(int,int):g0001_0100.s0093_restore_ip_addresses.Solution@step(java.lang.String,int,int[],int,java.util.List<java.lang.String>):36:digit == 0 |==> digit >= 0
72:ROR:==(int,int):FALSE(int,int):g0001_0100.s0093_restore_ip_addresses.Solution@step(java.lang.String,int,int[],int,java.util.List<java.lang.String>):36:digit == 0 |==> false
73:COR:&&(boolean,boolean):==(boolean,boolean):g0001_0100.s0093_restore_ip_addresses.Solution@step(java.lang.String,int,int[],int,java.util.List<java.lang.String>):36:i == 0 && digit == 0 |==> i == 0 == (digit == 0)
74:COR:&&(boolean,boolean):FALSE(boolean,boolean):g0001_0100.s0093_restore_ip_addresses.Solution@step(java.lang.String,int,int[],int,java.util.List<java.lang.String>):36:i == 0 && digit == 0 |==> false
75:COR:&&(boolean,boolean):LHS(boolean,boolean):g0001_0100.s0093_restore_ip_addresses.Solution@step(java.lang.String,int,int[],int,java.util.List<java.lang.String>):36:i == 0 && digit == 0 |==> i == 0
76:COR:&&(boolean,boolean):RHS(boolean,boolean):g0001_0100.s0093_restore_ip_addresses.Solution@step(java.lang.String,int,int[],int,java.util.List<java.lang.String>):36:i == 0 && digit == 0 |==> digit == 0
77:STD:<BREAK>:<NO-OP>:g0001_0100.s0093_restore_ip_addresses.Solution@step(java.lang.String,int,int[],int,java.util.List<java.lang.String>):37:break; |==> <NO-OP>
