1:ROR:==(int,int):<=(int,int):g0001_0100.s0030_substring_with_concatenation_of_all_words.Solution@findSubstring(java.lang.String,java.lang.String[]):19:words.length == 0 |==> words.length <= 0
2:ROR:==(int,int):>=(int,int):g0001_0100.s0030_substring_with_concatenation_of_all_words.Solution@findSubstring(java.lang.String,java.lang.String[]):19:words.length == 0 |==> words.length >= 0
3:ROR:==(int,int):FALSE(int,int):g0001_0100.s0030_substring_with_concatenation_of_all_words.Solution@findSubstring(java.lang.String,java.lang.String[]):19:words.length == 0 |==> false
4:STD:<RETURN>:<NO-OP>:g0001_0100.s0030_substring_with_concatenation_of_all_words.Solution@findSubstring(java.lang.String,java.lang.String[]):20:return indices; |==> <NO-OP>
5:AOR:+(int,int):%(int,int):g0001_0100.s0030_substring_with_concatenation_of_all_words.Solution@findSubstring(java.lang.String,java.lang.String[]):25:wordMap.getOrDefault(word, 0) + 1 |==> wordMap.getOrDefault(word, 0) % 1
6:AOR:+(int,int):*(int,int):g0001_0100.s0030_substring_with_concatenation_of_all_words.Solution@findSubstring(java.lang.String,java.lang.String[]):25:wordMap.getOrDefault(word, 0) + 1 |==> wordMap.getOrDefault(word, 0) * 1
7:AOR:+(int,int):-(int,int):g0001_0100.s0030_substring_with_concatenation_of_all_words.Solution@findSubstring(java.lang.String,java.lang.String[]):25:wordMap.getOrDefault(word, 0) + 1 |==> wordMap.getOrDefault(word, 0) - 1
8:AOR:+(int,int):/(int,int):g0001_0100.s0030_substring_with_concatenation_of_all_words.Solution@findSubstring(java.lang.String,java.lang.String[]):25:wordMap.getOrDefault(word, 0) + 1 |==> wordMap.getOrDefault(word, 0) / 1
9:STD:<CALL>:<NO-OP>:g0001_0100.s0030_substring_with_concatenation_of_all_words.Solution@findSubstring(java.lang.String,java.lang.String[]):25:wordMap.put(word, wordMap.getOrDefault(word, 0) + 1); |==> <NO-OP>
10:AOR:*(int,int):%(int,int):g0001_0100.s0030_substring_with_concatenation_of_all_words.Solution@findSubstring(java.lang.String,java.lang.String[]):28:words.length * wordLength |==> words.length % wordLength
11:AOR:*(int,int):+(int,int):g0001_0100.s0030_substring_with_concatenation_of_all_words.Solution@findSubstring(java.lang.String,java.lang.String[]):28:words.length * wordLength |==> words.length + wordLength
12:AOR:*(int,int):-(int,int):g0001_0100.s0030_substring_with_concatenation_of_all_words.Solution@findSubstring(java.lang.String,java.lang.String[]):28:words.length * wordLength |==> words.length - wordLength
13:AOR:*(int,int):/(int,int):g0001_0100.s0030_substring_with_concatenation_of_all_words.Solution@findSubstring(java.lang.String,java.lang.String[]):28:words.length * wordLength |==> words.length / wordLength
14:ROR:<(int,int):!=(int,int):g0001_0100.s0030_substring_with_concatenation_of_all_words.Solution@findSubstring(java.lang.String,java.lang.String[]):29:i < wordLength |==> i != wordLength
15:ROR:<(int,int):<=(int,int):g0001_0100.s0030_substring_with_concatenation_of_all_words.Solution@findSubstring(java.lang.String,java.lang.String[]):29:i < wordLength |==> i <= wordLength
16:ROR:<(int,int):FALSE(int,int):g0001_0100.s0030_substring_with_concatenation_of_all_words.Solution@findSubstring(java.lang.String,java.lang.String[]):29:i < wordLength |==> false
17:AOR:+(int,int):%(int,int):g0001_0100.s0030_substring_with_concatenation_of_all_words.Solution@findSubstring(java.lang.String,java.lang.String[]):31:j + window |==> j % window
18:AOR:+(int,int):*(int,int):g0001_0100.s0030_substring_with_concatenation_of_all_words.Solution@findSubstring(java.lang.String,java.lang.String[]):31:j + window |==> j * window
19:AOR:+(int,int):-(int,int):g0001_0100.s0030_substring_with_concatenation_of_all_words.Solution@findSubstring(java.lang.String,java.lang.String[]):31:j + window |==> j - window
20:AOR:+(int,int):/(int,int):g0001_0100.s0030_substring_with_concatenation_of_all_words.Solution@findSubstring(java.lang.String,java.lang.String[]):31:j + window |==> j / window
21:ROR:<=(int,int):<(int,int):g0001_0100.s0030_substring_with_concatenation_of_all_words.Solution@findSubstring(java.lang.String,java.lang.String[]):31:j + window <= s.length() |==> j + window < s.length()
22:ROR:<=(int,int):==(int,int):g0001_0100.s0030_substring_with_concatenation_of_all_words.Solution@findSubstring(java.lang.String,java.lang.String[]):31:j + window <= s.length() |==> j + window == s.length()
23:ROR:<=(int,int):TRUE(int,int):g0001_0100.s0030_substring_with_concatenation_of_all_words.Solution@findSubstring(java.lang.String,java.lang.String[]):31:j + window <= s.length() |==> true
24:AOR:+(int,int):%(int,int):g0001_0100.s0030_substring_with_concatenation_of_all_words.Solution@findSubstring(java.lang.String,java.lang.String[]):31:j + wordLength |==> j % wordLength
25:AOR:+(int,int):*(int,int):g0001_0100.s0030_substring_with_concatenation_of_all_words.Solution@findSubstring(java.lang.String,java.lang.String[]):31:j + wordLength |==> j * wordLength
26:AOR:+(int,int):-(int,int):g0001_0100.s0030_substring_with_concatenation_of_all_words.Solution@findSubstring(java.lang.String,java.lang.String[]):31:j + wordLength |==> j - wordLength
27:AOR:+(int,int):/(int,int):g0001_0100.s0030_substring_with_concatenation_of_all_words.Solution@findSubstring(java.lang.String,java.lang.String[]):31:j + wordLength |==> j / wordLength
28:AOR:+(int,int):%(int,int):g0001_0100.s0030_substring_with_concatenation_of_all_words.Solution@findSubstring(java.lang.String,java.lang.String[]):33:j + window |==> j % window
29:AOR:+(int,int):*(int,int):g0001_0100.s0030_substring_with_concatenation_of_all_words.Solution@findSubstring(java.lang.String,java.lang.String[]):33:j + window |==> j * window
30:AOR:+(int,int):-(int,int):g0001_0100.s0030_substring_with_concatenation_of_all_words.Solution@findSubstring(java.lang.String,java.lang.String[]):33:j + window |==> j - window
31:AOR:+(int,int):/(int,int):g0001_0100.s0030_substring_with_concatenation_of_all_words.Solution@findSubstring(java.lang.String,java.lang.String[]):33:j + window |==> j / window
32:AOR:-(int,int):%(int,int):g0001_0100.s0030_substring_with_concatenation_of_all_words.Solution@findSubstring(java.lang.String,java.lang.String[]):36:words.length - 1 |==> words.length % 1
33:AOR:-(int,int):*(int,int):g0001_0100.s0030_substring_with_concatenation_of_all_words.Solution@findSubstring(java.lang.String,java.lang.String[]):36:words.length - 1 |==> words.length * 1
34:AOR:-(int,int):+(int,int):g0001_0100.s0030_substring_with_concatenation_of_all_words.Solution@findSubstring(java.lang.String,java.lang.String[]):36:words.length - 1 |==> words.length + 1
35:AOR:-(int,int):/(int,int):g0001_0100.s0030_substring_with_concatenation_of_all_words.Solution@findSubstring(java.lang.String,java.lang.String[]):36:words.length - 1 |==> words.length / 1
36:ROR:>=(int,int):==(int,int):g0001_0100.s0030_substring_with_concatenation_of_all_words.Solution@findSubstring(java.lang.String,java.lang.String[]):36:k >= 0 |==> k == 0
37:ROR:>=(int,int):>(int,int):g0001_0100.s0030_substring_with_concatenation_of_all_words.Solution@findSubstring(java.lang.String,java.lang.String[]):36:k >= 0 |==> k > 0
38:ROR:>=(int,int):TRUE(int,int):g0001_0100.s0030_substring_with_concatenation_of_all_words.Solution@findSubstring(java.lang.String,java.lang.String[]):36:k >= 0 |==> true
39:AOR:*(int,int):%(int,int):g0001_0100.s0030_substring_with_concatenation_of_all_words.Solution@findSubstring(java.lang.String,java.lang.String[]):38:k * wordLength |==> k % wordLength
40:AOR:*(int,int):+(int,int):g0001_0100.s0030_substring_with_concatenation_of_all_words.Solution@findSubstring(java.lang.String,java.lang.String[]):38:k * wordLength |==> k + wordLength
41:AOR:*(int,int):-(int,int):g0001_0100.s0030_substring_with_concatenation_of_all_words.Solution@findSubstring(java.lang.String,java.lang.String[]):38:k * wordLength |==> k - wordLength
42:AOR:*(int,int):/(int,int):g0001_0100.s0030_substring_with_concatenation_of_all_words.Solution@findSubstring(java.lang.String,java.lang.String[]):38:k * wordLength |==> k / wordLength
43:AOR:+(int,int):%(int,int):g0001_0100.s0030_substring_with_concatenation_of_all_words.Solution@findSubstring(java.lang.String,java.lang.String[]):38:k + 1 |==> k % 1
44:AOR:+(int,int):*(int,int):g0001_0100.s0030_substring_with_concatenation_of_all_words.Solution@findSubstring(java.lang.String,java.lang.String[]):38:k + 1 |==> k * 1
45:AOR:+(int,int):-(int,int):g0001_0100.s0030_substring_with_concatenation_of_all_words.Solution@findSubstring(java.lang.String,java.lang.String[]):38:k + 1 |==> k - 1
46:AOR:+(int,int):/(int,int):g0001_0100.s0030_substring_with_concatenation_of_all_words.Solution@findSubstring(java.lang.String,java.lang.String[]):38:k + 1 |==> k / 1
47:AOR:*(int,int):%(int,int):g0001_0100.s0030_substring_with_concatenation_of_all_words.Solution@findSubstring(java.lang.String,java.lang.String[]):38:(k + 1) * wordLength |==> (k + 1) % wordLength
48:AOR:*(int,int):+(int,int):g0001_0100.s0030_substring_with_concatenation_of_all_words.Solution@findSubstring(java.lang.String,java.lang.String[]):38:(k + 1) * wordLength |==> (k + 1) + wordLength
49:AOR:*(int,int):-(int,int):g0001_0100.s0030_substring_with_concatenation_of_all_words.Solution@findSubstring(java.lang.String,java.lang.String[]):38:(k + 1) * wordLength |==> (k + 1) - wordLength
50:AOR:*(int,int):/(int,int):g0001_0100.s0030_substring_with_concatenation_of_all_words.Solution@findSubstring(java.lang.String,java.lang.String[]):38:(k + 1) * wordLength |==> (k + 1) / wordLength
51:AOR:+(int,int):%(int,int):g0001_0100.s0030_substring_with_concatenation_of_all_words.Solution@findSubstring(java.lang.String,java.lang.String[]):39:map.getOrDefault(word, 0) + 1 |==> map.getOrDefault(word, 0) % 1
52:AOR:+(int,int):*(int,int):g0001_0100.s0030_substring_with_concatenation_of_all_words.Solution@findSubstring(java.lang.String,java.lang.String[]):39:map.getOrDefault(word, 0) + 1 |==> map.getOrDefault(word, 0) * 1
53:AOR:+(int,int):-(int,int):g0001_0100.s0030_substring_with_concatenation_of_all_words.Solution@findSubstring(java.lang.String,java.lang.String[]):39:map.getOrDefault(word, 0) + 1 |==> map.getOrDefault(word, 0) - 1
54:AOR:+(int,int):/(int,int):g0001_0100.s0030_substring_with_concatenation_of_all_words.Solution@findSubstring(java.lang.String,java.lang.String[]):39:map.getOrDefault(word, 0) + 1 |==> map.getOrDefault(word, 0) / 1
55:ROR:>(int,int):!=(int,int):g0001_0100.s0030_substring_with_concatenation_of_all_words.Solution@findSubstring(java.lang.String,java.lang.String[]):42:count > wordMap.getOrDefault(word, 0) |==> count != wordMap.getOrDefault(word, 0)
56:ROR:>(int,int):>=(int,int):g0001_0100.s0030_substring_with_concatenation_of_all_words.Solution@findSubstring(java.lang.String,java.lang.String[]):42:count > wordMap.getOrDefault(word, 0) |==> count >= wordMap.getOrDefault(word, 0)
57:ROR:>(int,int):FALSE(int,int):g0001_0100.s0030_substring_with_concatenation_of_all_words.Solution@findSubstring(java.lang.String,java.lang.String[]):42:count > wordMap.getOrDefault(word, 0) |==> false
58:AOR:*(int,int):%(int,int):g0001_0100.s0030_substring_with_concatenation_of_all_words.Solution@findSubstring(java.lang.String,java.lang.String[]):43:k * wordLength |==> k % wordLength
59:AOR:*(int,int):+(int,int):g0001_0100.s0030_substring_with_concatenation_of_all_words.Solution@findSubstring(java.lang.String,java.lang.String[]):43:k * wordLength |==> k + wordLength
60:AOR:*(int,int):-(int,int):g0001_0100.s0030_substring_with_concatenation_of_all_words.Solution@findSubstring(java.lang.String,java.lang.String[]):43:k * wordLength |==> k - wordLength
61:AOR:*(int,int):/(int,int):g0001_0100.s0030_substring_with_concatenation_of_all_words.Solution@findSubstring(java.lang.String,java.lang.String[]):43:k * wordLength |==> k / wordLength
62:AOR:+(int,int):%(int,int):g0001_0100.s0030_substring_with_concatenation_of_all_words.Solution@findSubstring(java.lang.String,java.lang.String[]):43:j + k * wordLength |==> j % (k * wordLength)
63:AOR:+(int,int):*(int,int):g0001_0100.s0030_substring_with_concatenation_of_all_words.Solution@findSubstring(java.lang.String,java.lang.String[]):43:j + k * wordLength |==> j * (k * wordLength)
64:AOR:+(int,int):-(int,int):g0001_0100.s0030_substring_with_concatenation_of_all_words.Solution@findSubstring(java.lang.String,java.lang.String[]):43:j + k * wordLength |==> j - k * wordLength
65:AOR:+(int,int):/(int,int):g0001_0100.s0030_substring_with_concatenation_of_all_words.Solution@findSubstring(java.lang.String,java.lang.String[]):43:j + k * wordLength |==> j / (k * wordLength)
66:STD:<ASSIGN>:<NO-OP>:g0001_0100.s0030_substring_with_concatenation_of_all_words.Solution@findSubstring(java.lang.String,java.lang.String[]):43:j = j + k * wordLength; |==> <NO-OP>
67:STD:<BREAK>:<NO-OP>:g0001_0100.s0030_substring_with_concatenation_of_all_words.Solution@findSubstring(java.lang.String,java.lang.String[]):44:break; |==> <NO-OP>
68:ROR:==(int,int):<=(int,int):g0001_0100.s0030_substring_with_concatenation_of_all_words.Solution@findSubstring(java.lang.String,java.lang.String[]):45:k == 0 |==> k <= 0
69:ROR:==(int,int):>=(int,int):g0001_0100.s0030_substring_with_concatenation_of_all_words.Solution@findSubstring(java.lang.String,java.lang.String[]):45:k == 0 |==> k >= 0
70:ROR:==(int,int):FALSE(int,int):g0001_0100.s0030_substring_with_concatenation_of_all_words.Solution@findSubstring(java.lang.String,java.lang.String[]):45:k == 0 |==> false
71:STD:<CALL>:<NO-OP>:g0001_0100.s0030_substring_with_concatenation_of_all_words.Solution@findSubstring(java.lang.String,java.lang.String[]):46:indices.add(j); |==> <NO-OP>
72:STD:<CALL>:<NO-OP>:g0001_0100.s0030_substring_with_concatenation_of_all_words.Solution@findSubstring(java.lang.String,java.lang.String[]):48:map.put(word, count); |==> <NO-OP>
