1:ROR:>(int,int):!=(int,int):g0601_0700.s0628_maximum_product_of_three_numbers.Solution@maximumProduct(int[]):17:i > max1 |==> i != max1
2:ROR:>(int,int):>=(int,int):g0601_0700.s0628_maximum_product_of_three_numbers.Solution@maximumProduct(int[]):17:i > max1 |==> i >= max1
3:ROR:>(int,int):FALSE(int,int):g0601_0700.s0628_maximum_product_of_three_numbers.Solution@maximumProduct(int[]):17:i > max1 |==> false
4:STD:<ASSIGN>:<NO-OP>:g0601_0700.s0628_maximum_product_of_three_numbers.Solution@maximumProduct(int[]):18:max3 = max2; |==> <NO-OP>
5:STD:<ASSIGN>:<NO-OP>:g0601_0700.s0628_maximum_product_of_three_numbers.Solution@maximumProduct(int[]):19:max2 = max1; |==> <NO-OP>
6:STD:<ASSIGN>:<NO-OP>:g0601_0700.s0628_maximum_product_of_three_numbers.Solution@maximumProduct(int[]):20:max1 = i; |==> <NO-OP>
7:ROR:>(int,int):!=(int,int):g0601_0700.s0628_maximum_product_of_three_numbers.Solution@maximumProduct(int[]):21:i > max2 |==> i != max2
8:ROR:>(int,int):>=(int,int):g0601_0700.s0628_maximum_product_of_three_numbers.Solution@maximumProduct(int[]):21:i > max2 |==> i >= max2
9:ROR:>(int,int):FALSE(int,int):g0601_0700.s0628_maximum_product_of_three_numbers.Solution@maximumProduct(int[]):21:i > max2 |==> false
10:STD:<ASSIGN>:<NO-OP>:g0601_0700.s0628_maximum_product_of_three_numbers.Solution@maximumProduct(int[]):22:max3 = max2; |==> <NO-OP>
11:STD:<ASSIGN>:<NO-OP>:g0601_0700.s0628_maximum_product_of_three_numbers.Solution@maximumProduct(int[]):23:max2 = i; |==> <NO-OP>
12:ROR:>(int,int):!=(int,int):g0601_0700.s0628_maximum_product_of_three_numbers.Solution@maximumProduct(int[]):24:i > max3 |==> i != max3
13:ROR:>(int,int):>=(int,int):g0601_0700.s0628_maximum_product_of_three_numbers.Solution@maximumProduct(int[]):24:i > max3 |==> i >= max3
14:ROR:>(int,int):FALSE(int,int):g0601_0700.s0628_maximum_product_of_three_numbers.Solution@maximumProduct(int[]):24:i > max3 |==> false
15:STD:<ASSIGN>:<NO-OP>:g0601_0700.s0628_maximum_product_of_three_numbers.Solution@maximumProduct(int[]):25:max3 = i; |==> <NO-OP>
16:ROR:<(int,int):!=(int,int):g0601_0700.s0628_maximum_product_of_three_numbers.Solution@maximumProduct(int[]):27:i < min1 |==> i != min1
17:ROR:<(int,int):<=(int,int):g0601_0700.s0628_maximum_product_of_three_numbers.Solution@maximumProduct(int[]):27:i < min1 |==> i <= min1
18:ROR:<(int,int):FALSE(int,int):g0601_0700.s0628_maximum_product_of_three_numbers.Solution@maximumProduct(int[]):27:i < min1 |==> false
19:STD:<ASSIGN>:<NO-OP>:g0601_0700.s0628_maximum_product_of_three_numbers.Solution@maximumProduct(int[]):28:min2 = min1; |==> <NO-OP>
20:STD:<ASSIGN>:<NO-OP>:g0601_0700.s0628_maximum_product_of_three_numbers.Solution@maximumProduct(int[]):29:min1 = i; |==> <NO-OP>
21:ROR:<(int,int):!=(int,int):g0601_0700.s0628_maximum_product_of_three_numbers.Solution@maximumProduct(int[]):30:i < min2 |==> i != min2
22:ROR:<(int,int):<=(int,int):g0601_0700.s0628_maximum_product_of_three_numbers.Solution@maximumProduct(int[]):30:i < min2 |==> i <= min2
23:ROR:<(int,int):FALSE(int,int):g0601_0700.s0628_maximum_product_of_three_numbers.Solution@maximumProduct(int[]):30:i < min2 |==> false
24:STD:<ASSIGN>:<NO-OP>:g0601_0700.s0628_maximum_product_of_three_numbers.Solution@maximumProduct(int[]):31:min2 = i; |==> <NO-OP>
25:AOR:*(int,int):%(int,int):g0601_0700.s0628_maximum_product_of_three_numbers.Solution@maximumProduct(int[]):34:min1 * min2 |==> min1 % min2
26:AOR:*(int,int):+(int,int):g0601_0700.s0628_maximum_product_of_three_numbers.Solution@maximumProduct(int[]):34:min1 * min2 |==> min1 + min2
27:AOR:*(int,int):-(int,int):g0601_0700.s0628_maximum_product_of_three_numbers.Solution@maximumProduct(int[]):34:min1 * min2 |==> min1 - min2
28:AOR:*(int,int):/(int,int):g0601_0700.s0628_maximum_product_of_three_numbers.Solution@maximumProduct(int[]):34:min1 * min2 |==> min1 / min2
29:AOR:*(int,int):%(int,int):g0601_0700.s0628_maximum_product_of_three_numbers.Solution@maximumProduct(int[]):34:min1 * min2 * max1 |==> min1 * min2 % max1
30:AOR:*(int,int):+(int,int):g0601_0700.s0628_maximum_product_of_three_numbers.Solution@maximumProduct(int[]):34:min1 * min2 * max1 |==> min1 * min2 + max1
31:AOR:*(int,int):-(int,int):g0601_0700.s0628_maximum_product_of_three_numbers.Solution@maximumProduct(int[]):34:min1 * min2 * max1 |==> min1 * min2 - max1
32:AOR:*(int,int):/(int,int):g0601_0700.s0628_maximum_product_of_three_numbers.Solution@maximumProduct(int[]):34:min1 * min2 * max1 |==> min1 * min2 / max1
33:AOR:*(int,int):%(int,int):g0601_0700.s0628_maximum_product_of_three_numbers.Solution@maximumProduct(int[]):34:max1 * max2 |==> max1 % max2
34:AOR:*(int,int):+(int,int):g0601_0700.s0628_maximum_product_of_three_numbers.Solution@maximumProduct(int[]):34:max1 * max2 |==> max1 + max2
35:AOR:*(int,int):-(int,int):g0601_0700.s0628_maximum_product_of_three_numbers.Solution@maximumProduct(int[]):34:max1 * max2 |==> max1 - max2
36:AOR:*(int,int):/(int,int):g0601_0700.s0628_maximum_product_of_three_numbers.Solution@maximumProduct(int[]):34:max1 * max2 |==> max1 / max2
37:AOR:*(int,int):%(int,int):g0601_0700.s0628_maximum_product_of_three_numbers.Solution@maximumProduct(int[]):34:max1 * max2 * max3 |==> max1 * max2 % max3
38:AOR:*(int,int):+(int,int):g0601_0700.s0628_maximum_product_of_three_numbers.Solution@maximumProduct(int[]):34:max1 * max2 * max3 |==> max1 * max2 + max3
39:AOR:*(int,int):-(int,int):g0601_0700.s0628_maximum_product_of_three_numbers.Solution@maximumProduct(int[]):34:max1 * max2 * max3 |==> max1 * max2 - max3
40:AOR:*(int,int):/(int,int):g0601_0700.s0628_maximum_product_of_three_numbers.Solution@maximumProduct(int[]):34:max1 * max2 * max3 |==> max1 * max2 / max3
