ERROR:root:Failed to parse \x.((_ = {NNS})(x) & _num{NN}(x)). Error: The function '(_ = {NNS})' is not a Lambda Expression, an Application Expression, or a functional predicate, so it may not take arguments.
\x.((_ = {NNS})(x) & _num{NN}(x))
              ^
ERROR:root:An error occurred: The function '(_ = {NNS})' is not a Lambda Expression, an Application Expression, or a functional predicate, so it may not take arguments.
\x.((_ = {NNS})(x) & _num{NN}(x))
              ^
Sentence: Input : num = -7
Tree XML:
<sentence>
  <tokens>
    <token start="0" span="1" pos="NNP" chunk="I-NP" entity="O" cat="N" id="t0_0" surf="Input" base="input"/>
    <token start="1" span="1" pos="IN" chunk="O" entity="O" cat="(NP\NP)/NP" id="t0_1" surf=":" base=":"/>
    <token start="2" span="1" pos="NN" chunk="I-NP" entity="O" cat="N/N" id="t0_2" surf="num" base="num"/>
    <token start="3" span="1" pos="NNS" chunk="I-NP" entity="O" cat="N" id="t0_3" surf="=" base="="/>
    <token start="4" span="1" pos="JJ" chunk="I-ADJP" entity="O" cat="S[adj]\NP" id="t0_4" surf="-7" base="-7"/>
  </tokens>
  <ccg root="s0_sp0" id="s0_ccg0">
    <span root="true" id="s0_sp0" child="s0_sp1 s0_sp3" category="NP" rule="ba"/>
    <span id="s0_sp1" child="s0_sp2" category="NP" rule="lex"/>
    <span start="0" span="1" pos="NNP" chunk="I-NP" entity="O" id="s0_sp2" surf="Input" base="input" terminal="t0_0" category="N"/>
    <span id="s0_sp3" child="s0_sp4 s0_sp5" category="NP\NP" rule="fa"/>
    <span start="1" span="1" pos="IN" chunk="O" entity="O" id="s0_sp4" surf=":" base=":" terminal="t0_1" category="(NP\NP)/NP"/>
    <span id="s0_sp5" child="s0_sp6 s0_sp10" category="NP" rule="ba"/>
    <span id="s0_sp6" child="s0_sp7" category="NP" rule="lex"/>
    <span id="s0_sp7" child="s0_sp8 s0_sp9" category="N" rule="fa"/>
    <span start="2" span="1" pos="NN" chunk="I-NP" entity="O" id="s0_sp8" surf="num" base="num" terminal="t0_2" category="N/N"/>
    <span start="3" span="1" pos="NNS" chunk="I-NP" entity="O" id="s0_sp9" surf="=" base="=" terminal="t0_3" category="N"/>
    <span id="s0_sp10" child="s0_sp11" category="NP\NP" rule="lex"/>
    <span start="4" span="1" pos="JJ" chunk="I-ADJP" entity="O" id="s0_sp11" surf="-7" base="-7" terminal="t0_4" category="S[adj=true]\NP"/>
  </ccg>
</sentence>

