1:ROR:==(java.lang.Object,java.lang.Object):FALSE(java.lang.Object,java.lang.Object):g0001_0100.s0016_3sum_closest.Solution@threeSumClosest(int[],int):14:nums == null |==> false
2:ROR:<(int,int):!=(int,int):g0001_0100.s0016_3sum_closest.Solution@threeSumClosest(int[],int):14:nums.length < 3 |==> nums.length != 3
3:ROR:<(int,int):<=(int,int):g0001_0100.s0016_3sum_closest.Solution@threeSumClosest(int[],int):14:nums.length < 3 |==> nums.length <= 3
4:ROR:<(int,int):FALSE(int,int):g0001_0100.s0016_3sum_closest.Solution@threeSumClosest(int[],int):14:nums.length < 3 |==> false
5:COR:||(boolean,boolean):!=(boolean,boolean):g0001_0100.s0016_3sum_closest.Solution@threeSumClosest(int[],int):14:nums == null || nums.length < 3 |==> nums == null != nums.length < 3
6:COR:||(boolean,boolean):LHS(boolean,boolean):g0001_0100.s0016_3sum_closest.Solution@threeSumClosest(int[],int):14:nums == null || nums.length < 3 |==> nums == null
7:COR:||(boolean,boolean):RHS(boolean,boolean):g0001_0100.s0016_3sum_closest.Solution@threeSumClosest(int[],int):14:nums == null || nums.length < 3 |==> nums.length < 3
8:COR:||(boolean,boolean):TRUE(boolean,boolean):g0001_0100.s0016_3sum_closest.Solution@threeSumClosest(int[],int):14:nums == null || nums.length < 3 |==> true
9:STD:<RETURN>:<NO-OP>:g0001_0100.s0016_3sum_closest.Solution@threeSumClosest(int[],int):15:return 0; |==> <NO-OP>
10:ROR:==(int,int):<=(int,int):g0001_0100.s0016_3sum_closest.Solution@threeSumClosest(int[],int):17:nums.length == 3 |==> nums.length <= 3
11:ROR:==(int,int):>=(int,int):g0001_0100.s0016_3sum_closest.Solution@threeSumClosest(int[],int):17:nums.length == 3 |==> nums.length >= 3
12:ROR:==(int,int):FALSE(int,int):g0001_0100.s0016_3sum_closest.Solution@threeSumClosest(int[],int):17:nums.length == 3 |==> false
13:AOR:+(int,int):%(int,int):g0001_0100.s0016_3sum_closest.Solution@threeSumClosest(int[],int):18:nums[0] + nums[1] |==> nums[0] % nums[1]
14:AOR:+(int,int):*(int,int):g0001_0100.s0016_3sum_closest.Solution@threeSumClosest(int[],int):18:nums[0] + nums[1] |==> nums[0] * nums[1]
15:AOR:+(int,int):-(int,int):g0001_0100.s0016_3sum_closest.Solution@threeSumClosest(int[],int):18:nums[0] + nums[1] |==> nums[0] - nums[1]
16:AOR:+(int,int):/(int,int):g0001_0100.s0016_3sum_closest.Solution@threeSumClosest(int[],int):18:nums[0] + nums[1] |==> nums[0] / nums[1]
17:AOR:+(int,int):%(int,int):g0001_0100.s0016_3sum_closest.Solution@threeSumClosest(int[],int):18:nums[0] + nums[1] + nums[2] |==> (nums[0] + nums[1]) % nums[2]
18:AOR:+(int,int):*(int,int):g0001_0100.s0016_3sum_closest.Solution@threeSumClosest(int[],int):18:nums[0] + nums[1] + nums[2] |==> (nums[0] + nums[1]) * nums[2]
19:AOR:+(int,int):-(int,int):g0001_0100.s0016_3sum_closest.Solution@threeSumClosest(int[],int):18:nums[0] + nums[1] + nums[2] |==> nums[0] + nums[1] - nums[2]
20:AOR:+(int,int):/(int,int):g0001_0100.s0016_3sum_closest.Solution@threeSumClosest(int[],int):18:nums[0] + nums[1] + nums[2] |==> (nums[0] + nums[1]) / nums[2]
21:STD:<RETURN>:<NO-OP>:g0001_0100.s0016_3sum_closest.Solution@threeSumClosest(int[],int):18:return nums[0] + nums[1] + nums[2]; |==> <NO-OP>
22:STD:<CALL>:<NO-OP>:g0001_0100.s0016_3sum_closest.Solution@threeSumClosest(int[],int):20:Arrays.sort(nums); |==> <NO-OP>
23:AOR:+(int,int):%(int,int):g0001_0100.s0016_3sum_closest.Solution@threeSumClosest(int[],int):22:nums[0] + nums[1] |==> nums[0] % nums[1]
24:AOR:+(int,int):*(int,int):g0001_0100.s0016_3sum_closest.Solution@threeSumClosest(int[],int):22:nums[0] + nums[1] |==> nums[0] * nums[1]
25:AOR:+(int,int):-(int,int):g0001_0100.s0016_3sum_closest.Solution@threeSumClosest(int[],int):22:nums[0] + nums[1] |==> nums[0] - nums[1]
26:AOR:+(int,int):/(int,int):g0001_0100.s0016_3sum_closest.Solution@threeSumClosest(int[],int):22:nums[0] + nums[1] |==> nums[0] / nums[1]
27:AOR:+(int,int):%(int,int):g0001_0100.s0016_3sum_closest.Solution@threeSumClosest(int[],int):22:nums[0] + nums[1] + nums[2] |==> (nums[0] + nums[1]) % nums[2]
28:AOR:+(int,int):*(int,int):g0001_0100.s0016_3sum_closest.Solution@threeSumClosest(int[],int):22:nums[0] + nums[1] + nums[2] |==> (nums[0] + nums[1]) * nums[2]
29:AOR:+(int,int):-(int,int):g0001_0100.s0016_3sum_closest.Solution@threeSumClosest(int[],int):22:nums[0] + nums[1] + nums[2] |==> nums[0] + nums[1] - nums[2]
30:AOR:+(int,int):/(int,int):g0001_0100.s0016_3sum_closest.Solution@threeSumClosest(int[],int):22:nums[0] + nums[1] + nums[2] |==> (nums[0] + nums[1]) / nums[2]
31:AOR:-(int,int):%(int,int):g0001_0100.s0016_3sum_closest.Solution@threeSumClosest(int[],int):23:n - 2 |==> n % 2
32:AOR:-(int,int):*(int,int):g0001_0100.s0016_3sum_closest.Solution@threeSumClosest(int[],int):23:n - 2 |==> n * 2
33:AOR:-(int,int):+(int,int):g0001_0100.s0016_3sum_closest.Solution@threeSumClosest(int[],int):23:n - 2 |==> n + 2
34:AOR:-(int,int):/(int,int):g0001_0100.s0016_3sum_closest.Solution@threeSumClosest(int[],int):23:n - 2 |==> n / 2
35:ROR:<(int,int):!=(int,int):g0001_0100.s0016_3sum_closest.Solution@threeSumClosest(int[],int):23:i < n - 2 |==> i != n - 2
36:ROR:<(int,int):<=(int,int):g0001_0100.s0016_3sum_closest.Solution@threeSumClosest(int[],int):23:i < n - 2 |==> i <= n - 2
37:ROR:<(int,int):FALSE(int,int):g0001_0100.s0016_3sum_closest.Solution@threeSumClosest(int[],int):23:i < n - 2 |==> false
38:AOR:-(int,int):%(int,int):g0001_0100.s0016_3sum_closest.Solution@threeSumClosest(int[],int):24:n - 1 |==> n % 1
39:AOR:-(int,int):*(int,int):g0001_0100.s0016_3sum_closest.Solution@threeSumClosest(int[],int):24:n - 1 |==> n * 1
40:AOR:-(int,int):+(int,int):g0001_0100.s0016_3sum_closest.Solution@threeSumClosest(int[],int):24:n - 1 |==> n + 1
41:AOR:-(int,int):/(int,int):g0001_0100.s0016_3sum_closest.Solution@threeSumClosest(int[],int):24:n - 1 |==> n / 1
42:AOR:+(int,int):%(int,int):g0001_0100.s0016_3sum_closest.Solution@threeSumClosest(int[],int):24:nums[i] + nums[n - 1] |==> nums[i] % nums[n - 1]
43:AOR:+(int,int):*(int,int):g0001_0100.s0016_3sum_closest.Solution@threeSumClosest(int[],int):24:nums[i] + nums[n - 1] |==> nums[i] * nums[n - 1]
44:AOR:+(int,int):-(int,int):g0001_0100.s0016_3sum_closest.Solution@threeSumClosest(int[],int):24:nums[i] + nums[n - 1] |==> nums[i] - nums[n - 1]
45:AOR:+(int,int):/(int,int):g0001_0100.s0016_3sum_closest.Solution@threeSumClosest(int[],int):24:nums[i] + nums[n - 1] |==> nums[i] / nums[n - 1]
46:AOR:-(int,int):%(int,int):g0001_0100.s0016_3sum_closest.Solution@threeSumClosest(int[],int):24:n - 2 |==> n % 2
47:AOR:-(int,int):*(int,int):g0001_0100.s0016_3sum_closest.Solution@threeSumClosest(int[],int):24:n - 2 |==> n * 2
48:AOR:-(int,int):+(int,int):g0001_0100.s0016_3sum_closest.Solution@threeSumClosest(int[],int):24:n - 2 |==> n + 2
49:AOR:-(int,int):/(int,int):g0001_0100.s0016_3sum_closest.Solution@threeSumClosest(int[],int):24:n - 2 |==> n / 2
50:AOR:+(int,int):%(int,int):g0001_0100.s0016_3sum_closest.Solution@threeSumClosest(int[],int):24:nums[i] + nums[n - 1] + nums[n - 2] |==> (nums[i] + nums[n - 1]) % nums[n - 2]
51:AOR:+(int,int):*(int,int):g0001_0100.s0016_3sum_closest.Solution@threeSumClosest(int[],int):24:nums[i] + nums[n - 1] + nums[n - 2] |==> (nums[i] + nums[n - 1]) * nums[n - 2]
52:AOR:+(int,int):-(int,int):g0001_0100.s0016_3sum_closest.Solution@threeSumClosest(int[],int):24:nums[i] + nums[n - 1] + nums[n - 2] |==> nums[i] + nums[n - 1] - nums[n - 2]
53:AOR:+(int,int):/(int,int):g0001_0100.s0016_3sum_closest.Solution@threeSumClosest(int[],int):24:nums[i] + nums[n - 1] + nums[n - 2] |==> (nums[i] + nums[n - 1]) / nums[n - 2]
54:ROR:<(int,int):!=(int,int):g0001_0100.s0016_3sum_closest.Solution@threeSumClosest(int[],int):24:nums[i] + nums[n - 1] + nums[n - 2] < target |==> nums[i] + nums[n - 1] + nums[n - 2] != target
55:ROR:<(int,int):<=(int,int):g0001_0100.s0016_3sum_closest.Solution@threeSumClosest(int[],int):24:nums[i] + nums[n - 1] + nums[n - 2] < target |==> nums[i] + nums[n - 1] + nums[n - 2] <= target
56:ROR:<(int,int):FALSE(int,int):g0001_0100.s0016_3sum_closest.Solution@threeSumClosest(int[],int):24:nums[i] + nums[n - 1] + nums[n - 2] < target |==> false
57:AOR:-(int,int):%(int,int):g0001_0100.s0016_3sum_closest.Solution@threeSumClosest(int[],int):25:n - 1 |==> n % 1
58:AOR:-(int,int):*(int,int):g0001_0100.s0016_3sum_closest.Solution@threeSumClosest(int[],int):25:n - 1 |==> n * 1
59:AOR:-(int,int):+(int,int):g0001_0100.s0016_3sum_closest.Solution@threeSumClosest(int[],int):25:n - 1 |==> n + 1
60:AOR:-(int,int):/(int,int):g0001_0100.s0016_3sum_closest.Solution@threeSumClosest(int[],int):25:n - 1 |==> n / 1
61:AOR:+(int,int):%(int,int):g0001_0100.s0016_3sum_closest.Solution@threeSumClosest(int[],int):25:nums[i] + nums[n - 1] |==> nums[i] % nums[n - 1]
62:AOR:+(int,int):*(int,int):g0001_0100.s0016_3sum_closest.Solution@threeSumClosest(int[],int):25:nums[i] + nums[n - 1] |==> nums[i] * nums[n - 1]
63:AOR:+(int,int):-(int,int):g0001_0100.s0016_3sum_closest.Solution@threeSumClosest(int[],int):25:nums[i] + nums[n - 1] |==> nums[i] - nums[n - 1]
64:AOR:+(int,int):/(int,int):g0001_0100.s0016_3sum_closest.Solution@threeSumClosest(int[],int):25:nums[i] + nums[n - 1] |==> nums[i] / nums[n - 1]
65:AOR:-(int,int):%(int,int):g0001_0100.s0016_3sum_closest.Solution@threeSumClosest(int[],int):25:n - 2 |==> n % 2
66:AOR:-(int,int):*(int,int):g0001_0100.s0016_3sum_closest.Solution@threeSumClosest(int[],int):25:n - 2 |==> n * 2
67:AOR:-(int,int):+(int,int):g0001_0100.s0016_3sum_closest.Solution@threeSumClosest(int[],int):25:n - 2 |==> n + 2
68:AOR:-(int,int):/(int,int):g0001_0100.s0016_3sum_closest.Solution@threeSumClosest(int[],int):25:n - 2 |==> n / 2
69:AOR:+(int,int):%(int,int):g0001_0100.s0016_3sum_closest.Solution@threeSumClosest(int[],int):25:nums[i] + nums[n - 1] + nums[n - 2] |==> (nums[i] + nums[n - 1]) % nums[n - 2]
70:AOR:+(int,int):*(int,int):g0001_0100.s0016_3sum_closest.Solution@threeSumClosest(int[],int):25:nums[i] + nums[n - 1] + nums[n - 2] |==> (nums[i] + nums[n - 1]) * nums[n - 2]
71:AOR:+(int,int):-(int,int):g0001_0100.s0016_3sum_closest.Solution@threeSumClosest(int[],int):25:nums[i] + nums[n - 1] + nums[n - 2] |==> nums[i] + nums[n - 1] - nums[n - 2]
72:AOR:+(int,int):/(int,int):g0001_0100.s0016_3sum_closest.Solution@threeSumClosest(int[],int):25:nums[i] + nums[n - 1] + nums[n - 2] |==> (nums[i] + nums[n - 1]) / nums[n - 2]
73:STD:<ASSIGN>:<NO-OP>:g0001_0100.s0016_3sum_closest.Solution@threeSumClosest(int[],int):25:sum = nums[i] + nums[n - 1] + nums[n - 2]; |==> <NO-OP>
74:STD:<CONT>:<NO-OP>:g0001_0100.s0016_3sum_closest.Solution@threeSumClosest(int[],int):26:continue; |==> <NO-OP>
75:AOR:+(int,int):%(int,int):g0001_0100.s0016_3sum_closest.Solution@threeSumClosest(int[],int):28:i + 1 |==> i % 1
76:AOR:+(int,int):*(int,int):g0001_0100.s0016_3sum_closest.Solution@threeSumClosest(int[],int):28:i + 1 |==> i * 1
77:AOR:+(int,int):-(int,int):g0001_0100.s0016_3sum_closest.Solution@threeSumClosest(int[],int):28:i + 1 |==> i - 1
78:AOR:+(int,int):/(int,int):g0001_0100.s0016_3sum_closest.Solution@threeSumClosest(int[],int):28:i + 1 |==> i / 1
79:AOR:+(int,int):%(int,int):g0001_0100.s0016_3sum_closest.Solution@threeSumClosest(int[],int):28:nums[i] + nums[i + 1] |==> nums[i] % nums[i + 1]
80:AOR:+(int,int):*(int,int):g0001_0100.s0016_3sum_closest.Solution@threeSumClosest(int[],int):28:nums[i] + nums[i + 1] |==> nums[i] * nums[i + 1]
81:AOR:+(int,int):-(int,int):g0001_0100.s0016_3sum_closest.Solution@threeSumClosest(int[],int):28:nums[i] + nums[i + 1] |==> nums[i] - nums[i + 1]
82:AOR:+(int,int):/(int,int):g0001_0100.s0016_3sum_closest.Solution@threeSumClosest(int[],int):28:nums[i] + nums[i + 1] |==> nums[i] / nums[i + 1]
83:AOR:+(int,int):%(int,int):g0001_0100.s0016_3sum_closest.Solution@threeSumClosest(int[],int):28:i + 2 |==> i % 2
84:AOR:+(int,int):*(int,int):g0001_0100.s0016_3sum_closest.Solution@threeSumClosest(int[],int):28:i + 2 |==> i * 2
85:AOR:+(int,int):-(int,int):g0001_0100.s0016_3sum_closest.Solution@threeSumClosest(int[],int):28:i + 2 |==> i - 2
86:AOR:+(int,int):/(int,int):g0001_0100.s0016_3sum_closest.Solution@threeSumClosest(int[],int):28:i + 2 |==> i / 2
87:AOR:+(int,int):%(int,int):g0001_0100.s0016_3sum_closest.Solution@threeSumClosest(int[],int):28:nums[i] + nums[i + 1] + nums[i + 2] |==> (nums[i] + nums[i + 1]) % nums[i + 2]
88:AOR:+(int,int):*(int,int):g0001_0100.s0016_3sum_closest.Solution@threeSumClosest(int[],int):28:nums[i] + nums[i + 1] + nums[i + 2] |==> (nums[i] + nums[i + 1]) * nums[i + 2]
89:AOR:+(int,int):-(int,int):g0001_0100.s0016_3sum_closest.Solution@threeSumClosest(int[],int):28:nums[i] + nums[i + 1] + nums[i + 2] |==> nums[i] + nums[i + 1] - nums[i + 2]
90:AOR:+(int,int):/(int,int):g0001_0100.s0016_3sum_closest.Solution@threeSumClosest(int[],int):28:nums[i] + nums[i + 1] + nums[i + 2] |==> (nums[i] + nums[i + 1]) / nums[i + 2]
91:ROR:>(int,int):!=(int,int):g0001_0100.s0016_3sum_closest.Solution@threeSumClosest(int[],int):28:nums[i] + nums[i + 1] + nums[i + 2] > target |==> nums[i] + nums[i + 1] + nums[i + 2] != target
92:ROR:>(int,int):>=(int,int):g0001_0100.s0016_3sum_closest.Solution@threeSumClosest(int[],int):28:nums[i] + nums[i + 1] + nums[i + 2] > target |==> nums[i] + nums[i + 1] + nums[i + 2] >= target
93:ROR:>(int,int):FALSE(int,int):g0001_0100.s0016_3sum_closest.Solution@threeSumClosest(int[],int):28:nums[i] + nums[i + 1] + nums[i + 2] > target |==> false
94:AOR:+(int,int):%(int,int):g0001_0100.s0016_3sum_closest.Solution@threeSumClosest(int[],int):29:i + 1 |==> i % 1
95:AOR:+(int,int):*(int,int):g0001_0100.s0016_3sum_closest.Solution@threeSumClosest(int[],int):29:i + 1 |==> i * 1
96:AOR:+(int,int):-(int,int):g0001_0100.s0016_3sum_closest.Solution@threeSumClosest(int[],int):29:i + 1 |==> i - 1
97:AOR:+(int,int):/(int,int):g0001_0100.s0016_3sum_closest.Solution@threeSumClosest(int[],int):29:i + 1 |==> i / 1
98:AOR:+(int,int):%(int,int):g0001_0100.s0016_3sum_closest.Solution@threeSumClosest(int[],int):29:nums[i] + nums[i + 1] |==> nums[i] % nums[i + 1]
99:AOR:+(int,int):*(int,int):g0001_0100.s0016_3sum_closest.Solution@threeSumClosest(int[],int):29:nums[i] + nums[i + 1] |==> nums[i] * nums[i + 1]
100:AOR:+(int,int):-(int,int):g0001_0100.s0016_3sum_closest.Solution@threeSumClosest(int[],int):29:nums[i] + nums[i + 1] |==> nums[i] - nums[i + 1]
101:AOR:+(int,int):/(int,int):g0001_0100.s0016_3sum_closest.Solution@threeSumClosest(int[],int):29:nums[i] + nums[i + 1] |==> nums[i] / nums[i + 1]
102:AOR:+(int,int):%(int,int):g0001_0100.s0016_3sum_closest.Solution@threeSumClosest(int[],int):29:i + 2 |==> i % 2
103:AOR:+(int,int):*(int,int):g0001_0100.s0016_3sum_closest.Solution@threeSumClosest(int[],int):29:i + 2 |==> i * 2
104:AOR:+(int,int):-(int,int):g0001_0100.s0016_3sum_closest.Solution@threeSumClosest(int[],int):29:i + 2 |==> i - 2
105:AOR:+(int,int):/(int,int):g0001_0100.s0016_3sum_closest.Solution@threeSumClosest(int[],int):29:i + 2 |==> i / 2
106:AOR:+(int,int):%(int,int):g0001_0100.s0016_3sum_closest.Solution@threeSumClosest(int[],int):29:nums[i] + nums[i + 1] + nums[i + 2] |==> (nums[i] + nums[i + 1]) % nums[i + 2]
107:AOR:+(int,int):*(int,int):g0001_0100.s0016_3sum_closest.Solution@threeSumClosest(int[],int):29:nums[i] + nums[i + 1] + nums[i + 2] |==> (nums[i] + nums[i + 1]) * nums[i + 2]
108:AOR:+(int,int):-(int,int):g0001_0100.s0016_3sum_closest.Solution@threeSumClosest(int[],int):29:nums[i] + nums[i + 1] + nums[i + 2] |==> nums[i] + nums[i + 1] - nums[i + 2]
109:AOR:+(int,int):/(int,int):g0001_0100.s0016_3sum_closest.Solution@threeSumClosest(int[],int):29:nums[i] + nums[i + 1] + nums[i + 2] |==> (nums[i] + nums[i + 1]) / nums[i + 2]
110:STD:<RETURN>:<NO-OP>:g0001_0100.s0016_3sum_closest.Solution@threeSumClosest(int[],int):30:return lessGap(sum, temp, target); |==> <NO-OP>
111:AOR:+(int,int):%(int,int):g0001_0100.s0016_3sum_closest.Solution@threeSumClosest(int[],int):32:i + 1 |==> i % 1
112:AOR:+(int,int):*(int,int):g0001_0100.s0016_3sum_closest.Solution@threeSumClosest(int[],int):32:i + 1 |==> i * 1
113:AOR:+(int,int):-(int,int):g0001_0100.s0016_3sum_closest.Solution@threeSumClosest(int[],int):32:i + 1 |==> i - 1
114:AOR:+(int,int):/(int,int):g0001_0100.s0016_3sum_closest.Solution@threeSumClosest(int[],int):32:i + 1 |==> i / 1
115:AOR:-(int,int):%(int,int):g0001_0100.s0016_3sum_closest.Solution@threeSumClosest(int[],int):33:n - 1 |==> n % 1
116:AOR:-(int,int):*(int,int):g0001_0100.s0016_3sum_closest.Solution@threeSumClosest(int[],int):33:n - 1 |==> n * 1
117:AOR:-(int,int):+(int,int):g0001_0100.s0016_3sum_closest.Solution@threeSumClosest(int[],int):33:n - 1 |==> n + 1
118:AOR:-(int,int):/(int,int):g0001_0100.s0016_3sum_closest.Solution@threeSumClosest(int[],int):33:n - 1 |==> n / 1
119:ROR:<(int,int):!=(int,int):g0001_0100.s0016_3sum_closest.Solution@threeSumClosest(int[],int):34:j < k |==> j != k
120:ROR:<(int,int):<=(int,int):g0001_0100.s0016_3sum_closest.Solution@threeSumClosest(int[],int):34:j < k |==> j <= k
121:ROR:<(int,int):FALSE(int,int):g0001_0100.s0016_3sum_closest.Solution@threeSumClosest(int[],int):34:j < k |==> false
122:AOR:+(int,int):%(int,int):g0001_0100.s0016_3sum_closest.Solution@threeSumClosest(int[],int):35:nums[i] + nums[j] |==> nums[i] % nums[j]
123:AOR:+(int,int):*(int,int):g0001_0100.s0016_3sum_closest.Solution@threeSumClosest(int[],int):35:nums[i] + nums[j] |==> nums[i] * nums[j]
124:AOR:+(int,int):-(int,int):g0001_0100.s0016_3sum_closest.Solution@threeSumClosest(int[],int):35:nums[i] + nums[j] |==> nums[i] - nums[j]
125:AOR:+(int,int):/(int,int):g0001_0100.s0016_3sum_closest.Solution@threeSumClosest(int[],int):35:nums[i] + nums[j] |==> nums[i] / nums[j]
126:AOR:+(int,int):%(int,int):g0001_0100.s0016_3sum_closest.Solution@threeSumClosest(int[],int):35:nums[i] + nums[j] + nums[k] |==> (nums[i] + nums[j]) % nums[k]
127:AOR:+(int,int):*(int,int):g0001_0100.s0016_3sum_closest.Solution@threeSumClosest(int[],int):35:nums[i] + nums[j] + nums[k] |==> (nums[i] + nums[j]) * nums[k]
128:AOR:+(int,int):-(int,int):g0001_0100.s0016_3sum_closest.Solution@threeSumClosest(int[],int):35:nums[i] + nums[j] + nums[k] |==> nums[i] + nums[j] - nums[k]
129:AOR:+(int,int):/(int,int):g0001_0100.s0016_3sum_closest.Solution@threeSumClosest(int[],int):35:nums[i] + nums[j] + nums[k] |==> (nums[i] + nums[j]) / nums[k]
130:ROR:==(int,int):<=(int,int):g0001_0100.s0016_3sum_closest.Solution@threeSumClosest(int[],int):36:temp == target |==> temp <= target
131:ROR:==(int,int):>=(int,int):g0001_0100.s0016_3sum_closest.Solution@threeSumClosest(int[],int):36:temp == target |==> temp >= target
132:ROR:==(int,int):FALSE(int,int):g0001_0100.s0016_3sum_closest.Solution@threeSumClosest(int[],int):36:temp == target |==> false
133:STD:<RETURN>:<NO-OP>:g0001_0100.s0016_3sum_closest.Solution@threeSumClosest(int[],int):37:return target; |==> <NO-OP>
134:ROR:<(int,int):!=(int,int):g0001_0100.s0016_3sum_closest.Solution@threeSumClosest(int[],int):39:temp < target |==> temp != target
135:ROR:<(int,int):<=(int,int):g0001_0100.s0016_3sum_closest.Solution@threeSumClosest(int[],int):39:temp < target |==> temp <= target
136:ROR:<(int,int):FALSE(int,int):g0001_0100.s0016_3sum_closest.Solution@threeSumClosest(int[],int):39:temp < target |==> false
137:STD:<INC>:<NO-OP>:g0001_0100.s0016_3sum_closest.Solution@threeSumClosest(int[],int):40:j++; |==> <NO-OP>
138:STD:<DEC>:<NO-OP>:g0001_0100.s0016_3sum_closest.Solution@threeSumClosest(int[],int):42:k--; |==> <NO-OP>
139:STD:<ASSIGN>:<NO-OP>:g0001_0100.s0016_3sum_closest.Solution@threeSumClosest(int[],int):44:sum = lessGap(sum, temp, target); |==> <NO-OP>
140:AOR:-(int,int):%(int,int):g0001_0100.s0016_3sum_closest.Solution@lessGap(int,int,int):51:sum - target |==> sum % target
141:AOR:-(int,int):*(int,int):g0001_0100.s0016_3sum_closest.Solution@lessGap(int,int,int):51:sum - target |==> sum * target
142:AOR:-(int,int):+(int,int):g0001_0100.s0016_3sum_closest.Solution@lessGap(int,int,int):51:sum - target |==> sum + target
143:AOR:-(int,int):/(int,int):g0001_0100.s0016_3sum_closest.Solution@lessGap(int,int,int):51:sum - target |==> sum / target
144:AOR:-(int,int):%(int,int):g0001_0100.s0016_3sum_closest.Solution@lessGap(int,int,int):51:temp - target |==> temp % target
145:AOR:-(int,int):*(int,int):g0001_0100.s0016_3sum_closest.Solution@lessGap(int,int,int):51:temp - target |==> temp * target
146:AOR:-(int,int):+(int,int):g0001_0100.s0016_3sum_closest.Solution@lessGap(int,int,int):51:temp - target |==> temp + target
147:AOR:-(int,int):/(int,int):g0001_0100.s0016_3sum_closest.Solution@lessGap(int,int,int):51:temp - target |==> temp / target
148:ROR:<(int,int):!=(int,int):g0001_0100.s0016_3sum_closest.Solution@lessGap(int,int,int):51:Math.abs(sum - target) < Math.abs(temp - target) |==> Math.abs(sum - target) != Math.abs(temp - target)
149:ROR:<(int,int):<=(int,int):g0001_0100.s0016_3sum_closest.Solution@lessGap(int,int,int):51:Math.abs(sum - target) < Math.abs(temp - target) |==> Math.abs(sum - target) <= Math.abs(temp - target)
150:ROR:<(int,int):FALSE(int,int):g0001_0100.s0016_3sum_closest.Solution@lessGap(int,int,int):51:Math.abs(sum - target) < Math.abs(temp - target) |==> false
