1:ROR:<(int,int):!=(int,int):g0001_0100.s0071_simplify_path.Solution@simplifyPath(java.lang.String):24:start < path.length() |==> start != path.length()
2:ROR:<(int,int):<=(int,int):g0001_0100.s0071_simplify_path.Solution@simplifyPath(java.lang.String):24:start < path.length() |==> start <= path.length()
3:ROR:<(int,int):FALSE(int,int):g0001_0100.s0071_simplify_path.Solution@simplifyPath(java.lang.String):24:start < path.length() |==> false
4:ROR:<(int,int):!=(int,int):g0001_0100.s0071_simplify_path.Solution@simplifyPath(java.lang.String):25:start < path.length() |==> start != path.length()
5:ROR:<(int,int):<=(int,int):g0001_0100.s0071_simplify_path.Solution@simplifyPath(java.lang.String):25:start < path.length() |==> start <= path.length()
6:ROR:<(int,int):FALSE(int,int):g0001_0100.s0071_simplify_path.Solution@simplifyPath(java.lang.String):25:start < path.length() |==> false
7:ROR:==(int,int):<=(int,int):g0001_0100.s0071_simplify_path.Solution@simplifyPath(java.lang.String):25:path.charAt(start) == '/' |==> path.charAt(start) <= '/'
8:ROR:==(int,int):>=(int,int):g0001_0100.s0071_simplify_path.Solution@simplifyPath(java.lang.String):25:path.charAt(start) == '/' |==> path.charAt(start) >= '/'
9:ROR:==(int,int):FALSE(int,int):g0001_0100.s0071_simplify_path.Solution@simplifyPath(java.lang.String):25:path.charAt(start) == '/' |==> false
10:COR:&&(boolean,boolean):==(boolean,boolean):g0001_0100.s0071_simplify_path.Solution@simplifyPath(java.lang.String):25:start < path.length() && path.charAt(start) == '/' |==> start < path.length() == (path.charAt(start) == '/')
11:COR:&&(boolean,boolean):FALSE(boolean,boolean):g0001_0100.s0071_simplify_path.Solution@simplifyPath(java.lang.String):25:start < path.length() && path.charAt(start) == '/' |==> false
12:COR:&&(boolean,boolean):LHS(boolean,boolean):g0001_0100.s0071_simplify_path.Solution@simplifyPath(java.lang.String):25:start < path.length() && path.charAt(start) == '/' |==> start < path.length()
13:COR:&&(boolean,boolean):RHS(boolean,boolean):g0001_0100.s0071_simplify_path.Solution@simplifyPath(java.lang.String):25:start < path.length() && path.charAt(start) == '/' |==> path.charAt(start) == '/'
14:STD:<INC>:<NO-OP>:g0001_0100.s0071_simplify_path.Solution@simplifyPath(java.lang.String):26:start++; |==> <NO-OP>
15:ROR:<(int,int):!=(int,int):g0001_0100.s0071_simplify_path.Solution@simplifyPath(java.lang.String):29:end < path.length() |==> end != path.length()
16:ROR:<(int,int):<=(int,int):g0001_0100.s0071_simplify_path.Solution@simplifyPath(java.lang.String):29:end < path.length() |==> end <= path.length()
17:ROR:<(int,int):FALSE(int,int):g0001_0100.s0071_simplify_path.Solution@simplifyPath(java.lang.String):29:end < path.length() |==> false
18:ROR:!=(int,int):<(int,int):g0001_0100.s0071_simplify_path.Solution@simplifyPath(java.lang.String):29:path.charAt(end) != '/' |==> path.charAt(end) < '/'
19:ROR:!=(int,int):>(int,int):g0001_0100.s0071_simplify_path.Solution@simplifyPath(java.lang.String):29:path.charAt(end) != '/' |==> path.charAt(end) > '/'
20:ROR:!=(int,int):TRUE(int,int):g0001_0100.s0071_simplify_path.Solution@simplifyPath(java.lang.String):29:path.charAt(end) != '/' |==> true
21:COR:&&(boolean,boolean):==(boolean,boolean):g0001_0100.s0071_simplify_path.Solution@simplifyPath(java.lang.String):29:end < path.length() && path.charAt(end) != '/' |==> end < path.length() == (path.charAt(end) != '/')
22:COR:&&(boolean,boolean):FALSE(boolean,boolean):g0001_0100.s0071_simplify_path.Solution@simplifyPath(java.lang.String):29:end < path.length() && path.charAt(end) != '/' |==> false
23:COR:&&(boolean,boolean):LHS(boolean,boolean):g0001_0100.s0071_simplify_path.Solution@simplifyPath(java.lang.String):29:end < path.length() && path.charAt(end) != '/' |==> end < path.length()
24:COR:&&(boolean,boolean):RHS(boolean,boolean):g0001_0100.s0071_simplify_path.Solution@simplifyPath(java.lang.String):29:end < path.length() && path.charAt(end) != '/' |==> path.charAt(end) != '/'
25:STD:<INC>:<NO-OP>:g0001_0100.s0071_simplify_path.Solution@simplifyPath(java.lang.String):30:end++; |==> <NO-OP>
26:COR:<METHOD_INVOCATION(boolean)>:TRUE:g0001_0100.s0071_simplify_path.Solution@simplifyPath(java.lang.String):33:s.equals("..") |==> false
27:COR:<METHOD_INVOCATION(boolean)>:FALSE:g0001_0100.s0071_simplify_path.Solution@simplifyPath(java.lang.String):33:s.equals("..") |==> true
28:COR:<METHOD_INVOCATION(boolean)>:TRUE:g0001_0100.s0071_simplify_path.Solution@simplifyPath(java.lang.String):34:stk.isEmpty() |==> false
29:COR:<METHOD_INVOCATION(boolean)>:FALSE:g0001_0100.s0071_simplify_path.Solution@simplifyPath(java.lang.String):34:stk.isEmpty() |==> true
30:STD:<CALL>:<NO-OP>:g0001_0100.s0071_simplify_path.Solution@simplifyPath(java.lang.String):35:stk.pop(); |==> <NO-OP>
31:COR:&&(boolean,boolean):==(boolean,boolean):g0001_0100.s0071_simplify_path.Solution@simplifyPath(java.lang.String):37:!s.equals(".") && !s.equals("") |==> !s.equals(".") == !s.equals("")
32:COR:&&(boolean,boolean):FALSE(boolean,boolean):g0001_0100.s0071_simplify_path.Solution@simplifyPath(java.lang.String):37:!s.equals(".") && !s.equals("") |==> false
33:COR:&&(boolean,boolean):LHS(boolean,boolean):g0001_0100.s0071_simplify_path.Solution@simplifyPath(java.lang.String):37:!s.equals(".") && !s.equals("") |==> !s.equals(".")
34:COR:&&(boolean,boolean):RHS(boolean,boolean):g0001_0100.s0071_simplify_path.Solution@simplifyPath(java.lang.String):37:!s.equals(".") && !s.equals("") |==> !s.equals("")
35:STD:<CALL>:<NO-OP>:g0001_0100.s0071_simplify_path.Solution@simplifyPath(java.lang.String):38:stk.push(s); |==> <NO-OP>
36:AOR:+(int,int):%(int,int):g0001_0100.s0071_simplify_path.Solution@simplifyPath(java.lang.String):40:end + 1 |==> end % 1
37:AOR:+(int,int):*(int,int):g0001_0100.s0071_simplify_path.Solution@simplifyPath(java.lang.String):40:end + 1 |==> end * 1
38:AOR:+(int,int):-(int,int):g0001_0100.s0071_simplify_path.Solution@simplifyPath(java.lang.String):40:end + 1 |==> end - 1
39:AOR:+(int,int):/(int,int):g0001_0100.s0071_simplify_path.Solution@simplifyPath(java.lang.String):40:end + 1 |==> end / 1
40:STD:<ASSIGN>:<NO-OP>:g0001_0100.s0071_simplify_path.Solution@simplifyPath(java.lang.String):40:start = end + 1; |==> <NO-OP>
41:STD:<CALL>:<NO-OP>:g0001_0100.s0071_simplify_path.Solution@simplifyPath(java.lang.String):44:ans.insert(0, stk.pop()); |==> <NO-OP>
42:STD:<CALL>:<NO-OP>:g0001_0100.s0071_simplify_path.Solution@simplifyPath(java.lang.String):45:ans.insert(0, "/"); |==> <NO-OP>
43:ROR:>(int,int):!=(int,int):g0001_0100.s0071_simplify_path.Solution@simplifyPath(java.lang.String):47:ans.length() > 0 |==> ans.length() != 0
44:ROR:>(int,int):>=(int,int):g0001_0100.s0071_simplify_path.Solution@simplifyPath(java.lang.String):47:ans.length() > 0 |==> ans.length() >= 0
45:ROR:>(int,int):FALSE(int,int):g0001_0100.s0071_simplify_path.Solution@simplifyPath(java.lang.String):47:ans.length() > 0 |==> false
