[04/24 17:41:39] [INFO   ] org.mutationtesting.major.plugin.MajorPluginTaskListener.<init>:
    Created MajorPluginTaskListener with options: [mml:../../major/mml/all.mml.bin]
[04/24 17:41:39] [INFO   ] org.mutationtesting.major.mutation.Mutator.initOperatorSymbols:
    Initializing operator symbols for opcode mapping
[04/24 17:41:39] [INFO   ] org.mutationtesting.major.mutation.Mutator.mutateTree:
    Mutating tree: Env[AttrContext[Scope[super, this]],outer=Env[AttrContext[Scope[g0001_0100.s0012_integer_to_roman.Solution]]]]
[04/24 17:41:39] [INFO   ] org.mutationtesting.major.mutation.Mutator.visitClassDef:
    CLASS: g0001_0100.s0012_integer_to_roman.Solution
[04/24 17:41:39] [INFO   ] org.mutationtesting.major.mutation.Mutator.visitMethodDef:
    METHOD: <init>([])null
[04/24 17:41:39] [INFO   ] org.mutationtesting.major.mutation.Mutator.visitMethodDef:
    METHOD: intToRoman([int num])String
[04/24 17:41:39] [INFO   ] org.mutationtesting.major.mutation.Mutator.nextMutant:
    Creating mutant 1
[04/24 17:41:39] [INFO   ] org.mutationtesting.major.mutation.Mutator.logMutantSTD:
    Logging mutantSTD 1: (STD) num = numerals(sb, num, m, ' ', ' ', 'M'); -> <NO-OP>
[04/24 17:41:39] [INFO   ] org.mutationtesting.major.mutation.Mutator.nextMutant:
    Creating mutant 2
[04/24 17:41:39] [INFO   ] org.mutationtesting.major.mutation.Mutator.logMutantSTD:
    Logging mutantSTD 2: (STD) num = numerals(sb, num, c, 'M', 'D', 'C'); -> <NO-OP>
[04/24 17:41:39] [INFO   ] org.mutationtesting.major.mutation.Mutator.nextMutant:
    Creating mutant 3
[04/24 17:41:39] [INFO   ] org.mutationtesting.major.mutation.Mutator.logMutantSTD:
    Logging mutantSTD 3: (STD) num = numerals(sb, num, x, 'C', 'L', 'X'); -> <NO-OP>
[04/24 17:41:39] [INFO   ] org.mutationtesting.major.mutation.Mutator.nextMutant:
    Creating mutant 4
[04/24 17:41:39] [INFO   ] org.mutationtesting.major.mutation.Mutator.logMutantSTD:
    Logging mutantSTD 4: (STD) numerals(sb, num, i, 'X', 'V', 'I'); -> <NO-OP>
[04/24 17:41:39] [INFO   ] org.mutationtesting.major.mutation.Mutator.visitMethodDef:
    METHOD: numerals([StringBuilder sb, int num, int one, char cTen, char cFive, char cOne])int
[04/24 17:41:39] [INFO   ] org.mutationtesting.major.mutation.Mutator.nextMutant:
    Creating mutant 5
[04/24 17:41:39] [INFO   ] org.mutationtesting.major.mutation.Mutator.logMutant:
    Logging mutant 5: Solution.numerals(line 21, col 23)
            mutation operator group:   AOR
            mutation operator:         /(int,int) |==> %(int,int)
            original:                  num / one 
            mutant:                    num % one
[04/24 17:41:39] [INFO   ] org.mutationtesting.major.mutation.Mutator.nextMutant:
    Creating mutant 6
[04/24 17:41:39] [INFO   ] org.mutationtesting.major.mutation.Mutator.logMutant:
    Logging mutant 6: Solution.numerals(line 21, col 23)
            mutation operator group:   AOR
            mutation operator:         /(int,int) |==> *(int,int)
            original:                  num / one 
            mutant:                    num * one
[04/24 17:41:39] [INFO   ] org.mutationtesting.major.mutation.Mutator.nextMutant:
    Creating mutant 7
[04/24 17:41:39] [INFO   ] org.mutationtesting.major.mutation.Mutator.logMutant:
    Logging mutant 7: Solution.numerals(line 21, col 23)
            mutation operator group:   AOR
            mutation operator:         /(int,int) |==> +(int,int)
            original:                  num / one 
            mutant:                    num + one
[04/24 17:41:39] [INFO   ] org.mutationtesting.major.mutation.Mutator.nextMutant:
    Creating mutant 8
[04/24 17:41:39] [INFO   ] org.mutationtesting.major.mutation.Mutator.logMutant:
    Logging mutant 8: Solution.numerals(line 21, col 23)
            mutation operator group:   AOR
            mutation operator:         /(int,int) |==> -(int,int)
            original:                  num / one 
            mutant:                    num - one
[04/24 17:41:39] [INFO   ] org.mutationtesting.major.mutation.Mutator.nextMutant:
    Creating mutant 9
[04/24 17:41:39] [INFO   ] org.mutationtesting.major.mutation.Mutator.logMutantSTD:
    Logging mutantSTD 9: (STD) sb.append(cOne); -> <NO-OP>
[04/24 17:41:39] [INFO   ] org.mutationtesting.major.mutation.Mutator.nextMutant:
    Creating mutant 10
[04/24 17:41:39] [INFO   ] org.mutationtesting.major.mutation.Mutator.logMutantSTD:
    Logging mutantSTD 10: (STD) sb.append(cTen); -> <NO-OP>
[04/24 17:41:39] [INFO   ] org.mutationtesting.major.mutation.Mutator.nextMutant:
    Creating mutant 11
[04/24 17:41:39] [INFO   ] org.mutationtesting.major.mutation.Mutator.logMutantSTD:
    Logging mutantSTD 11: (STD) break; -> <NO-OP>
[04/24 17:41:39] [INFO   ] org.mutationtesting.major.mutation.Mutator.nextMutant:
    Creating mutant 12
[04/24 17:41:39] [INFO   ] org.mutationtesting.major.mutation.Mutator.logMutantSTD:
    Logging mutantSTD 12: (STD) sb.append(cFive); -> <NO-OP>
[04/24 17:41:39] [INFO   ] org.mutationtesting.major.mutation.Mutator.nextMutant:
    Creating mutant 13
[04/24 17:41:39] [INFO   ] org.mutationtesting.major.mutation.Mutator.logMutantSTD:
    Logging mutantSTD 13: (STD) sb.append(cOne); -> <NO-OP>
[04/24 17:41:39] [INFO   ] org.mutationtesting.major.mutation.Mutator.nextMutant:
    Creating mutant 14
[04/24 17:41:39] [INFO   ] org.mutationtesting.major.mutation.Mutator.logMutantSTD:
    Logging mutantSTD 14: (STD) sb.append(cOne); -> <NO-OP>
[04/24 17:41:39] [INFO   ] org.mutationtesting.major.mutation.Mutator.nextMutant:
    Creating mutant 15
[04/24 17:41:39] [INFO   ] org.mutationtesting.major.mutation.Mutator.logMutantSTD:
    Logging mutantSTD 15: (STD) sb.append(cOne); -> <NO-OP>
[04/24 17:41:39] [INFO   ] org.mutationtesting.major.mutation.Mutator.nextMutant:
    Creating mutant 16
[04/24 17:41:39] [INFO   ] org.mutationtesting.major.mutation.Mutator.logMutantSTD:
    Logging mutantSTD 16: (STD) break; -> <NO-OP>
[04/24 17:41:39] [INFO   ] org.mutationtesting.major.mutation.Mutator.nextMutant:
    Creating mutant 17
[04/24 17:41:39] [INFO   ] org.mutationtesting.major.mutation.Mutator.logMutantSTD:
    Logging mutantSTD 17: (STD) sb.append(cFive); -> <NO-OP>
[04/24 17:41:39] [INFO   ] org.mutationtesting.major.mutation.Mutator.nextMutant:
    Creating mutant 18
[04/24 17:41:39] [INFO   ] org.mutationtesting.major.mutation.Mutator.logMutantSTD:
    Logging mutantSTD 18: (STD) sb.append(cOne); -> <NO-OP>
[04/24 17:41:39] [INFO   ] org.mutationtesting.major.mutation.Mutator.nextMutant:
    Creating mutant 19
[04/24 17:41:39] [INFO   ] org.mutationtesting.major.mutation.Mutator.logMutantSTD:
    Logging mutantSTD 19: (STD) sb.append(cOne); -> <NO-OP>
[04/24 17:41:39] [INFO   ] org.mutationtesting.major.mutation.Mutator.nextMutant:
    Creating mutant 20
[04/24 17:41:39] [INFO   ] org.mutationtesting.major.mutation.Mutator.logMutantSTD:
    Logging mutantSTD 20: (STD) break; -> <NO-OP>
[04/24 17:41:39] [INFO   ] org.mutationtesting.major.mutation.Mutator.nextMutant:
    Creating mutant 21
[04/24 17:41:39] [INFO   ] org.mutationtesting.major.mutation.Mutator.logMutantSTD:
    Logging mutantSTD 21: (STD) sb.append(cFive); -> <NO-OP>
[04/24 17:41:39] [INFO   ] org.mutationtesting.major.mutation.Mutator.nextMutant:
    Creating mutant 22
[04/24 17:41:39] [INFO   ] org.mutationtesting.major.mutation.Mutator.logMutantSTD:
    Logging mutantSTD 22: (STD) sb.append(cOne); -> <NO-OP>
[04/24 17:41:39] [INFO   ] org.mutationtesting.major.mutation.Mutator.nextMutant:
    Creating mutant 23
[04/24 17:41:39] [INFO   ] org.mutationtesting.major.mutation.Mutator.logMutantSTD:
    Logging mutantSTD 23: (STD) break; -> <NO-OP>
[04/24 17:41:39] [INFO   ] org.mutationtesting.major.mutation.Mutator.nextMutant:
    Creating mutant 24
[04/24 17:41:39] [INFO   ] org.mutationtesting.major.mutation.Mutator.logMutantSTD:
    Logging mutantSTD 24: (STD) sb.append(cFive); -> <NO-OP>
[04/24 17:41:39] [INFO   ] org.mutationtesting.major.mutation.Mutator.nextMutant:
    Creating mutant 25
[04/24 17:41:39] [INFO   ] org.mutationtesting.major.mutation.Mutator.logMutantSTD:
    Logging mutantSTD 25: (STD) break; -> <NO-OP>
[04/24 17:41:39] [INFO   ] org.mutationtesting.major.mutation.Mutator.nextMutant:
    Creating mutant 26
[04/24 17:41:39] [INFO   ] org.mutationtesting.major.mutation.Mutator.logMutantSTD:
    Logging mutantSTD 26: (STD) sb.append(cOne); -> <NO-OP>
[04/24 17:41:39] [INFO   ] org.mutationtesting.major.mutation.Mutator.nextMutant:
    Creating mutant 27
[04/24 17:41:39] [INFO   ] org.mutationtesting.major.mutation.Mutator.logMutantSTD:
    Logging mutantSTD 27: (STD) sb.append(cFive); -> <NO-OP>
[04/24 17:41:39] [INFO   ] org.mutationtesting.major.mutation.Mutator.nextMutant:
    Creating mutant 28
[04/24 17:41:39] [INFO   ] org.mutationtesting.major.mutation.Mutator.logMutantSTD:
    Logging mutantSTD 28: (STD) break; -> <NO-OP>
[04/24 17:41:39] [INFO   ] org.mutationtesting.major.mutation.Mutator.nextMutant:
    Creating mutant 29
[04/24 17:41:39] [INFO   ] org.mutationtesting.major.mutation.Mutator.logMutantSTD:
    Logging mutantSTD 29: (STD) sb.append(cOne); -> <NO-OP>
[04/24 17:41:39] [INFO   ] org.mutationtesting.major.mutation.Mutator.nextMutant:
    Creating mutant 30
[04/24 17:41:39] [INFO   ] org.mutationtesting.major.mutation.Mutator.logMutantSTD:
    Logging mutantSTD 30: (STD) sb.append(cOne); -> <NO-OP>
[04/24 17:41:39] [INFO   ] org.mutationtesting.major.mutation.Mutator.nextMutant:
    Creating mutant 31
[04/24 17:41:39] [INFO   ] org.mutationtesting.major.mutation.Mutator.logMutantSTD:
    Logging mutantSTD 31: (STD) sb.append(cOne); -> <NO-OP>
[04/24 17:41:39] [INFO   ] org.mutationtesting.major.mutation.Mutator.nextMutant:
    Creating mutant 32
[04/24 17:41:39] [INFO   ] org.mutationtesting.major.mutation.Mutator.logMutantSTD:
    Logging mutantSTD 32: (STD) break; -> <NO-OP>
[04/24 17:41:39] [INFO   ] org.mutationtesting.major.mutation.Mutator.nextMutant:
    Creating mutant 33
[04/24 17:41:39] [INFO   ] org.mutationtesting.major.mutation.Mutator.logMutantSTD:
    Logging mutantSTD 33: (STD) sb.append(cOne); -> <NO-OP>
[04/24 17:41:39] [INFO   ] org.mutationtesting.major.mutation.Mutator.nextMutant:
    Creating mutant 34
[04/24 17:41:39] [INFO   ] org.mutationtesting.major.mutation.Mutator.logMutantSTD:
    Logging mutantSTD 34: (STD) sb.append(cOne); -> <NO-OP>
[04/24 17:41:39] [INFO   ] org.mutationtesting.major.mutation.Mutator.nextMutant:
    Creating mutant 35
[04/24 17:41:39] [INFO   ] org.mutationtesting.major.mutation.Mutator.logMutantSTD:
    Logging mutantSTD 35: (STD) break; -> <NO-OP>
[04/24 17:41:39] [INFO   ] org.mutationtesting.major.mutation.Mutator.nextMutant:
    Creating mutant 36
[04/24 17:41:39] [INFO   ] org.mutationtesting.major.mutation.Mutator.logMutantSTD:
    Logging mutantSTD 36: (STD) sb.append(cOne); -> <NO-OP>
[04/24 17:41:39] [INFO   ] org.mutationtesting.major.mutation.Mutator.nextMutant:
    Creating mutant 37
[04/24 17:41:39] [INFO   ] org.mutationtesting.major.mutation.Mutator.logMutantSTD:
    Logging mutantSTD 37: (STD) break; -> <NO-OP>
[04/24 17:41:39] [INFO   ] org.mutationtesting.major.mutation.Mutator.nextMutant:
    Creating mutant 38
[04/24 17:41:39] [INFO   ] org.mutationtesting.major.mutation.Mutator.logMutantSTD:
    Logging mutantSTD 38: (STD) break; -> <NO-OP>
[04/24 17:41:39] [INFO   ] org.mutationtesting.major.mutation.Mutator.nextMutant:
    Creating mutant 39
[04/24 17:41:39] [INFO   ] org.mutationtesting.major.mutation.Mutator.logMutant:
    Logging mutant 39: Solution.numerals(line 64, col 27)
            mutation operator group:   AOR
            mutation operator:         *(int,int) |==> %(int,int)
            original:                  div * one 
            mutant:                    div % one
[04/24 17:41:39] [INFO   ] org.mutationtesting.major.mutation.Mutator.nextMutant:
    Creating mutant 40
[04/24 17:41:39] [INFO   ] org.mutationtesting.major.mutation.Mutator.logMutant:
    Logging mutant 40: Solution.numerals(line 64, col 27)
            mutation operator group:   AOR
            mutation operator:         *(int,int) |==> +(int,int)
            original:                  div * one 
            mutant:                    div + one
[04/24 17:41:39] [INFO   ] org.mutationtesting.major.mutation.Mutator.nextMutant:
    Creating mutant 41
[04/24 17:41:39] [INFO   ] org.mutationtesting.major.mutation.Mutator.logMutant:
    Logging mutant 41: Solution.numerals(line 64, col 27)
            mutation operator group:   AOR
            mutation operator:         *(int,int) |==> -(int,int)
            original:                  div * one 
            mutant:                    div - one
[04/24 17:41:39] [INFO   ] org.mutationtesting.major.mutation.Mutator.nextMutant:
    Creating mutant 42
[04/24 17:41:39] [INFO   ] org.mutationtesting.major.mutation.Mutator.logMutant:
    Logging mutant 42: Solution.numerals(line 64, col 27)
            mutation operator group:   AOR
            mutation operator:         *(int,int) |==> /(int,int)
            original:                  div * one 
            mutant:                    div / one
[04/24 17:41:39] [INFO   ] org.mutationtesting.major.mutation.Mutator.nextMutant:
    Creating mutant 43
[04/24 17:41:39] [INFO   ] org.mutationtesting.major.mutation.Mutator.logMutant:
    Logging mutant 43: Solution.numerals(line 64, col 20)
            mutation operator group:   AOR
            mutation operator:         -(int,int) |==> %(int,int)
            original:                  num - (div * one) 
            mutant:                    num % (div * one)
[04/24 17:41:39] [INFO   ] org.mutationtesting.major.mutation.Mutator.nextMutant:
    Creating mutant 44
[04/24 17:41:39] [INFO   ] org.mutationtesting.major.mutation.Mutator.logMutant:
    Logging mutant 44: Solution.numerals(line 64, col 20)
            mutation operator group:   AOR
            mutation operator:         -(int,int) |==> *(int,int)
            original:                  num - (div * one) 
            mutant:                    num * (div * one)
[04/24 17:41:39] [INFO   ] org.mutationtesting.major.mutation.Mutator.nextMutant:
    Creating mutant 45
[04/24 17:41:39] [INFO   ] org.mutationtesting.major.mutation.Mutator.logMutant:
    Logging mutant 45: Solution.numerals(line 64, col 20)
            mutation operator group:   AOR
            mutation operator:         -(int,int) |==> +(int,int)
            original:                  num - (div * one) 
            mutant:                    num + (div * one)
[04/24 17:41:39] [INFO   ] org.mutationtesting.major.mutation.Mutator.nextMutant:
    Creating mutant 46
[04/24 17:41:39] [INFO   ] org.mutationtesting.major.mutation.Mutator.logMutant:
    Logging mutant 46: Solution.numerals(line 64, col 20)
            mutation operator group:   AOR
            mutation operator:         -(int,int) |==> /(int,int)
            original:                  num - (div * one) 
            mutant:                    num / (div * one)
[04/24 17:41:39] [INFO   ] org.mutationtesting.major.plugin.MajorPluginTaskListener.mutate:
    Generated 46 mutants (88 ms)
