ERROR:root:Failed to parse \F2 x.(\z3.(_5{CD}(z3) & x(z3)) & F2(x)). Error: 'x' is an illegal predicate name.  Individual variables may not be used as predicates.
\F2 x.(\z3.(_5{CD}(z3) & x(z3)) & F2(x))
                         ^
ERROR:root:An error occurred: 'x' is an illegal predicate name.  Individual variables may not be used as predicates.
\F2 x.(\z3.(_5{CD}(z3) & x(z3)) & F2(x))
                         ^
Sentence: Explanation : 1 has no prime factors , therefore all of its prime factors are limited to 2 , 3 , and 5 .
Tree XML:
<sentence>
  <tokens>
    <token start="0" span="1" pos="NN" chunk="I-NP" entity="O" cat="N" id="t0_0" surf="Explanation" base="explanation"/>
    <token start="1" span="1" pos="IN" chunk="O" entity="O" cat="(NP\NP)/S[dcl]" id="t0_1" surf=":" base=":"/>
    <token start="2" span="1" pos="CD" chunk="I-NP" entity="O" cat="N" id="t0_2" surf="1" base="1"/>
    <token start="3" span="1" pos="VBZ" chunk="I-VP" entity="O" cat="(S[dcl]\NP)/NP" id="t0_3" surf="has" base="have"/>
    <token start="4" span="1" pos="DT" chunk="I-NP" entity="O" cat="NP[nb]/N" id="t0_4" surf="no" base="no"/>
    <token start="5" span="1" pos="JJ" chunk="I-NP" entity="O" cat="N/N" id="t0_5" surf="prime" base="prime"/>
    <token start="6" span="1" pos="NNS" chunk="I-NP" entity="O" cat="N" id="t0_6" surf="factors" base="factor"/>
    <token start="7" span="1" pos="," chunk="O" entity="O" cat="," id="t0_7" surf="," base=","/>
    <token start="8" span="1" pos="RB" chunk="I-ADVP" entity="O" cat="NP/NP" id="t0_8" surf="therefore" base="therefore"/>
    <token start="9" span="1" pos="DT" chunk="I-NP" entity="O" cat="NP" id="t0_9" surf="all" base="all"/>
    <token start="10" span="1" pos="IN" chunk="I-PP" entity="O" cat="(NP\NP)/NP" id="t0_10" surf="of" base="of"/>
    <token start="11" span="1" pos="PRP$" chunk="I-NP" entity="O" cat="NP[nb]/N" id="t0_11" surf="its" base="its"/>
    <token start="12" span="1" pos="JJ" chunk="I-NP" entity="O" cat="N/N" id="t0_12" surf="prime" base="prime"/>
    <token start="13" span="1" pos="NNS" chunk="I-NP" entity="O" cat="N" id="t0_13" surf="factors" base="factor"/>
    <token start="14" span="1" pos="VBP" chunk="I-VP" entity="O" cat="(S[dcl]\NP)/(S[pss]\NP)" id="t0_14" surf="are" base="be"/>
    <token start="15" span="1" pos="VBN" chunk="I-VP" entity="O" cat="(S[pss]\NP)/PP" id="t0_15" surf="limited" base="limit"/>
    <token start="16" span="1" pos="TO" chunk="I-PP" entity="O" cat="PP/NP" id="t0_16" surf="to" base="to"/>
    <token start="17" span="1" pos="CD" chunk="I-NP" entity="O" cat="N" id="t0_17" surf="2" base="2"/>
    <token start="18" span="1" pos="," chunk="I-NP" entity="O" cat="," id="t0_18" surf="," base=","/>
    <token start="19" span="1" pos="CD" chunk="I-NP" entity="O" cat="N" id="t0_19" surf="3" base="3"/>
    <token start="20" span="1" pos="," chunk="O" entity="O" cat="," id="t0_20" surf="," base=","/>
    <token start="21" span="1" pos="CC" chunk="O" entity="O" cat="conj" id="t0_21" surf="and" base="and"/>
    <token start="22" span="1" pos="CD" chunk="I-NP" entity="O" cat="N" id="t0_22" surf="5" base="5"/>
    <token start="23" span="1" pos="." chunk="O" entity="O" cat="." id="t0_23" surf="." base="."/>
  </tokens>
  <ccg root="s0_sp0" id="s0_ccg0">
    <span root="true" id="s0_sp0" child="s0_sp1 s0_sp3" category="NP" rule="ba"/>
    <span id="s0_sp1" child="s0_sp2" category="NP" rule="lex"/>
    <span start="0" span="1" pos="NN" chunk="I-NP" entity="O" id="s0_sp2" surf="Explanation" base="explanation" terminal="t0_0" category="N"/>
    <span id="s0_sp3" child="s0_sp4 s0_sp5" category="NP\NP" rule="fa"/>
    <span start="1" span="1" pos="IN" chunk="O" entity="O" id="s0_sp4" surf=":" base=":" terminal="t0_1" category="(NP\NP)/S[dcl=true]"/>
    <span id="s0_sp5" child="s0_sp6 s0_sp49" category="S[dcl=true]" rule="rp"/>
    <span id="s0_sp6" child="s0_sp7 s0_sp17" category="S[dcl=true]" rule="ba"/>
    <span id="s0_sp7" child="s0_sp8 s0_sp10" category="S[dcl=true]" rule="ba"/>
    <span id="s0_sp8" child="s0_sp9" category="NP" rule="lex"/>
    <span start="2" span="1" pos="CD" chunk="I-NP" entity="O" id="s0_sp9" surf="1" base="1" terminal="t0_2" category="N"/>
    <span id="s0_sp10" child="s0_sp11 s0_sp12" category="S[dcl=true]\NP" rule="fa"/>
    <span start="3" span="1" pos="VBZ" chunk="I-VP" entity="O" id="s0_sp11" surf="has" base="have" terminal="t0_3" category="(S[dcl=true]\NP)/NP"/>
    <span id="s0_sp12" child="s0_sp13 s0_sp14" category="NP[nb=true]" rule="fa"/>
    <span start="4" span="1" pos="DT" chunk="I-NP" entity="O" id="s0_sp13" surf="no" base="no" terminal="t0_4" category="NP[nb=true]/N"/>
    <span id="s0_sp14" child="s0_sp15 s0_sp16" category="N" rule="fa"/>
    <span start="5" span="1" pos="JJ" chunk="I-NP" entity="O" id="s0_sp15" surf="prime" base="prime" terminal="t0_5" category="N/N"/>
    <span start="6" span="1" pos="NNS" chunk="I-NP" entity="O" id="s0_sp16" surf="factors" base="factor" terminal="t0_6" category="N"/>
    <span id="s0_sp17" child="s0_sp18 s0_sp19" category="S[dcl=true]\S[dcl=true]" rule="conj"/>
    <span start="7" span="1" pos="," chunk="O" entity="O" id="s0_sp18" surf="," base="," terminal="t0_7" category="=true,"/>
    <span id="s0_sp19" child="s0_sp20 s0_sp31" category="S[dcl=true]" rule="ba"/>
    <span id="s0_sp20" child="s0_sp21 s0_sp22" category="NP" rule="fa"/>
    <span start="8" span="1" pos="RB" chunk="I-ADVP" entity="O" id="s0_sp21" surf="therefore" base="therefore" terminal="t0_8" category="NP/NP"/>
    <span id="s0_sp22" child="s0_sp23 s0_sp24" category="NP" rule="ba"/>
    <span start="9" span="1" pos="DT" chunk="I-NP" entity="O" id="s0_sp23" surf="all" base="all" terminal="t0_9" category="NP"/>
    <span id="s0_sp24" child="s0_sp25 s0_sp26" category="NP\NP" rule="fa"/>
    <span start="10" span="1" pos="IN" chunk="I-PP" entity="O" id="s0_sp25" surf="of" base="of" terminal="t0_10" category="(NP\NP)/NP"/>
    <span id="s0_sp26" child="s0_sp27 s0_sp28" category="NP[nb=true]" rule="fa"/>
    <span start="11" span="1" pos="PRP$" chunk="I-NP" entity="O" id="s0_sp27" surf="its" base="its" terminal="t0_11" category="NP[nb=true]/N"/>
    <span id="s0_sp28" child="s0_sp29 s0_sp30" category="N" rule="fa"/>
    <span start="12" span="1" pos="JJ" chunk="I-NP" entity="O" id="s0_sp29" surf="prime" base="prime" terminal="t0_12" category="N/N"/>
    <span start="13" span="1" pos="NNS" chunk="I-NP" entity="O" id="s0_sp30" surf="factors" base="factor" terminal="t0_13" category="N"/>
    <span id="s0_sp31" child="s0_sp32 s0_sp33" category="S[dcl=true]\NP" rule="fa"/>
    <span start="14" span="1" pos="VBP" chunk="I-VP" entity="O" id="s0_sp32" surf="are" base="be" terminal="t0_14" category="(S[dcl=true]\NP)/(S[pss=true]\NP)"/>
    <span id="s0_sp33" child="s0_sp34 s0_sp35" category="S[pss=true]\NP" rule="fa"/>
    <span start="15" span="1" pos="VBN" chunk="I-VP" entity="O" id="s0_sp34" surf="limited" base="limit" terminal="t0_15" category="(S[pss=true]\NP)/PP"/>
    <span id="s0_sp35" child="s0_sp36 s0_sp37" category="PP" rule="fa"/>
    <span start="16" span="1" pos="TO" chunk="I-PP" entity="O" id="s0_sp36" surf="to" base="to" terminal="t0_16" category="PP/NP"/>
    <span id="s0_sp37" child="s0_sp38" category="NP" rule="lex"/>
    <span id="s0_sp38" child="s0_sp39 s0_sp40" category="N" rule="ba"/>
    <span start="17" span="1" pos="CD" chunk="I-NP" entity="O" id="s0_sp39" surf="2" base="2" terminal="t0_17" category="N"/>
    <span id="s0_sp40" child="s0_sp41 s0_sp42" category="N\N" rule="conj"/>
    <span start="18" span="1" pos="," chunk="I-NP" entity="O" id="s0_sp41" surf="," base="," terminal="t0_18" category="=true,"/>
    <span id="s0_sp42" child="s0_sp43 s0_sp44" category="N" rule="ba"/>
    <span start="19" span="1" pos="CD" chunk="I-NP" entity="O" id="s0_sp43" surf="3" base="3" terminal="t0_19" category="N"/>
    <span id="s0_sp44" child="s0_sp45 s0_sp46" category="N\N" rule="conj"/>
    <span start="20" span="1" pos="," chunk="O" entity="O" id="s0_sp45" surf="," base="," terminal="t0_20" category="=true,"/>
    <span id="s0_sp46" child="s0_sp47 s0_sp48" category="N\N" rule="conj"/>
    <span start="21" span="1" pos="CC" chunk="O" entity="O" id="s0_sp47" surf="and" base="and" terminal="t0_21" category="conj"/>
    <span start="22" span="1" pos="CD" chunk="I-NP" entity="O" id="s0_sp48" surf="5" base="5" terminal="t0_22" category="N"/>
    <span start="23" span="1" pos="." chunk="O" entity="O" id="s0_sp49" surf="." base="." terminal="t0_23" category="."/>
  </ccg>
</sentence>

