ERROR:root:Failed to parse \F x.(F(x) & (_ = {NN})(x)). Error: The function '(_ = {NN})' is not a Lambda Expression, an Application Expression, or a functional predicate, so it may not take arguments.
\F x.(F(x) & (_ = {NN})(x))
                      ^
ERROR:root:An error occurred: The function '(_ = {NN})' is not a Lambda Expression, an Application Expression, or a functional predicate, so it may not take arguments.
\F x.(F(x) & (_ = {NN})(x))
                      ^
Sentence: Explanation : 6 = 2 × 3
Tree XML:
<sentence>
  <tokens>
    <token start="0" span="1" pos="NN" chunk="I-NP" entity="I-TIM" cat="N" id="t0_0" surf="Explanation" base="explanation"/>
    <token start="1" span="1" pos="IN" chunk="O" entity="I-TIM" cat="(NP\NP)/NP" id="t0_1" surf=":" base=":"/>
    <token start="2" span="1" pos="CD" chunk="I-NP" entity="I-TIM" cat="N/N" id="t0_2" surf="6" base="6"/>
    <token start="3" span="1" pos="NN" chunk="I-NP" entity="I-TIM" cat="N/N" id="t0_3" surf="=" base="="/>
    <token start="4" span="1" pos="CD" chunk="I-NP" entity="I-TIM" cat="N/N" id="t0_4" surf="2" base="2"/>
    <token start="5" span="1" pos="NN" chunk="I-NP" entity="I-TIM" cat="N" id="t0_5" surf="×" base="×"/>
    <token start="6" span="1" pos="CD" chunk="B-NP" entity="I-TIM" cat="N\N" id="t0_6" surf="3" base="3"/>
  </tokens>
  <ccg root="s0_sp0" id="s0_ccg0">
    <span root="true" id="s0_sp0" child="s0_sp1 s0_sp3" category="NP" rule="ba"/>
    <span id="s0_sp1" child="s0_sp2" category="NP" rule="lex"/>
    <span start="0" span="1" pos="NN" chunk="I-NP" entity="I-TIM" id="s0_sp2" surf="Explanation" base="explanation" terminal="t0_0" category="N"/>
    <span id="s0_sp3" child="s0_sp4 s0_sp5" category="NP\NP" rule="fa"/>
    <span start="1" span="1" pos="IN" chunk="O" entity="I-TIM" id="s0_sp4" surf=":" base=":" terminal="t0_1" category="(NP\NP)/NP"/>
    <span id="s0_sp5" child="s0_sp6" category="NP" rule="lex"/>
    <span id="s0_sp6" child="s0_sp7 s0_sp8" category="N" rule="fa"/>
    <span start="2" span="1" pos="CD" chunk="I-NP" entity="I-TIM" id="s0_sp7" surf="6" base="6" terminal="t0_2" category="N/N"/>
    <span id="s0_sp8" child="s0_sp9 s0_sp14" category="N" rule="ba"/>
    <span id="s0_sp9" child="s0_sp10 s0_sp11" category="N" rule="fa"/>
    <span start="3" span="1" pos="NN" chunk="I-NP" entity="I-TIM" id="s0_sp10" surf="=" base="=" terminal="t0_3" category="N/N"/>
    <span id="s0_sp11" child="s0_sp12 s0_sp13" category="N" rule="fa"/>
    <span start="4" span="1" pos="CD" chunk="I-NP" entity="I-TIM" id="s0_sp12" surf="2" base="2" terminal="t0_4" category="N/N"/>
    <span start="5" span="1" pos="NN" chunk="I-NP" entity="I-TIM" id="s0_sp13" surf="×" base="×" terminal="t0_5" category="N"/>
    <span start="6" span="1" pos="CD" chunk="B-NP" entity="I-TIM" id="s0_sp14" surf="3" base="3" terminal="t0_6" category="N\N"/>
  </ccg>
</sentence>

