ERROR:root:Failed to parse \x.exists e.(_n{JJ}(e) & (Subj(e) = x) & (_ = {NN})(x)). Error: The function '(_ = {NN})' is not a Lambda Expression, an Application Expression, or a functional predicate, so it may not take arguments.
\x.exists e.(_n{JJ}(e) & (Subj(e) = x) & (_ = {NN})(x))
                                                  ^
ERROR:root:An error occurred: The function '(_ = {NN})' is not a Lambda Expression, an Application Expression, or a functional predicate, so it may not take arguments.
\x.exists e.(_n{JJ}(e) & (Subj(e) = x) & (_ = {NN})(x))
                                                  ^
Sentence: Input : n = 8
Tree XML:
<sentence>
  <tokens>
    <token start="0" span="1" pos="NNP" chunk="I-NP" entity="O" cat="N" id="t0_0" surf="Input" base="input"/>
    <token start="1" span="1" pos="IN" chunk="O" entity="O" cat="(NP\NP)/NP" id="t0_1" surf=":" base=":"/>
    <token start="2" span="1" pos="JJ" chunk="I-NP" entity="O" cat="N/N" id="t0_2" surf="n" base="n"/>
    <token start="3" span="1" pos="NN" chunk="I-NP" entity="O" cat="N" id="t0_3" surf="=" base="="/>
    <token start="4" span="1" pos="CD" chunk="I-NP" entity="O" cat="(S\NP)\(S\NP)" id="t0_4" surf="8" base="8"/>
  </tokens>
  <ccg root="s0_sp0" id="s0_ccg0">
    <span root="true" id="s0_sp0" child="s0_sp1 s0_sp11" category="(S[X=true]\NP)\((S[X=true]\NP)/NP)" rule="bc"/>
    <span id="s0_sp1" child="s0_sp2" category="(S[X=true]\NP)\((S[X=true]\NP)/NP)" rule="tr"/>
    <span id="s0_sp2" child="s0_sp3 s0_sp5" category="NP" rule="ba"/>
    <span id="s0_sp3" child="s0_sp4" category="NP" rule="lex"/>
    <span start="0" span="1" pos="NNP" chunk="I-NP" entity="O" id="s0_sp4" surf="Input" base="input" terminal="t0_0" category="N"/>
    <span id="s0_sp5" child="s0_sp6 s0_sp7" category="NP\NP" rule="fa"/>
    <span start="1" span="1" pos="IN" chunk="O" entity="O" id="s0_sp6" surf=":" base=":" terminal="t0_1" category="(NP\NP)/NP"/>
    <span id="s0_sp7" child="s0_sp8" category="NP" rule="lex"/>
    <span id="s0_sp8" child="s0_sp9 s0_sp10" category="N" rule="fa"/>
    <span start="2" span="1" pos="JJ" chunk="I-NP" entity="O" id="s0_sp9" surf="n" base="n" terminal="t0_2" category="N/N"/>
    <span start="3" span="1" pos="NN" chunk="I-NP" entity="O" id="s0_sp10" surf="=" base="=" terminal="t0_3" category="N"/>
    <span start="4" span="1" pos="CD" chunk="I-NP" entity="O" id="s0_sp11" surf="8" base="8" terminal="t0_4" category="(S\NP)\(S\NP)"/>
  </ccg>
</sentence>

