ERROR:root:Failed to parse \Q F1 F2.Q(\x.((_ = {NN})(x) & F1(x)),F2). Error: The function '(_ = {NN})' is not a Lambda Expression, an Application Expression, or a functional predicate, so it may not take arguments.
\Q F1 F2.Q(\x.((_ = {NN})(x) & F1(x)),F2)
                        ^
ERROR:root:An error occurred: The function '(_ = {NN})' is not a Lambda Expression, an Application Expression, or a functional predicate, so it may not take arguments.
\Q F1 F2.Q(\x.((_ = {NN})(x) & F1(x)),F2)
                        ^
Sentence: F ( 0 ) = ( 0 4 ) + ( 1 3 ) + ( 2 2 ) + ( 3 6 ) = 0 + 3 + 4 + 18 = 25
Tree XML:
<sentence>
  <tokens>
    <token start="0" span="1" pos="NNP" chunk="I-NP" entity="I-ORG" cat="N/N" id="t0_0" surf="F" base="f"/>
    <token start="1" span="1" pos="LRB" chunk="O" entity="O" cat="(N/N)/NP" id="t0_1" surf="(" base="("/>
    <token start="2" span="1" pos="CD" chunk="I-NP" entity="O" cat="N" id="t0_2" surf="0" base="0"/>
    <token start="3" span="1" pos="RRB" chunk="O" entity="O" cat="RRB" id="t0_3" surf=")" base=")"/>
    <token start="4" span="1" pos="NN" chunk="I-NP" entity="O" cat="NP\NP" id="t0_4" surf="=" base="="/>
    <token start="5" span="1" pos="LRB" chunk="O" entity="O" cat="(NP\NP)/NP" id="t0_5" surf="(" base="("/>
    <token start="6" span="1" pos="CD" chunk="I-NP" entity="O" cat="N/N" id="t0_6" surf="0" base="0"/>
    <token start="7" span="1" pos="CD" chunk="I-NP" entity="O" cat="N" id="t0_7" surf="4" base="4"/>
    <token start="8" span="1" pos="RRB" chunk="O" entity="O" cat="RRB" id="t0_8" surf=")" base=")"/>
    <token start="9" span="1" pos="NN" chunk="I-NP" entity="O" cat="NP\NP" id="t0_9" surf="+" base="+"/>
    <token start="10" span="1" pos="LRB" chunk="O" entity="O" cat="(NP\NP)/NP" id="t0_10" surf="(" base="("/>
    <token start="11" span="1" pos="CD" chunk="I-NP" entity="O" cat="N/N" id="t0_11" surf="1" base="1"/>
    <token start="12" span="1" pos="CD" chunk="I-NP" entity="O" cat="N" id="t0_12" surf="3" base="3"/>
    <token start="13" span="1" pos="RRB" chunk="O" entity="O" cat="RRB" id="t0_13" surf=")" base=")"/>
    <token start="14" span="1" pos="NN" chunk="I-NP" entity="O" cat="NP\NP" id="t0_14" surf="+" base="+"/>
    <token start="15" span="1" pos="LRB" chunk="O" entity="O" cat="(NP\NP)/NP" id="t0_15" surf="(" base="("/>
    <token start="16" span="1" pos="CD" chunk="I-NP" entity="O" cat="N/N" id="t0_16" surf="2" base="2"/>
    <token start="17" span="1" pos="CD" chunk="I-NP" entity="O" cat="N[num]" id="t0_17" surf="2" base="2"/>
    <token start="18" span="1" pos="RRB" chunk="O" entity="O" cat="RRB" id="t0_18" surf=")" base=")"/>
    <token start="19" span="1" pos="NN" chunk="I-NP" entity="O" cat="(NP\NP)/(NP\NP)" id="t0_19" surf="+" base="+"/>
    <token start="20" span="1" pos="LRB" chunk="O" entity="O" cat="(NP\NP)/NP" id="t0_20" surf="(" base="("/>
    <token start="21" span="1" pos="CD" chunk="I-NP" entity="O" cat="(N/N)/(N/N)" id="t0_21" surf="3" base="3"/>
    <token start="22" span="1" pos="CD" chunk="I-NP" entity="O" cat="N/N" id="t0_22" surf="6" base="6"/>
    <token start="23" span="1" pos="RRB" chunk="O" entity="O" cat="RRB" id="t0_23" surf=")" base=")"/>
    <token start="24" span="1" pos="SYM" chunk="I-NP" entity="O" cat="N" id="t0_24" surf="=" base="="/>
    <token start="25" span="1" pos="CD" chunk="I-NP" entity="I-TIM" cat="N\N" id="t0_25" surf="0" base="0"/>
    <token start="26" span="1" pos="NN" chunk="I-NP" entity="I-TIM" cat="N/N" id="t0_26" surf="+" base="+"/>
    <token start="27" span="1" pos="CD" chunk="I-NP" entity="I-TIM" cat="N/N" id="t0_27" surf="3" base="3"/>
    <token start="28" span="1" pos="NN" chunk="I-NP" entity="I-TIM" cat="N/N" id="t0_28" surf="+" base="+"/>
    <token start="29" span="1" pos="CD" chunk="I-NP" entity="I-TIM" cat="N/N" id="t0_29" surf="4" base="4"/>
    <token start="30" span="1" pos="NN" chunk="I-NP" entity="I-TIM" cat="N/N" id="t0_30" surf="+" base="+"/>
    <token start="31" span="1" pos="CD" chunk="I-NP" entity="I-TIM" cat="N/N" id="t0_31" surf="18" base="18"/>
    <token start="32" span="1" pos="NN" chunk="I-NP" entity="I-TIM" cat="N" id="t0_32" surf="=" base="="/>
    <token start="33" span="1" pos="CD" chunk="I-NP" entity="I-TIM" cat="N\N" id="t0_33" surf="25" base="25"/>
  </tokens>
  <ccg root="s0_sp0" id="s0_ccg0">
    <span root="true" id="s0_sp0" child="s0_sp1 s0_sp2" category="N" rule="fa"/>
    <span start="0" span="1" pos="NNP" chunk="I-NP" entity="I-ORG" id="s0_sp1" surf="F" base="f" terminal="t0_0" category="N/N"/>
    <span id="s0_sp2" child="s0_sp3 s0_sp57" category="N" rule="fa"/>
    <span id="s0_sp3" child="s0_sp4 s0_sp5" category="N/N" rule="fa"/>
    <span start="1" span="1" pos="LRB" chunk="O" entity="O" id="s0_sp4" surf="(" base="(" terminal="t0_1" category="(N/N)/NP"/>
    <span id="s0_sp5" child="s0_sp6 s0_sp43" category="NP" rule="ba"/>
    <span id="s0_sp6" child="s0_sp7 s0_sp35" category="NP" rule="ba"/>
    <span id="s0_sp7" child="s0_sp8 s0_sp34" category="NP" rule="ba"/>
    <span id="s0_sp8" child="s0_sp9 s0_sp26" category="NP" rule="ba"/>
    <span id="s0_sp9" child="s0_sp10 s0_sp25" category="NP" rule="ba"/>
    <span id="s0_sp10" child="s0_sp11 s0_sp17" category="NP" rule="ba"/>
    <span id="s0_sp11" child="s0_sp12 s0_sp16" category="NP" rule="ba"/>
    <span id="s0_sp12" child="s0_sp13 s0_sp15" category="NP" rule="rp"/>
    <span id="s0_sp13" child="s0_sp14" category="NP" rule="lex"/>
    <span start="2" span="1" pos="CD" chunk="I-NP" entity="O" id="s0_sp14" surf="0" base="0" terminal="t0_2" category="N"/>
    <span start="3" span="1" pos="RRB" chunk="O" entity="O" id="s0_sp15" surf=")" base=")" terminal="t0_3" category="RRB"/>
    <span start="4" span="1" pos="NN" chunk="I-NP" entity="O" id="s0_sp16" surf="=" base="=" terminal="t0_4" category="NP\NP"/>
    <span id="s0_sp17" child="s0_sp18 s0_sp24" category="NP\NP" rule="rp"/>
    <span id="s0_sp18" child="s0_sp19 s0_sp20" category="NP\NP" rule="fa"/>
    <span start="5" span="1" pos="LRB" chunk="O" entity="O" id="s0_sp19" surf="(" base="(" terminal="t0_5" category="(NP\NP)/NP"/>
    <span id="s0_sp20" child="s0_sp21" category="NP" rule="lex"/>
    <span id="s0_sp21" child="s0_sp22 s0_sp23" category="N" rule="fa"/>
    <span start="6" span="1" pos="CD" chunk="I-NP" entity="O" id="s0_sp22" surf="0" base="0" terminal="t0_6" category="N/N"/>
    <span start="7" span="1" pos="CD" chunk="I-NP" entity="O" id="s0_sp23" surf="4" base="4" terminal="t0_7" category="N"/>
    <span start="8" span="1" pos="RRB" chunk="O" entity="O" id="s0_sp24" surf=")" base=")" terminal="t0_8" category="RRB"/>
    <span start="9" span="1" pos="NN" chunk="I-NP" entity="O" id="s0_sp25" surf="+" base="+" terminal="t0_9" category="NP\NP"/>
    <span id="s0_sp26" child="s0_sp27 s0_sp33" category="NP\NP" rule="rp"/>
    <span id="s0_sp27" child="s0_sp28 s0_sp29" category="NP\NP" rule="fa"/>
    <span start="10" span="1" pos="LRB" chunk="O" entity="O" id="s0_sp28" surf="(" base="(" terminal="t0_10" category="(NP\NP)/NP"/>
    <span id="s0_sp29" child="s0_sp30" category="NP" rule="lex"/>
    <span id="s0_sp30" child="s0_sp31 s0_sp32" category="N" rule="fa"/>
    <span start="11" span="1" pos="CD" chunk="I-NP" entity="O" id="s0_sp31" surf="1" base="1" terminal="t0_11" category="N/N"/>
    <span start="12" span="1" pos="CD" chunk="I-NP" entity="O" id="s0_sp32" surf="3" base="3" terminal="t0_12" category="N"/>
    <span start="13" span="1" pos="RRB" chunk="O" entity="O" id="s0_sp33" surf=")" base=")" terminal="t0_13" category="RRB"/>
    <span start="14" span="1" pos="NN" chunk="I-NP" entity="O" id="s0_sp34" surf="+" base="+" terminal="t0_14" category="NP\NP"/>
    <span id="s0_sp35" child="s0_sp36 s0_sp42" category="NP\NP" rule="rp"/>
    <span id="s0_sp36" child="s0_sp37 s0_sp38" category="NP\NP" rule="fa"/>
    <span start="15" span="1" pos="LRB" chunk="O" entity="O" id="s0_sp37" surf="(" base="(" terminal="t0_15" category="(NP\NP)/NP"/>
    <span id="s0_sp38" child="s0_sp39" category="NP" rule="lex"/>
    <span id="s0_sp39" child="s0_sp40 s0_sp41" category="N" rule="fa"/>
    <span start="16" span="1" pos="CD" chunk="I-NP" entity="O" id="s0_sp40" surf="2" base="2" terminal="t0_16" category="N/N"/>
    <span start="17" span="1" pos="CD" chunk="I-NP" entity="O" id="s0_sp41" surf="2" base="2" terminal="t0_17" category="N[num=true]"/>
    <span start="18" span="1" pos="RRB" chunk="O" entity="O" id="s0_sp42" surf=")" base=")" terminal="t0_18" category="RRB"/>
    <span id="s0_sp43" child="s0_sp44 s0_sp45" category="NP\NP" rule="fa"/>
    <span start="19" span="1" pos="NN" chunk="I-NP" entity="O" id="s0_sp44" surf="+" base="+" terminal="t0_19" category="(NP\NP)/(NP\NP)"/>
    <span id="s0_sp45" child="s0_sp46 s0_sp47" category="NP\NP" rule="fa"/>
    <span start="20" span="1" pos="LRB" chunk="O" entity="O" id="s0_sp46" surf="(" base="(" terminal="t0_20" category="(NP\NP)/NP"/>
    <span id="s0_sp47" child="s0_sp48" category="NP" rule="lex"/>
    <span id="s0_sp48" child="s0_sp49 s0_sp56" category="N" rule="ba"/>
    <span id="s0_sp49" child="s0_sp50 s0_sp53" category="N" rule="fa"/>
    <span id="s0_sp50" child="s0_sp51 s0_sp52" category="N/N" rule="fa"/>
    <span start="21" span="1" pos="CD" chunk="I-NP" entity="O" id="s0_sp51" surf="3" base="3" terminal="t0_21" category="(N/N)/(N/N)"/>
    <span start="22" span="1" pos="CD" chunk="I-NP" entity="O" id="s0_sp52" surf="6" base="6" terminal="t0_22" category="N/N"/>
    <span id="s0_sp53" child="s0_sp54 s0_sp55" category="N" rule="lp"/>
    <span start="23" span="1" pos="RRB" chunk="O" entity="O" id="s0_sp54" surf=")" base=")" terminal="t0_23" category="RRB"/>
    <span start="24" span="1" pos="SYM" chunk="I-NP" entity="O" id="s0_sp55" surf="=" base="=" terminal="t0_24" category="N"/>
    <span start="25" span="1" pos="CD" chunk="I-NP" entity="I-TIM" id="s0_sp56" surf="0" base="0" terminal="t0_25" category="N\N"/>
    <span id="s0_sp57" child="s0_sp58 s0_sp59" category="N" rule="fa"/>
    <span start="26" span="1" pos="NN" chunk="I-NP" entity="I-TIM" id="s0_sp58" surf="+" base="+" terminal="t0_26" category="N/N"/>
    <span id="s0_sp59" child="s0_sp60 s0_sp61" category="N" rule="fa"/>
    <span start="27" span="1" pos="CD" chunk="I-NP" entity="I-TIM" id="s0_sp60" surf="3" base="3" terminal="t0_27" category="N/N"/>
    <span id="s0_sp61" child="s0_sp62 s0_sp63" category="N" rule="fa"/>
    <span start="28" span="1" pos="NN" chunk="I-NP" entity="I-TIM" id="s0_sp62" surf="+" base="+" terminal="t0_28" category="N/N"/>
    <span id="s0_sp63" child="s0_sp64 s0_sp71" category="N" rule="ba"/>
    <span id="s0_sp64" child="s0_sp65 s0_sp66" category="N" rule="fa"/>
    <span start="29" span="1" pos="CD" chunk="I-NP" entity="I-TIM" id="s0_sp65" surf="4" base="4" terminal="t0_29" category="N/N"/>
    <span id="s0_sp66" child="s0_sp67 s0_sp68" category="N" rule="fa"/>
    <span start="30" span="1" pos="NN" chunk="I-NP" entity="I-TIM" id="s0_sp67" surf="+" base="+" terminal="t0_30" category="N/N"/>
    <span id="s0_sp68" child="s0_sp69 s0_sp70" category="N" rule="fa"/>
    <span start="31" span="1" pos="CD" chunk="I-NP" entity="I-TIM" id="s0_sp69" surf="18" base="18" terminal="t0_31" category="N/N"/>
    <span start="32" span="1" pos="NN" chunk="I-NP" entity="I-TIM" id="s0_sp70" surf="=" base="=" terminal="t0_32" category="N"/>
    <span start="33" span="1" pos="CD" chunk="I-NP" entity="I-TIM" id="s0_sp71" surf="25" base="25" terminal="t0_33" category="N\N"/>
  </ccg>
</sentence>

