ERROR:root:Failed to parse \Q F1 F2.Q(\x.((_ = {NN})(x) & F1(x)),F2). Error: The function '(_ = {NN})' is not a Lambda Expression, an Application Expression, or a functional predicate, so it may not take arguments.
\Q F1 F2.Q(\x.((_ = {NN})(x) & F1(x)),F2)
                        ^
ERROR:root:An error occurred: The function '(_ = {NN})' is not a Lambda Expression, an Application Expression, or a functional predicate, so it may not take arguments.
\Q F1 F2.Q(\x.((_ = {NN})(x) & F1(x)),F2)
                        ^
Sentence: F ( 2 ) = ( 0 2 ) + ( 1 6 ) + ( 2 4 ) + ( 3 3 ) = 0 + 6 + 8 + 9 = 23
Tree XML:
<sentence>
  <tokens>
    <token start="0" span="1" pos="NNP" chunk="I-NP" entity="I-ORG" cat="N" id="t0_0" surf="F" base="f"/>
    <token start="1" span="1" pos="LRB" chunk="O" entity="O" cat="(NP\NP)/NP" id="t0_1" surf="(" base="("/>
    <token start="2" span="1" pos="CD" chunk="O" entity="O" cat="N" id="t0_2" surf="2" base="2"/>
    <token start="3" span="1" pos="RRB" chunk="O" entity="O" cat="RRB" id="t0_3" surf=")" base=")"/>
    <token start="4" span="1" pos="NN" chunk="I-NP" entity="O" cat="NP\NP" id="t0_4" surf="=" base="="/>
    <token start="5" span="1" pos="LRB" chunk="O" entity="O" cat="(NP\NP)/NP" id="t0_5" surf="(" base="("/>
    <token start="6" span="1" pos="CD" chunk="I-NP" entity="O" cat="N/N" id="t0_6" surf="0" base="0"/>
    <token start="7" span="1" pos="CD" chunk="I-NP" entity="O" cat="N" id="t0_7" surf="2" base="2"/>
    <token start="8" span="1" pos="RRB" chunk="O" entity="O" cat="RRB" id="t0_8" surf=")" base=")"/>
    <token start="9" span="1" pos="NN" chunk="I-NP" entity="O" cat="NP\NP" id="t0_9" surf="+" base="+"/>
    <token start="10" span="1" pos="LRB" chunk="O" entity="O" cat="(NP\NP)/NP" id="t0_10" surf="(" base="("/>
    <token start="11" span="1" pos="CD" chunk="I-NP" entity="O" cat="N/N" id="t0_11" surf="1" base="1"/>
    <token start="12" span="1" pos="CD" chunk="I-NP" entity="O" cat="N" id="t0_12" surf="6" base="6"/>
    <token start="13" span="1" pos="RRB" chunk="O" entity="O" cat="RRB" id="t0_13" surf=")" base=")"/>
    <token start="14" span="1" pos="NN" chunk="I-NP" entity="O" cat="NP\NP" id="t0_14" surf="+" base="+"/>
    <token start="15" span="1" pos="LRB" chunk="O" entity="O" cat="(NP\NP)/NP" id="t0_15" surf="(" base="("/>
    <token start="16" span="1" pos="CD" chunk="I-NP" entity="O" cat="N/N" id="t0_16" surf="2" base="2"/>
    <token start="17" span="1" pos="CD" chunk="I-NP" entity="O" cat="N[num]" id="t0_17" surf="4" base="4"/>
    <token start="18" span="1" pos="RRB" chunk="O" entity="O" cat="RRB" id="t0_18" surf=")" base=")"/>
    <token start="19" span="1" pos="NN" chunk="I-NP" entity="O" cat="NP\NP" id="t0_19" surf="+" base="+"/>
    <token start="20" span="1" pos="LRB" chunk="O" entity="O" cat="(NP\NP)/NP" id="t0_20" surf="(" base="("/>
    <token start="21" span="1" pos="CD" chunk="I-NP" entity="O" cat="N/N" id="t0_21" surf="3" base="3"/>
    <token start="22" span="1" pos="CD" chunk="I-NP" entity="O" cat="N/N" id="t0_22" surf="3" base="3"/>
    <token start="23" span="1" pos="RRB" chunk="O" entity="O" cat="RRB" id="t0_23" surf=")" base=")"/>
    <token start="24" span="1" pos="SYM" chunk="I-NP" entity="I-DAT" cat="N" id="t0_24" surf="=" base="="/>
    <token start="25" span="1" pos="CD" chunk="I-NP" entity="I-DAT" cat="(NP\NP)/(NP\NP)" id="t0_25" surf="0" base="0"/>
    <token start="26" span="1" pos="NN" chunk="I-NP" entity="I-DAT" cat="NP\NP" id="t0_26" surf="+" base="+"/>
    <token start="27" span="1" pos="CD" chunk="B-NP" entity="I-DAT" cat="(NP\NP)\(NP\NP)" id="t0_27" surf="6" base="6"/>
    <token start="28" span="1" pos="CC" chunk="I-NP" entity="I-DAT" cat="conj" id="t0_28" surf="+" base="+"/>
    <token start="29" span="1" pos="CD" chunk="I-NP" entity="I-DAT" cat="N/N" id="t0_29" surf="8" base="8"/>
    <token start="30" span="1" pos="NN" chunk="I-NP" entity="I-DAT" cat="N/N" id="t0_30" surf="+" base="+"/>
    <token start="31" span="1" pos="CD" chunk="I-NP" entity="I-DAT" cat="N/N" id="t0_31" surf="9" base="9"/>
    <token start="32" span="1" pos="NN" chunk="I-NP" entity="I-DAT" cat="N" id="t0_32" surf="=" base="="/>
    <token start="33" span="1" pos="CD" chunk="I-NP" entity="I-DAT" cat="N\N" id="t0_33" surf="23" base="23"/>
  </tokens>
  <ccg root="s0_sp0" id="s0_ccg0">
    <span root="true" id="s0_sp0" child="s0_sp1 s0_sp45" category="NP" rule="ba"/>
    <span id="s0_sp1" child="s0_sp2 s0_sp44" category="NP" rule="ba"/>
    <span id="s0_sp2" child="s0_sp3 s0_sp36" category="NP" rule="ba"/>
    <span id="s0_sp3" child="s0_sp4 s0_sp35" category="NP" rule="ba"/>
    <span id="s0_sp4" child="s0_sp5 s0_sp27" category="NP" rule="ba"/>
    <span id="s0_sp5" child="s0_sp6 s0_sp26" category="NP" rule="ba"/>
    <span id="s0_sp6" child="s0_sp7 s0_sp18" category="NP" rule="ba"/>
    <span id="s0_sp7" child="s0_sp8 s0_sp17" category="NP" rule="ba"/>
    <span id="s0_sp8" child="s0_sp9 s0_sp11" category="NP" rule="ba"/>
    <span id="s0_sp9" child="s0_sp10" category="NP" rule="lex"/>
    <span start="0" span="1" pos="NNP" chunk="I-NP" entity="I-ORG" id="s0_sp10" surf="F" base="f" terminal="t0_0" category="N"/>
    <span id="s0_sp11" child="s0_sp12 s0_sp16" category="NP\NP" rule="rp"/>
    <span id="s0_sp12" child="s0_sp13 s0_sp14" category="NP\NP" rule="fa"/>
    <span start="1" span="1" pos="LRB" chunk="O" entity="O" id="s0_sp13" surf="(" base="(" terminal="t0_1" category="(NP\NP)/NP"/>
    <span id="s0_sp14" child="s0_sp15" category="NP" rule="lex"/>
    <span start="2" span="1" pos="CD" chunk="O" entity="O" id="s0_sp15" surf="2" base="2" terminal="t0_2" category="N"/>
    <span start="3" span="1" pos="RRB" chunk="O" entity="O" id="s0_sp16" surf=")" base=")" terminal="t0_3" category="RRB"/>
    <span start="4" span="1" pos="NN" chunk="I-NP" entity="O" id="s0_sp17" surf="=" base="=" terminal="t0_4" category="NP\NP"/>
    <span id="s0_sp18" child="s0_sp19 s0_sp25" category="NP\NP" rule="rp"/>
    <span id="s0_sp19" child="s0_sp20 s0_sp21" category="NP\NP" rule="fa"/>
    <span start="5" span="1" pos="LRB" chunk="O" entity="O" id="s0_sp20" surf="(" base="(" terminal="t0_5" category="(NP\NP)/NP"/>
    <span id="s0_sp21" child="s0_sp22" category="NP" rule="lex"/>
    <span id="s0_sp22" child="s0_sp23 s0_sp24" category="N" rule="fa"/>
    <span start="6" span="1" pos="CD" chunk="I-NP" entity="O" id="s0_sp23" surf="0" base="0" terminal="t0_6" category="N/N"/>
    <span start="7" span="1" pos="CD" chunk="I-NP" entity="O" id="s0_sp24" surf="2" base="2" terminal="t0_7" category="N"/>
    <span start="8" span="1" pos="RRB" chunk="O" entity="O" id="s0_sp25" surf=")" base=")" terminal="t0_8" category="RRB"/>
    <span start="9" span="1" pos="NN" chunk="I-NP" entity="O" id="s0_sp26" surf="+" base="+" terminal="t0_9" category="NP\NP"/>
    <span id="s0_sp27" child="s0_sp28 s0_sp34" category="NP\NP" rule="rp"/>
    <span id="s0_sp28" child="s0_sp29 s0_sp30" category="NP\NP" rule="fa"/>
    <span start="10" span="1" pos="LRB" chunk="O" entity="O" id="s0_sp29" surf="(" base="(" terminal="t0_10" category="(NP\NP)/NP"/>
    <span id="s0_sp30" child="s0_sp31" category="NP" rule="lex"/>
    <span id="s0_sp31" child="s0_sp32 s0_sp33" category="N" rule="fa"/>
    <span start="11" span="1" pos="CD" chunk="I-NP" entity="O" id="s0_sp32" surf="1" base="1" terminal="t0_11" category="N/N"/>
    <span start="12" span="1" pos="CD" chunk="I-NP" entity="O" id="s0_sp33" surf="6" base="6" terminal="t0_12" category="N"/>
    <span start="13" span="1" pos="RRB" chunk="O" entity="O" id="s0_sp34" surf=")" base=")" terminal="t0_13" category="RRB"/>
    <span start="14" span="1" pos="NN" chunk="I-NP" entity="O" id="s0_sp35" surf="+" base="+" terminal="t0_14" category="NP\NP"/>
    <span id="s0_sp36" child="s0_sp37 s0_sp43" category="NP\NP" rule="rp"/>
    <span id="s0_sp37" child="s0_sp38 s0_sp39" category="NP\NP" rule="fa"/>
    <span start="15" span="1" pos="LRB" chunk="O" entity="O" id="s0_sp38" surf="(" base="(" terminal="t0_15" category="(NP\NP)/NP"/>
    <span id="s0_sp39" child="s0_sp40" category="NP" rule="lex"/>
    <span id="s0_sp40" child="s0_sp41 s0_sp42" category="N" rule="fa"/>
    <span start="16" span="1" pos="CD" chunk="I-NP" entity="O" id="s0_sp41" surf="2" base="2" terminal="t0_16" category="N/N"/>
    <span start="17" span="1" pos="CD" chunk="I-NP" entity="O" id="s0_sp42" surf="4" base="4" terminal="t0_17" category="N[num=true]"/>
    <span start="18" span="1" pos="RRB" chunk="O" entity="O" id="s0_sp43" surf=")" base=")" terminal="t0_18" category="RRB"/>
    <span start="19" span="1" pos="NN" chunk="I-NP" entity="O" id="s0_sp44" surf="+" base="+" terminal="t0_19" category="NP\NP"/>
    <span id="s0_sp45" child="s0_sp46 s0_sp47" category="NP\NP" rule="fa"/>
    <span start="20" span="1" pos="LRB" chunk="O" entity="O" id="s0_sp46" surf="(" base="(" terminal="t0_20" category="(NP\NP)/NP"/>
    <span id="s0_sp47" child="s0_sp48 s0_sp62" category="NP" rule="ba"/>
    <span id="s0_sp48" child="s0_sp49 s0_sp57" category="NP" rule="ba"/>
    <span id="s0_sp49" child="s0_sp50" category="NP" rule="lex"/>
    <span id="s0_sp50" child="s0_sp51 s0_sp52" category="N" rule="fa"/>
    <span start="21" span="1" pos="CD" chunk="I-NP" entity="O" id="s0_sp51" surf="3" base="3" terminal="t0_21" category="N/N"/>
    <span id="s0_sp52" child="s0_sp53 s0_sp54" category="N" rule="fa"/>
    <span start="22" span="1" pos="CD" chunk="I-NP" entity="O" id="s0_sp53" surf="3" base="3" terminal="t0_22" category="N/N"/>
    <span id="s0_sp54" child="s0_sp55 s0_sp56" category="N" rule="lp"/>
    <span start="23" span="1" pos="RRB" chunk="O" entity="O" id="s0_sp55" surf=")" base=")" terminal="t0_23" category="RRB"/>
    <span start="24" span="1" pos="SYM" chunk="I-NP" entity="I-DAT" id="s0_sp56" surf="=" base="=" terminal="t0_24" category="N"/>
    <span id="s0_sp57" child="s0_sp58 s0_sp59" category="NP\NP" rule="fa"/>
    <span start="25" span="1" pos="CD" chunk="I-NP" entity="I-DAT" id="s0_sp58" surf="0" base="0" terminal="t0_25" category="(NP\NP)/(NP\NP)"/>
    <span id="s0_sp59" child="s0_sp60 s0_sp61" category="NP\NP" rule="ba"/>
    <span start="26" span="1" pos="NN" chunk="I-NP" entity="I-DAT" id="s0_sp60" surf="+" base="+" terminal="t0_26" category="NP\NP"/>
    <span start="27" span="1" pos="CD" chunk="B-NP" entity="I-DAT" id="s0_sp61" surf="6" base="6" terminal="t0_27" category="(NP\NP)\(NP\NP)"/>
    <span id="s0_sp62" child="s0_sp63 s0_sp64" category="NP\NP" rule="conj"/>
    <span start="28" span="1" pos="CC" chunk="I-NP" entity="I-DAT" id="s0_sp63" surf="+" base="+" terminal="t0_28" category="conj"/>
    <span id="s0_sp64" child="s0_sp65" category="NP" rule="lex"/>
    <span id="s0_sp65" child="s0_sp66 s0_sp67" category="N" rule="fa"/>
    <span start="29" span="1" pos="CD" chunk="I-NP" entity="I-DAT" id="s0_sp66" surf="8" base="8" terminal="t0_29" category="N/N"/>
    <span id="s0_sp67" child="s0_sp68 s0_sp69" category="N" rule="fa"/>
    <span start="30" span="1" pos="NN" chunk="I-NP" entity="I-DAT" id="s0_sp68" surf="+" base="+" terminal="t0_30" category="N/N"/>
    <span id="s0_sp69" child="s0_sp70 s0_sp71" category="N" rule="fa"/>
    <span start="31" span="1" pos="CD" chunk="I-NP" entity="I-DAT" id="s0_sp70" surf="9" base="9" terminal="t0_31" category="N/N"/>
    <span id="s0_sp71" child="s0_sp72 s0_sp73" category="N" rule="ba"/>
    <span start="32" span="1" pos="NN" chunk="I-NP" entity="I-DAT" id="s0_sp72" surf="=" base="=" terminal="t0_32" category="N"/>
    <span start="33" span="1" pos="CD" chunk="I-NP" entity="I-DAT" id="s0_sp73" surf="23" base="23" terminal="t0_33" category="N\N"/>
  </ccg>
</sentence>

