ERROR:root:Failed to parse \x.((_ = {NN})(x) & _1{CD}(x)). Error: The function '(_ = {NN})' is not a Lambda Expression, an Application Expression, or a functional predicate, so it may not take arguments.
\x.((_ = {NN})(x) & _1{CD}(x))
             ^
ERROR:root:An error occurred: The function '(_ = {NN})' is not a Lambda Expression, an Application Expression, or a functional predicate, so it may not take arguments.
\x.((_ = {NN})(x) & _1{CD}(x))
             ^
Sentence: F ( 1 ) = ( 0 6 ) + ( 1 4 ) + ( 2 3 ) + ( 3 2 ) = 0 + 4 + 6 + 6 = 16
Tree XML:
<sentence>
  <tokens>
    <token start="0" span="1" pos="NNP" chunk="I-NP" entity="I-ORG" cat="N" id="t0_0" surf="F" base="f"/>
    <token start="1" span="1" pos="LRB" chunk="O" entity="O" cat="(NP\NP)/NP" id="t0_1" surf="(" base="("/>
    <token start="2" span="1" pos="CD" chunk="I-NP" entity="O" cat="N/N" id="t0_2" surf="1" base="1"/>
    <token start="3" span="1" pos="RRB" chunk="O" entity="O" cat="RRB" id="t0_3" surf=")" base=")"/>
    <token start="4" span="1" pos="NN" chunk="I-NP" entity="O" cat="N" id="t0_4" surf="=" base="="/>
    <token start="5" span="1" pos="LRB" chunk="O" entity="O" cat="(NP\NP)/NP" id="t0_5" surf="(" base="("/>
    <token start="6" span="1" pos="CD" chunk="I-NP" entity="O" cat="N/N" id="t0_6" surf="0" base="0"/>
    <token start="7" span="1" pos="CD" chunk="I-NP" entity="O" cat="N/N" id="t0_7" surf="6" base="6"/>
    <token start="8" span="1" pos="RRB" chunk="O" entity="O" cat="RRB" id="t0_8" surf=")" base=")"/>
    <token start="9" span="1" pos="NN" chunk="I-NP" entity="O" cat="N" id="t0_9" surf="+" base="+"/>
    <token start="10" span="1" pos="LRB" chunk="O" entity="O" cat="(NP\NP)/NP" id="t0_10" surf="(" base="("/>
    <token start="11" span="1" pos="CD" chunk="I-NP" entity="O" cat="(N/N)/(N/N)" id="t0_11" surf="1" base="1"/>
    <token start="12" span="1" pos="CD" chunk="I-NP" entity="O" cat="N/N" id="t0_12" surf="4" base="4"/>
    <token start="13" span="1" pos="RRB" chunk="O" entity="O" cat="RRB" id="t0_13" surf=")" base=")"/>
    <token start="14" span="1" pos="NN" chunk="I-NP" entity="O" cat="N" id="t0_14" surf="+" base="+"/>
    <token start="15" span="1" pos="LRB" chunk="O" entity="O" cat="(NP\NP)/NP" id="t0_15" surf="(" base="("/>
    <token start="16" span="1" pos="CD" chunk="I-NP" entity="O" cat="(N/N)/(N/N)" id="t0_16" surf="2" base="2"/>
    <token start="17" span="1" pos="CD" chunk="I-NP" entity="O" cat="N/N" id="t0_17" surf="3" base="3"/>
    <token start="18" span="1" pos="RRB" chunk="O" entity="O" cat="RRB" id="t0_18" surf=")" base=")"/>
    <token start="19" span="1" pos="NN" chunk="I-NP" entity="O" cat="N" id="t0_19" surf="+" base="+"/>
    <token start="20" span="1" pos="LRB" chunk="O" entity="O" cat="(NP\NP)/NP" id="t0_20" surf="(" base="("/>
    <token start="21" span="1" pos="CD" chunk="I-NP" entity="O" cat="(N/N)/(N/N)" id="t0_21" surf="3" base="3"/>
    <token start="22" span="1" pos="CD" chunk="I-NP" entity="O" cat="N/N" id="t0_22" surf="2" base="2"/>
    <token start="23" span="1" pos="RRB" chunk="O" entity="O" cat="RRB" id="t0_23" surf=")" base=")"/>
    <token start="24" span="1" pos="NN" chunk="I-NP" entity="I-DAT" cat="N/N" id="t0_24" surf="=" base="="/>
    <token start="25" span="1" pos="CD" chunk="I-NP" entity="I-DAT" cat="N/N" id="t0_25" surf="0" base="0"/>
    <token start="26" span="1" pos="NN" chunk="I-NP" entity="I-DAT" cat="N/N" id="t0_26" surf="+" base="+"/>
    <token start="27" span="1" pos="CD" chunk="I-NP" entity="I-DAT" cat="N/N" id="t0_27" surf="4" base="4"/>
    <token start="28" span="1" pos="NNP" chunk="I-NP" entity="I-DAT" cat="N/N" id="t0_28" surf="+" base="+"/>
    <token start="29" span="1" pos="CD" chunk="I-NP" entity="I-DAT" cat="N/N" id="t0_29" surf="6" base="6"/>
    <token start="30" span="1" pos="NNP" chunk="I-NP" entity="I-DAT" cat="N/N" id="t0_30" surf="+" base="+"/>
    <token start="31" span="1" pos="CD" chunk="I-NP" entity="I-DAT" cat="N/N" id="t0_31" surf="6" base="6"/>
    <token start="32" span="1" pos="NN" chunk="I-NP" entity="I-DAT" cat="N" id="t0_32" surf="=" base="="/>
    <token start="33" span="1" pos="CD" chunk="I-NP" entity="I-DAT" cat="N\N" id="t0_33" surf="16" base="16"/>
  </tokens>
  <ccg root="s0_sp0" id="s0_ccg0">
    <span root="true" id="s0_sp0" child="s0_sp1 s0_sp45" category="NP" rule="ba"/>
    <span id="s0_sp1" child="s0_sp2 s0_sp35" category="NP" rule="ba"/>
    <span id="s0_sp2" child="s0_sp3 s0_sp25" category="NP" rule="ba"/>
    <span id="s0_sp3" child="s0_sp4 s0_sp15" category="NP" rule="ba"/>
    <span id="s0_sp4" child="s0_sp5 s0_sp7" category="NP" rule="ba"/>
    <span id="s0_sp5" child="s0_sp6" category="NP" rule="lex"/>
    <span start="0" span="1" pos="NNP" chunk="I-NP" entity="I-ORG" id="s0_sp6" surf="F" base="f" terminal="t0_0" category="N"/>
    <span id="s0_sp7" child="s0_sp8 s0_sp9" category="NP\NP" rule="fa"/>
    <span start="1" span="1" pos="LRB" chunk="O" entity="O" id="s0_sp8" surf="(" base="(" terminal="t0_1" category="(NP\NP)/NP"/>
    <span id="s0_sp9" child="s0_sp10" category="NP" rule="lex"/>
    <span id="s0_sp10" child="s0_sp11 s0_sp12" category="N" rule="fa"/>
    <span start="2" span="1" pos="CD" chunk="I-NP" entity="O" id="s0_sp11" surf="1" base="1" terminal="t0_2" category="N/N"/>
    <span id="s0_sp12" child="s0_sp13 s0_sp14" category="N" rule="lp"/>
    <span start="3" span="1" pos="RRB" chunk="O" entity="O" id="s0_sp13" surf=")" base=")" terminal="t0_3" category="RRB"/>
    <span start="4" span="1" pos="NN" chunk="I-NP" entity="O" id="s0_sp14" surf="=" base="=" terminal="t0_4" category="N"/>
    <span id="s0_sp15" child="s0_sp16 s0_sp17" category="NP\NP" rule="fa"/>
    <span start="5" span="1" pos="LRB" chunk="O" entity="O" id="s0_sp16" surf="(" base="(" terminal="t0_5" category="(NP\NP)/NP"/>
    <span id="s0_sp17" child="s0_sp18" category="NP" rule="lex"/>
    <span id="s0_sp18" child="s0_sp19 s0_sp20" category="N" rule="fa"/>
    <span start="6" span="1" pos="CD" chunk="I-NP" entity="O" id="s0_sp19" surf="0" base="0" terminal="t0_6" category="N/N"/>
    <span id="s0_sp20" child="s0_sp21 s0_sp22" category="N" rule="fa"/>
    <span start="7" span="1" pos="CD" chunk="I-NP" entity="O" id="s0_sp21" surf="6" base="6" terminal="t0_7" category="N/N"/>
    <span id="s0_sp22" child="s0_sp23 s0_sp24" category="N" rule="lp"/>
    <span start="8" span="1" pos="RRB" chunk="O" entity="O" id="s0_sp23" surf=")" base=")" terminal="t0_8" category="RRB"/>
    <span start="9" span="1" pos="NN" chunk="I-NP" entity="O" id="s0_sp24" surf="+" base="+" terminal="t0_9" category="N"/>
    <span id="s0_sp25" child="s0_sp26 s0_sp27" category="NP\NP" rule="fa"/>
    <span start="10" span="1" pos="LRB" chunk="O" entity="O" id="s0_sp26" surf="(" base="(" terminal="t0_10" category="(NP\NP)/NP"/>
    <span id="s0_sp27" child="s0_sp28" category="NP" rule="lex"/>
    <span id="s0_sp28" child="s0_sp29 s0_sp32" category="N" rule="fa"/>
    <span id="s0_sp29" child="s0_sp30 s0_sp31" category="N/N" rule="fa"/>
    <span start="11" span="1" pos="CD" chunk="I-NP" entity="O" id="s0_sp30" surf="1" base="1" terminal="t0_11" category="(N/N)/(N/N)"/>
    <span start="12" span="1" pos="CD" chunk="I-NP" entity="O" id="s0_sp31" surf="4" base="4" terminal="t0_12" category="N/N"/>
    <span id="s0_sp32" child="s0_sp33 s0_sp34" category="N" rule="lp"/>
    <span start="13" span="1" pos="RRB" chunk="O" entity="O" id="s0_sp33" surf=")" base=")" terminal="t0_13" category="RRB"/>
    <span start="14" span="1" pos="NN" chunk="I-NP" entity="O" id="s0_sp34" surf="+" base="+" terminal="t0_14" category="N"/>
    <span id="s0_sp35" child="s0_sp36 s0_sp37" category="NP\NP" rule="fa"/>
    <span start="15" span="1" pos="LRB" chunk="O" entity="O" id="s0_sp36" surf="(" base="(" terminal="t0_15" category="(NP\NP)/NP"/>
    <span id="s0_sp37" child="s0_sp38" category="NP" rule="lex"/>
    <span id="s0_sp38" child="s0_sp39 s0_sp42" category="N" rule="fa"/>
    <span id="s0_sp39" child="s0_sp40 s0_sp41" category="N/N" rule="fa"/>
    <span start="16" span="1" pos="CD" chunk="I-NP" entity="O" id="s0_sp40" surf="2" base="2" terminal="t0_16" category="(N/N)/(N/N)"/>
    <span start="17" span="1" pos="CD" chunk="I-NP" entity="O" id="s0_sp41" surf="3" base="3" terminal="t0_17" category="N/N"/>
    <span id="s0_sp42" child="s0_sp43 s0_sp44" category="N" rule="lp"/>
    <span start="18" span="1" pos="RRB" chunk="O" entity="O" id="s0_sp43" surf=")" base=")" terminal="t0_18" category="RRB"/>
    <span start="19" span="1" pos="NN" chunk="I-NP" entity="O" id="s0_sp44" surf="+" base="+" terminal="t0_19" category="N"/>
    <span id="s0_sp45" child="s0_sp46 s0_sp47" category="NP\NP" rule="fa"/>
    <span start="20" span="1" pos="LRB" chunk="O" entity="O" id="s0_sp46" surf="(" base="(" terminal="t0_20" category="(NP\NP)/NP"/>
    <span id="s0_sp47" child="s0_sp48" category="NP" rule="lex"/>
    <span id="s0_sp48" child="s0_sp49 s0_sp52" category="N" rule="fa"/>
    <span id="s0_sp49" child="s0_sp50 s0_sp51" category="N/N" rule="fa"/>
    <span start="21" span="1" pos="CD" chunk="I-NP" entity="O" id="s0_sp50" surf="3" base="3" terminal="t0_21" category="(N/N)/(N/N)"/>
    <span start="22" span="1" pos="CD" chunk="I-NP" entity="O" id="s0_sp51" surf="2" base="2" terminal="t0_22" category="N/N"/>
    <span id="s0_sp52" child="s0_sp53 s0_sp54" category="N" rule="lp"/>
    <span start="23" span="1" pos="RRB" chunk="O" entity="O" id="s0_sp53" surf=")" base=")" terminal="t0_23" category="RRB"/>
    <span id="s0_sp54" child="s0_sp55 s0_sp56" category="N" rule="fa"/>
    <span start="24" span="1" pos="NN" chunk="I-NP" entity="I-DAT" id="s0_sp55" surf="=" base="=" terminal="t0_24" category="N/N"/>
    <span id="s0_sp56" child="s0_sp57 s0_sp58" category="N" rule="fa"/>
    <span start="25" span="1" pos="CD" chunk="I-NP" entity="I-DAT" id="s0_sp57" surf="0" base="0" terminal="t0_25" category="N/N"/>
    <span id="s0_sp58" child="s0_sp59 s0_sp60" category="N" rule="fa"/>
    <span start="26" span="1" pos="NN" chunk="I-NP" entity="I-DAT" id="s0_sp59" surf="+" base="+" terminal="t0_26" category="N/N"/>
    <span id="s0_sp60" child="s0_sp61 s0_sp62" category="N" rule="fa"/>
    <span start="27" span="1" pos="CD" chunk="I-NP" entity="I-DAT" id="s0_sp61" surf="4" base="4" terminal="t0_27" category="N/N"/>
    <span id="s0_sp62" child="s0_sp63 s0_sp64" category="N" rule="fa"/>
    <span start="28" span="1" pos="NNP" chunk="I-NP" entity="I-DAT" id="s0_sp63" surf="+" base="+" terminal="t0_28" category="N/N"/>
    <span id="s0_sp64" child="s0_sp65 s0_sp66" category="N" rule="fa"/>
    <span start="29" span="1" pos="CD" chunk="I-NP" entity="I-DAT" id="s0_sp65" surf="6" base="6" terminal="t0_29" category="N/N"/>
    <span id="s0_sp66" child="s0_sp67 s0_sp68" category="N" rule="fa"/>
    <span start="30" span="1" pos="NNP" chunk="I-NP" entity="I-DAT" id="s0_sp67" surf="+" base="+" terminal="t0_30" category="N/N"/>
    <span id="s0_sp68" child="s0_sp69 s0_sp72" category="N" rule="ba"/>
    <span id="s0_sp69" child="s0_sp70 s0_sp71" category="N" rule="fa"/>
    <span start="31" span="1" pos="CD" chunk="I-NP" entity="I-DAT" id="s0_sp70" surf="6" base="6" terminal="t0_31" category="N/N"/>
    <span start="32" span="1" pos="NN" chunk="I-NP" entity="I-DAT" id="s0_sp71" surf="=" base="=" terminal="t0_32" category="N"/>
    <span start="33" span="1" pos="CD" chunk="I-NP" entity="I-DAT" id="s0_sp72" surf="16" base="16" terminal="t0_33" category="N\N"/>
  </ccg>
</sentence>

