ERROR:root:Failed to parse \Q F1 F2.Q(\x.((_ = {SYM})(x) & F1(x)),F2). Error: The function '(_ = {SYM})' is not a Lambda Expression, an Application Expression, or a functional predicate, so it may not take arguments.
\Q F1 F2.Q(\x.((_ = {SYM})(x) & F1(x)),F2)
                         ^
ERROR:root:An error occurred: The function '(_ = {SYM})' is not a Lambda Expression, an Application Expression, or a functional predicate, so it may not take arguments.
\Q F1 F2.Q(\x.((_ = {SYM})(x) & F1(x)),F2)
                         ^
Sentence: < code > F ( k ) = 0 arr < sub > k < /sub > [ 0 ] + 1 arr < sub > k < /sub > [ 1 ] + ... + ( n - 1 ) arr < sub > k < /sub > [ n - 1 ] . < /code >
Tree XML:
<sentence>
  <tokens>
    <token start="0" span="1" pos="JJ" chunk="I-NP" entity="O" cat="N/N" id="t0_0" surf="&lt;" base="&lt;"/>
    <token start="1" span="1" pos="NN" chunk="I-NP" entity="O" cat="N/N" id="t0_1" surf="code" base="code"/>
    <token start="2" span="1" pos="NN" chunk="I-NP" entity="O" cat="N/N" id="t0_2" surf="&gt;" base="&gt;"/>
    <token start="3" span="1" pos="NNP" chunk="I-NP" entity="O" cat="N/N" id="t0_3" surf="F" base="f"/>
    <token start="4" span="1" pos="LRB" chunk="O" entity="O" cat="(N/N)/NP" id="t0_4" surf="(" base="("/>
    <token start="5" span="1" pos="NN" chunk="I-NP" entity="O" cat="N" id="t0_5" surf="k" base="k"/>
    <token start="6" span="1" pos="RRB" chunk="O" entity="O" cat="RRB" id="t0_6" surf=")" base=")"/>
    <token start="7" span="1" pos="SYM" chunk="I-VP" entity="O" cat="NP/NP" id="t0_7" surf="=" base="="/>
    <token start="8" span="1" pos="CD" chunk="I-NP" entity="O" cat="N/N" id="t0_8" surf="0" base="0"/>
    <token start="9" span="1" pos="NN" chunk="I-NP" entity="O" cat="N/N" id="t0_9" surf="arr" base="arr"/>
    <token start="10" span="1" pos="NN" chunk="I-NP" entity="O" cat="N/N" id="t0_10" surf="&lt;" base="&lt;"/>
    <token start="11" span="1" pos="NN" chunk="I-NP" entity="O" cat="N/N" id="t0_11" surf="sub" base="sub"/>
    <token start="12" span="1" pos="NNP" chunk="I-NP" entity="O" cat="N/N" id="t0_12" surf="&gt;" base="&gt;"/>
    <token start="13" span="1" pos="NNP" chunk="I-NP" entity="O" cat="N/N" id="t0_13" surf="k" base="k"/>
    <token start="14" span="1" pos="NNP" chunk="I-NP" entity="O" cat="N/N" id="t0_14" surf="&lt;" base="&lt;"/>
    <token start="15" span="1" pos="NNP" chunk="I-NP" entity="O" cat="N/N" id="t0_15" surf="/sub" base="/sub"/>
    <token start="16" span="1" pos="NNP" chunk="I-NP" entity="O" cat="N/N" id="t0_16" surf="&gt;" base="&gt;"/>
    <token start="17" span="1" pos="NNP" chunk="I-NP" entity="O" cat="N/N" id="t0_17" surf="[" base="["/>
    <token start="18" span="1" pos="CD" chunk="I-NP" entity="O" cat="N/N" id="t0_18" surf="0" base="0"/>
    <token start="19" span="1" pos="NNP" chunk="I-NP" entity="O" cat="N/N" id="t0_19" surf="]" base="]"/>
    <token start="20" span="1" pos="NNP" chunk="I-NP" entity="O" cat="N/N" id="t0_20" surf="+" base="+"/>
    <token start="21" span="1" pos="CD" chunk="I-NP" entity="O" cat="N/N" id="t0_21" surf="1" base="1"/>
    <token start="22" span="1" pos="NN" chunk="I-NP" entity="O" cat="N/N" id="t0_22" surf="arr" base="arr"/>
    <token start="23" span="1" pos="NN" chunk="I-NP" entity="O" cat="N/N" id="t0_23" surf="&lt;" base="&lt;"/>
    <token start="24" span="1" pos="NN" chunk="I-NP" entity="O" cat="N/N" id="t0_24" surf="sub" base="sub"/>
    <token start="25" span="1" pos="NNP" chunk="I-NP" entity="O" cat="N/N" id="t0_25" surf="&gt;" base="&gt;"/>
    <token start="26" span="1" pos="NNP" chunk="I-NP" entity="O" cat="N/N" id="t0_26" surf="k" base="k"/>
    <token start="27" span="1" pos="NNP" chunk="I-NP" entity="O" cat="N/N" id="t0_27" surf="&lt;" base="&lt;"/>
    <token start="28" span="1" pos="NNP" chunk="I-NP" entity="O" cat="N/N" id="t0_28" surf="/sub" base="/sub"/>
    <token start="29" span="1" pos="NNP" chunk="I-NP" entity="O" cat="N" id="t0_29" surf="&gt;" base="&gt;"/>
    <token start="30" span="1" pos="VBD" chunk="I-VP" entity="O" cat="(S[dcl]\NP)/NP" id="t0_30" surf="[" base="["/>
    <token start="31" span="1" pos="CD" chunk="I-NP" entity="O" cat="(N/N)/(N/N)" id="t0_31" surf="1" base="1"/>
    <token start="32" span="1" pos="CD" chunk="I-NP" entity="O" cat="N/N" id="t0_32" surf="]" base="]"/>
    <token start="33" span="1" pos="NN" chunk="I-NP" entity="O" cat="N/N" id="t0_33" surf="+" base="+"/>
    <token start="34" span="1" pos=":" chunk="O" entity="O" cat=":" id="t0_34" surf="..." base="..."/>
    <token start="35" span="1" pos="NNS" chunk="I-NP" entity="O" cat="N" id="t0_35" surf="+" base="+"/>
    <token start="36" span="1" pos="LRB" chunk="O" entity="O" cat="(NP\NP)/NP" id="t0_36" surf="(" base="("/>
    <token start="37" span="1" pos="SYM" chunk="I-NP" entity="O" cat="NP" id="t0_37" surf="n" base="n"/>
    <token start="38" span="1" pos=":" chunk="O" entity="O" cat="(NP\NP)/NP" id="t0_38" surf="-" base="-"/>
    <token start="39" span="1" pos="CD" chunk="I-NP" entity="O" cat="N/N" id="t0_39" surf="1" base="1"/>
    <token start="40" span="1" pos="RRB" chunk="O" entity="O" cat="RRB" id="t0_40" surf=")" base=")"/>
    <token start="41" span="1" pos="NN" chunk="I-NP" entity="O" cat="N/N" id="t0_41" surf="arr" base="arr"/>
    <token start="42" span="1" pos="NN" chunk="I-NP" entity="O" cat="N/N" id="t0_42" surf="&lt;" base="&lt;"/>
    <token start="43" span="1" pos="NN" chunk="I-NP" entity="O" cat="N/N" id="t0_43" surf="sub" base="sub"/>
    <token start="44" span="1" pos="NNP" chunk="I-NP" entity="O" cat="N/N" id="t0_44" surf="&gt;" base="&gt;"/>
    <token start="45" span="1" pos="NNP" chunk="I-NP" entity="O" cat="N/N" id="t0_45" surf="k" base="k"/>
    <token start="46" span="1" pos="NNP" chunk="I-NP" entity="O" cat="N/N" id="t0_46" surf="&lt;" base="&lt;"/>
    <token start="47" span="1" pos="NNP" chunk="I-NP" entity="O" cat="N/N" id="t0_47" surf="/sub" base="/sub"/>
    <token start="48" span="1" pos="NNP" chunk="I-NP" entity="O" cat="N/N" id="t0_48" surf="&gt;" base="&gt;"/>
    <token start="49" span="1" pos="NNP" chunk="I-NP" entity="O" cat="N/N" id="t0_49" surf="[" base="["/>
    <token start="50" span="1" pos="NN" chunk="I-NP" entity="O" cat="N" id="t0_50" surf="n" base="n"/>
    <token start="51" span="1" pos=":" chunk="O" entity="O" cat=":" id="t0_51" surf="-" base="-"/>
    <token start="52" span="1" pos="CD" chunk="I-NP" entity="O" cat="((S\NP)\(S\NP))/((S\NP)\(S\NP))" id="t0_52" surf="1" base="1"/>
    <token start="53" span="1" pos="NNP" chunk="I-NP" entity="O" cat="(S\NP)\(S\NP)" id="t0_53" surf="]" base="]"/>
    <token start="54" span="1" pos="." chunk="I-NP" entity="O" cat="." id="t0_54" surf="." base="."/>
    <token start="55" span="1" pos="NNP" chunk="I-NP" entity="I-PER" cat="N/N" id="t0_55" surf="&lt;" base="&lt;"/>
    <token start="56" span="1" pos="NNP" chunk="I-NP" entity="I-PER" cat="N/N" id="t0_56" surf="/code" base="/code"/>
    <token start="57" span="1" pos="NNP" chunk="I-NP" entity="I-PER" cat="N" id="t0_57" surf="&gt;" base="&gt;"/>
  </tokens>
  <ccg root="s0_sp0" id="s0_ccg0">
    <span root="true" id="s0_sp0" child="s0_sp1 s0_sp2" category="N" rule="fa"/>
    <span start="0" span="1" pos="JJ" chunk="I-NP" entity="O" id="s0_sp1" surf="&lt;" base="&lt;" terminal="t0_0" category="N/N"/>
    <span id="s0_sp2" child="s0_sp3 s0_sp4" category="N" rule="fa"/>
    <span start="1" span="1" pos="NN" chunk="I-NP" entity="O" id="s0_sp3" surf="code" base="code" terminal="t0_1" category="N/N"/>
    <span id="s0_sp4" child="s0_sp5 s0_sp6" category="N" rule="fa"/>
    <span start="2" span="1" pos="NN" chunk="I-NP" entity="O" id="s0_sp5" surf="&gt;" base="&gt;" terminal="t0_2" category="N/N"/>
    <span id="s0_sp6" child="s0_sp7 s0_sp8" category="N" rule="fa"/>
    <span start="3" span="1" pos="NNP" chunk="I-NP" entity="O" id="s0_sp7" surf="F" base="f" terminal="t0_3" category="N/N"/>
    <span id="s0_sp8" child="s0_sp9 s0_sp115" category="N" rule="fa"/>
    <span id="s0_sp9" child="s0_sp10 s0_sp11" category="N/N" rule="fa"/>
    <span start="4" span="1" pos="LRB" chunk="O" entity="O" id="s0_sp10" surf="(" base="(" terminal="t0_4" category="(N/N)/NP"/>
    <span id="s0_sp11" child="s0_sp12 s0_sp16" category="NP" rule="ba"/>
    <span id="s0_sp12" child="s0_sp13 s0_sp15" category="NP" rule="rp"/>
    <span id="s0_sp13" child="s0_sp14" category="NP" rule="lex"/>
    <span start="5" span="1" pos="NN" chunk="I-NP" entity="O" id="s0_sp14" surf="k" base="k" terminal="t0_5" category="N"/>
    <span start="6" span="1" pos="RRB" chunk="O" entity="O" id="s0_sp15" surf=")" base=")" terminal="t0_6" category="RRB"/>
    <span id="s0_sp16" child="s0_sp17" category="NP\NP" rule="lex"/>
    <span id="s0_sp17" child="s0_sp18 s0_sp114" category="S[dcl=true]" rule="rp"/>
    <span id="s0_sp18" child="s0_sp19 s0_sp65" category="S[dcl=true]" rule="ba"/>
    <span id="s0_sp19" child="s0_sp20 s0_sp21" category="NP" rule="fa"/>
    <span start="7" span="1" pos="SYM" chunk="I-VP" entity="O" id="s0_sp20" surf="=" base="=" terminal="t0_7" category="NP/NP"/>
    <span id="s0_sp21" child="s0_sp22" category="NP" rule="lex"/>
    <span id="s0_sp22" child="s0_sp23 s0_sp24" category="N" rule="fa"/>
    <span start="8" span="1" pos="CD" chunk="I-NP" entity="O" id="s0_sp23" surf="0" base="0" terminal="t0_8" category="N/N"/>
    <span id="s0_sp24" child="s0_sp25 s0_sp26" category="N" rule="fa"/>
    <span start="9" span="1" pos="NN" chunk="I-NP" entity="O" id="s0_sp25" surf="arr" base="arr" terminal="t0_9" category="N/N"/>
    <span id="s0_sp26" child="s0_sp27 s0_sp28" category="N" rule="fa"/>
    <span start="10" span="1" pos="NN" chunk="I-NP" entity="O" id="s0_sp27" surf="&lt;" base="&lt;" terminal="t0_10" category="N/N"/>
    <span id="s0_sp28" child="s0_sp29 s0_sp30" category="N" rule="fa"/>
    <span start="11" span="1" pos="NN" chunk="I-NP" entity="O" id="s0_sp29" surf="sub" base="sub" terminal="t0_11" category="N/N"/>
    <span id="s0_sp30" child="s0_sp31 s0_sp32" category="N" rule="fa"/>
    <span start="12" span="1" pos="NNP" chunk="I-NP" entity="O" id="s0_sp31" surf="&gt;" base="&gt;" terminal="t0_12" category="N/N"/>
    <span id="s0_sp32" child="s0_sp33 s0_sp34" category="N" rule="fa"/>
    <span start="13" span="1" pos="NNP" chunk="I-NP" entity="O" id="s0_sp33" surf="k" base="k" terminal="t0_13" category="N/N"/>
    <span id="s0_sp34" child="s0_sp35 s0_sp36" category="N" rule="fa"/>
    <span start="14" span="1" pos="NNP" chunk="I-NP" entity="O" id="s0_sp35" surf="&lt;" base="&lt;" terminal="t0_14" category="N/N"/>
    <span id="s0_sp36" child="s0_sp37 s0_sp38" category="N" rule="fa"/>
    <span start="15" span="1" pos="NNP" chunk="I-NP" entity="O" id="s0_sp37" surf="/sub" base="/sub" terminal="t0_15" category="N/N"/>
    <span id="s0_sp38" child="s0_sp39 s0_sp40" category="N" rule="fa"/>
    <span start="16" span="1" pos="NNP" chunk="I-NP" entity="O" id="s0_sp39" surf="&gt;" base="&gt;" terminal="t0_16" category="N/N"/>
    <span id="s0_sp40" child="s0_sp41 s0_sp42" category="N" rule="fa"/>
    <span start="17" span="1" pos="NNP" chunk="I-NP" entity="O" id="s0_sp41" surf="[" base="[" terminal="t0_17" category="N/N"/>
    <span id="s0_sp42" child="s0_sp43 s0_sp44" category="N" rule="fa"/>
    <span start="18" span="1" pos="CD" chunk="I-NP" entity="O" id="s0_sp43" surf="0" base="0" terminal="t0_18" category="N/N"/>
    <span id="s0_sp44" child="s0_sp45 s0_sp46" category="N" rule="fa"/>
    <span start="19" span="1" pos="NNP" chunk="I-NP" entity="O" id="s0_sp45" surf="]" base="]" terminal="t0_19" category="N/N"/>
    <span id="s0_sp46" child="s0_sp47 s0_sp48" category="N" rule="fa"/>
    <span start="20" span="1" pos="NNP" chunk="I-NP" entity="O" id="s0_sp47" surf="+" base="+" terminal="t0_20" category="N/N"/>
    <span id="s0_sp48" child="s0_sp49 s0_sp50" category="N" rule="fa"/>
    <span start="21" span="1" pos="CD" chunk="I-NP" entity="O" id="s0_sp49" surf="1" base="1" terminal="t0_21" category="N/N"/>
    <span id="s0_sp50" child="s0_sp51 s0_sp52" category="N" rule="fa"/>
    <span start="22" span="1" pos="NN" chunk="I-NP" entity="O" id="s0_sp51" surf="arr" base="arr" terminal="t0_22" category="N/N"/>
    <span id="s0_sp52" child="s0_sp53 s0_sp54" category="N" rule="fa"/>
    <span start="23" span="1" pos="NN" chunk="I-NP" entity="O" id="s0_sp53" surf="&lt;" base="&lt;" terminal="t0_23" category="N/N"/>
    <span id="s0_sp54" child="s0_sp55 s0_sp56" category="N" rule="fa"/>
    <span start="24" span="1" pos="NN" chunk="I-NP" entity="O" id="s0_sp55" surf="sub" base="sub" terminal="t0_24" category="N/N"/>
    <span id="s0_sp56" child="s0_sp57 s0_sp58" category="N" rule="fa"/>
    <span start="25" span="1" pos="NNP" chunk="I-NP" entity="O" id="s0_sp57" surf="&gt;" base="&gt;" terminal="t0_25" category="N/N"/>
    <span id="s0_sp58" child="s0_sp59 s0_sp60" category="N" rule="fa"/>
    <span start="26" span="1" pos="NNP" chunk="I-NP" entity="O" id="s0_sp59" surf="k" base="k" terminal="t0_26" category="N/N"/>
    <span id="s0_sp60" child="s0_sp61 s0_sp62" category="N" rule="fa"/>
    <span start="27" span="1" pos="NNP" chunk="I-NP" entity="O" id="s0_sp61" surf="&lt;" base="&lt;" terminal="t0_27" category="N/N"/>
    <span id="s0_sp62" child="s0_sp63 s0_sp64" category="N" rule="fa"/>
    <span start="28" span="1" pos="NNP" chunk="I-NP" entity="O" id="s0_sp63" surf="/sub" base="/sub" terminal="t0_28" category="N/N"/>
    <span start="29" span="1" pos="NNP" chunk="I-NP" entity="O" id="s0_sp64" surf="&gt;" base="&gt;" terminal="t0_29" category="N"/>
    <span id="s0_sp65" child="s0_sp66 s0_sp111" category="S[dcl=true]\NP" rule="ba"/>
    <span id="s0_sp66" child="s0_sp67 s0_sp68" category="S[dcl=true]\NP" rule="fa"/>
    <span start="30" span="1" pos="VBD" chunk="I-VP" entity="O" id="s0_sp67" surf="[" base="[" terminal="t0_30" category="(S[dcl=true]\NP)/NP"/>
    <span id="s0_sp68" child="s0_sp69 s0_sp79" category="NP" rule="ba"/>
    <span id="s0_sp69" child="s0_sp70" category="NP" rule="lex"/>
    <span id="s0_sp70" child="s0_sp71 s0_sp74" category="N" rule="fa"/>
    <span id="s0_sp71" child="s0_sp72 s0_sp73" category="N/N" rule="fa"/>
    <span start="31" span="1" pos="CD" chunk="I-NP" entity="O" id="s0_sp72" surf="1" base="1" terminal="t0_31" category="(N/N)/(N/N)"/>
    <span start="32" span="1" pos="CD" chunk="I-NP" entity="O" id="s0_sp73" surf="]" base="]" terminal="t0_32" category="N/N"/>
    <span id="s0_sp74" child="s0_sp75 s0_sp78" category="N" rule="fa"/>
    <span id="s0_sp75" child="s0_sp76 s0_sp77" category="N/N" rule="rp"/>
    <span start="33" span="1" pos="NN" chunk="I-NP" entity="O" id="s0_sp76" surf="+" base="+" terminal="t0_33" category="N/N"/>
    <span start="34" span="1" pos=":" chunk="O" entity="O" id="s0_sp77" surf="..." base="..." terminal="t0_34" category=":"/>
    <span start="35" span="1" pos="NNS" chunk="I-NP" entity="O" id="s0_sp78" surf="+" base="+" terminal="t0_35" category="N"/>
    <span id="s0_sp79" child="s0_sp80 s0_sp81" category="NP\NP" rule="fa"/>
    <span start="36" span="1" pos="LRB" chunk="O" entity="O" id="s0_sp80" surf="(" base="(" terminal="t0_36" category="(NP\NP)/NP"/>
    <span id="s0_sp81" child="s0_sp82 s0_sp83" category="NP" rule="ba"/>
    <span start="37" span="1" pos="SYM" chunk="I-NP" entity="O" id="s0_sp82" surf="n" base="n" terminal="t0_37" category="NP"/>
    <span id="s0_sp83" child="s0_sp84 s0_sp110" category="NP\NP" rule="rp"/>
    <span id="s0_sp84" child="s0_sp85 s0_sp86" category="NP\NP" rule="fa"/>
    <span start="38" span="1" pos=":" chunk="O" entity="O" id="s0_sp85" surf="-" base="-" terminal="t0_38" category="(NP\NP)/NP"/>
    <span id="s0_sp86" child="s0_sp87" category="NP" rule="lex"/>
    <span id="s0_sp87" child="s0_sp88 s0_sp89" category="N" rule="fa"/>
    <span start="39" span="1" pos="CD" chunk="I-NP" entity="O" id="s0_sp88" surf="1" base="1" terminal="t0_39" category="N/N"/>
    <span id="s0_sp89" child="s0_sp90 s0_sp91" category="N" rule="lp"/>
    <span start="40" span="1" pos="RRB" chunk="O" entity="O" id="s0_sp90" surf=")" base=")" terminal="t0_40" category="RRB"/>
    <span id="s0_sp91" child="s0_sp92 s0_sp93" category="N" rule="fa"/>
    <span start="41" span="1" pos="NN" chunk="I-NP" entity="O" id="s0_sp92" surf="arr" base="arr" terminal="t0_41" category="N/N"/>
    <span id="s0_sp93" child="s0_sp94 s0_sp95" category="N" rule="fa"/>
    <span start="42" span="1" pos="NN" chunk="I-NP" entity="O" id="s0_sp94" surf="&lt;" base="&lt;" terminal="t0_42" category="N/N"/>
    <span id="s0_sp95" child="s0_sp96 s0_sp97" category="N" rule="fa"/>
    <span start="43" span="1" pos="NN" chunk="I-NP" entity="O" id="s0_sp96" surf="sub" base="sub" terminal="t0_43" category="N/N"/>
    <span id="s0_sp97" child="s0_sp98 s0_sp99" category="N" rule="fa"/>
    <span start="44" span="1" pos="NNP" chunk="I-NP" entity="O" id="s0_sp98" surf="&gt;" base="&gt;" terminal="t0_44" category="N/N"/>
    <span id="s0_sp99" child="s0_sp100 s0_sp101" category="N" rule="fa"/>
    <span start="45" span="1" pos="NNP" chunk="I-NP" entity="O" id="s0_sp100" surf="k" base="k" terminal="t0_45" category="N/N"/>
    <span id="s0_sp101" child="s0_sp102 s0_sp103" category="N" rule="fa"/>
    <span start="46" span="1" pos="NNP" chunk="I-NP" entity="O" id="s0_sp102" surf="&lt;" base="&lt;" terminal="t0_46" category="N/N"/>
    <span id="s0_sp103" child="s0_sp104 s0_sp105" category="N" rule="fa"/>
    <span start="47" span="1" pos="NNP" chunk="I-NP" entity="O" id="s0_sp104" surf="/sub" base="/sub" terminal="t0_47" category="N/N"/>
    <span id="s0_sp105" child="s0_sp106 s0_sp107" category="N" rule="fa"/>
    <span start="48" span="1" pos="NNP" chunk="I-NP" entity="O" id="s0_sp106" surf="&gt;" base="&gt;" terminal="t0_48" category="N/N"/>
    <span id="s0_sp107" child="s0_sp108 s0_sp109" category="N" rule="fa"/>
    <span start="49" span="1" pos="NNP" chunk="I-NP" entity="O" id="s0_sp108" surf="[" base="[" terminal="t0_49" category="N/N"/>
    <span start="50" span="1" pos="NN" chunk="I-NP" entity="O" id="s0_sp109" surf="n" base="n" terminal="t0_50" category="N"/>
    <span start="51" span="1" pos=":" chunk="O" entity="O" id="s0_sp110" surf="-" base="-" terminal="t0_51" category=":"/>
    <span id="s0_sp111" child="s0_sp112 s0_sp113" category="(S[X=true]\NP)\(S[X=true]\NP)" rule="fa"/>
    <span start="52" span="1" pos="CD" chunk="I-NP" entity="O" id="s0_sp112" surf="1" base="1" terminal="t0_52" category="((S\NP)\(S\NP))/((S\NP)\(S\NP))"/>
    <span start="53" span="1" pos="NNP" chunk="I-NP" entity="O" id="s0_sp113" surf="]" base="]" terminal="t0_53" category="(S\NP)\(S\NP)"/>
    <span start="54" span="1" pos="." chunk="I-NP" entity="O" id="s0_sp114" surf="." base="." terminal="t0_54" category="."/>
    <span id="s0_sp115" child="s0_sp116 s0_sp117" category="N" rule="fa"/>
    <span start="55" span="1" pos="NNP" chunk="I-NP" entity="I-PER" id="s0_sp116" surf="&lt;" base="&lt;" terminal="t0_55" category="N/N"/>
    <span id="s0_sp117" child="s0_sp118 s0_sp119" category="N" rule="fa"/>
    <span start="56" span="1" pos="NNP" chunk="I-NP" entity="I-PER" id="s0_sp118" surf="/code" base="/code" terminal="t0_56" category="N/N"/>
    <span start="57" span="1" pos="NNP" chunk="I-NP" entity="I-PER" id="s0_sp119" surf="&gt;" base="&gt;" terminal="t0_57" category="N"/>
  </ccg>
</sentence>

