[05/24 20:47:39] [INFO   ] org.mutationtesting.major.plugin.MajorPluginTaskListener.<init>:
    Created MajorPluginTaskListener with options: [mml:../../major/mml/all.mml.bin]
[05/24 20:47:39] [INFO   ] org.mutationtesting.major.mutation.Mutator.initOperatorSymbols:
    Initializing operator symbols for opcode mapping
[05/24 20:47:39] [INFO   ] org.mutationtesting.major.mutation.Mutator.mutateTree:
    Mutating tree: Env[AttrContext[Scope[super, this]],outer=Env[AttrContext[Scope[java.util.Map, java.util.HashMap, g0401_0500.s0454_4sum_ii.Solution]]]]
[05/24 20:47:39] [INFO   ] org.mutationtesting.major.mutation.Mutator.visitClassDef:
    CLASS: g0401_0500.s0454_4sum_ii.Solution
[05/24 20:47:39] [INFO   ] org.mutationtesting.major.mutation.Mutator.visitMethodDef:
    METHOD: <init>([])null
[05/24 20:47:39] [INFO   ] org.mutationtesting.major.mutation.Mutator.visitMethodDef:
    METHOD: fourSumCount([int[] nums1, int[] nums2, int[] nums3, int[] nums4])int
[05/24 20:47:39] [INFO   ] org.mutationtesting.major.mutation.Mutator.nextMutant:
    Creating mutant 1
[05/24 20:47:39] [INFO   ] org.mutationtesting.major.mutation.Mutator.logMutant:
    Logging mutant 1: Solution.fourSumCount(line 24, col 29)
            mutation operator group:   AOR
            mutation operator:         +(int,int) |==> %(int,int)
            original:                  k + i 
            mutant:                    k % i
[05/24 20:47:39] [INFO   ] org.mutationtesting.major.mutation.Mutator.nextMutant:
    Creating mutant 2
[05/24 20:47:39] [INFO   ] org.mutationtesting.major.mutation.Mutator.logMutant:
    Logging mutant 2: Solution.fourSumCount(line 24, col 29)
            mutation operator group:   AOR
            mutation operator:         +(int,int) |==> *(int,int)
            original:                  k + i 
            mutant:                    k * i
[05/24 20:47:39] [INFO   ] org.mutationtesting.major.mutation.Mutator.nextMutant:
    Creating mutant 3
[05/24 20:47:39] [INFO   ] org.mutationtesting.major.mutation.Mutator.logMutant:
    Logging mutant 3: Solution.fourSumCount(line 24, col 29)
            mutation operator group:   AOR
            mutation operator:         +(int,int) |==> -(int,int)
            original:                  k + i 
            mutant:                    k - i
[05/24 20:47:39] [INFO   ] org.mutationtesting.major.mutation.Mutator.nextMutant:
    Creating mutant 4
[05/24 20:47:39] [INFO   ] org.mutationtesting.major.mutation.Mutator.logMutant:
    Logging mutant 4: Solution.fourSumCount(line 24, col 29)
            mutation operator group:   AOR
            mutation operator:         +(int,int) |==> /(int,int)
            original:                  k + i 
            mutant:                    k / i
[05/24 20:47:39] [INFO   ] org.mutationtesting.major.mutation.Mutator.nextMutant:
    Creating mutant 5
[05/24 20:47:39] [INFO   ] org.mutationtesting.major.mutation.Mutator.logMutant:
    Logging mutant 5: Solution.fourSumCount(line 25, col 55)
            mutation operator group:   AOR
            mutation operator:         +(int,int) |==> %(int,int)
            original:                  map.getOrDefault(sum, 0) + 1 
            mutant:                    map.getOrDefault(sum, 0) % 1
[05/24 20:47:39] [INFO   ] org.mutationtesting.major.mutation.Mutator.nextMutant:
    Creating mutant 6
[05/24 20:47:39] [INFO   ] org.mutationtesting.major.mutation.Mutator.logMutant:
    Logging mutant 6: Solution.fourSumCount(line 25, col 55)
            mutation operator group:   AOR
            mutation operator:         +(int,int) |==> *(int,int)
            original:                  map.getOrDefault(sum, 0) + 1 
            mutant:                    map.getOrDefault(sum, 0) * 1
[05/24 20:47:39] [INFO   ] org.mutationtesting.major.mutation.Mutator.nextMutant:
    Creating mutant 7
[05/24 20:47:39] [INFO   ] org.mutationtesting.major.mutation.Mutator.logMutant:
    Logging mutant 7: Solution.fourSumCount(line 25, col 55)
            mutation operator group:   AOR
            mutation operator:         +(int,int) |==> -(int,int)
            original:                  map.getOrDefault(sum, 0) + 1 
            mutant:                    map.getOrDefault(sum, 0) - 1
[05/24 20:47:39] [INFO   ] org.mutationtesting.major.mutation.Mutator.nextMutant:
    Creating mutant 8
[05/24 20:47:39] [INFO   ] org.mutationtesting.major.mutation.Mutator.logMutant:
    Logging mutant 8: Solution.fourSumCount(line 25, col 55)
            mutation operator group:   AOR
            mutation operator:         +(int,int) |==> /(int,int)
            original:                  map.getOrDefault(sum, 0) + 1 
            mutant:                    map.getOrDefault(sum, 0) / 1
[05/24 20:47:39] [INFO   ] org.mutationtesting.major.mutation.Mutator.nextMutant:
    Creating mutant 9
[05/24 20:47:39] [INFO   ] org.mutationtesting.major.mutation.Mutator.logMutantSTD:
    Logging mutantSTD 9: (STD) map.put(sum, map.getOrDefault(sum, 0) + 1); -> <NO-OP>
[05/24 20:47:39] [INFO   ] org.mutationtesting.major.mutation.Mutator.nextMutant:
    Creating mutant 10
[05/24 20:47:39] [INFO   ] org.mutationtesting.major.mutation.Mutator.logMutant:
    Logging mutant 10: Solution.fourSumCount(line 30, col 25)
            mutation operator group:   ORU
            mutation operator:         ---(int) |==> +++(int)
            original:                  -(k + i) 
            mutant:                    +(k + i)
[05/24 20:47:39] [INFO   ] org.mutationtesting.major.mutation.Mutator.nextMutant:
    Creating mutant 11
[05/24 20:47:39] [INFO   ] org.mutationtesting.major.mutation.Mutator.logMutant:
    Logging mutant 11: Solution.fourSumCount(line 30, col 25)
            mutation operator group:   ORU
            mutation operator:         ---(int) |==> ~(int)
            original:                  -(k + i) 
            mutant:                    ~(k + i)
[05/24 20:47:39] [INFO   ] org.mutationtesting.major.mutation.Mutator.nextMutant:
    Creating mutant 12
[05/24 20:47:39] [INFO   ] org.mutationtesting.major.mutation.Mutator.logMutant:
    Logging mutant 12: Solution.fourSumCount(line 30, col 29)
            mutation operator group:   AOR
            mutation operator:         +(int,int) |==> %(int,int)
            original:                  k + i 
            mutant:                    k % i
[05/24 20:47:39] [INFO   ] org.mutationtesting.major.mutation.Mutator.nextMutant:
    Creating mutant 13
[05/24 20:47:39] [INFO   ] org.mutationtesting.major.mutation.Mutator.logMutant:
    Logging mutant 13: Solution.fourSumCount(line 30, col 29)
            mutation operator group:   AOR
            mutation operator:         +(int,int) |==> *(int,int)
            original:                  k + i 
            mutant:                    k * i
[05/24 20:47:39] [INFO   ] org.mutationtesting.major.mutation.Mutator.nextMutant:
    Creating mutant 14
[05/24 20:47:39] [INFO   ] org.mutationtesting.major.mutation.Mutator.logMutant:
    Logging mutant 14: Solution.fourSumCount(line 30, col 29)
            mutation operator group:   AOR
            mutation operator:         +(int,int) |==> -(int,int)
            original:                  k + i 
            mutant:                    k - i
[05/24 20:47:39] [INFO   ] org.mutationtesting.major.mutation.Mutator.nextMutant:
    Creating mutant 15
[05/24 20:47:39] [INFO   ] org.mutationtesting.major.mutation.Mutator.logMutant:
    Logging mutant 15: Solution.fourSumCount(line 30, col 29)
            mutation operator group:   AOR
            mutation operator:         +(int,int) |==> /(int,int)
            original:                  k + i 
            mutant:                    k / i
[05/24 20:47:39] [INFO   ] org.mutationtesting.major.mutation.Mutator.nextMutant:
    Creating mutant 16
[05/24 20:47:39] [INFO   ] org.mutationtesting.major.mutation.Mutator.logMutantSTD:
    Logging mutantSTD 16: (STD) count += map.getOrDefault(m, 0); -> <NO-OP>
[05/24 20:47:39] [INFO   ] org.mutationtesting.major.plugin.MajorPluginTaskListener.mutate:
    Generated 16 mutants (71 ms)
