1:AOR:+(int,int):%(int,int):g0001_0100.s0052_n_queens_ii.Solution@totalNQueens(int):12:n + n |==> n % n
2:AOR:+(int,int):*(int,int):g0001_0100.s0052_n_queens_ii.Solution@totalNQueens(int):12:n + n |==> n * n
3:AOR:+(int,int):-(int,int):g0001_0100.s0052_n_queens_ii.Solution@totalNQueens(int):12:n + n |==> n - n
4:AOR:+(int,int):/(int,int):g0001_0100.s0052_n_queens_ii.Solution@totalNQueens(int):12:n + n |==> n / n
5:AOR:-(int,int):%(int,int):g0001_0100.s0052_n_queens_ii.Solution@totalNQueens(int):12:n + n - 1 |==> (n + n) % 1
6:AOR:-(int,int):*(int,int):g0001_0100.s0052_n_queens_ii.Solution@totalNQueens(int):12:n + n - 1 |==> (n + n) * 1
7:AOR:-(int,int):+(int,int):g0001_0100.s0052_n_queens_ii.Solution@totalNQueens(int):12:n + n - 1 |==> n + n + 1
8:AOR:-(int,int):/(int,int):g0001_0100.s0052_n_queens_ii.Solution@totalNQueens(int):12:n + n - 1 |==> (n + n) / 1
9:AOR:+(int,int):%(int,int):g0001_0100.s0052_n_queens_ii.Solution@totalNQueens(int):13:n + n |==> n % n
10:AOR:+(int,int):*(int,int):g0001_0100.s0052_n_queens_ii.Solution@totalNQueens(int):13:n + n |==> n * n
11:AOR:+(int,int):-(int,int):g0001_0100.s0052_n_queens_ii.Solution@totalNQueens(int):13:n + n |==> n - n
12:AOR:+(int,int):/(int,int):g0001_0100.s0052_n_queens_ii.Solution@totalNQueens(int):13:n + n |==> n / n
13:AOR:-(int,int):%(int,int):g0001_0100.s0052_n_queens_ii.Solution@totalNQueens(int):13:n + n - 1 |==> (n + n) % 1
14:AOR:-(int,int):*(int,int):g0001_0100.s0052_n_queens_ii.Solution@totalNQueens(int):13:n + n - 1 |==> (n + n) * 1
15:AOR:-(int,int):+(int,int):g0001_0100.s0052_n_queens_ii.Solution@totalNQueens(int):13:n + n - 1 |==> n + n + 1
16:AOR:-(int,int):/(int,int):g0001_0100.s0052_n_queens_ii.Solution@totalNQueens(int):13:n + n - 1 |==> (n + n) / 1
17:ROR:==(int,int):<=(int,int):g0001_0100.s0052_n_queens_ii.Solution@totalNQueens(int,int,boolean[],boolean[],boolean[],boolean[]):24:r == n |==> r <= n
18:ROR:==(int,int):>=(int,int):g0001_0100.s0052_n_queens_ii.Solution@totalNQueens(int,int,boolean[],boolean[],boolean[],boolean[]):24:r == n |==> r >= n
19:ROR:==(int,int):FALSE(int,int):g0001_0100.s0052_n_queens_ii.Solution@totalNQueens(int,int,boolean[],boolean[],boolean[],boolean[]):24:r == n |==> false
20:STD:<RETURN>:<NO-OP>:g0001_0100.s0052_n_queens_ii.Solution@totalNQueens(int,int,boolean[],boolean[],boolean[],boolean[]):25:return 1; |==> <NO-OP>
21:ROR:<(int,int):!=(int,int):g0001_0100.s0052_n_queens_ii.Solution@totalNQueens(int,int,boolean[],boolean[],boolean[],boolean[]):28:c < n |==> c != n
22:ROR:<(int,int):<=(int,int):g0001_0100.s0052_n_queens_ii.Solution@totalNQueens(int,int,boolean[],boolean[],boolean[],boolean[]):28:c < n |==> c <= n
23:ROR:<(int,int):FALSE(int,int):g0001_0100.s0052_n_queens_ii.Solution@totalNQueens(int,int,boolean[],boolean[],boolean[],boolean[]):28:c < n |==> false
24:COR:&&(boolean,boolean):==(boolean,boolean):g0001_0100.s0052_n_queens_ii.Solution@totalNQueens(int,int,boolean[],boolean[],boolean[],boolean[]):29:!row[r] && !col[c] |==> !row[r] == !col[c]
25:COR:&&(boolean,boolean):FALSE(boolean,boolean):g0001_0100.s0052_n_queens_ii.Solution@totalNQueens(int,int,boolean[],boolean[],boolean[],boolean[]):29:!row[r] && !col[c] |==> false
26:COR:&&(boolean,boolean):LHS(boolean,boolean):g0001_0100.s0052_n_queens_ii.Solution@totalNQueens(int,int,boolean[],boolean[],boolean[],boolean[]):29:!row[r] && !col[c] |==> !row[r]
27:COR:&&(boolean,boolean):RHS(boolean,boolean):g0001_0100.s0052_n_queens_ii.Solution@totalNQueens(int,int,boolean[],boolean[],boolean[],boolean[]):29:!row[r] && !col[c] |==> !col[c]
28:AOR:+(int,int):%(int,int):g0001_0100.s0052_n_queens_ii.Solution@totalNQueens(int,int,boolean[],boolean[],boolean[],boolean[]):29:r + c |==> r % c
29:AOR:+(int,int):*(int,int):g0001_0100.s0052_n_queens_ii.Solution@totalNQueens(int,int,boolean[],boolean[],boolean[],boolean[]):29:r + c |==> r * c
30:AOR:+(int,int):-(int,int):g0001_0100.s0052_n_queens_ii.Solution@totalNQueens(int,int,boolean[],boolean[],boolean[],boolean[]):29:r + c |==> r - c
31:AOR:+(int,int):/(int,int):g0001_0100.s0052_n_queens_ii.Solution@totalNQueens(int,int,boolean[],boolean[],boolean[],boolean[]):29:r + c |==> r / c
32:COR:&&(boolean,boolean):==(boolean,boolean):g0001_0100.s0052_n_queens_ii.Solution@totalNQueens(int,int,boolean[],boolean[],boolean[],boolean[]):29:!row[r] && !col[c] && !diagonal[r + c] |==> (!row[r] && !col[c]) == !diagonal[r + c]
33:COR:&&(boolean,boolean):FALSE(boolean,boolean):g0001_0100.s0052_n_queens_ii.Solution@totalNQueens(int,int,boolean[],boolean[],boolean[],boolean[]):29:!row[r] && !col[c] && !diagonal[r + c] |==> false
34:COR:&&(boolean,boolean):LHS(boolean,boolean):g0001_0100.s0052_n_queens_ii.Solution@totalNQueens(int,int,boolean[],boolean[],boolean[],boolean[]):29:!row[r] && !col[c] && !diagonal[r + c] |==> !row[r] && !col[c]
35:COR:&&(boolean,boolean):RHS(boolean,boolean):g0001_0100.s0052_n_queens_ii.Solution@totalNQueens(int,int,boolean[],boolean[],boolean[],boolean[]):29:!row[r] && !col[c] && !diagonal[r + c] |==> !diagonal[r + c]
36:AOR:-(int,int):%(int,int):g0001_0100.s0052_n_queens_ii.Solution@totalNQueens(int,int,boolean[],boolean[],boolean[],boolean[]):29:r - c |==> r % c
37:AOR:-(int,int):*(int,int):g0001_0100.s0052_n_queens_ii.Solution@totalNQueens(int,int,boolean[],boolean[],boolean[],boolean[]):29:r - c |==> r * c
38:AOR:-(int,int):+(int,int):g0001_0100.s0052_n_queens_ii.Solution@totalNQueens(int,int,boolean[],boolean[],boolean[],boolean[]):29:r - c |==> r + c
39:AOR:-(int,int):/(int,int):g0001_0100.s0052_n_queens_ii.Solution@totalNQueens(int,int,boolean[],boolean[],boolean[],boolean[]):29:r - c |==> r / c
40:AOR:+(int,int):%(int,int):g0001_0100.s0052_n_queens_ii.Solution@totalNQueens(int,int,boolean[],boolean[],boolean[],boolean[]):29:r - c + n |==> (r - c) % n
41:AOR:+(int,int):*(int,int):g0001_0100.s0052_n_queens_ii.Solution@totalNQueens(int,int,boolean[],boolean[],boolean[],boolean[]):29:r - c + n |==> (r - c) * n
42:AOR:+(int,int):-(int,int):g0001_0100.s0052_n_queens_ii.Solution@totalNQueens(int,int,boolean[],boolean[],boolean[],boolean[]):29:r - c + n |==> r - c - n
43:AOR:+(int,int):/(int,int):g0001_0100.s0052_n_queens_ii.Solution@totalNQueens(int,int,boolean[],boolean[],boolean[],boolean[]):29:r - c + n |==> (r - c) / n
44:AOR:-(int,int):%(int,int):g0001_0100.s0052_n_queens_ii.Solution@totalNQueens(int,int,boolean[],boolean[],boolean[],boolean[]):29:r - c + n - 1 |==> (r - c + n) % 1
45:AOR:-(int,int):*(int,int):g0001_0100.s0052_n_queens_ii.Solution@totalNQueens(int,int,boolean[],boolean[],boolean[],boolean[]):29:r - c + n - 1 |==> (r - c + n) * 1
46:AOR:-(int,int):+(int,int):g0001_0100.s0052_n_queens_ii.Solution@totalNQueens(int,int,boolean[],boolean[],boolean[],boolean[]):29:r - c + n - 1 |==> r - c + n + 1
47:AOR:-(int,int):/(int,int):g0001_0100.s0052_n_queens_ii.Solution@totalNQueens(int,int,boolean[],boolean[],boolean[],boolean[]):29:r - c + n - 1 |==> (r - c + n) / 1
48:COR:&&(boolean,boolean):==(boolean,boolean):g0001_0100.s0052_n_queens_ii.Solution@totalNQueens(int,int,boolean[],boolean[],boolean[],boolean[]):29:!row[r] && !col[c] && !diagonal[r + c] && !antiDiagonal[r - c + n - 1] |==> (!row[r] && !col[c] && !diagonal[r + c]) == !antiDiagonal[r - c + n - 1]
49:COR:&&(boolean,boolean):FALSE(boolean,boolean):g0001_0100.s0052_n_queens_ii.Solution@totalNQueens(int,int,boolean[],boolean[],boolean[],boolean[]):29:!row[r] && !col[c] && !diagonal[r + c] && !antiDiagonal[r - c + n - 1] |==> false
50:COR:&&(boolean,boolean):LHS(boolean,boolean):g0001_0100.s0052_n_queens_ii.Solution@totalNQueens(int,int,boolean[],boolean[],boolean[],boolean[]):29:!row[r] && !col[c] && !diagonal[r + c] && !antiDiagonal[r - c + n - 1] |==> !row[r] && !col[c] && !diagonal[r + c]
51:COR:&&(boolean,boolean):RHS(boolean,boolean):g0001_0100.s0052_n_queens_ii.Solution@totalNQueens(int,int,boolean[],boolean[],boolean[],boolean[]):29:!row[r] && !col[c] && !diagonal[r + c] && !antiDiagonal[r - c + n - 1] |==> !antiDiagonal[r - c + n - 1]
52:AOR:+(int,int):%(int,int):g0001_0100.s0052_n_queens_ii.Solution@totalNQueens(int,int,boolean[],boolean[],boolean[],boolean[]):30:r + c |==> r % c
53:AOR:+(int,int):*(int,int):g0001_0100.s0052_n_queens_ii.Solution@totalNQueens(int,int,boolean[],boolean[],boolean[],boolean[]):30:r + c |==> r * c
54:AOR:+(int,int):-(int,int):g0001_0100.s0052_n_queens_ii.Solution@totalNQueens(int,int,boolean[],boolean[],boolean[],boolean[]):30:r + c |==> r - c
55:AOR:+(int,int):/(int,int):g0001_0100.s0052_n_queens_ii.Solution@totalNQueens(int,int,boolean[],boolean[],boolean[],boolean[]):30:r + c |==> r / c
56:AOR:-(int,int):%(int,int):g0001_0100.s0052_n_queens_ii.Solution@totalNQueens(int,int,boolean[],boolean[],boolean[],boolean[]):30:r - c |==> r % c
57:AOR:-(int,int):*(int,int):g0001_0100.s0052_n_queens_ii.Solution@totalNQueens(int,int,boolean[],boolean[],boolean[],boolean[]):30:r - c |==> r * c
58:AOR:-(int,int):+(int,int):g0001_0100.s0052_n_queens_ii.Solution@totalNQueens(int,int,boolean[],boolean[],boolean[],boolean[]):30:r - c |==> r + c
59:AOR:-(int,int):/(int,int):g0001_0100.s0052_n_queens_ii.Solution@totalNQueens(int,int,boolean[],boolean[],boolean[],boolean[]):30:r - c |==> r / c
60:AOR:+(int,int):%(int,int):g0001_0100.s0052_n_queens_ii.Solution@totalNQueens(int,int,boolean[],boolean[],boolean[],boolean[]):30:r - c + n |==> (r - c) % n
61:AOR:+(int,int):*(int,int):g0001_0100.s0052_n_queens_ii.Solution@totalNQueens(int,int,boolean[],boolean[],boolean[],boolean[]):30:r - c + n |==> (r - c) * n
62:AOR:+(int,int):-(int,int):g0001_0100.s0052_n_queens_ii.Solution@totalNQueens(int,int,boolean[],boolean[],boolean[],boolean[]):30:r - c + n |==> r - c - n
63:AOR:+(int,int):/(int,int):g0001_0100.s0052_n_queens_ii.Solution@totalNQueens(int,int,boolean[],boolean[],boolean[],boolean[]):30:r - c + n |==> (r - c) / n
64:AOR:-(int,int):%(int,int):g0001_0100.s0052_n_queens_ii.Solution@totalNQueens(int,int,boolean[],boolean[],boolean[],boolean[]):30:r - c + n - 1 |==> (r - c + n) % 1
65:AOR:-(int,int):*(int,int):g0001_0100.s0052_n_queens_ii.Solution@totalNQueens(int,int,boolean[],boolean[],boolean[],boolean[]):30:r - c + n - 1 |==> (r - c + n) * 1
66:AOR:-(int,int):+(int,int):g0001_0100.s0052_n_queens_ii.Solution@totalNQueens(int,int,boolean[],boolean[],boolean[],boolean[]):30:r - c + n - 1 |==> r - c + n + 1
67:AOR:-(int,int):/(int,int):g0001_0100.s0052_n_queens_ii.Solution@totalNQueens(int,int,boolean[],boolean[],boolean[],boolean[]):30:r - c + n - 1 |==> (r - c + n) / 1
68:STD:<ASSIGN>:<NO-OP>:g0001_0100.s0052_n_queens_ii.Solution@totalNQueens(int,int,boolean[],boolean[],boolean[],boolean[]):30:row[r] = col[c] = diagonal[r + c] = antiDiagonal[r - c + n - 1] = true; |==> <NO-OP>
69:AOR:+(int,int):%(int,int):g0001_0100.s0052_n_queens_ii.Solution@totalNQueens(int,int,boolean[],boolean[],boolean[],boolean[]):31:r + 1 |==> r % 1
70:AOR:+(int,int):*(int,int):g0001_0100.s0052_n_queens_ii.Solution@totalNQueens(int,int,boolean[],boolean[],boolean[],boolean[]):31:r + 1 |==> r * 1
71:AOR:+(int,int):-(int,int):g0001_0100.s0052_n_queens_ii.Solution@totalNQueens(int,int,boolean[],boolean[],boolean[],boolean[]):31:r + 1 |==> r - 1
72:AOR:+(int,int):/(int,int):g0001_0100.s0052_n_queens_ii.Solution@totalNQueens(int,int,boolean[],boolean[],boolean[],boolean[]):31:r + 1 |==> r / 1
73:STD:<ASSIGN>:<NO-OP>:g0001_0100.s0052_n_queens_ii.Solution@totalNQueens(int,int,boolean[],boolean[],boolean[],boolean[]):31:count += totalNQueens(n, r + 1, row, col, diagonal, antiDiagonal); |==> <NO-OP>
74:AOR:+(int,int):%(int,int):g0001_0100.s0052_n_queens_ii.Solution@totalNQueens(int,int,boolean[],boolean[],boolean[],boolean[]):32:r + c |==> r % c
75:AOR:+(int,int):*(int,int):g0001_0100.s0052_n_queens_ii.Solution@totalNQueens(int,int,boolean[],boolean[],boolean[],boolean[]):32:r + c |==> r * c
76:AOR:+(int,int):-(int,int):g0001_0100.s0052_n_queens_ii.Solution@totalNQueens(int,int,boolean[],boolean[],boolean[],boolean[]):32:r + c |==> r - c
77:AOR:+(int,int):/(int,int):g0001_0100.s0052_n_queens_ii.Solution@totalNQueens(int,int,boolean[],boolean[],boolean[],boolean[]):32:r + c |==> r / c
78:AOR:-(int,int):%(int,int):g0001_0100.s0052_n_queens_ii.Solution@totalNQueens(int,int,boolean[],boolean[],boolean[],boolean[]):32:r - c |==> r % c
79:AOR:-(int,int):*(int,int):g0001_0100.s0052_n_queens_ii.Solution@totalNQueens(int,int,boolean[],boolean[],boolean[],boolean[]):32:r - c |==> r * c
80:AOR:-(int,int):+(int,int):g0001_0100.s0052_n_queens_ii.Solution@totalNQueens(int,int,boolean[],boolean[],boolean[],boolean[]):32:r - c |==> r + c
81:AOR:-(int,int):/(int,int):g0001_0100.s0052_n_queens_ii.Solution@totalNQueens(int,int,boolean[],boolean[],boolean[],boolean[]):32:r - c |==> r / c
82:AOR:+(int,int):%(int,int):g0001_0100.s0052_n_queens_ii.Solution@totalNQueens(int,int,boolean[],boolean[],boolean[],boolean[]):32:r - c + n |==> (r - c) % n
83:AOR:+(int,int):*(int,int):g0001_0100.s0052_n_queens_ii.Solution@totalNQueens(int,int,boolean[],boolean[],boolean[],boolean[]):32:r - c + n |==> (r - c) * n
84:AOR:+(int,int):-(int,int):g0001_0100.s0052_n_queens_ii.Solution@totalNQueens(int,int,boolean[],boolean[],boolean[],boolean[]):32:r - c + n |==> r - c - n
85:AOR:+(int,int):/(int,int):g0001_0100.s0052_n_queens_ii.Solution@totalNQueens(int,int,boolean[],boolean[],boolean[],boolean[]):32:r - c + n |==> (r - c) / n
86:AOR:-(int,int):%(int,int):g0001_0100.s0052_n_queens_ii.Solution@totalNQueens(int,int,boolean[],boolean[],boolean[],boolean[]):32:r - c + n - 1 |==> (r - c + n) % 1
87:AOR:-(int,int):*(int,int):g0001_0100.s0052_n_queens_ii.Solution@totalNQueens(int,int,boolean[],boolean[],boolean[],boolean[]):32:r - c + n - 1 |==> (r - c + n) * 1
88:AOR:-(int,int):+(int,int):g0001_0100.s0052_n_queens_ii.Solution@totalNQueens(int,int,boolean[],boolean[],boolean[],boolean[]):32:r - c + n - 1 |==> r - c + n + 1
89:AOR:-(int,int):/(int,int):g0001_0100.s0052_n_queens_ii.Solution@totalNQueens(int,int,boolean[],boolean[],boolean[],boolean[]):32:r - c + n - 1 |==> (r - c + n) / 1
90:STD:<ASSIGN>:<NO-OP>:g0001_0100.s0052_n_queens_ii.Solution@totalNQueens(int,int,boolean[],boolean[],boolean[],boolean[]):32:row[r] = col[c] = diagonal[r + c] = antiDiagonal[r - c + n - 1] = false; |==> <NO-OP>
