[06/24 16:49:40] [INFO   ] org.mutationtesting.major.plugin.MajorPluginTaskListener.<init>:
    Created MajorPluginTaskListener with options: [mml:../../major/mml/all.mml.bin]
[06/24 16:49:40] [INFO   ] org.mutationtesting.major.mutation.Mutator.initOperatorSymbols:
    Initializing operator symbols for opcode mapping
[06/24 16:49:40] [INFO   ] org.mutationtesting.major.mutation.Mutator.mutateTree:
    Mutating tree: Env[AttrContext[Scope[super, this]],outer=Env[AttrContext[Scope[java.util.Collections, java.util.Arrays, g0001_0100.s0072_edit_distance.Solution]]]]
[06/24 16:49:40] [INFO   ] org.mutationtesting.major.mutation.Mutator.visitClassDef:
    CLASS: g0001_0100.s0072_edit_distance.Solution
[06/24 16:49:40] [INFO   ] org.mutationtesting.major.mutation.Mutator.visitMethodDef:
    METHOD: <init>([])null
[06/24 16:49:40] [INFO   ] org.mutationtesting.major.mutation.Mutator.visitMethodDef:
    METHOD: minDistance([String w1, String w2])int
[06/24 16:49:40] [INFO   ] org.mutationtesting.major.mutation.Mutator.nextMutant:
    Creating mutant 1
[06/24 16:49:40] [INFO   ] org.mutationtesting.major.mutation.Mutator.logMutant:
    Logging mutant 1: Solution.minDistance(line 21, col 16)
            mutation operator group:   ROR
            mutation operator:         >(int,int) |==> !=(int,int)
            original:                  n2 > n1 
            mutant:                    n2 != n1
[06/24 16:49:40] [INFO   ] org.mutationtesting.major.mutation.Mutator.nextMutant:
    Creating mutant 2
[06/24 16:49:40] [INFO   ] org.mutationtesting.major.mutation.Mutator.logMutant:
    Logging mutant 2: Solution.minDistance(line 21, col 16)
            mutation operator group:   ROR
            mutation operator:         >(int,int) |==> >=(int,int)
            original:                  n2 > n1 
            mutant:                    n2 >= n1
[06/24 16:49:40] [INFO   ] org.mutationtesting.major.mutation.Mutator.nextMutant:
    Creating mutant 3
[06/24 16:49:40] [INFO   ] org.mutationtesting.major.mutation.Mutator.logMutant:
    Logging mutant 3: Solution.minDistance(line 21, col 16)
            mutation operator group:   ROR
            mutation operator:         >(int,int) |==> FALSE(int,int)
            original:                  n2 > n1 
            mutant:                    false
[06/24 16:49:40] [INFO   ] org.mutationtesting.major.mutation.Mutator.nextMutant:
    Creating mutant 4
[06/24 16:49:40] [INFO   ] org.mutationtesting.major.mutation.Mutator.logMutantSTD:
    Logging mutantSTD 4: (STD) return minDistance(w2, w1); -> <NO-OP>
[06/24 16:49:40] [INFO   ] org.mutationtesting.major.mutation.Mutator.nextMutant:
    Creating mutant 5
[06/24 16:49:40] [INFO   ] org.mutationtesting.major.mutation.Mutator.logMutant:
    Logging mutant 5: Solution.minDistance(line 24, col 31)
            mutation operator group:   AOR
            mutation operator:         +(int,int) |==> %(int,int)
            original:                  n2 + 1 
            mutant:                    n2 % 1
[06/24 16:49:40] [INFO   ] org.mutationtesting.major.mutation.Mutator.nextMutant:
    Creating mutant 6
[06/24 16:49:40] [INFO   ] org.mutationtesting.major.mutation.Mutator.logMutant:
    Logging mutant 6: Solution.minDistance(line 24, col 31)
            mutation operator group:   AOR
            mutation operator:         +(int,int) |==> *(int,int)
            original:                  n2 + 1 
            mutant:                    n2 * 1
[06/24 16:49:40] [INFO   ] org.mutationtesting.major.mutation.Mutator.nextMutant:
    Creating mutant 7
[06/24 16:49:40] [INFO   ] org.mutationtesting.major.mutation.Mutator.logMutant:
    Logging mutant 7: Solution.minDistance(line 24, col 31)
            mutation operator group:   AOR
            mutation operator:         +(int,int) |==> -(int,int)
            original:                  n2 + 1 
            mutant:                    n2 - 1
[06/24 16:49:40] [INFO   ] org.mutationtesting.major.mutation.Mutator.nextMutant:
    Creating mutant 8
[06/24 16:49:40] [INFO   ] org.mutationtesting.major.mutation.Mutator.logMutant:
    Logging mutant 8: Solution.minDistance(line 24, col 31)
            mutation operator group:   AOR
            mutation operator:         +(int,int) |==> /(int,int)
            original:                  n2 + 1 
            mutant:                    n2 / 1
[06/24 16:49:40] [INFO   ] org.mutationtesting.major.mutation.Mutator.nextMutant:
    Creating mutant 9
[06/24 16:49:40] [INFO   ] org.mutationtesting.major.mutation.Mutator.logMutant:
    Logging mutant 9: Solution.minDistance(line 26, col 27)
            mutation operator group:   ROR
            mutation operator:         <=(int,int) |==> <(int,int)
            original:                  j <= n2 
            mutant:                    j < n2
[06/24 16:49:40] [INFO   ] org.mutationtesting.major.mutation.Mutator.nextMutant:
    Creating mutant 10
[06/24 16:49:40] [INFO   ] org.mutationtesting.major.mutation.Mutator.logMutant:
    Logging mutant 10: Solution.minDistance(line 26, col 27)
            mutation operator group:   ROR
            mutation operator:         <=(int,int) |==> ==(int,int)
            original:                  j <= n2 
            mutant:                    j == n2
[06/24 16:49:40] [INFO   ] org.mutationtesting.major.mutation.Mutator.nextMutant:
    Creating mutant 11
[06/24 16:49:40] [INFO   ] org.mutationtesting.major.mutation.Mutator.logMutant:
    Logging mutant 11: Solution.minDistance(line 26, col 27)
            mutation operator group:   ROR
            mutation operator:         <=(int,int) |==> TRUE(int,int)
            original:                  j <= n2 
            mutant:                    true
[06/24 16:49:40] [INFO   ] org.mutationtesting.major.mutation.Mutator.nextMutant:
    Creating mutant 12
[06/24 16:49:40] [INFO   ] org.mutationtesting.major.mutation.Mutator.logMutantSTD:
    Logging mutantSTD 12: (STD) dp[j] = j; -> <NO-OP>
[06/24 16:49:40] [INFO   ] org.mutationtesting.major.mutation.Mutator.nextMutant:
    Creating mutant 13
[06/24 16:49:40] [INFO   ] org.mutationtesting.major.mutation.Mutator.logMutant:
    Logging mutant 13: Solution.minDistance(line 30, col 27)
            mutation operator group:   ROR
            mutation operator:         <=(int,int) |==> <(int,int)
            original:                  i <= n1 
            mutant:                    i < n1
[06/24 16:49:40] [INFO   ] org.mutationtesting.major.mutation.Mutator.nextMutant:
    Creating mutant 14
[06/24 16:49:40] [INFO   ] org.mutationtesting.major.mutation.Mutator.logMutant:
    Logging mutant 14: Solution.minDistance(line 30, col 27)
            mutation operator group:   ROR
            mutation operator:         <=(int,int) |==> ==(int,int)
            original:                  i <= n1 
            mutant:                    i == n1
[06/24 16:49:40] [INFO   ] org.mutationtesting.major.mutation.Mutator.nextMutant:
    Creating mutant 15
[06/24 16:49:40] [INFO   ] org.mutationtesting.major.mutation.Mutator.logMutant:
    Logging mutant 15: Solution.minDistance(line 30, col 27)
            mutation operator group:   ROR
            mutation operator:         <=(int,int) |==> TRUE(int,int)
            original:                  i <= n1 
            mutant:                    true
[06/24 16:49:40] [INFO   ] org.mutationtesting.major.mutation.Mutator.nextMutant:
    Creating mutant 16
[06/24 16:49:40] [INFO   ] org.mutationtesting.major.mutation.Mutator.logMutantSTD:
    Logging mutantSTD 16: (STD) dp[0] = i; -> <NO-OP>
[06/24 16:49:40] [INFO   ] org.mutationtesting.major.mutation.Mutator.nextMutant:
    Creating mutant 17
[06/24 16:49:40] [INFO   ] org.mutationtesting.major.mutation.Mutator.logMutant:
    Logging mutant 17: Solution.minDistance(line 34, col 31)
            mutation operator group:   ROR
            mutation operator:         <=(int,int) |==> <(int,int)
            original:                  j <= n2 
            mutant:                    j < n2
[06/24 16:49:40] [INFO   ] org.mutationtesting.major.mutation.Mutator.nextMutant:
    Creating mutant 18
[06/24 16:49:40] [INFO   ] org.mutationtesting.major.mutation.Mutator.logMutant:
    Logging mutant 18: Solution.minDistance(line 34, col 31)
            mutation operator group:   ROR
            mutation operator:         <=(int,int) |==> ==(int,int)
            original:                  j <= n2 
            mutant:                    j == n2
[06/24 16:49:40] [INFO   ] org.mutationtesting.major.mutation.Mutator.nextMutant:
    Creating mutant 19
[06/24 16:49:40] [INFO   ] org.mutationtesting.major.mutation.Mutator.logMutant:
    Logging mutant 19: Solution.minDistance(line 34, col 31)
            mutation operator group:   ROR
            mutation operator:         <=(int,int) |==> TRUE(int,int)
            original:                  j <= n2 
            mutant:                    true
[06/24 16:49:40] [INFO   ] org.mutationtesting.major.mutation.Mutator.nextMutant:
    Creating mutant 20
[06/24 16:49:40] [INFO   ] org.mutationtesting.major.mutation.Mutator.logMutant:
    Logging mutant 20: Solution.minDistance(line 37, col 37)
            mutation operator group:   AOR
            mutation operator:         -(int,int) |==> %(int,int)
            original:                  i - 1 
            mutant:                    i % 1
[06/24 16:49:40] [INFO   ] org.mutationtesting.major.mutation.Mutator.nextMutant:
    Creating mutant 21
[06/24 16:49:40] [INFO   ] org.mutationtesting.major.mutation.Mutator.logMutant:
    Logging mutant 21: Solution.minDistance(line 37, col 37)
            mutation operator group:   AOR
            mutation operator:         -(int,int) |==> *(int,int)
            original:                  i - 1 
            mutant:                    i * 1
[06/24 16:49:40] [INFO   ] org.mutationtesting.major.mutation.Mutator.nextMutant:
    Creating mutant 22
[06/24 16:49:40] [INFO   ] org.mutationtesting.major.mutation.Mutator.logMutant:
    Logging mutant 22: Solution.minDistance(line 37, col 37)
            mutation operator group:   AOR
            mutation operator:         -(int,int) |==> +(int,int)
            original:                  i - 1 
            mutant:                    i + 1
[06/24 16:49:40] [INFO   ] org.mutationtesting.major.mutation.Mutator.nextMutant:
    Creating mutant 23
[06/24 16:49:40] [INFO   ] org.mutationtesting.major.mutation.Mutator.logMutant:
    Logging mutant 23: Solution.minDistance(line 37, col 37)
            mutation operator group:   AOR
            mutation operator:         -(int,int) |==> /(int,int)
            original:                  i - 1 
            mutant:                    i / 1
[06/24 16:49:40] [INFO   ] org.mutationtesting.major.mutation.Mutator.nextMutant:
    Creating mutant 24
[06/24 16:49:40] [INFO   ] org.mutationtesting.major.mutation.Mutator.logMutant:
    Logging mutant 24: Solution.minDistance(line 37, col 57)
            mutation operator group:   AOR
            mutation operator:         -(int,int) |==> %(int,int)
            original:                  j - 1 
            mutant:                    j % 1
[06/24 16:49:40] [INFO   ] org.mutationtesting.major.mutation.Mutator.nextMutant:
    Creating mutant 25
[06/24 16:49:40] [INFO   ] org.mutationtesting.major.mutation.Mutator.logMutant:
    Logging mutant 25: Solution.minDistance(line 37, col 57)
            mutation operator group:   AOR
            mutation operator:         -(int,int) |==> *(int,int)
            original:                  j - 1 
            mutant:                    j * 1
[06/24 16:49:40] [INFO   ] org.mutationtesting.major.mutation.Mutator.nextMutant:
    Creating mutant 26
[06/24 16:49:40] [INFO   ] org.mutationtesting.major.mutation.Mutator.logMutant:
    Logging mutant 26: Solution.minDistance(line 37, col 57)
            mutation operator group:   AOR
            mutation operator:         -(int,int) |==> +(int,int)
            original:                  j - 1 
            mutant:                    j + 1
[06/24 16:49:40] [INFO   ] org.mutationtesting.major.mutation.Mutator.nextMutant:
    Creating mutant 27
[06/24 16:49:40] [INFO   ] org.mutationtesting.major.mutation.Mutator.logMutant:
    Logging mutant 27: Solution.minDistance(line 37, col 57)
            mutation operator group:   AOR
            mutation operator:         -(int,int) |==> /(int,int)
            original:                  j - 1 
            mutant:                    j / 1
[06/24 16:49:40] [INFO   ] org.mutationtesting.major.mutation.Mutator.nextMutant:
    Creating mutant 28
[06/24 16:49:40] [INFO   ] org.mutationtesting.major.mutation.Mutator.logMutant:
    Logging mutant 28: Solution.minDistance(line 37, col 42)
            mutation operator group:   ROR
            mutation operator:         !=(int,int) |==> <(int,int)
            original:                  w1.charAt(i - 1) != w2.charAt(j - 1) 
            mutant:                    w1.charAt(i - 1) < w2.charAt(j - 1)
[06/24 16:49:40] [INFO   ] org.mutationtesting.major.mutation.Mutator.nextMutant:
    Creating mutant 29
[06/24 16:49:40] [INFO   ] org.mutationtesting.major.mutation.Mutator.logMutant:
    Logging mutant 29: Solution.minDistance(line 37, col 42)
            mutation operator group:   ROR
            mutation operator:         !=(int,int) |==> >(int,int)
            original:                  w1.charAt(i - 1) != w2.charAt(j - 1) 
            mutant:                    w1.charAt(i - 1) > w2.charAt(j - 1)
[06/24 16:49:40] [INFO   ] org.mutationtesting.major.mutation.Mutator.nextMutant:
    Creating mutant 30
[06/24 16:49:40] [INFO   ] org.mutationtesting.major.mutation.Mutator.logMutant:
    Logging mutant 30: Solution.minDistance(line 37, col 42)
            mutation operator group:   ROR
            mutation operator:         !=(int,int) |==> TRUE(int,int)
            original:                  w1.charAt(i - 1) != w2.charAt(j - 1) 
            mutant:                    true
[06/24 16:49:40] [INFO   ] org.mutationtesting.major.mutation.Mutator.nextMutant:
    Creating mutant 31
[06/24 16:49:40] [INFO   ] org.mutationtesting.major.mutation.Mutator.logMutant:
    Logging mutant 31: Solution.minDistance(line 38, col 74)
            mutation operator group:   AOR
            mutation operator:         -(int,int) |==> %(int,int)
            original:                  j - 1 
            mutant:                    j % 1
[06/24 16:49:40] [INFO   ] org.mutationtesting.major.mutation.Mutator.nextMutant:
    Creating mutant 32
[06/24 16:49:40] [INFO   ] org.mutationtesting.major.mutation.Mutator.logMutant:
    Logging mutant 32: Solution.minDistance(line 38, col 74)
            mutation operator group:   AOR
            mutation operator:         -(int,int) |==> *(int,int)
            original:                  j - 1 
            mutant:                    j * 1
[06/24 16:49:40] [INFO   ] org.mutationtesting.major.mutation.Mutator.nextMutant:
    Creating mutant 33
[06/24 16:49:40] [INFO   ] org.mutationtesting.major.mutation.Mutator.logMutant:
    Logging mutant 33: Solution.minDistance(line 38, col 74)
            mutation operator group:   AOR
            mutation operator:         -(int,int) |==> +(int,int)
            original:                  j - 1 
            mutant:                    j + 1
[06/24 16:49:40] [INFO   ] org.mutationtesting.major.mutation.Mutator.nextMutant:
    Creating mutant 34
[06/24 16:49:40] [INFO   ] org.mutationtesting.major.mutation.Mutator.logMutant:
    Logging mutant 34: Solution.minDistance(line 38, col 74)
            mutation operator group:   AOR
            mutation operator:         -(int,int) |==> /(int,int)
            original:                  j - 1 
            mutant:                    j / 1
[06/24 16:49:40] [INFO   ] org.mutationtesting.major.mutation.Mutator.nextMutant:
    Creating mutant 35
[06/24 16:49:40] [INFO   ] org.mutationtesting.major.mutation.Mutator.logMutant:
    Logging mutant 35: Solution.minDistance(line 38, col 37)
            mutation operator group:   AOR
            mutation operator:         +(int,int) |==> %(int,int)
            original:                  1 + Math.min(pre, Math.min(dp[j], dp[j - 1])) 
            mutant:                    1 % Math.min(pre, Math.min(dp[j], dp[j - 1]))
[06/24 16:49:40] [INFO   ] org.mutationtesting.major.mutation.Mutator.nextMutant:
    Creating mutant 36
[06/24 16:49:40] [INFO   ] org.mutationtesting.major.mutation.Mutator.logMutant:
    Logging mutant 36: Solution.minDistance(line 38, col 37)
            mutation operator group:   AOR
            mutation operator:         +(int,int) |==> *(int,int)
            original:                  1 + Math.min(pre, Math.min(dp[j], dp[j - 1])) 
            mutant:                    1 * Math.min(pre, Math.min(dp[j], dp[j - 1]))
[06/24 16:49:40] [INFO   ] org.mutationtesting.major.mutation.Mutator.nextMutant:
    Creating mutant 37
[06/24 16:49:40] [INFO   ] org.mutationtesting.major.mutation.Mutator.logMutant:
    Logging mutant 37: Solution.minDistance(line 38, col 37)
            mutation operator group:   AOR
            mutation operator:         +(int,int) |==> -(int,int)
            original:                  1 + Math.min(pre, Math.min(dp[j], dp[j - 1])) 
            mutant:                    1 - Math.min(pre, Math.min(dp[j], dp[j - 1]))
[06/24 16:49:40] [INFO   ] org.mutationtesting.major.mutation.Mutator.nextMutant:
    Creating mutant 38
[06/24 16:49:40] [INFO   ] org.mutationtesting.major.mutation.Mutator.logMutant:
    Logging mutant 38: Solution.minDistance(line 38, col 37)
            mutation operator group:   AOR
            mutation operator:         +(int,int) |==> /(int,int)
            original:                  1 + Math.min(pre, Math.min(dp[j], dp[j - 1])) 
            mutant:                    1 / Math.min(pre, Math.min(dp[j], dp[j - 1]))
[06/24 16:49:40] [INFO   ] org.mutationtesting.major.mutation.Mutator.nextMutant:
    Creating mutant 39
[06/24 16:49:40] [INFO   ] org.mutationtesting.major.mutation.Mutator.logMutantSTD:
    Logging mutantSTD 39: (STD) dp[j] = w1.charAt(i - 1) != w2.charAt(j - 1) ? 1 + Math.min(pre, Math.min(dp[j], dp[j - 1])) : pre; -> <NO-OP>
[06/24 16:49:40] [INFO   ] org.mutationtesting.major.mutation.Mutator.nextMutant:
    Creating mutant 40
[06/24 16:49:40] [INFO   ] org.mutationtesting.major.mutation.Mutator.logMutantSTD:
    Logging mutantSTD 40: (STD) pre = tmp; -> <NO-OP>
[06/24 16:49:40] [INFO   ] org.mutationtesting.major.plugin.MajorPluginTaskListener.mutate:
    Generated 40 mutants (158 ms)
