1:ROR:>(int,int):!=(int,int):g0001_0100.s0072_edit_distance.Solution@minDistance(java.lang.String,java.lang.String):21:n2 > n1 |==> n2 != n1
2:ROR:>(int,int):>=(int,int):g0001_0100.s0072_edit_distance.Solution@minDistance(java.lang.String,java.lang.String):21:n2 > n1 |==> n2 >= n1
3:ROR:>(int,int):FALSE(int,int):g0001_0100.s0072_edit_distance.Solution@minDistance(java.lang.String,java.lang.String):21:n2 > n1 |==> false
4:STD:<RETURN>:<NO-OP>:g0001_0100.s0072_edit_distance.Solution@minDistance(java.lang.String,java.lang.String):22:return minDistance(w2, w1); |==> <NO-OP>
5:AOR:+(int,int):%(int,int):g0001_0100.s0072_edit_distance.Solution@minDistance(java.lang.String,java.lang.String):24:n2 + 1 |==> n2 % 1
6:AOR:+(int,int):*(int,int):g0001_0100.s0072_edit_distance.Solution@minDistance(java.lang.String,java.lang.String):24:n2 + 1 |==> n2 * 1
7:AOR:+(int,int):-(int,int):g0001_0100.s0072_edit_distance.Solution@minDistance(java.lang.String,java.lang.String):24:n2 + 1 |==> n2 - 1
8:AOR:+(int,int):/(int,int):g0001_0100.s0072_edit_distance.Solution@minDistance(java.lang.String,java.lang.String):24:n2 + 1 |==> n2 / 1
9:ROR:<=(int,int):<(int,int):g0001_0100.s0072_edit_distance.Solution@minDistance(java.lang.String,java.lang.String):26:j <= n2 |==> j < n2
10:ROR:<=(int,int):==(int,int):g0001_0100.s0072_edit_distance.Solution@minDistance(java.lang.String,java.lang.String):26:j <= n2 |==> j == n2
11:ROR:<=(int,int):TRUE(int,int):g0001_0100.s0072_edit_distance.Solution@minDistance(java.lang.String,java.lang.String):26:j <= n2 |==> true
12:STD:<ASSIGN>:<NO-OP>:g0001_0100.s0072_edit_distance.Solution@minDistance(java.lang.String,java.lang.String):27:dp[j] = j; |==> <NO-OP>
13:ROR:<=(int,int):<(int,int):g0001_0100.s0072_edit_distance.Solution@minDistance(java.lang.String,java.lang.String):30:i <= n1 |==> i < n1
14:ROR:<=(int,int):==(int,int):g0001_0100.s0072_edit_distance.Solution@minDistance(java.lang.String,java.lang.String):30:i <= n1 |==> i == n1
15:ROR:<=(int,int):TRUE(int,int):g0001_0100.s0072_edit_distance.Solution@minDistance(java.lang.String,java.lang.String):30:i <= n1 |==> true
16:STD:<ASSIGN>:<NO-OP>:g0001_0100.s0072_edit_distance.Solution@minDistance(java.lang.String,java.lang.String):32:dp[0] = i; |==> <NO-OP>
17:ROR:<=(int,int):<(int,int):g0001_0100.s0072_edit_distance.Solution@minDistance(java.lang.String,java.lang.String):34:j <= n2 |==> j < n2
18:ROR:<=(int,int):==(int,int):g0001_0100.s0072_edit_distance.Solution@minDistance(java.lang.String,java.lang.String):34:j <= n2 |==> j == n2
19:ROR:<=(int,int):TRUE(int,int):g0001_0100.s0072_edit_distance.Solution@minDistance(java.lang.String,java.lang.String):34:j <= n2 |==> true
20:AOR:-(int,int):%(int,int):g0001_0100.s0072_edit_distance.Solution@minDistance(java.lang.String,java.lang.String):37:i - 1 |==> i % 1
21:AOR:-(int,int):*(int,int):g0001_0100.s0072_edit_distance.Solution@minDistance(java.lang.String,java.lang.String):37:i - 1 |==> i * 1
22:AOR:-(int,int):+(int,int):g0001_0100.s0072_edit_distance.Solution@minDistance(java.lang.String,java.lang.String):37:i - 1 |==> i + 1
23:AOR:-(int,int):/(int,int):g0001_0100.s0072_edit_distance.Solution@minDistance(java.lang.String,java.lang.String):37:i - 1 |==> i / 1
24:AOR:-(int,int):%(int,int):g0001_0100.s0072_edit_distance.Solution@minDistance(java.lang.String,java.lang.String):37:j - 1 |==> j % 1
25:AOR:-(int,int):*(int,int):g0001_0100.s0072_edit_distance.Solution@minDistance(java.lang.String,java.lang.String):37:j - 1 |==> j * 1
26:AOR:-(int,int):+(int,int):g0001_0100.s0072_edit_distance.Solution@minDistance(java.lang.String,java.lang.String):37:j - 1 |==> j + 1
27:AOR:-(int,int):/(int,int):g0001_0100.s0072_edit_distance.Solution@minDistance(java.lang.String,java.lang.String):37:j - 1 |==> j / 1
28:ROR:!=(int,int):<(int,int):g0001_0100.s0072_edit_distance.Solution@minDistance(java.lang.String,java.lang.String):37:w1.charAt(i - 1) != w2.charAt(j - 1) |==> w1.charAt(i - 1) < w2.charAt(j - 1)
29:ROR:!=(int,int):>(int,int):g0001_0100.s0072_edit_distance.Solution@minDistance(java.lang.String,java.lang.String):37:w1.charAt(i - 1) != w2.charAt(j - 1) |==> w1.charAt(i - 1) > w2.charAt(j - 1)
30:ROR:!=(int,int):TRUE(int,int):g0001_0100.s0072_edit_distance.Solution@minDistance(java.lang.String,java.lang.String):37:w1.charAt(i - 1) != w2.charAt(j - 1) |==> true
31:AOR:-(int,int):%(int,int):g0001_0100.s0072_edit_distance.Solution@minDistance(java.lang.String,java.lang.String):38:j - 1 |==> j % 1
32:AOR:-(int,int):*(int,int):g0001_0100.s0072_edit_distance.Solution@minDistance(java.lang.String,java.lang.String):38:j - 1 |==> j * 1
33:AOR:-(int,int):+(int,int):g0001_0100.s0072_edit_distance.Solution@minDistance(java.lang.String,java.lang.String):38:j - 1 |==> j + 1
34:AOR:-(int,int):/(int,int):g0001_0100.s0072_edit_distance.Solution@minDistance(java.lang.String,java.lang.String):38:j - 1 |==> j / 1
35:AOR:+(int,int):%(int,int):g0001_0100.s0072_edit_distance.Solution@minDistance(java.lang.String,java.lang.String):38:1 + Math.min(pre, Math.min(dp[j], dp[j - 1])) |==> 1 % Math.min(pre, Math.min(dp[j], dp[j - 1]))
36:AOR:+(int,int):*(int,int):g0001_0100.s0072_edit_distance.Solution@minDistance(java.lang.String,java.lang.String):38:1 + Math.min(pre, Math.min(dp[j], dp[j - 1])) |==> 1 * Math.min(pre, Math.min(dp[j], dp[j - 1]))
37:AOR:+(int,int):-(int,int):g0001_0100.s0072_edit_distance.Solution@minDistance(java.lang.String,java.lang.String):38:1 + Math.min(pre, Math.min(dp[j], dp[j - 1])) |==> 1 - Math.min(pre, Math.min(dp[j], dp[j - 1]))
38:AOR:+(int,int):/(int,int):g0001_0100.s0072_edit_distance.Solution@minDistance(java.lang.String,java.lang.String):38:1 + Math.min(pre, Math.min(dp[j], dp[j - 1])) |==> 1 / Math.min(pre, Math.min(dp[j], dp[j - 1]))
39:STD:<ASSIGN>:<NO-OP>:g0001_0100.s0072_edit_distance.Solution@minDistance(java.lang.String,java.lang.String):36:dp[j] = w1.charAt(i - 1) != w2.charAt(j - 1) ? 1 + Math.min(pre, Math.min(dp[j], dp[j - 1])) : pre; |==> <NO-OP>
40:STD:<ASSIGN>:<NO-OP>:g0001_0100.s0072_edit_distance.Solution@minDistance(java.lang.String,java.lang.String):40:pre = tmp; |==> <NO-OP>
