ERROR:root:Failed to parse \Q1 Q2 K.Q2(\x.TrueP,\x.Q1(\y.TrueP,\y.exists e.((_ = {VBP})(e) & (Subj(e) = x) & (Acc(e) = y) & K(e)))). Error: The function '(_ = {VBP})' is not a Lambda Expression, an Application Expression, or a functional predicate, so it may not take arguments.
\Q1 Q2 K.Q2(\x.TrueP,\x.Q1(\y.TrueP,\y.exists e.((_ = {VBP})(e) & (Subj(e) = x) & (Acc(e) = y) & K(e))))
                                                           ^
ERROR:root:An error occurred: The function '(_ = {VBP})' is not a Lambda Expression, an Application Expression, or a functional predicate, so it may not take arguments.
\Q1 Q2 K.Q2(\x.TrueP,\x.Q1(\y.TrueP,\y.exists e.((_ = {VBP})(e) & (Subj(e) = x) & (Acc(e) = y) & K(e))))
                                                           ^
Sentence: Input : s = `` acdcb '' , p = `` a\c ? b ''
Tree XML:
<sentence>
  <tokens>
    <token start="0" span="1" pos="NNP" chunk="I-NP" entity="O" cat="N" id="t0_0" surf="Input" base="input"/>
    <token start="1" span="1" pos="IN" chunk="O" entity="O" cat="(NP\NP)/S[dcl]" id="t0_1" surf=":" base=":"/>
    <token start="2" span="1" pos="PRP" chunk="I-NP" entity="O" cat="NP" id="t0_2" surf="s" base="s"/>
    <token start="3" span="1" pos="VBP" chunk="I-VP" entity="O" cat="(S[dcl]\NP)/NP" id="t0_3" surf="=" base="="/>
    <token start="4" span="1" pos="LQU" chunk="O" entity="O" cat="LQU" id="t0_4" surf="``" base="``"/>
    <token start="5" span="1" pos="NN" chunk="I-NP" entity="O" cat="S[adj]\NP" id="t0_5" surf="acdcb" base="acdcb"/>
    <token start="6" span="1" pos="RQU" chunk="O" entity="O" cat="RQU" id="t0_6" surf="''" base="''"/>
    <token start="7" span="1" pos="," chunk="O" entity="O" cat="," id="t0_7" surf="," base=","/>
    <token start="8" span="1" pos="NN" chunk="I-NP" entity="O" cat="N/N" id="t0_8" surf="p" base="p"/>
    <token start="9" span="1" pos="NN" chunk="I-NP" entity="O" cat="N" id="t0_9" surf="=" base="="/>
    <token start="10" span="1" pos="LQU" chunk="O" entity="O" cat="LQU" id="t0_10" surf="``" base="``"/>
    <token start="11" span="1" pos="NN" chunk="I-NP" entity="O" cat="S[adj]\NP" id="t0_11" surf="a\c" base="a\c"/>
    <token start="12" span="1" pos="." chunk="O" entity="O" cat="." id="t0_12" surf="?" base="?"/>
    <token start="13" span="1" pos="SYM" chunk="O" entity="O" cat="NP" id="t0_13" surf="b" base="b"/>
    <token start="14" span="1" pos="RQU" chunk="O" entity="O" cat="RQU" id="t0_14" surf="''" base="''"/>
  </tokens>
  <ccg root="s0_sp0" id="s0_ccg0">
    <span root="true" id="s0_sp0" child="s0_sp1 s0_sp3" category="NP" rule="ba"/>
    <span id="s0_sp1" child="s0_sp2" category="NP" rule="lex"/>
    <span start="0" span="1" pos="NNP" chunk="I-NP" entity="O" id="s0_sp2" surf="Input" base="input" terminal="t0_0" category="N"/>
    <span id="s0_sp3" child="s0_sp4 s0_sp5" category="NP\NP" rule="fa"/>
    <span start="1" span="1" pos="IN" chunk="O" entity="O" id="s0_sp4" surf=":" base=":" terminal="t0_1" category="(NP\NP)/S[dcl=true]"/>
    <span id="s0_sp5" child="s0_sp6 s0_sp7" category="S[dcl=true]" rule="ba"/>
    <span start="2" span="1" pos="PRP" chunk="I-NP" entity="O" id="s0_sp6" surf="s" base="s" terminal="t0_2" category="NP"/>
    <span id="s0_sp7" child="s0_sp8 s0_sp30" category="S[dcl=true]\NP" rule="fa"/>
    <span id="s0_sp8" child="s0_sp9 s0_sp17" category="(S[dcl=true]\NP)/NP" rule="bx"/>
    <span id="s0_sp9" child="s0_sp10 s0_sp11" category="(S[dcl=true]\NP)/NP" rule="bx"/>
    <span start="3" span="1" pos="VBP" chunk="I-VP" entity="O" id="s0_sp10" surf="=" base="=" terminal="t0_3" category="(S[dcl=true]\NP)/NP"/>
    <span id="s0_sp11" child="s0_sp12" category="(S[X=true]\NP)\(S[X=true]\NP)" rule="lex"/>
    <span id="s0_sp12" child="s0_sp13 s0_sp14" category="S[adj=true]\NP" rule="lp"/>
    <span start="4" span="1" pos="LQU" chunk="O" entity="O" id="s0_sp13" surf="``" base="``" terminal="t0_4" category="LQU"/>
    <span id="s0_sp14" child="s0_sp15 s0_sp16" category="S[adj=true]\NP" rule="rp"/>
    <span start="5" span="1" pos="NN" chunk="I-NP" entity="O" id="s0_sp15" surf="acdcb" base="acdcb" terminal="t0_5" category="S[adj=true]\NP"/>
    <span start="6" span="1" pos="RQU" chunk="O" entity="O" id="s0_sp16" surf="''" base="''" terminal="t0_6" category="RQU"/>
    <span id="s0_sp17" child="s0_sp18 s0_sp19" category="(S[X=true]\NP)\(S[X=true]\NP)" rule="ltc"/>
    <span start="7" span="1" pos="," chunk="O" entity="O" id="s0_sp18" surf="," base="," terminal="t0_7" category="=true,"/>
    <span id="s0_sp19" child="s0_sp20 s0_sp24" category="NP" rule="ba"/>
    <span id="s0_sp20" child="s0_sp21" category="NP" rule="lex"/>
    <span id="s0_sp21" child="s0_sp22 s0_sp23" category="N" rule="fa"/>
    <span start="8" span="1" pos="NN" chunk="I-NP" entity="O" id="s0_sp22" surf="p" base="p" terminal="t0_8" category="N/N"/>
    <span start="9" span="1" pos="NN" chunk="I-NP" entity="O" id="s0_sp23" surf="=" base="=" terminal="t0_9" category="N"/>
    <span id="s0_sp24" child="s0_sp25" category="NP\NP" rule="lex"/>
    <span id="s0_sp25" child="s0_sp26 s0_sp27" category="S[adj=true]\NP" rule="lp"/>
    <span start="10" span="1" pos="LQU" chunk="O" entity="O" id="s0_sp26" surf="``" base="``" terminal="t0_10" category="LQU"/>
    <span id="s0_sp27" child="s0_sp28 s0_sp29" category="S[adj=true]\NP" rule="rp"/>
    <span start="11" span="1" pos="NN" chunk="I-NP" entity="O" id="s0_sp28" surf="a\c" base="a\c" terminal="t0_11" category="S[adj=true]\NP"/>
    <span start="12" span="1" pos="." chunk="O" entity="O" id="s0_sp29" surf="?" base="?" terminal="t0_12" category="."/>
    <span id="s0_sp30" child="s0_sp31 s0_sp32" category="NP" rule="rp"/>
    <span start="13" span="1" pos="SYM" chunk="O" entity="O" id="s0_sp31" surf="b" base="b" terminal="t0_13" category="NP"/>
    <span start="14" span="1" pos="RQU" chunk="O" entity="O" id="s0_sp32" surf="''" base="''" terminal="t0_14" category="RQU"/>
  </ccg>
</sentence>

