ERROR:root:Failed to parse _'\{NNS}. Error: Unexpected token: '\'.
_'\{NNS}
  ^
ERROR:root:An error occurred: Unexpected token: '\'.
_'\{NNS}
  ^
Sentence: Explanation : The first '\ ' matches the empty sequence , while the second '\ ' matches the substring `` dce '' .
Tree XML:
<sentence>
  <tokens>
    <token start="0" span="1" pos="NN" chunk="I-NP" entity="O" cat="N" id="t0_0" surf="Explanation" base="explanation"/>
    <token start="1" span="1" pos="IN" chunk="O" entity="O" cat="(NP\NP)/S[dcl]" id="t0_1" surf=":" base=":"/>
    <token start="2" span="1" pos="DT" chunk="I-NP" entity="O" cat="NP[nb]/N" id="t0_2" surf="The" base="the"/>
    <token start="3" span="1" pos="JJ" chunk="I-NP" entity="O" cat="N/N" id="t0_3" surf="first" base="first"/>
    <token start="4" span="1" pos="NNS" chunk="I-NP" entity="O" cat="N/N" id="t0_4" surf="'\" base="'\"/>
    <token start="5" span="1" pos="POS" chunk="B-NP" entity="O" cat="N" id="t0_5" surf="'" base="'"/>
    <token start="6" span="1" pos="VBZ" chunk="I-VP" entity="O" cat="(S[dcl]\NP)/NP" id="t0_6" surf="matches" base="match"/>
    <token start="7" span="1" pos="DT" chunk="I-NP" entity="O" cat="NP[nb]/N" id="t0_7" surf="the" base="the"/>
    <token start="8" span="1" pos="JJ" chunk="I-NP" entity="O" cat="N/N" id="t0_8" surf="empty" base="empty"/>
    <token start="9" span="1" pos="NN" chunk="I-NP" entity="O" cat="N" id="t0_9" surf="sequence" base="sequence"/>
    <token start="10" span="1" pos="," chunk="O" entity="O" cat="," id="t0_10" surf="," base=","/>
    <token start="11" span="1" pos="IN" chunk="I-SBAR" entity="O" cat="((S\NP)\(S\NP))/S[dcl]" id="t0_11" surf="while" base="while"/>
    <token start="12" span="1" pos="DT" chunk="I-NP" entity="O" cat="NP[nb]/N" id="t0_12" surf="the" base="the"/>
    <token start="13" span="1" pos="JJ" chunk="I-NP" entity="O" cat="N/N" id="t0_13" surf="second" base="second"/>
    <token start="14" span="1" pos="NNS" chunk="I-NP" entity="O" cat="N/N" id="t0_14" surf="'\" base="'\"/>
    <token start="15" span="1" pos="POS" chunk="B-NP" entity="O" cat="N" id="t0_15" surf="'" base="'"/>
    <token start="16" span="1" pos="VBZ" chunk="I-VP" entity="O" cat="((S[dcl]\NP)/(S[ng]\NP))/NP" id="t0_16" surf="matches" base="match"/>
    <token start="17" span="1" pos="DT" chunk="I-NP" entity="O" cat="NP" id="t0_17" surf="the" base="the"/>
    <token start="18" span="1" pos="VBG" chunk="I-NP" entity="O" cat="(S[ng]\NP)/NP" id="t0_18" surf="substring" base="substr"/>
    <token start="19" span="1" pos="LQU" chunk="I-NP" entity="O" cat="LQU" id="t0_19" surf="``" base="``"/>
    <token start="20" span="1" pos="FW" chunk="I-NP" entity="O" cat="N" id="t0_20" surf="dce" base="dce"/>
    <token start="21" span="1" pos="RQU" chunk="O" entity="O" cat="RQU" id="t0_21" surf="''" base="''"/>
    <token start="22" span="1" pos="." chunk="O" entity="O" cat="." id="t0_22" surf="." base="."/>
  </tokens>
  <ccg root="s0_sp0" id="s0_ccg0">
    <span root="true" id="s0_sp0" child="s0_sp1 s0_sp3" category="NP" rule="ba"/>
    <span id="s0_sp1" child="s0_sp2" category="NP" rule="lex"/>
    <span start="0" span="1" pos="NN" chunk="I-NP" entity="O" id="s0_sp2" surf="Explanation" base="explanation" terminal="t0_0" category="N"/>
    <span id="s0_sp3" child="s0_sp4 s0_sp5" category="NP\NP" rule="fa"/>
    <span start="1" span="1" pos="IN" chunk="O" entity="O" id="s0_sp4" surf=":" base=":" terminal="t0_1" category="(NP\NP)/S[dcl=true]"/>
    <span id="s0_sp5" child="s0_sp6 s0_sp46" category="S[dcl=true]" rule="rp"/>
    <span id="s0_sp6" child="s0_sp7 s0_sp14" category="S[dcl=true]" rule="ba"/>
    <span id="s0_sp7" child="s0_sp8 s0_sp9" category="NP[nb=true]" rule="fa"/>
    <span start="2" span="1" pos="DT" chunk="I-NP" entity="O" id="s0_sp8" surf="The" base="the" terminal="t0_2" category="NP[nb=true]/N"/>
    <span id="s0_sp9" child="s0_sp10 s0_sp11" category="N" rule="fa"/>
    <span start="3" span="1" pos="JJ" chunk="I-NP" entity="O" id="s0_sp10" surf="first" base="first" terminal="t0_3" category="N/N"/>
    <span id="s0_sp11" child="s0_sp12 s0_sp13" category="N" rule="fa"/>
    <span start="4" span="1" pos="NNS" chunk="I-NP" entity="O" id="s0_sp12" surf="'\" base="'\" terminal="t0_4" category="N/N"/>
    <span start="5" span="1" pos="POS" chunk="B-NP" entity="O" id="s0_sp13" surf="'" base="'" terminal="t0_5" category="N"/>
    <span id="s0_sp14" child="s0_sp15 s0_sp24" category="S[dcl=true]\NP" rule="ba"/>
    <span id="s0_sp15" child="s0_sp16 s0_sp23" category="S[dcl=true]\NP" rule="rp"/>
    <span id="s0_sp16" child="s0_sp17 s0_sp18" category="S[dcl=true]\NP" rule="fa"/>
    <span start="6" span="1" pos="VBZ" chunk="I-VP" entity="O" id="s0_sp17" surf="matches" base="match" terminal="t0_6" category="(S[dcl=true]\NP)/NP"/>
    <span id="s0_sp18" child="s0_sp19 s0_sp20" category="NP[nb=true]" rule="fa"/>
    <span start="7" span="1" pos="DT" chunk="I-NP" entity="O" id="s0_sp19" surf="the" base="the" terminal="t0_7" category="NP[nb=true]/N"/>
    <span id="s0_sp20" child="s0_sp21 s0_sp22" category="N" rule="fa"/>
    <span start="8" span="1" pos="JJ" chunk="I-NP" entity="O" id="s0_sp21" surf="empty" base="empty" terminal="t0_8" category="N/N"/>
    <span start="9" span="1" pos="NN" chunk="I-NP" entity="O" id="s0_sp22" surf="sequence" base="sequence" terminal="t0_9" category="N"/>
    <span start="10" span="1" pos="," chunk="O" entity="O" id="s0_sp23" surf="," base="," terminal="t0_10" category="=true,"/>
    <span id="s0_sp24" child="s0_sp25 s0_sp26" category="(S[X=true]\NP)\(S[X=true]\NP)" rule="fa"/>
    <span start="11" span="1" pos="IN" chunk="I-SBAR" entity="O" id="s0_sp25" surf="while" base="while" terminal="t0_11" category="((S\NP)\(S\NP))/S[dcl=true]"/>
    <span id="s0_sp26" child="s0_sp27 s0_sp34" category="S[dcl=true]" rule="ba"/>
    <span id="s0_sp27" child="s0_sp28 s0_sp29" category="NP[nb=true]" rule="fa"/>
    <span start="12" span="1" pos="DT" chunk="I-NP" entity="O" id="s0_sp28" surf="the" base="the" terminal="t0_12" category="NP[nb=true]/N"/>
    <span id="s0_sp29" child="s0_sp30 s0_sp31" category="N" rule="fa"/>
    <span start="13" span="1" pos="JJ" chunk="I-NP" entity="O" id="s0_sp30" surf="second" base="second" terminal="t0_13" category="N/N"/>
    <span id="s0_sp31" child="s0_sp32 s0_sp33" category="N" rule="fa"/>
    <span start="14" span="1" pos="NNS" chunk="I-NP" entity="O" id="s0_sp32" surf="'\" base="'\" terminal="t0_14" category="N/N"/>
    <span start="15" span="1" pos="POS" chunk="B-NP" entity="O" id="s0_sp33" surf="'" base="'" terminal="t0_15" category="N"/>
    <span id="s0_sp34" child="s0_sp35 s0_sp38" category="S[dcl=true]\NP" rule="fa"/>
    <span id="s0_sp35" child="s0_sp36 s0_sp37" category="(S[dcl=true]\NP)/(S[ng=true]\NP)" rule="fa"/>
    <span start="16" span="1" pos="VBZ" chunk="I-VP" entity="O" id="s0_sp36" surf="matches" base="match" terminal="t0_16" category="((S[dcl=true]\NP)/(S[ng=true]\NP))/NP"/>
    <span start="17" span="1" pos="DT" chunk="I-NP" entity="O" id="s0_sp37" surf="the" base="the" terminal="t0_17" category="NP"/>
    <span id="s0_sp38" child="s0_sp39 s0_sp40" category="S[ng=true]\NP" rule="fa"/>
    <span start="18" span="1" pos="VBG" chunk="I-NP" entity="O" id="s0_sp39" surf="substring" base="substr" terminal="t0_18" category="(S[ng=true]\NP)/NP"/>
    <span id="s0_sp40" child="s0_sp41 s0_sp42" category="NP" rule="lp"/>
    <span start="19" span="1" pos="LQU" chunk="I-NP" entity="O" id="s0_sp41" surf="``" base="``" terminal="t0_19" category="LQU"/>
    <span id="s0_sp42" child="s0_sp43 s0_sp45" category="NP" rule="rp"/>
    <span id="s0_sp43" child="s0_sp44" category="NP" rule="lex"/>
    <span start="20" span="1" pos="FW" chunk="I-NP" entity="O" id="s0_sp44" surf="dce" base="dce" terminal="t0_20" category="N"/>
    <span start="21" span="1" pos="RQU" chunk="O" entity="O" id="s0_sp45" surf="''" base="''" terminal="t0_21" category="RQU"/>
    <span start="22" span="1" pos="." chunk="O" entity="O" id="s0_sp46" surf="." base="." terminal="t0_22" category="."/>
  </ccg>
</sentence>

