1:AOR:-(int,int):%(int,int):g0101_0200.s0151_reverse_words_in_a_string.Solution@reverseWords(java.lang.String):29:s.length() - 1 |==> s.length() % 1
2:AOR:-(int,int):*(int,int):g0101_0200.s0151_reverse_words_in_a_string.Solution@reverseWords(java.lang.String):29:s.length() - 1 |==> s.length() * 1
3:AOR:-(int,int):+(int,int):g0101_0200.s0151_reverse_words_in_a_string.Solution@reverseWords(java.lang.String):29:s.length() - 1 |==> s.length() + 1
4:AOR:-(int,int):/(int,int):g0101_0200.s0151_reverse_words_in_a_string.Solution@reverseWords(java.lang.String):29:s.length() - 1 |==> s.length() / 1
5:ROR:>=(int,int):==(int,int):g0101_0200.s0151_reverse_words_in_a_string.Solution@reverseWords(java.lang.String):30:i >= 0 |==> i == 0
6:ROR:>=(int,int):>(int,int):g0101_0200.s0151_reverse_words_in_a_string.Solution@reverseWords(java.lang.String):30:i >= 0 |==> i > 0
7:ROR:>=(int,int):TRUE(int,int):g0101_0200.s0151_reverse_words_in_a_string.Solution@reverseWords(java.lang.String):30:i >= 0 |==> true
8:ROR:==(int,int):<=(int,int):g0101_0200.s0151_reverse_words_in_a_string.Solution@reverseWords(java.lang.String):31:s.charAt(i) == ' ' |==> s.charAt(i) <= ' '
9:ROR:==(int,int):>=(int,int):g0101_0200.s0151_reverse_words_in_a_string.Solution@reverseWords(java.lang.String):31:s.charAt(i) == ' ' |==> s.charAt(i) >= ' '
10:ROR:==(int,int):FALSE(int,int):g0101_0200.s0151_reverse_words_in_a_string.Solution@reverseWords(java.lang.String):31:s.charAt(i) == ' ' |==> false
11:STD:<DEC>:<NO-OP>:g0101_0200.s0151_reverse_words_in_a_string.Solution@reverseWords(java.lang.String):32:i--; |==> <NO-OP>
12:STD:<CONT>:<NO-OP>:g0101_0200.s0151_reverse_words_in_a_string.Solution@reverseWords(java.lang.String):33:continue; |==> <NO-OP>
13:STD:<CALL>:<NO-OP>:g0101_0200.s0151_reverse_words_in_a_string.Solution@reverseWords(java.lang.String):36:sb.append(' '); |==> <NO-OP>
14:AOR:+(int,int):%(int,int):g0101_0200.s0151_reverse_words_in_a_string.Solution@reverseWords(java.lang.String):37:start + 1 |==> start % 1
15:AOR:+(int,int):*(int,int):g0101_0200.s0151_reverse_words_in_a_string.Solution@reverseWords(java.lang.String):37:start + 1 |==> start * 1
16:AOR:+(int,int):-(int,int):g0101_0200.s0151_reverse_words_in_a_string.Solution@reverseWords(java.lang.String):37:start + 1 |==> start - 1
17:AOR:+(int,int):/(int,int):g0101_0200.s0151_reverse_words_in_a_string.Solution@reverseWords(java.lang.String):37:start + 1 |==> start / 1
18:AOR:+(int,int):%(int,int):g0101_0200.s0151_reverse_words_in_a_string.Solution@reverseWords(java.lang.String):37:i + 1 |==> i % 1
19:AOR:+(int,int):*(int,int):g0101_0200.s0151_reverse_words_in_a_string.Solution@reverseWords(java.lang.String):37:i + 1 |==> i * 1
20:AOR:+(int,int):-(int,int):g0101_0200.s0151_reverse_words_in_a_string.Solution@reverseWords(java.lang.String):37:i + 1 |==> i - 1
21:AOR:+(int,int):/(int,int):g0101_0200.s0151_reverse_words_in_a_string.Solution@reverseWords(java.lang.String):37:i + 1 |==> i / 1
22:STD:<CALL>:<NO-OP>:g0101_0200.s0151_reverse_words_in_a_string.Solution@reverseWords(java.lang.String):37:sb.append(s, start + 1, i + 1); |==> <NO-OP>
23:AOR:-(int,int):%(int,int):g0101_0200.s0151_reverse_words_in_a_string.Solution@reverseWords(java.lang.String):38:start - 1 |==> start % 1
24:AOR:-(int,int):*(int,int):g0101_0200.s0151_reverse_words_in_a_string.Solution@reverseWords(java.lang.String):38:start - 1 |==> start * 1
25:AOR:-(int,int):+(int,int):g0101_0200.s0151_reverse_words_in_a_string.Solution@reverseWords(java.lang.String):38:start - 1 |==> start + 1
26:AOR:-(int,int):/(int,int):g0101_0200.s0151_reverse_words_in_a_string.Solution@reverseWords(java.lang.String):38:start - 1 |==> start / 1
27:STD:<ASSIGN>:<NO-OP>:g0101_0200.s0151_reverse_words_in_a_string.Solution@reverseWords(java.lang.String):38:i = start - 1; |==> <NO-OP>
28:ROR:>(int,int):!=(int,int):g0101_0200.s0151_reverse_words_in_a_string.Solution@reverseWords(java.lang.String):40:sb.length() > 0 |==> sb.length() != 0
29:ROR:>(int,int):>=(int,int):g0101_0200.s0151_reverse_words_in_a_string.Solution@reverseWords(java.lang.String):40:sb.length() > 0 |==> sb.length() >= 0
30:ROR:>(int,int):FALSE(int,int):g0101_0200.s0151_reverse_words_in_a_string.Solution@reverseWords(java.lang.String):40:sb.length() > 0 |==> false
31:STD:<CALL>:<NO-OP>:g0101_0200.s0151_reverse_words_in_a_string.Solution@reverseWords(java.lang.String):41:sb.deleteCharAt(0); |==> <NO-OP>
