[05/24 20:47:10] [INFO   ] org.mutationtesting.major.plugin.MajorPluginTaskListener.<init>:
    Created MajorPluginTaskListener with options: [mml:../../major/mml/all.mml.bin]
[05/24 20:47:10] [INFO   ] org.mutationtesting.major.mutation.Mutator.initOperatorSymbols:
    Initializing operator symbols for opcode mapping
[05/24 20:47:10] [INFO   ] org.mutationtesting.major.mutation.Mutator.mutateTree:
    Mutating tree: Env[AttrContext[Scope[super, this]],outer=Env[AttrContext[Scope[g0101_0200.s0165_compare_version_numbers.Solution]]]]
[05/24 20:47:10] [INFO   ] org.mutationtesting.major.mutation.Mutator.visitClassDef:
    CLASS: g0101_0200.s0165_compare_version_numbers.Solution
[05/24 20:47:10] [INFO   ] org.mutationtesting.major.mutation.Mutator.visitMethodDef:
    METHOD: <init>([])null
[05/24 20:47:10] [INFO   ] org.mutationtesting.major.mutation.Mutator.visitMethodDef:
    METHOD: compareVersion([String version1, String version2])int
[05/24 20:47:10] [INFO   ] org.mutationtesting.major.mutation.Mutator.nextMutant:
    Creating mutant 1
[05/24 20:47:10] [INFO   ] org.mutationtesting.major.mutation.Mutator.logMutant:
    Logging mutant 1: Solution.compareVersion(line 18, col 23)
            mutation operator group:   ROR
            mutation operator:         <(int,int) |==> !=(int,int)
            original:                  i < version1.length() 
            mutant:                    i != version1.length()
[05/24 20:47:10] [INFO   ] org.mutationtesting.major.mutation.Mutator.nextMutant:
    Creating mutant 2
[05/24 20:47:10] [INFO   ] org.mutationtesting.major.mutation.Mutator.logMutant:
    Logging mutant 2: Solution.compareVersion(line 18, col 23)
            mutation operator group:   ROR
            mutation operator:         <(int,int) |==> <=(int,int)
            original:                  i < version1.length() 
            mutant:                    i <= version1.length()
[05/24 20:47:10] [INFO   ] org.mutationtesting.major.mutation.Mutator.nextMutant:
    Creating mutant 3
[05/24 20:47:10] [INFO   ] org.mutationtesting.major.mutation.Mutator.logMutant:
    Logging mutant 3: Solution.compareVersion(line 18, col 23)
            mutation operator group:   ROR
            mutation operator:         <(int,int) |==> FALSE(int,int)
            original:                  i < version1.length() 
            mutant:                    false
[05/24 20:47:10] [INFO   ] org.mutationtesting.major.mutation.Mutator.nextMutant:
    Creating mutant 4
[05/24 20:47:10] [INFO   ] org.mutationtesting.major.mutation.Mutator.logMutant:
    Logging mutant 4: Solution.compareVersion(line 20, col 19)
            mutation operator group:   ROR
            mutation operator:         ==(int,int) |==> <=(int,int)
            original:                  c == '.' 
            mutant:                    c <= '.'
[05/24 20:47:10] [INFO   ] org.mutationtesting.major.mutation.Mutator.nextMutant:
    Creating mutant 5
[05/24 20:47:10] [INFO   ] org.mutationtesting.major.mutation.Mutator.logMutant:
    Logging mutant 5: Solution.compareVersion(line 20, col 19)
            mutation operator group:   ROR
            mutation operator:         ==(int,int) |==> >=(int,int)
            original:                  c == '.' 
            mutant:                    c >= '.'
[05/24 20:47:10] [INFO   ] org.mutationtesting.major.mutation.Mutator.nextMutant:
    Creating mutant 6
[05/24 20:47:10] [INFO   ] org.mutationtesting.major.mutation.Mutator.logMutant:
    Logging mutant 6: Solution.compareVersion(line 20, col 19)
            mutation operator group:   ROR
            mutation operator:         ==(int,int) |==> FALSE(int,int)
            original:                  c == '.' 
            mutant:                    false
[05/24 20:47:10] [INFO   ] org.mutationtesting.major.mutation.Mutator.nextMutant:
    Creating mutant 7
[05/24 20:47:10] [INFO   ] org.mutationtesting.major.mutation.Mutator.logMutantSTD:
    Logging mutantSTD 7: (STD) break; -> <NO-OP>
[05/24 20:47:10] [INFO   ] org.mutationtesting.major.mutation.Mutator.nextMutant:
    Creating mutant 8
[05/24 20:47:10] [INFO   ] org.mutationtesting.major.mutation.Mutator.logMutant:
    Logging mutant 8: Solution.compareVersion(line 23, col 29)
            mutation operator group:   AOR
            mutation operator:         *(int,int) |==> %(int,int)
            original:                  numA * 10 
            mutant:                    numA % 10
[05/24 20:47:10] [INFO   ] org.mutationtesting.major.mutation.Mutator.nextMutant:
    Creating mutant 9
[05/24 20:47:10] [INFO   ] org.mutationtesting.major.mutation.Mutator.logMutant:
    Logging mutant 9: Solution.compareVersion(line 23, col 29)
            mutation operator group:   AOR
            mutation operator:         *(int,int) |==> +(int,int)
            original:                  numA * 10 
            mutant:                    numA + 10
[05/24 20:47:10] [INFO   ] org.mutationtesting.major.mutation.Mutator.nextMutant:
    Creating mutant 10
[05/24 20:47:10] [INFO   ] org.mutationtesting.major.mutation.Mutator.logMutant:
    Logging mutant 10: Solution.compareVersion(line 23, col 29)
            mutation operator group:   AOR
            mutation operator:         *(int,int) |==> -(int,int)
            original:                  numA * 10 
            mutant:                    numA - 10
[05/24 20:47:10] [INFO   ] org.mutationtesting.major.mutation.Mutator.nextMutant:
    Creating mutant 11
[05/24 20:47:10] [INFO   ] org.mutationtesting.major.mutation.Mutator.logMutant:
    Logging mutant 11: Solution.compareVersion(line 23, col 29)
            mutation operator group:   AOR
            mutation operator:         *(int,int) |==> /(int,int)
            original:                  numA * 10 
            mutant:                    numA / 10
[05/24 20:47:10] [INFO   ] org.mutationtesting.major.mutation.Mutator.nextMutant:
    Creating mutant 12
[05/24 20:47:10] [INFO   ] org.mutationtesting.major.mutation.Mutator.logMutant:
    Logging mutant 12: Solution.compareVersion(line 23, col 39)
            mutation operator group:   AOR
            mutation operator:         -(int,int) |==> %(int,int)
            original:                  c - 48 
            mutant:                    c % 48
[05/24 20:47:10] [INFO   ] org.mutationtesting.major.mutation.Mutator.nextMutant:
    Creating mutant 13
[05/24 20:47:10] [INFO   ] org.mutationtesting.major.mutation.Mutator.logMutant:
    Logging mutant 13: Solution.compareVersion(line 23, col 39)
            mutation operator group:   AOR
            mutation operator:         -(int,int) |==> *(int,int)
            original:                  c - 48 
            mutant:                    c * 48
[05/24 20:47:10] [INFO   ] org.mutationtesting.major.mutation.Mutator.nextMutant:
    Creating mutant 14
[05/24 20:47:10] [INFO   ] org.mutationtesting.major.mutation.Mutator.logMutant:
    Logging mutant 14: Solution.compareVersion(line 23, col 39)
            mutation operator group:   AOR
            mutation operator:         -(int,int) |==> +(int,int)
            original:                  c - 48 
            mutant:                    c + 48
[05/24 20:47:10] [INFO   ] org.mutationtesting.major.mutation.Mutator.nextMutant:
    Creating mutant 15
[05/24 20:47:10] [INFO   ] org.mutationtesting.major.mutation.Mutator.logMutant:
    Logging mutant 15: Solution.compareVersion(line 23, col 39)
            mutation operator group:   AOR
            mutation operator:         -(int,int) |==> /(int,int)
            original:                  c - 48 
            mutant:                    c / 48
[05/24 20:47:10] [INFO   ] org.mutationtesting.major.mutation.Mutator.nextMutant:
    Creating mutant 16
[05/24 20:47:10] [INFO   ] org.mutationtesting.major.mutation.Mutator.logMutant:
    Logging mutant 16: Solution.compareVersion(line 23, col 34)
            mutation operator group:   AOR
            mutation operator:         +(int,int) |==> %(int,int)
            original:                  numA * 10 + (c - 48) 
            mutant:                    numA * 10 % (c - 48)
[05/24 20:47:10] [INFO   ] org.mutationtesting.major.mutation.Mutator.nextMutant:
    Creating mutant 17
[05/24 20:47:10] [INFO   ] org.mutationtesting.major.mutation.Mutator.logMutant:
    Logging mutant 17: Solution.compareVersion(line 23, col 34)
            mutation operator group:   AOR
            mutation operator:         +(int,int) |==> *(int,int)
            original:                  numA * 10 + (c - 48) 
            mutant:                    numA * 10 * (c - 48)
[05/24 20:47:10] [INFO   ] org.mutationtesting.major.mutation.Mutator.nextMutant:
    Creating mutant 18
[05/24 20:47:10] [INFO   ] org.mutationtesting.major.mutation.Mutator.logMutant:
    Logging mutant 18: Solution.compareVersion(line 23, col 34)
            mutation operator group:   AOR
            mutation operator:         +(int,int) |==> -(int,int)
            original:                  numA * 10 + (c - 48) 
            mutant:                    numA * 10 - (c - 48)
[05/24 20:47:10] [INFO   ] org.mutationtesting.major.mutation.Mutator.nextMutant:
    Creating mutant 19
[05/24 20:47:10] [INFO   ] org.mutationtesting.major.mutation.Mutator.logMutant:
    Logging mutant 19: Solution.compareVersion(line 23, col 34)
            mutation operator group:   AOR
            mutation operator:         +(int,int) |==> /(int,int)
            original:                  numA * 10 + (c - 48) 
            mutant:                    numA * 10 / (c - 48)
[05/24 20:47:10] [INFO   ] org.mutationtesting.major.mutation.Mutator.nextMutant:
    Creating mutant 20
[05/24 20:47:10] [INFO   ] org.mutationtesting.major.mutation.Mutator.logMutantSTD:
    Logging mutantSTD 20: (STD) numA = numA * 10 + (c - 48); -> <NO-OP>
[05/24 20:47:10] [INFO   ] org.mutationtesting.major.mutation.Mutator.nextMutant:
    Creating mutant 21
[05/24 20:47:10] [INFO   ] org.mutationtesting.major.mutation.Mutator.logMutant:
    Logging mutant 21: Solution.compareVersion(line 29, col 23)
            mutation operator group:   ROR
            mutation operator:         <(int,int) |==> !=(int,int)
            original:                  j < version2.length() 
            mutant:                    j != version2.length()
[05/24 20:47:10] [INFO   ] org.mutationtesting.major.mutation.Mutator.nextMutant:
    Creating mutant 22
[05/24 20:47:10] [INFO   ] org.mutationtesting.major.mutation.Mutator.logMutant:
    Logging mutant 22: Solution.compareVersion(line 29, col 23)
            mutation operator group:   ROR
            mutation operator:         <(int,int) |==> <=(int,int)
            original:                  j < version2.length() 
            mutant:                    j <= version2.length()
[05/24 20:47:10] [INFO   ] org.mutationtesting.major.mutation.Mutator.nextMutant:
    Creating mutant 23
[05/24 20:47:10] [INFO   ] org.mutationtesting.major.mutation.Mutator.logMutant:
    Logging mutant 23: Solution.compareVersion(line 29, col 23)
            mutation operator group:   ROR
            mutation operator:         <(int,int) |==> FALSE(int,int)
            original:                  j < version2.length() 
            mutant:                    false
[05/24 20:47:10] [INFO   ] org.mutationtesting.major.mutation.Mutator.nextMutant:
    Creating mutant 24
[05/24 20:47:10] [INFO   ] org.mutationtesting.major.mutation.Mutator.logMutant:
    Logging mutant 24: Solution.compareVersion(line 31, col 19)
            mutation operator group:   ROR
            mutation operator:         ==(int,int) |==> <=(int,int)
            original:                  c == '.' 
            mutant:                    c <= '.'
[05/24 20:47:10] [INFO   ] org.mutationtesting.major.mutation.Mutator.nextMutant:
    Creating mutant 25
[05/24 20:47:10] [INFO   ] org.mutationtesting.major.mutation.Mutator.logMutant:
    Logging mutant 25: Solution.compareVersion(line 31, col 19)
            mutation operator group:   ROR
            mutation operator:         ==(int,int) |==> >=(int,int)
            original:                  c == '.' 
            mutant:                    c >= '.'
[05/24 20:47:10] [INFO   ] org.mutationtesting.major.mutation.Mutator.nextMutant:
    Creating mutant 26
[05/24 20:47:10] [INFO   ] org.mutationtesting.major.mutation.Mutator.logMutant:
    Logging mutant 26: Solution.compareVersion(line 31, col 19)
            mutation operator group:   ROR
            mutation operator:         ==(int,int) |==> FALSE(int,int)
            original:                  c == '.' 
            mutant:                    false
[05/24 20:47:10] [INFO   ] org.mutationtesting.major.mutation.Mutator.nextMutant:
    Creating mutant 27
[05/24 20:47:10] [INFO   ] org.mutationtesting.major.mutation.Mutator.logMutantSTD:
    Logging mutantSTD 27: (STD) break; -> <NO-OP>
[05/24 20:47:10] [INFO   ] org.mutationtesting.major.mutation.Mutator.nextMutant:
    Creating mutant 28
[05/24 20:47:10] [INFO   ] org.mutationtesting.major.mutation.Mutator.logMutant:
    Logging mutant 28: Solution.compareVersion(line 34, col 29)
            mutation operator group:   AOR
            mutation operator:         *(int,int) |==> %(int,int)
            original:                  numB * 10 
            mutant:                    numB % 10
[05/24 20:47:10] [INFO   ] org.mutationtesting.major.mutation.Mutator.nextMutant:
    Creating mutant 29
[05/24 20:47:10] [INFO   ] org.mutationtesting.major.mutation.Mutator.logMutant:
    Logging mutant 29: Solution.compareVersion(line 34, col 29)
            mutation operator group:   AOR
            mutation operator:         *(int,int) |==> +(int,int)
            original:                  numB * 10 
            mutant:                    numB + 10
[05/24 20:47:10] [INFO   ] org.mutationtesting.major.mutation.Mutator.nextMutant:
    Creating mutant 30
[05/24 20:47:10] [INFO   ] org.mutationtesting.major.mutation.Mutator.logMutant:
    Logging mutant 30: Solution.compareVersion(line 34, col 29)
            mutation operator group:   AOR
            mutation operator:         *(int,int) |==> -(int,int)
            original:                  numB * 10 
            mutant:                    numB - 10
[05/24 20:47:10] [INFO   ] org.mutationtesting.major.mutation.Mutator.nextMutant:
    Creating mutant 31
[05/24 20:47:10] [INFO   ] org.mutationtesting.major.mutation.Mutator.logMutant:
    Logging mutant 31: Solution.compareVersion(line 34, col 29)
            mutation operator group:   AOR
            mutation operator:         *(int,int) |==> /(int,int)
            original:                  numB * 10 
            mutant:                    numB / 10
[05/24 20:47:10] [INFO   ] org.mutationtesting.major.mutation.Mutator.nextMutant:
    Creating mutant 32
[05/24 20:47:10] [INFO   ] org.mutationtesting.major.mutation.Mutator.logMutant:
    Logging mutant 32: Solution.compareVersion(line 34, col 39)
            mutation operator group:   AOR
            mutation operator:         -(int,int) |==> %(int,int)
            original:                  c - 48 
            mutant:                    c % 48
[05/24 20:47:10] [INFO   ] org.mutationtesting.major.mutation.Mutator.nextMutant:
    Creating mutant 33
[05/24 20:47:10] [INFO   ] org.mutationtesting.major.mutation.Mutator.logMutant:
    Logging mutant 33: Solution.compareVersion(line 34, col 39)
            mutation operator group:   AOR
            mutation operator:         -(int,int) |==> *(int,int)
            original:                  c - 48 
            mutant:                    c * 48
[05/24 20:47:10] [INFO   ] org.mutationtesting.major.mutation.Mutator.nextMutant:
    Creating mutant 34
[05/24 20:47:10] [INFO   ] org.mutationtesting.major.mutation.Mutator.logMutant:
    Logging mutant 34: Solution.compareVersion(line 34, col 39)
            mutation operator group:   AOR
            mutation operator:         -(int,int) |==> +(int,int)
            original:                  c - 48 
            mutant:                    c + 48
[05/24 20:47:10] [INFO   ] org.mutationtesting.major.mutation.Mutator.nextMutant:
    Creating mutant 35
[05/24 20:47:10] [INFO   ] org.mutationtesting.major.mutation.Mutator.logMutant:
    Logging mutant 35: Solution.compareVersion(line 34, col 39)
            mutation operator group:   AOR
            mutation operator:         -(int,int) |==> /(int,int)
            original:                  c - 48 
            mutant:                    c / 48
[05/24 20:47:10] [INFO   ] org.mutationtesting.major.mutation.Mutator.nextMutant:
    Creating mutant 36
[05/24 20:47:10] [INFO   ] org.mutationtesting.major.mutation.Mutator.logMutant:
    Logging mutant 36: Solution.compareVersion(line 34, col 34)
            mutation operator group:   AOR
            mutation operator:         +(int,int) |==> %(int,int)
            original:                  numB * 10 + (c - 48) 
            mutant:                    numB * 10 % (c - 48)
[05/24 20:47:10] [INFO   ] org.mutationtesting.major.mutation.Mutator.nextMutant:
    Creating mutant 37
[05/24 20:47:10] [INFO   ] org.mutationtesting.major.mutation.Mutator.logMutant:
    Logging mutant 37: Solution.compareVersion(line 34, col 34)
            mutation operator group:   AOR
            mutation operator:         +(int,int) |==> *(int,int)
            original:                  numB * 10 + (c - 48) 
            mutant:                    numB * 10 * (c - 48)
[05/24 20:47:10] [INFO   ] org.mutationtesting.major.mutation.Mutator.nextMutant:
    Creating mutant 38
[05/24 20:47:10] [INFO   ] org.mutationtesting.major.mutation.Mutator.logMutant:
    Logging mutant 38: Solution.compareVersion(line 34, col 34)
            mutation operator group:   AOR
            mutation operator:         +(int,int) |==> -(int,int)
            original:                  numB * 10 + (c - 48) 
            mutant:                    numB * 10 - (c - 48)
[05/24 20:47:10] [INFO   ] org.mutationtesting.major.mutation.Mutator.nextMutant:
    Creating mutant 39
[05/24 20:47:10] [INFO   ] org.mutationtesting.major.mutation.Mutator.logMutant:
    Logging mutant 39: Solution.compareVersion(line 34, col 34)
            mutation operator group:   AOR
            mutation operator:         +(int,int) |==> /(int,int)
            original:                  numB * 10 + (c - 48) 
            mutant:                    numB * 10 / (c - 48)
[05/24 20:47:10] [INFO   ] org.mutationtesting.major.mutation.Mutator.nextMutant:
    Creating mutant 40
[05/24 20:47:10] [INFO   ] org.mutationtesting.major.mutation.Mutator.logMutantSTD:
    Logging mutantSTD 40: (STD) numB = numB * 10 + (c - 48); -> <NO-OP>
[05/24 20:47:10] [INFO   ] org.mutationtesting.major.mutation.Mutator.nextMutant:
    Creating mutant 41
[05/24 20:47:10] [INFO   ] org.mutationtesting.major.mutation.Mutator.logMutant:
    Logging mutant 41: Solution.compareVersion(line 38, col 18)
            mutation operator group:   ROR
            mutation operator:         >(int,int) |==> !=(int,int)
            original:                  numA > numB 
            mutant:                    numA != numB
[05/24 20:47:10] [INFO   ] org.mutationtesting.major.mutation.Mutator.nextMutant:
    Creating mutant 42
[05/24 20:47:10] [INFO   ] org.mutationtesting.major.mutation.Mutator.logMutant:
    Logging mutant 42: Solution.compareVersion(line 38, col 18)
            mutation operator group:   ROR
            mutation operator:         >(int,int) |==> >=(int,int)
            original:                  numA > numB 
            mutant:                    numA >= numB
[05/24 20:47:10] [INFO   ] org.mutationtesting.major.mutation.Mutator.nextMutant:
    Creating mutant 43
[05/24 20:47:10] [INFO   ] org.mutationtesting.major.mutation.Mutator.logMutant:
    Logging mutant 43: Solution.compareVersion(line 38, col 18)
            mutation operator group:   ROR
            mutation operator:         >(int,int) |==> FALSE(int,int)
            original:                  numA > numB 
            mutant:                    false
[05/24 20:47:11] [INFO   ] org.mutationtesting.major.mutation.Mutator.nextMutant:
    Creating mutant 44
[05/24 20:47:11] [INFO   ] org.mutationtesting.major.mutation.Mutator.logMutant:
    Logging mutant 44: Solution.compareVersion(line 40, col 25)
            mutation operator group:   ROR
            mutation operator:         <(int,int) |==> !=(int,int)
            original:                  numA < numB 
            mutant:                    numA != numB
[05/24 20:47:11] [INFO   ] org.mutationtesting.major.mutation.Mutator.nextMutant:
    Creating mutant 45
[05/24 20:47:11] [INFO   ] org.mutationtesting.major.mutation.Mutator.logMutant:
    Logging mutant 45: Solution.compareVersion(line 40, col 25)
            mutation operator group:   ROR
            mutation operator:         <(int,int) |==> <=(int,int)
            original:                  numA < numB 
            mutant:                    numA <= numB
[05/24 20:47:11] [INFO   ] org.mutationtesting.major.mutation.Mutator.nextMutant:
    Creating mutant 46
[05/24 20:47:11] [INFO   ] org.mutationtesting.major.mutation.Mutator.logMutant:
    Logging mutant 46: Solution.compareVersion(line 40, col 25)
            mutation operator group:   ROR
            mutation operator:         <(int,int) |==> FALSE(int,int)
            original:                  numA < numB 
            mutant:                    false
[05/24 20:47:11] [INFO   ] org.mutationtesting.major.mutation.Mutator.nextMutant:
    Creating mutant 47
[05/24 20:47:11] [INFO   ] org.mutationtesting.major.mutation.Mutator.logMutant:
    Logging mutant 47: Solution.compareVersion(line 46, col 19)
            mutation operator group:   ROR
            mutation operator:         !=(int,int) |==> <(int,int)
            original:                  i != version1.length() 
            mutant:                    i < version1.length()
[05/24 20:47:11] [INFO   ] org.mutationtesting.major.mutation.Mutator.nextMutant:
    Creating mutant 48
[05/24 20:47:11] [INFO   ] org.mutationtesting.major.mutation.Mutator.logMutant:
    Logging mutant 48: Solution.compareVersion(line 46, col 19)
            mutation operator group:   ROR
            mutation operator:         !=(int,int) |==> >(int,int)
            original:                  i != version1.length() 
            mutant:                    i > version1.length()
[05/24 20:47:11] [INFO   ] org.mutationtesting.major.mutation.Mutator.nextMutant:
    Creating mutant 49
[05/24 20:47:11] [INFO   ] org.mutationtesting.major.mutation.Mutator.logMutant:
    Logging mutant 49: Solution.compareVersion(line 46, col 19)
            mutation operator group:   ROR
            mutation operator:         !=(int,int) |==> TRUE(int,int)
            original:                  i != version1.length() 
            mutant:                    true
[05/24 20:47:11] [INFO   ] org.mutationtesting.major.mutation.Mutator.nextMutant:
    Creating mutant 50
[05/24 20:47:11] [INFO   ] org.mutationtesting.major.mutation.Mutator.logMutant:
    Logging mutant 50: Solution.compareVersion(line 47, col 43)
            mutation operator group:   AOR
            mutation operator:         +(int,int) |==> %(int,int)
            original:                  i + 1 
            mutant:                    i % 1
[05/24 20:47:11] [INFO   ] org.mutationtesting.major.mutation.Mutator.nextMutant:
    Creating mutant 51
[05/24 20:47:11] [INFO   ] org.mutationtesting.major.mutation.Mutator.logMutant:
    Logging mutant 51: Solution.compareVersion(line 47, col 43)
            mutation operator group:   AOR
            mutation operator:         +(int,int) |==> *(int,int)
            original:                  i + 1 
            mutant:                    i * 1
[05/24 20:47:11] [INFO   ] org.mutationtesting.major.mutation.Mutator.nextMutant:
    Creating mutant 52
[05/24 20:47:11] [INFO   ] org.mutationtesting.major.mutation.Mutator.logMutant:
    Logging mutant 52: Solution.compareVersion(line 47, col 43)
            mutation operator group:   AOR
            mutation operator:         +(int,int) |==> -(int,int)
            original:                  i + 1 
            mutant:                    i - 1
[05/24 20:47:11] [INFO   ] org.mutationtesting.major.mutation.Mutator.nextMutant:
    Creating mutant 53
[05/24 20:47:11] [INFO   ] org.mutationtesting.major.mutation.Mutator.logMutant:
    Logging mutant 53: Solution.compareVersion(line 47, col 43)
            mutation operator group:   AOR
            mutation operator:         +(int,int) |==> /(int,int)
            original:                  i + 1 
            mutant:                    i / 1
[05/24 20:47:11] [INFO   ] org.mutationtesting.major.mutation.Mutator.nextMutant:
    Creating mutant 54
[05/24 20:47:11] [INFO   ] org.mutationtesting.major.mutation.Mutator.logMutantSTD:
    Logging mutantSTD 54: (STD) v1 = version1.substring(i + 1); -> <NO-OP>
[05/24 20:47:11] [INFO   ] org.mutationtesting.major.mutation.Mutator.nextMutant:
    Creating mutant 55
[05/24 20:47:11] [INFO   ] org.mutationtesting.major.mutation.Mutator.logMutant:
    Logging mutant 55: Solution.compareVersion(line 49, col 19)
            mutation operator group:   ROR
            mutation operator:         !=(int,int) |==> <(int,int)
            original:                  j != version2.length() 
            mutant:                    j < version2.length()
[05/24 20:47:11] [INFO   ] org.mutationtesting.major.mutation.Mutator.nextMutant:
    Creating mutant 56
[05/24 20:47:11] [INFO   ] org.mutationtesting.major.mutation.Mutator.logMutant:
    Logging mutant 56: Solution.compareVersion(line 49, col 19)
            mutation operator group:   ROR
            mutation operator:         !=(int,int) |==> >(int,int)
            original:                  j != version2.length() 
            mutant:                    j > version2.length()
[05/24 20:47:11] [INFO   ] org.mutationtesting.major.mutation.Mutator.nextMutant:
    Creating mutant 57
[05/24 20:47:11] [INFO   ] org.mutationtesting.major.mutation.Mutator.logMutant:
    Logging mutant 57: Solution.compareVersion(line 49, col 19)
            mutation operator group:   ROR
            mutation operator:         !=(int,int) |==> TRUE(int,int)
            original:                  j != version2.length() 
            mutant:                    true
[05/24 20:47:11] [INFO   ] org.mutationtesting.major.mutation.Mutator.nextMutant:
    Creating mutant 58
[05/24 20:47:11] [INFO   ] org.mutationtesting.major.mutation.Mutator.logMutant:
    Logging mutant 58: Solution.compareVersion(line 50, col 43)
            mutation operator group:   AOR
            mutation operator:         +(int,int) |==> %(int,int)
            original:                  j + 1 
            mutant:                    j % 1
[05/24 20:47:11] [INFO   ] org.mutationtesting.major.mutation.Mutator.nextMutant:
    Creating mutant 59
[05/24 20:47:11] [INFO   ] org.mutationtesting.major.mutation.Mutator.logMutant:
    Logging mutant 59: Solution.compareVersion(line 50, col 43)
            mutation operator group:   AOR
            mutation operator:         +(int,int) |==> *(int,int)
            original:                  j + 1 
            mutant:                    j * 1
[05/24 20:47:11] [INFO   ] org.mutationtesting.major.mutation.Mutator.nextMutant:
    Creating mutant 60
[05/24 20:47:11] [INFO   ] org.mutationtesting.major.mutation.Mutator.logMutant:
    Logging mutant 60: Solution.compareVersion(line 50, col 43)
            mutation operator group:   AOR
            mutation operator:         +(int,int) |==> -(int,int)
            original:                  j + 1 
            mutant:                    j - 1
[05/24 20:47:11] [INFO   ] org.mutationtesting.major.mutation.Mutator.nextMutant:
    Creating mutant 61
[05/24 20:47:11] [INFO   ] org.mutationtesting.major.mutation.Mutator.logMutant:
    Logging mutant 61: Solution.compareVersion(line 50, col 43)
            mutation operator group:   AOR
            mutation operator:         +(int,int) |==> /(int,int)
            original:                  j + 1 
            mutant:                    j / 1
[05/24 20:47:11] [INFO   ] org.mutationtesting.major.mutation.Mutator.nextMutant:
    Creating mutant 62
[05/24 20:47:11] [INFO   ] org.mutationtesting.major.mutation.Mutator.logMutantSTD:
    Logging mutantSTD 62: (STD) v2 = version2.substring(j + 1); -> <NO-OP>
[05/24 20:47:11] [INFO   ] org.mutationtesting.major.mutation.Mutator.nextMutant:
    Creating mutant 63
[05/24 20:47:11] [INFO   ] org.mutationtesting.major.mutation.Mutator.logMutant:
    Logging mutant 63: Solution.compareVersion(line 53, col 31)
            mutation operator group:   COR
            mutation operator:         &&(boolean,boolean) |==> ==(boolean,boolean)
            original:                  v1.equals("") && v2.equals("") 
            mutant:                    v1.equals("") == v2.equals("")
[05/24 20:47:11] [INFO   ] org.mutationtesting.major.mutation.Mutator.nextMutant:
    Creating mutant 64
[05/24 20:47:11] [INFO   ] org.mutationtesting.major.mutation.Mutator.logMutant:
    Logging mutant 64: Solution.compareVersion(line 53, col 31)
            mutation operator group:   COR
            mutation operator:         &&(boolean,boolean) |==> FALSE(boolean,boolean)
            original:                  v1.equals("") && v2.equals("") 
            mutant:                    false
[05/24 20:47:11] [INFO   ] org.mutationtesting.major.mutation.Mutator.nextMutant:
    Creating mutant 65
[05/24 20:47:11] [INFO   ] org.mutationtesting.major.mutation.Mutator.logMutant:
    Logging mutant 65: Solution.compareVersion(line 53, col 26)
            mutation operator group:   COR
            mutation operator:         &&(boolean,boolean) |==> LHS(boolean,boolean)
            original:                  v1.equals("") && v2.equals("") 
            mutant:                    v1.equals("")
[05/24 20:47:11] [INFO   ] org.mutationtesting.major.mutation.Mutator.nextMutant:
    Creating mutant 66
[05/24 20:47:11] [INFO   ] org.mutationtesting.major.mutation.Mutator.logMutant:
    Logging mutant 66: Solution.compareVersion(line 53, col 43)
            mutation operator group:   COR
            mutation operator:         &&(boolean,boolean) |==> RHS(boolean,boolean)
            original:                  v1.equals("") && v2.equals("") 
            mutant:                    v2.equals("")
[05/24 20:47:11] [INFO   ] org.mutationtesting.major.plugin.MajorPluginTaskListener.mutate:
    Generated 66 mutants (228 ms)
