1:ROR:==(int,int):<=(int,int):g0001_0100.s0063_unique_paths_ii.Solution@uniquePathsWithObstacles(int[][]):18:obstacleGrid[0][0] == 1 |==> obstacleGrid[0][0] <= 1
2:ROR:==(int,int):>=(int,int):g0001_0100.s0063_unique_paths_ii.Solution@uniquePathsWithObstacles(int[][]):18:obstacleGrid[0][0] == 1 |==> obstacleGrid[0][0] >= 1
3:ROR:==(int,int):FALSE(int,int):g0001_0100.s0063_unique_paths_ii.Solution@uniquePathsWithObstacles(int[][]):18:obstacleGrid[0][0] == 1 |==> false
4:STD:<RETURN>:<NO-OP>:g0001_0100.s0063_unique_paths_ii.Solution@uniquePathsWithObstacles(int[][]):19:return 0; |==> <NO-OP>
5:STD:<ASSIGN>:<NO-OP>:g0001_0100.s0063_unique_paths_ii.Solution@uniquePathsWithObstacles(int[][]):21:obstacleGrid[0][0] = 1; |==> <NO-OP>
6:ROR:<(int,int):!=(int,int):g0001_0100.s0063_unique_paths_ii.Solution@uniquePathsWithObstacles(int[][]):24:i < m |==> i != m
7:ROR:<(int,int):<=(int,int):g0001_0100.s0063_unique_paths_ii.Solution@uniquePathsWithObstacles(int[][]):24:i < m |==> i <= m
8:ROR:<(int,int):FALSE(int,int):g0001_0100.s0063_unique_paths_ii.Solution@uniquePathsWithObstacles(int[][]):24:i < m |==> false
9:ROR:==(int,int):<=(int,int):g0001_0100.s0063_unique_paths_ii.Solution@uniquePathsWithObstacles(int[][]):25:obstacleGrid[i][0] == 1 |==> obstacleGrid[i][0] <= 1
10:ROR:==(int,int):>=(int,int):g0001_0100.s0063_unique_paths_ii.Solution@uniquePathsWithObstacles(int[][]):25:obstacleGrid[i][0] == 1 |==> obstacleGrid[i][0] >= 1
11:ROR:==(int,int):FALSE(int,int):g0001_0100.s0063_unique_paths_ii.Solution@uniquePathsWithObstacles(int[][]):25:obstacleGrid[i][0] == 1 |==> false
12:STD:<ASSIGN>:<NO-OP>:g0001_0100.s0063_unique_paths_ii.Solution@uniquePathsWithObstacles(int[][]):26:obstacleGrid[i][0] = 0; |==> <NO-OP>
13:AOR:-(int,int):%(int,int):g0001_0100.s0063_unique_paths_ii.Solution@uniquePathsWithObstacles(int[][]):28:i - 1 |==> i % 1
14:AOR:-(int,int):*(int,int):g0001_0100.s0063_unique_paths_ii.Solution@uniquePathsWithObstacles(int[][]):28:i - 1 |==> i * 1
15:AOR:-(int,int):+(int,int):g0001_0100.s0063_unique_paths_ii.Solution@uniquePathsWithObstacles(int[][]):28:i - 1 |==> i + 1
16:AOR:-(int,int):/(int,int):g0001_0100.s0063_unique_paths_ii.Solution@uniquePathsWithObstacles(int[][]):28:i - 1 |==> i / 1
17:STD:<ASSIGN>:<NO-OP>:g0001_0100.s0063_unique_paths_ii.Solution@uniquePathsWithObstacles(int[][]):28:obstacleGrid[i][0] = obstacleGrid[i - 1][0]; |==> <NO-OP>
18:ROR:<(int,int):!=(int,int):g0001_0100.s0063_unique_paths_ii.Solution@uniquePathsWithObstacles(int[][]):31:j < n |==> j != n
19:ROR:<(int,int):<=(int,int):g0001_0100.s0063_unique_paths_ii.Solution@uniquePathsWithObstacles(int[][]):31:j < n |==> j <= n
20:ROR:<(int,int):FALSE(int,int):g0001_0100.s0063_unique_paths_ii.Solution@uniquePathsWithObstacles(int[][]):31:j < n |==> false
21:ROR:==(int,int):<=(int,int):g0001_0100.s0063_unique_paths_ii.Solution@uniquePathsWithObstacles(int[][]):32:obstacleGrid[0][j] == 1 |==> obstacleGrid[0][j] <= 1
22:ROR:==(int,int):>=(int,int):g0001_0100.s0063_unique_paths_ii.Solution@uniquePathsWithObstacles(int[][]):32:obstacleGrid[0][j] == 1 |==> obstacleGrid[0][j] >= 1
23:ROR:==(int,int):FALSE(int,int):g0001_0100.s0063_unique_paths_ii.Solution@uniquePathsWithObstacles(int[][]):32:obstacleGrid[0][j] == 1 |==> false
24:STD:<ASSIGN>:<NO-OP>:g0001_0100.s0063_unique_paths_ii.Solution@uniquePathsWithObstacles(int[][]):33:obstacleGrid[0][j] = 0; |==> <NO-OP>
25:AOR:-(int,int):%(int,int):g0001_0100.s0063_unique_paths_ii.Solution@uniquePathsWithObstacles(int[][]):35:j - 1 |==> j % 1
26:AOR:-(int,int):*(int,int):g0001_0100.s0063_unique_paths_ii.Solution@uniquePathsWithObstacles(int[][]):35:j - 1 |==> j * 1
27:AOR:-(int,int):+(int,int):g0001_0100.s0063_unique_paths_ii.Solution@uniquePathsWithObstacles(int[][]):35:j - 1 |==> j + 1
28:AOR:-(int,int):/(int,int):g0001_0100.s0063_unique_paths_ii.Solution@uniquePathsWithObstacles(int[][]):35:j - 1 |==> j / 1
29:STD:<ASSIGN>:<NO-OP>:g0001_0100.s0063_unique_paths_ii.Solution@uniquePathsWithObstacles(int[][]):35:obstacleGrid[0][j] = obstacleGrid[0][j - 1]; |==> <NO-OP>
30:ROR:<(int,int):!=(int,int):g0001_0100.s0063_unique_paths_ii.Solution@uniquePathsWithObstacles(int[][]):38:i < m |==> i != m
31:ROR:<(int,int):<=(int,int):g0001_0100.s0063_unique_paths_ii.Solution@uniquePathsWithObstacles(int[][]):38:i < m |==> i <= m
32:ROR:<(int,int):FALSE(int,int):g0001_0100.s0063_unique_paths_ii.Solution@uniquePathsWithObstacles(int[][]):38:i < m |==> false
33:ROR:<(int,int):!=(int,int):g0001_0100.s0063_unique_paths_ii.Solution@uniquePathsWithObstacles(int[][]):39:j < n |==> j != n
34:ROR:<(int,int):<=(int,int):g0001_0100.s0063_unique_paths_ii.Solution@uniquePathsWithObstacles(int[][]):39:j < n |==> j <= n
35:ROR:<(int,int):FALSE(int,int):g0001_0100.s0063_unique_paths_ii.Solution@uniquePathsWithObstacles(int[][]):39:j < n |==> false
36:ROR:==(int,int):<=(int,int):g0001_0100.s0063_unique_paths_ii.Solution@uniquePathsWithObstacles(int[][]):40:obstacleGrid[i][j] == 1 |==> obstacleGrid[i][j] <= 1
37:ROR:==(int,int):>=(int,int):g0001_0100.s0063_unique_paths_ii.Solution@uniquePathsWithObstacles(int[][]):40:obstacleGrid[i][j] == 1 |==> obstacleGrid[i][j] >= 1
38:ROR:==(int,int):FALSE(int,int):g0001_0100.s0063_unique_paths_ii.Solution@uniquePathsWithObstacles(int[][]):40:obstacleGrid[i][j] == 1 |==> false
39:STD:<ASSIGN>:<NO-OP>:g0001_0100.s0063_unique_paths_ii.Solution@uniquePathsWithObstacles(int[][]):41:obstacleGrid[i][j] = 0; |==> <NO-OP>
40:AOR:-(int,int):%(int,int):g0001_0100.s0063_unique_paths_ii.Solution@uniquePathsWithObstacles(int[][]):43:i - 1 |==> i % 1
41:AOR:-(int,int):*(int,int):g0001_0100.s0063_unique_paths_ii.Solution@uniquePathsWithObstacles(int[][]):43:i - 1 |==> i * 1
42:AOR:-(int,int):+(int,int):g0001_0100.s0063_unique_paths_ii.Solution@uniquePathsWithObstacles(int[][]):43:i - 1 |==> i + 1
43:AOR:-(int,int):/(int,int):g0001_0100.s0063_unique_paths_ii.Solution@uniquePathsWithObstacles(int[][]):43:i - 1 |==> i / 1
44:AOR:-(int,int):%(int,int):g0001_0100.s0063_unique_paths_ii.Solution@uniquePathsWithObstacles(int[][]):43:j - 1 |==> j % 1
45:AOR:-(int,int):*(int,int):g0001_0100.s0063_unique_paths_ii.Solution@uniquePathsWithObstacles(int[][]):43:j - 1 |==> j * 1
46:AOR:-(int,int):+(int,int):g0001_0100.s0063_unique_paths_ii.Solution@uniquePathsWithObstacles(int[][]):43:j - 1 |==> j + 1
47:AOR:-(int,int):/(int,int):g0001_0100.s0063_unique_paths_ii.Solution@uniquePathsWithObstacles(int[][]):43:j - 1 |==> j / 1
48:AOR:+(int,int):%(int,int):g0001_0100.s0063_unique_paths_ii.Solution@uniquePathsWithObstacles(int[][]):43:obstacleGrid[i - 1][j] + obstacleGrid[i][j - 1] |==> obstacleGrid[i - 1][j] % obstacleGrid[i][j - 1]
49:AOR:+(int,int):*(int,int):g0001_0100.s0063_unique_paths_ii.Solution@uniquePathsWithObstacles(int[][]):43:obstacleGrid[i - 1][j] + obstacleGrid[i][j - 1] |==> obstacleGrid[i - 1][j] * obstacleGrid[i][j - 1]
50:AOR:+(int,int):-(int,int):g0001_0100.s0063_unique_paths_ii.Solution@uniquePathsWithObstacles(int[][]):43:obstacleGrid[i - 1][j] + obstacleGrid[i][j - 1] |==> obstacleGrid[i - 1][j] - obstacleGrid[i][j - 1]
51:AOR:+(int,int):/(int,int):g0001_0100.s0063_unique_paths_ii.Solution@uniquePathsWithObstacles(int[][]):43:obstacleGrid[i - 1][j] + obstacleGrid[i][j - 1] |==> obstacleGrid[i - 1][j] / obstacleGrid[i][j - 1]
52:STD:<ASSIGN>:<NO-OP>:g0001_0100.s0063_unique_paths_ii.Solution@uniquePathsWithObstacles(int[][]):43:obstacleGrid[i][j] = obstacleGrid[i - 1][j] + obstacleGrid[i][j - 1]; |==> <NO-OP>
53:AOR:-(int,int):%(int,int):g0001_0100.s0063_unique_paths_ii.Solution@uniquePathsWithObstacles(int[][]):47:m - 1 |==> m % 1
54:AOR:-(int,int):*(int,int):g0001_0100.s0063_unique_paths_ii.Solution@uniquePathsWithObstacles(int[][]):47:m - 1 |==> m * 1
55:AOR:-(int,int):+(int,int):g0001_0100.s0063_unique_paths_ii.Solution@uniquePathsWithObstacles(int[][]):47:m - 1 |==> m + 1
56:AOR:-(int,int):/(int,int):g0001_0100.s0063_unique_paths_ii.Solution@uniquePathsWithObstacles(int[][]):47:m - 1 |==> m / 1
57:AOR:-(int,int):%(int,int):g0001_0100.s0063_unique_paths_ii.Solution@uniquePathsWithObstacles(int[][]):47:n - 1 |==> n % 1
58:AOR:-(int,int):*(int,int):g0001_0100.s0063_unique_paths_ii.Solution@uniquePathsWithObstacles(int[][]):47:n - 1 |==> n * 1
59:AOR:-(int,int):+(int,int):g0001_0100.s0063_unique_paths_ii.Solution@uniquePathsWithObstacles(int[][]):47:n - 1 |==> n + 1
60:AOR:-(int,int):/(int,int):g0001_0100.s0063_unique_paths_ii.Solution@uniquePathsWithObstacles(int[][]):47:n - 1 |==> n / 1
