[05/24 20:47:24] [INFO   ] org.mutationtesting.major.plugin.MajorPluginTaskListener.<init>:
    Created MajorPluginTaskListener with options: [mml:../../major/mml/all.mml.bin]
[05/24 20:47:24] [INFO   ] org.mutationtesting.major.mutation.Mutator.initOperatorSymbols:
    Initializing operator symbols for opcode mapping
[05/24 20:47:24] [INFO   ] org.mutationtesting.major.mutation.Mutator.mutateTree:
    Mutating tree: Env[AttrContext[Scope[super, this]],outer=Env[AttrContext[Scope[g0201_0300.s0292_nim_game.Solution]]]]
[05/24 20:47:24] [INFO   ] org.mutationtesting.major.mutation.Mutator.visitClassDef:
    CLASS: g0201_0300.s0292_nim_game.Solution
[05/24 20:47:24] [INFO   ] org.mutationtesting.major.mutation.Mutator.visitMethodDef:
    METHOD: <init>([])null
[05/24 20:47:24] [INFO   ] org.mutationtesting.major.mutation.Mutator.visitMethodDef:
    METHOD: canWinNim([int n])boolean
[05/24 20:47:24] [INFO   ] org.mutationtesting.major.mutation.Mutator.nextMutant:
    Creating mutant 1
[05/24 20:47:24] [INFO   ] org.mutationtesting.major.mutation.Mutator.logMutant:
    Logging mutant 1: Solution.canWinNim(line 10, col 18)
            mutation operator group:   AOR
            mutation operator:         %(int,int) |==> *(int,int)
            original:                  n % 4 
            mutant:                    n * 4
[05/24 20:47:24] [INFO   ] org.mutationtesting.major.mutation.Mutator.nextMutant:
    Creating mutant 2
[05/24 20:47:24] [INFO   ] org.mutationtesting.major.mutation.Mutator.logMutant:
    Logging mutant 2: Solution.canWinNim(line 10, col 18)
            mutation operator group:   AOR
            mutation operator:         %(int,int) |==> +(int,int)
            original:                  n % 4 
            mutant:                    n + 4
[05/24 20:47:24] [INFO   ] org.mutationtesting.major.mutation.Mutator.nextMutant:
    Creating mutant 3
[05/24 20:47:24] [INFO   ] org.mutationtesting.major.mutation.Mutator.logMutant:
    Logging mutant 3: Solution.canWinNim(line 10, col 18)
            mutation operator group:   AOR
            mutation operator:         %(int,int) |==> -(int,int)
            original:                  n % 4 
            mutant:                    n - 4
[05/24 20:47:24] [INFO   ] org.mutationtesting.major.mutation.Mutator.nextMutant:
    Creating mutant 4
[05/24 20:47:24] [INFO   ] org.mutationtesting.major.mutation.Mutator.logMutant:
    Logging mutant 4: Solution.canWinNim(line 10, col 18)
            mutation operator group:   AOR
            mutation operator:         %(int,int) |==> /(int,int)
            original:                  n % 4 
            mutant:                    n / 4
[05/24 20:47:24] [INFO   ] org.mutationtesting.major.mutation.Mutator.nextMutant:
    Creating mutant 5
[05/24 20:47:24] [INFO   ] org.mutationtesting.major.mutation.Mutator.logMutant:
    Logging mutant 5: Solution.canWinNim(line 10, col 22)
            mutation operator group:   ROR
            mutation operator:         !=(int,int) |==> <(int,int)
            original:                  n % 4 != 0 
            mutant:                    n % 4 < 0
[05/24 20:47:24] [INFO   ] org.mutationtesting.major.mutation.Mutator.nextMutant:
    Creating mutant 6
[05/24 20:47:24] [INFO   ] org.mutationtesting.major.mutation.Mutator.logMutant:
    Logging mutant 6: Solution.canWinNim(line 10, col 22)
            mutation operator group:   ROR
            mutation operator:         !=(int,int) |==> >(int,int)
            original:                  n % 4 != 0 
            mutant:                    n % 4 > 0
[05/24 20:47:24] [INFO   ] org.mutationtesting.major.mutation.Mutator.nextMutant:
    Creating mutant 7
[05/24 20:47:24] [INFO   ] org.mutationtesting.major.mutation.Mutator.logMutant:
    Logging mutant 7: Solution.canWinNim(line 10, col 22)
            mutation operator group:   ROR
            mutation operator:         !=(int,int) |==> TRUE(int,int)
            original:                  n % 4 != 0 
            mutant:                    true
[05/24 20:47:24] [INFO   ] org.mutationtesting.major.plugin.MajorPluginTaskListener.mutate:
    Generated 7 mutants (29 ms)
