1:ROR:<(int,int):!=(int,int):g0001_0100.s0062_unique_paths.Solution@uniquePaths(int,int):18:i < m |==> i != m
2:ROR:<(int,int):<=(int,int):g0001_0100.s0062_unique_paths.Solution@uniquePaths(int,int):18:i < m |==> i <= m
3:ROR:<(int,int):FALSE(int,int):g0001_0100.s0062_unique_paths.Solution@uniquePaths(int,int):18:i < m |==> false
4:STD:<ASSIGN>:<NO-OP>:g0001_0100.s0062_unique_paths.Solution@uniquePaths(int,int):19:dp[i][0] = 1; |==> <NO-OP>
5:ROR:<(int,int):!=(int,int):g0001_0100.s0062_unique_paths.Solution@uniquePaths(int,int):21:j < n |==> j != n
6:ROR:<(int,int):<=(int,int):g0001_0100.s0062_unique_paths.Solution@uniquePaths(int,int):21:j < n |==> j <= n
7:ROR:<(int,int):FALSE(int,int):g0001_0100.s0062_unique_paths.Solution@uniquePaths(int,int):21:j < n |==> false
8:STD:<ASSIGN>:<NO-OP>:g0001_0100.s0062_unique_paths.Solution@uniquePaths(int,int):22:dp[0][j] = 1; |==> <NO-OP>
9:ROR:<(int,int):!=(int,int):g0001_0100.s0062_unique_paths.Solution@uniquePaths(int,int):24:i < m |==> i != m
10:ROR:<(int,int):<=(int,int):g0001_0100.s0062_unique_paths.Solution@uniquePaths(int,int):24:i < m |==> i <= m
11:ROR:<(int,int):FALSE(int,int):g0001_0100.s0062_unique_paths.Solution@uniquePaths(int,int):24:i < m |==> false
12:ROR:<(int,int):!=(int,int):g0001_0100.s0062_unique_paths.Solution@uniquePaths(int,int):25:j < n |==> j != n
13:ROR:<(int,int):<=(int,int):g0001_0100.s0062_unique_paths.Solution@uniquePaths(int,int):25:j < n |==> j <= n
14:ROR:<(int,int):FALSE(int,int):g0001_0100.s0062_unique_paths.Solution@uniquePaths(int,int):25:j < n |==> false
15:AOR:-(int,int):%(int,int):g0001_0100.s0062_unique_paths.Solution@uniquePaths(int,int):26:i - 1 |==> i % 1
16:AOR:-(int,int):*(int,int):g0001_0100.s0062_unique_paths.Solution@uniquePaths(int,int):26:i - 1 |==> i * 1
17:AOR:-(int,int):+(int,int):g0001_0100.s0062_unique_paths.Solution@uniquePaths(int,int):26:i - 1 |==> i + 1
18:AOR:-(int,int):/(int,int):g0001_0100.s0062_unique_paths.Solution@uniquePaths(int,int):26:i - 1 |==> i / 1
19:AOR:-(int,int):%(int,int):g0001_0100.s0062_unique_paths.Solution@uniquePaths(int,int):26:j - 1 |==> j % 1
20:AOR:-(int,int):*(int,int):g0001_0100.s0062_unique_paths.Solution@uniquePaths(int,int):26:j - 1 |==> j * 1
21:AOR:-(int,int):+(int,int):g0001_0100.s0062_unique_paths.Solution@uniquePaths(int,int):26:j - 1 |==> j + 1
22:AOR:-(int,int):/(int,int):g0001_0100.s0062_unique_paths.Solution@uniquePaths(int,int):26:j - 1 |==> j / 1
23:AOR:+(int,int):%(int,int):g0001_0100.s0062_unique_paths.Solution@uniquePaths(int,int):26:dp[i - 1][j] + dp[i][j - 1] |==> dp[i - 1][j] % dp[i][j - 1]
24:AOR:+(int,int):*(int,int):g0001_0100.s0062_unique_paths.Solution@uniquePaths(int,int):26:dp[i - 1][j] + dp[i][j - 1] |==> dp[i - 1][j] * dp[i][j - 1]
25:AOR:+(int,int):-(int,int):g0001_0100.s0062_unique_paths.Solution@uniquePaths(int,int):26:dp[i - 1][j] + dp[i][j - 1] |==> dp[i - 1][j] - dp[i][j - 1]
26:AOR:+(int,int):/(int,int):g0001_0100.s0062_unique_paths.Solution@uniquePaths(int,int):26:dp[i - 1][j] + dp[i][j - 1] |==> dp[i - 1][j] / dp[i][j - 1]
27:STD:<ASSIGN>:<NO-OP>:g0001_0100.s0062_unique_paths.Solution@uniquePaths(int,int):26:dp[i][j] = dp[i - 1][j] + dp[i][j - 1]; |==> <NO-OP>
28:AOR:-(int,int):%(int,int):g0001_0100.s0062_unique_paths.Solution@uniquePaths(int,int):29:m - 1 |==> m % 1
29:AOR:-(int,int):*(int,int):g0001_0100.s0062_unique_paths.Solution@uniquePaths(int,int):29:m - 1 |==> m * 1
30:AOR:-(int,int):+(int,int):g0001_0100.s0062_unique_paths.Solution@uniquePaths(int,int):29:m - 1 |==> m + 1
31:AOR:-(int,int):/(int,int):g0001_0100.s0062_unique_paths.Solution@uniquePaths(int,int):29:m - 1 |==> m / 1
32:AOR:-(int,int):%(int,int):g0001_0100.s0062_unique_paths.Solution@uniquePaths(int,int):29:n - 1 |==> n % 1
33:AOR:-(int,int):*(int,int):g0001_0100.s0062_unique_paths.Solution@uniquePaths(int,int):29:n - 1 |==> n * 1
34:AOR:-(int,int):+(int,int):g0001_0100.s0062_unique_paths.Solution@uniquePaths(int,int):29:n - 1 |==> n + 1
35:AOR:-(int,int):/(int,int):g0001_0100.s0062_unique_paths.Solution@uniquePaths(int,int):29:n - 1 |==> n / 1
