1:ROR:==(int,int):<=(int,int):g0001_0100.s0079_word_search.Solution@backtrace(char[][],boolean[][],java.lang.String,int,int,int):10:index == word.length() |==> index <= word.length()
2:ROR:==(int,int):>=(int,int):g0001_0100.s0079_word_search.Solution@backtrace(char[][],boolean[][],java.lang.String,int,int,int):10:index == word.length() |==> index >= word.length()
3:ROR:==(int,int):FALSE(int,int):g0001_0100.s0079_word_search.Solution@backtrace(char[][],boolean[][],java.lang.String,int,int,int):10:index == word.length() |==> false
4:STD:<RETURN>:<NO-OP>:g0001_0100.s0079_word_search.Solution@backtrace(char[][],boolean[][],java.lang.String,int,int,int):11:return true; |==> <NO-OP>
5:ROR:<(int,int):!=(int,int):g0001_0100.s0079_word_search.Solution@backtrace(char[][],boolean[][],java.lang.String,int,int,int):13:x < 0 |==> x != 0
6:ROR:<(int,int):<=(int,int):g0001_0100.s0079_word_search.Solution@backtrace(char[][],boolean[][],java.lang.String,int,int,int):13:x < 0 |==> x <= 0
7:ROR:<(int,int):FALSE(int,int):g0001_0100.s0079_word_search.Solution@backtrace(char[][],boolean[][],java.lang.String,int,int,int):13:x < 0 |==> false
8:ROR:>=(int,int):==(int,int):g0001_0100.s0079_word_search.Solution@backtrace(char[][],boolean[][],java.lang.String,int,int,int):13:x >= board.length |==> x == board.length
9:ROR:>=(int,int):>(int,int):g0001_0100.s0079_word_search.Solution@backtrace(char[][],boolean[][],java.lang.String,int,int,int):13:x >= board.length |==> x > board.length
10:ROR:>=(int,int):TRUE(int,int):g0001_0100.s0079_word_search.Solution@backtrace(char[][],boolean[][],java.lang.String,int,int,int):13:x >= board.length |==> true
11:COR:||(boolean,boolean):!=(boolean,boolean):g0001_0100.s0079_word_search.Solution@backtrace(char[][],boolean[][],java.lang.String,int,int,int):13:x < 0 || x >= board.length |==> x < 0 != x >= board.length
12:COR:||(boolean,boolean):LHS(boolean,boolean):g0001_0100.s0079_word_search.Solution@backtrace(char[][],boolean[][],java.lang.String,int,int,int):13:x < 0 || x >= board.length |==> x < 0
13:COR:||(boolean,boolean):RHS(boolean,boolean):g0001_0100.s0079_word_search.Solution@backtrace(char[][],boolean[][],java.lang.String,int,int,int):13:x < 0 || x >= board.length |==> x >= board.length
14:COR:||(boolean,boolean):TRUE(boolean,boolean):g0001_0100.s0079_word_search.Solution@backtrace(char[][],boolean[][],java.lang.String,int,int,int):13:x < 0 || x >= board.length |==> true
15:ROR:<(int,int):!=(int,int):g0001_0100.s0079_word_search.Solution@backtrace(char[][],boolean[][],java.lang.String,int,int,int):13:y < 0 |==> y != 0
16:ROR:<(int,int):<=(int,int):g0001_0100.s0079_word_search.Solution@backtrace(char[][],boolean[][],java.lang.String,int,int,int):13:y < 0 |==> y <= 0
17:ROR:<(int,int):FALSE(int,int):g0001_0100.s0079_word_search.Solution@backtrace(char[][],boolean[][],java.lang.String,int,int,int):13:y < 0 |==> false
18:COR:||(boolean,boolean):!=(boolean,boolean):g0001_0100.s0079_word_search.Solution@backtrace(char[][],boolean[][],java.lang.String,int,int,int):13:x < 0 || x >= board.length || y < 0 |==> (x < 0 || x >= board.length) != y < 0
19:COR:||(boolean,boolean):LHS(boolean,boolean):g0001_0100.s0079_word_search.Solution@backtrace(char[][],boolean[][],java.lang.String,int,int,int):13:x < 0 || x >= board.length || y < 0 |==> x < 0 || x >= board.length
20:COR:||(boolean,boolean):RHS(boolean,boolean):g0001_0100.s0079_word_search.Solution@backtrace(char[][],boolean[][],java.lang.String,int,int,int):13:x < 0 || x >= board.length || y < 0 |==> y < 0
21:COR:||(boolean,boolean):TRUE(boolean,boolean):g0001_0100.s0079_word_search.Solution@backtrace(char[][],boolean[][],java.lang.String,int,int,int):13:x < 0 || x >= board.length || y < 0 |==> true
22:ROR:>=(int,int):==(int,int):g0001_0100.s0079_word_search.Solution@backtrace(char[][],boolean[][],java.lang.String,int,int,int):13:y >= board[0].length |==> y == board[0].length
23:ROR:>=(int,int):>(int,int):g0001_0100.s0079_word_search.Solution@backtrace(char[][],boolean[][],java.lang.String,int,int,int):13:y >= board[0].length |==> y > board[0].length
24:ROR:>=(int,int):TRUE(int,int):g0001_0100.s0079_word_search.Solution@backtrace(char[][],boolean[][],java.lang.String,int,int,int):13:y >= board[0].length |==> true
25:COR:||(boolean,boolean):!=(boolean,boolean):g0001_0100.s0079_word_search.Solution@backtrace(char[][],boolean[][],java.lang.String,int,int,int):13:x < 0 || x >= board.length || y < 0 || y >= board[0].length |==> (x < 0 || x >= board.length || y < 0) != y >= board[0].length
26:COR:||(boolean,boolean):LHS(boolean,boolean):g0001_0100.s0079_word_search.Solution@backtrace(char[][],boolean[][],java.lang.String,int,int,int):13:x < 0 || x >= board.length || y < 0 || y >= board[0].length |==> x < 0 || x >= board.length || y < 0
27:COR:||(boolean,boolean):RHS(boolean,boolean):g0001_0100.s0079_word_search.Solution@backtrace(char[][],boolean[][],java.lang.String,int,int,int):13:x < 0 || x >= board.length || y < 0 || y >= board[0].length |==> y >= board[0].length
28:COR:||(boolean,boolean):TRUE(boolean,boolean):g0001_0100.s0079_word_search.Solution@backtrace(char[][],boolean[][],java.lang.String,int,int,int):13:x < 0 || x >= board.length || y < 0 || y >= board[0].length |==> true
29:COR:||(boolean,boolean):!=(boolean,boolean):g0001_0100.s0079_word_search.Solution@backtrace(char[][],boolean[][],java.lang.String,int,int,int):13:x < 0 || x >= board.length || y < 0 || y >= board[0].length || visited[x][y] |==> (x < 0 || x >= board.length || y < 0 || y >= board[0].length) != visited[x][y]
30:COR:||(boolean,boolean):LHS(boolean,boolean):g0001_0100.s0079_word_search.Solution@backtrace(char[][],boolean[][],java.lang.String,int,int,int):13:x < 0 || x >= board.length || y < 0 || y >= board[0].length || visited[x][y] |==> x < 0 || x >= board.length || y < 0 || y >= board[0].length
31:COR:||(boolean,boolean):RHS(boolean,boolean):g0001_0100.s0079_word_search.Solution@backtrace(char[][],boolean[][],java.lang.String,int,int,int):13:x < 0 || x >= board.length || y < 0 || y >= board[0].length || visited[x][y] |==> visited[x][y]
32:COR:||(boolean,boolean):TRUE(boolean,boolean):g0001_0100.s0079_word_search.Solution@backtrace(char[][],boolean[][],java.lang.String,int,int,int):13:x < 0 || x >= board.length || y < 0 || y >= board[0].length || visited[x][y] |==> true
33:STD:<RETURN>:<NO-OP>:g0001_0100.s0079_word_search.Solution@backtrace(char[][],boolean[][],java.lang.String,int,int,int):14:return false; |==> <NO-OP>
34:STD:<ASSIGN>:<NO-OP>:g0001_0100.s0079_word_search.Solution@backtrace(char[][],boolean[][],java.lang.String,int,int,int):16:visited[x][y] = true; |==> <NO-OP>
35:ROR:==(int,int):<=(int,int):g0001_0100.s0079_word_search.Solution@backtrace(char[][],boolean[][],java.lang.String,int,int,int):17:word.charAt(index) == board[x][y] |==> word.charAt(index) <= board[x][y]
36:ROR:==(int,int):>=(int,int):g0001_0100.s0079_word_search.Solution@backtrace(char[][],boolean[][],java.lang.String,int,int,int):17:word.charAt(index) == board[x][y] |==> word.charAt(index) >= board[x][y]
37:ROR:==(int,int):FALSE(int,int):g0001_0100.s0079_word_search.Solution@backtrace(char[][],boolean[][],java.lang.String,int,int,int):17:word.charAt(index) == board[x][y] |==> false
38:AOR:+(int,int):%(int,int):g0001_0100.s0079_word_search.Solution@backtrace(char[][],boolean[][],java.lang.String,int,int,int):19:index + 1 |==> index % 1
39:AOR:+(int,int):*(int,int):g0001_0100.s0079_word_search.Solution@backtrace(char[][],boolean[][],java.lang.String,int,int,int):19:index + 1 |==> index * 1
40:AOR:+(int,int):-(int,int):g0001_0100.s0079_word_search.Solution@backtrace(char[][],boolean[][],java.lang.String,int,int,int):19:index + 1 |==> index - 1
41:AOR:+(int,int):/(int,int):g0001_0100.s0079_word_search.Solution@backtrace(char[][],boolean[][],java.lang.String,int,int,int):19:index + 1 |==> index / 1
42:AOR:+(int,int):%(int,int):g0001_0100.s0079_word_search.Solution@backtrace(char[][],boolean[][],java.lang.String,int,int,int):19:y + 1 |==> y % 1
43:AOR:+(int,int):*(int,int):g0001_0100.s0079_word_search.Solution@backtrace(char[][],boolean[][],java.lang.String,int,int,int):19:y + 1 |==> y * 1
44:AOR:+(int,int):-(int,int):g0001_0100.s0079_word_search.Solution@backtrace(char[][],boolean[][],java.lang.String,int,int,int):19:y + 1 |==> y - 1
45:AOR:+(int,int):/(int,int):g0001_0100.s0079_word_search.Solution@backtrace(char[][],boolean[][],java.lang.String,int,int,int):19:y + 1 |==> y / 1
46:AOR:+(int,int):%(int,int):g0001_0100.s0079_word_search.Solution@backtrace(char[][],boolean[][],java.lang.String,int,int,int):20:index + 1 |==> index % 1
47:AOR:+(int,int):*(int,int):g0001_0100.s0079_word_search.Solution@backtrace(char[][],boolean[][],java.lang.String,int,int,int):20:index + 1 |==> index * 1
48:AOR:+(int,int):-(int,int):g0001_0100.s0079_word_search.Solution@backtrace(char[][],boolean[][],java.lang.String,int,int,int):20:index + 1 |==> index - 1
49:AOR:+(int,int):/(int,int):g0001_0100.s0079_word_search.Solution@backtrace(char[][],boolean[][],java.lang.String,int,int,int):20:index + 1 |==> index / 1
50:AOR:-(int,int):%(int,int):g0001_0100.s0079_word_search.Solution@backtrace(char[][],boolean[][],java.lang.String,int,int,int):20:y - 1 |==> y % 1
51:AOR:-(int,int):*(int,int):g0001_0100.s0079_word_search.Solution@backtrace(char[][],boolean[][],java.lang.String,int,int,int):20:y - 1 |==> y * 1
52:AOR:-(int,int):+(int,int):g0001_0100.s0079_word_search.Solution@backtrace(char[][],boolean[][],java.lang.String,int,int,int):20:y - 1 |==> y + 1
53:AOR:-(int,int):/(int,int):g0001_0100.s0079_word_search.Solution@backtrace(char[][],boolean[][],java.lang.String,int,int,int):20:y - 1 |==> y / 1
54:COR:||(boolean,boolean):!=(boolean,boolean):g0001_0100.s0079_word_search.Solution@backtrace(char[][],boolean[][],java.lang.String,int,int,int):19:backtrace(board, visited, word, index + 1, x, y + 1) || backtrace(board, visited, word, index + 1, x, y - 1) |==> backtrace(board, visited, word, index + 1, x, y + 1) != backtrace(board, visited, word, index + 1, x, y - 1)
55:COR:||(boolean,boolean):LHS(boolean,boolean):g0001_0100.s0079_word_search.Solution@backtrace(char[][],boolean[][],java.lang.String,int,int,int):19:backtrace(board, visited, word, index + 1, x, y + 1) || backtrace(board, visited, word, index + 1, x, y - 1) |==> backtrace(board, visited, word, index + 1, x, y + 1)
56:COR:||(boolean,boolean):RHS(boolean,boolean):g0001_0100.s0079_word_search.Solution@backtrace(char[][],boolean[][],java.lang.String,int,int,int):20:backtrace(board, visited, word, index + 1, x, y + 1) || backtrace(board, visited, word, index + 1, x, y - 1) |==> backtrace(board, visited, word, index + 1, x, y - 1)
57:COR:||(boolean,boolean):TRUE(boolean,boolean):g0001_0100.s0079_word_search.Solution@backtrace(char[][],boolean[][],java.lang.String,int,int,int):20:backtrace(board, visited, word, index + 1, x, y + 1) || backtrace(board, visited, word, index + 1, x, y - 1) |==> true
58:AOR:+(int,int):%(int,int):g0001_0100.s0079_word_search.Solution@backtrace(char[][],boolean[][],java.lang.String,int,int,int):21:index + 1 |==> index % 1
59:AOR:+(int,int):*(int,int):g0001_0100.s0079_word_search.Solution@backtrace(char[][],boolean[][],java.lang.String,int,int,int):21:index + 1 |==> index * 1
60:AOR:+(int,int):-(int,int):g0001_0100.s0079_word_search.Solution@backtrace(char[][],boolean[][],java.lang.String,int,int,int):21:index + 1 |==> index - 1
61:AOR:+(int,int):/(int,int):g0001_0100.s0079_word_search.Solution@backtrace(char[][],boolean[][],java.lang.String,int,int,int):21:index + 1 |==> index / 1
62:AOR:+(int,int):%(int,int):g0001_0100.s0079_word_search.Solution@backtrace(char[][],boolean[][],java.lang.String,int,int,int):21:x + 1 |==> x % 1
63:AOR:+(int,int):*(int,int):g0001_0100.s0079_word_search.Solution@backtrace(char[][],boolean[][],java.lang.String,int,int,int):21:x + 1 |==> x * 1
64:AOR:+(int,int):-(int,int):g0001_0100.s0079_word_search.Solution@backtrace(char[][],boolean[][],java.lang.String,int,int,int):21:x + 1 |==> x - 1
65:AOR:+(int,int):/(int,int):g0001_0100.s0079_word_search.Solution@backtrace(char[][],boolean[][],java.lang.String,int,int,int):21:x + 1 |==> x / 1
66:COR:||(boolean,boolean):!=(boolean,boolean):g0001_0100.s0079_word_search.Solution@backtrace(char[][],boolean[][],java.lang.String,int,int,int):19:backtrace(board, visited, word, index + 1, x, y + 1) || backtrace(board, visited, word, index + 1, x, y - 1) || backtrace(board, visited, word, index + 1, x + 1, y) |==> (backtrace(board, visited, word, index + 1, x, y + 1) || backtrace(board, visited, word, index + 1, x, y - 1)) != backtrace(board, visited, word, index + 1, x + 1, y)
67:COR:||(boolean,boolean):LHS(boolean,boolean):g0001_0100.s0079_word_search.Solution@backtrace(char[][],boolean[][],java.lang.String,int,int,int):19:backtrace(board, visited, word, index + 1, x, y + 1) || backtrace(board, visited, word, index + 1, x, y - 1) || backtrace(board, visited, word, index + 1, x + 1, y) |==> backtrace(board, visited, word, index + 1, x, y + 1) || backtrace(board, visited, word, index + 1, x, y - 1)
68:COR:||(boolean,boolean):RHS(boolean,boolean):g0001_0100.s0079_word_search.Solution@backtrace(char[][],boolean[][],java.lang.String,int,int,int):21:backtrace(board, visited, word, index + 1, x, y + 1) || backtrace(board, visited, word, index + 1, x, y - 1) || backtrace(board, visited, word, index + 1, x + 1, y) |==> backtrace(board, visited, word, index + 1, x + 1, y)
69:COR:||(boolean,boolean):TRUE(boolean,boolean):g0001_0100.s0079_word_search.Solution@backtrace(char[][],boolean[][],java.lang.String,int,int,int):21:backtrace(board, visited, word, index + 1, x, y + 1) || backtrace(board, visited, word, index + 1, x, y - 1) || backtrace(board, visited, word, index + 1, x + 1, y) |==> true
70:AOR:+(int,int):%(int,int):g0001_0100.s0079_word_search.Solution@backtrace(char[][],boolean[][],java.lang.String,int,int,int):22:index + 1 |==> index % 1
71:AOR:+(int,int):*(int,int):g0001_0100.s0079_word_search.Solution@backtrace(char[][],boolean[][],java.lang.String,int,int,int):22:index + 1 |==> index * 1
72:AOR:+(int,int):-(int,int):g0001_0100.s0079_word_search.Solution@backtrace(char[][],boolean[][],java.lang.String,int,int,int):22:index + 1 |==> index - 1
73:AOR:+(int,int):/(int,int):g0001_0100.s0079_word_search.Solution@backtrace(char[][],boolean[][],java.lang.String,int,int,int):22:index + 1 |==> index / 1
74:AOR:-(int,int):%(int,int):g0001_0100.s0079_word_search.Solution@backtrace(char[][],boolean[][],java.lang.String,int,int,int):22:x - 1 |==> x % 1
75:AOR:-(int,int):*(int,int):g0001_0100.s0079_word_search.Solution@backtrace(char[][],boolean[][],java.lang.String,int,int,int):22:x - 1 |==> x * 1
76:AOR:-(int,int):+(int,int):g0001_0100.s0079_word_search.Solution@backtrace(char[][],boolean[][],java.lang.String,int,int,int):22:x - 1 |==> x + 1
77:AOR:-(int,int):/(int,int):g0001_0100.s0079_word_search.Solution@backtrace(char[][],boolean[][],java.lang.String,int,int,int):22:x - 1 |==> x / 1
78:COR:||(boolean,boolean):!=(boolean,boolean):g0001_0100.s0079_word_search.Solution@backtrace(char[][],boolean[][],java.lang.String,int,int,int):19:backtrace(board, visited, word, index + 1, x, y + 1) || backtrace(board, visited, word, index + 1, x, y - 1) || backtrace(board, visited, word, index + 1, x + 1, y) || backtrace(board, visited, word, index + 1, x - 1, y) |==> (backtrace(board, visited, word, index + 1, x, y + 1) || backtrace(board, visited, word, index + 1, x, y - 1) || backtrace(board, visited, word, index + 1, x + 1, y)) != backtrace(board, visited, word, index + 1, x - 1, y)
79:COR:||(boolean,boolean):LHS(boolean,boolean):g0001_0100.s0079_word_search.Solution@backtrace(char[][],boolean[][],java.lang.String,int,int,int):19:backtrace(board, visited, word, index + 1, x, y + 1) || backtrace(board, visited, word, index + 1, x, y - 1) || backtrace(board, visited, word, index + 1, x + 1, y) || backtrace(board, visited, word, index + 1, x - 1, y) |==> backtrace(board, visited, word, index + 1, x, y + 1) || backtrace(board, visited, word, index + 1, x, y - 1) || backtrace(board, visited, word, index + 1, x + 1, y)
80:COR:||(boolean,boolean):RHS(boolean,boolean):g0001_0100.s0079_word_search.Solution@backtrace(char[][],boolean[][],java.lang.String,int,int,int):22:backtrace(board, visited, word, index + 1, x, y + 1) || backtrace(board, visited, word, index + 1, x, y - 1) || backtrace(board, visited, word, index + 1, x + 1, y) || backtrace(board, visited, word, index + 1, x - 1, y) |==> backtrace(board, visited, word, index + 1, x - 1, y)
81:COR:||(boolean,boolean):TRUE(boolean,boolean):g0001_0100.s0079_word_search.Solution@backtrace(char[][],boolean[][],java.lang.String,int,int,int):22:backtrace(board, visited, word, index + 1, x, y + 1) || backtrace(board, visited, word, index + 1, x, y - 1) || backtrace(board, visited, word, index + 1, x + 1, y) || backtrace(board, visited, word, index + 1, x - 1, y) |==> true
82:COR:<IDENTIFIER(boolean)>:TRUE:g0001_0100.s0079_word_search.Solution@backtrace(char[][],boolean[][],java.lang.String,int,int,int):23:res |==> false
83:COR:<IDENTIFIER(boolean)>:FALSE:g0001_0100.s0079_word_search.Solution@backtrace(char[][],boolean[][],java.lang.String,int,int,int):23:res |==> true
84:STD:<ASSIGN>:<NO-OP>:g0001_0100.s0079_word_search.Solution@backtrace(char[][],boolean[][],java.lang.String,int,int,int):24:visited[x][y] = false; |==> <NO-OP>
85:STD:<ASSIGN>:<NO-OP>:g0001_0100.s0079_word_search.Solution@backtrace(char[][],boolean[][],java.lang.String,int,int,int):28:visited[x][y] = false; |==> <NO-OP>
86:ROR:<(int,int):!=(int,int):g0001_0100.s0079_word_search.Solution@exist(char[][],java.lang.String):44:i < board.length |==> i != board.length
87:ROR:<(int,int):<=(int,int):g0001_0100.s0079_word_search.Solution@exist(char[][],java.lang.String):44:i < board.length |==> i <= board.length
88:ROR:<(int,int):FALSE(int,int):g0001_0100.s0079_word_search.Solution@exist(char[][],java.lang.String):44:i < board.length |==> false
89:ROR:<(int,int):!=(int,int):g0001_0100.s0079_word_search.Solution@exist(char[][],java.lang.String):45:j < board[0].length |==> j != board[0].length
90:ROR:<(int,int):<=(int,int):g0001_0100.s0079_word_search.Solution@exist(char[][],java.lang.String):45:j < board[0].length |==> j <= board[0].length
91:ROR:<(int,int):FALSE(int,int):g0001_0100.s0079_word_search.Solution@exist(char[][],java.lang.String):45:j < board[0].length |==> false
92:COR:<METHOD_INVOCATION(boolean)>:TRUE:g0001_0100.s0079_word_search.Solution@exist(char[][],java.lang.String):46:backtrace(board, visited, word, 0, i, j) |==> false
93:COR:<METHOD_INVOCATION(boolean)>:FALSE:g0001_0100.s0079_word_search.Solution@exist(char[][],java.lang.String):46:backtrace(board, visited, word, 0, i, j) |==> true
94:STD:<RETURN>:<NO-OP>:g0001_0100.s0079_word_search.Solution@exist(char[][],java.lang.String):47:return true; |==> <NO-OP>
