[06/24 16:49:44] [INFO   ] org.mutationtesting.major.plugin.MajorPluginTaskListener.<init>:
    Created MajorPluginTaskListener with options: [mml:../../major/mml/all.mml.bin]
[06/24 16:49:45] [INFO   ] org.mutationtesting.major.mutation.Mutator.initOperatorSymbols:
    Initializing operator symbols for opcode mapping
[06/24 16:49:45] [INFO   ] org.mutationtesting.major.mutation.Mutator.mutateTree:
    Mutating tree: Env[AttrContext[Scope[super, this]],outer=Env[AttrContext[Scope[java.util.Collections, java.util.Arrays, g0101_0200.s0152_maximum_product_subarray.Solution]]]]
[06/24 16:49:45] [INFO   ] org.mutationtesting.major.mutation.Mutator.visitClassDef:
    CLASS: g0101_0200.s0152_maximum_product_subarray.Solution
[06/24 16:49:45] [INFO   ] org.mutationtesting.major.mutation.Mutator.visitMethodDef:
    METHOD: <init>([])null
[06/24 16:49:45] [INFO   ] org.mutationtesting.major.mutation.Mutator.visitMethodDef:
    METHOD: maxProduct([int[] arr])int
[06/24 16:49:45] [INFO   ] org.mutationtesting.major.mutation.Mutator.nextMutant:
    Creating mutant 1
[06/24 16:49:45] [INFO   ] org.mutationtesting.major.mutation.Mutator.logMutant:
    Logging mutant 1: Solution.maxProduct(line 21, col 27)
            mutation operator group:   AOR
            mutation operator:         *(int,int) |==> %(int,int)
            original:                  cprod * j 
            mutant:                    cprod % j
[06/24 16:49:45] [INFO   ] org.mutationtesting.major.mutation.Mutator.nextMutant:
    Creating mutant 2
[06/24 16:49:45] [INFO   ] org.mutationtesting.major.mutation.Mutator.logMutant:
    Logging mutant 2: Solution.maxProduct(line 21, col 27)
            mutation operator group:   AOR
            mutation operator:         *(int,int) |==> +(int,int)
            original:                  cprod * j 
            mutant:                    cprod + j
[06/24 16:49:45] [INFO   ] org.mutationtesting.major.mutation.Mutator.nextMutant:
    Creating mutant 3
[06/24 16:49:45] [INFO   ] org.mutationtesting.major.mutation.Mutator.logMutant:
    Logging mutant 3: Solution.maxProduct(line 21, col 27)
            mutation operator group:   AOR
            mutation operator:         *(int,int) |==> -(int,int)
            original:                  cprod * j 
            mutant:                    cprod - j
[06/24 16:49:45] [INFO   ] org.mutationtesting.major.mutation.Mutator.nextMutant:
    Creating mutant 4
[06/24 16:49:45] [INFO   ] org.mutationtesting.major.mutation.Mutator.logMutant:
    Logging mutant 4: Solution.maxProduct(line 21, col 27)
            mutation operator group:   AOR
            mutation operator:         *(int,int) |==> /(int,int)
            original:                  cprod * j 
            mutant:                    cprod / j
[06/24 16:49:45] [INFO   ] org.mutationtesting.major.mutation.Mutator.nextMutant:
    Creating mutant 5
[06/24 16:49:45] [INFO   ] org.mutationtesting.major.mutation.Mutator.logMutantSTD:
    Logging mutantSTD 5: (STD) cprod = cprod * j; -> <NO-OP>
[06/24 16:49:45] [INFO   ] org.mutationtesting.major.mutation.Mutator.nextMutant:
    Creating mutant 6
[06/24 16:49:45] [INFO   ] org.mutationtesting.major.mutation.Mutator.logMutantSTD:
    Logging mutantSTD 6: (STD) ans = Math.max(ans, cprod); -> <NO-OP>
[06/24 16:49:45] [INFO   ] org.mutationtesting.major.mutation.Mutator.nextMutant:
    Creating mutant 7
[06/24 16:49:45] [INFO   ] org.mutationtesting.major.mutation.Mutator.logMutant:
    Logging mutant 7: Solution.maxProduct(line 23, col 23)
            mutation operator group:   ROR
            mutation operator:         ==(int,int) |==> <=(int,int)
            original:                  cprod == 0 
            mutant:                    cprod <= 0
[06/24 16:49:45] [INFO   ] org.mutationtesting.major.mutation.Mutator.nextMutant:
    Creating mutant 8
[06/24 16:49:45] [INFO   ] org.mutationtesting.major.mutation.Mutator.logMutant:
    Logging mutant 8: Solution.maxProduct(line 23, col 23)
            mutation operator group:   ROR
            mutation operator:         ==(int,int) |==> >=(int,int)
            original:                  cprod == 0 
            mutant:                    cprod >= 0
[06/24 16:49:45] [INFO   ] org.mutationtesting.major.mutation.Mutator.nextMutant:
    Creating mutant 9
[06/24 16:49:45] [INFO   ] org.mutationtesting.major.mutation.Mutator.logMutant:
    Logging mutant 9: Solution.maxProduct(line 23, col 23)
            mutation operator group:   ROR
            mutation operator:         ==(int,int) |==> FALSE(int,int)
            original:                  cprod == 0 
            mutant:                    false
[06/24 16:49:45] [INFO   ] org.mutationtesting.major.mutation.Mutator.nextMutant:
    Creating mutant 10
[06/24 16:49:45] [INFO   ] org.mutationtesting.major.mutation.Mutator.logMutantSTD:
    Logging mutantSTD 10: (STD) cprod = 1; -> <NO-OP>
[06/24 16:49:45] [INFO   ] org.mutationtesting.major.mutation.Mutator.nextMutant:
    Creating mutant 11
[06/24 16:49:45] [INFO   ] org.mutationtesting.major.mutation.Mutator.logMutantSTD:
    Logging mutantSTD 11: (STD) cprod = 1; -> <NO-OP>
[06/24 16:49:45] [INFO   ] org.mutationtesting.major.mutation.Mutator.nextMutant:
    Creating mutant 12
[06/24 16:49:45] [INFO   ] org.mutationtesting.major.mutation.Mutator.logMutant:
    Logging mutant 12: Solution.maxProduct(line 29, col 33)
            mutation operator group:   AOR
            mutation operator:         -(int,int) |==> %(int,int)
            original:                  arr.length - 1 
            mutant:                    arr.length % 1
[06/24 16:49:45] [INFO   ] org.mutationtesting.major.mutation.Mutator.nextMutant:
    Creating mutant 13
[06/24 16:49:45] [INFO   ] org.mutationtesting.major.mutation.Mutator.logMutant:
    Logging mutant 13: Solution.maxProduct(line 29, col 33)
            mutation operator group:   AOR
            mutation operator:         -(int,int) |==> *(int,int)
            original:                  arr.length - 1 
            mutant:                    arr.length * 1
[06/24 16:49:45] [INFO   ] org.mutationtesting.major.mutation.Mutator.nextMutant:
    Creating mutant 14
[06/24 16:49:45] [INFO   ] org.mutationtesting.major.mutation.Mutator.logMutant:
    Logging mutant 14: Solution.maxProduct(line 29, col 33)
            mutation operator group:   AOR
            mutation operator:         -(int,int) |==> +(int,int)
            original:                  arr.length - 1 
            mutant:                    arr.length + 1
[06/24 16:49:45] [INFO   ] org.mutationtesting.major.mutation.Mutator.nextMutant:
    Creating mutant 15
[06/24 16:49:45] [INFO   ] org.mutationtesting.major.mutation.Mutator.logMutant:
    Logging mutant 15: Solution.maxProduct(line 29, col 33)
            mutation operator group:   AOR
            mutation operator:         -(int,int) |==> /(int,int)
            original:                  arr.length - 1 
            mutant:                    arr.length / 1
[06/24 16:49:45] [INFO   ] org.mutationtesting.major.mutation.Mutator.nextMutant:
    Creating mutant 16
[06/24 16:49:45] [INFO   ] org.mutationtesting.major.mutation.Mutator.logMutant:
    Logging mutant 16: Solution.maxProduct(line 29, col 40)
            mutation operator group:   ROR
            mutation operator:         >=(int,int) |==> ==(int,int)
            original:                  i >= 0 
            mutant:                    i == 0
[06/24 16:49:45] [INFO   ] org.mutationtesting.major.mutation.Mutator.nextMutant:
    Creating mutant 17
[06/24 16:49:45] [INFO   ] org.mutationtesting.major.mutation.Mutator.logMutant:
    Logging mutant 17: Solution.maxProduct(line 29, col 40)
            mutation operator group:   ROR
            mutation operator:         >=(int,int) |==> >(int,int)
            original:                  i >= 0 
            mutant:                    i > 0
[06/24 16:49:45] [INFO   ] org.mutationtesting.major.mutation.Mutator.nextMutant:
    Creating mutant 18
[06/24 16:49:45] [INFO   ] org.mutationtesting.major.mutation.Mutator.logMutant:
    Logging mutant 18: Solution.maxProduct(line 29, col 40)
            mutation operator group:   ROR
            mutation operator:         >=(int,int) |==> TRUE(int,int)
            original:                  i >= 0 
            mutant:                    true
[06/24 16:49:45] [INFO   ] org.mutationtesting.major.mutation.Mutator.nextMutant:
    Creating mutant 19
[06/24 16:49:45] [INFO   ] org.mutationtesting.major.mutation.Mutator.logMutant:
    Logging mutant 19: Solution.maxProduct(line 30, col 27)
            mutation operator group:   AOR
            mutation operator:         *(int,int) |==> %(int,int)
            original:                  cprod * arr[i] 
            mutant:                    cprod % arr[i]
[06/24 16:49:45] [INFO   ] org.mutationtesting.major.mutation.Mutator.nextMutant:
    Creating mutant 20
[06/24 16:49:45] [INFO   ] org.mutationtesting.major.mutation.Mutator.logMutant:
    Logging mutant 20: Solution.maxProduct(line 30, col 27)
            mutation operator group:   AOR
            mutation operator:         *(int,int) |==> +(int,int)
            original:                  cprod * arr[i] 
            mutant:                    cprod + arr[i]
[06/24 16:49:45] [INFO   ] org.mutationtesting.major.mutation.Mutator.nextMutant:
    Creating mutant 21
[06/24 16:49:45] [INFO   ] org.mutationtesting.major.mutation.Mutator.logMutant:
    Logging mutant 21: Solution.maxProduct(line 30, col 27)
            mutation operator group:   AOR
            mutation operator:         *(int,int) |==> -(int,int)
            original:                  cprod * arr[i] 
            mutant:                    cprod - arr[i]
[06/24 16:49:45] [INFO   ] org.mutationtesting.major.mutation.Mutator.nextMutant:
    Creating mutant 22
[06/24 16:49:45] [INFO   ] org.mutationtesting.major.mutation.Mutator.logMutant:
    Logging mutant 22: Solution.maxProduct(line 30, col 27)
            mutation operator group:   AOR
            mutation operator:         *(int,int) |==> /(int,int)
            original:                  cprod * arr[i] 
            mutant:                    cprod / arr[i]
[06/24 16:49:45] [INFO   ] org.mutationtesting.major.mutation.Mutator.nextMutant:
    Creating mutant 23
[06/24 16:49:45] [INFO   ] org.mutationtesting.major.mutation.Mutator.logMutantSTD:
    Logging mutantSTD 23: (STD) cprod = cprod * arr[i]; -> <NO-OP>
[06/24 16:49:45] [INFO   ] org.mutationtesting.major.mutation.Mutator.nextMutant:
    Creating mutant 24
[06/24 16:49:45] [INFO   ] org.mutationtesting.major.mutation.Mutator.logMutantSTD:
    Logging mutantSTD 24: (STD) ans = Math.max(ans, cprod); -> <NO-OP>
[06/24 16:49:45] [INFO   ] org.mutationtesting.major.mutation.Mutator.nextMutant:
    Creating mutant 25
[06/24 16:49:45] [INFO   ] org.mutationtesting.major.mutation.Mutator.logMutant:
    Logging mutant 25: Solution.maxProduct(line 32, col 23)
            mutation operator group:   ROR
            mutation operator:         ==(int,int) |==> <=(int,int)
            original:                  cprod == 0 
            mutant:                    cprod <= 0
[06/24 16:49:45] [INFO   ] org.mutationtesting.major.mutation.Mutator.nextMutant:
    Creating mutant 26
[06/24 16:49:45] [INFO   ] org.mutationtesting.major.mutation.Mutator.logMutant:
    Logging mutant 26: Solution.maxProduct(line 32, col 23)
            mutation operator group:   ROR
            mutation operator:         ==(int,int) |==> >=(int,int)
            original:                  cprod == 0 
            mutant:                    cprod >= 0
[06/24 16:49:45] [INFO   ] org.mutationtesting.major.mutation.Mutator.nextMutant:
    Creating mutant 27
[06/24 16:49:45] [INFO   ] org.mutationtesting.major.mutation.Mutator.logMutant:
    Logging mutant 27: Solution.maxProduct(line 32, col 23)
            mutation operator group:   ROR
            mutation operator:         ==(int,int) |==> FALSE(int,int)
            original:                  cprod == 0 
            mutant:                    false
[06/24 16:49:45] [INFO   ] org.mutationtesting.major.mutation.Mutator.nextMutant:
    Creating mutant 28
[06/24 16:49:45] [INFO   ] org.mutationtesting.major.mutation.Mutator.logMutantSTD:
    Logging mutantSTD 28: (STD) cprod = 1; -> <NO-OP>
[06/24 16:49:45] [INFO   ] org.mutationtesting.major.plugin.MajorPluginTaskListener.mutate:
    Generated 28 mutants (124 ms)
