1:STD:<CALL>:<NO-OP>:g0101_0200.s0131_palindrome_partitioning.Solution@partition(java.lang.String):16:backtracking(res, new ArrayList<>(), s, 0); |==> <NO-OP>
2:ROR:==(int,int):<=(int,int):g0101_0200.s0131_palindrome_partitioning.Solution@backtracking(java.util.List<java.util.List<java.lang.String>>,java.util.List<java.lang.String>,java.lang.String,int):21:start == s.length() |==> start <= s.length()
3:ROR:==(int,int):>=(int,int):g0101_0200.s0131_palindrome_partitioning.Solution@backtracking(java.util.List<java.util.List<java.lang.String>>,java.util.List<java.lang.String>,java.lang.String,int):21:start == s.length() |==> start >= s.length()
4:ROR:==(int,int):FALSE(int,int):g0101_0200.s0131_palindrome_partitioning.Solution@backtracking(java.util.List<java.util.List<java.lang.String>>,java.util.List<java.lang.String>,java.lang.String,int):21:start == s.length() |==> false
5:STD:<CALL>:<NO-OP>:g0101_0200.s0131_palindrome_partitioning.Solution@backtracking(java.util.List<java.util.List<java.lang.String>>,java.util.List<java.lang.String>,java.lang.String,int):22:res.add(new ArrayList<>(currArr)); |==> <NO-OP>
6:ROR:<(int,int):!=(int,int):g0101_0200.s0131_palindrome_partitioning.Solution@backtracking(java.util.List<java.util.List<java.lang.String>>,java.util.List<java.lang.String>,java.lang.String,int):24:end < s.length() |==> end != s.length()
7:ROR:<(int,int):<=(int,int):g0101_0200.s0131_palindrome_partitioning.Solution@backtracking(java.util.List<java.util.List<java.lang.String>>,java.util.List<java.lang.String>,java.lang.String,int):24:end < s.length() |==> end <= s.length()
8:ROR:<(int,int):FALSE(int,int):g0101_0200.s0131_palindrome_partitioning.Solution@backtracking(java.util.List<java.util.List<java.lang.String>>,java.util.List<java.lang.String>,java.lang.String,int):24:end < s.length() |==> false
9:COR:<METHOD_INVOCATION(boolean)>:TRUE:g0101_0200.s0131_palindrome_partitioning.Solution@backtracking(java.util.List<java.util.List<java.lang.String>>,java.util.List<java.lang.String>,java.lang.String,int):25:isPanlindrome(s, start, end) |==> false
10:COR:<METHOD_INVOCATION(boolean)>:FALSE:g0101_0200.s0131_palindrome_partitioning.Solution@backtracking(java.util.List<java.util.List<java.lang.String>>,java.util.List<java.lang.String>,java.lang.String,int):25:isPanlindrome(s, start, end) |==> true
11:STD:<CONT>:<NO-OP>:g0101_0200.s0131_palindrome_partitioning.Solution@backtracking(java.util.List<java.util.List<java.lang.String>>,java.util.List<java.lang.String>,java.lang.String,int):26:continue; |==> <NO-OP>
12:AOR:+(int,int):%(int,int):g0101_0200.s0131_palindrome_partitioning.Solution@backtracking(java.util.List<java.util.List<java.lang.String>>,java.util.List<java.lang.String>,java.lang.String,int):28:end + 1 |==> end % 1
13:AOR:+(int,int):*(int,int):g0101_0200.s0131_palindrome_partitioning.Solution@backtracking(java.util.List<java.util.List<java.lang.String>>,java.util.List<java.lang.String>,java.lang.String,int):28:end + 1 |==> end * 1
14:AOR:+(int,int):-(int,int):g0101_0200.s0131_palindrome_partitioning.Solution@backtracking(java.util.List<java.util.List<java.lang.String>>,java.util.List<java.lang.String>,java.lang.String,int):28:end + 1 |==> end - 1
15:AOR:+(int,int):/(int,int):g0101_0200.s0131_palindrome_partitioning.Solution@backtracking(java.util.List<java.util.List<java.lang.String>>,java.util.List<java.lang.String>,java.lang.String,int):28:end + 1 |==> end / 1
16:STD:<CALL>:<NO-OP>:g0101_0200.s0131_palindrome_partitioning.Solution@backtracking(java.util.List<java.util.List<java.lang.String>>,java.util.List<java.lang.String>,java.lang.String,int):28:currArr.add(s.substring(start, end + 1)); |==> <NO-OP>
17:AOR:+(int,int):%(int,int):g0101_0200.s0131_palindrome_partitioning.Solution@backtracking(java.util.List<java.util.List<java.lang.String>>,java.util.List<java.lang.String>,java.lang.String,int):29:end + 1 |==> end % 1
18:AOR:+(int,int):*(int,int):g0101_0200.s0131_palindrome_partitioning.Solution@backtracking(java.util.List<java.util.List<java.lang.String>>,java.util.List<java.lang.String>,java.lang.String,int):29:end + 1 |==> end * 1
19:AOR:+(int,int):-(int,int):g0101_0200.s0131_palindrome_partitioning.Solution@backtracking(java.util.List<java.util.List<java.lang.String>>,java.util.List<java.lang.String>,java.lang.String,int):29:end + 1 |==> end - 1
20:AOR:+(int,int):/(int,int):g0101_0200.s0131_palindrome_partitioning.Solution@backtracking(java.util.List<java.util.List<java.lang.String>>,java.util.List<java.lang.String>,java.lang.String,int):29:end + 1 |==> end / 1
21:STD:<CALL>:<NO-OP>:g0101_0200.s0131_palindrome_partitioning.Solution@backtracking(java.util.List<java.util.List<java.lang.String>>,java.util.List<java.lang.String>,java.lang.String,int):29:backtracking(res, currArr, s, end + 1); |==> <NO-OP>
22:AOR:-(int,int):%(int,int):g0101_0200.s0131_palindrome_partitioning.Solution@backtracking(java.util.List<java.util.List<java.lang.String>>,java.util.List<java.lang.String>,java.lang.String,int):30:currArr.size() - 1 |==> currArr.size() % 1
23:AOR:-(int,int):*(int,int):g0101_0200.s0131_palindrome_partitioning.Solution@backtracking(java.util.List<java.util.List<java.lang.String>>,java.util.List<java.lang.String>,java.lang.String,int):30:currArr.size() - 1 |==> currArr.size() * 1
24:AOR:-(int,int):+(int,int):g0101_0200.s0131_palindrome_partitioning.Solution@backtracking(java.util.List<java.util.List<java.lang.String>>,java.util.List<java.lang.String>,java.lang.String,int):30:currArr.size() - 1 |==> currArr.size() + 1
25:AOR:-(int,int):/(int,int):g0101_0200.s0131_palindrome_partitioning.Solution@backtracking(java.util.List<java.util.List<java.lang.String>>,java.util.List<java.lang.String>,java.lang.String,int):30:currArr.size() - 1 |==> currArr.size() / 1
26:STD:<CALL>:<NO-OP>:g0101_0200.s0131_palindrome_partitioning.Solution@backtracking(java.util.List<java.util.List<java.lang.String>>,java.util.List<java.lang.String>,java.lang.String,int):30:currArr.remove(currArr.size() - 1); |==> <NO-OP>
27:ROR:<(int,int):!=(int,int):g0101_0200.s0131_palindrome_partitioning.Solution@isPanlindrome(java.lang.String,int,int):35:start < end |==> start != end
28:ROR:<(int,int):<=(int,int):g0101_0200.s0131_palindrome_partitioning.Solution@isPanlindrome(java.lang.String,int,int):35:start < end |==> start <= end
29:ROR:<(int,int):FALSE(int,int):g0101_0200.s0131_palindrome_partitioning.Solution@isPanlindrome(java.lang.String,int,int):35:start < end |==> false
30:ROR:==(int,int):<=(int,int):g0101_0200.s0131_palindrome_partitioning.Solution@isPanlindrome(java.lang.String,int,int):35:s.charAt(start) == s.charAt(end) |==> s.charAt(start) <= s.charAt(end)
31:ROR:==(int,int):>=(int,int):g0101_0200.s0131_palindrome_partitioning.Solution@isPanlindrome(java.lang.String,int,int):35:s.charAt(start) == s.charAt(end) |==> s.charAt(start) >= s.charAt(end)
32:ROR:==(int,int):FALSE(int,int):g0101_0200.s0131_palindrome_partitioning.Solution@isPanlindrome(java.lang.String,int,int):35:s.charAt(start) == s.charAt(end) |==> false
33:COR:&&(boolean,boolean):==(boolean,boolean):g0101_0200.s0131_palindrome_partitioning.Solution@isPanlindrome(java.lang.String,int,int):35:start < end && s.charAt(start) == s.charAt(end) |==> start < end == (s.charAt(start) == s.charAt(end))
34:COR:&&(boolean,boolean):FALSE(boolean,boolean):g0101_0200.s0131_palindrome_partitioning.Solution@isPanlindrome(java.lang.String,int,int):35:start < end && s.charAt(start) == s.charAt(end) |==> false
35:COR:&&(boolean,boolean):LHS(boolean,boolean):g0101_0200.s0131_palindrome_partitioning.Solution@isPanlindrome(java.lang.String,int,int):35:start < end && s.charAt(start) == s.charAt(end) |==> start < end
36:COR:&&(boolean,boolean):RHS(boolean,boolean):g0101_0200.s0131_palindrome_partitioning.Solution@isPanlindrome(java.lang.String,int,int):35:start < end && s.charAt(start) == s.charAt(end) |==> s.charAt(start) == s.charAt(end)
37:STD:<INC>:<NO-OP>:g0101_0200.s0131_palindrome_partitioning.Solution@isPanlindrome(java.lang.String,int,int):36:start++; |==> <NO-OP>
38:STD:<DEC>:<NO-OP>:g0101_0200.s0131_palindrome_partitioning.Solution@isPanlindrome(java.lang.String,int,int):37:end--; |==> <NO-OP>
39:ROR:>=(int,int):==(int,int):g0101_0200.s0131_palindrome_partitioning.Solution@isPanlindrome(java.lang.String,int,int):39:start >= end |==> start == end
40:ROR:>=(int,int):>(int,int):g0101_0200.s0131_palindrome_partitioning.Solution@isPanlindrome(java.lang.String,int,int):39:start >= end |==> start > end
41:ROR:>=(int,int):TRUE(int,int):g0101_0200.s0131_palindrome_partitioning.Solution@isPanlindrome(java.lang.String,int,int):39:start >= end |==> true
