[04/24 17:42:24] [INFO   ] org.mutationtesting.major.plugin.MajorPluginTaskListener.<init>:
    Created MajorPluginTaskListener with options: [mml:../../major/mml/all.mml.bin]
[04/24 17:42:24] [INFO   ] org.mutationtesting.major.mutation.Mutator.initOperatorSymbols:
    Initializing operator symbols for opcode mapping
[04/24 17:42:24] [INFO   ] org.mutationtesting.major.mutation.Mutator.mutateTree:
    Mutating tree: Env[AttrContext[Scope[super, this]],outer=Env[AttrContext[Scope[g0101_0200.s0115_distinct_subsequences.Solution]]]]
[04/24 17:42:24] [INFO   ] org.mutationtesting.major.mutation.Mutator.visitClassDef:
    CLASS: g0101_0200.s0115_distinct_subsequences.Solution
[04/24 17:42:24] [INFO   ] org.mutationtesting.major.mutation.Mutator.visitMethodDef:
    METHOD: <init>([])null
[04/24 17:42:24] [INFO   ] org.mutationtesting.major.mutation.Mutator.visitMethodDef:
    METHOD: numDistinct([String text, String text2])int
[04/24 17:42:24] [INFO   ] org.mutationtesting.major.mutation.Mutator.nextMutant:
    Creating mutant 1
[04/24 17:42:24] [INFO   ] org.mutationtesting.major.mutation.Mutator.logMutant:
    Logging mutant 1: Solution.numDistinct(line 9, col 27)
            mutation operator group:   ROR
            mutation operator:         <(int,int) |==> !=(int,int)
            original:                  text.length() < text2.length() 
            mutant:                    text.length() != text2.length()
[04/24 17:42:24] [INFO   ] org.mutationtesting.major.mutation.Mutator.nextMutant:
    Creating mutant 2
[04/24 17:42:24] [INFO   ] org.mutationtesting.major.mutation.Mutator.logMutant:
    Logging mutant 2: Solution.numDistinct(line 9, col 27)
            mutation operator group:   ROR
            mutation operator:         <(int,int) |==> <=(int,int)
            original:                  text.length() < text2.length() 
            mutant:                    text.length() <= text2.length()
[04/24 17:42:24] [INFO   ] org.mutationtesting.major.mutation.Mutator.nextMutant:
    Creating mutant 3
[04/24 17:42:24] [INFO   ] org.mutationtesting.major.mutation.Mutator.logMutant:
    Logging mutant 3: Solution.numDistinct(line 9, col 27)
            mutation operator group:   ROR
            mutation operator:         <(int,int) |==> FALSE(int,int)
            original:                  text.length() < text2.length() 
            mutant:                    false
[04/24 17:42:24] [INFO   ] org.mutationtesting.major.mutation.Mutator.nextMutant:
    Creating mutant 4
[04/24 17:42:24] [INFO   ] org.mutationtesting.major.mutation.Mutator.logMutantSTD:
    Logging mutantSTD 4: (STD) return 0; -> <NO-OP>
[04/24 17:42:24] [INFO   ] org.mutationtesting.major.mutation.Mutator.nextMutant:
    Creating mutant 5
[04/24 17:42:24] [INFO   ] org.mutationtesting.major.mutation.Mutator.logMutant:
    Logging mutant 5: Solution.numDistinct(line 12, col 27)
            mutation operator group:   ROR
            mutation operator:         ==(int,int) |==> <=(int,int)
            original:                  text.length() == text2.length() 
            mutant:                    text.length() <= text2.length()
[04/24 17:42:24] [INFO   ] org.mutationtesting.major.mutation.Mutator.nextMutant:
    Creating mutant 6
[04/24 17:42:24] [INFO   ] org.mutationtesting.major.mutation.Mutator.logMutant:
    Logging mutant 6: Solution.numDistinct(line 12, col 27)
            mutation operator group:   ROR
            mutation operator:         ==(int,int) |==> >=(int,int)
            original:                  text.length() == text2.length() 
            mutant:                    text.length() >= text2.length()
[04/24 17:42:24] [INFO   ] org.mutationtesting.major.mutation.Mutator.nextMutant:
    Creating mutant 7
[04/24 17:42:24] [INFO   ] org.mutationtesting.major.mutation.Mutator.logMutant:
    Logging mutant 7: Solution.numDistinct(line 12, col 27)
            mutation operator group:   ROR
            mutation operator:         ==(int,int) |==> FALSE(int,int)
            original:                  text.length() == text2.length() 
            mutant:                    false
[04/24 17:42:24] [INFO   ] org.mutationtesting.major.mutation.Mutator.nextMutant:
    Creating mutant 8
[04/24 17:42:24] [INFO   ] org.mutationtesting.major.mutation.Mutator.nextMutant:
    Creating mutant 9
[04/24 17:42:24] [INFO   ] org.mutationtesting.major.mutation.Mutator.logMutant:
    Logging mutant 8: Solution.numDistinct(line 13, col 32)
            mutation operator group:   COR
            mutation operator:         <METHOD_INVOCATION(boolean)> |==> TRUE
            original:                  text.equals(text2) 
            mutant:                    false
[04/24 17:42:24] [INFO   ] org.mutationtesting.major.mutation.Mutator.logMutant:
    Logging mutant 9: Solution.numDistinct(line 13, col 32)
            mutation operator group:   COR
            mutation operator:         <METHOD_INVOCATION(boolean)> |==> FALSE
            original:                  text.equals(text2) 
            mutant:                    true
[04/24 17:42:24] [INFO   ] org.mutationtesting.major.mutation.Mutator.nextMutant:
    Creating mutant 10
[04/24 17:42:24] [INFO   ] org.mutationtesting.major.mutation.Mutator.logMutantSTD:
    Logging mutantSTD 10: (STD) return (text.equals(text2) ? 1 : 0); -> <NO-OP>
[04/24 17:42:24] [INFO   ] org.mutationtesting.major.mutation.Mutator.nextMutant:
    Creating mutant 11
[04/24 17:42:24] [INFO   ] org.mutationtesting.major.mutation.Mutator.logMutant:
    Logging mutant 11: Solution.numDistinct(line 15, col 34)
            mutation operator group:   AOR
            mutation operator:         -(int,int) |==> %(int,int)
            original:                  text.length() - text2.length() 
            mutant:                    text.length() % text2.length()
[04/24 17:42:24] [INFO   ] org.mutationtesting.major.mutation.Mutator.nextMutant:
    Creating mutant 12
[04/24 17:42:24] [INFO   ] org.mutationtesting.major.mutation.Mutator.logMutant:
    Logging mutant 12: Solution.numDistinct(line 15, col 34)
            mutation operator group:   AOR
            mutation operator:         -(int,int) |==> *(int,int)
            original:                  text.length() - text2.length() 
            mutant:                    text.length() * text2.length()
[04/24 17:42:24] [INFO   ] org.mutationtesting.major.mutation.Mutator.nextMutant:
    Creating mutant 13
[04/24 17:42:24] [INFO   ] org.mutationtesting.major.mutation.Mutator.logMutant:
    Logging mutant 13: Solution.numDistinct(line 15, col 34)
            mutation operator group:   AOR
            mutation operator:         -(int,int) |==> +(int,int)
            original:                  text.length() - text2.length() 
            mutant:                    text.length() + text2.length()
[04/24 17:42:24] [INFO   ] org.mutationtesting.major.mutation.Mutator.nextMutant:
    Creating mutant 14
[04/24 17:42:24] [INFO   ] org.mutationtesting.major.mutation.Mutator.logMutant:
    Logging mutant 14: Solution.numDistinct(line 15, col 34)
            mutation operator group:   AOR
            mutation operator:         -(int,int) |==> /(int,int)
            original:                  text.length() - text2.length() 
            mutant:                    text.length() / text2.length()
[04/24 17:42:24] [INFO   ] org.mutationtesting.major.mutation.Mutator.nextMutant:
    Creating mutant 15
[04/24 17:42:24] [INFO   ] org.mutationtesting.major.mutation.Mutator.logMutant:
    Logging mutant 15: Solution.numDistinct(line 15, col 51)
            mutation operator group:   AOR
            mutation operator:         +(int,int) |==> %(int,int)
            original:                  text.length() - text2.length() + 2 
            mutant:                    (text.length() - text2.length()) % 2
[04/24 17:42:24] [INFO   ] org.mutationtesting.major.mutation.Mutator.nextMutant:
    Creating mutant 16
[04/24 17:42:24] [INFO   ] org.mutationtesting.major.mutation.Mutator.logMutant:
    Logging mutant 16: Solution.numDistinct(line 15, col 51)
            mutation operator group:   AOR
            mutation operator:         +(int,int) |==> *(int,int)
            original:                  text.length() - text2.length() + 2 
            mutant:                    (text.length() - text2.length()) * 2
[04/24 17:42:24] [INFO   ] org.mutationtesting.major.mutation.Mutator.nextMutant:
    Creating mutant 17
[04/24 17:42:24] [INFO   ] org.mutationtesting.major.mutation.Mutator.logMutant:
    Logging mutant 17: Solution.numDistinct(line 15, col 51)
            mutation operator group:   AOR
            mutation operator:         +(int,int) |==> -(int,int)
            original:                  text.length() - text2.length() + 2 
            mutant:                    text.length() - text2.length() - 2
[04/24 17:42:24] [INFO   ] org.mutationtesting.major.mutation.Mutator.nextMutant:
    Creating mutant 18
[04/24 17:42:24] [INFO   ] org.mutationtesting.major.mutation.Mutator.logMutant:
    Logging mutant 18: Solution.numDistinct(line 15, col 51)
            mutation operator group:   AOR
            mutation operator:         +(int,int) |==> /(int,int)
            original:                  text.length() - text2.length() + 2 
            mutant:                    (text.length() - text2.length()) / 2
[04/24 17:42:24] [INFO   ] org.mutationtesting.major.mutation.Mutator.nextMutant:
    Creating mutant 19
[04/24 17:42:24] [INFO   ] org.mutationtesting.major.mutation.Mutator.logMutant:
    Logging mutant 19: Solution.numDistinct(line 21, col 27)
            mutation operator group:   ROR
            mutation operator:         <(int,int) |==> !=(int,int)
            original:                  i < text2.length() 
            mutant:                    i != text2.length()
[04/24 17:42:24] [INFO   ] org.mutationtesting.major.mutation.Mutator.nextMutant:
    Creating mutant 20
[04/24 17:42:24] [INFO   ] org.mutationtesting.major.mutation.Mutator.logMutant:
    Logging mutant 20: Solution.numDistinct(line 21, col 27)
            mutation operator group:   ROR
            mutation operator:         <(int,int) |==> <=(int,int)
            original:                  i < text2.length() 
            mutant:                    i <= text2.length()
[04/24 17:42:24] [INFO   ] org.mutationtesting.major.mutation.Mutator.nextMutant:
    Creating mutant 21
[04/24 17:42:24] [INFO   ] org.mutationtesting.major.mutation.Mutator.logMutant:
    Logging mutant 21: Solution.numDistinct(line 21, col 27)
            mutation operator group:   ROR
            mutation operator:         <(int,int) |==> FALSE(int,int)
            original:                  i < text2.length() 
            mutant:                    false
[04/24 17:42:24] [INFO   ] org.mutationtesting.major.mutation.Mutator.nextMutant:
    Creating mutant 22
[04/24 17:42:24] [INFO   ] org.mutationtesting.major.mutation.Mutator.logMutant:
    Logging mutant 22: Solution.numDistinct(line 23, col 22)
            mutation operator group:   ROR
            mutation operator:         <(int,int) |==> !=(int,int)
            original:                  j < move 
            mutant:                    j != move
[04/24 17:42:24] [INFO   ] org.mutationtesting.major.mutation.Mutator.nextMutant:
    Creating mutant 23
[04/24 17:42:24] [INFO   ] org.mutationtesting.major.mutation.Mutator.logMutant:
    Logging mutant 23: Solution.numDistinct(line 23, col 22)
            mutation operator group:   ROR
            mutation operator:         <(int,int) |==> <=(int,int)
            original:                  j < move 
            mutant:                    j <= move
[04/24 17:42:24] [INFO   ] org.mutationtesting.major.mutation.Mutator.nextMutant:
    Creating mutant 24
[04/24 17:42:24] [INFO   ] org.mutationtesting.major.mutation.Mutator.logMutant:
    Logging mutant 24: Solution.numDistinct(line 23, col 22)
            mutation operator group:   ROR
            mutation operator:         <(int,int) |==> FALSE(int,int)
            original:                  j < move 
            mutant:                    false
[04/24 17:42:24] [INFO   ] org.mutationtesting.major.mutation.Mutator.nextMutant:
    Creating mutant 25
[04/24 17:42:24] [INFO   ] org.mutationtesting.major.mutation.Mutator.logMutant:
    Logging mutant 25: Solution.numDistinct(line 24, col 54)
            mutation operator group:   AOR
            mutation operator:         +(int,int) |==> %(int,int)
            original:                  i + j 
            mutant:                    i % j
[04/24 17:42:24] [INFO   ] org.mutationtesting.major.mutation.Mutator.nextMutant:
    Creating mutant 26
[04/24 17:42:24] [INFO   ] org.mutationtesting.major.mutation.Mutator.logMutant:
    Logging mutant 26: Solution.numDistinct(line 24, col 54)
            mutation operator group:   AOR
            mutation operator:         +(int,int) |==> *(int,int)
            original:                  i + j 
            mutant:                    i * j
[04/24 17:42:24] [INFO   ] org.mutationtesting.major.mutation.Mutator.nextMutant:
    Creating mutant 27
[04/24 17:42:24] [INFO   ] org.mutationtesting.major.mutation.Mutator.logMutant:
    Logging mutant 27: Solution.numDistinct(line 24, col 54)
            mutation operator group:   AOR
            mutation operator:         +(int,int) |==> -(int,int)
            original:                  i + j 
            mutant:                    i - j
[04/24 17:42:24] [INFO   ] org.mutationtesting.major.mutation.Mutator.nextMutant:
    Creating mutant 28
[04/24 17:42:24] [INFO   ] org.mutationtesting.major.mutation.Mutator.logMutant:
    Logging mutant 28: Solution.numDistinct(line 24, col 54)
            mutation operator group:   AOR
            mutation operator:         +(int,int) |==> /(int,int)
            original:                  i + j 
            mutant:                    i / j
[04/24 17:42:24] [INFO   ] org.mutationtesting.major.mutation.Mutator.nextMutant:
    Creating mutant 29
[04/24 17:42:24] [INFO   ] org.mutationtesting.major.mutation.Mutator.logMutant:
    Logging mutant 29: Solution.numDistinct(line 24, col 58)
            mutation operator group:   AOR
            mutation operator:         -(int,int) |==> %(int,int)
            original:                  i + j - 1 
            mutant:                    (i + j) % 1
[04/24 17:42:24] [INFO   ] org.mutationtesting.major.mutation.Mutator.nextMutant:
    Creating mutant 30
[04/24 17:42:24] [INFO   ] org.mutationtesting.major.mutation.Mutator.logMutant:
    Logging mutant 30: Solution.numDistinct(line 24, col 58)
            mutation operator group:   AOR
            mutation operator:         -(int,int) |==> *(int,int)
            original:                  i + j - 1 
            mutant:                    (i + j) * 1
[04/24 17:42:24] [INFO   ] org.mutationtesting.major.mutation.Mutator.nextMutant:
    Creating mutant 31
[04/24 17:42:24] [INFO   ] org.mutationtesting.major.mutation.Mutator.logMutant:
    Logging mutant 31: Solution.numDistinct(line 24, col 58)
            mutation operator group:   AOR
            mutation operator:         -(int,int) |==> +(int,int)
            original:                  i + j - 1 
            mutant:                    i + j + 1
[04/24 17:42:24] [INFO   ] org.mutationtesting.major.mutation.Mutator.nextMutant:
    Creating mutant 32
[04/24 17:42:24] [INFO   ] org.mutationtesting.major.mutation.Mutator.logMutant:
    Logging mutant 32: Solution.numDistinct(line 24, col 58)
            mutation operator group:   AOR
            mutation operator:         -(int,int) |==> /(int,int)
            original:                  i + j - 1 
            mutant:                    (i + j) / 1
[04/24 17:42:24] [INFO   ] org.mutationtesting.major.mutation.Mutator.nextMutant:
    Creating mutant 33
[04/24 17:42:24] [INFO   ] org.mutationtesting.major.mutation.Mutator.logMutant:
    Logging mutant 33: Solution.numDistinct(line 24, col 37)
            mutation operator group:   ROR
            mutation operator:         ==(int,int) |==> <=(int,int)
            original:                  text2.charAt(i) == text.charAt(i + j - 1) 
            mutant:                    text2.charAt(i) <= text.charAt(i + j - 1)
[04/24 17:42:24] [INFO   ] org.mutationtesting.major.mutation.Mutator.nextMutant:
    Creating mutant 34
[04/24 17:42:24] [INFO   ] org.mutationtesting.major.mutation.Mutator.logMutant:
    Logging mutant 34: Solution.numDistinct(line 24, col 37)
            mutation operator group:   ROR
            mutation operator:         ==(int,int) |==> >=(int,int)
            original:                  text2.charAt(i) == text.charAt(i + j - 1) 
            mutant:                    text2.charAt(i) >= text.charAt(i + j - 1)
[04/24 17:42:24] [INFO   ] org.mutationtesting.major.mutation.Mutator.nextMutant:
    Creating mutant 35
[04/24 17:42:24] [INFO   ] org.mutationtesting.major.mutation.Mutator.logMutant:
    Logging mutant 35: Solution.numDistinct(line 24, col 37)
            mutation operator group:   ROR
            mutation operator:         ==(int,int) |==> FALSE(int,int)
            original:                  text2.charAt(i) == text.charAt(i + j - 1) 
            mutant:                    false
[04/24 17:42:24] [INFO   ] org.mutationtesting.major.mutation.Mutator.nextMutant:
    Creating mutant 36
[04/24 17:42:24] [INFO   ] org.mutationtesting.major.mutation.Mutator.nextMutant:
    Creating mutant 37
[04/24 17:42:24] [INFO   ] org.mutationtesting.major.mutation.Mutator.logMutant:
    Logging mutant 36: Solution.numDistinct(line 25, col 25)
            mutation operator group:   COR
            mutation operator:         <IDENTIFIER(boolean)> |==> TRUE
            original:                  firstMatch 
            mutant:                    false
[04/24 17:42:24] [INFO   ] org.mutationtesting.major.mutation.Mutator.logMutant:
    Logging mutant 37: Solution.numDistinct(line 25, col 25)
            mutation operator group:   COR
            mutation operator:         <IDENTIFIER(boolean)> |==> FALSE
            original:                  firstMatch 
            mutant:                    true
[04/24 17:42:24] [INFO   ] org.mutationtesting.major.mutation.Mutator.nextMutant:
    Creating mutant 38
[04/24 17:42:24] [INFO   ] org.mutationtesting.major.mutation.Mutator.logMutantSTD:
    Logging mutantSTD 38: (STD) k = j; -> <NO-OP>
[04/24 17:42:24] [INFO   ] org.mutationtesting.major.mutation.Mutator.nextMutant:
    Creating mutant 39
[04/24 17:42:24] [INFO   ] org.mutationtesting.major.mutation.Mutator.logMutantSTD:
    Logging mutantSTD 39: (STD) firstMatch = false; -> <NO-OP>
[04/24 17:42:24] [INFO   ] org.mutationtesting.major.mutation.Mutator.nextMutant:
    Creating mutant 40
[04/24 17:42:24] [INFO   ] org.mutationtesting.major.mutation.Mutator.logMutant:
    Logging mutant 40: Solution.numDistinct(line 31, col 27)
            mutation operator group:   ROR
            mutation operator:         ==(int,int) |==> <=(int,int)
            original:                  i == 0 
            mutant:                    i <= 0
[04/24 17:42:24] [INFO   ] org.mutationtesting.major.mutation.Mutator.nextMutant:
    Creating mutant 41
[04/24 17:42:24] [INFO   ] org.mutationtesting.major.mutation.Mutator.logMutant:
    Logging mutant 41: Solution.numDistinct(line 31, col 27)
            mutation operator group:   ROR
            mutation operator:         ==(int,int) |==> >=(int,int)
            original:                  i == 0 
            mutant:                    i >= 0
[04/24 17:42:24] [INFO   ] org.mutationtesting.major.mutation.Mutator.nextMutant:
    Creating mutant 42
[04/24 17:42:24] [INFO   ] org.mutationtesting.major.mutation.Mutator.logMutant:
    Logging mutant 42: Solution.numDistinct(line 31, col 27)
            mutation operator group:   ROR
            mutation operator:         ==(int,int) |==> FALSE(int,int)
            original:                  i == 0 
            mutant:                    false
[04/24 17:42:24] [INFO   ] org.mutationtesting.major.mutation.Mutator.nextMutant:
    Creating mutant 43
[04/24 17:42:24] [INFO   ] org.mutationtesting.major.mutation.Mutator.logMutantSTD:
    Logging mutantSTD 43: (STD) dp[j] = 1; -> <NO-OP>
[04/24 17:42:24] [INFO   ] org.mutationtesting.major.mutation.Mutator.nextMutant:
    Creating mutant 44
[04/24 17:42:24] [INFO   ] org.mutationtesting.major.mutation.Mutator.logMutant:
    Logging mutant 44: Solution.numDistinct(line 34, col 35)
            mutation operator group:   AOR
            mutation operator:         -(int,int) |==> %(int,int)
            original:                  j - 1 
            mutant:                    j % 1
[04/24 17:42:24] [INFO   ] org.mutationtesting.major.mutation.Mutator.nextMutant:
    Creating mutant 45
[04/24 17:42:24] [INFO   ] org.mutationtesting.major.mutation.Mutator.logMutant:
    Logging mutant 45: Solution.numDistinct(line 34, col 35)
            mutation operator group:   AOR
            mutation operator:         -(int,int) |==> *(int,int)
            original:                  j - 1 
            mutant:                    j * 1
[04/24 17:42:24] [INFO   ] org.mutationtesting.major.mutation.Mutator.nextMutant:
    Creating mutant 46
[04/24 17:42:24] [INFO   ] org.mutationtesting.major.mutation.Mutator.logMutant:
    Logging mutant 46: Solution.numDistinct(line 34, col 35)
            mutation operator group:   AOR
            mutation operator:         -(int,int) |==> +(int,int)
            original:                  j - 1 
            mutant:                    j + 1
[04/24 17:42:24] [INFO   ] org.mutationtesting.major.mutation.Mutator.nextMutant:
    Creating mutant 47
[04/24 17:42:24] [INFO   ] org.mutationtesting.major.mutation.Mutator.logMutant:
    Logging mutant 47: Solution.numDistinct(line 34, col 35)
            mutation operator group:   AOR
            mutation operator:         -(int,int) |==> /(int,int)
            original:                  j - 1 
            mutant:                    j / 1
[04/24 17:42:24] [INFO   ] org.mutationtesting.major.mutation.Mutator.nextMutant:
    Creating mutant 48
[04/24 17:42:24] [INFO   ] org.mutationtesting.major.mutation.Mutator.logMutantSTD:
    Logging mutantSTD 48: (STD) dp[j] += dp[j - 1]; -> <NO-OP>
[04/24 17:42:24] [INFO   ] org.mutationtesting.major.mutation.Mutator.nextMutant:
    Creating mutant 49
[04/24 17:42:24] [INFO   ] org.mutationtesting.major.mutation.Mutator.logMutant:
    Logging mutant 49: Solution.numDistinct(line 36, col 34)
            mutation operator group:   AOR
            mutation operator:         -(int,int) |==> %(int,int)
            original:                  j - 1 
            mutant:                    j % 1
[04/24 17:42:24] [INFO   ] org.mutationtesting.major.mutation.Mutator.nextMutant:
    Creating mutant 50
[04/24 17:42:24] [INFO   ] org.mutationtesting.major.mutation.Mutator.logMutant:
    Logging mutant 50: Solution.numDistinct(line 36, col 34)
            mutation operator group:   AOR
            mutation operator:         -(int,int) |==> *(int,int)
            original:                  j - 1 
            mutant:                    j * 1
[04/24 17:42:24] [INFO   ] org.mutationtesting.major.mutation.Mutator.nextMutant:
    Creating mutant 51
[04/24 17:42:24] [INFO   ] org.mutationtesting.major.mutation.Mutator.logMutant:
    Logging mutant 51: Solution.numDistinct(line 36, col 34)
            mutation operator group:   AOR
            mutation operator:         -(int,int) |==> +(int,int)
            original:                  j - 1 
            mutant:                    j + 1
[04/24 17:42:24] [INFO   ] org.mutationtesting.major.mutation.Mutator.nextMutant:
    Creating mutant 52
[04/24 17:42:24] [INFO   ] org.mutationtesting.major.mutation.Mutator.logMutant:
    Logging mutant 52: Solution.numDistinct(line 36, col 34)
            mutation operator group:   AOR
            mutation operator:         -(int,int) |==> /(int,int)
            original:                  j - 1 
            mutant:                    j / 1
[04/24 17:42:24] [INFO   ] org.mutationtesting.major.mutation.Mutator.nextMutant:
    Creating mutant 53
[04/24 17:42:24] [INFO   ] org.mutationtesting.major.mutation.Mutator.logMutantSTD:
    Logging mutantSTD 53: (STD) dp[j] = dp[j - 1]; -> <NO-OP>
[04/24 17:42:24] [INFO   ] org.mutationtesting.major.mutation.Mutator.nextMutant:
    Creating mutant 54
[04/24 17:42:24] [INFO   ] org.mutationtesting.major.mutation.Mutator.logMutant:
    Logging mutant 54: Solution.numDistinct(line 40, col 25)
            mutation operator group:   AOR
            mutation operator:         -(int,int) |==> %(int,int)
            original:                  move - 1 
            mutant:                    move % 1
[04/24 17:42:24] [INFO   ] org.mutationtesting.major.mutation.Mutator.nextMutant:
    Creating mutant 55
[04/24 17:42:24] [INFO   ] org.mutationtesting.major.mutation.Mutator.logMutant:
    Logging mutant 55: Solution.numDistinct(line 40, col 25)
            mutation operator group:   AOR
            mutation operator:         -(int,int) |==> *(int,int)
            original:                  move - 1 
            mutant:                    move * 1
[04/24 17:42:24] [INFO   ] org.mutationtesting.major.mutation.Mutator.nextMutant:
    Creating mutant 56
[04/24 17:42:24] [INFO   ] org.mutationtesting.major.mutation.Mutator.logMutant:
    Logging mutant 56: Solution.numDistinct(line 40, col 25)
            mutation operator group:   AOR
            mutation operator:         -(int,int) |==> +(int,int)
            original:                  move - 1 
            mutant:                    move + 1
[04/24 17:42:24] [INFO   ] org.mutationtesting.major.mutation.Mutator.nextMutant:
    Creating mutant 57
[04/24 17:42:24] [INFO   ] org.mutationtesting.major.mutation.Mutator.logMutant:
    Logging mutant 57: Solution.numDistinct(line 40, col 25)
            mutation operator group:   AOR
            mutation operator:         -(int,int) |==> /(int,int)
            original:                  move - 1 
            mutant:                    move / 1
[04/24 17:42:24] [INFO   ] org.mutationtesting.major.mutation.Mutator.nextMutant:
    Creating mutant 58
[04/24 17:42:24] [INFO   ] org.mutationtesting.major.mutation.Mutator.logMutant:
    Logging mutant 58: Solution.numDistinct(line 40, col 30)
            mutation operator group:   ROR
            mutation operator:         ==(int,int) |==> <=(int,int)
            original:                  dp[move - 1] == 0 
            mutant:                    dp[move - 1] <= 0
[04/24 17:42:24] [INFO   ] org.mutationtesting.major.mutation.Mutator.nextMutant:
    Creating mutant 59
[04/24 17:42:24] [INFO   ] org.mutationtesting.major.mutation.Mutator.logMutant:
    Logging mutant 59: Solution.numDistinct(line 40, col 30)
            mutation operator group:   ROR
            mutation operator:         ==(int,int) |==> >=(int,int)
            original:                  dp[move - 1] == 0 
            mutant:                    dp[move - 1] >= 0
[04/24 17:42:24] [INFO   ] org.mutationtesting.major.mutation.Mutator.nextMutant:
    Creating mutant 60
[04/24 17:42:24] [INFO   ] org.mutationtesting.major.mutation.Mutator.logMutant:
    Logging mutant 60: Solution.numDistinct(line 40, col 30)
            mutation operator group:   ROR
            mutation operator:         ==(int,int) |==> FALSE(int,int)
            original:                  dp[move - 1] == 0 
            mutant:                    false
[04/24 17:42:24] [INFO   ] org.mutationtesting.major.mutation.Mutator.nextMutant:
    Creating mutant 61
[04/24 17:42:24] [INFO   ] org.mutationtesting.major.mutation.Mutator.logMutantSTD:
    Logging mutantSTD 61: (STD) return 0; -> <NO-OP>
[04/24 17:42:24] [INFO   ] org.mutationtesting.major.mutation.Mutator.nextMutant:
    Creating mutant 62
[04/24 17:42:24] [INFO   ] org.mutationtesting.major.mutation.Mutator.logMutantSTD:
    Logging mutantSTD 62: (STD) j = k; -> <NO-OP>
[04/24 17:42:24] [INFO   ] org.mutationtesting.major.mutation.Mutator.nextMutant:
    Creating mutant 63
[04/24 17:42:24] [INFO   ] org.mutationtesting.major.mutation.Mutator.logMutant:
    Logging mutant 63: Solution.numDistinct(line 45, col 24)
            mutation operator group:   AOR
            mutation operator:         -(int,int) |==> %(int,int)
            original:                  move - 1 
            mutant:                    move % 1
[04/24 17:42:24] [INFO   ] org.mutationtesting.major.mutation.Mutator.nextMutant:
    Creating mutant 64
[04/24 17:42:24] [INFO   ] org.mutationtesting.major.mutation.Mutator.logMutant:
    Logging mutant 64: Solution.numDistinct(line 45, col 24)
            mutation operator group:   AOR
            mutation operator:         -(int,int) |==> *(int,int)
            original:                  move - 1 
            mutant:                    move * 1
[04/24 17:42:24] [INFO   ] org.mutationtesting.major.mutation.Mutator.nextMutant:
    Creating mutant 65
[04/24 17:42:24] [INFO   ] org.mutationtesting.major.mutation.Mutator.logMutant:
    Logging mutant 65: Solution.numDistinct(line 45, col 24)
            mutation operator group:   AOR
            mutation operator:         -(int,int) |==> +(int,int)
            original:                  move - 1 
            mutant:                    move + 1
[04/24 17:42:24] [INFO   ] org.mutationtesting.major.mutation.Mutator.nextMutant:
    Creating mutant 66
[04/24 17:42:24] [INFO   ] org.mutationtesting.major.mutation.Mutator.logMutant:
    Logging mutant 66: Solution.numDistinct(line 45, col 24)
            mutation operator group:   AOR
            mutation operator:         -(int,int) |==> /(int,int)
            original:                  move - 1 
            mutant:                    move / 1
[04/24 17:42:24] [INFO   ] org.mutationtesting.major.plugin.MajorPluginTaskListener.mutate:
    Generated 66 mutants (101 ms)
