ERROR:root:Failed to parse \Q K.(exists x.(_1{CD}(x) & exists z1.(_stone{NNS}(z1) & _3{CD}(z1) & TrueP & (Dat(x) = z1)) & exists z2.(_heap{NN}(z2) & TrueP & _from{IN}(x,z2)))(Q))(K). Error: The function '(_1{CD}(x) & exists z1.(_stone{NNS}(z1) & _3{CD}(z1) & TrueP & (Dat(x) = z1)) & exists z2.(_heap{NN}(z2) & TrueP & _from{IN}(x,z2)))' is not a Lambda Expression, an Application Expression, or a functional predicate, so it may not take arguments.
\Q K.(exists x.(_1{CD}(x) & exists z1.(_stone{NNS}(z1) & _3{CD}(z1) & TrueP & (Dat(x) = z1)) & exists z2.(_heap{NN}(z2) & TrueP & _from{IN}(x,z2)))(Q))(K)
                                                                                                                                                  ^
ERROR:root:An error occurred: The function '(_1{CD}(x) & exists z1.(_stone{NNS}(z1) & _3{CD}(z1) & TrueP & (Dat(x) = z1)) & exists z2.(_heap{NN}(z2) & TrueP & _from{IN}(x,z2)))' is not a Lambda Expression, an Application Expression, or a functional predicate, so it may not take arguments.
\Q K.(exists x.(_1{CD}(x) & exists z1.(_stone{NNS}(z1) & _3{CD}(z1) & TrueP & (Dat(x) = z1)) & exists z2.(_heap{NN}(z2) & TrueP & _from{IN}(x,z2)))(Q))(K)
                                                                                                                                                  ^
Sentence: On each turn , the person whose turn it is will remove 1 to 3 stones from the heap .
Tree XML:
<sentence>
  <tokens>
    <token start="0" span="1" pos="IN" chunk="I-PP" entity="O" cat="PP/NP" id="t0_0" surf="On" base="on"/>
    <token start="1" span="1" pos="DT" chunk="I-NP" entity="O" cat="NP[nb]/N" id="t0_1" surf="each" base="each"/>
    <token start="2" span="1" pos="NN" chunk="I-NP" entity="O" cat="N" id="t0_2" surf="turn" base="turn"/>
    <token start="3" span="1" pos="," chunk="O" entity="O" cat="," id="t0_3" surf="," base=","/>
    <token start="4" span="1" pos="DT" chunk="I-NP" entity="O" cat="NP[nb]/N" id="t0_4" surf="the" base="the"/>
    <token start="5" span="1" pos="NN" chunk="I-NP" entity="O" cat="N" id="t0_5" surf="person" base="person"/>
    <token start="6" span="1" pos="WP$" chunk="B-NP" entity="O" cat="((NP\NP)/(S[dcl]\NP))/N" id="t0_6" surf="whose" base="whose"/>
    <token start="7" span="1" pos="NN" chunk="I-NP" entity="O" cat="N/S[dcl]" id="t0_7" surf="turn" base="turn"/>
    <token start="8" span="1" pos="PRP" chunk="B-NP" entity="O" cat="NP" id="t0_8" surf="it" base="it"/>
    <token start="9" span="1" pos="VBZ" chunk="I-VP" entity="O" cat="S[dcl]\NP" id="t0_9" surf="is" base="be"/>
    <token start="10" span="1" pos="MD" chunk="B-VP" entity="O" cat="(S[dcl]\NP)/(S[b]\NP)" id="t0_10" surf="will" base="will"/>
    <token start="11" span="1" pos="VB" chunk="I-VP" entity="O" cat="(((S[b]\NP)/PP)/PP)/NP" id="t0_11" surf="remove" base="remove"/>
    <token start="12" span="1" pos="CD" chunk="I-NP" entity="O" cat="N[num]" id="t0_12" surf="1" base="1"/>
    <token start="13" span="1" pos="TO" chunk="I-PP" entity="O" cat="PP/NP" id="t0_13" surf="to" base="to"/>
    <token start="14" span="1" pos="CD" chunk="I-NP" entity="O" cat="N/N" id="t0_14" surf="3" base="3"/>
    <token start="15" span="1" pos="NNS" chunk="I-NP" entity="O" cat="N" id="t0_15" surf="stones" base="stone"/>
    <token start="16" span="1" pos="IN" chunk="I-PP" entity="O" cat="PP/NP" id="t0_16" surf="from" base="from"/>
    <token start="17" span="1" pos="DT" chunk="I-NP" entity="O" cat="NP[nb]/N" id="t0_17" surf="the" base="the"/>
    <token start="18" span="1" pos="NN" chunk="I-NP" entity="O" cat="N" id="t0_18" surf="heap" base="heap"/>
    <token start="19" span="1" pos="." chunk="O" entity="O" cat="." id="t0_19" surf="." base="."/>
  </tokens>
  <ccg root="s0_sp0" id="s0_ccg0">
    <span root="true" id="s0_sp0" child="s0_sp1 s0_sp40" category="PP" rule="rp"/>
    <span id="s0_sp1" child="s0_sp2 s0_sp3" category="PP" rule="fa"/>
    <span start="0" span="1" pos="IN" chunk="I-PP" entity="O" id="s0_sp2" surf="On" base="on" terminal="t0_0" category="PP/NP"/>
    <span id="s0_sp3" child="s0_sp4 s0_sp7" category="NP" rule="ba"/>
    <span id="s0_sp4" child="s0_sp5 s0_sp6" category="NP[nb=true]" rule="fa"/>
    <span start="1" span="1" pos="DT" chunk="I-NP" entity="O" id="s0_sp5" surf="each" base="each" terminal="t0_1" category="NP[nb=true]/N"/>
    <span start="2" span="1" pos="NN" chunk="I-NP" entity="O" id="s0_sp6" surf="turn" base="turn" terminal="t0_2" category="N"/>
    <span id="s0_sp7" child="s0_sp8 s0_sp9" category="NP\NP" rule="conj"/>
    <span start="3" span="1" pos="," chunk="O" entity="O" id="s0_sp8" surf="," base="," terminal="t0_3" category="=true,"/>
    <span id="s0_sp9" child="s0_sp10 s0_sp13" category="NP" rule="ba"/>
    <span id="s0_sp10" child="s0_sp11 s0_sp12" category="NP[nb=true]" rule="fa"/>
    <span start="4" span="1" pos="DT" chunk="I-NP" entity="O" id="s0_sp11" surf="the" base="the" terminal="t0_4" category="NP[nb=true]/N"/>
    <span start="5" span="1" pos="NN" chunk="I-NP" entity="O" id="s0_sp12" surf="person" base="person" terminal="t0_5" category="N"/>
    <span id="s0_sp13" child="s0_sp14 s0_sp21" category="NP\NP" rule="fa"/>
    <span id="s0_sp14" child="s0_sp15 s0_sp16" category="(NP\NP)/(S[dcl=true]\NP)" rule="fa"/>
    <span start="6" span="1" pos="WP$" chunk="B-NP" entity="O" id="s0_sp15" surf="whose" base="whose" terminal="t0_6" category="((NP\NP)/(S[dcl=true]\NP))/N"/>
    <span id="s0_sp16" child="s0_sp17 s0_sp18" category="N" rule="fa"/>
    <span start="7" span="1" pos="NN" chunk="I-NP" entity="O" id="s0_sp17" surf="turn" base="turn" terminal="t0_7" category="N/S[dcl=true]"/>
    <span id="s0_sp18" child="s0_sp19 s0_sp20" category="S[dcl=true]" rule="ba"/>
    <span start="8" span="1" pos="PRP" chunk="B-NP" entity="O" id="s0_sp19" surf="it" base="it" terminal="t0_8" category="NP"/>
    <span start="9" span="1" pos="VBZ" chunk="I-VP" entity="O" id="s0_sp20" surf="is" base="be" terminal="t0_9" category="S[dcl=true]\NP"/>
    <span id="s0_sp21" child="s0_sp22 s0_sp23" category="S[dcl=true]\NP" rule="fa"/>
    <span start="10" span="1" pos="MD" chunk="B-VP" entity="O" id="s0_sp22" surf="will" base="will" terminal="t0_10" category="(S[dcl=true]\NP)/(S[b=true]\NP)"/>
    <span id="s0_sp23" child="s0_sp24 s0_sp35" category="S[b=true]\NP" rule="fa"/>
    <span id="s0_sp24" child="s0_sp25 s0_sp29" category="(S[b=true]\NP)/PP" rule="fa"/>
    <span id="s0_sp25" child="s0_sp26 s0_sp27" category="((S[b=true]\NP)/PP)/PP" rule="fa"/>
    <span start="11" span="1" pos="VB" chunk="I-VP" entity="O" id="s0_sp26" surf="remove" base="remove" terminal="t0_11" category="(((S[b=true]\NP)/PP)/PP)/NP"/>
    <span id="s0_sp27" child="s0_sp28" category="NP" rule="lex"/>
    <span start="12" span="1" pos="CD" chunk="I-NP" entity="O" id="s0_sp28" surf="1" base="1" terminal="t0_12" category="N[num=true]"/>
    <span id="s0_sp29" child="s0_sp30 s0_sp31" category="PP" rule="fa"/>
    <span start="13" span="1" pos="TO" chunk="I-PP" entity="O" id="s0_sp30" surf="to" base="to" terminal="t0_13" category="PP/NP"/>
    <span id="s0_sp31" child="s0_sp32" category="NP" rule="lex"/>
    <span id="s0_sp32" child="s0_sp33 s0_sp34" category="N" rule="fa"/>
    <span start="14" span="1" pos="CD" chunk="I-NP" entity="O" id="s0_sp33" surf="3" base="3" terminal="t0_14" category="N/N"/>
    <span start="15" span="1" pos="NNS" chunk="I-NP" entity="O" id="s0_sp34" surf="stones" base="stone" terminal="t0_15" category="N"/>
    <span id="s0_sp35" child="s0_sp36 s0_sp37" category="PP" rule="fa"/>
    <span start="16" span="1" pos="IN" chunk="I-PP" entity="O" id="s0_sp36" surf="from" base="from" terminal="t0_16" category="PP/NP"/>
    <span id="s0_sp37" child="s0_sp38 s0_sp39" category="NP[nb=true]" rule="fa"/>
    <span start="17" span="1" pos="DT" chunk="I-NP" entity="O" id="s0_sp38" surf="the" base="the" terminal="t0_17" category="NP[nb=true]/N"/>
    <span start="18" span="1" pos="NN" chunk="I-NP" entity="O" id="s0_sp39" surf="heap" base="heap" terminal="t0_18" category="N"/>
    <span start="19" span="1" pos="." chunk="O" entity="O" id="s0_sp40" surf="." base="." terminal="t0_19" category="."/>
  </ccg>
</sentence>

