[04/24 17:42:10] [INFO   ] org.mutationtesting.major.plugin.MajorPluginTaskListener.<init>:
    Created MajorPluginTaskListener with options: [mml:../../major/mml/all.mml.bin]
[04/24 17:42:10] [INFO   ] org.mutationtesting.major.mutation.Mutator.initOperatorSymbols:
    Initializing operator symbols for opcode mapping
[04/24 17:42:10] [INFO   ] org.mutationtesting.major.mutation.Mutator.mutateTree:
    Mutating tree: Env[AttrContext[Scope[super, this]],outer=Env[AttrContext[Scope[g0001_0100.s0069_sqrtx.Solution]]]]
[04/24 17:42:10] [INFO   ] org.mutationtesting.major.mutation.Mutator.visitClassDef:
    CLASS: g0001_0100.s0069_sqrtx.Solution
[04/24 17:42:10] [INFO   ] org.mutationtesting.major.mutation.Mutator.visitMethodDef:
    METHOD: <init>([])null
[04/24 17:42:10] [INFO   ] org.mutationtesting.major.mutation.Mutator.visitMethodDef:
    METHOD: mySqrt([int x])int
[04/24 17:42:10] [INFO   ] org.mutationtesting.major.mutation.Mutator.nextMutant:
    Creating mutant 1
[04/24 17:42:10] [INFO   ] org.mutationtesting.major.mutation.Mutator.logMutant:
    Logging mutant 1: Solution.mySqrt(line 10, col 21)
            mutation operator group:   AOR
            mutation operator:         /(int,int) |==> %(int,int)
            original:                  x / 2 
            mutant:                    x % 2
[04/24 17:42:10] [INFO   ] org.mutationtesting.major.mutation.Mutator.nextMutant:
    Creating mutant 2
[04/24 17:42:10] [INFO   ] org.mutationtesting.major.mutation.Mutator.logMutant:
    Logging mutant 2: Solution.mySqrt(line 10, col 21)
            mutation operator group:   AOR
            mutation operator:         /(int,int) |==> *(int,int)
            original:                  x / 2 
            mutant:                    x * 2
[04/24 17:42:10] [INFO   ] org.mutationtesting.major.mutation.Mutator.nextMutant:
    Creating mutant 3
[04/24 17:42:10] [INFO   ] org.mutationtesting.major.mutation.Mutator.logMutant:
    Logging mutant 3: Solution.mySqrt(line 10, col 21)
            mutation operator group:   AOR
            mutation operator:         /(int,int) |==> +(int,int)
            original:                  x / 2 
            mutant:                    x + 2
[04/24 17:42:10] [INFO   ] org.mutationtesting.major.mutation.Mutator.nextMutant:
    Creating mutant 4
[04/24 17:42:10] [INFO   ] org.mutationtesting.major.mutation.Mutator.logMutant:
    Logging mutant 4: Solution.mySqrt(line 10, col 21)
            mutation operator group:   AOR
            mutation operator:         /(int,int) |==> -(int,int)
            original:                  x / 2 
            mutant:                    x - 2
[04/24 17:42:10] [INFO   ] org.mutationtesting.major.mutation.Mutator.nextMutant:
    Creating mutant 5
[04/24 17:42:10] [INFO   ] org.mutationtesting.major.mutation.Mutator.logMutant:
    Logging mutant 5: Solution.mySqrt(line 11, col 33)
            mutation operator group:   AOR
            mutation operator:         -(int,int) |==> %(int,int)
            original:                  end - start 
            mutant:                    end % start
[04/24 17:42:10] [INFO   ] org.mutationtesting.major.mutation.Mutator.nextMutant:
    Creating mutant 6
[04/24 17:42:10] [INFO   ] org.mutationtesting.major.mutation.Mutator.logMutant:
    Logging mutant 6: Solution.mySqrt(line 11, col 33)
            mutation operator group:   AOR
            mutation operator:         -(int,int) |==> *(int,int)
            original:                  end - start 
            mutant:                    end * start
[04/24 17:42:10] [INFO   ] org.mutationtesting.major.mutation.Mutator.nextMutant:
    Creating mutant 7
[04/24 17:42:10] [INFO   ] org.mutationtesting.major.mutation.Mutator.logMutant:
    Logging mutant 7: Solution.mySqrt(line 11, col 33)
            mutation operator group:   AOR
            mutation operator:         -(int,int) |==> +(int,int)
            original:                  end - start 
            mutant:                    end + start
[04/24 17:42:10] [INFO   ] org.mutationtesting.major.mutation.Mutator.nextMutant:
    Creating mutant 8
[04/24 17:42:10] [INFO   ] org.mutationtesting.major.mutation.Mutator.logMutant:
    Logging mutant 8: Solution.mySqrt(line 11, col 33)
            mutation operator group:   AOR
            mutation operator:         -(int,int) |==> /(int,int)
            original:                  end - start 
            mutant:                    end / start
[04/24 17:42:10] [INFO   ] org.mutationtesting.major.mutation.Mutator.nextMutant:
    Creating mutant 9
[04/24 17:42:10] [INFO   ] org.mutationtesting.major.mutation.Mutator.logMutant:
    Logging mutant 9: Solution.mySqrt(line 11, col 42)
            mutation operator group:   AOR
            mutation operator:         /(int,int) |==> %(int,int)
            original:                  (end - start) / 2 
            mutant:                    (end - start) % 2
[04/24 17:42:10] [INFO   ] org.mutationtesting.major.mutation.Mutator.nextMutant:
    Creating mutant 10
[04/24 17:42:10] [INFO   ] org.mutationtesting.major.mutation.Mutator.logMutant:
    Logging mutant 10: Solution.mySqrt(line 11, col 42)
            mutation operator group:   AOR
            mutation operator:         /(int,int) |==> *(int,int)
            original:                  (end - start) / 2 
            mutant:                    (end - start) * 2
[04/24 17:42:10] [INFO   ] org.mutationtesting.major.mutation.Mutator.nextMutant:
    Creating mutant 11
[04/24 17:42:10] [INFO   ] org.mutationtesting.major.mutation.Mutator.logMutant:
    Logging mutant 11: Solution.mySqrt(line 11, col 42)
            mutation operator group:   AOR
            mutation operator:         /(int,int) |==> +(int,int)
            original:                  (end - start) / 2 
            mutant:                    (end - start) + 2
[04/24 17:42:10] [INFO   ] org.mutationtesting.major.mutation.Mutator.nextMutant:
    Creating mutant 12
[04/24 17:42:10] [INFO   ] org.mutationtesting.major.mutation.Mutator.logMutant:
    Logging mutant 12: Solution.mySqrt(line 11, col 42)
            mutation operator group:   AOR
            mutation operator:         /(int,int) |==> -(int,int)
            original:                  (end - start) / 2 
            mutant:                    (end - start) - 2
[04/24 17:42:10] [INFO   ] org.mutationtesting.major.mutation.Mutator.nextMutant:
    Creating mutant 13
[04/24 17:42:10] [INFO   ] org.mutationtesting.major.mutation.Mutator.logMutant:
    Logging mutant 13: Solution.mySqrt(line 11, col 26)
            mutation operator group:   AOR
            mutation operator:         +(int,int) |==> %(int,int)
            original:                  start + (end - start) / 2 
            mutant:                    start % ((end - start) / 2)
[04/24 17:42:10] [INFO   ] org.mutationtesting.major.mutation.Mutator.nextMutant:
    Creating mutant 14
[04/24 17:42:10] [INFO   ] org.mutationtesting.major.mutation.Mutator.logMutant:
    Logging mutant 14: Solution.mySqrt(line 11, col 26)
            mutation operator group:   AOR
            mutation operator:         +(int,int) |==> *(int,int)
            original:                  start + (end - start) / 2 
            mutant:                    start * ((end - start) / 2)
[04/24 17:42:10] [INFO   ] org.mutationtesting.major.mutation.Mutator.nextMutant:
    Creating mutant 15
[04/24 17:42:10] [INFO   ] org.mutationtesting.major.mutation.Mutator.logMutant:
    Logging mutant 15: Solution.mySqrt(line 11, col 26)
            mutation operator group:   AOR
            mutation operator:         +(int,int) |==> -(int,int)
            original:                  start + (end - start) / 2 
            mutant:                    start - (end - start) / 2
[04/24 17:42:10] [INFO   ] org.mutationtesting.major.mutation.Mutator.nextMutant:
    Creating mutant 16
[04/24 17:42:10] [INFO   ] org.mutationtesting.major.mutation.Mutator.logMutant:
    Logging mutant 16: Solution.mySqrt(line 11, col 26)
            mutation operator group:   AOR
            mutation operator:         +(int,int) |==> /(int,int)
            original:                  start + (end - start) / 2 
            mutant:                    start / ((end - start) / 2)
[04/24 17:42:10] [INFO   ] org.mutationtesting.major.mutation.Mutator.nextMutant:
    Creating mutant 17
[04/24 17:42:10] [INFO   ] org.mutationtesting.major.mutation.Mutator.logMutant:
    Logging mutant 17: Solution.mySqrt(line 12, col 15)
            mutation operator group:   ROR
            mutation operator:         ==(int,int) |==> <=(int,int)
            original:                  x == 0 
            mutant:                    x <= 0
[04/24 17:42:10] [INFO   ] org.mutationtesting.major.mutation.Mutator.nextMutant:
    Creating mutant 18
[04/24 17:42:10] [INFO   ] org.mutationtesting.major.mutation.Mutator.logMutant:
    Logging mutant 18: Solution.mySqrt(line 12, col 15)
            mutation operator group:   ROR
            mutation operator:         ==(int,int) |==> >=(int,int)
            original:                  x == 0 
            mutant:                    x >= 0
[04/24 17:42:10] [INFO   ] org.mutationtesting.major.mutation.Mutator.nextMutant:
    Creating mutant 19
[04/24 17:42:10] [INFO   ] org.mutationtesting.major.mutation.Mutator.logMutant:
    Logging mutant 19: Solution.mySqrt(line 12, col 15)
            mutation operator group:   ROR
            mutation operator:         ==(int,int) |==> FALSE(int,int)
            original:                  x == 0 
            mutant:                    false
[04/24 17:42:10] [INFO   ] org.mutationtesting.major.mutation.Mutator.nextMutant:
    Creating mutant 20
[04/24 17:42:10] [INFO   ] org.mutationtesting.major.mutation.Mutator.logMutantSTD:
    Logging mutantSTD 20: (STD) return 0; -> <NO-OP>
[04/24 17:42:10] [INFO   ] org.mutationtesting.major.mutation.Mutator.nextMutant:
    Creating mutant 21
[04/24 17:42:10] [INFO   ] org.mutationtesting.major.mutation.Mutator.logMutant:
    Logging mutant 21: Solution.mySqrt(line 15, col 22)
            mutation operator group:   ROR
            mutation operator:         <=(int,int) |==> <(int,int)
            original:                  start <= end 
            mutant:                    start < end
[04/24 17:42:10] [INFO   ] org.mutationtesting.major.mutation.Mutator.nextMutant:
    Creating mutant 22
[04/24 17:42:10] [INFO   ] org.mutationtesting.major.mutation.Mutator.logMutant:
    Logging mutant 22: Solution.mySqrt(line 15, col 22)
            mutation operator group:   ROR
            mutation operator:         <=(int,int) |==> ==(int,int)
            original:                  start <= end 
            mutant:                    start == end
[04/24 17:42:10] [INFO   ] org.mutationtesting.major.mutation.Mutator.nextMutant:
    Creating mutant 23
[04/24 17:42:10] [INFO   ] org.mutationtesting.major.mutation.Mutator.logMutant:
    Logging mutant 23: Solution.mySqrt(line 15, col 22)
            mutation operator group:   ROR
            mutation operator:         <=(int,int) |==> TRUE(int,int)
            original:                  start <= end 
            mutant:                    true
[04/24 17:42:10] [INFO   ] org.mutationtesting.major.mutation.Mutator.nextMutant:
    Creating mutant 24
[04/24 17:42:10] [INFO   ] org.mutationtesting.major.mutation.Mutator.logMutant:
    Logging mutant 24: Solution.mySqrt(line 16, col 27)
            mutation operator group:   AOR
            mutation operator:         /(int,int) |==> %(int,int)
            original:                  x / sqrt 
            mutant:                    x % sqrt
[04/24 17:42:10] [INFO   ] org.mutationtesting.major.mutation.Mutator.nextMutant:
    Creating mutant 25
[04/24 17:42:10] [INFO   ] org.mutationtesting.major.mutation.Mutator.logMutant:
    Logging mutant 25: Solution.mySqrt(line 16, col 27)
            mutation operator group:   AOR
            mutation operator:         /(int,int) |==> *(int,int)
            original:                  x / sqrt 
            mutant:                    x * sqrt
[04/24 17:42:10] [INFO   ] org.mutationtesting.major.mutation.Mutator.nextMutant:
    Creating mutant 26
[04/24 17:42:10] [INFO   ] org.mutationtesting.major.mutation.Mutator.logMutant:
    Logging mutant 26: Solution.mySqrt(line 16, col 27)
            mutation operator group:   AOR
            mutation operator:         /(int,int) |==> +(int,int)
            original:                  x / sqrt 
            mutant:                    x + sqrt
[04/24 17:42:10] [INFO   ] org.mutationtesting.major.mutation.Mutator.nextMutant:
    Creating mutant 27
[04/24 17:42:10] [INFO   ] org.mutationtesting.major.mutation.Mutator.logMutant:
    Logging mutant 27: Solution.mySqrt(line 16, col 27)
            mutation operator group:   AOR
            mutation operator:         /(int,int) |==> -(int,int)
            original:                  x / sqrt 
            mutant:                    x - sqrt
[04/24 17:42:10] [INFO   ] org.mutationtesting.major.mutation.Mutator.nextMutant:
    Creating mutant 28
[04/24 17:42:10] [INFO   ] org.mutationtesting.major.mutation.Mutator.logMutant:
    Logging mutant 28: Solution.mySqrt(line 16, col 22)
            mutation operator group:   ROR
            mutation operator:         ==(int,int) |==> <=(int,int)
            original:                  sqrt == x / sqrt 
            mutant:                    sqrt <= x / sqrt
[04/24 17:42:10] [INFO   ] org.mutationtesting.major.mutation.Mutator.nextMutant:
    Creating mutant 29
[04/24 17:42:10] [INFO   ] org.mutationtesting.major.mutation.Mutator.logMutant:
    Logging mutant 29: Solution.mySqrt(line 16, col 22)
            mutation operator group:   ROR
            mutation operator:         ==(int,int) |==> >=(int,int)
            original:                  sqrt == x / sqrt 
            mutant:                    sqrt >= x / sqrt
[04/24 17:42:10] [INFO   ] org.mutationtesting.major.mutation.Mutator.nextMutant:
    Creating mutant 30
[04/24 17:42:10] [INFO   ] org.mutationtesting.major.mutation.Mutator.logMutant:
    Logging mutant 30: Solution.mySqrt(line 16, col 22)
            mutation operator group:   ROR
            mutation operator:         ==(int,int) |==> FALSE(int,int)
            original:                  sqrt == x / sqrt 
            mutant:                    false
[04/24 17:42:10] [INFO   ] org.mutationtesting.major.mutation.Mutator.nextMutant:
    Creating mutant 31
[04/24 17:42:10] [INFO   ] org.mutationtesting.major.mutation.Mutator.logMutantSTD:
    Logging mutantSTD 31: (STD) return sqrt; -> <NO-OP>
[04/24 17:42:10] [INFO   ] org.mutationtesting.major.mutation.Mutator.nextMutant:
    Creating mutant 32
[04/24 17:42:10] [INFO   ] org.mutationtesting.major.mutation.Mutator.logMutant:
    Logging mutant 32: Solution.mySqrt(line 18, col 33)
            mutation operator group:   AOR
            mutation operator:         /(int,int) |==> %(int,int)
            original:                  x / sqrt 
            mutant:                    x % sqrt
[04/24 17:42:10] [INFO   ] org.mutationtesting.major.mutation.Mutator.nextMutant:
    Creating mutant 33
[04/24 17:42:10] [INFO   ] org.mutationtesting.major.mutation.Mutator.logMutant:
    Logging mutant 33: Solution.mySqrt(line 18, col 33)
            mutation operator group:   AOR
            mutation operator:         /(int,int) |==> *(int,int)
            original:                  x / sqrt 
            mutant:                    x * sqrt
[04/24 17:42:10] [INFO   ] org.mutationtesting.major.mutation.Mutator.nextMutant:
    Creating mutant 34
[04/24 17:42:10] [INFO   ] org.mutationtesting.major.mutation.Mutator.logMutant:
    Logging mutant 34: Solution.mySqrt(line 18, col 33)
            mutation operator group:   AOR
            mutation operator:         /(int,int) |==> +(int,int)
            original:                  x / sqrt 
            mutant:                    x + sqrt
[04/24 17:42:10] [INFO   ] org.mutationtesting.major.mutation.Mutator.nextMutant:
    Creating mutant 35
[04/24 17:42:10] [INFO   ] org.mutationtesting.major.mutation.Mutator.logMutant:
    Logging mutant 35: Solution.mySqrt(line 18, col 33)
            mutation operator group:   AOR
            mutation operator:         /(int,int) |==> -(int,int)
            original:                  x / sqrt 
            mutant:                    x - sqrt
[04/24 17:42:10] [INFO   ] org.mutationtesting.major.mutation.Mutator.nextMutant:
    Creating mutant 36
[04/24 17:42:10] [INFO   ] org.mutationtesting.major.mutation.Mutator.logMutant:
    Logging mutant 36: Solution.mySqrt(line 18, col 29)
            mutation operator group:   ROR
            mutation operator:         >(int,int) |==> !=(int,int)
            original:                  sqrt > x / sqrt 
            mutant:                    sqrt != x / sqrt
[04/24 17:42:10] [INFO   ] org.mutationtesting.major.mutation.Mutator.nextMutant:
    Creating mutant 37
[04/24 17:42:10] [INFO   ] org.mutationtesting.major.mutation.Mutator.logMutant:
    Logging mutant 37: Solution.mySqrt(line 18, col 29)
            mutation operator group:   ROR
            mutation operator:         >(int,int) |==> >=(int,int)
            original:                  sqrt > x / sqrt 
            mutant:                    sqrt >= x / sqrt
[04/24 17:42:10] [INFO   ] org.mutationtesting.major.mutation.Mutator.nextMutant:
    Creating mutant 38
[04/24 17:42:10] [INFO   ] org.mutationtesting.major.mutation.Mutator.logMutant:
    Logging mutant 38: Solution.mySqrt(line 18, col 29)
            mutation operator group:   ROR
            mutation operator:         >(int,int) |==> FALSE(int,int)
            original:                  sqrt > x / sqrt 
            mutant:                    false
[04/24 17:42:10] [INFO   ] org.mutationtesting.major.mutation.Mutator.nextMutant:
    Creating mutant 39
[04/24 17:42:10] [INFO   ] org.mutationtesting.major.mutation.Mutator.logMutant:
    Logging mutant 39: Solution.mySqrt(line 19, col 28)
            mutation operator group:   AOR
            mutation operator:         -(int,int) |==> %(int,int)
            original:                  sqrt - 1 
            mutant:                    sqrt % 1
[04/24 17:42:10] [INFO   ] org.mutationtesting.major.mutation.Mutator.nextMutant:
    Creating mutant 40
[04/24 17:42:10] [INFO   ] org.mutationtesting.major.mutation.Mutator.logMutant:
    Logging mutant 40: Solution.mySqrt(line 19, col 28)
            mutation operator group:   AOR
            mutation operator:         -(int,int) |==> *(int,int)
            original:                  sqrt - 1 
            mutant:                    sqrt * 1
[04/24 17:42:10] [INFO   ] org.mutationtesting.major.mutation.Mutator.nextMutant:
    Creating mutant 41
[04/24 17:42:10] [INFO   ] org.mutationtesting.major.mutation.Mutator.logMutant:
    Logging mutant 41: Solution.mySqrt(line 19, col 28)
            mutation operator group:   AOR
            mutation operator:         -(int,int) |==> +(int,int)
            original:                  sqrt - 1 
            mutant:                    sqrt + 1
[04/24 17:42:10] [INFO   ] org.mutationtesting.major.mutation.Mutator.nextMutant:
    Creating mutant 42
[04/24 17:42:10] [INFO   ] org.mutationtesting.major.mutation.Mutator.logMutant:
    Logging mutant 42: Solution.mySqrt(line 19, col 28)
            mutation operator group:   AOR
            mutation operator:         -(int,int) |==> /(int,int)
            original:                  sqrt - 1 
            mutant:                    sqrt / 1
[04/24 17:42:10] [INFO   ] org.mutationtesting.major.mutation.Mutator.nextMutant:
    Creating mutant 43
[04/24 17:42:10] [INFO   ] org.mutationtesting.major.mutation.Mutator.logMutantSTD:
    Logging mutantSTD 43: (STD) end = sqrt - 1; -> <NO-OP>
[04/24 17:42:10] [INFO   ] org.mutationtesting.major.mutation.Mutator.nextMutant:
    Creating mutant 44
[04/24 17:42:10] [INFO   ] org.mutationtesting.major.mutation.Mutator.logMutant:
    Logging mutant 44: Solution.mySqrt(line 20, col 33)
            mutation operator group:   AOR
            mutation operator:         /(int,int) |==> %(int,int)
            original:                  x / sqrt 
            mutant:                    x % sqrt
[04/24 17:42:10] [INFO   ] org.mutationtesting.major.mutation.Mutator.nextMutant:
    Creating mutant 45
[04/24 17:42:10] [INFO   ] org.mutationtesting.major.mutation.Mutator.logMutant:
    Logging mutant 45: Solution.mySqrt(line 20, col 33)
            mutation operator group:   AOR
            mutation operator:         /(int,int) |==> *(int,int)
            original:                  x / sqrt 
            mutant:                    x * sqrt
[04/24 17:42:10] [INFO   ] org.mutationtesting.major.mutation.Mutator.nextMutant:
    Creating mutant 46
[04/24 17:42:10] [INFO   ] org.mutationtesting.major.mutation.Mutator.logMutant:
    Logging mutant 46: Solution.mySqrt(line 20, col 33)
            mutation operator group:   AOR
            mutation operator:         /(int,int) |==> +(int,int)
            original:                  x / sqrt 
            mutant:                    x + sqrt
[04/24 17:42:10] [INFO   ] org.mutationtesting.major.mutation.Mutator.nextMutant:
    Creating mutant 47
[04/24 17:42:10] [INFO   ] org.mutationtesting.major.mutation.Mutator.logMutant:
    Logging mutant 47: Solution.mySqrt(line 20, col 33)
            mutation operator group:   AOR
            mutation operator:         /(int,int) |==> -(int,int)
            original:                  x / sqrt 
            mutant:                    x - sqrt
[04/24 17:42:10] [INFO   ] org.mutationtesting.major.mutation.Mutator.nextMutant:
    Creating mutant 48
[04/24 17:42:10] [INFO   ] org.mutationtesting.major.mutation.Mutator.logMutant:
    Logging mutant 48: Solution.mySqrt(line 20, col 29)
            mutation operator group:   ROR
            mutation operator:         <(int,int) |==> !=(int,int)
            original:                  sqrt < x / sqrt 
            mutant:                    sqrt != x / sqrt
[04/24 17:42:10] [INFO   ] org.mutationtesting.major.mutation.Mutator.nextMutant:
    Creating mutant 49
[04/24 17:42:10] [INFO   ] org.mutationtesting.major.mutation.Mutator.logMutant:
    Logging mutant 49: Solution.mySqrt(line 20, col 29)
            mutation operator group:   ROR
            mutation operator:         <(int,int) |==> <=(int,int)
            original:                  sqrt < x / sqrt 
            mutant:                    sqrt <= x / sqrt
[04/24 17:42:10] [INFO   ] org.mutationtesting.major.mutation.Mutator.nextMutant:
    Creating mutant 50
[04/24 17:42:10] [INFO   ] org.mutationtesting.major.mutation.Mutator.logMutant:
    Logging mutant 50: Solution.mySqrt(line 20, col 29)
            mutation operator group:   ROR
            mutation operator:         <(int,int) |==> FALSE(int,int)
            original:                  sqrt < x / sqrt 
            mutant:                    false
[04/24 17:42:10] [INFO   ] org.mutationtesting.major.mutation.Mutator.nextMutant:
    Creating mutant 51
[04/24 17:42:10] [INFO   ] org.mutationtesting.major.mutation.Mutator.logMutant:
    Logging mutant 51: Solution.mySqrt(line 21, col 30)
            mutation operator group:   AOR
            mutation operator:         +(int,int) |==> %(int,int)
            original:                  sqrt + 1 
            mutant:                    sqrt % 1
[04/24 17:42:10] [INFO   ] org.mutationtesting.major.mutation.Mutator.nextMutant:
    Creating mutant 52
[04/24 17:42:10] [INFO   ] org.mutationtesting.major.mutation.Mutator.logMutant:
    Logging mutant 52: Solution.mySqrt(line 21, col 30)
            mutation operator group:   AOR
            mutation operator:         +(int,int) |==> *(int,int)
            original:                  sqrt + 1 
            mutant:                    sqrt * 1
[04/24 17:42:10] [INFO   ] org.mutationtesting.major.mutation.Mutator.nextMutant:
    Creating mutant 53
[04/24 17:42:10] [INFO   ] org.mutationtesting.major.mutation.Mutator.logMutant:
    Logging mutant 53: Solution.mySqrt(line 21, col 30)
            mutation operator group:   AOR
            mutation operator:         +(int,int) |==> -(int,int)
            original:                  sqrt + 1 
            mutant:                    sqrt - 1
[04/24 17:42:10] [INFO   ] org.mutationtesting.major.mutation.Mutator.nextMutant:
    Creating mutant 54
[04/24 17:42:10] [INFO   ] org.mutationtesting.major.mutation.Mutator.logMutant:
    Logging mutant 54: Solution.mySqrt(line 21, col 30)
            mutation operator group:   AOR
            mutation operator:         +(int,int) |==> /(int,int)
            original:                  sqrt + 1 
            mutant:                    sqrt / 1
[04/24 17:42:10] [INFO   ] org.mutationtesting.major.mutation.Mutator.nextMutant:
    Creating mutant 55
[04/24 17:42:10] [INFO   ] org.mutationtesting.major.mutation.Mutator.logMutantSTD:
    Logging mutantSTD 55: (STD) start = sqrt + 1; -> <NO-OP>
[04/24 17:42:10] [INFO   ] org.mutationtesting.major.mutation.Mutator.nextMutant:
    Creating mutant 56
[04/24 17:42:10] [INFO   ] org.mutationtesting.major.mutation.Mutator.logMutant:
    Logging mutant 56: Solution.mySqrt(line 23, col 33)
            mutation operator group:   AOR
            mutation operator:         -(int,int) |==> %(int,int)
            original:                  end - start 
            mutant:                    end % start
[04/24 17:42:10] [INFO   ] org.mutationtesting.major.mutation.Mutator.nextMutant:
    Creating mutant 57
[04/24 17:42:10] [INFO   ] org.mutationtesting.major.mutation.Mutator.logMutant:
    Logging mutant 57: Solution.mySqrt(line 23, col 33)
            mutation operator group:   AOR
            mutation operator:         -(int,int) |==> *(int,int)
            original:                  end - start 
            mutant:                    end * start
[04/24 17:42:10] [INFO   ] org.mutationtesting.major.mutation.Mutator.nextMutant:
    Creating mutant 58
[04/24 17:42:10] [INFO   ] org.mutationtesting.major.mutation.Mutator.logMutant:
    Logging mutant 58: Solution.mySqrt(line 23, col 33)
            mutation operator group:   AOR
            mutation operator:         -(int,int) |==> +(int,int)
            original:                  end - start 
            mutant:                    end + start
[04/24 17:42:10] [INFO   ] org.mutationtesting.major.mutation.Mutator.nextMutant:
    Creating mutant 59
[04/24 17:42:10] [INFO   ] org.mutationtesting.major.mutation.Mutator.logMutant:
    Logging mutant 59: Solution.mySqrt(line 23, col 33)
            mutation operator group:   AOR
            mutation operator:         -(int,int) |==> /(int,int)
            original:                  end - start 
            mutant:                    end / start
[04/24 17:42:10] [INFO   ] org.mutationtesting.major.mutation.Mutator.nextMutant:
    Creating mutant 60
[04/24 17:42:10] [INFO   ] org.mutationtesting.major.mutation.Mutator.logMutant:
    Logging mutant 60: Solution.mySqrt(line 23, col 42)
            mutation operator group:   AOR
            mutation operator:         /(int,int) |==> %(int,int)
            original:                  (end - start) / 2 
            mutant:                    (end - start) % 2
[04/24 17:42:10] [INFO   ] org.mutationtesting.major.mutation.Mutator.nextMutant:
    Creating mutant 61
[04/24 17:42:10] [INFO   ] org.mutationtesting.major.mutation.Mutator.logMutant:
    Logging mutant 61: Solution.mySqrt(line 23, col 42)
            mutation operator group:   AOR
            mutation operator:         /(int,int) |==> *(int,int)
            original:                  (end - start) / 2 
            mutant:                    (end - start) * 2
[04/24 17:42:10] [INFO   ] org.mutationtesting.major.mutation.Mutator.nextMutant:
    Creating mutant 62
[04/24 17:42:10] [INFO   ] org.mutationtesting.major.mutation.Mutator.logMutant:
    Logging mutant 62: Solution.mySqrt(line 23, col 42)
            mutation operator group:   AOR
            mutation operator:         /(int,int) |==> +(int,int)
            original:                  (end - start) / 2 
            mutant:                    (end - start) + 2
[04/24 17:42:10] [INFO   ] org.mutationtesting.major.mutation.Mutator.nextMutant:
    Creating mutant 63
[04/24 17:42:10] [INFO   ] org.mutationtesting.major.mutation.Mutator.logMutant:
    Logging mutant 63: Solution.mySqrt(line 23, col 42)
            mutation operator group:   AOR
            mutation operator:         /(int,int) |==> -(int,int)
            original:                  (end - start) / 2 
            mutant:                    (end - start) - 2
[04/24 17:42:10] [INFO   ] org.mutationtesting.major.mutation.Mutator.nextMutant:
    Creating mutant 64
[04/24 17:42:10] [INFO   ] org.mutationtesting.major.mutation.Mutator.logMutant:
    Logging mutant 64: Solution.mySqrt(line 23, col 26)
            mutation operator group:   AOR
            mutation operator:         +(int,int) |==> %(int,int)
            original:                  start + (end - start) / 2 
            mutant:                    start % ((end - start) / 2)
[04/24 17:42:10] [INFO   ] org.mutationtesting.major.mutation.Mutator.nextMutant:
    Creating mutant 65
[04/24 17:42:10] [INFO   ] org.mutationtesting.major.mutation.Mutator.logMutant:
    Logging mutant 65: Solution.mySqrt(line 23, col 26)
            mutation operator group:   AOR
            mutation operator:         +(int,int) |==> *(int,int)
            original:                  start + (end - start) / 2 
            mutant:                    start * ((end - start) / 2)
[04/24 17:42:10] [INFO   ] org.mutationtesting.major.mutation.Mutator.nextMutant:
    Creating mutant 66
[04/24 17:42:10] [INFO   ] org.mutationtesting.major.mutation.Mutator.logMutant:
    Logging mutant 66: Solution.mySqrt(line 23, col 26)
            mutation operator group:   AOR
            mutation operator:         +(int,int) |==> -(int,int)
            original:                  start + (end - start) / 2 
            mutant:                    start - (end - start) / 2
[04/24 17:42:10] [INFO   ] org.mutationtesting.major.mutation.Mutator.nextMutant:
    Creating mutant 67
[04/24 17:42:10] [INFO   ] org.mutationtesting.major.mutation.Mutator.logMutant:
    Logging mutant 67: Solution.mySqrt(line 23, col 26)
            mutation operator group:   AOR
            mutation operator:         +(int,int) |==> /(int,int)
            original:                  start + (end - start) / 2 
            mutant:                    start / ((end - start) / 2)
[04/24 17:42:10] [INFO   ] org.mutationtesting.major.mutation.Mutator.nextMutant:
    Creating mutant 68
[04/24 17:42:10] [INFO   ] org.mutationtesting.major.mutation.Mutator.logMutantSTD:
    Logging mutantSTD 68: (STD) sqrt = start + (end - start) / 2; -> <NO-OP>
[04/24 17:42:10] [INFO   ] org.mutationtesting.major.mutation.Mutator.nextMutant:
    Creating mutant 69
[04/24 17:42:10] [INFO   ] org.mutationtesting.major.mutation.Mutator.logMutant:
    Logging mutant 69: Solution.mySqrt(line 25, col 22)
            mutation operator group:   AOR
            mutation operator:         /(int,int) |==> %(int,int)
            original:                  x / sqrt 
            mutant:                    x % sqrt
[04/24 17:42:10] [INFO   ] org.mutationtesting.major.mutation.Mutator.nextMutant:
    Creating mutant 70
[04/24 17:42:10] [INFO   ] org.mutationtesting.major.mutation.Mutator.logMutant:
    Logging mutant 70: Solution.mySqrt(line 25, col 22)
            mutation operator group:   AOR
            mutation operator:         /(int,int) |==> *(int,int)
            original:                  x / sqrt 
            mutant:                    x * sqrt
[04/24 17:42:10] [INFO   ] org.mutationtesting.major.mutation.Mutator.nextMutant:
    Creating mutant 71
[04/24 17:42:10] [INFO   ] org.mutationtesting.major.mutation.Mutator.logMutant:
    Logging mutant 71: Solution.mySqrt(line 25, col 22)
            mutation operator group:   AOR
            mutation operator:         /(int,int) |==> +(int,int)
            original:                  x / sqrt 
            mutant:                    x + sqrt
[04/24 17:42:10] [INFO   ] org.mutationtesting.major.mutation.Mutator.nextMutant:
    Creating mutant 72
[04/24 17:42:10] [INFO   ] org.mutationtesting.major.mutation.Mutator.logMutant:
    Logging mutant 72: Solution.mySqrt(line 25, col 22)
            mutation operator group:   AOR
            mutation operator:         /(int,int) |==> -(int,int)
            original:                  x / sqrt 
            mutant:                    x - sqrt
[04/24 17:42:10] [INFO   ] org.mutationtesting.major.mutation.Mutator.nextMutant:
    Creating mutant 73
[04/24 17:42:10] [INFO   ] org.mutationtesting.major.mutation.Mutator.logMutant:
    Logging mutant 73: Solution.mySqrt(line 25, col 18)
            mutation operator group:   ROR
            mutation operator:         >(int,int) |==> !=(int,int)
            original:                  sqrt > x / sqrt 
            mutant:                    sqrt != x / sqrt
[04/24 17:42:10] [INFO   ] org.mutationtesting.major.mutation.Mutator.nextMutant:
    Creating mutant 74
[04/24 17:42:10] [INFO   ] org.mutationtesting.major.mutation.Mutator.logMutant:
    Logging mutant 74: Solution.mySqrt(line 25, col 18)
            mutation operator group:   ROR
            mutation operator:         >(int,int) |==> >=(int,int)
            original:                  sqrt > x / sqrt 
            mutant:                    sqrt >= x / sqrt
[04/24 17:42:10] [INFO   ] org.mutationtesting.major.mutation.Mutator.nextMutant:
    Creating mutant 75
[04/24 17:42:10] [INFO   ] org.mutationtesting.major.mutation.Mutator.logMutant:
    Logging mutant 75: Solution.mySqrt(line 25, col 18)
            mutation operator group:   ROR
            mutation operator:         >(int,int) |==> FALSE(int,int)
            original:                  sqrt > x / sqrt 
            mutant:                    false
[04/24 17:42:10] [INFO   ] org.mutationtesting.major.mutation.Mutator.nextMutant:
    Creating mutant 76
[04/24 17:42:10] [INFO   ] org.mutationtesting.major.mutation.Mutator.logMutant:
    Logging mutant 76: Solution.mySqrt(line 26, col 25)
            mutation operator group:   AOR
            mutation operator:         -(int,int) |==> %(int,int)
            original:                  sqrt - 1 
            mutant:                    sqrt % 1
[04/24 17:42:10] [INFO   ] org.mutationtesting.major.mutation.Mutator.nextMutant:
    Creating mutant 77
[04/24 17:42:10] [INFO   ] org.mutationtesting.major.mutation.Mutator.logMutant:
    Logging mutant 77: Solution.mySqrt(line 26, col 25)
            mutation operator group:   AOR
            mutation operator:         -(int,int) |==> *(int,int)
            original:                  sqrt - 1 
            mutant:                    sqrt * 1
[04/24 17:42:10] [INFO   ] org.mutationtesting.major.mutation.Mutator.nextMutant:
    Creating mutant 78
[04/24 17:42:10] [INFO   ] org.mutationtesting.major.mutation.Mutator.logMutant:
    Logging mutant 78: Solution.mySqrt(line 26, col 25)
            mutation operator group:   AOR
            mutation operator:         -(int,int) |==> +(int,int)
            original:                  sqrt - 1 
            mutant:                    sqrt + 1
[04/24 17:42:10] [INFO   ] org.mutationtesting.major.mutation.Mutator.nextMutant:
    Creating mutant 79
[04/24 17:42:10] [INFO   ] org.mutationtesting.major.mutation.Mutator.logMutant:
    Logging mutant 79: Solution.mySqrt(line 26, col 25)
            mutation operator group:   AOR
            mutation operator:         -(int,int) |==> /(int,int)
            original:                  sqrt - 1 
            mutant:                    sqrt / 1
[04/24 17:42:10] [INFO   ] org.mutationtesting.major.plugin.MajorPluginTaskListener.mutate:
    Generated 79 mutants (99 ms)
