[05/24 20:48:43] [INFO   ] org.mutationtesting.major.plugin.MajorPluginTaskListener.<init>:
    Created MajorPluginTaskListener with options: [mml:../../major/mml/all.mml.bin]
[05/24 20:48:43] [INFO   ] org.mutationtesting.major.mutation.Mutator.initOperatorSymbols:
    Initializing operator symbols for opcode mapping
[05/24 20:48:43] [INFO   ] org.mutationtesting.major.mutation.Mutator.mutateTree:
    Mutating tree: Env[AttrContext[Scope[super, this]],outer=Env[AttrContext[Scope[java.util.Collections, java.util.Arrays, g0301_0400.s0357_count_numbers_with_unique_digits.Solution]]]]
[05/24 20:48:43] [INFO   ] org.mutationtesting.major.mutation.Mutator.visitClassDef:
    CLASS: g0301_0400.s0357_count_numbers_with_unique_digits.Solution
[05/24 20:48:43] [INFO   ] org.mutationtesting.major.mutation.Mutator.visitMethodDef:
    METHOD: <init>([])null
[05/24 20:48:43] [INFO   ] org.mutationtesting.major.mutation.Mutator.visitMethodDef:
    METHOD: countNumbersWithUniqueDigits([int n])int
[05/24 20:48:43] [INFO   ] org.mutationtesting.major.mutation.Mutator.nextMutant:
    Creating mutant 1
[05/24 20:48:43] [INFO   ] org.mutationtesting.major.mutation.Mutator.logMutant:
    Logging mutant 1: Solution.countNumbersWithUniqueDigits(line 16, col 27)
            mutation operator group:   ROR
            mutation operator:         <=(int,int) |==> <(int,int)
            original:                  i <= n 
            mutant:                    i < n
[05/24 20:48:43] [INFO   ] org.mutationtesting.major.mutation.Mutator.nextMutant:
    Creating mutant 2
[05/24 20:48:43] [INFO   ] org.mutationtesting.major.mutation.Mutator.logMutant:
    Logging mutant 2: Solution.countNumbersWithUniqueDigits(line 16, col 27)
            mutation operator group:   ROR
            mutation operator:         <=(int,int) |==> ==(int,int)
            original:                  i <= n 
            mutant:                    i == n
[05/24 20:48:43] [INFO   ] org.mutationtesting.major.mutation.Mutator.nextMutant:
    Creating mutant 3
[05/24 20:48:43] [INFO   ] org.mutationtesting.major.mutation.Mutator.logMutant:
    Logging mutant 3: Solution.countNumbersWithUniqueDigits(line 16, col 27)
            mutation operator group:   ROR
            mutation operator:         <=(int,int) |==> TRUE(int,int)
            original:                  i <= n 
            mutant:                    true
[05/24 20:48:43] [INFO   ] org.mutationtesting.major.mutation.Mutator.nextMutant:
    Creating mutant 4
[05/24 20:48:43] [INFO   ] org.mutationtesting.major.mutation.Mutator.logMutant:
    Logging mutant 4: Solution.countNumbersWithUniqueDigits(line 18, col 31)
            mutation operator group:   ROR
            mutation operator:         <(int,int) |==> !=(int,int)
            original:                  j < i 
            mutant:                    j != i
[05/24 20:48:43] [INFO   ] org.mutationtesting.major.mutation.Mutator.nextMutant:
    Creating mutant 5
[05/24 20:48:43] [INFO   ] org.mutationtesting.major.mutation.Mutator.logMutant:
    Logging mutant 5: Solution.countNumbersWithUniqueDigits(line 18, col 31)
            mutation operator group:   ROR
            mutation operator:         <(int,int) |==> <=(int,int)
            original:                  j < i 
            mutant:                    j <= i
[05/24 20:48:43] [INFO   ] org.mutationtesting.major.mutation.Mutator.nextMutant:
    Creating mutant 6
[05/24 20:48:43] [INFO   ] org.mutationtesting.major.mutation.Mutator.logMutant:
    Logging mutant 6: Solution.countNumbersWithUniqueDigits(line 18, col 31)
            mutation operator group:   ROR
            mutation operator:         <(int,int) |==> FALSE(int,int)
            original:                  j < i 
            mutant:                    false
[05/24 20:48:43] [INFO   ] org.mutationtesting.major.mutation.Mutator.nextMutant:
    Creating mutant 7
[05/24 20:48:43] [INFO   ] org.mutationtesting.major.mutation.Mutator.logMutant:
    Logging mutant 7: Solution.countNumbersWithUniqueDigits(line 19, col 28)
            mutation operator group:   AOR
            mutation operator:         -(int,int) |==> %(int,int)
            original:                  10 - j 
            mutant:                    10 % j
[05/24 20:48:43] [INFO   ] org.mutationtesting.major.mutation.Mutator.nextMutant:
    Creating mutant 8
[05/24 20:48:43] [INFO   ] org.mutationtesting.major.mutation.Mutator.logMutant:
    Logging mutant 8: Solution.countNumbersWithUniqueDigits(line 19, col 28)
            mutation operator group:   AOR
            mutation operator:         -(int,int) |==> *(int,int)
            original:                  10 - j 
            mutant:                    10 * j
[05/24 20:48:43] [INFO   ] org.mutationtesting.major.mutation.Mutator.nextMutant:
    Creating mutant 9
[05/24 20:48:43] [INFO   ] org.mutationtesting.major.mutation.Mutator.logMutant:
    Logging mutant 9: Solution.countNumbersWithUniqueDigits(line 19, col 28)
            mutation operator group:   AOR
            mutation operator:         -(int,int) |==> +(int,int)
            original:                  10 - j 
            mutant:                    10 + j
[05/24 20:48:43] [INFO   ] org.mutationtesting.major.mutation.Mutator.nextMutant:
    Creating mutant 10
[05/24 20:48:43] [INFO   ] org.mutationtesting.major.mutation.Mutator.logMutant:
    Logging mutant 10: Solution.countNumbersWithUniqueDigits(line 19, col 28)
            mutation operator group:   AOR
            mutation operator:         -(int,int) |==> /(int,int)
            original:                  10 - j 
            mutant:                    10 / j
[05/24 20:48:43] [INFO   ] org.mutationtesting.major.mutation.Mutator.nextMutant:
    Creating mutant 11
[05/24 20:48:43] [INFO   ] org.mutationtesting.major.mutation.Mutator.logMutantSTD:
    Logging mutantSTD 11: (STD) mul *= (10 - j); -> <NO-OP>
[05/24 20:48:43] [INFO   ] org.mutationtesting.major.mutation.Mutator.nextMutant:
    Creating mutant 12
[05/24 20:48:43] [INFO   ] org.mutationtesting.major.mutation.Mutator.logMutant:
    Logging mutant 12: Solution.countNumbersWithUniqueDigits(line 21, col 27)
            mutation operator group:   AOR
            mutation operator:         *(int,int) |==> %(int,int)
            original:                  9 * mul 
            mutant:                    9 % mul
[05/24 20:48:43] [INFO   ] org.mutationtesting.major.mutation.Mutator.nextMutant:
    Creating mutant 13
[05/24 20:48:43] [INFO   ] org.mutationtesting.major.mutation.Mutator.logMutant:
    Logging mutant 13: Solution.countNumbersWithUniqueDigits(line 21, col 27)
            mutation operator group:   AOR
            mutation operator:         *(int,int) |==> +(int,int)
            original:                  9 * mul 
            mutant:                    9 + mul
[05/24 20:48:43] [INFO   ] org.mutationtesting.major.mutation.Mutator.nextMutant:
    Creating mutant 14
[05/24 20:48:43] [INFO   ] org.mutationtesting.major.mutation.Mutator.logMutant:
    Logging mutant 14: Solution.countNumbersWithUniqueDigits(line 21, col 27)
            mutation operator group:   AOR
            mutation operator:         *(int,int) |==> -(int,int)
            original:                  9 * mul 
            mutant:                    9 - mul
[05/24 20:48:43] [INFO   ] org.mutationtesting.major.mutation.Mutator.nextMutant:
    Creating mutant 15
[05/24 20:48:43] [INFO   ] org.mutationtesting.major.mutation.Mutator.logMutant:
    Logging mutant 15: Solution.countNumbersWithUniqueDigits(line 21, col 27)
            mutation operator group:   AOR
            mutation operator:         *(int,int) |==> /(int,int)
            original:                  9 * mul 
            mutant:                    9 / mul
[05/24 20:48:43] [INFO   ] org.mutationtesting.major.mutation.Mutator.nextMutant:
    Creating mutant 16
[05/24 20:48:43] [INFO   ] org.mutationtesting.major.mutation.Mutator.logMutant:
    Logging mutant 16: Solution.countNumbersWithUniqueDigits(line 21, col 23)
            mutation operator group:   AOR
            mutation operator:         +(int,int) |==> %(int,int)
            original:                  ans + 9 * mul 
            mutant:                    ans % (9 * mul)
[05/24 20:48:43] [INFO   ] org.mutationtesting.major.mutation.Mutator.nextMutant:
    Creating mutant 17
[05/24 20:48:43] [INFO   ] org.mutationtesting.major.mutation.Mutator.logMutant:
    Logging mutant 17: Solution.countNumbersWithUniqueDigits(line 21, col 23)
            mutation operator group:   AOR
            mutation operator:         +(int,int) |==> *(int,int)
            original:                  ans + 9 * mul 
            mutant:                    ans * (9 * mul)
[05/24 20:48:43] [INFO   ] org.mutationtesting.major.mutation.Mutator.nextMutant:
    Creating mutant 18
[05/24 20:48:43] [INFO   ] org.mutationtesting.major.mutation.Mutator.logMutant:
    Logging mutant 18: Solution.countNumbersWithUniqueDigits(line 21, col 23)
            mutation operator group:   AOR
            mutation operator:         +(int,int) |==> -(int,int)
            original:                  ans + 9 * mul 
            mutant:                    ans - 9 * mul
[05/24 20:48:43] [INFO   ] org.mutationtesting.major.mutation.Mutator.nextMutant:
    Creating mutant 19
[05/24 20:48:43] [INFO   ] org.mutationtesting.major.mutation.Mutator.logMutant:
    Logging mutant 19: Solution.countNumbersWithUniqueDigits(line 21, col 23)
            mutation operator group:   AOR
            mutation operator:         +(int,int) |==> /(int,int)
            original:                  ans + 9 * mul 
            mutant:                    ans / (9 * mul)
[05/24 20:48:43] [INFO   ] org.mutationtesting.major.mutation.Mutator.nextMutant:
    Creating mutant 20
[05/24 20:48:43] [INFO   ] org.mutationtesting.major.mutation.Mutator.logMutantSTD:
    Logging mutantSTD 20: (STD) ans = ans + 9 * mul; -> <NO-OP>
[05/24 20:48:43] [INFO   ] org.mutationtesting.major.plugin.MajorPluginTaskListener.mutate:
    Generated 20 mutants (81 ms)
