[06/24 16:50:26] [INFO   ] org.mutationtesting.major.plugin.MajorPluginTaskListener.<init>:
    Created MajorPluginTaskListener with options: [mml:../../major/mml/all.mml.bin]
[06/24 16:50:26] [INFO   ] org.mutationtesting.major.mutation.Mutator.initOperatorSymbols:
    Initializing operator symbols for opcode mapping
[06/24 16:50:26] [INFO   ] org.mutationtesting.major.mutation.Mutator.mutateTree:
    Mutating tree: Env[AttrContext[Scope[super, this]],outer=Env[AttrContext[Scope[java.util.Collections, java.util.Arrays, g0501_0600.s0561_array_partition_i.Solution]]]]
[06/24 16:50:26] [INFO   ] org.mutationtesting.major.mutation.Mutator.visitClassDef:
    CLASS: g0501_0600.s0561_array_partition_i.Solution
[06/24 16:50:26] [INFO   ] org.mutationtesting.major.mutation.Mutator.visitMethodDef:
    METHOD: <init>([])null
[06/24 16:50:26] [INFO   ] org.mutationtesting.major.mutation.Mutator.visitMethodDef:
    METHOD: arrayPairSum([int[] nums])int
[06/24 16:50:26] [INFO   ] org.mutationtesting.major.mutation.Mutator.nextMutant:
    Creating mutant 1
[06/24 16:50:26] [INFO   ] org.mutationtesting.major.mutation.Mutator.logMutantSTD:
    Logging mutantSTD 1: (STD) Arrays.sort(nums); -> <NO-OP>
[06/24 16:50:26] [INFO   ] org.mutationtesting.major.mutation.Mutator.nextMutant:
    Creating mutant 2
[06/24 16:50:26] [INFO   ] org.mutationtesting.major.mutation.Mutator.logMutant:
    Logging mutant 2: Solution.arrayPairSum(line 19, col 41)
            mutation operator group:   AOR
            mutation operator:         -(int,int) |==> %(int,int)
            original:                  nums.length - 1 
            mutant:                    nums.length % 1
[06/24 16:50:26] [INFO   ] org.mutationtesting.major.mutation.Mutator.nextMutant:
    Creating mutant 3
[06/24 16:50:26] [INFO   ] org.mutationtesting.major.mutation.Mutator.logMutant:
    Logging mutant 3: Solution.arrayPairSum(line 19, col 41)
            mutation operator group:   AOR
            mutation operator:         -(int,int) |==> *(int,int)
            original:                  nums.length - 1 
            mutant:                    nums.length * 1
[06/24 16:50:26] [INFO   ] org.mutationtesting.major.mutation.Mutator.nextMutant:
    Creating mutant 4
[06/24 16:50:26] [INFO   ] org.mutationtesting.major.mutation.Mutator.logMutant:
    Logging mutant 4: Solution.arrayPairSum(line 19, col 41)
            mutation operator group:   AOR
            mutation operator:         -(int,int) |==> +(int,int)
            original:                  nums.length - 1 
            mutant:                    nums.length + 1
[06/24 16:50:26] [INFO   ] org.mutationtesting.major.mutation.Mutator.nextMutant:
    Creating mutant 5
[06/24 16:50:26] [INFO   ] org.mutationtesting.major.mutation.Mutator.logMutant:
    Logging mutant 5: Solution.arrayPairSum(line 19, col 41)
            mutation operator group:   AOR
            mutation operator:         -(int,int) |==> /(int,int)
            original:                  nums.length - 1 
            mutant:                    nums.length / 1
[06/24 16:50:26] [INFO   ] org.mutationtesting.major.mutation.Mutator.nextMutant:
    Creating mutant 6
[06/24 16:50:26] [INFO   ] org.mutationtesting.major.mutation.Mutator.logMutant:
    Logging mutant 6: Solution.arrayPairSum(line 19, col 27)
            mutation operator group:   ROR
            mutation operator:         <(int,int) |==> !=(int,int)
            original:                  i < nums.length - 1 
            mutant:                    i != nums.length - 1
[06/24 16:50:26] [INFO   ] org.mutationtesting.major.mutation.Mutator.nextMutant:
    Creating mutant 7
[06/24 16:50:26] [INFO   ] org.mutationtesting.major.mutation.Mutator.logMutant:
    Logging mutant 7: Solution.arrayPairSum(line 19, col 27)
            mutation operator group:   ROR
            mutation operator:         <(int,int) |==> <=(int,int)
            original:                  i < nums.length - 1 
            mutant:                    i <= nums.length - 1
[06/24 16:50:26] [INFO   ] org.mutationtesting.major.mutation.Mutator.nextMutant:
    Creating mutant 8
[06/24 16:50:26] [INFO   ] org.mutationtesting.major.mutation.Mutator.logMutant:
    Logging mutant 8: Solution.arrayPairSum(line 19, col 27)
            mutation operator group:   ROR
            mutation operator:         <(int,int) |==> FALSE(int,int)
            original:                  i < nums.length - 1 
            mutant:                    false
[06/24 16:50:26] [INFO   ] org.mutationtesting.major.mutation.Mutator.nextMutant:
    Creating mutant 9
[06/24 16:50:26] [INFO   ] org.mutationtesting.major.mutation.Mutator.logMutant:
    Logging mutant 9: Solution.arrayPairSum(line 19, col 52)
            mutation operator group:   AOR
            mutation operator:         +(int,int) |==> %(int,int)
            original:                  i + 2 
            mutant:                    i % 2
[06/24 16:50:26] [INFO   ] org.mutationtesting.major.mutation.Mutator.nextMutant:
    Creating mutant 10
[06/24 16:50:26] [INFO   ] org.mutationtesting.major.mutation.Mutator.logMutant:
    Logging mutant 10: Solution.arrayPairSum(line 19, col 52)
            mutation operator group:   AOR
            mutation operator:         +(int,int) |==> *(int,int)
            original:                  i + 2 
            mutant:                    i * 2
[06/24 16:50:26] [INFO   ] org.mutationtesting.major.mutation.Mutator.nextMutant:
    Creating mutant 11
[06/24 16:50:26] [INFO   ] org.mutationtesting.major.mutation.Mutator.logMutant:
    Logging mutant 11: Solution.arrayPairSum(line 19, col 52)
            mutation operator group:   AOR
            mutation operator:         +(int,int) |==> -(int,int)
            original:                  i + 2 
            mutant:                    i - 2
[06/24 16:50:26] [INFO   ] org.mutationtesting.major.mutation.Mutator.nextMutant:
    Creating mutant 12
[06/24 16:50:26] [INFO   ] org.mutationtesting.major.mutation.Mutator.logMutant:
    Logging mutant 12: Solution.arrayPairSum(line 19, col 52)
            mutation operator group:   AOR
            mutation operator:         +(int,int) |==> /(int,int)
            original:                  i + 2 
            mutant:                    i / 2
[06/24 16:50:26] [INFO   ] org.mutationtesting.major.mutation.Mutator.nextMutant:
    Creating mutant 13
[06/24 16:50:26] [INFO   ] org.mutationtesting.major.mutation.Mutator.logMutant:
    Logging mutant 13: Solution.arrayPairSum(line 20, col 45)
            mutation operator group:   AOR
            mutation operator:         +(int,int) |==> %(int,int)
            original:                  i + 1 
            mutant:                    i % 1
[06/24 16:50:26] [INFO   ] org.mutationtesting.major.mutation.Mutator.nextMutant:
    Creating mutant 14
[06/24 16:50:26] [INFO   ] org.mutationtesting.major.mutation.Mutator.logMutant:
    Logging mutant 14: Solution.arrayPairSum(line 20, col 45)
            mutation operator group:   AOR
            mutation operator:         +(int,int) |==> *(int,int)
            original:                  i + 1 
            mutant:                    i * 1
[06/24 16:50:26] [INFO   ] org.mutationtesting.major.mutation.Mutator.nextMutant:
    Creating mutant 15
[06/24 16:50:26] [INFO   ] org.mutationtesting.major.mutation.Mutator.logMutant:
    Logging mutant 15: Solution.arrayPairSum(line 20, col 45)
            mutation operator group:   AOR
            mutation operator:         +(int,int) |==> -(int,int)
            original:                  i + 1 
            mutant:                    i - 1
[06/24 16:50:26] [INFO   ] org.mutationtesting.major.mutation.Mutator.nextMutant:
    Creating mutant 16
[06/24 16:50:26] [INFO   ] org.mutationtesting.major.mutation.Mutator.logMutant:
    Logging mutant 16: Solution.arrayPairSum(line 20, col 45)
            mutation operator group:   AOR
            mutation operator:         +(int,int) |==> /(int,int)
            original:                  i + 1 
            mutant:                    i / 1
[06/24 16:50:26] [INFO   ] org.mutationtesting.major.mutation.Mutator.nextMutant:
    Creating mutant 17
[06/24 16:50:26] [INFO   ] org.mutationtesting.major.mutation.Mutator.logMutantSTD:
    Logging mutantSTD 17: (STD) sum += Math.min(nums[i], nums[i + 1]); -> <NO-OP>
[06/24 16:50:26] [INFO   ] org.mutationtesting.major.plugin.MajorPluginTaskListener.mutate:
    Generated 17 mutants (71 ms)
