ERROR:root:Failed to parse \K.exists x.(_answer{NN}(x) & TrueP & _false{JJ}(x))(K). Error: The function '(_answer{NN}(x) & TrueP & _false{JJ}(x))' is not a Lambda Expression, an Application Expression, or a functional predicate, so it may not take arguments.
\K.exists x.(_answer{NN}(x) & TrueP & _false{JJ}(x))(K)
                                                   ^
ERROR:root:An error occurred: The function '(_answer{NN}(x) & TrueP & _false{JJ}(x))' is not a Lambda Expression, an Application Expression, or a functional predicate, so it may not take arguments.
\K.exists x.(_answer{NN}(x) & TrueP & _false{JJ}(x))(K)
                                                   ^
Sentence: Since not every customer received the correct change , the answer is false .
Tree XML:
<sentence>
  <tokens>
    <token start="0" span="1" pos="IN" chunk="I-PP" entity="O" cat="(S/S)/S[dcl]" id="t0_0" surf="Since" base="since"/>
    <token start="1" span="1" pos="RB" chunk="I-NP" entity="O" cat="NP/NP" id="t0_1" surf="not" base="not"/>
    <token start="2" span="1" pos="DT" chunk="I-NP" entity="O" cat="NP[nb]/N" id="t0_2" surf="every" base="every"/>
    <token start="3" span="1" pos="NN" chunk="I-NP" entity="O" cat="N" id="t0_3" surf="customer" base="customer"/>
    <token start="4" span="1" pos="VBD" chunk="I-VP" entity="O" cat="(S[dcl]\NP)/NP" id="t0_4" surf="received" base="receive"/>
    <token start="5" span="1" pos="DT" chunk="I-NP" entity="O" cat="NP[nb]/N" id="t0_5" surf="the" base="the"/>
    <token start="6" span="1" pos="JJ" chunk="I-NP" entity="O" cat="N/N" id="t0_6" surf="correct" base="correct"/>
    <token start="7" span="1" pos="NN" chunk="I-NP" entity="O" cat="N" id="t0_7" surf="change" base="change"/>
    <token start="8" span="1" pos="," chunk="O" entity="O" cat="," id="t0_8" surf="," base=","/>
    <token start="9" span="1" pos="DT" chunk="I-NP" entity="O" cat="NP[nb]/N" id="t0_9" surf="the" base="the"/>
    <token start="10" span="1" pos="NN" chunk="I-NP" entity="O" cat="N" id="t0_10" surf="answer" base="answer"/>
    <token start="11" span="1" pos="VBZ" chunk="I-VP" entity="O" cat="(S[dcl]\NP)/(S[adj]\NP)" id="t0_11" surf="is" base="be"/>
    <token start="12" span="1" pos="JJ" chunk="I-ADJP" entity="O" cat="S[adj]\NP" id="t0_12" surf="false" base="false"/>
    <token start="13" span="1" pos="." chunk="O" entity="O" cat="." id="t0_13" surf="." base="."/>
  </tokens>
  <ccg root="s0_sp0" id="s0_ccg0">
    <span root="true" id="s0_sp0" child="s0_sp1 s0_sp26" category="S[dcl=true]" rule="rp"/>
    <span id="s0_sp1" child="s0_sp2 s0_sp17" category="S[dcl=true]" rule="fa"/>
    <span id="s0_sp2" child="s0_sp3 s0_sp4" category="S[X=true]/S[X=true]" rule="fa"/>
    <span start="0" span="1" pos="IN" chunk="I-PP" entity="O" id="s0_sp3" surf="Since" base="since" terminal="t0_0" category="(S/S)/S[dcl=true]"/>
    <span id="s0_sp4" child="s0_sp5 s0_sp10" category="S[dcl=true]" rule="ba"/>
    <span id="s0_sp5" child="s0_sp6 s0_sp7" category="NP" rule="fa"/>
    <span start="1" span="1" pos="RB" chunk="I-NP" entity="O" id="s0_sp6" surf="not" base="not" terminal="t0_1" category="NP/NP"/>
    <span id="s0_sp7" child="s0_sp8 s0_sp9" category="NP[nb=true]" rule="fa"/>
    <span start="2" span="1" pos="DT" chunk="I-NP" entity="O" id="s0_sp8" surf="every" base="every" terminal="t0_2" category="NP[nb=true]/N"/>
    <span start="3" span="1" pos="NN" chunk="I-NP" entity="O" id="s0_sp9" surf="customer" base="customer" terminal="t0_3" category="N"/>
    <span id="s0_sp10" child="s0_sp11 s0_sp12" category="S[dcl=true]\NP" rule="fa"/>
    <span start="4" span="1" pos="VBD" chunk="I-VP" entity="O" id="s0_sp11" surf="received" base="receive" terminal="t0_4" category="(S[dcl=true]\NP)/NP"/>
    <span id="s0_sp12" child="s0_sp13 s0_sp14" category="NP[nb=true]" rule="fa"/>
    <span start="5" span="1" pos="DT" chunk="I-NP" entity="O" id="s0_sp13" surf="the" base="the" terminal="t0_5" category="NP[nb=true]/N"/>
    <span id="s0_sp14" child="s0_sp15 s0_sp16" category="N" rule="fa"/>
    <span start="6" span="1" pos="JJ" chunk="I-NP" entity="O" id="s0_sp15" surf="correct" base="correct" terminal="t0_6" category="N/N"/>
    <span start="7" span="1" pos="NN" chunk="I-NP" entity="O" id="s0_sp16" surf="change" base="change" terminal="t0_7" category="N"/>
    <span id="s0_sp17" child="s0_sp18 s0_sp19" category="S[dcl=true]" rule="lp"/>
    <span start="8" span="1" pos="," chunk="O" entity="O" id="s0_sp18" surf="," base="," terminal="t0_8" category="=true,"/>
    <span id="s0_sp19" child="s0_sp20 s0_sp23" category="S[dcl=true]" rule="ba"/>
    <span id="s0_sp20" child="s0_sp21 s0_sp22" category="NP[nb=true]" rule="fa"/>
    <span start="9" span="1" pos="DT" chunk="I-NP" entity="O" id="s0_sp21" surf="the" base="the" terminal="t0_9" category="NP[nb=true]/N"/>
    <span start="10" span="1" pos="NN" chunk="I-NP" entity="O" id="s0_sp22" surf="answer" base="answer" terminal="t0_10" category="N"/>
    <span id="s0_sp23" child="s0_sp24 s0_sp25" category="S[dcl=true]\NP" rule="fa"/>
    <span start="11" span="1" pos="VBZ" chunk="I-VP" entity="O" id="s0_sp24" surf="is" base="be" terminal="t0_11" category="(S[dcl=true]\NP)/(S[adj=true]\NP)"/>
    <span start="12" span="1" pos="JJ" chunk="I-ADJP" entity="O" id="s0_sp25" surf="false" base="false" terminal="t0_12" category="S[adj=true]\NP"/>
    <span start="13" span="1" pos="." chunk="O" entity="O" id="s0_sp26" surf="." base="." terminal="t0_13" category="."/>
  </ccg>
</sentence>

