ERROR:root:Failed to parse \x.((_ = {NNP})(x) & _<{NNP}(x)). Error: The function '(_ = {NNP})' is not a Lambda Expression, an Application Expression, or a functional predicate, so it may not take arguments.
\x.((_ = {NNP})(x) & _<{NNP}(x))
              ^
ERROR:root:An error occurred: The function '(_ = {NNP})' is not a Lambda Expression, an Application Expression, or a functional predicate, so it may not take arguments.
\x.((_ = {NNP})(x) & _<{NNP}(x))
              ^
Sentence: < code > 1 < = bills.length < = 10 < sup > 5 < /sup > < /code >
Tree XML:
<sentence>
  <tokens>
    <token start="0" span="1" pos="JJ" chunk="I-NP" entity="O" cat="N/N" id="t0_0" surf="&lt;" base="&lt;"/>
    <token start="1" span="1" pos="NN" chunk="I-NP" entity="O" cat="N" id="t0_1" surf="code" base="code"/>
    <token start="2" span="1" pos="VBD" chunk="I-VP" entity="O" cat="(S[dcl]\NP)/NP" id="t0_2" surf="&gt;" base="&gt;"/>
    <token start="3" span="1" pos="CD" chunk="I-NP" entity="I-TIM" cat="(N/N)/(N/N)" id="t0_3" surf="1" base="1"/>
    <token start="4" span="1" pos="CD" chunk="I-NP" entity="I-TIM" cat="N/N" id="t0_4" surf="&lt;" base="&lt;"/>
    <token start="5" span="1" pos="NN" chunk="I-NP" entity="I-TIM" cat="N/N" id="t0_5" surf="=" base="="/>
    <token start="6" span="1" pos="NN" chunk="I-NP" entity="I-TIM" cat="N/N" id="t0_6" surf="bills.length" base="bills.length"/>
    <token start="7" span="1" pos="NNP" chunk="I-NP" entity="I-TIM" cat="N/N" id="t0_7" surf="&lt;" base="&lt;"/>
    <token start="8" span="1" pos="NNP" chunk="I-NP" entity="I-TIM" cat="N" id="t0_8" surf="=" base="="/>
    <token start="9" span="1" pos="CD" chunk="I-NP" entity="I-TIM" cat="N/N" id="t0_9" surf="10" base="10"/>
    <token start="10" span="1" pos="NNP" chunk="I-NP" entity="I-TIM" cat="N/N" id="t0_10" surf="&lt;" base="&lt;"/>
    <token start="11" span="1" pos="NN" chunk="I-NP" entity="I-TIM" cat="N" id="t0_11" surf="sup" base="sup"/>
    <token start="12" span="1" pos="VBD" chunk="I-VP" entity="I-TIM" cat="(S[dcl]\NP)/NP" id="t0_12" surf="&gt;" base="&gt;"/>
    <token start="13" span="1" pos="CD" chunk="I-NP" entity="I-TIM" cat="N/N" id="t0_13" surf="5" base="5"/>
    <token start="14" span="1" pos="NN" chunk="I-NP" entity="I-TIM" cat="N/N" id="t0_14" surf="&lt;" base="&lt;"/>
    <token start="15" span="1" pos="NN" chunk="I-NP" entity="I-TIM" cat="N" id="t0_15" surf="/sup" base="/sup"/>
    <token start="16" span="1" pos="VBD" chunk="I-VP" entity="I-TIM" cat="(S[dcl]\NP)/NP" id="t0_16" surf="&gt;" base="&gt;"/>
    <token start="17" span="1" pos="JJ" chunk="I-NP" entity="I-TIM" cat="N/N" id="t0_17" surf="&lt;" base="&lt;"/>
    <token start="18" span="1" pos="NN" chunk="I-NP" entity="I-TIM" cat="N/N" id="t0_18" surf="/code" base="/code"/>
    <token start="19" span="1" pos="NN" chunk="I-NP" entity="I-TIM" cat="N" id="t0_19" surf="&gt;" base="&gt;"/>
  </tokens>
  <ccg root="s0_sp0" id="s0_ccg0">
    <span root="true" id="s0_sp0" child="s0_sp1 s0_sp5" category="S[dcl=true]" rule="ba"/>
    <span id="s0_sp1" child="s0_sp2" category="NP" rule="lex"/>
    <span id="s0_sp2" child="s0_sp3 s0_sp4" category="N" rule="fa"/>
    <span start="0" span="1" pos="JJ" chunk="I-NP" entity="O" id="s0_sp3" surf="&lt;" base="&lt;" terminal="t0_0" category="N/N"/>
    <span start="1" span="1" pos="NN" chunk="I-NP" entity="O" id="s0_sp4" surf="code" base="code" terminal="t0_1" category="N"/>
    <span id="s0_sp5" child="s0_sp6 s0_sp7" category="S[dcl=true]\NP" rule="fa"/>
    <span start="2" span="1" pos="VBD" chunk="I-VP" entity="O" id="s0_sp6" surf="&gt;" base="&gt;" terminal="t0_2" category="(S[dcl=true]\NP)/NP"/>
    <span id="s0_sp7" child="s0_sp8 s0_sp20" category="NP" rule="ba"/>
    <span id="s0_sp8" child="s0_sp9" category="NP" rule="lex"/>
    <span id="s0_sp9" child="s0_sp10 s0_sp13" category="N" rule="fa"/>
    <span id="s0_sp10" child="s0_sp11 s0_sp12" category="N/N" rule="fa"/>
    <span start="3" span="1" pos="CD" chunk="I-NP" entity="I-TIM" id="s0_sp11" surf="1" base="1" terminal="t0_3" category="(N/N)/(N/N)"/>
    <span start="4" span="1" pos="CD" chunk="I-NP" entity="I-TIM" id="s0_sp12" surf="&lt;" base="&lt;" terminal="t0_4" category="N/N"/>
    <span id="s0_sp13" child="s0_sp14 s0_sp15" category="N" rule="fa"/>
    <span start="5" span="1" pos="NN" chunk="I-NP" entity="I-TIM" id="s0_sp14" surf="=" base="=" terminal="t0_5" category="N/N"/>
    <span id="s0_sp15" child="s0_sp16 s0_sp17" category="N" rule="fa"/>
    <span start="6" span="1" pos="NN" chunk="I-NP" entity="I-TIM" id="s0_sp16" surf="bills.length" base="bills.length" terminal="t0_6" category="N/N"/>
    <span id="s0_sp17" child="s0_sp18 s0_sp19" category="N" rule="fa"/>
    <span start="7" span="1" pos="NNP" chunk="I-NP" entity="I-TIM" id="s0_sp18" surf="&lt;" base="&lt;" terminal="t0_7" category="N/N"/>
    <span start="8" span="1" pos="NNP" chunk="I-NP" entity="I-TIM" id="s0_sp19" surf="=" base="=" terminal="t0_8" category="N"/>
    <span id="s0_sp20" child="s0_sp21" category="NP\NP" rule="lex"/>
    <span id="s0_sp21" child="s0_sp22 s0_sp31" category="S[dcl=true]/NP" rule="bx"/>
    <span id="s0_sp22" child="s0_sp23 s0_sp30" category="S[dcl=true]/NP" rule="fc"/>
    <span id="s0_sp23" child="s0_sp24" category="S[X=true]/(S[X=true]\NP)" rule="tr"/>
    <span id="s0_sp24" child="s0_sp25" category="NP" rule="lex"/>
    <span id="s0_sp25" child="s0_sp26 s0_sp27" category="N" rule="fa"/>
    <span start="9" span="1" pos="CD" chunk="I-NP" entity="I-TIM" id="s0_sp26" surf="10" base="10" terminal="t0_9" category="N/N"/>
    <span id="s0_sp27" child="s0_sp28 s0_sp29" category="N" rule="fa"/>
    <span start="10" span="1" pos="NNP" chunk="I-NP" entity="I-TIM" id="s0_sp28" surf="&lt;" base="&lt;" terminal="t0_10" category="N/N"/>
    <span start="11" span="1" pos="NN" chunk="I-NP" entity="I-TIM" id="s0_sp29" surf="sup" base="sup" terminal="t0_11" category="N"/>
    <span start="12" span="1" pos="VBD" chunk="I-VP" entity="I-TIM" id="s0_sp30" surf="&gt;" base="&gt;" terminal="t0_12" category="(S[dcl=true]\NP)/NP"/>
    <span id="s0_sp31" child="s0_sp32" category="S[X=true]\S[X=true]" rule="lex"/>
    <span id="s0_sp32" child="s0_sp33 s0_sp39" category="S[dcl=true]" rule="ba"/>
    <span id="s0_sp33" child="s0_sp34" category="NP" rule="lex"/>
    <span id="s0_sp34" child="s0_sp35 s0_sp36" category="N" rule="fa"/>
    <span start="13" span="1" pos="CD" chunk="I-NP" entity="I-TIM" id="s0_sp35" surf="5" base="5" terminal="t0_13" category="N/N"/>
    <span id="s0_sp36" child="s0_sp37 s0_sp38" category="N" rule="fa"/>
    <span start="14" span="1" pos="NN" chunk="I-NP" entity="I-TIM" id="s0_sp37" surf="&lt;" base="&lt;" terminal="t0_14" category="N/N"/>
    <span start="15" span="1" pos="NN" chunk="I-NP" entity="I-TIM" id="s0_sp38" surf="/sup" base="/sup" terminal="t0_15" category="N"/>
    <span id="s0_sp39" child="s0_sp40 s0_sp41" category="S[dcl=true]\NP" rule="fa"/>
    <span start="16" span="1" pos="VBD" chunk="I-VP" entity="I-TIM" id="s0_sp40" surf="&gt;" base="&gt;" terminal="t0_16" category="(S[dcl=true]\NP)/NP"/>
    <span id="s0_sp41" child="s0_sp42" category="NP" rule="lex"/>
    <span id="s0_sp42" child="s0_sp43 s0_sp44" category="N" rule="fa"/>
    <span start="17" span="1" pos="JJ" chunk="I-NP" entity="I-TIM" id="s0_sp43" surf="&lt;" base="&lt;" terminal="t0_17" category="N/N"/>
    <span id="s0_sp44" child="s0_sp45 s0_sp46" category="N" rule="fa"/>
    <span start="18" span="1" pos="NN" chunk="I-NP" entity="I-TIM" id="s0_sp45" surf="/code" base="/code" terminal="t0_18" category="N/N"/>
    <span start="19" span="1" pos="NN" chunk="I-NP" entity="I-TIM" id="s0_sp46" surf="&gt;" base="&gt;" terminal="t0_19" category="N"/>
  </ccg>
</sentence>

