[04/24 17:41:19] [INFO   ] org.mutationtesting.major.plugin.MajorPluginTaskListener.<init>:
    Created MajorPluginTaskListener with options: [mml:../../major/mml/all.mml.bin]
[04/24 17:41:19] [INFO   ] org.mutationtesting.major.mutation.Mutator.initOperatorSymbols:
    Initializing operator symbols for opcode mapping
[04/24 17:41:19] [INFO   ] org.mutationtesting.major.mutation.Mutator.mutateTree:
    Mutating tree: Env[AttrContext[Scope[super, this]],outer=Env[AttrContext[Scope[g0001_0100.s0087_scramble_string.Solution]]]]
[04/24 17:41:19] [INFO   ] org.mutationtesting.major.mutation.Mutator.visitClassDef:
    CLASS: g0001_0100.s0087_scramble_string.Solution
[04/24 17:41:19] [INFO   ] org.mutationtesting.major.mutation.Mutator.visitMethodDef:
    METHOD: <init>([])null
[04/24 17:41:19] [INFO   ] org.mutationtesting.major.mutation.Mutator.visitMethodDef:
    METHOD: isScramble([String s1, String s2])boolean
[04/24 17:41:19] [INFO   ] org.mutationtesting.major.mutation.Mutator.nextMutant:
    Creating mutant 1
[04/24 17:41:19] [INFO   ] org.mutationtesting.major.mutation.Mutator.logMutant:
    Logging mutant 1: Solution.isScramble(line 13, col 48)
            mutation operator group:   AOR
            mutation operator:         +(int,int) |==> %(int,int)
            original:                  n + 1 
            mutant:                    n % 1
[04/24 17:41:19] [INFO   ] org.mutationtesting.major.mutation.Mutator.nextMutant:
    Creating mutant 2
[04/24 17:41:19] [INFO   ] org.mutationtesting.major.mutation.Mutator.logMutant:
    Logging mutant 2: Solution.isScramble(line 13, col 48)
            mutation operator group:   AOR
            mutation operator:         +(int,int) |==> *(int,int)
            original:                  n + 1 
            mutant:                    n * 1
[04/24 17:41:19] [INFO   ] org.mutationtesting.major.mutation.Mutator.nextMutant:
    Creating mutant 3
[04/24 17:41:19] [INFO   ] org.mutationtesting.major.mutation.Mutator.logMutant:
    Logging mutant 3: Solution.isScramble(line 13, col 48)
            mutation operator group:   AOR
            mutation operator:         +(int,int) |==> -(int,int)
            original:                  n + 1 
            mutant:                    n - 1
[04/24 17:41:19] [INFO   ] org.mutationtesting.major.mutation.Mutator.nextMutant:
    Creating mutant 4
[04/24 17:41:19] [INFO   ] org.mutationtesting.major.mutation.Mutator.logMutant:
    Logging mutant 4: Solution.isScramble(line 13, col 48)
            mutation operator group:   AOR
            mutation operator:         +(int,int) |==> /(int,int)
            original:                  n + 1 
            mutant:                    n / 1
[04/24 17:41:19] [INFO   ] org.mutationtesting.major.mutation.Mutator.nextMutant:
    Creating mutant 5
[04/24 17:41:19] [INFO   ] org.mutationtesting.major.mutation.Mutator.logMutant:
    Logging mutant 5: Solution.isScramble(line 15, col 31)
            mutation operator group:   ROR
            mutation operator:         <=(int,int) |==> <(int,int)
            original:                  len <= n 
            mutant:                    len < n
[04/24 17:41:19] [INFO   ] org.mutationtesting.major.mutation.Mutator.nextMutant:
    Creating mutant 6
[04/24 17:41:19] [INFO   ] org.mutationtesting.major.mutation.Mutator.logMutant:
    Logging mutant 6: Solution.isScramble(line 15, col 31)
            mutation operator group:   ROR
            mutation operator:         <=(int,int) |==> ==(int,int)
            original:                  len <= n 
            mutant:                    len == n
[04/24 17:41:19] [INFO   ] org.mutationtesting.major.mutation.Mutator.nextMutant:
    Creating mutant 7
[04/24 17:41:19] [INFO   ] org.mutationtesting.major.mutation.Mutator.logMutant:
    Logging mutant 7: Solution.isScramble(line 15, col 31)
            mutation operator group:   ROR
            mutation operator:         <=(int,int) |==> TRUE(int,int)
            original:                  len <= n 
            mutant:                    true
[04/24 17:41:19] [INFO   ] org.mutationtesting.major.mutation.Mutator.nextMutant:
    Creating mutant 8
[04/24 17:41:19] [INFO   ] org.mutationtesting.major.mutation.Mutator.logMutant:
    Logging mutant 8: Solution.isScramble(line 16, col 36)
            mutation operator group:   AOR
            mutation operator:         -(int,int) |==> %(int,int)
            original:                  n - len 
            mutant:                    n % len
[04/24 17:41:19] [INFO   ] org.mutationtesting.major.mutation.Mutator.nextMutant:
    Creating mutant 9
[04/24 17:41:19] [INFO   ] org.mutationtesting.major.mutation.Mutator.logMutant:
    Logging mutant 9: Solution.isScramble(line 16, col 36)
            mutation operator group:   AOR
            mutation operator:         -(int,int) |==> *(int,int)
            original:                  n - len 
            mutant:                    n * len
[04/24 17:41:19] [INFO   ] org.mutationtesting.major.mutation.Mutator.nextMutant:
    Creating mutant 10
[04/24 17:41:19] [INFO   ] org.mutationtesting.major.mutation.Mutator.logMutant:
    Logging mutant 10: Solution.isScramble(line 16, col 36)
            mutation operator group:   AOR
            mutation operator:         -(int,int) |==> +(int,int)
            original:                  n - len 
            mutant:                    n + len
[04/24 17:41:19] [INFO   ] org.mutationtesting.major.mutation.Mutator.nextMutant:
    Creating mutant 11
[04/24 17:41:19] [INFO   ] org.mutationtesting.major.mutation.Mutator.logMutant:
    Logging mutant 11: Solution.isScramble(line 16, col 36)
            mutation operator group:   AOR
            mutation operator:         -(int,int) |==> /(int,int)
            original:                  n - len 
            mutant:                    n / len
[04/24 17:41:19] [INFO   ] org.mutationtesting.major.mutation.Mutator.nextMutant:
    Creating mutant 12
[04/24 17:41:19] [INFO   ] org.mutationtesting.major.mutation.Mutator.logMutant:
    Logging mutant 12: Solution.isScramble(line 16, col 31)
            mutation operator group:   ROR
            mutation operator:         <=(int,int) |==> <(int,int)
            original:                  i <= n - len 
            mutant:                    i < n - len
[04/24 17:41:19] [INFO   ] org.mutationtesting.major.mutation.Mutator.nextMutant:
    Creating mutant 13
[04/24 17:41:19] [INFO   ] org.mutationtesting.major.mutation.Mutator.logMutant:
    Logging mutant 13: Solution.isScramble(line 16, col 31)
            mutation operator group:   ROR
            mutation operator:         <=(int,int) |==> ==(int,int)
            original:                  i <= n - len 
            mutant:                    i == n - len
[04/24 17:41:19] [INFO   ] org.mutationtesting.major.mutation.Mutator.nextMutant:
    Creating mutant 14
[04/24 17:41:19] [INFO   ] org.mutationtesting.major.mutation.Mutator.logMutant:
    Logging mutant 14: Solution.isScramble(line 16, col 31)
            mutation operator group:   ROR
            mutation operator:         <=(int,int) |==> TRUE(int,int)
            original:                  i <= n - len 
            mutant:                    true
[04/24 17:41:19] [INFO   ] org.mutationtesting.major.mutation.Mutator.nextMutant:
    Creating mutant 15
[04/24 17:41:19] [INFO   ] org.mutationtesting.major.mutation.Mutator.logMutant:
    Logging mutant 15: Solution.isScramble(line 17, col 40)
            mutation operator group:   AOR
            mutation operator:         -(int,int) |==> %(int,int)
            original:                  n - len 
            mutant:                    n % len
[04/24 17:41:19] [INFO   ] org.mutationtesting.major.mutation.Mutator.nextMutant:
    Creating mutant 16
[04/24 17:41:19] [INFO   ] org.mutationtesting.major.mutation.Mutator.logMutant:
    Logging mutant 16: Solution.isScramble(line 17, col 40)
            mutation operator group:   AOR
            mutation operator:         -(int,int) |==> *(int,int)
            original:                  n - len 
            mutant:                    n * len
[04/24 17:41:19] [INFO   ] org.mutationtesting.major.mutation.Mutator.nextMutant:
    Creating mutant 17
[04/24 17:41:19] [INFO   ] org.mutationtesting.major.mutation.Mutator.logMutant:
    Logging mutant 17: Solution.isScramble(line 17, col 40)
            mutation operator group:   AOR
            mutation operator:         -(int,int) |==> +(int,int)
            original:                  n - len 
            mutant:                    n + len
[04/24 17:41:19] [INFO   ] org.mutationtesting.major.mutation.Mutator.nextMutant:
    Creating mutant 18
[04/24 17:41:19] [INFO   ] org.mutationtesting.major.mutation.Mutator.logMutant:
    Logging mutant 18: Solution.isScramble(line 17, col 40)
            mutation operator group:   AOR
            mutation operator:         -(int,int) |==> /(int,int)
            original:                  n - len 
            mutant:                    n / len
[04/24 17:41:19] [INFO   ] org.mutationtesting.major.mutation.Mutator.nextMutant:
    Creating mutant 19
[04/24 17:41:19] [INFO   ] org.mutationtesting.major.mutation.Mutator.logMutant:
    Logging mutant 19: Solution.isScramble(line 17, col 35)
            mutation operator group:   ROR
            mutation operator:         <=(int,int) |==> <(int,int)
            original:                  j <= n - len 
            mutant:                    j < n - len
[04/24 17:41:19] [INFO   ] org.mutationtesting.major.mutation.Mutator.nextMutant:
    Creating mutant 20
[04/24 17:41:19] [INFO   ] org.mutationtesting.major.mutation.Mutator.logMutant:
    Logging mutant 20: Solution.isScramble(line 17, col 35)
            mutation operator group:   ROR
            mutation operator:         <=(int,int) |==> ==(int,int)
            original:                  j <= n - len 
            mutant:                    j == n - len
[04/24 17:41:19] [INFO   ] org.mutationtesting.major.mutation.Mutator.nextMutant:
    Creating mutant 21
[04/24 17:41:19] [INFO   ] org.mutationtesting.major.mutation.Mutator.logMutant:
    Logging mutant 21: Solution.isScramble(line 17, col 35)
            mutation operator group:   ROR
            mutation operator:         <=(int,int) |==> TRUE(int,int)
            original:                  j <= n - len 
            mutant:                    true
[04/24 17:41:19] [INFO   ] org.mutationtesting.major.mutation.Mutator.nextMutant:
    Creating mutant 22
[04/24 17:41:19] [INFO   ] org.mutationtesting.major.mutation.Mutator.logMutant:
    Logging mutant 22: Solution.isScramble(line 18, col 29)
            mutation operator group:   ROR
            mutation operator:         ==(int,int) |==> <=(int,int)
            original:                  len == 1 
            mutant:                    len <= 1
[04/24 17:41:19] [INFO   ] org.mutationtesting.major.mutation.Mutator.nextMutant:
    Creating mutant 23
[04/24 17:41:19] [INFO   ] org.mutationtesting.major.mutation.Mutator.logMutant:
    Logging mutant 23: Solution.isScramble(line 18, col 29)
            mutation operator group:   ROR
            mutation operator:         ==(int,int) |==> >=(int,int)
            original:                  len == 1 
            mutant:                    len >= 1
[04/24 17:41:19] [INFO   ] org.mutationtesting.major.mutation.Mutator.nextMutant:
    Creating mutant 24
[04/24 17:41:19] [INFO   ] org.mutationtesting.major.mutation.Mutator.logMutant:
    Logging mutant 24: Solution.isScramble(line 18, col 29)
            mutation operator group:   ROR
            mutation operator:         ==(int,int) |==> FALSE(int,int)
            original:                  len == 1 
            mutant:                    false
[04/24 17:41:19] [INFO   ] org.mutationtesting.major.mutation.Mutator.nextMutant:
    Creating mutant 25
[04/24 17:41:19] [INFO   ] org.mutationtesting.major.mutation.Mutator.logMutant:
    Logging mutant 25: Solution.isScramble(line 19, col 54)
            mutation operator group:   ROR
            mutation operator:         ==(int,int) |==> <=(int,int)
            original:                  s1.charAt(i) == s2.charAt(j) 
            mutant:                    s1.charAt(i) <= s2.charAt(j)
[04/24 17:41:19] [INFO   ] org.mutationtesting.major.mutation.Mutator.nextMutant:
    Creating mutant 26
[04/24 17:41:19] [INFO   ] org.mutationtesting.major.mutation.Mutator.logMutant:
    Logging mutant 26: Solution.isScramble(line 19, col 54)
            mutation operator group:   ROR
            mutation operator:         ==(int,int) |==> >=(int,int)
            original:                  s1.charAt(i) == s2.charAt(j) 
            mutant:                    s1.charAt(i) >= s2.charAt(j)
[04/24 17:41:19] [INFO   ] org.mutationtesting.major.mutation.Mutator.nextMutant:
    Creating mutant 27
[04/24 17:41:19] [INFO   ] org.mutationtesting.major.mutation.Mutator.logMutant:
    Logging mutant 27: Solution.isScramble(line 19, col 54)
            mutation operator group:   ROR
            mutation operator:         ==(int,int) |==> FALSE(int,int)
            original:                  s1.charAt(i) == s2.charAt(j) 
            mutant:                    false
[04/24 17:41:19] [INFO   ] org.mutationtesting.major.mutation.Mutator.nextMutant:
    Creating mutant 28
[04/24 17:41:19] [INFO   ] org.mutationtesting.major.mutation.Mutator.logMutantSTD:
    Logging mutantSTD 28: (STD) dp[i][j][len] = s1.charAt(i) == s2.charAt(j); -> <NO-OP>
[04/24 17:41:19] [INFO   ] org.mutationtesting.major.mutation.Mutator.nextMutant:
    Creating mutant 29
[04/24 17:41:19] [INFO   ] org.mutationtesting.major.mutation.Mutator.logMutant:
    Logging mutant 29: Solution.isScramble(line 21, col 43)
            mutation operator group:   ROR
            mutation operator:         <(int,int) |==> !=(int,int)
            original:                  k < len 
            mutant:                    k != len
[04/24 17:41:19] [INFO   ] org.mutationtesting.major.mutation.Mutator.nextMutant:
    Creating mutant 30
[04/24 17:41:19] [INFO   ] org.mutationtesting.major.mutation.Mutator.logMutant:
    Logging mutant 30: Solution.isScramble(line 21, col 43)
            mutation operator group:   ROR
            mutation operator:         <(int,int) |==> <=(int,int)
            original:                  k < len 
            mutant:                    k <= len
[04/24 17:41:19] [INFO   ] org.mutationtesting.major.mutation.Mutator.nextMutant:
    Creating mutant 31
[04/24 17:41:19] [INFO   ] org.mutationtesting.major.mutation.Mutator.logMutant:
    Logging mutant 31: Solution.isScramble(line 21, col 43)
            mutation operator group:   ROR
            mutation operator:         <(int,int) |==> FALSE(int,int)
            original:                  k < len 
            mutant:                    false
[04/24 17:41:19] [INFO   ] org.mutationtesting.major.mutation.Mutator.nextMutant:
    Creating mutant 32
[04/24 17:41:19] [INFO   ] org.mutationtesting.major.mutation.Mutator.logMutant:
    Logging mutant 32: Solution.isScramble(line 21, col 49)
            mutation operator group:   COR
            mutation operator:         &&(boolean,boolean) |==> ==(boolean,boolean)
            original:                  k < len && !dp[i][j][len] 
            mutant:                    k < len == !dp[i][j][len]
[04/24 17:41:19] [INFO   ] org.mutationtesting.major.mutation.Mutator.nextMutant:
    Creating mutant 33
[04/24 17:41:19] [INFO   ] org.mutationtesting.major.mutation.Mutator.logMutant:
    Logging mutant 33: Solution.isScramble(line 21, col 49)
            mutation operator group:   COR
            mutation operator:         &&(boolean,boolean) |==> FALSE(boolean,boolean)
            original:                  k < len && !dp[i][j][len] 
            mutant:                    false
[04/24 17:41:19] [INFO   ] org.mutationtesting.major.mutation.Mutator.nextMutant:
    Creating mutant 34
[04/24 17:41:19] [INFO   ] org.mutationtesting.major.mutation.Mutator.logMutant:
    Logging mutant 34: Solution.isScramble(line 21, col 43)
            mutation operator group:   COR
            mutation operator:         &&(boolean,boolean) |==> LHS(boolean,boolean)
            original:                  k < len && !dp[i][j][len] 
            mutant:                    k < len
[04/24 17:41:19] [INFO   ] org.mutationtesting.major.mutation.Mutator.nextMutant:
    Creating mutant 35
[04/24 17:41:19] [INFO   ] org.mutationtesting.major.mutation.Mutator.logMutant:
    Logging mutant 35: Solution.isScramble(line 21, col 52)
            mutation operator group:   COR
            mutation operator:         &&(boolean,boolean) |==> RHS(boolean,boolean)
            original:                  k < len && !dp[i][j][len] 
            mutant:                    !dp[i][j][len]
[04/24 17:41:19] [INFO   ] org.mutationtesting.major.mutation.Mutator.nextMutant:
    Creating mutant 36
[04/24 17:41:19] [INFO   ] org.mutationtesting.major.mutation.Mutator.logMutant:
    Logging mutant 36: Solution.isScramble(line 23, col 58)
            mutation operator group:   AOR
            mutation operator:         +(int,int) |==> %(int,int)
            original:                  i + k 
            mutant:                    i % k
[04/24 17:41:19] [INFO   ] org.mutationtesting.major.mutation.Mutator.nextMutant:
    Creating mutant 37
[04/24 17:41:19] [INFO   ] org.mutationtesting.major.mutation.Mutator.logMutant:
    Logging mutant 37: Solution.isScramble(line 23, col 58)
            mutation operator group:   AOR
            mutation operator:         +(int,int) |==> *(int,int)
            original:                  i + k 
            mutant:                    i * k
[04/24 17:41:19] [INFO   ] org.mutationtesting.major.mutation.Mutator.nextMutant:
    Creating mutant 38
[04/24 17:41:19] [INFO   ] org.mutationtesting.major.mutation.Mutator.logMutant:
    Logging mutant 38: Solution.isScramble(line 23, col 58)
            mutation operator group:   AOR
            mutation operator:         +(int,int) |==> -(int,int)
            original:                  i + k 
            mutant:                    i - k
[04/24 17:41:19] [INFO   ] org.mutationtesting.major.mutation.Mutator.nextMutant:
    Creating mutant 39
[04/24 17:41:19] [INFO   ] org.mutationtesting.major.mutation.Mutator.logMutant:
    Logging mutant 39: Solution.isScramble(line 23, col 58)
            mutation operator group:   AOR
            mutation operator:         +(int,int) |==> /(int,int)
            original:                  i + k 
            mutant:                    i / k
[04/24 17:41:19] [INFO   ] org.mutationtesting.major.mutation.Mutator.nextMutant:
    Creating mutant 40
[04/24 17:41:19] [INFO   ] org.mutationtesting.major.mutation.Mutator.logMutant:
    Logging mutant 40: Solution.isScramble(line 23, col 65)
            mutation operator group:   AOR
            mutation operator:         +(int,int) |==> %(int,int)
            original:                  j + k 
            mutant:                    j % k
[04/24 17:41:19] [INFO   ] org.mutationtesting.major.mutation.Mutator.nextMutant:
    Creating mutant 41
[04/24 17:41:19] [INFO   ] org.mutationtesting.major.mutation.Mutator.logMutant:
    Logging mutant 41: Solution.isScramble(line 23, col 65)
            mutation operator group:   AOR
            mutation operator:         +(int,int) |==> *(int,int)
            original:                  j + k 
            mutant:                    j * k
[04/24 17:41:19] [INFO   ] org.mutationtesting.major.mutation.Mutator.nextMutant:
    Creating mutant 42
[04/24 17:41:19] [INFO   ] org.mutationtesting.major.mutation.Mutator.logMutant:
    Logging mutant 42: Solution.isScramble(line 23, col 65)
            mutation operator group:   AOR
            mutation operator:         +(int,int) |==> -(int,int)
            original:                  j + k 
            mutant:                    j - k
[04/24 17:41:19] [INFO   ] org.mutationtesting.major.mutation.Mutator.nextMutant:
    Creating mutant 43
[04/24 17:41:19] [INFO   ] org.mutationtesting.major.mutation.Mutator.logMutant:
    Logging mutant 43: Solution.isScramble(line 23, col 65)
            mutation operator group:   AOR
            mutation operator:         +(int,int) |==> /(int,int)
            original:                  j + k 
            mutant:                    j / k
[04/24 17:41:19] [INFO   ] org.mutationtesting.major.mutation.Mutator.nextMutant:
    Creating mutant 44
[04/24 17:41:19] [INFO   ] org.mutationtesting.major.mutation.Mutator.logMutant:
    Logging mutant 44: Solution.isScramble(line 23, col 74)
            mutation operator group:   AOR
            mutation operator:         -(int,int) |==> %(int,int)
            original:                  len - k 
            mutant:                    len % k
[04/24 17:41:19] [INFO   ] org.mutationtesting.major.mutation.Mutator.nextMutant:
    Creating mutant 45
[04/24 17:41:19] [INFO   ] org.mutationtesting.major.mutation.Mutator.logMutant:
    Logging mutant 45: Solution.isScramble(line 23, col 74)
            mutation operator group:   AOR
            mutation operator:         -(int,int) |==> *(int,int)
            original:                  len - k 
            mutant:                    len * k
[04/24 17:41:19] [INFO   ] org.mutationtesting.major.mutation.Mutator.nextMutant:
    Creating mutant 46
[04/24 17:41:19] [INFO   ] org.mutationtesting.major.mutation.Mutator.logMutant:
    Logging mutant 46: Solution.isScramble(line 23, col 74)
            mutation operator group:   AOR
            mutation operator:         -(int,int) |==> +(int,int)
            original:                  len - k 
            mutant:                    len + k
[04/24 17:41:19] [INFO   ] org.mutationtesting.major.mutation.Mutator.nextMutant:
    Creating mutant 47
[04/24 17:41:19] [INFO   ] org.mutationtesting.major.mutation.Mutator.logMutant:
    Logging mutant 47: Solution.isScramble(line 23, col 74)
            mutation operator group:   AOR
            mutation operator:         -(int,int) |==> /(int,int)
            original:                  len - k 
            mutant:                    len / k
[04/24 17:41:19] [INFO   ] org.mutationtesting.major.mutation.Mutator.nextMutant:
    Creating mutant 48
[04/24 17:41:19] [INFO   ] org.mutationtesting.major.mutation.Mutator.logMutant:
    Logging mutant 48: Solution.isScramble(line 23, col 50)
            mutation operator group:   COR
            mutation operator:         &&(boolean,boolean) |==> ==(boolean,boolean)
            original:                  dp[i][j][k] && dp[i + k][j + k][len - k] 
            mutant:                    dp[i][j][k] == dp[i + k][j + k][len - k]
[04/24 17:41:19] [INFO   ] org.mutationtesting.major.mutation.Mutator.nextMutant:
    Creating mutant 49
[04/24 17:41:19] [INFO   ] org.mutationtesting.major.mutation.Mutator.logMutant:
    Logging mutant 49: Solution.isScramble(line 23, col 50)
            mutation operator group:   COR
            mutation operator:         &&(boolean,boolean) |==> FALSE(boolean,boolean)
            original:                  dp[i][j][k] && dp[i + k][j + k][len - k] 
            mutant:                    false
[04/24 17:41:19] [INFO   ] org.mutationtesting.major.mutation.Mutator.nextMutant:
    Creating mutant 50
[04/24 17:41:19] [INFO   ] org.mutationtesting.major.mutation.Mutator.logMutant:
    Logging mutant 50: Solution.isScramble(line 23, col 46)
            mutation operator group:   COR
            mutation operator:         &&(boolean,boolean) |==> LHS(boolean,boolean)
            original:                  dp[i][j][k] && dp[i + k][j + k][len - k] 
            mutant:                    dp[i][j][k]
[04/24 17:41:19] [INFO   ] org.mutationtesting.major.mutation.Mutator.nextMutant:
    Creating mutant 51
[04/24 17:41:19] [INFO   ] org.mutationtesting.major.mutation.Mutator.logMutant:
    Logging mutant 51: Solution.isScramble(line 23, col 69)
            mutation operator group:   COR
            mutation operator:         &&(boolean,boolean) |==> RHS(boolean,boolean)
            original:                  dp[i][j][k] && dp[i + k][j + k][len - k] 
            mutant:                    dp[i + k][j + k][len - k]
[04/24 17:41:19] [INFO   ] org.mutationtesting.major.mutation.Mutator.nextMutant:
    Creating mutant 52
[04/24 17:41:19] [INFO   ] org.mutationtesting.major.mutation.Mutator.logMutant:
    Logging mutant 52: Solution.isScramble(line 24, col 57)
            mutation operator group:   AOR
            mutation operator:         +(int,int) |==> %(int,int)
            original:                  j + len 
            mutant:                    j % len
[04/24 17:41:19] [INFO   ] org.mutationtesting.major.mutation.Mutator.nextMutant:
    Creating mutant 53
[04/24 17:41:19] [INFO   ] org.mutationtesting.major.mutation.Mutator.logMutant:
    Logging mutant 53: Solution.isScramble(line 24, col 57)
            mutation operator group:   AOR
            mutation operator:         +(int,int) |==> *(int,int)
            original:                  j + len 
            mutant:                    j * len
[04/24 17:41:19] [INFO   ] org.mutationtesting.major.mutation.Mutator.nextMutant:
    Creating mutant 54
[04/24 17:41:19] [INFO   ] org.mutationtesting.major.mutation.Mutator.logMutant:
    Logging mutant 54: Solution.isScramble(line 24, col 57)
            mutation operator group:   AOR
            mutation operator:         +(int,int) |==> -(int,int)
            original:                  j + len 
            mutant:                    j - len
[04/24 17:41:19] [INFO   ] org.mutationtesting.major.mutation.Mutator.nextMutant:
    Creating mutant 55
[04/24 17:41:19] [INFO   ] org.mutationtesting.major.mutation.Mutator.logMutant:
    Logging mutant 55: Solution.isScramble(line 24, col 57)
            mutation operator group:   AOR
            mutation operator:         +(int,int) |==> /(int,int)
            original:                  j + len 
            mutant:                    j / len
[04/24 17:41:19] [INFO   ] org.mutationtesting.major.mutation.Mutator.nextMutant:
    Creating mutant 56
[04/24 17:41:19] [INFO   ] org.mutationtesting.major.mutation.Mutator.logMutant:
    Logging mutant 56: Solution.isScramble(line 24, col 63)
            mutation operator group:   AOR
            mutation operator:         -(int,int) |==> %(int,int)
            original:                  j + len - k 
            mutant:                    (j + len) % k
[04/24 17:41:19] [INFO   ] org.mutationtesting.major.mutation.Mutator.nextMutant:
    Creating mutant 57
[04/24 17:41:19] [INFO   ] org.mutationtesting.major.mutation.Mutator.logMutant:
    Logging mutant 57: Solution.isScramble(line 24, col 63)
            mutation operator group:   AOR
            mutation operator:         -(int,int) |==> *(int,int)
            original:                  j + len - k 
            mutant:                    (j + len) * k
[04/24 17:41:19] [INFO   ] org.mutationtesting.major.mutation.Mutator.nextMutant:
    Creating mutant 58
[04/24 17:41:19] [INFO   ] org.mutationtesting.major.mutation.Mutator.logMutant:
    Logging mutant 58: Solution.isScramble(line 24, col 63)
            mutation operator group:   AOR
            mutation operator:         -(int,int) |==> +(int,int)
            original:                  j + len - k 
            mutant:                    j + len + k
[04/24 17:41:19] [INFO   ] org.mutationtesting.major.mutation.Mutator.nextMutant:
    Creating mutant 59
[04/24 17:41:19] [INFO   ] org.mutationtesting.major.mutation.Mutator.logMutant:
    Logging mutant 59: Solution.isScramble(line 24, col 63)
            mutation operator group:   AOR
            mutation operator:         -(int,int) |==> /(int,int)
            original:                  j + len - k 
            mutant:                    (j + len) / k
[04/24 17:41:19] [INFO   ] org.mutationtesting.major.mutation.Mutator.nextMutant:
    Creating mutant 60
[04/24 17:41:19] [INFO   ] org.mutationtesting.major.mutation.Mutator.logMutant:
    Logging mutant 60: Solution.isScramble(line 24, col 79)
            mutation operator group:   AOR
            mutation operator:         +(int,int) |==> %(int,int)
            original:                  i + k 
            mutant:                    i % k
[04/24 17:41:19] [INFO   ] org.mutationtesting.major.mutation.Mutator.nextMutant:
    Creating mutant 61
[04/24 17:41:19] [INFO   ] org.mutationtesting.major.mutation.Mutator.logMutant:
    Logging mutant 61: Solution.isScramble(line 24, col 79)
            mutation operator group:   AOR
            mutation operator:         +(int,int) |==> *(int,int)
            original:                  i + k 
            mutant:                    i * k
[04/24 17:41:19] [INFO   ] org.mutationtesting.major.mutation.Mutator.nextMutant:
    Creating mutant 62
[04/24 17:41:19] [INFO   ] org.mutationtesting.major.mutation.Mutator.logMutant:
    Logging mutant 62: Solution.isScramble(line 24, col 79)
            mutation operator group:   AOR
            mutation operator:         +(int,int) |==> -(int,int)
            original:                  i + k 
            mutant:                    i - k
[04/24 17:41:19] [INFO   ] org.mutationtesting.major.mutation.Mutator.nextMutant:
    Creating mutant 63
[04/24 17:41:19] [INFO   ] org.mutationtesting.major.mutation.Mutator.logMutant:
    Logging mutant 63: Solution.isScramble(line 24, col 79)
            mutation operator group:   AOR
            mutation operator:         +(int,int) |==> /(int,int)
            original:                  i + k 
            mutant:                    i / k
[04/24 17:41:19] [INFO   ] org.mutationtesting.major.mutation.Mutator.nextMutant:
    Creating mutant 64
[04/24 17:41:19] [INFO   ] org.mutationtesting.major.mutation.Mutator.logMutant:
    Logging mutant 64: Solution.isScramble(line 24, col 91)
            mutation operator group:   AOR
            mutation operator:         -(int,int) |==> %(int,int)
            original:                  len - k 
            mutant:                    len % k
[04/24 17:41:19] [INFO   ] org.mutationtesting.major.mutation.Mutator.nextMutant:
    Creating mutant 65
[04/24 17:41:19] [INFO   ] org.mutationtesting.major.mutation.Mutator.logMutant:
    Logging mutant 65: Solution.isScramble(line 24, col 91)
            mutation operator group:   AOR
            mutation operator:         -(int,int) |==> *(int,int)
            original:                  len - k 
            mutant:                    len * k
[04/24 17:41:19] [INFO   ] org.mutationtesting.major.mutation.Mutator.nextMutant:
    Creating mutant 66
[04/24 17:41:19] [INFO   ] org.mutationtesting.major.mutation.Mutator.logMutant:
    Logging mutant 66: Solution.isScramble(line 24, col 91)
            mutation operator group:   AOR
            mutation operator:         -(int,int) |==> +(int,int)
            original:                  len - k 
            mutant:                    len + k
[04/24 17:41:19] [INFO   ] org.mutationtesting.major.mutation.Mutator.nextMutant:
    Creating mutant 67
[04/24 17:41:19] [INFO   ] org.mutationtesting.major.mutation.Mutator.logMutant:
    Logging mutant 67: Solution.isScramble(line 24, col 91)
            mutation operator group:   AOR
            mutation operator:         -(int,int) |==> /(int,int)
            original:                  len - k 
            mutant:                    len / k
[04/24 17:41:19] [INFO   ] org.mutationtesting.major.mutation.Mutator.nextMutant:
    Creating mutant 68
[04/24 17:41:19] [INFO   ] org.mutationtesting.major.mutation.Mutator.logMutant:
    Logging mutant 68: Solution.isScramble(line 24, col 71)
            mutation operator group:   COR
            mutation operator:         &&(boolean,boolean) |==> ==(boolean,boolean)
            original:                  dp[i][j + len - k][k] && dp[i + k][j][len - k] 
            mutant:                    dp[i][j + len - k][k] == dp[i + k][j][len - k]
[04/24 17:41:19] [INFO   ] org.mutationtesting.major.mutation.Mutator.nextMutant:
    Creating mutant 69
[04/24 17:41:19] [INFO   ] org.mutationtesting.major.mutation.Mutator.logMutant:
    Logging mutant 69: Solution.isScramble(line 24, col 71)
            mutation operator group:   COR
            mutation operator:         &&(boolean,boolean) |==> FALSE(boolean,boolean)
            original:                  dp[i][j + len - k][k] && dp[i + k][j][len - k] 
            mutant:                    false
[04/24 17:41:19] [INFO   ] org.mutationtesting.major.mutation.Mutator.nextMutant:
    Creating mutant 70
[04/24 17:41:19] [INFO   ] org.mutationtesting.major.mutation.Mutator.logMutant:
    Logging mutant 70: Solution.isScramble(line 24, col 67)
            mutation operator group:   COR
            mutation operator:         &&(boolean,boolean) |==> LHS(boolean,boolean)
            original:                  dp[i][j + len - k][k] && dp[i + k][j][len - k] 
            mutant:                    dp[i][j + len - k][k]
[04/24 17:41:19] [INFO   ] org.mutationtesting.major.mutation.Mutator.nextMutant:
    Creating mutant 71
[04/24 17:41:19] [INFO   ] org.mutationtesting.major.mutation.Mutator.logMutant:
    Logging mutant 71: Solution.isScramble(line 24, col 86)
            mutation operator group:   COR
            mutation operator:         &&(boolean,boolean) |==> RHS(boolean,boolean)
            original:                  dp[i][j + len - k][k] && dp[i + k][j][len - k] 
            mutant:                    dp[i + k][j][len - k]
[04/24 17:41:19] [INFO   ] org.mutationtesting.major.mutation.Mutator.nextMutant:
    Creating mutant 72
[04/24 17:41:19] [INFO   ] org.mutationtesting.major.mutation.Mutator.logMutant:
    Logging mutant 72: Solution.isScramble(line 24, col 45)
            mutation operator group:   COR
            mutation operator:         ||(boolean,boolean) |==> !=(boolean,boolean)
            original:                  (dp[i][j][k] && dp[i + k][j + k][len - k]) || (dp[i][j + len - k][k] && dp[i + k][j][len - k]) 
            mutant:                    (dp[i][j][k] && dp[i + k][j + k][len - k]) != (dp[i][j + len - k][k] && dp[i + k][j][len - k])
[04/24 17:41:19] [INFO   ] org.mutationtesting.major.mutation.Mutator.nextMutant:
    Creating mutant 73
[04/24 17:41:19] [INFO   ] org.mutationtesting.major.mutation.Mutator.logMutant:
    Logging mutant 73: Solution.isScramble(line 23, col 37)
            mutation operator group:   COR
            mutation operator:         ||(boolean,boolean) |==> LHS(boolean,boolean)
            original:                  (dp[i][j][k] && dp[i + k][j + k][len - k]) || (dp[i][j + len - k][k] && dp[i + k][j][len - k]) 
            mutant:                    (dp[i][j][k] && dp[i + k][j + k][len - k])
[04/24 17:41:19] [INFO   ] org.mutationtesting.major.mutation.Mutator.nextMutant:
    Creating mutant 74
[04/24 17:41:19] [INFO   ] org.mutationtesting.major.mutation.Mutator.logMutant:
    Logging mutant 74: Solution.isScramble(line 24, col 48)
            mutation operator group:   COR
            mutation operator:         ||(boolean,boolean) |==> RHS(boolean,boolean)
            original:                  (dp[i][j][k] && dp[i + k][j + k][len - k]) || (dp[i][j + len - k][k] && dp[i + k][j][len - k]) 
            mutant:                    (dp[i][j + len - k][k] && dp[i + k][j][len - k])
[04/24 17:41:19] [INFO   ] org.mutationtesting.major.mutation.Mutator.nextMutant:
    Creating mutant 75
[04/24 17:41:19] [INFO   ] org.mutationtesting.major.mutation.Mutator.logMutant:
    Logging mutant 75: Solution.isScramble(line 24, col 45)
            mutation operator group:   COR
            mutation operator:         ||(boolean,boolean) |==> TRUE(boolean,boolean)
            original:                  (dp[i][j][k] && dp[i + k][j + k][len - k]) || (dp[i][j + len - k][k] && dp[i + k][j][len - k]) 
            mutant:                    true
[04/24 17:41:19] [INFO   ] org.mutationtesting.major.mutation.Mutator.nextMutant:
    Creating mutant 76
[04/24 17:41:19] [INFO   ] org.mutationtesting.major.mutation.Mutator.logMutantSTD:
    Logging mutantSTD 76: (STD) dp[i][j][len] = (dp[i][j][k] && dp[i + k][j + k][len - k]) || (dp[i][j + len - k][k] && dp[i + k][j][len - k]); -> <NO-OP>
[04/24 17:41:19] [INFO   ] org.mutationtesting.major.plugin.MajorPluginTaskListener.mutate:
    Generated 76 mutants (93 ms)
