1:AOR:+(int,int):%(int,int):g0001_0100.s0087_scramble_string.Solution@isScramble(java.lang.String,java.lang.String):13:n + 1 |==> n % 1
2:AOR:+(int,int):*(int,int):g0001_0100.s0087_scramble_string.Solution@isScramble(java.lang.String,java.lang.String):13:n + 1 |==> n * 1
3:AOR:+(int,int):-(int,int):g0001_0100.s0087_scramble_string.Solution@isScramble(java.lang.String,java.lang.String):13:n + 1 |==> n - 1
4:AOR:+(int,int):/(int,int):g0001_0100.s0087_scramble_string.Solution@isScramble(java.lang.String,java.lang.String):13:n + 1 |==> n / 1
5:ROR:<=(int,int):<(int,int):g0001_0100.s0087_scramble_string.Solution@isScramble(java.lang.String,java.lang.String):15:len <= n |==> len < n
6:ROR:<=(int,int):==(int,int):g0001_0100.s0087_scramble_string.Solution@isScramble(java.lang.String,java.lang.String):15:len <= n |==> len == n
7:ROR:<=(int,int):TRUE(int,int):g0001_0100.s0087_scramble_string.Solution@isScramble(java.lang.String,java.lang.String):15:len <= n |==> true
8:AOR:-(int,int):%(int,int):g0001_0100.s0087_scramble_string.Solution@isScramble(java.lang.String,java.lang.String):16:n - len |==> n % len
9:AOR:-(int,int):*(int,int):g0001_0100.s0087_scramble_string.Solution@isScramble(java.lang.String,java.lang.String):16:n - len |==> n * len
10:AOR:-(int,int):+(int,int):g0001_0100.s0087_scramble_string.Solution@isScramble(java.lang.String,java.lang.String):16:n - len |==> n + len
11:AOR:-(int,int):/(int,int):g0001_0100.s0087_scramble_string.Solution@isScramble(java.lang.String,java.lang.String):16:n - len |==> n / len
12:ROR:<=(int,int):<(int,int):g0001_0100.s0087_scramble_string.Solution@isScramble(java.lang.String,java.lang.String):16:i <= n - len |==> i < n - len
13:ROR:<=(int,int):==(int,int):g0001_0100.s0087_scramble_string.Solution@isScramble(java.lang.String,java.lang.String):16:i <= n - len |==> i == n - len
14:ROR:<=(int,int):TRUE(int,int):g0001_0100.s0087_scramble_string.Solution@isScramble(java.lang.String,java.lang.String):16:i <= n - len |==> true
15:AOR:-(int,int):%(int,int):g0001_0100.s0087_scramble_string.Solution@isScramble(java.lang.String,java.lang.String):17:n - len |==> n % len
16:AOR:-(int,int):*(int,int):g0001_0100.s0087_scramble_string.Solution@isScramble(java.lang.String,java.lang.String):17:n - len |==> n * len
17:AOR:-(int,int):+(int,int):g0001_0100.s0087_scramble_string.Solution@isScramble(java.lang.String,java.lang.String):17:n - len |==> n + len
18:AOR:-(int,int):/(int,int):g0001_0100.s0087_scramble_string.Solution@isScramble(java.lang.String,java.lang.String):17:n - len |==> n / len
19:ROR:<=(int,int):<(int,int):g0001_0100.s0087_scramble_string.Solution@isScramble(java.lang.String,java.lang.String):17:j <= n - len |==> j < n - len
20:ROR:<=(int,int):==(int,int):g0001_0100.s0087_scramble_string.Solution@isScramble(java.lang.String,java.lang.String):17:j <= n - len |==> j == n - len
21:ROR:<=(int,int):TRUE(int,int):g0001_0100.s0087_scramble_string.Solution@isScramble(java.lang.String,java.lang.String):17:j <= n - len |==> true
22:ROR:==(int,int):<=(int,int):g0001_0100.s0087_scramble_string.Solution@isScramble(java.lang.String,java.lang.String):18:len == 1 |==> len <= 1
23:ROR:==(int,int):>=(int,int):g0001_0100.s0087_scramble_string.Solution@isScramble(java.lang.String,java.lang.String):18:len == 1 |==> len >= 1
24:ROR:==(int,int):FALSE(int,int):g0001_0100.s0087_scramble_string.Solution@isScramble(java.lang.String,java.lang.String):18:len == 1 |==> false
25:ROR:==(int,int):<=(int,int):g0001_0100.s0087_scramble_string.Solution@isScramble(java.lang.String,java.lang.String):19:s1.charAt(i) == s2.charAt(j) |==> s1.charAt(i) <= s2.charAt(j)
26:ROR:==(int,int):>=(int,int):g0001_0100.s0087_scramble_string.Solution@isScramble(java.lang.String,java.lang.String):19:s1.charAt(i) == s2.charAt(j) |==> s1.charAt(i) >= s2.charAt(j)
27:ROR:==(int,int):FALSE(int,int):g0001_0100.s0087_scramble_string.Solution@isScramble(java.lang.String,java.lang.String):19:s1.charAt(i) == s2.charAt(j) |==> false
28:STD:<ASSIGN>:<NO-OP>:g0001_0100.s0087_scramble_string.Solution@isScramble(java.lang.String,java.lang.String):19:dp[i][j][len] = s1.charAt(i) == s2.charAt(j); |==> <NO-OP>
29:ROR:<(int,int):!=(int,int):g0001_0100.s0087_scramble_string.Solution@isScramble(java.lang.String,java.lang.String):21:k < len |==> k != len
30:ROR:<(int,int):<=(int,int):g0001_0100.s0087_scramble_string.Solution@isScramble(java.lang.String,java.lang.String):21:k < len |==> k <= len
31:ROR:<(int,int):FALSE(int,int):g0001_0100.s0087_scramble_string.Solution@isScramble(java.lang.String,java.lang.String):21:k < len |==> false
32:COR:&&(boolean,boolean):==(boolean,boolean):g0001_0100.s0087_scramble_string.Solution@isScramble(java.lang.String,java.lang.String):21:k < len && !dp[i][j][len] |==> k < len == !dp[i][j][len]
33:COR:&&(boolean,boolean):FALSE(boolean,boolean):g0001_0100.s0087_scramble_string.Solution@isScramble(java.lang.String,java.lang.String):21:k < len && !dp[i][j][len] |==> false
34:COR:&&(boolean,boolean):LHS(boolean,boolean):g0001_0100.s0087_scramble_string.Solution@isScramble(java.lang.String,java.lang.String):21:k < len && !dp[i][j][len] |==> k < len
35:COR:&&(boolean,boolean):RHS(boolean,boolean):g0001_0100.s0087_scramble_string.Solution@isScramble(java.lang.String,java.lang.String):21:k < len && !dp[i][j][len] |==> !dp[i][j][len]
36:AOR:+(int,int):%(int,int):g0001_0100.s0087_scramble_string.Solution@isScramble(java.lang.String,java.lang.String):23:i + k |==> i % k
37:AOR:+(int,int):*(int,int):g0001_0100.s0087_scramble_string.Solution@isScramble(java.lang.String,java.lang.String):23:i + k |==> i * k
38:AOR:+(int,int):-(int,int):g0001_0100.s0087_scramble_string.Solution@isScramble(java.lang.String,java.lang.String):23:i + k |==> i - k
39:AOR:+(int,int):/(int,int):g0001_0100.s0087_scramble_string.Solution@isScramble(java.lang.String,java.lang.String):23:i + k |==> i / k
40:AOR:+(int,int):%(int,int):g0001_0100.s0087_scramble_string.Solution@isScramble(java.lang.String,java.lang.String):23:j + k |==> j % k
41:AOR:+(int,int):*(int,int):g0001_0100.s0087_scramble_string.Solution@isScramble(java.lang.String,java.lang.String):23:j + k |==> j * k
42:AOR:+(int,int):-(int,int):g0001_0100.s0087_scramble_string.Solution@isScramble(java.lang.String,java.lang.String):23:j + k |==> j - k
43:AOR:+(int,int):/(int,int):g0001_0100.s0087_scramble_string.Solution@isScramble(java.lang.String,java.lang.String):23:j + k |==> j / k
44:AOR:-(int,int):%(int,int):g0001_0100.s0087_scramble_string.Solution@isScramble(java.lang.String,java.lang.String):23:len - k |==> len % k
45:AOR:-(int,int):*(int,int):g0001_0100.s0087_scramble_string.Solution@isScramble(java.lang.String,java.lang.String):23:len - k |==> len * k
46:AOR:-(int,int):+(int,int):g0001_0100.s0087_scramble_string.Solution@isScramble(java.lang.String,java.lang.String):23:len - k |==> len + k
47:AOR:-(int,int):/(int,int):g0001_0100.s0087_scramble_string.Solution@isScramble(java.lang.String,java.lang.String):23:len - k |==> len / k
48:COR:&&(boolean,boolean):==(boolean,boolean):g0001_0100.s0087_scramble_string.Solution@isScramble(java.lang.String,java.lang.String):23:dp[i][j][k] && dp[i + k][j + k][len - k] |==> dp[i][j][k] == dp[i + k][j + k][len - k]
49:COR:&&(boolean,boolean):FALSE(boolean,boolean):g0001_0100.s0087_scramble_string.Solution@isScramble(java.lang.String,java.lang.String):23:dp[i][j][k] && dp[i + k][j + k][len - k] |==> false
50:COR:&&(boolean,boolean):LHS(boolean,boolean):g0001_0100.s0087_scramble_string.Solution@isScramble(java.lang.String,java.lang.String):23:dp[i][j][k] && dp[i + k][j + k][len - k] |==> dp[i][j][k]
51:COR:&&(boolean,boolean):RHS(boolean,boolean):g0001_0100.s0087_scramble_string.Solution@isScramble(java.lang.String,java.lang.String):23:dp[i][j][k] && dp[i + k][j + k][len - k] |==> dp[i + k][j + k][len - k]
52:AOR:+(int,int):%(int,int):g0001_0100.s0087_scramble_string.Solution@isScramble(java.lang.String,java.lang.String):24:j + len |==> j % len
53:AOR:+(int,int):*(int,int):g0001_0100.s0087_scramble_string.Solution@isScramble(java.lang.String,java.lang.String):24:j + len |==> j * len
54:AOR:+(int,int):-(int,int):g0001_0100.s0087_scramble_string.Solution@isScramble(java.lang.String,java.lang.String):24:j + len |==> j - len
55:AOR:+(int,int):/(int,int):g0001_0100.s0087_scramble_string.Solution@isScramble(java.lang.String,java.lang.String):24:j + len |==> j / len
56:AOR:-(int,int):%(int,int):g0001_0100.s0087_scramble_string.Solution@isScramble(java.lang.String,java.lang.String):24:j + len - k |==> (j + len) % k
57:AOR:-(int,int):*(int,int):g0001_0100.s0087_scramble_string.Solution@isScramble(java.lang.String,java.lang.String):24:j + len - k |==> (j + len) * k
58:AOR:-(int,int):+(int,int):g0001_0100.s0087_scramble_string.Solution@isScramble(java.lang.String,java.lang.String):24:j + len - k |==> j + len + k
59:AOR:-(int,int):/(int,int):g0001_0100.s0087_scramble_string.Solution@isScramble(java.lang.String,java.lang.String):24:j + len - k |==> (j + len) / k
60:AOR:+(int,int):%(int,int):g0001_0100.s0087_scramble_string.Solution@isScramble(java.lang.String,java.lang.String):24:i + k |==> i % k
61:AOR:+(int,int):*(int,int):g0001_0100.s0087_scramble_string.Solution@isScramble(java.lang.String,java.lang.String):24:i + k |==> i * k
62:AOR:+(int,int):-(int,int):g0001_0100.s0087_scramble_string.Solution@isScramble(java.lang.String,java.lang.String):24:i + k |==> i - k
63:AOR:+(int,int):/(int,int):g0001_0100.s0087_scramble_string.Solution@isScramble(java.lang.String,java.lang.String):24:i + k |==> i / k
64:AOR:-(int,int):%(int,int):g0001_0100.s0087_scramble_string.Solution@isScramble(java.lang.String,java.lang.String):24:len - k |==> len % k
65:AOR:-(int,int):*(int,int):g0001_0100.s0087_scramble_string.Solution@isScramble(java.lang.String,java.lang.String):24:len - k |==> len * k
66:AOR:-(int,int):+(int,int):g0001_0100.s0087_scramble_string.Solution@isScramble(java.lang.String,java.lang.String):24:len - k |==> len + k
67:AOR:-(int,int):/(int,int):g0001_0100.s0087_scramble_string.Solution@isScramble(java.lang.String,java.lang.String):24:len - k |==> len / k
68:COR:&&(boolean,boolean):==(boolean,boolean):g0001_0100.s0087_scramble_string.Solution@isScramble(java.lang.String,java.lang.String):24:dp[i][j + len - k][k] && dp[i + k][j][len - k] |==> dp[i][j + len - k][k] == dp[i + k][j][len - k]
69:COR:&&(boolean,boolean):FALSE(boolean,boolean):g0001_0100.s0087_scramble_string.Solution@isScramble(java.lang.String,java.lang.String):24:dp[i][j + len - k][k] && dp[i + k][j][len - k] |==> false
70:COR:&&(boolean,boolean):LHS(boolean,boolean):g0001_0100.s0087_scramble_string.Solution@isScramble(java.lang.String,java.lang.String):24:dp[i][j + len - k][k] && dp[i + k][j][len - k] |==> dp[i][j + len - k][k]
71:COR:&&(boolean,boolean):RHS(boolean,boolean):g0001_0100.s0087_scramble_string.Solution@isScramble(java.lang.String,java.lang.String):24:dp[i][j + len - k][k] && dp[i + k][j][len - k] |==> dp[i + k][j][len - k]
72:COR:||(boolean,boolean):!=(boolean,boolean):g0001_0100.s0087_scramble_string.Solution@isScramble(java.lang.String,java.lang.String):23:(dp[i][j][k] && dp[i + k][j + k][len - k]) || (dp[i][j + len - k][k] && dp[i + k][j][len - k]) |==> (dp[i][j][k] && dp[i + k][j + k][len - k]) != (dp[i][j + len - k][k] && dp[i + k][j][len - k])
73:COR:||(boolean,boolean):LHS(boolean,boolean):g0001_0100.s0087_scramble_string.Solution@isScramble(java.lang.String,java.lang.String):23:(dp[i][j][k] && dp[i + k][j + k][len - k]) || (dp[i][j + len - k][k] && dp[i + k][j][len - k]) |==> (dp[i][j][k] && dp[i + k][j + k][len - k])
74:COR:||(boolean,boolean):RHS(boolean,boolean):g0001_0100.s0087_scramble_string.Solution@isScramble(java.lang.String,java.lang.String):24:(dp[i][j][k] && dp[i + k][j + k][len - k]) || (dp[i][j + len - k][k] && dp[i + k][j][len - k]) |==> (dp[i][j + len - k][k] && dp[i + k][j][len - k])
75:COR:||(boolean,boolean):TRUE(boolean,boolean):g0001_0100.s0087_scramble_string.Solution@isScramble(java.lang.String,java.lang.String):24:(dp[i][j][k] && dp[i + k][j + k][len - k]) || (dp[i][j + len - k][k] && dp[i + k][j][len - k]) |==> true
76:STD:<ASSIGN>:<NO-OP>:g0001_0100.s0087_scramble_string.Solution@isScramble(java.lang.String,java.lang.String):22:dp[i][j][len] = (dp[i][j][k] && dp[i + k][j + k][len - k]) || (dp[i][j + len - k][k] && dp[i + k][j][len - k]); |==> <NO-OP>
