[04/24 17:40:57] [INFO   ] org.mutationtesting.major.plugin.MajorPluginTaskListener.<init>:
    Created MajorPluginTaskListener with options: [mml:../../major/mml/all.mml.bin]
[04/24 17:40:57] [INFO   ] org.mutationtesting.major.mutation.Mutator.initOperatorSymbols:
    Initializing operator symbols for opcode mapping
[04/24 17:40:57] [INFO   ] org.mutationtesting.major.mutation.Mutator.mutateTree:
    Mutating tree: Env[AttrContext[Scope[super, this]],outer=Env[AttrContext[Scope[java.util.Map, java.util.List, java.util.HashMap, java.util.Arrays, java.util.ArrayList, g0001_0100.s0049_group_anagrams.Solution]]]]
[04/24 17:40:57] [INFO   ] org.mutationtesting.major.mutation.Mutator.visitClassDef:
    CLASS: g0001_0100.s0049_group_anagrams.Solution
[04/24 17:40:57] [INFO   ] org.mutationtesting.major.mutation.Mutator.visitMethodDef:
    METHOD: <init>([])null
[04/24 17:40:57] [INFO   ] org.mutationtesting.major.mutation.Mutator.visitMethodDef:
    METHOD: groupAnagrams([String[] strs])List<List<String>>
[04/24 17:40:57] [INFO   ] org.mutationtesting.major.mutation.Mutator.nextMutant:
    Creating mutant 1
[04/24 17:40:57] [INFO   ] org.mutationtesting.major.mutation.Mutator.logMutantSTD:
    Logging mutantSTD 1: (STD) Arrays.sort(ch); -> <NO-OP>
[04/24 17:40:57] [INFO   ] org.mutationtesting.major.mutation.Mutator.nextMutant:
    Creating mutant 2
[04/24 17:40:57] [INFO   ] org.mutationtesting.major.mutation.Mutator.logMutantSTD:
    Logging mutantSTD 2: (STD) hm.computeIfAbsent(temp, (k)->new ArrayList<>()); -> <NO-OP>
[04/24 17:40:57] [INFO   ] org.mutationtesting.major.mutation.Mutator.nextMutant:
    Creating mutant 3
[04/24 17:40:57] [INFO   ] org.mutationtesting.major.mutation.Mutator.logMutantSTD:
    Logging mutantSTD 3: (STD) hm.get(temp).add(s); -> <NO-OP>
[04/24 17:40:57] [INFO   ] org.mutationtesting.major.plugin.MajorPluginTaskListener.mutate:
    Generated 3 mutants (28 ms)
