[06/24 16:49:31] [INFO   ] org.mutationtesting.major.plugin.MajorPluginTaskListener.<init>:
    Created MajorPluginTaskListener with options: [mml:../../major/mml/all.mml.bin]
[06/24 16:49:31] [INFO   ] org.mutationtesting.major.mutation.Mutator.initOperatorSymbols:
    Initializing operator symbols for opcode mapping
[06/24 16:49:31] [INFO   ] org.mutationtesting.major.mutation.Mutator.mutateTree:
    Mutating tree: Env[AttrContext[Scope[super, this]],outer=Env[AttrContext[Scope[java.util.Collections, java.util.Arrays, g0001_0100.s0033_search_in_rotated_sorted_array.Solution]]]]
[06/24 16:49:31] [INFO   ] org.mutationtesting.major.mutation.Mutator.visitClassDef:
    CLASS: g0001_0100.s0033_search_in_rotated_sorted_array.Solution
[06/24 16:49:31] [INFO   ] org.mutationtesting.major.mutation.Mutator.visitMethodDef:
    METHOD: <init>([])null
[06/24 16:49:31] [INFO   ] org.mutationtesting.major.mutation.Mutator.visitMethodDef:
    METHOD: search([int[] nums, int target])int
[06/24 16:49:31] [INFO   ] org.mutationtesting.major.mutation.Mutator.nextMutant:
    Creating mutant 1
[06/24 16:49:31] [INFO   ] org.mutationtesting.major.mutation.Mutator.logMutant:
    Logging mutant 1: Solution.search(line 20, col 30)
            mutation operator group:   AOR
            mutation operator:         -(int,int) |==> %(int,int)
            original:                  nums.length - 1 
            mutant:                    nums.length % 1
[06/24 16:49:31] [INFO   ] org.mutationtesting.major.mutation.Mutator.nextMutant:
    Creating mutant 2
[06/24 16:49:31] [INFO   ] org.mutationtesting.major.mutation.Mutator.logMutant:
    Logging mutant 2: Solution.search(line 20, col 30)
            mutation operator group:   AOR
            mutation operator:         -(int,int) |==> *(int,int)
            original:                  nums.length - 1 
            mutant:                    nums.length * 1
[06/24 16:49:31] [INFO   ] org.mutationtesting.major.mutation.Mutator.nextMutant:
    Creating mutant 3
[06/24 16:49:31] [INFO   ] org.mutationtesting.major.mutation.Mutator.logMutant:
    Logging mutant 3: Solution.search(line 20, col 30)
            mutation operator group:   AOR
            mutation operator:         -(int,int) |==> +(int,int)
            original:                  nums.length - 1 
            mutant:                    nums.length + 1
[06/24 16:49:31] [INFO   ] org.mutationtesting.major.mutation.Mutator.nextMutant:
    Creating mutant 4
[06/24 16:49:31] [INFO   ] org.mutationtesting.major.mutation.Mutator.logMutant:
    Logging mutant 4: Solution.search(line 20, col 30)
            mutation operator group:   AOR
            mutation operator:         -(int,int) |==> /(int,int)
            original:                  nums.length - 1 
            mutant:                    nums.length / 1
[06/24 16:49:31] [INFO   ] org.mutationtesting.major.mutation.Mutator.nextMutant:
    Creating mutant 5
[06/24 16:49:31] [INFO   ] org.mutationtesting.major.mutation.Mutator.logMutant:
    Logging mutant 5: Solution.search(line 23, col 19)
            mutation operator group:   ROR
            mutation operator:         <=(int,int) |==> <(int,int)
            original:                  lo <= hi 
            mutant:                    lo < hi
[06/24 16:49:31] [INFO   ] org.mutationtesting.major.mutation.Mutator.nextMutant:
    Creating mutant 6
[06/24 16:49:31] [INFO   ] org.mutationtesting.major.mutation.Mutator.logMutant:
    Logging mutant 6: Solution.search(line 23, col 19)
            mutation operator group:   ROR
            mutation operator:         <=(int,int) |==> ==(int,int)
            original:                  lo <= hi 
            mutant:                    lo == hi
[06/24 16:49:31] [INFO   ] org.mutationtesting.major.mutation.Mutator.nextMutant:
    Creating mutant 7
[06/24 16:49:31] [INFO   ] org.mutationtesting.major.mutation.Mutator.logMutant:
    Logging mutant 7: Solution.search(line 23, col 19)
            mutation operator group:   ROR
            mutation operator:         <=(int,int) |==> TRUE(int,int)
            original:                  lo <= hi 
            mutant:                    true
[06/24 16:49:31] [INFO   ] org.mutationtesting.major.mutation.Mutator.nextMutant:
    Creating mutant 8
[06/24 16:49:31] [INFO   ] org.mutationtesting.major.mutation.Mutator.logMutant:
    Logging mutant 8: Solution.search(line 24, col 24)
            mutation operator group:   AOR
            mutation operator:         -(int,int) |==> %(int,int)
            original:                  hi - lo 
            mutant:                    hi % lo
[06/24 16:49:31] [INFO   ] org.mutationtesting.major.mutation.Mutator.nextMutant:
    Creating mutant 9
[06/24 16:49:31] [INFO   ] org.mutationtesting.major.mutation.Mutator.logMutant:
    Logging mutant 9: Solution.search(line 24, col 24)
            mutation operator group:   AOR
            mutation operator:         -(int,int) |==> *(int,int)
            original:                  hi - lo 
            mutant:                    hi * lo
[06/24 16:49:31] [INFO   ] org.mutationtesting.major.mutation.Mutator.nextMutant:
    Creating mutant 10
[06/24 16:49:31] [INFO   ] org.mutationtesting.major.mutation.Mutator.logMutant:
    Logging mutant 10: Solution.search(line 24, col 24)
            mutation operator group:   AOR
            mutation operator:         -(int,int) |==> +(int,int)
            original:                  hi - lo 
            mutant:                    hi + lo
[06/24 16:49:31] [INFO   ] org.mutationtesting.major.mutation.Mutator.nextMutant:
    Creating mutant 11
[06/24 16:49:31] [INFO   ] org.mutationtesting.major.mutation.Mutator.logMutant:
    Logging mutant 11: Solution.search(line 24, col 24)
            mutation operator group:   AOR
            mutation operator:         -(int,int) |==> /(int,int)
            original:                  hi - lo 
            mutant:                    hi / lo
[06/24 16:49:31] [INFO   ] org.mutationtesting.major.mutation.Mutator.nextMutant:
    Creating mutant 12
[06/24 16:49:31] [INFO   ] org.mutationtesting.major.mutation.Mutator.logMutant:
    Logging mutant 12: Solution.search(line 24, col 30)
            mutation operator group:   SOR
            mutation operator:         >>(int,int) |==> <<(int,int)
            original:                  (hi - lo) >> 1 
            mutant:                    (hi - lo) << 1
[06/24 16:49:31] [INFO   ] org.mutationtesting.major.mutation.Mutator.nextMutant:
    Creating mutant 13
[06/24 16:49:31] [INFO   ] org.mutationtesting.major.mutation.Mutator.logMutant:
    Logging mutant 13: Solution.search(line 24, col 30)
            mutation operator group:   SOR
            mutation operator:         >>(int,int) |==> >>>(int,int)
            original:                  (hi - lo) >> 1 
            mutant:                    (hi - lo) >>> 1
[06/24 16:49:31] [INFO   ] org.mutationtesting.major.mutation.Mutator.nextMutant:
    Creating mutant 14
[06/24 16:49:31] [INFO   ] org.mutationtesting.major.mutation.Mutator.logMutant:
    Logging mutant 14: Solution.search(line 24, col 36)
            mutation operator group:   AOR
            mutation operator:         +(int,int) |==> %(int,int)
            original:                  ((hi - lo) >> 1) + lo 
            mutant:                    ((hi - lo) >> 1) % lo
[06/24 16:49:31] [INFO   ] org.mutationtesting.major.mutation.Mutator.nextMutant:
    Creating mutant 15
[06/24 16:49:31] [INFO   ] org.mutationtesting.major.mutation.Mutator.logMutant:
    Logging mutant 15: Solution.search(line 24, col 36)
            mutation operator group:   AOR
            mutation operator:         +(int,int) |==> *(int,int)
            original:                  ((hi - lo) >> 1) + lo 
            mutant:                    ((hi - lo) >> 1) * lo
[06/24 16:49:31] [INFO   ] org.mutationtesting.major.mutation.Mutator.nextMutant:
    Creating mutant 16
[06/24 16:49:31] [INFO   ] org.mutationtesting.major.mutation.Mutator.logMutant:
    Logging mutant 16: Solution.search(line 24, col 36)
            mutation operator group:   AOR
            mutation operator:         +(int,int) |==> -(int,int)
            original:                  ((hi - lo) >> 1) + lo 
            mutant:                    ((hi - lo) >> 1) - lo
[06/24 16:49:31] [INFO   ] org.mutationtesting.major.mutation.Mutator.nextMutant:
    Creating mutant 17
[06/24 16:49:31] [INFO   ] org.mutationtesting.major.mutation.Mutator.logMutant:
    Logging mutant 17: Solution.search(line 24, col 36)
            mutation operator group:   AOR
            mutation operator:         +(int,int) |==> /(int,int)
            original:                  ((hi - lo) >> 1) + lo 
            mutant:                    ((hi - lo) >> 1) / lo
[06/24 16:49:31] [INFO   ] org.mutationtesting.major.mutation.Mutator.nextMutant:
    Creating mutant 18
[06/24 16:49:31] [INFO   ] org.mutationtesting.major.mutation.Mutator.logMutant:
    Logging mutant 18: Solution.search(line 25, col 24)
            mutation operator group:   ROR
            mutation operator:         ==(int,int) |==> <=(int,int)
            original:                  target == nums[mid] 
            mutant:                    target <= nums[mid]
[06/24 16:49:31] [INFO   ] org.mutationtesting.major.mutation.Mutator.nextMutant:
    Creating mutant 19
[06/24 16:49:31] [INFO   ] org.mutationtesting.major.mutation.Mutator.logMutant:
    Logging mutant 19: Solution.search(line 25, col 24)
            mutation operator group:   ROR
            mutation operator:         ==(int,int) |==> >=(int,int)
            original:                  target == nums[mid] 
            mutant:                    target >= nums[mid]
[06/24 16:49:31] [INFO   ] org.mutationtesting.major.mutation.Mutator.nextMutant:
    Creating mutant 20
[06/24 16:49:31] [INFO   ] org.mutationtesting.major.mutation.Mutator.logMutant:
    Logging mutant 20: Solution.search(line 25, col 24)
            mutation operator group:   ROR
            mutation operator:         ==(int,int) |==> FALSE(int,int)
            original:                  target == nums[mid] 
            mutant:                    false
[06/24 16:49:31] [INFO   ] org.mutationtesting.major.mutation.Mutator.nextMutant:
    Creating mutant 21
[06/24 16:49:31] [INFO   ] org.mutationtesting.major.mutation.Mutator.logMutantSTD:
    Logging mutantSTD 21: (STD) return mid; -> <NO-OP>
[06/24 16:49:31] [INFO   ] org.mutationtesting.major.mutation.Mutator.nextMutant:
    Creating mutant 22
[06/24 16:49:31] [INFO   ] org.mutationtesting.major.mutation.Mutator.logMutant:
    Logging mutant 22: Solution.search(line 29, col 26)
            mutation operator group:   ROR
            mutation operator:         <=(int,int) |==> <(int,int)
            original:                  nums[lo] <= nums[mid] 
            mutant:                    nums[lo] < nums[mid]
[06/24 16:49:31] [INFO   ] org.mutationtesting.major.mutation.Mutator.nextMutant:
    Creating mutant 23
[06/24 16:49:31] [INFO   ] org.mutationtesting.major.mutation.Mutator.logMutant:
    Logging mutant 23: Solution.search(line 29, col 26)
            mutation operator group:   ROR
            mutation operator:         <=(int,int) |==> ==(int,int)
            original:                  nums[lo] <= nums[mid] 
            mutant:                    nums[lo] == nums[mid]
[06/24 16:49:31] [INFO   ] org.mutationtesting.major.mutation.Mutator.nextMutant:
    Creating mutant 24
[06/24 16:49:31] [INFO   ] org.mutationtesting.major.mutation.Mutator.logMutant:
    Logging mutant 24: Solution.search(line 29, col 26)
            mutation operator group:   ROR
            mutation operator:         <=(int,int) |==> TRUE(int,int)
            original:                  nums[lo] <= nums[mid] 
            mutant:                    true
[06/24 16:49:31] [INFO   ] org.mutationtesting.major.mutation.Mutator.nextMutant:
    Creating mutant 25
[06/24 16:49:31] [INFO   ] org.mutationtesting.major.mutation.Mutator.logMutant:
    Logging mutant 25: Solution.search(line 31, col 30)
            mutation operator group:   ROR
            mutation operator:         <=(int,int) |==> <(int,int)
            original:                  nums[lo] <= target 
            mutant:                    nums[lo] < target
[06/24 16:49:31] [INFO   ] org.mutationtesting.major.mutation.Mutator.nextMutant:
    Creating mutant 26
[06/24 16:49:31] [INFO   ] org.mutationtesting.major.mutation.Mutator.logMutant:
    Logging mutant 26: Solution.search(line 31, col 30)
            mutation operator group:   ROR
            mutation operator:         <=(int,int) |==> ==(int,int)
            original:                  nums[lo] <= target 
            mutant:                    nums[lo] == target
[06/24 16:49:31] [INFO   ] org.mutationtesting.major.mutation.Mutator.nextMutant:
    Creating mutant 27
[06/24 16:49:31] [INFO   ] org.mutationtesting.major.mutation.Mutator.logMutant:
    Logging mutant 27: Solution.search(line 31, col 30)
            mutation operator group:   ROR
            mutation operator:         <=(int,int) |==> TRUE(int,int)
            original:                  nums[lo] <= target 
            mutant:                    true
[06/24 16:49:31] [INFO   ] org.mutationtesting.major.mutation.Mutator.nextMutant:
    Creating mutant 28
[06/24 16:49:31] [INFO   ] org.mutationtesting.major.mutation.Mutator.logMutant:
    Logging mutant 28: Solution.search(line 31, col 50)
            mutation operator group:   ROR
            mutation operator:         <=(int,int) |==> <(int,int)
            original:                  target <= nums[mid] 
            mutant:                    target < nums[mid]
[06/24 16:49:31] [INFO   ] org.mutationtesting.major.mutation.Mutator.nextMutant:
    Creating mutant 29
[06/24 16:49:31] [INFO   ] org.mutationtesting.major.mutation.Mutator.logMutant:
    Logging mutant 29: Solution.search(line 31, col 50)
            mutation operator group:   ROR
            mutation operator:         <=(int,int) |==> ==(int,int)
            original:                  target <= nums[mid] 
            mutant:                    target == nums[mid]
[06/24 16:49:31] [INFO   ] org.mutationtesting.major.mutation.Mutator.nextMutant:
    Creating mutant 30
[06/24 16:49:31] [INFO   ] org.mutationtesting.major.mutation.Mutator.logMutant:
    Logging mutant 30: Solution.search(line 31, col 50)
            mutation operator group:   ROR
            mutation operator:         <=(int,int) |==> TRUE(int,int)
            original:                  target <= nums[mid] 
            mutant:                    true
[06/24 16:49:31] [INFO   ] org.mutationtesting.major.mutation.Mutator.nextMutant:
    Creating mutant 31
[06/24 16:49:31] [INFO   ] org.mutationtesting.major.mutation.Mutator.logMutant:
    Logging mutant 31: Solution.search(line 31, col 40)
            mutation operator group:   COR
            mutation operator:         &&(boolean,boolean) |==> ==(boolean,boolean)
            original:                  nums[lo] <= target && target <= nums[mid] 
            mutant:                    nums[lo] <= target == target <= nums[mid]
[06/24 16:49:31] [INFO   ] org.mutationtesting.major.mutation.Mutator.nextMutant:
    Creating mutant 32
[06/24 16:49:31] [INFO   ] org.mutationtesting.major.mutation.Mutator.logMutant:
    Logging mutant 32: Solution.search(line 31, col 40)
            mutation operator group:   COR
            mutation operator:         &&(boolean,boolean) |==> FALSE(boolean,boolean)
            original:                  nums[lo] <= target && target <= nums[mid] 
            mutant:                    false
[06/24 16:49:31] [INFO   ] org.mutationtesting.major.mutation.Mutator.nextMutant:
    Creating mutant 33
[06/24 16:49:31] [INFO   ] org.mutationtesting.major.mutation.Mutator.logMutant:
    Logging mutant 33: Solution.search(line 31, col 30)
            mutation operator group:   COR
            mutation operator:         &&(boolean,boolean) |==> LHS(boolean,boolean)
            original:                  nums[lo] <= target && target <= nums[mid] 
            mutant:                    nums[lo] <= target
[06/24 16:49:31] [INFO   ] org.mutationtesting.major.mutation.Mutator.nextMutant:
    Creating mutant 34
[06/24 16:49:31] [INFO   ] org.mutationtesting.major.mutation.Mutator.logMutant:
    Logging mutant 34: Solution.search(line 31, col 50)
            mutation operator group:   COR
            mutation operator:         &&(boolean,boolean) |==> RHS(boolean,boolean)
            original:                  nums[lo] <= target && target <= nums[mid] 
            mutant:                    target <= nums[mid]
[06/24 16:49:31] [INFO   ] org.mutationtesting.major.mutation.Mutator.nextMutant:
    Creating mutant 35
[06/24 16:49:31] [INFO   ] org.mutationtesting.major.mutation.Mutator.logMutant:
    Logging mutant 35: Solution.search(line 33, col 30)
            mutation operator group:   AOR
            mutation operator:         -(int,int) |==> %(int,int)
            original:                  mid - 1 
            mutant:                    mid % 1
[06/24 16:49:31] [INFO   ] org.mutationtesting.major.mutation.Mutator.nextMutant:
    Creating mutant 36
[06/24 16:49:31] [INFO   ] org.mutationtesting.major.mutation.Mutator.logMutant:
    Logging mutant 36: Solution.search(line 33, col 30)
            mutation operator group:   AOR
            mutation operator:         -(int,int) |==> *(int,int)
            original:                  mid - 1 
            mutant:                    mid * 1
[06/24 16:49:31] [INFO   ] org.mutationtesting.major.mutation.Mutator.nextMutant:
    Creating mutant 37
[06/24 16:49:31] [INFO   ] org.mutationtesting.major.mutation.Mutator.logMutant:
    Logging mutant 37: Solution.search(line 33, col 30)
            mutation operator group:   AOR
            mutation operator:         -(int,int) |==> +(int,int)
            original:                  mid - 1 
            mutant:                    mid + 1
[06/24 16:49:31] [INFO   ] org.mutationtesting.major.mutation.Mutator.nextMutant:
    Creating mutant 38
[06/24 16:49:31] [INFO   ] org.mutationtesting.major.mutation.Mutator.logMutant:
    Logging mutant 38: Solution.search(line 33, col 30)
            mutation operator group:   AOR
            mutation operator:         -(int,int) |==> /(int,int)
            original:                  mid - 1 
            mutant:                    mid / 1
[06/24 16:49:31] [INFO   ] org.mutationtesting.major.mutation.Mutator.nextMutant:
    Creating mutant 39
[06/24 16:49:31] [INFO   ] org.mutationtesting.major.mutation.Mutator.logMutantSTD:
    Logging mutantSTD 39: (STD) hi = mid - 1; -> <NO-OP>
[06/24 16:49:31] [INFO   ] org.mutationtesting.major.mutation.Mutator.nextMutant:
    Creating mutant 40
[06/24 16:49:31] [INFO   ] org.mutationtesting.major.mutation.Mutator.logMutant:
    Logging mutant 40: Solution.search(line 36, col 30)
            mutation operator group:   AOR
            mutation operator:         +(int,int) |==> %(int,int)
            original:                  mid + 1 
            mutant:                    mid % 1
[06/24 16:49:31] [INFO   ] org.mutationtesting.major.mutation.Mutator.nextMutant:
    Creating mutant 41
[06/24 16:49:31] [INFO   ] org.mutationtesting.major.mutation.Mutator.logMutant:
    Logging mutant 41: Solution.search(line 36, col 30)
            mutation operator group:   AOR
            mutation operator:         +(int,int) |==> *(int,int)
            original:                  mid + 1 
            mutant:                    mid * 1
[06/24 16:49:31] [INFO   ] org.mutationtesting.major.mutation.Mutator.nextMutant:
    Creating mutant 42
[06/24 16:49:31] [INFO   ] org.mutationtesting.major.mutation.Mutator.logMutant:
    Logging mutant 42: Solution.search(line 36, col 30)
            mutation operator group:   AOR
            mutation operator:         +(int,int) |==> -(int,int)
            original:                  mid + 1 
            mutant:                    mid - 1
[06/24 16:49:31] [INFO   ] org.mutationtesting.major.mutation.Mutator.nextMutant:
    Creating mutant 43
[06/24 16:49:31] [INFO   ] org.mutationtesting.major.mutation.Mutator.logMutant:
    Logging mutant 43: Solution.search(line 36, col 30)
            mutation operator group:   AOR
            mutation operator:         +(int,int) |==> /(int,int)
            original:                  mid + 1 
            mutant:                    mid / 1
[06/24 16:49:31] [INFO   ] org.mutationtesting.major.mutation.Mutator.nextMutant:
    Creating mutant 44
[06/24 16:49:31] [INFO   ] org.mutationtesting.major.mutation.Mutator.logMutantSTD:
    Logging mutantSTD 44: (STD) lo = mid + 1; -> <NO-OP>
[06/24 16:49:31] [INFO   ] org.mutationtesting.major.mutation.Mutator.nextMutant:
    Creating mutant 45
[06/24 16:49:31] [INFO   ] org.mutationtesting.major.mutation.Mutator.logMutant:
    Logging mutant 45: Solution.search(line 39, col 34)
            mutation operator group:   ROR
            mutation operator:         <=(int,int) |==> <(int,int)
            original:                  nums[mid] <= target 
            mutant:                    nums[mid] < target
[06/24 16:49:31] [INFO   ] org.mutationtesting.major.mutation.Mutator.nextMutant:
    Creating mutant 46
[06/24 16:49:31] [INFO   ] org.mutationtesting.major.mutation.Mutator.logMutant:
    Logging mutant 46: Solution.search(line 39, col 34)
            mutation operator group:   ROR
            mutation operator:         <=(int,int) |==> ==(int,int)
            original:                  nums[mid] <= target 
            mutant:                    nums[mid] == target
[06/24 16:49:31] [INFO   ] org.mutationtesting.major.mutation.Mutator.nextMutant:
    Creating mutant 47
[06/24 16:49:31] [INFO   ] org.mutationtesting.major.mutation.Mutator.logMutant:
    Logging mutant 47: Solution.search(line 39, col 34)
            mutation operator group:   ROR
            mutation operator:         <=(int,int) |==> TRUE(int,int)
            original:                  nums[mid] <= target 
            mutant:                    true
[06/24 16:49:31] [INFO   ] org.mutationtesting.major.mutation.Mutator.nextMutant:
    Creating mutant 48
[06/24 16:49:31] [INFO   ] org.mutationtesting.major.mutation.Mutator.logMutant:
    Logging mutant 48: Solution.search(line 39, col 54)
            mutation operator group:   ROR
            mutation operator:         <=(int,int) |==> <(int,int)
            original:                  target <= nums[hi] 
            mutant:                    target < nums[hi]
[06/24 16:49:31] [INFO   ] org.mutationtesting.major.mutation.Mutator.nextMutant:
    Creating mutant 49
[06/24 16:49:31] [INFO   ] org.mutationtesting.major.mutation.Mutator.logMutant:
    Logging mutant 49: Solution.search(line 39, col 54)
            mutation operator group:   ROR
            mutation operator:         <=(int,int) |==> ==(int,int)
            original:                  target <= nums[hi] 
            mutant:                    target == nums[hi]
[06/24 16:49:31] [INFO   ] org.mutationtesting.major.mutation.Mutator.nextMutant:
    Creating mutant 50
[06/24 16:49:31] [INFO   ] org.mutationtesting.major.mutation.Mutator.logMutant:
    Logging mutant 50: Solution.search(line 39, col 54)
            mutation operator group:   ROR
            mutation operator:         <=(int,int) |==> TRUE(int,int)
            original:                  target <= nums[hi] 
            mutant:                    true
[06/24 16:49:31] [INFO   ] org.mutationtesting.major.mutation.Mutator.nextMutant:
    Creating mutant 51
[06/24 16:49:31] [INFO   ] org.mutationtesting.major.mutation.Mutator.logMutant:
    Logging mutant 51: Solution.search(line 39, col 44)
            mutation operator group:   COR
            mutation operator:         &&(boolean,boolean) |==> ==(boolean,boolean)
            original:                  nums[mid] <= target && target <= nums[hi] 
            mutant:                    nums[mid] <= target == target <= nums[hi]
[06/24 16:49:31] [INFO   ] org.mutationtesting.major.mutation.Mutator.nextMutant:
    Creating mutant 52
[06/24 16:49:31] [INFO   ] org.mutationtesting.major.mutation.Mutator.logMutant:
    Logging mutant 52: Solution.search(line 39, col 44)
            mutation operator group:   COR
            mutation operator:         &&(boolean,boolean) |==> FALSE(boolean,boolean)
            original:                  nums[mid] <= target && target <= nums[hi] 
            mutant:                    false
[06/24 16:49:31] [INFO   ] org.mutationtesting.major.mutation.Mutator.nextMutant:
    Creating mutant 53
[06/24 16:49:31] [INFO   ] org.mutationtesting.major.mutation.Mutator.logMutant:
    Logging mutant 53: Solution.search(line 39, col 34)
            mutation operator group:   COR
            mutation operator:         &&(boolean,boolean) |==> LHS(boolean,boolean)
            original:                  nums[mid] <= target && target <= nums[hi] 
            mutant:                    nums[mid] <= target
[06/24 16:49:31] [INFO   ] org.mutationtesting.major.mutation.Mutator.nextMutant:
    Creating mutant 54
[06/24 16:49:31] [INFO   ] org.mutationtesting.major.mutation.Mutator.logMutant:
    Logging mutant 54: Solution.search(line 39, col 54)
            mutation operator group:   COR
            mutation operator:         &&(boolean,boolean) |==> RHS(boolean,boolean)
            original:                  nums[mid] <= target && target <= nums[hi] 
            mutant:                    target <= nums[hi]
[06/24 16:49:31] [INFO   ] org.mutationtesting.major.mutation.Mutator.nextMutant:
    Creating mutant 55
[06/24 16:49:31] [INFO   ] org.mutationtesting.major.mutation.Mutator.logMutant:
    Logging mutant 55: Solution.search(line 41, col 26)
            mutation operator group:   AOR
            mutation operator:         +(int,int) |==> %(int,int)
            original:                  mid + 1 
            mutant:                    mid % 1
[06/24 16:49:31] [INFO   ] org.mutationtesting.major.mutation.Mutator.nextMutant:
    Creating mutant 56
[06/24 16:49:31] [INFO   ] org.mutationtesting.major.mutation.Mutator.logMutant:
    Logging mutant 56: Solution.search(line 41, col 26)
            mutation operator group:   AOR
            mutation operator:         +(int,int) |==> *(int,int)
            original:                  mid + 1 
            mutant:                    mid * 1
[06/24 16:49:31] [INFO   ] org.mutationtesting.major.mutation.Mutator.nextMutant:
    Creating mutant 57
[06/24 16:49:31] [INFO   ] org.mutationtesting.major.mutation.Mutator.logMutant:
    Logging mutant 57: Solution.search(line 41, col 26)
            mutation operator group:   AOR
            mutation operator:         +(int,int) |==> -(int,int)
            original:                  mid + 1 
            mutant:                    mid - 1
[06/24 16:49:31] [INFO   ] org.mutationtesting.major.mutation.Mutator.nextMutant:
    Creating mutant 58
[06/24 16:49:31] [INFO   ] org.mutationtesting.major.mutation.Mutator.logMutant:
    Logging mutant 58: Solution.search(line 41, col 26)
            mutation operator group:   AOR
            mutation operator:         +(int,int) |==> /(int,int)
            original:                  mid + 1 
            mutant:                    mid / 1
[06/24 16:49:31] [INFO   ] org.mutationtesting.major.mutation.Mutator.nextMutant:
    Creating mutant 59
[06/24 16:49:31] [INFO   ] org.mutationtesting.major.mutation.Mutator.logMutantSTD:
    Logging mutantSTD 59: (STD) lo = mid + 1; -> <NO-OP>
[06/24 16:49:31] [INFO   ] org.mutationtesting.major.mutation.Mutator.nextMutant:
    Creating mutant 60
[06/24 16:49:31] [INFO   ] org.mutationtesting.major.mutation.Mutator.logMutant:
    Logging mutant 60: Solution.search(line 44, col 26)
            mutation operator group:   AOR
            mutation operator:         -(int,int) |==> %(int,int)
            original:                  mid - 1 
            mutant:                    mid % 1
[06/24 16:49:31] [INFO   ] org.mutationtesting.major.mutation.Mutator.nextMutant:
    Creating mutant 61
[06/24 16:49:31] [INFO   ] org.mutationtesting.major.mutation.Mutator.logMutant:
    Logging mutant 61: Solution.search(line 44, col 26)
            mutation operator group:   AOR
            mutation operator:         -(int,int) |==> *(int,int)
            original:                  mid - 1 
            mutant:                    mid * 1
[06/24 16:49:31] [INFO   ] org.mutationtesting.major.mutation.Mutator.nextMutant:
    Creating mutant 62
[06/24 16:49:31] [INFO   ] org.mutationtesting.major.mutation.Mutator.logMutant:
    Logging mutant 62: Solution.search(line 44, col 26)
            mutation operator group:   AOR
            mutation operator:         -(int,int) |==> +(int,int)
            original:                  mid - 1 
            mutant:                    mid + 1
[06/24 16:49:31] [INFO   ] org.mutationtesting.major.mutation.Mutator.nextMutant:
    Creating mutant 63
[06/24 16:49:31] [INFO   ] org.mutationtesting.major.mutation.Mutator.logMutant:
    Logging mutant 63: Solution.search(line 44, col 26)
            mutation operator group:   AOR
            mutation operator:         -(int,int) |==> /(int,int)
            original:                  mid - 1 
            mutant:                    mid / 1
[06/24 16:49:31] [INFO   ] org.mutationtesting.major.mutation.Mutator.nextMutant:
    Creating mutant 64
[06/24 16:49:31] [INFO   ] org.mutationtesting.major.mutation.Mutator.logMutantSTD:
    Logging mutantSTD 64: (STD) hi = mid - 1; -> <NO-OP>
[06/24 16:49:31] [INFO   ] org.mutationtesting.major.plugin.MajorPluginTaskListener.mutate:
    Generated 64 mutants (175 ms)
