[04/24 17:41:53] [INFO   ] org.mutationtesting.major.plugin.MajorPluginTaskListener.<init>:
    Created MajorPluginTaskListener with options: [mml:../../major/mml/all.mml.bin]
[04/24 17:41:53] [INFO   ] org.mutationtesting.major.mutation.Mutator.initOperatorSymbols:
    Initializing operator symbols for opcode mapping
[04/24 17:41:53] [INFO   ] org.mutationtesting.major.mutation.Mutator.mutateTree:
    Mutating tree: Env[AttrContext[Scope[super, this]],outer=Env[AttrContext[Scope[java.util.List, java.util.ArrayList, g0001_0100.s0039_combination_sum.Solution]]]]
[04/24 17:41:53] [INFO   ] org.mutationtesting.major.mutation.Mutator.visitClassDef:
    CLASS: g0001_0100.s0039_combination_sum.Solution
[04/24 17:41:53] [INFO   ] org.mutationtesting.major.mutation.Mutator.visitMethodDef:
    METHOD: <init>([])null
[04/24 17:41:53] [INFO   ] org.mutationtesting.major.mutation.Mutator.visitMethodDef:
    METHOD: combinationSum([int[] coins, int amount])List<List<Integer>>
[04/24 17:41:53] [INFO   ] org.mutationtesting.major.mutation.Mutator.nextMutant:
    Creating mutant 1
[04/24 17:41:53] [INFO   ] org.mutationtesting.major.mutation.Mutator.logMutantSTD:
    Logging mutantSTD 1: (STD) combinationSumRec(coins.length, coins, amount, subList, ans); -> <NO-OP>
[04/24 17:41:53] [INFO   ] org.mutationtesting.major.mutation.Mutator.visitMethodDef:
    METHOD: combinationSumRec([int n, int[] coins, int amount, List<Integer> subList, List<List<Integer>> ans])void
[04/24 17:41:53] [INFO   ] org.mutationtesting.major.mutation.Mutator.nextMutant:
    Creating mutant 2
[04/24 17:41:53] [INFO   ] org.mutationtesting.major.mutation.Mutator.logMutant:
    Logging mutant 2: Solution.combinationSumRec(line 22, col 20)
            mutation operator group:   ROR
            mutation operator:         ==(int,int) |==> <=(int,int)
            original:                  amount == 0 
            mutant:                    amount <= 0
[04/24 17:41:53] [INFO   ] org.mutationtesting.major.mutation.Mutator.nextMutant:
    Creating mutant 3
[04/24 17:41:53] [INFO   ] org.mutationtesting.major.mutation.Mutator.logMutant:
    Logging mutant 3: Solution.combinationSumRec(line 22, col 20)
            mutation operator group:   ROR
            mutation operator:         ==(int,int) |==> >=(int,int)
            original:                  amount == 0 
            mutant:                    amount >= 0
[04/24 17:41:53] [INFO   ] org.mutationtesting.major.mutation.Mutator.nextMutant:
    Creating mutant 4
[04/24 17:41:53] [INFO   ] org.mutationtesting.major.mutation.Mutator.logMutant:
    Logging mutant 4: Solution.combinationSumRec(line 22, col 20)
            mutation operator group:   ROR
            mutation operator:         ==(int,int) |==> FALSE(int,int)
            original:                  amount == 0 
            mutant:                    false
[04/24 17:41:53] [INFO   ] org.mutationtesting.major.mutation.Mutator.nextMutant:
    Creating mutant 5
[04/24 17:41:53] [INFO   ] org.mutationtesting.major.mutation.Mutator.logMutant:
    Logging mutant 5: Solution.combinationSumRec(line 22, col 30)
            mutation operator group:   ROR
            mutation operator:         ==(int,int) |==> <=(int,int)
            original:                  n == 0 
            mutant:                    n <= 0
[04/24 17:41:53] [INFO   ] org.mutationtesting.major.mutation.Mutator.nextMutant:
    Creating mutant 6
[04/24 17:41:53] [INFO   ] org.mutationtesting.major.mutation.Mutator.logMutant:
    Logging mutant 6: Solution.combinationSumRec(line 22, col 30)
            mutation operator group:   ROR
            mutation operator:         ==(int,int) |==> >=(int,int)
            original:                  n == 0 
            mutant:                    n >= 0
[04/24 17:41:53] [INFO   ] org.mutationtesting.major.mutation.Mutator.nextMutant:
    Creating mutant 7
[04/24 17:41:53] [INFO   ] org.mutationtesting.major.mutation.Mutator.logMutant:
    Logging mutant 7: Solution.combinationSumRec(line 22, col 30)
            mutation operator group:   ROR
            mutation operator:         ==(int,int) |==> FALSE(int,int)
            original:                  n == 0 
            mutant:                    false
[04/24 17:41:53] [INFO   ] org.mutationtesting.major.mutation.Mutator.nextMutant:
    Creating mutant 8
[04/24 17:41:53] [INFO   ] org.mutationtesting.major.mutation.Mutator.logMutant:
    Logging mutant 8: Solution.combinationSumRec(line 22, col 25)
            mutation operator group:   COR
            mutation operator:         ||(boolean,boolean) |==> !=(boolean,boolean)
            original:                  amount == 0 || n == 0 
            mutant:                    amount == 0 != (n == 0)
[04/24 17:41:53] [INFO   ] org.mutationtesting.major.mutation.Mutator.nextMutant:
    Creating mutant 9
[04/24 17:41:53] [INFO   ] org.mutationtesting.major.mutation.Mutator.logMutant:
    Logging mutant 9: Solution.combinationSumRec(line 22, col 20)
            mutation operator group:   COR
            mutation operator:         ||(boolean,boolean) |==> LHS(boolean,boolean)
            original:                  amount == 0 || n == 0 
            mutant:                    amount == 0
[04/24 17:41:53] [INFO   ] org.mutationtesting.major.mutation.Mutator.nextMutant:
    Creating mutant 10
[04/24 17:41:53] [INFO   ] org.mutationtesting.major.mutation.Mutator.logMutant:
    Logging mutant 10: Solution.combinationSumRec(line 22, col 30)
            mutation operator group:   COR
            mutation operator:         ||(boolean,boolean) |==> RHS(boolean,boolean)
            original:                  amount == 0 || n == 0 
            mutant:                    n == 0
[04/24 17:41:53] [INFO   ] org.mutationtesting.major.mutation.Mutator.nextMutant:
    Creating mutant 11
[04/24 17:41:53] [INFO   ] org.mutationtesting.major.mutation.Mutator.logMutant:
    Logging mutant 11: Solution.combinationSumRec(line 22, col 25)
            mutation operator group:   COR
            mutation operator:         ||(boolean,boolean) |==> TRUE(boolean,boolean)
            original:                  amount == 0 || n == 0 
            mutant:                    true
[04/24 17:41:53] [INFO   ] org.mutationtesting.major.mutation.Mutator.nextMutant:
    Creating mutant 12
[04/24 17:41:53] [INFO   ] org.mutationtesting.major.mutation.Mutator.logMutant:
    Logging mutant 12: Solution.combinationSumRec(line 23, col 24)
            mutation operator group:   ROR
            mutation operator:         ==(int,int) |==> <=(int,int)
            original:                  amount == 0 
            mutant:                    amount <= 0
[04/24 17:41:53] [INFO   ] org.mutationtesting.major.mutation.Mutator.nextMutant:
    Creating mutant 13
[04/24 17:41:53] [INFO   ] org.mutationtesting.major.mutation.Mutator.logMutant:
    Logging mutant 13: Solution.combinationSumRec(line 23, col 24)
            mutation operator group:   ROR
            mutation operator:         ==(int,int) |==> >=(int,int)
            original:                  amount == 0 
            mutant:                    amount >= 0
[04/24 17:41:53] [INFO   ] org.mutationtesting.major.mutation.Mutator.nextMutant:
    Creating mutant 14
[04/24 17:41:53] [INFO   ] org.mutationtesting.major.mutation.Mutator.logMutant:
    Logging mutant 14: Solution.combinationSumRec(line 23, col 24)
            mutation operator group:   ROR
            mutation operator:         ==(int,int) |==> FALSE(int,int)
            original:                  amount == 0 
            mutant:                    false
[04/24 17:41:53] [INFO   ] org.mutationtesting.major.mutation.Mutator.nextMutant:
    Creating mutant 15
[04/24 17:41:53] [INFO   ] org.mutationtesting.major.mutation.Mutator.logMutantSTD:
    Logging mutantSTD 15: (STD) ans.add(base); -> <NO-OP>
[04/24 17:41:53] [INFO   ] org.mutationtesting.major.mutation.Mutator.nextMutant:
    Creating mutant 16
[04/24 17:41:53] [INFO   ] org.mutationtesting.major.mutation.Mutator.logMutantSTD:
    Logging mutantSTD 16: (STD) return; -> <NO-OP>
[04/24 17:41:53] [INFO   ] org.mutationtesting.major.mutation.Mutator.nextMutant:
    Creating mutant 17
[04/24 17:41:53] [INFO   ] org.mutationtesting.major.mutation.Mutator.logMutant:
    Logging mutant 17: Solution.combinationSumRec(line 29, col 30)
            mutation operator group:   AOR
            mutation operator:         -(int,int) |==> %(int,int)
            original:                  n - 1 
            mutant:                    n % 1
[04/24 17:41:53] [INFO   ] org.mutationtesting.major.mutation.Mutator.nextMutant:
    Creating mutant 18
[04/24 17:41:53] [INFO   ] org.mutationtesting.major.mutation.Mutator.logMutant:
    Logging mutant 18: Solution.combinationSumRec(line 29, col 30)
            mutation operator group:   AOR
            mutation operator:         -(int,int) |==> *(int,int)
            original:                  n - 1 
            mutant:                    n * 1
[04/24 17:41:53] [INFO   ] org.mutationtesting.major.mutation.Mutator.nextMutant:
    Creating mutant 19
[04/24 17:41:53] [INFO   ] org.mutationtesting.major.mutation.Mutator.logMutant:
    Logging mutant 19: Solution.combinationSumRec(line 29, col 30)
            mutation operator group:   AOR
            mutation operator:         -(int,int) |==> +(int,int)
            original:                  n - 1 
            mutant:                    n + 1
[04/24 17:41:53] [INFO   ] org.mutationtesting.major.mutation.Mutator.nextMutant:
    Creating mutant 20
[04/24 17:41:53] [INFO   ] org.mutationtesting.major.mutation.Mutator.logMutant:
    Logging mutant 20: Solution.combinationSumRec(line 29, col 30)
            mutation operator group:   AOR
            mutation operator:         -(int,int) |==> /(int,int)
            original:                  n - 1 
            mutant:                    n / 1
[04/24 17:41:53] [INFO   ] org.mutationtesting.major.mutation.Mutator.nextMutant:
    Creating mutant 21
[04/24 17:41:53] [INFO   ] org.mutationtesting.major.mutation.Mutator.logMutant:
    Logging mutant 21: Solution.combinationSumRec(line 29, col 20)
            mutation operator group:   AOR
            mutation operator:         -(int,int) |==> %(int,int)
            original:                  amount - coins[n - 1] 
            mutant:                    amount % coins[n - 1]
[04/24 17:41:53] [INFO   ] org.mutationtesting.major.mutation.Mutator.nextMutant:
    Creating mutant 22
[04/24 17:41:53] [INFO   ] org.mutationtesting.major.mutation.Mutator.logMutant:
    Logging mutant 22: Solution.combinationSumRec(line 29, col 20)
            mutation operator group:   AOR
            mutation operator:         -(int,int) |==> *(int,int)
            original:                  amount - coins[n - 1] 
            mutant:                    amount * coins[n - 1]
[04/24 17:41:53] [INFO   ] org.mutationtesting.major.mutation.Mutator.nextMutant:
    Creating mutant 23
[04/24 17:41:53] [INFO   ] org.mutationtesting.major.mutation.Mutator.logMutant:
    Logging mutant 23: Solution.combinationSumRec(line 29, col 20)
            mutation operator group:   AOR
            mutation operator:         -(int,int) |==> +(int,int)
            original:                  amount - coins[n - 1] 
            mutant:                    amount + coins[n - 1]
[04/24 17:41:53] [INFO   ] org.mutationtesting.major.mutation.Mutator.nextMutant:
    Creating mutant 24
[04/24 17:41:53] [INFO   ] org.mutationtesting.major.mutation.Mutator.logMutant:
    Logging mutant 24: Solution.combinationSumRec(line 29, col 20)
            mutation operator group:   AOR
            mutation operator:         -(int,int) |==> /(int,int)
            original:                  amount - coins[n - 1] 
            mutant:                    amount / coins[n - 1]
[04/24 17:41:53] [INFO   ] org.mutationtesting.major.mutation.Mutator.nextMutant:
    Creating mutant 25
[04/24 17:41:53] [INFO   ] org.mutationtesting.major.mutation.Mutator.logMutant:
    Logging mutant 25: Solution.combinationSumRec(line 29, col 35)
            mutation operator group:   ROR
            mutation operator:         >=(int,int) |==> ==(int,int)
            original:                  amount - coins[n - 1] >= 0 
            mutant:                    amount - coins[n - 1] == 0
[04/24 17:41:53] [INFO   ] org.mutationtesting.major.mutation.Mutator.nextMutant:
    Creating mutant 26
[04/24 17:41:53] [INFO   ] org.mutationtesting.major.mutation.Mutator.logMutant:
    Logging mutant 26: Solution.combinationSumRec(line 29, col 35)
            mutation operator group:   ROR
            mutation operator:         >=(int,int) |==> >(int,int)
            original:                  amount - coins[n - 1] >= 0 
            mutant:                    amount - coins[n - 1] > 0
[04/24 17:41:53] [INFO   ] org.mutationtesting.major.mutation.Mutator.nextMutant:
    Creating mutant 27
[04/24 17:41:53] [INFO   ] org.mutationtesting.major.mutation.Mutator.logMutant:
    Logging mutant 27: Solution.combinationSumRec(line 29, col 35)
            mutation operator group:   ROR
            mutation operator:         >=(int,int) |==> TRUE(int,int)
            original:                  amount - coins[n - 1] >= 0 
            mutant:                    true
[04/24 17:41:53] [INFO   ] org.mutationtesting.major.mutation.Mutator.nextMutant:
    Creating mutant 28
[04/24 17:41:53] [INFO   ] org.mutationtesting.major.mutation.Mutator.logMutant:
    Logging mutant 28: Solution.combinationSumRec(line 30, col 33)
            mutation operator group:   AOR
            mutation operator:         -(int,int) |==> %(int,int)
            original:                  n - 1 
            mutant:                    n % 1
[04/24 17:41:53] [INFO   ] org.mutationtesting.major.mutation.Mutator.nextMutant:
    Creating mutant 29
[04/24 17:41:53] [INFO   ] org.mutationtesting.major.mutation.Mutator.logMutant:
    Logging mutant 29: Solution.combinationSumRec(line 30, col 33)
            mutation operator group:   AOR
            mutation operator:         -(int,int) |==> *(int,int)
            original:                  n - 1 
            mutant:                    n * 1
[04/24 17:41:53] [INFO   ] org.mutationtesting.major.mutation.Mutator.nextMutant:
    Creating mutant 30
[04/24 17:41:53] [INFO   ] org.mutationtesting.major.mutation.Mutator.logMutant:
    Logging mutant 30: Solution.combinationSumRec(line 30, col 33)
            mutation operator group:   AOR
            mutation operator:         -(int,int) |==> +(int,int)
            original:                  n - 1 
            mutant:                    n + 1
[04/24 17:41:53] [INFO   ] org.mutationtesting.major.mutation.Mutator.nextMutant:
    Creating mutant 31
[04/24 17:41:53] [INFO   ] org.mutationtesting.major.mutation.Mutator.logMutant:
    Logging mutant 31: Solution.combinationSumRec(line 30, col 33)
            mutation operator group:   AOR
            mutation operator:         -(int,int) |==> /(int,int)
            original:                  n - 1 
            mutant:                    n / 1
[04/24 17:41:53] [INFO   ] org.mutationtesting.major.mutation.Mutator.nextMutant:
    Creating mutant 32
[04/24 17:41:53] [INFO   ] org.mutationtesting.major.mutation.Mutator.logMutantSTD:
    Logging mutantSTD 32: (STD) subList.add(coins[n - 1]); -> <NO-OP>
[04/24 17:41:53] [INFO   ] org.mutationtesting.major.mutation.Mutator.nextMutant:
    Creating mutant 33
[04/24 17:41:53] [INFO   ] org.mutationtesting.major.mutation.Mutator.logMutant:
    Logging mutant 33: Solution.combinationSumRec(line 31, col 58)
            mutation operator group:   AOR
            mutation operator:         -(int,int) |==> %(int,int)
            original:                  n - 1 
            mutant:                    n % 1
[04/24 17:41:53] [INFO   ] org.mutationtesting.major.mutation.Mutator.nextMutant:
    Creating mutant 34
[04/24 17:41:53] [INFO   ] org.mutationtesting.major.mutation.Mutator.logMutant:
    Logging mutant 34: Solution.combinationSumRec(line 31, col 58)
            mutation operator group:   AOR
            mutation operator:         -(int,int) |==> *(int,int)
            original:                  n - 1 
            mutant:                    n * 1
[04/24 17:41:53] [INFO   ] org.mutationtesting.major.mutation.Mutator.nextMutant:
    Creating mutant 35
[04/24 17:41:53] [INFO   ] org.mutationtesting.major.mutation.Mutator.logMutant:
    Logging mutant 35: Solution.combinationSumRec(line 31, col 58)
            mutation operator group:   AOR
            mutation operator:         -(int,int) |==> +(int,int)
            original:                  n - 1 
            mutant:                    n + 1
[04/24 17:41:53] [INFO   ] org.mutationtesting.major.mutation.Mutator.nextMutant:
    Creating mutant 36
[04/24 17:41:53] [INFO   ] org.mutationtesting.major.mutation.Mutator.logMutant:
    Logging mutant 36: Solution.combinationSumRec(line 31, col 58)
            mutation operator group:   AOR
            mutation operator:         -(int,int) |==> /(int,int)
            original:                  n - 1 
            mutant:                    n / 1
[04/24 17:41:53] [INFO   ] org.mutationtesting.major.mutation.Mutator.nextMutant:
    Creating mutant 37
[04/24 17:41:53] [INFO   ] org.mutationtesting.major.mutation.Mutator.logMutant:
    Logging mutant 37: Solution.combinationSumRec(line 31, col 48)
            mutation operator group:   AOR
            mutation operator:         -(int,int) |==> %(int,int)
            original:                  amount - coins[n - 1] 
            mutant:                    amount % coins[n - 1]
[04/24 17:41:53] [INFO   ] org.mutationtesting.major.mutation.Mutator.nextMutant:
    Creating mutant 38
[04/24 17:41:53] [INFO   ] org.mutationtesting.major.mutation.Mutator.logMutant:
    Logging mutant 38: Solution.combinationSumRec(line 31, col 48)
            mutation operator group:   AOR
            mutation operator:         -(int,int) |==> *(int,int)
            original:                  amount - coins[n - 1] 
            mutant:                    amount * coins[n - 1]
[04/24 17:41:53] [INFO   ] org.mutationtesting.major.mutation.Mutator.nextMutant:
    Creating mutant 39
[04/24 17:41:53] [INFO   ] org.mutationtesting.major.mutation.Mutator.logMutant:
    Logging mutant 39: Solution.combinationSumRec(line 31, col 48)
            mutation operator group:   AOR
            mutation operator:         -(int,int) |==> +(int,int)
            original:                  amount - coins[n - 1] 
            mutant:                    amount + coins[n - 1]
[04/24 17:41:53] [INFO   ] org.mutationtesting.major.mutation.Mutator.nextMutant:
    Creating mutant 40
[04/24 17:41:53] [INFO   ] org.mutationtesting.major.mutation.Mutator.logMutant:
    Logging mutant 40: Solution.combinationSumRec(line 31, col 48)
            mutation operator group:   AOR
            mutation operator:         -(int,int) |==> /(int,int)
            original:                  amount - coins[n - 1] 
            mutant:                    amount / coins[n - 1]
[04/24 17:41:53] [INFO   ] org.mutationtesting.major.mutation.Mutator.nextMutant:
    Creating mutant 41
[04/24 17:41:53] [INFO   ] org.mutationtesting.major.mutation.Mutator.logMutantSTD:
    Logging mutantSTD 41: (STD) combinationSumRec(n, coins, amount - coins[n - 1], subList, ans); -> <NO-OP>
[04/24 17:41:53] [INFO   ] org.mutationtesting.major.mutation.Mutator.nextMutant:
    Creating mutant 42
[04/24 17:41:53] [INFO   ] org.mutationtesting.major.mutation.Mutator.logMutant:
    Logging mutant 42: Solution.combinationSumRec(line 32, col 43)
            mutation operator group:   AOR
            mutation operator:         -(int,int) |==> %(int,int)
            original:                  subList.size() - 1 
            mutant:                    subList.size() % 1
[04/24 17:41:53] [INFO   ] org.mutationtesting.major.mutation.Mutator.nextMutant:
    Creating mutant 43
[04/24 17:41:53] [INFO   ] org.mutationtesting.major.mutation.Mutator.logMutant:
    Logging mutant 43: Solution.combinationSumRec(line 32, col 43)
            mutation operator group:   AOR
            mutation operator:         -(int,int) |==> *(int,int)
            original:                  subList.size() - 1 
            mutant:                    subList.size() * 1
[04/24 17:41:53] [INFO   ] org.mutationtesting.major.mutation.Mutator.nextMutant:
    Creating mutant 44
[04/24 17:41:53] [INFO   ] org.mutationtesting.major.mutation.Mutator.logMutant:
    Logging mutant 44: Solution.combinationSumRec(line 32, col 43)
            mutation operator group:   AOR
            mutation operator:         -(int,int) |==> +(int,int)
            original:                  subList.size() - 1 
            mutant:                    subList.size() + 1
[04/24 17:41:53] [INFO   ] org.mutationtesting.major.mutation.Mutator.nextMutant:
    Creating mutant 45
[04/24 17:41:53] [INFO   ] org.mutationtesting.major.mutation.Mutator.logMutant:
    Logging mutant 45: Solution.combinationSumRec(line 32, col 43)
            mutation operator group:   AOR
            mutation operator:         -(int,int) |==> /(int,int)
            original:                  subList.size() - 1 
            mutant:                    subList.size() / 1
[04/24 17:41:53] [INFO   ] org.mutationtesting.major.mutation.Mutator.nextMutant:
    Creating mutant 46
[04/24 17:41:53] [INFO   ] org.mutationtesting.major.mutation.Mutator.logMutantSTD:
    Logging mutantSTD 46: (STD) subList.remove(subList.size() - 1); -> <NO-OP>
[04/24 17:41:53] [INFO   ] org.mutationtesting.major.mutation.Mutator.nextMutant:
    Creating mutant 47
[04/24 17:41:53] [INFO   ] org.mutationtesting.major.mutation.Mutator.logMutant:
    Logging mutant 47: Solution.combinationSumRec(line 34, col 29)
            mutation operator group:   AOR
            mutation operator:         -(int,int) |==> %(int,int)
            original:                  n - 1 
            mutant:                    n % 1
[04/24 17:41:53] [INFO   ] org.mutationtesting.major.mutation.Mutator.nextMutant:
    Creating mutant 48
[04/24 17:41:53] [INFO   ] org.mutationtesting.major.mutation.Mutator.logMutant:
    Logging mutant 48: Solution.combinationSumRec(line 34, col 29)
            mutation operator group:   AOR
            mutation operator:         -(int,int) |==> *(int,int)
            original:                  n - 1 
            mutant:                    n * 1
[04/24 17:41:53] [INFO   ] org.mutationtesting.major.mutation.Mutator.nextMutant:
    Creating mutant 49
[04/24 17:41:53] [INFO   ] org.mutationtesting.major.mutation.Mutator.logMutant:
    Logging mutant 49: Solution.combinationSumRec(line 34, col 29)
            mutation operator group:   AOR
            mutation operator:         -(int,int) |==> +(int,int)
            original:                  n - 1 
            mutant:                    n + 1
[04/24 17:41:53] [INFO   ] org.mutationtesting.major.mutation.Mutator.nextMutant:
    Creating mutant 50
[04/24 17:41:53] [INFO   ] org.mutationtesting.major.mutation.Mutator.logMutant:
    Logging mutant 50: Solution.combinationSumRec(line 34, col 29)
            mutation operator group:   AOR
            mutation operator:         -(int,int) |==> /(int,int)
            original:                  n - 1 
            mutant:                    n / 1
[04/24 17:41:53] [INFO   ] org.mutationtesting.major.mutation.Mutator.nextMutant:
    Creating mutant 51
[04/24 17:41:53] [INFO   ] org.mutationtesting.major.mutation.Mutator.logMutantSTD:
    Logging mutantSTD 51: (STD) combinationSumRec(n - 1, coins, amount, subList, ans); -> <NO-OP>
[04/24 17:41:53] [INFO   ] org.mutationtesting.major.plugin.MajorPluginTaskListener.mutate:
    Generated 51 mutants (63 ms)
