1:STD:<CALL>:<NO-OP>:g0001_0100.s0039_combination_sum.Solution@combinationSum(int[],int):16:combinationSumRec(coins.length, coins, amount, subList, ans); |==> <NO-OP>
2:ROR:==(int,int):<=(int,int):g0001_0100.s0039_combination_sum.Solution@combinationSumRec(int,int[],int,java.util.List<java.lang.Integer>,java.util.List<java.util.List<java.lang.Integer>>):22:amount == 0 |==> amount <= 0
3:ROR:==(int,int):>=(int,int):g0001_0100.s0039_combination_sum.Solution@combinationSumRec(int,int[],int,java.util.List<java.lang.Integer>,java.util.List<java.util.List<java.lang.Integer>>):22:amount == 0 |==> amount >= 0
4:ROR:==(int,int):FALSE(int,int):g0001_0100.s0039_combination_sum.Solution@combinationSumRec(int,int[],int,java.util.List<java.lang.Integer>,java.util.List<java.util.List<java.lang.Integer>>):22:amount == 0 |==> false
5:ROR:==(int,int):<=(int,int):g0001_0100.s0039_combination_sum.Solution@combinationSumRec(int,int[],int,java.util.List<java.lang.Integer>,java.util.List<java.util.List<java.lang.Integer>>):22:n == 0 |==> n <= 0
6:ROR:==(int,int):>=(int,int):g0001_0100.s0039_combination_sum.Solution@combinationSumRec(int,int[],int,java.util.List<java.lang.Integer>,java.util.List<java.util.List<java.lang.Integer>>):22:n == 0 |==> n >= 0
7:ROR:==(int,int):FALSE(int,int):g0001_0100.s0039_combination_sum.Solution@combinationSumRec(int,int[],int,java.util.List<java.lang.Integer>,java.util.List<java.util.List<java.lang.Integer>>):22:n == 0 |==> false
8:COR:||(boolean,boolean):!=(boolean,boolean):g0001_0100.s0039_combination_sum.Solution@combinationSumRec(int,int[],int,java.util.List<java.lang.Integer>,java.util.List<java.util.List<java.lang.Integer>>):22:amount == 0 || n == 0 |==> amount == 0 != (n == 0)
9:COR:||(boolean,boolean):LHS(boolean,boolean):g0001_0100.s0039_combination_sum.Solution@combinationSumRec(int,int[],int,java.util.List<java.lang.Integer>,java.util.List<java.util.List<java.lang.Integer>>):22:amount == 0 || n == 0 |==> amount == 0
10:COR:||(boolean,boolean):RHS(boolean,boolean):g0001_0100.s0039_combination_sum.Solution@combinationSumRec(int,int[],int,java.util.List<java.lang.Integer>,java.util.List<java.util.List<java.lang.Integer>>):22:amount == 0 || n == 0 |==> n == 0
11:COR:||(boolean,boolean):TRUE(boolean,boolean):g0001_0100.s0039_combination_sum.Solution@combinationSumRec(int,int[],int,java.util.List<java.lang.Integer>,java.util.List<java.util.List<java.lang.Integer>>):22:amount == 0 || n == 0 |==> true
12:ROR:==(int,int):<=(int,int):g0001_0100.s0039_combination_sum.Solution@combinationSumRec(int,int[],int,java.util.List<java.lang.Integer>,java.util.List<java.util.List<java.lang.Integer>>):23:amount == 0 |==> amount <= 0
13:ROR:==(int,int):>=(int,int):g0001_0100.s0039_combination_sum.Solution@combinationSumRec(int,int[],int,java.util.List<java.lang.Integer>,java.util.List<java.util.List<java.lang.Integer>>):23:amount == 0 |==> amount >= 0
14:ROR:==(int,int):FALSE(int,int):g0001_0100.s0039_combination_sum.Solution@combinationSumRec(int,int[],int,java.util.List<java.lang.Integer>,java.util.List<java.util.List<java.lang.Integer>>):23:amount == 0 |==> false
15:STD:<CALL>:<NO-OP>:g0001_0100.s0039_combination_sum.Solution@combinationSumRec(int,int[],int,java.util.List<java.lang.Integer>,java.util.List<java.util.List<java.lang.Integer>>):25:ans.add(base); |==> <NO-OP>
16:STD:<RETURN>:<NO-OP>:g0001_0100.s0039_combination_sum.Solution@combinationSumRec(int,int[],int,java.util.List<java.lang.Integer>,java.util.List<java.util.List<java.lang.Integer>>):27:return; |==> <NO-OP>
17:AOR:-(int,int):%(int,int):g0001_0100.s0039_combination_sum.Solution@combinationSumRec(int,int[],int,java.util.List<java.lang.Integer>,java.util.List<java.util.List<java.lang.Integer>>):29:n - 1 |==> n % 1
18:AOR:-(int,int):*(int,int):g0001_0100.s0039_combination_sum.Solution@combinationSumRec(int,int[],int,java.util.List<java.lang.Integer>,java.util.List<java.util.List<java.lang.Integer>>):29:n - 1 |==> n * 1
19:AOR:-(int,int):+(int,int):g0001_0100.s0039_combination_sum.Solution@combinationSumRec(int,int[],int,java.util.List<java.lang.Integer>,java.util.List<java.util.List<java.lang.Integer>>):29:n - 1 |==> n + 1
20:AOR:-(int,int):/(int,int):g0001_0100.s0039_combination_sum.Solution@combinationSumRec(int,int[],int,java.util.List<java.lang.Integer>,java.util.List<java.util.List<java.lang.Integer>>):29:n - 1 |==> n / 1
21:AOR:-(int,int):%(int,int):g0001_0100.s0039_combination_sum.Solution@combinationSumRec(int,int[],int,java.util.List<java.lang.Integer>,java.util.List<java.util.List<java.lang.Integer>>):29:amount - coins[n - 1] |==> amount % coins[n - 1]
22:AOR:-(int,int):*(int,int):g0001_0100.s0039_combination_sum.Solution@combinationSumRec(int,int[],int,java.util.List<java.lang.Integer>,java.util.List<java.util.List<java.lang.Integer>>):29:amount - coins[n - 1] |==> amount * coins[n - 1]
23:AOR:-(int,int):+(int,int):g0001_0100.s0039_combination_sum.Solution@combinationSumRec(int,int[],int,java.util.List<java.lang.Integer>,java.util.List<java.util.List<java.lang.Integer>>):29:amount - coins[n - 1] |==> amount + coins[n - 1]
24:AOR:-(int,int):/(int,int):g0001_0100.s0039_combination_sum.Solution@combinationSumRec(int,int[],int,java.util.List<java.lang.Integer>,java.util.List<java.util.List<java.lang.Integer>>):29:amount - coins[n - 1] |==> amount / coins[n - 1]
25:ROR:>=(int,int):==(int,int):g0001_0100.s0039_combination_sum.Solution@combinationSumRec(int,int[],int,java.util.List<java.lang.Integer>,java.util.List<java.util.List<java.lang.Integer>>):29:amount - coins[n - 1] >= 0 |==> amount - coins[n - 1] == 0
26:ROR:>=(int,int):>(int,int):g0001_0100.s0039_combination_sum.Solution@combinationSumRec(int,int[],int,java.util.List<java.lang.Integer>,java.util.List<java.util.List<java.lang.Integer>>):29:amount - coins[n - 1] >= 0 |==> amount - coins[n - 1] > 0
27:ROR:>=(int,int):TRUE(int,int):g0001_0100.s0039_combination_sum.Solution@combinationSumRec(int,int[],int,java.util.List<java.lang.Integer>,java.util.List<java.util.List<java.lang.Integer>>):29:amount - coins[n - 1] >= 0 |==> true
28:AOR:-(int,int):%(int,int):g0001_0100.s0039_combination_sum.Solution@combinationSumRec(int,int[],int,java.util.List<java.lang.Integer>,java.util.List<java.util.List<java.lang.Integer>>):30:n - 1 |==> n % 1
29:AOR:-(int,int):*(int,int):g0001_0100.s0039_combination_sum.Solution@combinationSumRec(int,int[],int,java.util.List<java.lang.Integer>,java.util.List<java.util.List<java.lang.Integer>>):30:n - 1 |==> n * 1
30:AOR:-(int,int):+(int,int):g0001_0100.s0039_combination_sum.Solution@combinationSumRec(int,int[],int,java.util.List<java.lang.Integer>,java.util.List<java.util.List<java.lang.Integer>>):30:n - 1 |==> n + 1
31:AOR:-(int,int):/(int,int):g0001_0100.s0039_combination_sum.Solution@combinationSumRec(int,int[],int,java.util.List<java.lang.Integer>,java.util.List<java.util.List<java.lang.Integer>>):30:n - 1 |==> n / 1
32:STD:<CALL>:<NO-OP>:g0001_0100.s0039_combination_sum.Solution@combinationSumRec(int,int[],int,java.util.List<java.lang.Integer>,java.util.List<java.util.List<java.lang.Integer>>):30:subList.add(coins[n - 1]); |==> <NO-OP>
33:AOR:-(int,int):%(int,int):g0001_0100.s0039_combination_sum.Solution@combinationSumRec(int,int[],int,java.util.List<java.lang.Integer>,java.util.List<java.util.List<java.lang.Integer>>):31:n - 1 |==> n % 1
34:AOR:-(int,int):*(int,int):g0001_0100.s0039_combination_sum.Solution@combinationSumRec(int,int[],int,java.util.List<java.lang.Integer>,java.util.List<java.util.List<java.lang.Integer>>):31:n - 1 |==> n * 1
35:AOR:-(int,int):+(int,int):g0001_0100.s0039_combination_sum.Solution@combinationSumRec(int,int[],int,java.util.List<java.lang.Integer>,java.util.List<java.util.List<java.lang.Integer>>):31:n - 1 |==> n + 1
36:AOR:-(int,int):/(int,int):g0001_0100.s0039_combination_sum.Solution@combinationSumRec(int,int[],int,java.util.List<java.lang.Integer>,java.util.List<java.util.List<java.lang.Integer>>):31:n - 1 |==> n / 1
37:AOR:-(int,int):%(int,int):g0001_0100.s0039_combination_sum.Solution@combinationSumRec(int,int[],int,java.util.List<java.lang.Integer>,java.util.List<java.util.List<java.lang.Integer>>):31:amount - coins[n - 1] |==> amount % coins[n - 1]
38:AOR:-(int,int):*(int,int):g0001_0100.s0039_combination_sum.Solution@combinationSumRec(int,int[],int,java.util.List<java.lang.Integer>,java.util.List<java.util.List<java.lang.Integer>>):31:amount - coins[n - 1] |==> amount * coins[n - 1]
39:AOR:-(int,int):+(int,int):g0001_0100.s0039_combination_sum.Solution@combinationSumRec(int,int[],int,java.util.List<java.lang.Integer>,java.util.List<java.util.List<java.lang.Integer>>):31:amount - coins[n - 1] |==> amount + coins[n - 1]
40:AOR:-(int,int):/(int,int):g0001_0100.s0039_combination_sum.Solution@combinationSumRec(int,int[],int,java.util.List<java.lang.Integer>,java.util.List<java.util.List<java.lang.Integer>>):31:amount - coins[n - 1] |==> amount / coins[n - 1]
41:STD:<CALL>:<NO-OP>:g0001_0100.s0039_combination_sum.Solution@combinationSumRec(int,int[],int,java.util.List<java.lang.Integer>,java.util.List<java.util.List<java.lang.Integer>>):31:combinationSumRec(n, coins, amount - coins[n - 1], subList, ans); |==> <NO-OP>
42:AOR:-(int,int):%(int,int):g0001_0100.s0039_combination_sum.Solution@combinationSumRec(int,int[],int,java.util.List<java.lang.Integer>,java.util.List<java.util.List<java.lang.Integer>>):32:subList.size() - 1 |==> subList.size() % 1
43:AOR:-(int,int):*(int,int):g0001_0100.s0039_combination_sum.Solution@combinationSumRec(int,int[],int,java.util.List<java.lang.Integer>,java.util.List<java.util.List<java.lang.Integer>>):32:subList.size() - 1 |==> subList.size() * 1
44:AOR:-(int,int):+(int,int):g0001_0100.s0039_combination_sum.Solution@combinationSumRec(int,int[],int,java.util.List<java.lang.Integer>,java.util.List<java.util.List<java.lang.Integer>>):32:subList.size() - 1 |==> subList.size() + 1
45:AOR:-(int,int):/(int,int):g0001_0100.s0039_combination_sum.Solution@combinationSumRec(int,int[],int,java.util.List<java.lang.Integer>,java.util.List<java.util.List<java.lang.Integer>>):32:subList.size() - 1 |==> subList.size() / 1
46:STD:<CALL>:<NO-OP>:g0001_0100.s0039_combination_sum.Solution@combinationSumRec(int,int[],int,java.util.List<java.lang.Integer>,java.util.List<java.util.List<java.lang.Integer>>):32:subList.remove(subList.size() - 1); |==> <NO-OP>
47:AOR:-(int,int):%(int,int):g0001_0100.s0039_combination_sum.Solution@combinationSumRec(int,int[],int,java.util.List<java.lang.Integer>,java.util.List<java.util.List<java.lang.Integer>>):34:n - 1 |==> n % 1
48:AOR:-(int,int):*(int,int):g0001_0100.s0039_combination_sum.Solution@combinationSumRec(int,int[],int,java.util.List<java.lang.Integer>,java.util.List<java.util.List<java.lang.Integer>>):34:n - 1 |==> n * 1
49:AOR:-(int,int):+(int,int):g0001_0100.s0039_combination_sum.Solution@combinationSumRec(int,int[],int,java.util.List<java.lang.Integer>,java.util.List<java.util.List<java.lang.Integer>>):34:n - 1 |==> n + 1
50:AOR:-(int,int):/(int,int):g0001_0100.s0039_combination_sum.Solution@combinationSumRec(int,int[],int,java.util.List<java.lang.Integer>,java.util.List<java.util.List<java.lang.Integer>>):34:n - 1 |==> n / 1
51:STD:<CALL>:<NO-OP>:g0001_0100.s0039_combination_sum.Solution@combinationSumRec(int,int[],int,java.util.List<java.lang.Integer>,java.util.List<java.util.List<java.lang.Integer>>):34:combinationSumRec(n - 1, coins, amount, subList, ans); |==> <NO-OP>
