ERROR:root:Failed to parse \x.((_ = {NN})(x) & _12{CD}(x)). Error: The function '(_ = {NN})' is not a Lambda Expression, an Application Expression, or a functional predicate, so it may not take arguments.
\x.((_ = {NN})(x) & _12{CD}(x))
             ^
ERROR:root:An error occurred: The function '(_ = {NN})' is not a Lambda Expression, an Application Expression, or a functional predicate, so it may not take arguments.
\x.((_ = {NN})(x) & _12{CD}(x))
             ^
Sentence: Total amount you can rob = 2 + 9 + 1 = 12 .
Tree XML:
<sentence>
  <tokens>
    <token start="0" span="1" pos="JJ" chunk="I-NP" entity="O" cat="N/N" id="t0_0" surf="Total" base="total"/>
    <token start="1" span="1" pos="NN" chunk="I-NP" entity="O" cat="N" id="t0_1" surf="amount" base="amount"/>
    <token start="2" span="1" pos="PRP" chunk="B-NP" entity="O" cat="NP" id="t0_2" surf="you" base="you"/>
    <token start="3" span="1" pos="MD" chunk="I-VP" entity="O" cat="(S[dcl]\NP)/(S[b]\NP)" id="t0_3" surf="can" base="can"/>
    <token start="4" span="1" pos="VB" chunk="I-VP" entity="O" cat="(S[b]\NP)/NP" id="t0_4" surf="rob" base="rob"/>
    <token start="5" span="1" pos="JJ" chunk="I-NP" entity="O" cat="N/N" id="t0_5" surf="=" base="="/>
    <token start="6" span="1" pos="CD" chunk="I-NP" entity="I-TIM" cat="N/N" id="t0_6" surf="2" base="2"/>
    <token start="7" span="1" pos="NN" chunk="I-NP" entity="I-TIM" cat="N/N" id="t0_7" surf="+" base="+"/>
    <token start="8" span="1" pos="CD" chunk="I-NP" entity="I-TIM" cat="N/N" id="t0_8" surf="9" base="9"/>
    <token start="9" span="1" pos="NN" chunk="I-NP" entity="I-TIM" cat="N/N" id="t0_9" surf="+" base="+"/>
    <token start="10" span="1" pos="CD" chunk="I-NP" entity="I-TIM" cat="N/N" id="t0_10" surf="1" base="1"/>
    <token start="11" span="1" pos="NN" chunk="I-NP" entity="I-TIM" cat="N" id="t0_11" surf="=" base="="/>
    <token start="12" span="1" pos="CD" chunk="I-NP" entity="I-TIM" cat="N\N" id="t0_12" surf="12" base="12"/>
    <token start="13" span="1" pos="." chunk="O" entity="O" cat="." id="t0_13" surf="." base="."/>
  </tokens>
  <ccg root="s0_sp0" id="s0_ccg0">
    <span root="true" id="s0_sp0" child="s0_sp1 s0_sp5" category="NP" rule="ba"/>
    <span id="s0_sp1" child="s0_sp2" category="NP" rule="lex"/>
    <span id="s0_sp2" child="s0_sp3 s0_sp4" category="N" rule="fa"/>
    <span start="0" span="1" pos="JJ" chunk="I-NP" entity="O" id="s0_sp3" surf="Total" base="total" terminal="t0_0" category="N/N"/>
    <span start="1" span="1" pos="NN" chunk="I-NP" entity="O" id="s0_sp4" surf="amount" base="amount" terminal="t0_1" category="N"/>
    <span id="s0_sp5" child="s0_sp6" category="NP\NP" rule="lex"/>
    <span id="s0_sp6" child="s0_sp7 s0_sp29" category="S[dcl=true]" rule="rp"/>
    <span id="s0_sp7" child="s0_sp8 s0_sp9" category="S[dcl=true]" rule="ba"/>
    <span start="2" span="1" pos="PRP" chunk="B-NP" entity="O" id="s0_sp8" surf="you" base="you" terminal="t0_2" category="NP"/>
    <span id="s0_sp9" child="s0_sp10 s0_sp11" category="S[dcl=true]\NP" rule="fa"/>
    <span start="3" span="1" pos="MD" chunk="I-VP" entity="O" id="s0_sp10" surf="can" base="can" terminal="t0_3" category="(S[dcl=true]\NP)/(S[b=true]\NP)"/>
    <span id="s0_sp11" child="s0_sp12 s0_sp13" category="S[b=true]\NP" rule="fa"/>
    <span start="4" span="1" pos="VB" chunk="I-VP" entity="O" id="s0_sp12" surf="rob" base="rob" terminal="t0_4" category="(S[b=true]\NP)/NP"/>
    <span id="s0_sp13" child="s0_sp14" category="NP" rule="lex"/>
    <span id="s0_sp14" child="s0_sp15 s0_sp16" category="N" rule="fa"/>
    <span start="5" span="1" pos="JJ" chunk="I-NP" entity="O" id="s0_sp15" surf="=" base="=" terminal="t0_5" category="N/N"/>
    <span id="s0_sp16" child="s0_sp17 s0_sp18" category="N" rule="fa"/>
    <span start="6" span="1" pos="CD" chunk="I-NP" entity="I-TIM" id="s0_sp17" surf="2" base="2" terminal="t0_6" category="N/N"/>
    <span id="s0_sp18" child="s0_sp19 s0_sp20" category="N" rule="fa"/>
    <span start="7" span="1" pos="NN" chunk="I-NP" entity="I-TIM" id="s0_sp19" surf="+" base="+" terminal="t0_7" category="N/N"/>
    <span id="s0_sp20" child="s0_sp21 s0_sp22" category="N" rule="fa"/>
    <span start="8" span="1" pos="CD" chunk="I-NP" entity="I-TIM" id="s0_sp21" surf="9" base="9" terminal="t0_8" category="N/N"/>
    <span id="s0_sp22" child="s0_sp23 s0_sp24" category="N" rule="fa"/>
    <span start="9" span="1" pos="NN" chunk="I-NP" entity="I-TIM" id="s0_sp23" surf="+" base="+" terminal="t0_9" category="N/N"/>
    <span id="s0_sp24" child="s0_sp25 s0_sp26" category="N" rule="fa"/>
    <span start="10" span="1" pos="CD" chunk="I-NP" entity="I-TIM" id="s0_sp25" surf="1" base="1" terminal="t0_10" category="N/N"/>
    <span id="s0_sp26" child="s0_sp27 s0_sp28" category="N" rule="ba"/>
    <span start="11" span="1" pos="NN" chunk="I-NP" entity="I-TIM" id="s0_sp27" surf="=" base="=" terminal="t0_11" category="N"/>
    <span start="12" span="1" pos="CD" chunk="I-NP" entity="I-TIM" id="s0_sp28" surf="12" base="12" terminal="t0_12" category="N\N"/>
    <span start="13" span="1" pos="." chunk="O" entity="O" id="s0_sp29" surf="." base="." terminal="t0_13" category="."/>
  </ccg>
</sentence>

