ERROR:root:Failed to parse \Q K.Q(\x.TrueP,\x.exists e.((_ = {VBD})(e) & (Subj(e) = x) & K(e))). Error: The function '(_ = {VBD})' is not a Lambda Expression, an Application Expression, or a functional predicate, so it may not take arguments.
\Q K.Q(\x.TrueP,\x.exists e.((_ = {VBD})(e) & (Subj(e) = x) & K(e)))
                                       ^
ERROR:root:An error occurred: The function '(_ = {VBD})' is not a Lambda Expression, an Application Expression, or a functional predicate, so it may not take arguments.
\Q K.Q(\x.TrueP,\x.exists e.((_ = {VBD})(e) & (Subj(e) = x) & K(e)))
                                       ^
Sentence: Rob house 1 ( money = 1 ) and then rob house 3 ( money = 3 ) .
Tree XML:
<sentence>
  <tokens>
    <token start="0" span="1" pos="NNP" chunk="I-NP" entity="I-PER" cat="N/N" id="t0_0" surf="Rob" base="rob"/>
    <token start="1" span="1" pos="NN" chunk="I-NP" entity="O" cat="N/N" id="t0_1" surf="house" base="house"/>
    <token start="2" span="1" pos="CD" chunk="I-NP" entity="O" cat="N/N" id="t0_2" surf="1" base="1"/>
    <token start="3" span="1" pos="LRB" chunk="O" entity="O" cat="LRB" id="t0_3" surf="(" base="("/>
    <token start="4" span="1" pos="NN" chunk="I-NP" entity="O" cat="N" id="t0_4" surf="money" base="money"/>
    <token start="5" span="1" pos="VBD" chunk="I-VP" entity="O" cat="S[dcl]\NP" id="t0_5" surf="=" base="="/>
    <token start="6" span="1" pos="CD" chunk="I-NP" entity="O" cat="(S\NP)\(S\NP)" id="t0_6" surf="1" base="1"/>
    <token start="7" span="1" pos="RRB" chunk="O" entity="O" cat="RRB" id="t0_7" surf=")" base=")"/>
    <token start="8" span="1" pos="CC" chunk="O" entity="O" cat="conj" id="t0_8" surf="and" base="and"/>
    <token start="9" span="1" pos="RB" chunk="I-VP" entity="O" cat="(S\NP)/(S\NP)" id="t0_9" surf="then" base="then"/>
    <token start="10" span="1" pos="VBD" chunk="I-VP" entity="O" cat="(S[dcl]\NP)/NP" id="t0_10" surf="rob" base="rob"/>
    <token start="11" span="1" pos="NN" chunk="I-NP" entity="O" cat="N" id="t0_11" surf="house" base="house"/>
    <token start="12" span="1" pos="CD" chunk="I-NP" entity="O" cat="N\N" id="t0_12" surf="3" base="3"/>
    <token start="13" span="1" pos="LRB" chunk="O" entity="O" cat="(NP\NP)/NP" id="t0_13" surf="(" base="("/>
    <token start="14" span="1" pos="NN" chunk="I-NP" entity="O" cat="N/N" id="t0_14" surf="money" base="money"/>
    <token start="15" span="1" pos="NN" chunk="I-NP" entity="O" cat="N" id="t0_15" surf="=" base="="/>
    <token start="16" span="1" pos="CD" chunk="I-NP" entity="O" cat="N\N" id="t0_16" surf="3" base="3"/>
    <token start="17" span="1" pos="RRB" chunk="O" entity="O" cat="RRB" id="t0_17" surf=")" base=")"/>
    <token start="18" span="1" pos="." chunk="O" entity="O" cat="." id="t0_18" surf="." base="."/>
  </tokens>
  <ccg root="s0_sp0" id="s0_ccg0">
    <span root="true" id="s0_sp0" child="s0_sp1 s0_sp39" category="S[dcl=true]" rule="rp"/>
    <span id="s0_sp1" child="s0_sp2 s0_sp12" category="S[dcl=true]" rule="ba"/>
    <span id="s0_sp2" child="s0_sp3" category="NP" rule="lex"/>
    <span id="s0_sp3" child="s0_sp4 s0_sp5" category="N" rule="fa"/>
    <span start="0" span="1" pos="NNP" chunk="I-NP" entity="I-PER" id="s0_sp4" surf="Rob" base="rob" terminal="t0_0" category="N/N"/>
    <span id="s0_sp5" child="s0_sp6 s0_sp7" category="N" rule="fa"/>
    <span start="1" span="1" pos="NN" chunk="I-NP" entity="O" id="s0_sp6" surf="house" base="house" terminal="t0_1" category="N/N"/>
    <span id="s0_sp7" child="s0_sp8 s0_sp9" category="N" rule="fa"/>
    <span start="2" span="1" pos="CD" chunk="I-NP" entity="O" id="s0_sp8" surf="1" base="1" terminal="t0_2" category="N/N"/>
    <span id="s0_sp9" child="s0_sp10 s0_sp11" category="N" rule="lp"/>
    <span start="3" span="1" pos="LRB" chunk="O" entity="O" id="s0_sp10" surf="(" base="(" terminal="t0_3" category="LRB"/>
    <span start="4" span="1" pos="NN" chunk="I-NP" entity="O" id="s0_sp11" surf="money" base="money" terminal="t0_4" category="N"/>
    <span id="s0_sp12" child="s0_sp13 s0_sp18" category="S[dcl=true]\NP" rule="ba"/>
    <span id="s0_sp13" child="s0_sp14 s0_sp15" category="S[dcl=true]\NP" rule="ba"/>
    <span start="5" span="1" pos="VBD" chunk="I-VP" entity="O" id="s0_sp14" surf="=" base="=" terminal="t0_5" category="S[dcl=true]\NP"/>
    <span id="s0_sp15" child="s0_sp16 s0_sp17" category="(S[X=true]\NP)\(S[X=true]\NP)" rule="rp"/>
    <span start="6" span="1" pos="CD" chunk="I-NP" entity="O" id="s0_sp16" surf="1" base="1" terminal="t0_6" category="(S\NP)\(S\NP)"/>
    <span start="7" span="1" pos="RRB" chunk="O" entity="O" id="s0_sp17" surf=")" base=")" terminal="t0_7" category="RRB"/>
    <span id="s0_sp18" child="s0_sp19 s0_sp20" category="(S[dcl=true]\NP)\(S[dcl=true]\NP)" rule="conj"/>
    <span start="8" span="1" pos="CC" chunk="O" entity="O" id="s0_sp19" surf="and" base="and" terminal="t0_8" category="conj"/>
    <span id="s0_sp20" child="s0_sp21 s0_sp22" category="S[dcl=true]\NP" rule="fa"/>
    <span start="9" span="1" pos="RB" chunk="I-VP" entity="O" id="s0_sp21" surf="then" base="then" terminal="t0_9" category="(S\NP)/(S\NP)"/>
    <span id="s0_sp22" child="s0_sp23 s0_sp24" category="S[dcl=true]\NP" rule="fa"/>
    <span start="10" span="1" pos="VBD" chunk="I-VP" entity="O" id="s0_sp23" surf="rob" base="rob" terminal="t0_10" category="(S[dcl=true]\NP)/NP"/>
    <span id="s0_sp24" child="s0_sp25 s0_sp29" category="NP" rule="ba"/>
    <span id="s0_sp25" child="s0_sp26" category="NP" rule="lex"/>
    <span id="s0_sp26" child="s0_sp27 s0_sp28" category="N" rule="ba"/>
    <span start="11" span="1" pos="NN" chunk="I-NP" entity="O" id="s0_sp27" surf="house" base="house" terminal="t0_11" category="N"/>
    <span start="12" span="1" pos="CD" chunk="I-NP" entity="O" id="s0_sp28" surf="3" base="3" terminal="t0_12" category="N\N"/>
    <span id="s0_sp29" child="s0_sp30 s0_sp38" category="NP\NP" rule="rp"/>
    <span id="s0_sp30" child="s0_sp31 s0_sp32" category="NP\NP" rule="fa"/>
    <span start="13" span="1" pos="LRB" chunk="O" entity="O" id="s0_sp31" surf="(" base="(" terminal="t0_13" category="(NP\NP)/NP"/>
    <span id="s0_sp32" child="s0_sp33" category="NP" rule="lex"/>
    <span id="s0_sp33" child="s0_sp34 s0_sp35" category="N" rule="fa"/>
    <span start="14" span="1" pos="NN" chunk="I-NP" entity="O" id="s0_sp34" surf="money" base="money" terminal="t0_14" category="N/N"/>
    <span id="s0_sp35" child="s0_sp36 s0_sp37" category="N" rule="ba"/>
    <span start="15" span="1" pos="NN" chunk="I-NP" entity="O" id="s0_sp36" surf="=" base="=" terminal="t0_15" category="N"/>
    <span start="16" span="1" pos="CD" chunk="I-NP" entity="O" id="s0_sp37" surf="3" base="3" terminal="t0_16" category="N\N"/>
    <span start="17" span="1" pos="RRB" chunk="O" entity="O" id="s0_sp38" surf=")" base=")" terminal="t0_17" category="RRB"/>
    <span start="18" span="1" pos="." chunk="O" entity="O" id="s0_sp39" surf="." base="." terminal="t0_18" category="."/>
  </ccg>
</sentence>

