1:AOR:-(int,int):%(int,int):g0001_0100.s0088_merge_sorted_array.Solution@merge(int[],int,int[],int):15:m - 1 |==> m % 1
2:AOR:-(int,int):*(int,int):g0001_0100.s0088_merge_sorted_array.Solution@merge(int[],int,int[],int):15:m - 1 |==> m * 1
3:AOR:-(int,int):+(int,int):g0001_0100.s0088_merge_sorted_array.Solution@merge(int[],int,int[],int):15:m - 1 |==> m + 1
4:AOR:-(int,int):/(int,int):g0001_0100.s0088_merge_sorted_array.Solution@merge(int[],int,int[],int):15:m - 1 |==> m / 1
5:AOR:-(int,int):%(int,int):g0001_0100.s0088_merge_sorted_array.Solution@merge(int[],int,int[],int):16:nums1.length - 1 |==> nums1.length % 1
6:AOR:-(int,int):*(int,int):g0001_0100.s0088_merge_sorted_array.Solution@merge(int[],int,int[],int):16:nums1.length - 1 |==> nums1.length * 1
7:AOR:-(int,int):+(int,int):g0001_0100.s0088_merge_sorted_array.Solution@merge(int[],int,int[],int):16:nums1.length - 1 |==> nums1.length + 1
8:AOR:-(int,int):/(int,int):g0001_0100.s0088_merge_sorted_array.Solution@merge(int[],int,int[],int):16:nums1.length - 1 |==> nums1.length / 1
9:AOR:-(int,int):%(int,int):g0001_0100.s0088_merge_sorted_array.Solution@merge(int[],int,int[],int):17:n - 1 |==> n % 1
10:AOR:-(int,int):*(int,int):g0001_0100.s0088_merge_sorted_array.Solution@merge(int[],int,int[],int):17:n - 1 |==> n * 1
11:AOR:-(int,int):+(int,int):g0001_0100.s0088_merge_sorted_array.Solution@merge(int[],int,int[],int):17:n - 1 |==> n + 1
12:AOR:-(int,int):/(int,int):g0001_0100.s0088_merge_sorted_array.Solution@merge(int[],int,int[],int):17:n - 1 |==> n / 1
13:ROR:>=(int,int):==(int,int):g0001_0100.s0088_merge_sorted_array.Solution@merge(int[],int,int[],int):18:p2 >= 0 |==> p2 == 0
14:ROR:>=(int,int):>(int,int):g0001_0100.s0088_merge_sorted_array.Solution@merge(int[],int,int[],int):18:p2 >= 0 |==> p2 > 0
15:ROR:>=(int,int):TRUE(int,int):g0001_0100.s0088_merge_sorted_array.Solution@merge(int[],int,int[],int):18:p2 >= 0 |==> true
16:ROR:>=(int,int):==(int,int):g0001_0100.s0088_merge_sorted_array.Solution@merge(int[],int,int[],int):19:i >= 0 |==> i == 0
17:ROR:>=(int,int):>(int,int):g0001_0100.s0088_merge_sorted_array.Solution@merge(int[],int,int[],int):19:i >= 0 |==> i > 0
18:ROR:>=(int,int):TRUE(int,int):g0001_0100.s0088_merge_sorted_array.Solution@merge(int[],int,int[],int):19:i >= 0 |==> true
19:ROR:>(int,int):!=(int,int):g0001_0100.s0088_merge_sorted_array.Solution@merge(int[],int,int[],int):19:nums1[i] > nums2[p2] |==> nums1[i] != nums2[p2]
20:ROR:>(int,int):>=(int,int):g0001_0100.s0088_merge_sorted_array.Solution@merge(int[],int,int[],int):19:nums1[i] > nums2[p2] |==> nums1[i] >= nums2[p2]
21:ROR:>(int,int):FALSE(int,int):g0001_0100.s0088_merge_sorted_array.Solution@merge(int[],int,int[],int):19:nums1[i] > nums2[p2] |==> false
22:COR:&&(boolean,boolean):==(boolean,boolean):g0001_0100.s0088_merge_sorted_array.Solution@merge(int[],int,int[],int):19:i >= 0 && nums1[i] > nums2[p2] |==> i >= 0 == nums1[i] > nums2[p2]
23:COR:&&(boolean,boolean):FALSE(boolean,boolean):g0001_0100.s0088_merge_sorted_array.Solution@merge(int[],int,int[],int):19:i >= 0 && nums1[i] > nums2[p2] |==> false
24:COR:&&(boolean,boolean):LHS(boolean,boolean):g0001_0100.s0088_merge_sorted_array.Solution@merge(int[],int,int[],int):19:i >= 0 && nums1[i] > nums2[p2] |==> i >= 0
25:COR:&&(boolean,boolean):RHS(boolean,boolean):g0001_0100.s0088_merge_sorted_array.Solution@merge(int[],int,int[],int):19:i >= 0 && nums1[i] > nums2[p2] |==> nums1[i] > nums2[p2]
26:STD:<ASSIGN>:<NO-OP>:g0001_0100.s0088_merge_sorted_array.Solution@merge(int[],int,int[],int):20:nums1[j--] = nums1[i--]; |==> <NO-OP>
27:STD:<ASSIGN>:<NO-OP>:g0001_0100.s0088_merge_sorted_array.Solution@merge(int[],int,int[],int):22:nums1[j--] = nums2[p2--]; |==> <NO-OP>
