ERROR:root:Failed to parse \F x.(F(x) & (_ = {NNP})(x)). Error: The function '(_ = {NNP})' is not a Lambda Expression, an Application Expression, or a functional predicate, so it may not take arguments.
\F x.(F(x) & (_ = {NNP})(x))
                       ^
ERROR:root:An error occurred: The function '(_ = {NNP})' is not a Lambda Expression, an Application Expression, or a functional predicate, so it may not take arguments.
\F x.(F(x) & (_ = {NNP})(x))
                       ^
Sentence: Input : nums1 = [ 0 ] , nums2 = [ 0 ] , nums3 = [ 0 ] , nums4 = [ 0 ]
Tree XML:
<sentence>
  <tokens>
    <token start="0" span="1" pos="NNP" chunk="I-NP" entity="O" cat="N" id="t0_0" surf="Input" base="input"/>
    <token start="1" span="1" pos="IN" chunk="O" entity="O" cat="(NP\NP)/NP" id="t0_1" surf=":" base=":"/>
    <token start="2" span="1" pos="CD" chunk="I-NP" entity="I-DAT" cat="N/N" id="t0_2" surf="nums1" base="nums1"/>
    <token start="3" span="1" pos="NNP" chunk="I-NP" entity="I-DAT" cat="N/N" id="t0_3" surf="=" base="="/>
    <token start="4" span="1" pos="NNP" chunk="I-NP" entity="I-DAT" cat="N/N" id="t0_4" surf="[" base="["/>
    <token start="5" span="1" pos="CD" chunk="I-NP" entity="I-DAT" cat="N/N" id="t0_5" surf="0" base="0"/>
    <token start="6" span="1" pos="NN" chunk="I-NP" entity="I-DAT" cat="N" id="t0_6" surf="]" base="]"/>
    <token start="7" span="1" pos="," chunk="O" entity="I-DAT" cat="," id="t0_7" surf="," base=","/>
    <token start="8" span="1" pos="CD" chunk="I-NP" entity="I-DAT" cat="N/N" id="t0_8" surf="nums2" base="nums2"/>
    <token start="9" span="1" pos="NNP" chunk="I-NP" entity="I-DAT" cat="N/N" id="t0_9" surf="=" base="="/>
    <token start="10" span="1" pos="NNP" chunk="I-NP" entity="I-DAT" cat="N/N" id="t0_10" surf="[" base="["/>
    <token start="11" span="1" pos="CD" chunk="I-NP" entity="I-DAT" cat="N/N" id="t0_11" surf="0" base="0"/>
    <token start="12" span="1" pos="NN" chunk="I-NP" entity="I-DAT" cat="N" id="t0_12" surf="]" base="]"/>
    <token start="13" span="1" pos="," chunk="O" entity="I-DAT" cat="," id="t0_13" surf="," base=","/>
    <token start="14" span="1" pos="CD" chunk="I-NP" entity="I-DAT" cat="N/N" id="t0_14" surf="nums3" base="nums3"/>
    <token start="15" span="1" pos="NNP" chunk="I-NP" entity="I-DAT" cat="N/N" id="t0_15" surf="=" base="="/>
    <token start="16" span="1" pos="NNP" chunk="I-NP" entity="I-DAT" cat="N/N" id="t0_16" surf="[" base="["/>
    <token start="17" span="1" pos="CD" chunk="I-NP" entity="I-DAT" cat="N/N" id="t0_17" surf="0" base="0"/>
    <token start="18" span="1" pos="NN" chunk="I-NP" entity="I-DAT" cat="N" id="t0_18" surf="]" base="]"/>
    <token start="19" span="1" pos="," chunk="O" entity="I-DAT" cat="," id="t0_19" surf="," base=","/>
    <token start="20" span="1" pos="CD" chunk="I-NP" entity="I-DAT" cat="N/N" id="t0_20" surf="nums4" base="nums4"/>
    <token start="21" span="1" pos="NNP" chunk="I-NP" entity="I-DAT" cat="N/N" id="t0_21" surf="=" base="="/>
    <token start="22" span="1" pos="NNP" chunk="I-NP" entity="I-DAT" cat="N/N" id="t0_22" surf="[" base="["/>
    <token start="23" span="1" pos="CD" chunk="I-NP" entity="I-DAT" cat="N/N" id="t0_23" surf="0" base="0"/>
    <token start="24" span="1" pos="NN" chunk="I-NP" entity="I-DAT" cat="N" id="t0_24" surf="]" base="]"/>
  </tokens>
  <ccg root="s0_sp0" id="s0_ccg0">
    <span root="true" id="s0_sp0" child="s0_sp1 s0_sp3" category="NP" rule="ba"/>
    <span id="s0_sp1" child="s0_sp2" category="NP" rule="lex"/>
    <span start="0" span="1" pos="NNP" chunk="I-NP" entity="O" id="s0_sp2" surf="Input" base="input" terminal="t0_0" category="N"/>
    <span id="s0_sp3" child="s0_sp4 s0_sp5" category="NP\NP" rule="fa"/>
    <span start="1" span="1" pos="IN" chunk="O" entity="O" id="s0_sp4" surf=":" base=":" terminal="t0_1" category="(NP\NP)/NP"/>
    <span id="s0_sp5" child="s0_sp6 s0_sp16" category="NP" rule="ba"/>
    <span id="s0_sp6" child="s0_sp7" category="NP" rule="lex"/>
    <span id="s0_sp7" child="s0_sp8 s0_sp9" category="N" rule="fa"/>
    <span start="2" span="1" pos="CD" chunk="I-NP" entity="I-DAT" id="s0_sp8" surf="nums1" base="nums1" terminal="t0_2" category="N/N"/>
    <span id="s0_sp9" child="s0_sp10 s0_sp11" category="N" rule="fa"/>
    <span start="3" span="1" pos="NNP" chunk="I-NP" entity="I-DAT" id="s0_sp10" surf="=" base="=" terminal="t0_3" category="N/N"/>
    <span id="s0_sp11" child="s0_sp12 s0_sp13" category="N" rule="fa"/>
    <span start="4" span="1" pos="NNP" chunk="I-NP" entity="I-DAT" id="s0_sp12" surf="[" base="[" terminal="t0_4" category="N/N"/>
    <span id="s0_sp13" child="s0_sp14 s0_sp15" category="N" rule="fa"/>
    <span start="5" span="1" pos="CD" chunk="I-NP" entity="I-DAT" id="s0_sp14" surf="0" base="0" terminal="t0_5" category="N/N"/>
    <span start="6" span="1" pos="NN" chunk="I-NP" entity="I-DAT" id="s0_sp15" surf="]" base="]" terminal="t0_6" category="N"/>
    <span id="s0_sp16" child="s0_sp17 s0_sp18" category="NP\NP" rule="conj"/>
    <span start="7" span="1" pos="," chunk="O" entity="I-DAT" id="s0_sp17" surf="," base="," terminal="t0_7" category="=true,"/>
    <span id="s0_sp18" child="s0_sp19 s0_sp29" category="NP" rule="ba"/>
    <span id="s0_sp19" child="s0_sp20" category="NP" rule="lex"/>
    <span id="s0_sp20" child="s0_sp21 s0_sp22" category="N" rule="fa"/>
    <span start="8" span="1" pos="CD" chunk="I-NP" entity="I-DAT" id="s0_sp21" surf="nums2" base="nums2" terminal="t0_8" category="N/N"/>
    <span id="s0_sp22" child="s0_sp23 s0_sp24" category="N" rule="fa"/>
    <span start="9" span="1" pos="NNP" chunk="I-NP" entity="I-DAT" id="s0_sp23" surf="=" base="=" terminal="t0_9" category="N/N"/>
    <span id="s0_sp24" child="s0_sp25 s0_sp26" category="N" rule="fa"/>
    <span start="10" span="1" pos="NNP" chunk="I-NP" entity="I-DAT" id="s0_sp25" surf="[" base="[" terminal="t0_10" category="N/N"/>
    <span id="s0_sp26" child="s0_sp27 s0_sp28" category="N" rule="fa"/>
    <span start="11" span="1" pos="CD" chunk="I-NP" entity="I-DAT" id="s0_sp27" surf="0" base="0" terminal="t0_11" category="N/N"/>
    <span start="12" span="1" pos="NN" chunk="I-NP" entity="I-DAT" id="s0_sp28" surf="]" base="]" terminal="t0_12" category="N"/>
    <span id="s0_sp29" child="s0_sp30 s0_sp31" category="NP\NP" rule="conj"/>
    <span start="13" span="1" pos="," chunk="O" entity="I-DAT" id="s0_sp30" surf="," base="," terminal="t0_13" category="=true,"/>
    <span id="s0_sp31" child="s0_sp32 s0_sp42" category="NP" rule="ba"/>
    <span id="s0_sp32" child="s0_sp33" category="NP" rule="lex"/>
    <span id="s0_sp33" child="s0_sp34 s0_sp35" category="N" rule="fa"/>
    <span start="14" span="1" pos="CD" chunk="I-NP" entity="I-DAT" id="s0_sp34" surf="nums3" base="nums3" terminal="t0_14" category="N/N"/>
    <span id="s0_sp35" child="s0_sp36 s0_sp37" category="N" rule="fa"/>
    <span start="15" span="1" pos="NNP" chunk="I-NP" entity="I-DAT" id="s0_sp36" surf="=" base="=" terminal="t0_15" category="N/N"/>
    <span id="s0_sp37" child="s0_sp38 s0_sp39" category="N" rule="fa"/>
    <span start="16" span="1" pos="NNP" chunk="I-NP" entity="I-DAT" id="s0_sp38" surf="[" base="[" terminal="t0_16" category="N/N"/>
    <span id="s0_sp39" child="s0_sp40 s0_sp41" category="N" rule="fa"/>
    <span start="17" span="1" pos="CD" chunk="I-NP" entity="I-DAT" id="s0_sp40" surf="0" base="0" terminal="t0_17" category="N/N"/>
    <span start="18" span="1" pos="NN" chunk="I-NP" entity="I-DAT" id="s0_sp41" surf="]" base="]" terminal="t0_18" category="N"/>
    <span id="s0_sp42" child="s0_sp43 s0_sp44" category="NP\NP" rule="conj"/>
    <span start="19" span="1" pos="," chunk="O" entity="I-DAT" id="s0_sp43" surf="," base="," terminal="t0_19" category="=true,"/>
    <span id="s0_sp44" child="s0_sp45" category="NP" rule="lex"/>
    <span id="s0_sp45" child="s0_sp46 s0_sp47" category="N" rule="fa"/>
    <span start="20" span="1" pos="CD" chunk="I-NP" entity="I-DAT" id="s0_sp46" surf="nums4" base="nums4" terminal="t0_20" category="N/N"/>
    <span id="s0_sp47" child="s0_sp48 s0_sp49" category="N" rule="fa"/>
    <span start="21" span="1" pos="NNP" chunk="I-NP" entity="I-DAT" id="s0_sp48" surf="=" base="=" terminal="t0_21" category="N/N"/>
    <span id="s0_sp49" child="s0_sp50 s0_sp51" category="N" rule="fa"/>
    <span start="22" span="1" pos="NNP" chunk="I-NP" entity="I-DAT" id="s0_sp50" surf="[" base="[" terminal="t0_22" category="N/N"/>
    <span id="s0_sp51" child="s0_sp52 s0_sp53" category="N" rule="fa"/>
    <span start="23" span="1" pos="CD" chunk="I-NP" entity="I-DAT" id="s0_sp52" surf="0" base="0" terminal="t0_23" category="N/N"/>
    <span start="24" span="1" pos="NN" chunk="I-NP" entity="I-DAT" id="s0_sp53" surf="]" base="]" terminal="t0_24" category="N"/>
  </ccg>
</sentence>

