ERROR:root:Failed to parse \F x.(F(x) & (_ = {NN})(x)). Error: The function '(_ = {NN})' is not a Lambda Expression, an Application Expression, or a functional predicate, so it may not take arguments.
\F x.(F(x) & (_ = {NN})(x))
                      ^
ERROR:root:An error occurred: The function '(_ = {NN})' is not a Lambda Expression, an Application Expression, or a functional predicate, so it may not take arguments.
\F x.(F(x) & (_ = {NN})(x))
                      ^
Sentence: `n == nums2.length`
Tree XML:
<sentence>
  <tokens>
    <token start="0" span="1" pos="JJ" chunk="I-NP" entity="I-TIM" cat="N/N" id="t0_0" surf="`n" base="`n"/>
    <token start="1" span="1" pos="NN" chunk="I-NP" entity="I-TIM" cat="N/N" id="t0_1" surf="==" base="=="/>
    <token start="2" span="1" pos="NN" chunk="I-NP" entity="I-TIM" cat="N" id="t0_2" surf="nums2.length`" base="nums2.length`"/>
  </tokens>
  <ccg root="s0_sp0" id="s0_ccg0">
    <span root="true" id="s0_sp0" child="s0_sp1 s0_sp2" category="N" rule="fa"/>
    <span start="0" span="1" pos="JJ" chunk="I-NP" entity="I-TIM" id="s0_sp1" surf="`n" base="`n" terminal="t0_0" category="N/N"/>
    <span id="s0_sp2" child="s0_sp3 s0_sp4" category="N" rule="fa"/>
    <span start="1" span="1" pos="NN" chunk="I-NP" entity="I-TIM" id="s0_sp3" surf="==" base="==" terminal="t0_1" category="N/N"/>
    <span start="2" span="1" pos="NN" chunk="I-NP" entity="I-TIM" id="s0_sp4" surf="nums2.length`" base="nums2.length`" terminal="t0_2" category="N"/>
  </ccg>
</sentence>

