ERROR:root:Failed to parse \x.((_ = {NNP})(x) & _0`{CD}(x)). Error: The function '(_ = {NNP})' is not a Lambda Expression, an Application Expression, or a functional predicate, so it may not take arguments.
\x.((_ = {NNP})(x) & _0`{CD}(x))
              ^
ERROR:root:An error occurred: The function '(_ = {NNP})' is not a Lambda Expression, an Application Expression, or a functional predicate, so it may not take arguments.
\x.((_ = {NNP})(x) & _0`{CD}(x))
              ^
Sentence: `nums1 [ i ] + nums2 [ j ] + nums3 [ k ] + nums4 [ l ] == 0`
Tree XML:
<sentence>
  <tokens>
    <token start="0" span="1" pos="CD" chunk="I-NP" entity="I-DAT" cat="N/N" id="t0_0" surf="`nums1" base="`nums1"/>
    <token start="1" span="1" pos="JJ" chunk="I-NP" entity="I-DAT" cat="N/N" id="t0_1" surf="[" base="["/>
    <token start="2" span="1" pos="NNS" chunk="I-NP" entity="I-DAT" cat="N" id="t0_2" surf="i" base="i"/>
    <token start="3" span="1" pos="VBP" chunk="I-VP" entity="I-DAT" cat="(S[dcl]\NP)/NP" id="t0_3" surf="]" base="]"/>
    <token start="4" span="1" pos="NNP" chunk="I-NP" entity="I-DAT" cat="((S\NP)\(S\NP))/N[num]" id="t0_4" surf="+" base="+"/>
    <token start="5" span="1" pos="CD" chunk="I-NP" entity="I-DAT" cat="N[num]" id="t0_5" surf="nums2" base="nums2"/>
    <token start="6" span="1" pos="NNP" chunk="I-NP" entity="I-DAT" cat="N/N" id="t0_6" surf="[" base="["/>
    <token start="7" span="1" pos="NNP" chunk="I-NP" entity="I-DAT" cat="N/N" id="t0_7" surf="j" base="j"/>
    <token start="8" span="1" pos="NNP" chunk="I-NP" entity="I-DAT" cat="N/N" id="t0_8" surf="]" base="]"/>
    <token start="9" span="1" pos="NNP" chunk="I-NP" entity="I-DAT" cat="N/N" id="t0_9" surf="+" base="+"/>
    <token start="10" span="1" pos="CD" chunk="I-NP" entity="I-DAT" cat="N/N" id="t0_10" surf="nums3" base="nums3"/>
    <token start="11" span="1" pos="NNP" chunk="I-NP" entity="I-DAT" cat="N/N" id="t0_11" surf="[" base="["/>
    <token start="12" span="1" pos="NNP" chunk="I-NP" entity="I-DAT" cat="N/N" id="t0_12" surf="k" base="k"/>
    <token start="13" span="1" pos="NNP" chunk="I-NP" entity="I-DAT" cat="N/N" id="t0_13" surf="]" base="]"/>
    <token start="14" span="1" pos="NNP" chunk="I-NP" entity="I-DAT" cat="N/N" id="t0_14" surf="+" base="+"/>
    <token start="15" span="1" pos="CD" chunk="I-NP" entity="I-DAT" cat="N/N" id="t0_15" surf="nums4" base="nums4"/>
    <token start="16" span="1" pos="NNP" chunk="I-NP" entity="I-DAT" cat="N/N" id="t0_16" surf="[" base="["/>
    <token start="17" span="1" pos="NNP" chunk="I-NP" entity="I-DAT" cat="N/N" id="t0_17" surf="l" base="l"/>
    <token start="18" span="1" pos="NNP" chunk="I-NP" entity="I-DAT" cat="N/N" id="t0_18" surf="]" base="]"/>
    <token start="19" span="1" pos="NNP" chunk="I-NP" entity="I-DAT" cat="N" id="t0_19" surf="==" base="=="/>
    <token start="20" span="1" pos="CD" chunk="I-NP" entity="I-DAT" cat="N\N" id="t0_20" surf="0`" base="0`"/>
  </tokens>
  <ccg root="s0_sp0" id="s0_ccg0">
    <span root="true" id="s0_sp0" child="s0_sp1 s0_sp7" category="S[dcl=true]" rule="ba"/>
    <span id="s0_sp1" child="s0_sp2" category="NP" rule="lex"/>
    <span id="s0_sp2" child="s0_sp3 s0_sp4" category="N" rule="fa"/>
    <span start="0" span="1" pos="CD" chunk="I-NP" entity="I-DAT" id="s0_sp3" surf="`nums1" base="`nums1" terminal="t0_0" category="N/N"/>
    <span id="s0_sp4" child="s0_sp5 s0_sp6" category="N" rule="fa"/>
    <span start="1" span="1" pos="JJ" chunk="I-NP" entity="I-DAT" id="s0_sp5" surf="[" base="[" terminal="t0_1" category="N/N"/>
    <span start="2" span="1" pos="NNS" chunk="I-NP" entity="I-DAT" id="s0_sp6" surf="i" base="i" terminal="t0_2" category="N"/>
    <span id="s0_sp7" child="s0_sp8 s0_sp13" category="S[dcl=true]\NP" rule="fa"/>
    <span id="s0_sp8" child="s0_sp9 s0_sp10" category="(S[dcl=true]\NP)/NP" rule="bx"/>
    <span start="3" span="1" pos="VBP" chunk="I-VP" entity="I-DAT" id="s0_sp9" surf="]" base="]" terminal="t0_3" category="(S[dcl=true]\NP)/NP"/>
    <span id="s0_sp10" child="s0_sp11 s0_sp12" category="(S[X=true]\NP)\(S[X=true]\NP)" rule="fa"/>
    <span start="4" span="1" pos="NNP" chunk="I-NP" entity="I-DAT" id="s0_sp11" surf="+" base="+" terminal="t0_4" category="((S\NP)\(S\NP))/N[num=true]"/>
    <span start="5" span="1" pos="CD" chunk="I-NP" entity="I-DAT" id="s0_sp12" surf="nums2" base="nums2" terminal="t0_5" category="N[num=true]"/>
    <span id="s0_sp13" child="s0_sp14" category="NP" rule="lex"/>
    <span id="s0_sp14" child="s0_sp15 s0_sp16" category="N" rule="fa"/>
    <span start="6" span="1" pos="NNP" chunk="I-NP" entity="I-DAT" id="s0_sp15" surf="[" base="[" terminal="t0_6" category="N/N"/>
    <span id="s0_sp16" child="s0_sp17 s0_sp18" category="N" rule="fa"/>
    <span start="7" span="1" pos="NNP" chunk="I-NP" entity="I-DAT" id="s0_sp17" surf="j" base="j" terminal="t0_7" category="N/N"/>
    <span id="s0_sp18" child="s0_sp19 s0_sp20" category="N" rule="fa"/>
    <span start="8" span="1" pos="NNP" chunk="I-NP" entity="I-DAT" id="s0_sp19" surf="]" base="]" terminal="t0_8" category="N/N"/>
    <span id="s0_sp20" child="s0_sp21 s0_sp22" category="N" rule="fa"/>
    <span start="9" span="1" pos="NNP" chunk="I-NP" entity="I-DAT" id="s0_sp21" surf="+" base="+" terminal="t0_9" category="N/N"/>
    <span id="s0_sp22" child="s0_sp23 s0_sp24" category="N" rule="fa"/>
    <span start="10" span="1" pos="CD" chunk="I-NP" entity="I-DAT" id="s0_sp23" surf="nums3" base="nums3" terminal="t0_10" category="N/N"/>
    <span id="s0_sp24" child="s0_sp25 s0_sp26" category="N" rule="fa"/>
    <span start="11" span="1" pos="NNP" chunk="I-NP" entity="I-DAT" id="s0_sp25" surf="[" base="[" terminal="t0_11" category="N/N"/>
    <span id="s0_sp26" child="s0_sp27 s0_sp28" category="N" rule="fa"/>
    <span start="12" span="1" pos="NNP" chunk="I-NP" entity="I-DAT" id="s0_sp27" surf="k" base="k" terminal="t0_12" category="N/N"/>
    <span id="s0_sp28" child="s0_sp29 s0_sp30" category="N" rule="fa"/>
    <span start="13" span="1" pos="NNP" chunk="I-NP" entity="I-DAT" id="s0_sp29" surf="]" base="]" terminal="t0_13" category="N/N"/>
    <span id="s0_sp30" child="s0_sp31 s0_sp32" category="N" rule="fa"/>
    <span start="14" span="1" pos="NNP" chunk="I-NP" entity="I-DAT" id="s0_sp31" surf="+" base="+" terminal="t0_14" category="N/N"/>
    <span id="s0_sp32" child="s0_sp33 s0_sp34" category="N" rule="fa"/>
    <span start="15" span="1" pos="CD" chunk="I-NP" entity="I-DAT" id="s0_sp33" surf="nums4" base="nums4" terminal="t0_15" category="N/N"/>
    <span id="s0_sp34" child="s0_sp35 s0_sp36" category="N" rule="fa"/>
    <span start="16" span="1" pos="NNP" chunk="I-NP" entity="I-DAT" id="s0_sp35" surf="[" base="[" terminal="t0_16" category="N/N"/>
    <span id="s0_sp36" child="s0_sp37 s0_sp38" category="N" rule="fa"/>
    <span start="17" span="1" pos="NNP" chunk="I-NP" entity="I-DAT" id="s0_sp37" surf="l" base="l" terminal="t0_17" category="N/N"/>
    <span id="s0_sp38" child="s0_sp39 s0_sp40" category="N" rule="fa"/>
    <span start="18" span="1" pos="NNP" chunk="I-NP" entity="I-DAT" id="s0_sp39" surf="]" base="]" terminal="t0_18" category="N/N"/>
    <span id="s0_sp40" child="s0_sp41 s0_sp42" category="N" rule="ba"/>
    <span start="19" span="1" pos="NNP" chunk="I-NP" entity="I-DAT" id="s0_sp41" surf="==" base="==" terminal="t0_19" category="N"/>
    <span start="20" span="1" pos="CD" chunk="I-NP" entity="I-DAT" id="s0_sp42" surf="0`" base="0`" terminal="t0_20" category="N\N"/>
  </ccg>
</sentence>

