ERROR:root:Failed to parse \F x.(F(x) & (_ = {NN})(x)). Error: The function '(_ = {NN})' is not a Lambda Expression, an Application Expression, or a functional predicate, so it may not take arguments.
\F x.(F(x) & (_ = {NN})(x))
                      ^
ERROR:root:An error occurred: The function '(_ = {NN})' is not a Lambda Expression, an Application Expression, or a functional predicate, so it may not take arguments.
\F x.(F(x) & (_ = {NN})(x))
                      ^
Sentence: `0 < = i , j , k , l < n`
Tree XML:
<sentence>
  <tokens>
    <token start="0" span="1" pos="CD" chunk="I-NP" entity="I-PCT" cat="N/N" id="t0_0" surf="`0" base="`0"/>
    <token start="1" span="1" pos="NN" chunk="I-NP" entity="I-PCT" cat="N/N" id="t0_1" surf="&lt;" base="&lt;"/>
    <token start="2" span="1" pos="NN" chunk="I-NP" entity="I-PCT" cat="N/N" id="t0_2" surf="=" base="="/>
    <token start="3" span="1" pos="NN" chunk="I-NP" entity="I-PCT" cat="N" id="t0_3" surf="i" base="i"/>
    <token start="4" span="1" pos="," chunk="O" entity="O" cat="," id="t0_4" surf="," base=","/>
    <token start="5" span="1" pos="NN" chunk="I-NP" entity="O" cat="N" id="t0_5" surf="j" base="j"/>
    <token start="6" span="1" pos="," chunk="O" entity="O" cat="," id="t0_6" surf="," base=","/>
    <token start="7" span="1" pos="NN" chunk="I-NP" entity="O" cat="N" id="t0_7" surf="k" base="k"/>
    <token start="8" span="1" pos="," chunk="O" entity="O" cat="," id="t0_8" surf="," base=","/>
    <token start="9" span="1" pos="NN" chunk="I-NP" entity="O" cat="N/N" id="t0_9" surf="l" base="l"/>
    <token start="10" span="1" pos="NN" chunk="I-NP" entity="O" cat="N/N" id="t0_10" surf="&lt;" base="&lt;"/>
    <token start="11" span="1" pos="NN" chunk="I-NP" entity="O" cat="N" id="t0_11" surf="n`" base="n`"/>
  </tokens>
  <ccg root="s0_sp0" id="s0_ccg0">
    <span root="true" id="s0_sp0" child="s0_sp1 s0_sp9" category="NP" rule="ba"/>
    <span id="s0_sp1" child="s0_sp2" category="NP" rule="lex"/>
    <span id="s0_sp2" child="s0_sp3 s0_sp4" category="N" rule="fa"/>
    <span start="0" span="1" pos="CD" chunk="I-NP" entity="I-PCT" id="s0_sp3" surf="`0" base="`0" terminal="t0_0" category="N/N"/>
    <span id="s0_sp4" child="s0_sp5 s0_sp6" category="N" rule="fa"/>
    <span start="1" span="1" pos="NN" chunk="I-NP" entity="I-PCT" id="s0_sp5" surf="&lt;" base="&lt;" terminal="t0_1" category="N/N"/>
    <span id="s0_sp6" child="s0_sp7 s0_sp8" category="N" rule="fa"/>
    <span start="2" span="1" pos="NN" chunk="I-NP" entity="I-PCT" id="s0_sp7" surf="=" base="=" terminal="t0_2" category="N/N"/>
    <span start="3" span="1" pos="NN" chunk="I-NP" entity="I-PCT" id="s0_sp8" surf="i" base="i" terminal="t0_3" category="N"/>
    <span id="s0_sp9" child="s0_sp10 s0_sp11" category="NP\NP" rule="conj"/>
    <span start="4" span="1" pos="," chunk="O" entity="O" id="s0_sp10" surf="," base="," terminal="t0_4" category="=true,"/>
    <span id="s0_sp11" child="s0_sp12 s0_sp14" category="NP" rule="ba"/>
    <span id="s0_sp12" child="s0_sp13" category="NP" rule="lex"/>
    <span start="5" span="1" pos="NN" chunk="I-NP" entity="O" id="s0_sp13" surf="j" base="j" terminal="t0_5" category="N"/>
    <span id="s0_sp14" child="s0_sp15 s0_sp16" category="NP\NP" rule="conj"/>
    <span start="6" span="1" pos="," chunk="O" entity="O" id="s0_sp15" surf="," base="," terminal="t0_6" category="=true,"/>
    <span id="s0_sp16" child="s0_sp17 s0_sp19" category="NP" rule="ba"/>
    <span id="s0_sp17" child="s0_sp18" category="NP" rule="lex"/>
    <span start="7" span="1" pos="NN" chunk="I-NP" entity="O" id="s0_sp18" surf="k" base="k" terminal="t0_7" category="N"/>
    <span id="s0_sp19" child="s0_sp20 s0_sp21" category="NP\NP" rule="conj"/>
    <span start="8" span="1" pos="," chunk="O" entity="O" id="s0_sp20" surf="," base="," terminal="t0_8" category="=true,"/>
    <span id="s0_sp21" child="s0_sp22" category="NP" rule="lex"/>
    <span id="s0_sp22" child="s0_sp23 s0_sp24" category="N" rule="fa"/>
    <span start="9" span="1" pos="NN" chunk="I-NP" entity="O" id="s0_sp23" surf="l" base="l" terminal="t0_9" category="N/N"/>
    <span id="s0_sp24" child="s0_sp25 s0_sp26" category="N" rule="fa"/>
    <span start="10" span="1" pos="NN" chunk="I-NP" entity="O" id="s0_sp25" surf="&lt;" base="&lt;" terminal="t0_10" category="N/N"/>
    <span start="11" span="1" pos="NN" chunk="I-NP" entity="O" id="s0_sp26" surf="n`" base="n`" terminal="t0_11" category="N"/>
  </ccg>
</sentence>

