ERROR:root:Failed to parse \Q1 Q2 F1 F2.Q2(\x.Q1(\w.TrueP,\y.exists e.(((_ = {IN})(e))(y) & (Subj(e) = x) & F1(x))),F2). Error: The function '(_ = {IN})' is not a Lambda Expression, an Application Expression, or a functional predicate, so it may not take arguments.
\Q1 Q2 F1 F2.Q2(\x.Q1(\w.TrueP,\y.exists e.(((_ = {IN})(e))(y) & (Subj(e) = x) & F1(x))),F2)
                                                      ^
ERROR:root:An error occurred: The function '(_ = {IN})' is not a Lambda Expression, an Application Expression, or a functional predicate, so it may not take arguments.
\Q1 Q2 F1 F2.Q2(\x.Q1(\w.TrueP,\y.exists e.(((_ = {IN})(e))(y) & (Subj(e) = x) & F1(x))),F2)
                                                      ^
Sentence: A valid parentheses string `s` is primitive if it is nonempty , and there does not exist a way to split it into `s = A + B` , with `A` and `B` nonempty valid parentheses strings .
Tree XML:
<sentence>
  <tokens>
    <token start="0" span="1" pos="DT" chunk="I-NP" entity="O" cat="NP[nb]/N" id="t0_0" surf="A" base="a"/>
    <token start="1" span="1" pos="JJ" chunk="I-NP" entity="O" cat="N/N" id="t0_1" surf="valid" base="valid"/>
    <token start="2" span="1" pos="NNS" chunk="I-NP" entity="O" cat="N/N" id="t0_2" surf="parentheses" base="parenthesis"/>
    <token start="3" span="1" pos="NN" chunk="I-NP" entity="O" cat="N/N" id="t0_3" surf="string" base="string"/>
    <token start="4" span="1" pos="NN" chunk="I-NP" entity="O" cat="N" id="t0_4" surf="`s`" base="`s`"/>
    <token start="5" span="1" pos="VBZ" chunk="I-VP" entity="O" cat="(S[dcl]\NP)/(S[adj]\NP)" id="t0_5" surf="is" base="be"/>
    <token start="6" span="1" pos="JJ" chunk="I-ADJP" entity="O" cat="S[adj]\NP" id="t0_6" surf="primitive" base="primitive"/>
    <token start="7" span="1" pos="IN" chunk="I-SBAR" entity="O" cat="((S\NP)\(S\NP))/S[dcl]" id="t0_7" surf="if" base="if"/>
    <token start="8" span="1" pos="PRP" chunk="I-NP" entity="O" cat="NP" id="t0_8" surf="it" base="it"/>
    <token start="9" span="1" pos="VBZ" chunk="I-VP" entity="O" cat="(S[dcl]\NP)/(S[adj]\NP)" id="t0_9" surf="is" base="be"/>
    <token start="10" span="1" pos="JJ" chunk="I-ADJP" entity="O" cat="S[adj]\NP" id="t0_10" surf="nonempty" base="nonempty"/>
    <token start="11" span="1" pos="," chunk="O" entity="O" cat="," id="t0_11" surf="," base=","/>
    <token start="12" span="1" pos="CC" chunk="O" entity="O" cat="conj" id="t0_12" surf="and" base="and"/>
    <token start="13" span="1" pos="EX" chunk="I-NP" entity="O" cat="NP[thr]" id="t0_13" surf="there" base="there"/>
    <token start="14" span="1" pos="VBZ" chunk="I-VP" entity="O" cat="(S[dcl]\NP)/(S[b]\NP)" id="t0_14" surf="does" base="do"/>
    <token start="15" span="1" pos="RB" chunk="I-VP" entity="O" cat="(S\NP)\(S\NP)" id="t0_15" surf="not" base="not"/>
    <token start="16" span="1" pos="VB" chunk="I-VP" entity="O" cat="S[b]\NP" id="t0_16" surf="exist" base="exist"/>
    <token start="17" span="1" pos="DT" chunk="I-NP" entity="O" cat="((S\NP)\(S\NP))/N" id="t0_17" surf="a" base="a"/>
    <token start="18" span="1" pos="NN" chunk="I-NP" entity="O" cat="N" id="t0_18" surf="way" base="way"/>
    <token start="19" span="1" pos="TO" chunk="I-VP" entity="O" cat="(S[to]\NP)/(S[b]\NP)" id="t0_19" surf="to" base="to"/>
    <token start="20" span="1" pos="VB" chunk="I-VP" entity="O" cat="((S[b]\NP)/PP)/NP" id="t0_20" surf="split" base="split"/>
    <token start="21" span="1" pos="PRP" chunk="I-NP" entity="O" cat="NP" id="t0_21" surf="it" base="it"/>
    <token start="22" span="1" pos="IN" chunk="I-PP" entity="O" cat="PP/NP" id="t0_22" surf="into" base="into"/>
    <token start="23" span="1" pos="NNS" chunk="I-NP" entity="O" cat="N" id="t0_23" surf="`s" base="`s"/>
    <token start="24" span="1" pos="IN" chunk="I-PP" entity="O" cat="(NP\NP)/NP" id="t0_24" surf="=" base="="/>
    <token start="25" span="1" pos="DT" chunk="I-NP" entity="O" cat="NP[nb]/N" id="t0_25" surf="A" base="a"/>
    <token start="26" span="1" pos="JJ" chunk="I-NP" entity="O" cat="N/N" id="t0_26" surf="+" base="+"/>
    <token start="27" span="1" pos="NNP" chunk="I-NP" entity="O" cat="N" id="t0_27" surf="B`" base="b`"/>
    <token start="28" span="1" pos="," chunk="O" entity="O" cat="," id="t0_28" surf="," base=","/>
    <token start="29" span="1" pos="IN" chunk="I-PP" entity="O" cat="((S\NP)\(S\NP))/NP" id="t0_29" surf="with" base="with"/>
    <token start="30" span="1" pos="NNP" chunk="I-NP" entity="I-ORG" cat="N" id="t0_30" surf="`A`" base="`a`"/>
    <token start="31" span="1" pos="CC" chunk="I-NP" entity="I-ORG" cat="conj" id="t0_31" surf="and" base="and"/>
    <token start="32" span="1" pos="NNP" chunk="I-NP" entity="I-ORG" cat="N/N" id="t0_32" surf="`B`" base="`b`"/>
    <token start="33" span="1" pos="JJ" chunk="I-NP" entity="O" cat="N/N" id="t0_33" surf="nonempty" base="nonempty"/>
    <token start="34" span="1" pos="JJ" chunk="I-NP" entity="O" cat="N/N" id="t0_34" surf="valid" base="valid"/>
    <token start="35" span="1" pos="NNS" chunk="I-NP" entity="O" cat="N/N" id="t0_35" surf="parentheses" base="parenthesis"/>
    <token start="36" span="1" pos="NNS" chunk="I-NP" entity="O" cat="N" id="t0_36" surf="strings" base="string"/>
    <token start="37" span="1" pos="." chunk="O" entity="O" cat="." id="t0_37" surf="." base="."/>
  </tokens>
  <ccg root="s0_sp0" id="s0_ccg0">
    <span root="true" id="s0_sp0" child="s0_sp1 s0_sp78" category="S[dcl=true]" rule="rp"/>
    <span id="s0_sp1" child="s0_sp2 s0_sp23" category="S[dcl=true]" rule="ba"/>
    <span id="s0_sp2" child="s0_sp3 s0_sp12" category="S[dcl=true]" rule="ba"/>
    <span id="s0_sp3" child="s0_sp4 s0_sp5" category="NP[nb=true]" rule="fa"/>
    <span start="0" span="1" pos="DT" chunk="I-NP" entity="O" id="s0_sp4" surf="A" base="a" terminal="t0_0" category="NP[nb=true]/N"/>
    <span id="s0_sp5" child="s0_sp6 s0_sp7" category="N" rule="fa"/>
    <span start="1" span="1" pos="JJ" chunk="I-NP" entity="O" id="s0_sp6" surf="valid" base="valid" terminal="t0_1" category="N/N"/>
    <span id="s0_sp7" child="s0_sp8 s0_sp9" category="N" rule="fa"/>
    <span start="2" span="1" pos="NNS" chunk="I-NP" entity="O" id="s0_sp8" surf="parentheses" base="parenthesis" terminal="t0_2" category="N/N"/>
    <span id="s0_sp9" child="s0_sp10 s0_sp11" category="N" rule="fa"/>
    <span start="3" span="1" pos="NN" chunk="I-NP" entity="O" id="s0_sp10" surf="string" base="string" terminal="t0_3" category="N/N"/>
    <span start="4" span="1" pos="NN" chunk="I-NP" entity="O" id="s0_sp11" surf="`s`" base="`s`" terminal="t0_4" category="N"/>
    <span id="s0_sp12" child="s0_sp13 s0_sp16" category="S[dcl=true]\NP" rule="ba"/>
    <span id="s0_sp13" child="s0_sp14 s0_sp15" category="S[dcl=true]\NP" rule="fa"/>
    <span start="5" span="1" pos="VBZ" chunk="I-VP" entity="O" id="s0_sp14" surf="is" base="be" terminal="t0_5" category="(S[dcl=true]\NP)/(S[adj=true]\NP)"/>
    <span start="6" span="1" pos="JJ" chunk="I-ADJP" entity="O" id="s0_sp15" surf="primitive" base="primitive" terminal="t0_6" category="S[adj=true]\NP"/>
    <span id="s0_sp16" child="s0_sp17 s0_sp18" category="(S[X=true]\NP)\(S[X=true]\NP)" rule="fa"/>
    <span start="7" span="1" pos="IN" chunk="I-SBAR" entity="O" id="s0_sp17" surf="if" base="if" terminal="t0_7" category="((S\NP)\(S\NP))/S[dcl=true]"/>
    <span id="s0_sp18" child="s0_sp19 s0_sp20" category="S[dcl=true]" rule="ba"/>
    <span start="8" span="1" pos="PRP" chunk="I-NP" entity="O" id="s0_sp19" surf="it" base="it" terminal="t0_8" category="NP"/>
    <span id="s0_sp20" child="s0_sp21 s0_sp22" category="S[dcl=true]\NP" rule="fa"/>
    <span start="9" span="1" pos="VBZ" chunk="I-VP" entity="O" id="s0_sp21" surf="is" base="be" terminal="t0_9" category="(S[dcl=true]\NP)/(S[adj=true]\NP)"/>
    <span start="10" span="1" pos="JJ" chunk="I-ADJP" entity="O" id="s0_sp22" surf="nonempty" base="nonempty" terminal="t0_10" category="S[adj=true]\NP"/>
    <span id="s0_sp23" child="s0_sp24 s0_sp25" category="S[dcl=true]\S[dcl=true]" rule="conj"/>
    <span start="11" span="1" pos="," chunk="O" entity="O" id="s0_sp24" surf="," base="," terminal="t0_11" category="=true,"/>
    <span id="s0_sp25" child="s0_sp26 s0_sp27" category="S[dcl=true]\S[dcl=true]" rule="conj"/>
    <span start="12" span="1" pos="CC" chunk="O" entity="O" id="s0_sp26" surf="and" base="and" terminal="t0_12" category="conj"/>
    <span id="s0_sp27" child="s0_sp28 s0_sp29" category="S[dcl=true]" rule="ba"/>
    <span start="13" span="1" pos="EX" chunk="I-NP" entity="O" id="s0_sp28" surf="there" base="there" terminal="t0_13" category="NP[thr=true]"/>
    <span id="s0_sp29" child="s0_sp30 s0_sp33" category="S[dcl=true]\NP" rule="fa"/>
    <span id="s0_sp30" child="s0_sp31 s0_sp32" category="(S[dcl=true]\NP)/(S[b=true]\NP)" rule="bx"/>
    <span start="14" span="1" pos="VBZ" chunk="I-VP" entity="O" id="s0_sp31" surf="does" base="do" terminal="t0_14" category="(S[dcl=true]\NP)/(S[b=true]\NP)"/>
    <span start="15" span="1" pos="RB" chunk="I-VP" entity="O" id="s0_sp32" surf="not" base="not" terminal="t0_15" category="(S\NP)\(S\NP)"/>
    <span id="s0_sp33" child="s0_sp34 s0_sp39" category="S[b=true]\NP" rule="ba"/>
    <span id="s0_sp34" child="s0_sp35 s0_sp36" category="S[b=true]\NP" rule="ba"/>
    <span start="16" span="1" pos="VB" chunk="I-VP" entity="O" id="s0_sp35" surf="exist" base="exist" terminal="t0_16" category="S[b=true]\NP"/>
    <span id="s0_sp36" child="s0_sp37 s0_sp38" category="(S[X=true]\NP)\(S[X=true]\NP)" rule="fa"/>
    <span start="17" span="1" pos="DT" chunk="I-NP" entity="O" id="s0_sp37" surf="a" base="a" terminal="t0_17" category="((S\NP)\(S\NP))/N"/>
    <span start="18" span="1" pos="NN" chunk="I-NP" entity="O" id="s0_sp38" surf="way" base="way" terminal="t0_18" category="N"/>
    <span id="s0_sp39" child="s0_sp40" category="(S[X=true]\NP)\(S[X=true]\NP)" rule="lex"/>
    <span id="s0_sp40" child="s0_sp41 s0_sp42" category="S[to=true]\NP" rule="fa"/>
    <span start="19" span="1" pos="TO" chunk="I-VP" entity="O" id="s0_sp41" surf="to" base="to" terminal="t0_19" category="(S[to=true]\NP)/(S[b=true]\NP)"/>
    <span id="s0_sp42" child="s0_sp43 s0_sp61" category="S[b=true]\NP" rule="ba"/>
    <span id="s0_sp43" child="s0_sp44 s0_sp60" category="S[b=true]\NP" rule="rp"/>
    <span id="s0_sp44" child="s0_sp45 s0_sp48" category="S[b=true]\NP" rule="fa"/>
    <span id="s0_sp45" child="s0_sp46 s0_sp47" category="(S[b=true]\NP)/PP" rule="fa"/>
    <span start="20" span="1" pos="VB" chunk="I-VP" entity="O" id="s0_sp46" surf="split" base="split" terminal="t0_20" category="((S[b=true]\NP)/PP)/NP"/>
    <span start="21" span="1" pos="PRP" chunk="I-NP" entity="O" id="s0_sp47" surf="it" base="it" terminal="t0_21" category="NP"/>
    <span id="s0_sp48" child="s0_sp49 s0_sp50" category="PP" rule="fa"/>
    <span start="22" span="1" pos="IN" chunk="I-PP" entity="O" id="s0_sp49" surf="into" base="into" terminal="t0_22" category="PP/NP"/>
    <span id="s0_sp50" child="s0_sp51 s0_sp53" category="NP" rule="ba"/>
    <span id="s0_sp51" child="s0_sp52" category="NP" rule="lex"/>
    <span start="23" span="1" pos="NNS" chunk="I-NP" entity="O" id="s0_sp52" surf="`s" base="`s" terminal="t0_23" category="N"/>
    <span id="s0_sp53" child="s0_sp54 s0_sp55" category="NP\NP" rule="fa"/>
    <span start="24" span="1" pos="IN" chunk="I-PP" entity="O" id="s0_sp54" surf="=" base="=" terminal="t0_24" category="(NP\NP)/NP"/>
    <span id="s0_sp55" child="s0_sp56 s0_sp57" category="NP[nb=true]" rule="fa"/>
    <span start="25" span="1" pos="DT" chunk="I-NP" entity="O" id="s0_sp56" surf="A" base="a" terminal="t0_25" category="NP[nb=true]/N"/>
    <span id="s0_sp57" child="s0_sp58 s0_sp59" category="N" rule="fa"/>
    <span start="26" span="1" pos="JJ" chunk="I-NP" entity="O" id="s0_sp58" surf="+" base="+" terminal="t0_26" category="N/N"/>
    <span start="27" span="1" pos="NNP" chunk="I-NP" entity="O" id="s0_sp59" surf="B`" base="b`" terminal="t0_27" category="N"/>
    <span start="28" span="1" pos="," chunk="O" entity="O" id="s0_sp60" surf="," base="," terminal="t0_28" category="=true,"/>
    <span id="s0_sp61" child="s0_sp62 s0_sp63" category="(S[X=true]\NP)\(S[X=true]\NP)" rule="fa"/>
    <span start="29" span="1" pos="IN" chunk="I-PP" entity="O" id="s0_sp62" surf="with" base="with" terminal="t0_29" category="((S\NP)\(S\NP))/NP"/>
    <span id="s0_sp63" child="s0_sp64 s0_sp66" category="NP" rule="ba"/>
    <span id="s0_sp64" child="s0_sp65" category="NP" rule="lex"/>
    <span start="30" span="1" pos="NNP" chunk="I-NP" entity="I-ORG" id="s0_sp65" surf="`A`" base="`a`" terminal="t0_30" category="N"/>
    <span id="s0_sp66" child="s0_sp67 s0_sp68" category="NP\NP" rule="conj"/>
    <span start="31" span="1" pos="CC" chunk="I-NP" entity="I-ORG" id="s0_sp67" surf="and" base="and" terminal="t0_31" category="conj"/>
    <span id="s0_sp68" child="s0_sp69" category="NP" rule="lex"/>
    <span id="s0_sp69" child="s0_sp70 s0_sp71" category="N" rule="fa"/>
    <span start="32" span="1" pos="NNP" chunk="I-NP" entity="I-ORG" id="s0_sp70" surf="`B`" base="`b`" terminal="t0_32" category="N/N"/>
    <span id="s0_sp71" child="s0_sp72 s0_sp73" category="N" rule="fa"/>
    <span start="33" span="1" pos="JJ" chunk="I-NP" entity="O" id="s0_sp72" surf="nonempty" base="nonempty" terminal="t0_33" category="N/N"/>
    <span id="s0_sp73" child="s0_sp74 s0_sp75" category="N" rule="fa"/>
    <span start="34" span="1" pos="JJ" chunk="I-NP" entity="O" id="s0_sp74" surf="valid" base="valid" terminal="t0_34" category="N/N"/>
    <span id="s0_sp75" child="s0_sp76 s0_sp77" category="N" rule="fa"/>
    <span start="35" span="1" pos="NNS" chunk="I-NP" entity="O" id="s0_sp76" surf="parentheses" base="parenthesis" terminal="t0_35" category="N/N"/>
    <span start="36" span="1" pos="NNS" chunk="I-NP" entity="O" id="s0_sp77" surf="strings" base="string" terminal="t0_36" category="N"/>
    <span start="37" span="1" pos="." chunk="O" entity="O" id="s0_sp78" surf="." base="." terminal="t0_37" category="."/>
  </ccg>
</sentence>

