ERROR:root:Failed to parse \F x.exists e.((_ = {JJ})(e) & (Subj(e) = x) & F(x)). Error: The function '(_ = {JJ})' is not a Lambda Expression, an Application Expression, or a functional predicate, so it may not take arguments.
\F x.exists e.((_ = {JJ})(e) & (Subj(e) = x) & F(x))
                        ^
ERROR:root:An error occurred: The function '(_ = {JJ})' is not a Lambda Expression, an Application Expression, or a functional predicate, so it may not take arguments.
\F x.exists e.((_ = {JJ})(e) & (Subj(e) = x) & F(x))
                        ^
Sentence: Given a valid parentheses string `s` , consider its primitive decomposition : < code > s = P < sub > 1 < /sub > + P < sub > 2 < /sub > + ... + P < sub > k < /sub > < /code > , where < code > P < sub > i < /sub > < /code > are primitive valid parentheses strings .
Tree XML:
<sentence>
  <tokens>
    <token start="0" span="1" pos="VBN" chunk="I-PP" entity="O" cat="(S/S)/NP" id="t0_0" surf="Given" base="give"/>
    <token start="1" span="1" pos="DT" chunk="I-NP" entity="O" cat="NP[nb]/N" id="t0_1" surf="a" base="a"/>
    <token start="2" span="1" pos="JJ" chunk="I-NP" entity="O" cat="N/N" id="t0_2" surf="valid" base="valid"/>
    <token start="3" span="1" pos="NNS" chunk="I-NP" entity="O" cat="N" id="t0_3" surf="parentheses" base="parenthesis"/>
    <token start="4" span="1" pos="NN" chunk="I-NP" entity="O" cat="N/N" id="t0_4" surf="string" base="string"/>
    <token start="5" span="1" pos="NN" chunk="I-NP" entity="O" cat="N" id="t0_5" surf="`s`" base="`s`"/>
    <token start="6" span="1" pos="," chunk="O" entity="O" cat="," id="t0_6" surf="," base=","/>
    <token start="7" span="1" pos="VB" chunk="I-VP" entity="O" cat="(S[b]\NP)/NP" id="t0_7" surf="consider" base="consider"/>
    <token start="8" span="1" pos="PRP$" chunk="I-NP" entity="O" cat="NP[nb]/N" id="t0_8" surf="its" base="its"/>
    <token start="9" span="1" pos="JJ" chunk="I-NP" entity="O" cat="N/N" id="t0_9" surf="primitive" base="primitive"/>
    <token start="10" span="1" pos="NN" chunk="I-NP" entity="O" cat="N" id="t0_10" surf="decomposition" base="decomposition"/>
    <token start="11" span="1" pos="IN" chunk="O" entity="O" cat="(NP\NP)/NP" id="t0_11" surf=":" base=":"/>
    <token start="12" span="1" pos="JJ" chunk="I-NP" entity="O" cat="N/N" id="t0_12" surf="&lt;" base="&lt;"/>
    <token start="13" span="1" pos="NN" chunk="I-NP" entity="O" cat="N/N" id="t0_13" surf="code" base="code"/>
    <token start="14" span="1" pos="NN" chunk="I-NP" entity="O" cat="N" id="t0_14" surf="&gt;" base="&gt;"/>
    <token start="15" span="1" pos="VBZ" chunk="I-VP" entity="O" cat="S[dcl]\NP" id="t0_15" surf="s" base="s"/>
    <token start="16" span="1" pos="JJ" chunk="I-NP" entity="O" cat="N/N" id="t0_16" surf="=" base="="/>
    <token start="17" span="1" pos="NNP" chunk="I-NP" entity="O" cat="N/N" id="t0_17" surf="P" base="p"/>
    <token start="18" span="1" pos="NNP" chunk="I-NP" entity="O" cat="N/N" id="t0_18" surf="&lt;" base="&lt;"/>
    <token start="19" span="1" pos="NN" chunk="I-NP" entity="O" cat="N" id="t0_19" surf="sub" base="sub"/>
    <token start="20" span="1" pos="VBD" chunk="I-VP" entity="O" cat="(S[dcl]\NP)/NP" id="t0_20" surf="&gt;" base="&gt;"/>
    <token start="21" span="1" pos="CD" chunk="I-NP" entity="O" cat="N/N" id="t0_21" surf="1" base="1"/>
    <token start="22" span="1" pos="NNP" chunk="I-NP" entity="O" cat="N/N" id="t0_22" surf="&lt;" base="&lt;"/>
    <token start="23" span="1" pos="NNP" chunk="I-NP" entity="O" cat="N/N" id="t0_23" surf="/sub" base="/sub"/>
    <token start="24" span="1" pos="NNP" chunk="I-NP" entity="O" cat="N/N" id="t0_24" surf="&gt;" base="&gt;"/>
    <token start="25" span="1" pos="NNP" chunk="I-NP" entity="O" cat="N/N" id="t0_25" surf="+" base="+"/>
    <token start="26" span="1" pos="NNP" chunk="I-NP" entity="O" cat="N/N" id="t0_26" surf="P" base="p"/>
    <token start="27" span="1" pos="NNP" chunk="I-NP" entity="O" cat="N/N" id="t0_27" surf="&lt;" base="&lt;"/>
    <token start="28" span="1" pos="NN" chunk="I-NP" entity="O" cat="N" id="t0_28" surf="sub" base="sub"/>
    <token start="29" span="1" pos="VBD" chunk="I-VP" entity="O" cat="(S[dcl]\NP)/NP" id="t0_29" surf="&gt;" base="&gt;"/>
    <token start="30" span="1" pos="CD" chunk="I-NP" entity="O" cat="N/N" id="t0_30" surf="2" base="2"/>
    <token start="31" span="1" pos="JJ" chunk="I-NP" entity="O" cat="N/N" id="t0_31" surf="&lt;" base="&lt;"/>
    <token start="32" span="1" pos="NN" chunk="I-NP" entity="O" cat="N/N" id="t0_32" surf="/sub" base="/sub"/>
    <token start="33" span="1" pos="NN" chunk="I-NP" entity="O" cat="N/N" id="t0_33" surf="&gt;" base="&gt;"/>
    <token start="34" span="1" pos="NN" chunk="I-NP" entity="O" cat="N" id="t0_34" surf="+" base="+"/>
    <token start="35" span="1" pos=":" chunk="O" entity="O" cat=":" id="t0_35" surf="..." base="..."/>
    <token start="36" span="1" pos="JJ" chunk="I-NP" entity="O" cat="N/N" id="t0_36" surf="+" base="+"/>
    <token start="37" span="1" pos="NNP" chunk="I-NP" entity="I-LOC" cat="N/N" id="t0_37" surf="P" base="p"/>
    <token start="38" span="1" pos="NNP" chunk="I-NP" entity="I-LOC" cat="N/N" id="t0_38" surf="&lt;" base="&lt;"/>
    <token start="39" span="1" pos="NN" chunk="I-NP" entity="I-LOC" cat="N/N" id="t0_39" surf="sub" base="sub"/>
    <token start="40" span="1" pos="NNP" chunk="I-NP" entity="I-LOC" cat="N/N" id="t0_40" surf="&gt;" base="&gt;"/>
    <token start="41" span="1" pos="NNP" chunk="I-NP" entity="I-LOC" cat="N/N" id="t0_41" surf="k" base="k"/>
    <token start="42" span="1" pos="NNP" chunk="I-NP" entity="I-LOC" cat="N/N" id="t0_42" surf="&lt;" base="&lt;"/>
    <token start="43" span="1" pos="NNP" chunk="I-NP" entity="I-LOC" cat="N/N" id="t0_43" surf="/sub" base="/sub"/>
    <token start="44" span="1" pos="NNP" chunk="I-NP" entity="I-LOC" cat="N/N" id="t0_44" surf="&gt;" base="&gt;"/>
    <token start="45" span="1" pos="NNP" chunk="I-NP" entity="I-LOC" cat="N/N" id="t0_45" surf="&lt;" base="&lt;"/>
    <token start="46" span="1" pos="NNP" chunk="I-NP" entity="I-LOC" cat="N/N" id="t0_46" surf="/code" base="/code"/>
    <token start="47" span="1" pos="NNP" chunk="I-NP" entity="I-LOC" cat="N" id="t0_47" surf="&gt;" base="&gt;"/>
    <token start="48" span="1" pos="," chunk="O" entity="O" cat="," id="t0_48" surf="," base=","/>
    <token start="49" span="1" pos="WRB" chunk="I-ADVP" entity="O" cat="(NP\NP)/S[dcl]" id="t0_49" surf="where" base="where"/>
    <token start="50" span="1" pos="JJ" chunk="I-NP" entity="O" cat="N/N" id="t0_50" surf="&lt;" base="&lt;"/>
    <token start="51" span="1" pos="NN" chunk="I-NP" entity="O" cat="N/N" id="t0_51" surf="code" base="code"/>
    <token start="52" span="1" pos="NN" chunk="I-NP" entity="O" cat="N/N" id="t0_52" surf="&gt;" base="&gt;"/>
    <token start="53" span="1" pos="NNP" chunk="I-NP" entity="O" cat="N/N" id="t0_53" surf="P" base="p"/>
    <token start="54" span="1" pos="NNP" chunk="I-NP" entity="O" cat="N/N" id="t0_54" surf="&lt;" base="&lt;"/>
    <token start="55" span="1" pos="NN" chunk="I-NP" entity="O" cat="N/N" id="t0_55" surf="sub" base="sub"/>
    <token start="56" span="1" pos="NNP" chunk="I-NP" entity="I-PER" cat="N/N" id="t0_56" surf="&gt;" base="&gt;"/>
    <token start="57" span="1" pos="NNP" chunk="I-NP" entity="I-PER" cat="N/N" id="t0_57" surf="i" base="i"/>
    <token start="58" span="1" pos="NNP" chunk="I-NP" entity="I-PER" cat="N/N" id="t0_58" surf="&lt;" base="&lt;"/>
    <token start="59" span="1" pos="NNP" chunk="I-NP" entity="I-PER" cat="N/N" id="t0_59" surf="/sub" base="/sub"/>
    <token start="60" span="1" pos="NNP" chunk="I-NP" entity="I-PER" cat="N/N" id="t0_60" surf="&gt;" base="&gt;"/>
    <token start="61" span="1" pos="NNP" chunk="I-NP" entity="I-PER" cat="N/N" id="t0_61" surf="&lt;" base="&lt;"/>
    <token start="62" span="1" pos="NNP" chunk="I-NP" entity="I-PER" cat="N/N" id="t0_62" surf="/code" base="/code"/>
    <token start="63" span="1" pos="NNP" chunk="I-NP" entity="I-PER" cat="N" id="t0_63" surf="&gt;" base="&gt;"/>
    <token start="64" span="1" pos="VBP" chunk="I-VP" entity="O" cat="(S[dcl]\NP)/NP" id="t0_64" surf="are" base="be"/>
    <token start="65" span="1" pos="JJ" chunk="I-NP" entity="O" cat="N/N" id="t0_65" surf="primitive" base="primitive"/>
    <token start="66" span="1" pos="JJ" chunk="I-NP" entity="O" cat="N/N" id="t0_66" surf="valid" base="valid"/>
    <token start="67" span="1" pos="NNS" chunk="I-NP" entity="O" cat="N/N" id="t0_67" surf="parentheses" base="parenthesis"/>
    <token start="68" span="1" pos="NNS" chunk="I-NP" entity="O" cat="N" id="t0_68" surf="strings" base="string"/>
    <token start="69" span="1" pos="." chunk="O" entity="O" cat="." id="t0_69" surf="." base="."/>
  </tokens>
  <ccg root="s0_sp0" id="s0_ccg0">
    <span root="true" id="s0_sp0" child="s0_sp1 s0_sp35" category="S[b=true]" rule="ba"/>
    <span id="s0_sp1" child="s0_sp2 s0_sp9" category="S[b=true]" rule="fa"/>
    <span id="s0_sp2" child="s0_sp3 s0_sp4" category="S[X=true]/S[X=true]" rule="fa"/>
    <span start="0" span="1" pos="VBN" chunk="I-PP" entity="O" id="s0_sp3" surf="Given" base="give" terminal="t0_0" category="(S/S)/NP"/>
    <span id="s0_sp4" child="s0_sp5 s0_sp6" category="NP[nb=true]" rule="fa"/>
    <span start="1" span="1" pos="DT" chunk="I-NP" entity="O" id="s0_sp5" surf="a" base="a" terminal="t0_1" category="NP[nb=true]/N"/>
    <span id="s0_sp6" child="s0_sp7 s0_sp8" category="N" rule="fa"/>
    <span start="2" span="1" pos="JJ" chunk="I-NP" entity="O" id="s0_sp7" surf="valid" base="valid" terminal="t0_2" category="N/N"/>
    <span start="3" span="1" pos="NNS" chunk="I-NP" entity="O" id="s0_sp8" surf="parentheses" base="parenthesis" terminal="t0_3" category="N"/>
    <span id="s0_sp9" child="s0_sp10 s0_sp14" category="S[b=true]" rule="ba"/>
    <span id="s0_sp10" child="s0_sp11" category="NP" rule="lex"/>
    <span id="s0_sp11" child="s0_sp12 s0_sp13" category="N" rule="fa"/>
    <span start="4" span="1" pos="NN" chunk="I-NP" entity="O" id="s0_sp12" surf="string" base="string" terminal="t0_4" category="N/N"/>
    <span start="5" span="1" pos="NN" chunk="I-NP" entity="O" id="s0_sp13" surf="`s`" base="`s`" terminal="t0_5" category="N"/>
    <span id="s0_sp14" child="s0_sp15 s0_sp16" category="S[b=true]\NP" rule="lp"/>
    <span start="6" span="1" pos="," chunk="O" entity="O" id="s0_sp15" surf="," base="," terminal="t0_6" category="=true,"/>
    <span id="s0_sp16" child="s0_sp17 s0_sp18" category="S[b=true]\NP" rule="fa"/>
    <span start="7" span="1" pos="VB" chunk="I-VP" entity="O" id="s0_sp17" surf="consider" base="consider" terminal="t0_7" category="(S[b=true]\NP)/NP"/>
    <span id="s0_sp18" child="s0_sp19 s0_sp24" category="NP" rule="ba"/>
    <span id="s0_sp19" child="s0_sp20 s0_sp21" category="NP[nb=true]" rule="fa"/>
    <span start="8" span="1" pos="PRP$" chunk="I-NP" entity="O" id="s0_sp20" surf="its" base="its" terminal="t0_8" category="NP[nb=true]/N"/>
    <span id="s0_sp21" child="s0_sp22 s0_sp23" category="N" rule="fa"/>
    <span start="9" span="1" pos="JJ" chunk="I-NP" entity="O" id="s0_sp22" surf="primitive" base="primitive" terminal="t0_9" category="N/N"/>
    <span start="10" span="1" pos="NN" chunk="I-NP" entity="O" id="s0_sp23" surf="decomposition" base="decomposition" terminal="t0_10" category="N"/>
    <span id="s0_sp24" child="s0_sp25 s0_sp26" category="NP\NP" rule="fa"/>
    <span start="11" span="1" pos="IN" chunk="O" entity="O" id="s0_sp25" surf=":" base=":" terminal="t0_11" category="(NP\NP)/NP"/>
    <span id="s0_sp26" child="s0_sp27 s0_sp33" category="NP" rule="ba"/>
    <span id="s0_sp27" child="s0_sp28" category="NP" rule="lex"/>
    <span id="s0_sp28" child="s0_sp29 s0_sp30" category="N" rule="fa"/>
    <span start="12" span="1" pos="JJ" chunk="I-NP" entity="O" id="s0_sp29" surf="&lt;" base="&lt;" terminal="t0_12" category="N/N"/>
    <span id="s0_sp30" child="s0_sp31 s0_sp32" category="N" rule="fa"/>
    <span start="13" span="1" pos="NN" chunk="I-NP" entity="O" id="s0_sp31" surf="code" base="code" terminal="t0_13" category="N/N"/>
    <span start="14" span="1" pos="NN" chunk="I-NP" entity="O" id="s0_sp32" surf="&gt;" base="&gt;" terminal="t0_14" category="N"/>
    <span id="s0_sp33" child="s0_sp34" category="NP\NP" rule="lex"/>
    <span start="15" span="1" pos="VBZ" chunk="I-VP" entity="O" id="s0_sp34" surf="s" base="s" terminal="t0_15" category="S[dcl=true]\NP"/>
    <span id="s0_sp35" child="s0_sp36" category="S[X=true]\S[X=true]" rule="lex"/>
    <span id="s0_sp36" child="s0_sp37 s0_sp150" category="S[dcl=true]" rule="rp"/>
    <span id="s0_sp37" child="s0_sp38 s0_sp82" category="S[dcl=true]" rule="fa"/>
    <span id="s0_sp38" child="s0_sp39 s0_sp50" category="S[dcl=true]/NP" rule="bx"/>
    <span id="s0_sp39" child="s0_sp40 s0_sp49" category="S[dcl=true]/NP" rule="fc"/>
    <span id="s0_sp40" child="s0_sp41" category="S[X=true]/(S[X=true]\NP)" rule="tr"/>
    <span id="s0_sp41" child="s0_sp42" category="NP" rule="lex"/>
    <span id="s0_sp42" child="s0_sp43 s0_sp44" category="N" rule="fa"/>
    <span start="16" span="1" pos="JJ" chunk="I-NP" entity="O" id="s0_sp43" surf="=" base="=" terminal="t0_16" category="N/N"/>
    <span id="s0_sp44" child="s0_sp45 s0_sp46" category="N" rule="fa"/>
    <span start="17" span="1" pos="NNP" chunk="I-NP" entity="O" id="s0_sp45" surf="P" base="p" terminal="t0_17" category="N/N"/>
    <span id="s0_sp46" child="s0_sp47 s0_sp48" category="N" rule="fa"/>
    <span start="18" span="1" pos="NNP" chunk="I-NP" entity="O" id="s0_sp47" surf="&lt;" base="&lt;" terminal="t0_18" category="N/N"/>
    <span start="19" span="1" pos="NN" chunk="I-NP" entity="O" id="s0_sp48" surf="sub" base="sub" terminal="t0_19" category="N"/>
    <span start="20" span="1" pos="VBD" chunk="I-VP" entity="O" id="s0_sp49" surf="&gt;" base="&gt;" terminal="t0_20" category="(S[dcl=true]\NP)/NP"/>
    <span id="s0_sp50" child="s0_sp51" category="S[X=true]\S[X=true]" rule="lex"/>
    <span id="s0_sp51" child="s0_sp52 s0_sp81" category="S[dcl=true]" rule="rp"/>
    <span id="s0_sp52" child="s0_sp53 s0_sp69" category="S[dcl=true]" rule="ba"/>
    <span id="s0_sp53" child="s0_sp54" category="NP" rule="lex"/>
    <span id="s0_sp54" child="s0_sp55 s0_sp56" category="N" rule="fa"/>
    <span start="21" span="1" pos="CD" chunk="I-NP" entity="O" id="s0_sp55" surf="1" base="1" terminal="t0_21" category="N/N"/>
    <span id="s0_sp56" child="s0_sp57 s0_sp58" category="N" rule="fa"/>
    <span start="22" span="1" pos="NNP" chunk="I-NP" entity="O" id="s0_sp57" surf="&lt;" base="&lt;" terminal="t0_22" category="N/N"/>
    <span id="s0_sp58" child="s0_sp59 s0_sp60" category="N" rule="fa"/>
    <span start="23" span="1" pos="NNP" chunk="I-NP" entity="O" id="s0_sp59" surf="/sub" base="/sub" terminal="t0_23" category="N/N"/>
    <span id="s0_sp60" child="s0_sp61 s0_sp62" category="N" rule="fa"/>
    <span start="24" span="1" pos="NNP" chunk="I-NP" entity="O" id="s0_sp61" surf="&gt;" base="&gt;" terminal="t0_24" category="N/N"/>
    <span id="s0_sp62" child="s0_sp63 s0_sp64" category="N" rule="fa"/>
    <span start="25" span="1" pos="NNP" chunk="I-NP" entity="O" id="s0_sp63" surf="+" base="+" terminal="t0_25" category="N/N"/>
    <span id="s0_sp64" child="s0_sp65 s0_sp66" category="N" rule="fa"/>
    <span start="26" span="1" pos="NNP" chunk="I-NP" entity="O" id="s0_sp65" surf="P" base="p" terminal="t0_26" category="N/N"/>
    <span id="s0_sp66" child="s0_sp67 s0_sp68" category="N" rule="fa"/>
    <span start="27" span="1" pos="NNP" chunk="I-NP" entity="O" id="s0_sp67" surf="&lt;" base="&lt;" terminal="t0_27" category="N/N"/>
    <span start="28" span="1" pos="NN" chunk="I-NP" entity="O" id="s0_sp68" surf="sub" base="sub" terminal="t0_28" category="N"/>
    <span id="s0_sp69" child="s0_sp70 s0_sp71" category="S[dcl=true]\NP" rule="fa"/>
    <span start="29" span="1" pos="VBD" chunk="I-VP" entity="O" id="s0_sp70" surf="&gt;" base="&gt;" terminal="t0_29" category="(S[dcl=true]\NP)/NP"/>
    <span id="s0_sp71" child="s0_sp72" category="NP" rule="lex"/>
    <span id="s0_sp72" child="s0_sp73 s0_sp74" category="N" rule="fa"/>
    <span start="30" span="1" pos="CD" chunk="I-NP" entity="O" id="s0_sp73" surf="2" base="2" terminal="t0_30" category="N/N"/>
    <span id="s0_sp74" child="s0_sp75 s0_sp76" category="N" rule="fa"/>
    <span start="31" span="1" pos="JJ" chunk="I-NP" entity="O" id="s0_sp75" surf="&lt;" base="&lt;" terminal="t0_31" category="N/N"/>
    <span id="s0_sp76" child="s0_sp77 s0_sp78" category="N" rule="fa"/>
    <span start="32" span="1" pos="NN" chunk="I-NP" entity="O" id="s0_sp77" surf="/sub" base="/sub" terminal="t0_32" category="N/N"/>
    <span id="s0_sp78" child="s0_sp79 s0_sp80" category="N" rule="fa"/>
    <span start="33" span="1" pos="NN" chunk="I-NP" entity="O" id="s0_sp79" surf="&gt;" base="&gt;" terminal="t0_33" category="N/N"/>
    <span start="34" span="1" pos="NN" chunk="I-NP" entity="O" id="s0_sp80" surf="+" base="+" terminal="t0_34" category="N"/>
    <span start="35" span="1" pos=":" chunk="O" entity="O" id="s0_sp81" surf="..." base="..." terminal="t0_35" category=":"/>
    <span id="s0_sp82" child="s0_sp83 s0_sp109" category="NP" rule="ba"/>
    <span id="s0_sp83" child="s0_sp84 s0_sp108" category="NP" rule="rp"/>
    <span id="s0_sp84" child="s0_sp85" category="NP" rule="lex"/>
    <span id="s0_sp85" child="s0_sp86 s0_sp87" category="N" rule="fa"/>
    <span start="36" span="1" pos="JJ" chunk="I-NP" entity="O" id="s0_sp86" surf="+" base="+" terminal="t0_36" category="N/N"/>
    <span id="s0_sp87" child="s0_sp88 s0_sp89" category="N" rule="fa"/>
    <span start="37" span="1" pos="NNP" chunk="I-NP" entity="I-LOC" id="s0_sp88" surf="P" base="p" terminal="t0_37" category="N/N"/>
    <span id="s0_sp89" child="s0_sp90 s0_sp91" category="N" rule="fa"/>
    <span start="38" span="1" pos="NNP" chunk="I-NP" entity="I-LOC" id="s0_sp90" surf="&lt;" base="&lt;" terminal="t0_38" category="N/N"/>
    <span id="s0_sp91" child="s0_sp92 s0_sp93" category="N" rule="fa"/>
    <span start="39" span="1" pos="NN" chunk="I-NP" entity="I-LOC" id="s0_sp92" surf="sub" base="sub" terminal="t0_39" category="N/N"/>
    <span id="s0_sp93" child="s0_sp94 s0_sp95" category="N" rule="fa"/>
    <span start="40" span="1" pos="NNP" chunk="I-NP" entity="I-LOC" id="s0_sp94" surf="&gt;" base="&gt;" terminal="t0_40" category="N/N"/>
    <span id="s0_sp95" child="s0_sp96 s0_sp97" category="N" rule="fa"/>
    <span start="41" span="1" pos="NNP" chunk="I-NP" entity="I-LOC" id="s0_sp96" surf="k" base="k" terminal="t0_41" category="N/N"/>
    <span id="s0_sp97" child="s0_sp98 s0_sp99" category="N" rule="fa"/>
    <span start="42" span="1" pos="NNP" chunk="I-NP" entity="I-LOC" id="s0_sp98" surf="&lt;" base="&lt;" terminal="t0_42" category="N/N"/>
    <span id="s0_sp99" child="s0_sp100 s0_sp101" category="N" rule="fa"/>
    <span start="43" span="1" pos="NNP" chunk="I-NP" entity="I-LOC" id="s0_sp100" surf="/sub" base="/sub" terminal="t0_43" category="N/N"/>
    <span id="s0_sp101" child="s0_sp102 s0_sp103" category="N" rule="fa"/>
    <span start="44" span="1" pos="NNP" chunk="I-NP" entity="I-LOC" id="s0_sp102" surf="&gt;" base="&gt;" terminal="t0_44" category="N/N"/>
    <span id="s0_sp103" child="s0_sp104 s0_sp105" category="N" rule="fa"/>
    <span start="45" span="1" pos="NNP" chunk="I-NP" entity="I-LOC" id="s0_sp104" surf="&lt;" base="&lt;" terminal="t0_45" category="N/N"/>
    <span id="s0_sp105" child="s0_sp106 s0_sp107" category="N" rule="fa"/>
    <span start="46" span="1" pos="NNP" chunk="I-NP" entity="I-LOC" id="s0_sp106" surf="/code" base="/code" terminal="t0_46" category="N/N"/>
    <span start="47" span="1" pos="NNP" chunk="I-NP" entity="I-LOC" id="s0_sp107" surf="&gt;" base="&gt;" terminal="t0_47" category="N"/>
    <span start="48" span="1" pos="," chunk="O" entity="O" id="s0_sp108" surf="," base="," terminal="t0_48" category="=true,"/>
    <span id="s0_sp109" child="s0_sp110 s0_sp111" category="NP\NP" rule="fa"/>
    <span start="49" span="1" pos="WRB" chunk="I-ADVP" entity="O" id="s0_sp110" surf="where" base="where" terminal="t0_49" category="(NP\NP)/S[dcl=true]"/>
    <span id="s0_sp111" child="s0_sp112 s0_sp140" category="S[dcl=true]" rule="ba"/>
    <span id="s0_sp112" child="s0_sp113" category="NP" rule="lex"/>
    <span id="s0_sp113" child="s0_sp114 s0_sp115" category="N" rule="fa"/>
    <span start="50" span="1" pos="JJ" chunk="I-NP" entity="O" id="s0_sp114" surf="&lt;" base="&lt;" terminal="t0_50" category="N/N"/>
    <span id="s0_sp115" child="s0_sp116 s0_sp117" category="N" rule="fa"/>
    <span start="51" span="1" pos="NN" chunk="I-NP" entity="O" id="s0_sp116" surf="code" base="code" terminal="t0_51" category="N/N"/>
    <span id="s0_sp117" child="s0_sp118 s0_sp119" category="N" rule="fa"/>
    <span start="52" span="1" pos="NN" chunk="I-NP" entity="O" id="s0_sp118" surf="&gt;" base="&gt;" terminal="t0_52" category="N/N"/>
    <span id="s0_sp119" child="s0_sp120 s0_sp121" category="N" rule="fa"/>
    <span start="53" span="1" pos="NNP" chunk="I-NP" entity="O" id="s0_sp120" surf="P" base="p" terminal="t0_53" category="N/N"/>
    <span id="s0_sp121" child="s0_sp122 s0_sp123" category="N" rule="fa"/>
    <span start="54" span="1" pos="NNP" chunk="I-NP" entity="O" id="s0_sp122" surf="&lt;" base="&lt;" terminal="t0_54" category="N/N"/>
    <span id="s0_sp123" child="s0_sp124 s0_sp125" category="N" rule="fa"/>
    <span start="55" span="1" pos="NN" chunk="I-NP" entity="O" id="s0_sp124" surf="sub" base="sub" terminal="t0_55" category="N/N"/>
    <span id="s0_sp125" child="s0_sp126 s0_sp127" category="N" rule="fa"/>
    <span start="56" span="1" pos="NNP" chunk="I-NP" entity="I-PER" id="s0_sp126" surf="&gt;" base="&gt;" terminal="t0_56" category="N/N"/>
    <span id="s0_sp127" child="s0_sp128 s0_sp129" category="N" rule="fa"/>
    <span start="57" span="1" pos="NNP" chunk="I-NP" entity="I-PER" id="s0_sp128" surf="i" base="i" terminal="t0_57" category="N/N"/>
    <span id="s0_sp129" child="s0_sp130 s0_sp131" category="N" rule="fa"/>
    <span start="58" span="1" pos="NNP" chunk="I-NP" entity="I-PER" id="s0_sp130" surf="&lt;" base="&lt;" terminal="t0_58" category="N/N"/>
    <span id="s0_sp131" child="s0_sp132 s0_sp133" category="N" rule="fa"/>
    <span start="59" span="1" pos="NNP" chunk="I-NP" entity="I-PER" id="s0_sp132" surf="/sub" base="/sub" terminal="t0_59" category="N/N"/>
    <span id="s0_sp133" child="s0_sp134 s0_sp135" category="N" rule="fa"/>
    <span start="60" span="1" pos="NNP" chunk="I-NP" entity="I-PER" id="s0_sp134" surf="&gt;" base="&gt;" terminal="t0_60" category="N/N"/>
    <span id="s0_sp135" child="s0_sp136 s0_sp137" category="N" rule="fa"/>
    <span start="61" span="1" pos="NNP" chunk="I-NP" entity="I-PER" id="s0_sp136" surf="&lt;" base="&lt;" terminal="t0_61" category="N/N"/>
    <span id="s0_sp137" child="s0_sp138 s0_sp139" category="N" rule="fa"/>
    <span start="62" span="1" pos="NNP" chunk="I-NP" entity="I-PER" id="s0_sp138" surf="/code" base="/code" terminal="t0_62" category="N/N"/>
    <span start="63" span="1" pos="NNP" chunk="I-NP" entity="I-PER" id="s0_sp139" surf="&gt;" base="&gt;" terminal="t0_63" category="N"/>
    <span id="s0_sp140" child="s0_sp141 s0_sp142" category="S[dcl=true]\NP" rule="fa"/>
    <span start="64" span="1" pos="VBP" chunk="I-VP" entity="O" id="s0_sp141" surf="are" base="be" terminal="t0_64" category="(S[dcl=true]\NP)/NP"/>
    <span id="s0_sp142" child="s0_sp143" category="NP" rule="lex"/>
    <span id="s0_sp143" child="s0_sp144 s0_sp145" category="N" rule="fa"/>
    <span start="65" span="1" pos="JJ" chunk="I-NP" entity="O" id="s0_sp144" surf="primitive" base="primitive" terminal="t0_65" category="N/N"/>
    <span id="s0_sp145" child="s0_sp146 s0_sp147" category="N" rule="fa"/>
    <span start="66" span="1" pos="JJ" chunk="I-NP" entity="O" id="s0_sp146" surf="valid" base="valid" terminal="t0_66" category="N/N"/>
    <span id="s0_sp147" child="s0_sp148 s0_sp149" category="N" rule="fa"/>
    <span start="67" span="1" pos="NNS" chunk="I-NP" entity="O" id="s0_sp148" surf="parentheses" base="parenthesis" terminal="t0_67" category="N/N"/>
    <span start="68" span="1" pos="NNS" chunk="I-NP" entity="O" id="s0_sp149" surf="strings" base="string" terminal="t0_68" category="N"/>
    <span start="69" span="1" pos="." chunk="O" entity="O" id="s0_sp150" surf="." base="." terminal="t0_69" category="."/>
  </ccg>
</sentence>

