1:ROR:<(int,int):!=(int,int):g0001_0100.s0096_unique_binary_search_trees.Solution@numTrees(int):14:i < n |==> i != n
2:ROR:<(int,int):<=(int,int):g0001_0100.s0096_unique_binary_search_trees.Solution@numTrees(int):14:i < n |==> i <= n
3:ROR:<(int,int):FALSE(int,int):g0001_0100.s0096_unique_binary_search_trees.Solution@numTrees(int):14:i < n |==> false
4:AOR:*(long,long):%(long,long):g0001_0100.s0096_unique_binary_search_trees.Solution@numTrees(int):15:2L * n |==> 2L % n
5:AOR:*(long,long):+(long,long):g0001_0100.s0096_unique_binary_search_trees.Solution@numTrees(int):15:2L * n |==> 2L + n
6:AOR:*(long,long):-(long,long):g0001_0100.s0096_unique_binary_search_trees.Solution@numTrees(int):15:2L * n |==> 2L - n
7:AOR:*(long,long):/(long,long):g0001_0100.s0096_unique_binary_search_trees.Solution@numTrees(int):15:2L * n |==> 2L / n
8:AOR:-(long,long):%(long,long):g0001_0100.s0096_unique_binary_search_trees.Solution@numTrees(int):15:2L * n - i |==> 2L * n % i
9:AOR:-(long,long):*(long,long):g0001_0100.s0096_unique_binary_search_trees.Solution@numTrees(int):15:2L * n - i |==> 2L * n * i
10:AOR:-(long,long):+(long,long):g0001_0100.s0096_unique_binary_search_trees.Solution@numTrees(int):15:2L * n - i |==> 2L * n + i
11:AOR:-(long,long):/(long,long):g0001_0100.s0096_unique_binary_search_trees.Solution@numTrees(int):15:2L * n - i |==> 2L * n / i
12:STD:<ASSIGN>:<NO-OP>:g0001_0100.s0096_unique_binary_search_trees.Solution@numTrees(int):15:result *= 2L * n - i; |==> <NO-OP>
13:AOR:+(int,int):%(int,int):g0001_0100.s0096_unique_binary_search_trees.Solution@numTrees(int):16:i + 1 |==> i % 1
14:AOR:+(int,int):*(int,int):g0001_0100.s0096_unique_binary_search_trees.Solution@numTrees(int):16:i + 1 |==> i * 1
15:AOR:+(int,int):-(int,int):g0001_0100.s0096_unique_binary_search_trees.Solution@numTrees(int):16:i + 1 |==> i - 1
16:AOR:+(int,int):/(int,int):g0001_0100.s0096_unique_binary_search_trees.Solution@numTrees(int):16:i + 1 |==> i / 1
17:STD:<ASSIGN>:<NO-OP>:g0001_0100.s0096_unique_binary_search_trees.Solution@numTrees(int):16:result /= i + 1; |==> <NO-OP>
18:AOR:+(int,int):%(int,int):g0001_0100.s0096_unique_binary_search_trees.Solution@numTrees(int):18:n + 1 |==> n % 1
19:AOR:+(int,int):*(int,int):g0001_0100.s0096_unique_binary_search_trees.Solution@numTrees(int):18:n + 1 |==> n * 1
20:AOR:+(int,int):-(int,int):g0001_0100.s0096_unique_binary_search_trees.Solution@numTrees(int):18:n + 1 |==> n - 1
21:AOR:+(int,int):/(int,int):g0001_0100.s0096_unique_binary_search_trees.Solution@numTrees(int):18:n + 1 |==> n / 1
22:STD:<ASSIGN>:<NO-OP>:g0001_0100.s0096_unique_binary_search_trees.Solution@numTrees(int):18:result /= n + 1; |==> <NO-OP>
